Dec 31 19:00:22 vader-rover kernel: imklog 5.8.6, log source = /proc/kmsg started.
Dec 31 19:00:22 vader-rover kernel: [    0.000000] Booting Linux on physical CPU 0
Dec 31 19:00:22 vader-rover kernel: [    0.000000] Initializing cgroup subsys cpuset
Dec 31 19:00:22 vader-rover kernel: [    0.000000] Initializing cgroup subsys cpu
Dec 31 19:00:22 vader-rover kernel: [    0.000000] Linux version 3.5.0-2-linaro-omap (adam@pine) (gcc version 4.6.3 (Ubuntu/Linaro 4.6.3-1ubuntu5) ) #2~ci+121210190143 PREEMPT Mon Dec 10 11:03:27 PST 2012
Dec 31 19:00:22 vader-rover kernel: [    0.000000] CPU: ARMv7 Processor [413fc082] revision 2 (ARMv7), cr=10c53c7d
Dec 31 19:00:22 vader-rover kernel: [    0.000000] CPU: PIPT / VIPT nonaliasing data cache, VIPT aliasing instruction cache
Dec 31 19:00:22 vader-rover kernel: [    0.000000] Machine: Gumstix Overo
Dec 31 19:00:22 vader-rover kernel: [    0.000000] Reserving 12582912 bytes SDRAM for VRAM
Dec 31 19:00:22 vader-rover kernel: [    0.000000] Memory policy: ECC disabled, Data cache writeback
Dec 31 19:00:22 vader-rover kernel: [    0.000000] On node 0 totalpages: 127744
Dec 31 19:00:22 vader-rover kernel: [    0.000000] free_area_init_node: node 0, pgdat c070b85c, node_mem_map c07a7000
Dec 31 19:00:22 vader-rover kernel: [    0.000000]   Normal zone: 1024 pages used for memmap
Dec 31 19:00:22 vader-rover kernel: [    0.000000]   Normal zone: 0 pages reserved
Dec 31 19:00:22 vader-rover kernel: [    0.000000]   Normal zone: 126720 pages, LIFO batch:31
Dec 31 19:00:22 vader-rover kernel: [    0.000000] OMAP3630 ES1.2 (l2cache iva sgx neon isp 192mhz_clk )
Dec 31 19:00:22 vader-rover kernel: [    0.000000] Clocking rate (Crystal/Core/MPU): 26.0/332/600 MHz
Dec 31 19:00:22 vader-rover kernel: [    0.000000] pcpu-alloc: s0 r0 d32768 u32768 alloc=1*32768
Dec 31 19:00:22 vader-rover kernel: [    0.000000] pcpu-alloc: [0] 0 
Dec 31 19:00:22 vader-rover kernel: [    0.000000] Built 1 zonelists in Zone order, mobility grouping on.  Total pages: 126720
Dec 31 19:00:22 vader-rover kernel: [    0.000000] Kernel command line: console=tty0 console=ttyO2,115200n8 root=/dev/mmcblk0p2 rootwait ro earlyprintk mpurate=720 vram=12M omapdss.def_disp=dvi omapfb.mode=dvi:1024x768MR-16@60
Dec 31 19:00:22 vader-rover kernel: [    0.000000] PID hash table entries: 2048 (order: 1, 8192 bytes)
Dec 31 19:00:22 vader-rover kernel: [    0.000000] Dentry cache hash table entries: 65536 (order: 6, 262144 bytes)
Dec 31 19:00:22 vader-rover kernel: [    0.000000] Inode-cache hash table entries: 32768 (order: 5, 131072 bytes)
Dec 31 19:00:22 vader-rover kernel: [    0.000000] allocated 1048576 bytes of page_cgroup
Dec 31 19:00:22 vader-rover kernel: [    0.000000] please try 'cgroup_disable=memory' option if you don't want memory cgroups
Dec 31 19:00:22 vader-rover kernel: [    0.000000] Memory: 499MB = 499MB total
Dec 31 19:00:22 vader-rover kernel: [    0.000000] Memory: 495744k/495744k available, 28544k reserved, 0K highmem
Dec 31 19:00:22 vader-rover kernel: [    0.000000] Virtual kernel memory layout:
Dec 31 19:00:22 vader-rover kernel: [    0.000000]     vector  : 0xffff0000 - 0xffff1000   (   4 kB)
Dec 31 19:00:22 vader-rover kernel: [    0.000000]     fixmap  : 0xfff00000 - 0xfffe0000   ( 896 kB)
Dec 31 19:00:22 vader-rover kernel: [    0.000000]     vmalloc : 0xe0800000 - 0xff000000   ( 488 MB)
Dec 31 19:00:22 vader-rover kernel: [    0.000000]     lowmem  : 0xc0000000 - 0xe0000000   ( 512 MB)
Dec 31 19:00:22 vader-rover kernel: [    0.000000]     pkmap   : 0xbfe00000 - 0xc0000000   (   2 MB)
Dec 31 19:00:22 vader-rover kernel: [    0.000000]     modules : 0xbf000000 - 0xbfe00000   (  14 MB)
Dec 31 19:00:22 vader-rover kernel: [    0.000000]       .text : 0xc0008000 - 0xc067abfc   (6603 kB)
Dec 31 19:00:22 vader-rover kernel: [    0.000000]       .init : 0xc067b000 - 0xc06b2000   ( 220 kB)
Dec 31 19:00:22 vader-rover kernel: [    0.000000]       .data : 0xc06b2000 - 0xc071b268   ( 421 kB)
Dec 31 19:00:22 vader-rover kernel: [    0.000000]        .bss : 0xc071b28c - 0xc07a6020   ( 556 kB)
Dec 31 19:00:22 vader-rover kernel: [    0.000000] NR_IRQS:474
Dec 31 19:00:22 vader-rover kernel: [    0.000000] IRQ: Found an INTC at 0xfa200000 (revision 4.0) with 96 interrupts
Dec 31 19:00:22 vader-rover kernel: [    0.000000] Total of 96 interrupts on 1 active controller
Dec 31 19:00:22 vader-rover kernel: [    0.000000] OMAP clockevent source: GPTIMER1 at 32768 Hz
Dec 31 19:00:22 vader-rover kernel: [    0.000000] sched_clock: 32 bits at 32kHz, resolution 30517ns, wraps every 131071999ms
Dec 31 19:00:22 vader-rover kernel: [    0.000000] OMAP clocksource: 32k_counter at 32768 Hz
Dec 31 19:00:22 vader-rover kernel: [    0.000000] Console: colour dummy device 80x30
Dec 31 19:00:22 vader-rover kernel: [    0.000000] console [tty0] enabled
Dec 31 19:00:22 vader-rover kernel: [    0.001007] Calibrating delay loop... 597.64 BogoMIPS (lpj=2334720)
Dec 31 19:00:22 vader-rover kernel: [    0.039123] pid_max: default: 32768 minimum: 301
Dec 31 19:00:22 vader-rover kernel: [    0.039337] Security Framework initialized
Dec 31 19:00:22 vader-rover kernel: [    0.039459] Mount-cache hash table entries: 512
Dec 31 19:00:22 vader-rover kernel: [    0.040252] Initializing cgroup subsys debug
Dec 31 19:00:22 vader-rover kernel: [    0.040283] Initializing cgroup subsys cpuacct
Dec 31 19:00:22 vader-rover kernel: [    0.040313] Initializing cgroup subsys memory
Dec 31 19:00:22 vader-rover kernel: [    0.040405] Initializing cgroup subsys devices
Dec 31 19:00:22 vader-rover kernel: [    0.040435] Initializing cgroup subsys freezer
Dec 31 19:00:22 vader-rover kernel: [    0.040435] Initializing cgroup subsys perf_event
Dec 31 19:00:22 vader-rover kernel: [    0.040588] CPU: Testing write buffer coherency: ok
Dec 31 19:00:22 vader-rover kernel: [    0.040893] Setting up static identity map for 0x8046ea98 - 0x8046eaf0
Dec 31 19:00:22 vader-rover kernel: [    0.046051] devtmpfs: initialized
Dec 31 19:00:22 vader-rover kernel: [    0.050903] dummy: 
Dec 31 19:00:22 vader-rover kernel: [    0.051300] NET: Registered protocol family 16
Dec 31 19:00:22 vader-rover kernel: [    0.051757] GPMC revision 5.0
Dec 31 19:00:22 vader-rover kernel: [    0.051818] gpmc: irq-20 could not claim: err -22
Dec 31 19:00:22 vader-rover kernel: [    0.053497] gpiochip_add: registered GPIOs 0 to 31 on device: gpio
Dec 31 19:00:22 vader-rover kernel: [    0.053588] OMAP GPIO hardware version 2.5
Dec 31 19:00:22 vader-rover kernel: [    0.053863] gpiochip_add: registered GPIOs 32 to 63 on device: gpio
Dec 31 19:00:22 vader-rover kernel: [    0.054138] gpiochip_add: registered GPIOs 64 to 95 on device: gpio
Dec 31 19:00:22 vader-rover kernel: [    0.054412] gpiochip_add: registered GPIOs 96 to 127 on device: gpio
Dec 31 19:00:22 vader-rover kernel: [    0.054687] gpiochip_add: registered GPIOs 128 to 159 on device: gpio
Dec 31 19:00:22 vader-rover kernel: [    0.055114] gpiochip_add: registered GPIOs 160 to 191 on device: gpio
Dec 31 19:00:22 vader-rover kernel: [    0.056060] omap_mux_init: Add partition: #1: core, flags: 0
Dec 31 19:00:22 vader-rover kernel: [    0.061065] _omap_mux_get_by_name: Could not find signal uart4_rx.uart4_rx
Dec 31 19:00:22 vader-rover kernel: [    0.066925] Reprogramming SDRC clock to 332000000 Hz
Dec 31 19:00:22 vader-rover kernel: [    0.066955] dpll3_m2_clk rate change failed: -22
Dec 31 19:00:22 vader-rover kernel: [    0.066986] Found NAND on CS0
Dec 31 19:00:22 vader-rover kernel: [    0.067016] Registering NAND on CS0
Dec 31 19:00:22 vader-rover kernel: [    0.068206]  usbhs_omap: alias fck already exists
Dec 31 19:00:22 vader-rover kernel: [    0.075744] hw-breakpoint: debug architecture 0x4 unsupported.
Dec 31 19:00:22 vader-rover kernel: [    0.078796]  omap-mcbsp.2: alias fck already exists
Dec 31 19:00:22 vader-rover kernel: [    0.079040]  omap-mcbsp.3: alias fck already exists
Dec 31 19:00:22 vader-rover kernel: [    0.080108] Switched to new clocking rate (Crystal/Core/MPU): 26.0/332/720 MHz
Dec 31 19:00:22 vader-rover kernel: [    0.080322] OMAP DMA hardware revision 5.0
Dec 31 19:00:22 vader-rover kernel: [    0.087341] bio: create slab <bio-0> at 0
Dec 31 19:00:22 vader-rover kernel: [    0.088043] fixed-dummy: 
Dec 31 19:00:22 vader-rover kernel: [    0.088134] reg-fixed-voltage reg-fixed-voltage.0: fixed-dummy supplying 0uV
Dec 31 19:00:22 vader-rover kernel: [    0.088317] vads7846: override min_uV, 1 -> 3300000
Dec 31 19:00:22 vader-rover kernel: [    0.088348] vads7846: override max_uV, 2147483647 -> 3300000
Dec 31 19:00:22 vader-rover kernel: [    0.088348] vads7846: 3300 mV 
Dec 31 19:00:22 vader-rover kernel: [    0.088439] reg-fixed-voltage reg-fixed-voltage.1: vads7846 supplying 3300000uV
Dec 31 19:00:22 vader-rover kernel: [    0.089050] SCSI subsystem initialized
Dec 31 19:00:22 vader-rover kernel: [    0.089355] usbcore: registered new interface driver usbfs
Dec 31 19:00:22 vader-rover kernel: [    0.089477] usbcore: registered new interface driver hub
Dec 31 19:00:22 vader-rover kernel: [    0.089721] usbcore: registered new device driver usb
Dec 31 19:00:22 vader-rover kernel: [    0.090148] omap_i2c omap_i2c.1: bus 1 rev1.4.0 at 2600 kHz
Dec 31 19:00:22 vader-rover kernel: [    0.092681] twl 1-0048: PIH (irq 7) chaining IRQs 320..328
Dec 31 19:00:22 vader-rover kernel: [    0.092834] twl 1-0048: power (irq 325) chaining IRQs 328..335
Dec 31 19:00:22 vader-rover kernel: [    0.093414] twl4030_gpio twl4030_gpio: gpio (irq 320) chaining IRQs 336..353
Dec 31 19:00:22 vader-rover kernel: [    0.093719] gpiochip_add: registered GPIOs 192 to 211 on device: twl4030
Dec 31 19:00:22 vader-rover kernel: [    0.094451] VUSB1V5: override min_uV, 1 -> 1500000
Dec 31 19:00:22 vader-rover kernel: [    0.094451] VUSB1V5: override max_uV, 2147483647 -> 1500000
Dec 31 19:00:22 vader-rover kernel: [    0.094482] VUSB1V5: 1500 mV normal standby
Dec 31 19:00:22 vader-rover kernel: [    0.094940] VUSB1V8: override min_uV, 1 -> 1800000
Dec 31 19:00:22 vader-rover kernel: [    0.094940] VUSB1V8: override max_uV, 2147483647 -> 1800000
Dec 31 19:00:22 vader-rover kernel: [    0.094970] VUSB1V8: 1800 mV normal standby
Dec 31 19:00:22 vader-rover kernel: [    0.095367] VUSB3V1: override min_uV, 1 -> 3100000
Dec 31 19:00:22 vader-rover kernel: [    0.095367] VUSB3V1: override max_uV, 2147483647 -> 3100000
Dec 31 19:00:22 vader-rover kernel: [    0.095367] VUSB3V1: 3100 mV normal standby
Dec 31 19:00:22 vader-rover kernel: [    0.096832] twl4030_usb twl4030_usb: HW_CONDITIONS 0x10/16; link 0
Dec 31 19:00:22 vader-rover kernel: [    0.097045] twl4030_usb twl4030_usb: Initialized TWL4030 USB module
Dec 31 19:00:22 vader-rover kernel: [    0.097534] vdd_mpu_iva: 600 <--> 1450 mV normal 
Dec 31 19:00:22 vader-rover kernel: [    0.097930] vdd_core: 600 <--> 1450 mV normal 
Dec 31 19:00:22 vader-rover kernel: [    0.098419] VMMC1: 1850 <--> 3150 mV at 3000 mV normal standby
Dec 31 19:00:22 vader-rover kernel: [    0.098937] VDAC: 1800 mV normal standby
Dec 31 19:00:22 vader-rover kernel: [    0.099426] VDVI: 1800 mV normal standby
Dec 31 19:00:22 vader-rover kernel: [    0.109466] omap_i2c omap_i2c.3: bus 3 rev1.4.0 at 400 kHz
Dec 31 19:00:22 vader-rover kernel: [    0.110229] omap-iommu omap-iommu.0: isp registered
Dec 31 19:00:22 vader-rover kernel: [    0.110443] Advanced Linux Sound Architecture Driver Version 1.0.25.
Dec 31 19:00:22 vader-rover kernel: [    0.111267] Switching to clocksource 32k_counter
Dec 31 19:00:22 vader-rover kernel: [    0.135833] usbhs_omap usbhs_omap: xclk60mhsp2_ck set parentfailed error:-22
Dec 31 19:00:22 vader-rover kernel: [    0.136596] NET: Registered protocol family 2
Dec 31 19:00:22 vader-rover kernel: [    0.136901] IP route cache hash table entries: 4096 (order: 2, 16384 bytes)
Dec 31 19:00:22 vader-rover kernel: [    0.137451] TCP established hash table entries: 16384 (order: 5, 131072 bytes)
Dec 31 19:00:22 vader-rover kernel: [    0.137756] TCP bind hash table entries: 16384 (order: 4, 65536 bytes)
Dec 31 19:00:22 vader-rover kernel: [    0.137969] TCP: Hash tables configured (established 16384 bind 16384)
Dec 31 19:00:22 vader-rover kernel: [    0.137969] TCP: reno registered
Dec 31 19:00:22 vader-rover kernel: [    0.138000] UDP hash table entries: 256 (order: 0, 4096 bytes)
Dec 31 19:00:22 vader-rover kernel: [    0.138061] UDP-Lite hash table entries: 256 (order: 0, 4096 bytes)
Dec 31 19:00:22 vader-rover kernel: [    0.138336] NET: Registered protocol family 1
Dec 31 19:00:22 vader-rover kernel: [    0.138854] RPC: Registered named UNIX socket transport module.
Dec 31 19:00:22 vader-rover kernel: [    0.138916] RPC: Registered udp transport module.
Dec 31 19:00:22 vader-rover kernel: [    0.138916] RPC: Registered tcp transport module.
Dec 31 19:00:22 vader-rover kernel: [    0.138946] RPC: Registered tcp NFSv4.1 backchannel transport module.
Dec 31 19:00:22 vader-rover kernel: [    0.139221] Trying to unpack rootfs image as initramfs...
Dec 31 19:00:22 vader-rover kernel: [    0.288757] Freeing initrd memory: 1828K
Dec 31 19:00:22 vader-rover kernel: [    0.291198] audit: initializing netlink socket (disabled)
Dec 31 19:00:22 vader-rover kernel: [    0.291290] type=2000 audit(0.289:1): initialized
Dec 31 19:00:22 vader-rover kernel: [    0.292663] VFS: Disk quotas dquot_6.5.2
Dec 31 19:00:22 vader-rover kernel: [    0.292785] Dquot-cache hash table entries: 1024 (order 0, 4096 bytes)
Dec 31 19:00:22 vader-rover kernel: [    0.293151] NFS: Registering the id_resolver key type
Dec 31 19:00:22 vader-rover kernel: [    0.293243] Key type id_resolver registered
Dec 31 19:00:22 vader-rover kernel: [    0.293670] jffs2: version 2.2. (NAND) (SUMMARY)  Â© 2001-2006 Red Hat, Inc.
Dec 31 19:00:22 vader-rover kernel: [    0.294342] fuse init (API version 7.19)
Dec 31 19:00:22 vader-rover kernel: [    0.294860] msgmni has been set to 971
Dec 31 19:00:22 vader-rover kernel: [    0.296508] Block layer SCSI generic (bsg) driver version 0.4 loaded (major 253)
Dec 31 19:00:22 vader-rover kernel: [    0.296569] io scheduler noop registered
Dec 31 19:00:22 vader-rover kernel: [    0.296569] io scheduler deadline registered (default)
Dec 31 19:00:22 vader-rover kernel: [    0.297332] OMAP DSS rev 2.0
Dec 31 19:00:22 vader-rover kernel: [    0.300506] omap_uart.0: ttyO0 at MMIO 0x4806a000 (irq = 72) is a OMAP UART0
Dec 31 19:00:22 vader-rover kernel: [    0.300994] omap_uart.1: ttyO1 at MMIO 0x4806c000 (irq = 73) is a OMAP UART1
Dec 31 19:00:22 vader-rover kernel: [    0.301422] omap_uart.2: ttyO2 at MMIO 0x49020000 (irq = 74) is a OMAP UART2
Dec 31 19:00:22 vader-rover kernel: [    1.002166] console [ttyO2] enabled
Dec 31 19:00:22 vader-rover kernel: [    1.006256] omap_uart.3: ttyO3 at MMIO 0x49042000 (irq = 80) is a OMAP UART3
Dec 31 19:00:22 vader-rover kernel: [    1.021179] brd: module loaded
Dec 31 19:00:22 vader-rover kernel: [    1.028259] loop: module loaded
Dec 31 19:00:22 vader-rover kernel: [    1.033660] twl4030_madc twl4030_madc: clk disabled, enabling
Dec 31 19:00:22 vader-rover kernel: [    1.041625] NAND device: Manufacturer ID: 0x2c, Chip ID: 0xbc (Micron NAND 512MiB 1,8V 16-bit), page size: 2048, OOB size: 64
Dec 31 19:00:22 vader-rover kernel: [    1.066436] Creating 5 MTD partitions on "omap2-nand.0":
Dec 31 19:00:22 vader-rover kernel: [    1.072052] 0x000000000000-0x000000080000 : "xloader"
Dec 31 19:00:22 vader-rover kernel: [    1.078948] 0x000000080000-0x000000240000 : "uboot"
Dec 31 19:00:22 vader-rover kernel: [    1.086303] 0x000000240000-0x000000280000 : "uboot environment"
Dec 31 19:00:22 vader-rover kernel: [    1.093688] 0x000000280000-0x000000680000 : "linux"
Dec 31 19:00:22 vader-rover kernel: [    1.102539] 0x000000680000-0x000020000000 : "rootfs"
Dec 31 19:00:22 vader-rover kernel: [    1.461120] smsc911x: Driver version 2008-10-21
Dec 31 19:00:22 vader-rover kernel: [    1.466369] smsc911x: Driver version 2008-10-21
Dec 31 19:00:22 vader-rover kernel: [    1.471588] usbcore: registered new interface driver asix
Dec 31 19:00:22 vader-rover kernel: [    1.477325] usbcore: registered new interface driver cdc_ether
Dec 31 19:00:22 vader-rover kernel: [    1.483581] usbcore: registered new interface driver cdc_ncm
Dec 31 19:00:22 vader-rover kernel: [    1.489868] ehci_hcd: USB 2.0 'Enhanced' Host Controller (EHCI) Driver
Dec 31 19:00:22 vader-rover kernel: [    1.496765] ehci_hcd: block sizes: qh 64 qtd 96 itd 160 sitd 96
Dec 31 19:00:22 vader-rover kernel: [    1.496917] ehci-omap ehci-omap.0: failed to get ehci port1 regulator
Dec 31 19:00:22 vader-rover kernel: [    2.502044] ehci-omap ehci-omap.0: phy reset operation timed out
Dec 31 19:00:22 vader-rover kernel: [    2.502075] ehci-omap ehci-omap.0: reset hcs_params 0x1313 dbg=0 cc=1 pcc=3 ordered ports=3
Dec 31 19:00:22 vader-rover kernel: [    2.502105] ehci-omap ehci-omap.0: reset hcc_params 0016 thresh 1 uframes 256/512/1024 park
Dec 31 19:00:22 vader-rover kernel: [    2.502105] ehci-omap ehci-omap.0: reset command 0080b02  park=3 ithresh=8 period=1024 Reset HALT
Dec 31 19:00:22 vader-rover kernel: [    2.502136] ehci-omap ehci-omap.0: OMAP-EHCI Host Controller
Dec 31 19:00:22 vader-rover kernel: [    2.508392] ehci-omap ehci-omap.0: new USB bus registered, assigned bus number 1
Dec 31 19:00:22 vader-rover kernel: [    2.516265] ehci-omap ehci-omap.0: park 0
Dec 31 19:00:22 vader-rover kernel: [    2.516326] ehci-omap ehci-omap.0: irq 77, io mem 0x48064800
Dec 31 19:00:22 vader-rover kernel: [    2.522308] ehci-omap ehci-omap.0: init command 0010005 (park)=0 ithresh=1 period=512 RUN
Dec 31 19:00:22 vader-rover kernel: [    2.533355] ehci-omap ehci-omap.0: USB 2.0 started, EHCI 1.00
Dec 31 19:00:22 vader-rover kernel: [    2.539550] usb usb1: default language 0x0409
Dec 31 19:00:22 vader-rover kernel: [    2.539581] usb usb1: udev 1, busnum 1, minor = 0
Dec 31 19:00:22 vader-rover kernel: [    2.539581] usb usb1: New USB device found, idVendor=1d6b, idProduct=0002
Dec 31 19:00:22 vader-rover kernel: [    2.546752] usb usb1: New USB device strings: Mfr=3, Product=2, SerialNumber=1
Dec 31 19:00:22 vader-rover kernel: [    2.554382] usb usb1: Product: OMAP-EHCI Host Controller
Dec 31 19:00:22 vader-rover kernel: [    2.559967] usb usb1: Manufacturer: Linux 3.5.0-2-linaro-omap ehci_hcd
Dec 31 19:00:22 vader-rover kernel: [    2.566833] usb usb1: SerialNumber: ehci-omap.0
Dec 31 19:00:22 vader-rover kernel: [    2.572052] usb usb1: usb_probe_device
Dec 31 19:00:22 vader-rover kernel: [    2.572082] usb usb1: configuration #1 chosen from 1 choice
Dec 31 19:00:22 vader-rover kernel: [    2.572143] usb usb1: adding 1-0:1.0 (config #1, interface 0)
Dec 31 19:00:22 vader-rover kernel: [    2.572265] hub 1-0:1.0: usb_probe_interface
Dec 31 19:00:22 vader-rover kernel: [    2.572296] hub 1-0:1.0: usb_probe_interface - got id
Dec 31 19:00:22 vader-rover kernel: [    2.572296] hub 1-0:1.0: USB hub found
Dec 31 19:00:22 vader-rover kernel: [    2.576324] hub 1-0:1.0: 3 ports detected
Dec 31 19:00:22 vader-rover kernel: [    2.580566] hub 1-0:1.0: standalone hub
Dec 31 19:00:22 vader-rover kernel: [    2.580566] hub 1-0:1.0: individual port power switching
Dec 31 19:00:22 vader-rover kernel: [    2.580596] hub 1-0:1.0: individual port over-current protection
Dec 31 19:00:22 vader-rover kernel: [    2.580596] hub 1-0:1.0: power on to power good time: 20ms
Dec 31 19:00:22 vader-rover kernel: [    2.580627] hub 1-0:1.0: local power source is good
Dec 31 19:00:22 vader-rover kernel: [    2.580627] hub 1-0:1.0: enabling power on all ports
Dec 31 19:00:22 vader-rover kernel: [    2.580932] ehci-omap ehci-omap.0: ...powerup ports...
Dec 31 19:00:22 vader-rover kernel: [    2.611633] Initializing USB Mass Storage driver...
Dec 31 19:00:22 vader-rover kernel: [    2.616943] usbcore: registered new interface driver usb-storage
Dec 31 19:00:22 vader-rover kernel: [    2.623291] USB Mass Storage support registered.
Dec 31 19:00:22 vader-rover kernel: [    2.628143] musb-hdrc: version 6.0, ?dma?, otg (peripheral+host)
Dec 31 19:00:22 vader-rover kernel: [    2.640136] twl4030_usb twl4030_usb: twl4030_phy_resume
Dec 31 19:00:22 vader-rover kernel: [    2.640380] musb-hdrc: ConfigData=0xde (UTMI-8, dyn FIFOs, bulk combine, bulk split, HB-ISO Rx, HB-ISO Tx, SoftConn)
Dec 31 19:00:22 vader-rover kernel: [    2.640411] musb-hdrc: MHDRC RTL version 1.800 
Dec 31 19:00:22 vader-rover kernel: [    2.640411] musb-hdrc: setup fifo_mode 4
Dec 31 19:00:22 vader-rover kernel: [    2.640441] musb-hdrc: 28/31 max ep, 16384/16384 memory
Dec 31 19:00:22 vader-rover kernel: [    2.640869] musb-hdrc musb-hdrc: USB OTG mode controller at fa0ab000 using DMA, IRQ 92
Dec 31 19:00:22 vader-rover kernel: [    2.651123] twl4030_usb twl4030_usb: twl4030_phy_suspend
Dec 31 19:00:22 vader-rover kernel: [    2.651611] mousedev: PS/2 mouse device common for all mice
Dec 31 19:00:22 vader-rover kernel: [    2.658020] twl_rtc twl_rtc: Power up reset detected.
Dec 31 19:00:22 vader-rover kernel: [    2.663574] twl_rtc twl_rtc: Enabling TWL-RTC
Dec 31 19:00:22 vader-rover kernel: [    2.670715] twl_rtc twl_rtc: rtc core: registered twl_rtc as rtc0
Dec 31 19:00:22 vader-rover kernel: [    2.677734] i2c /dev entries driver
Dec 31 19:00:22 vader-rover kernel: [    2.681854] ehci-omap ehci-omap.0: GetStatus port:2 status 001803 0  ACK POWER sig=j CSC CONNECT
Dec 31 19:00:22 vader-rover kernel: [    2.681884] hub 1-0:1.0: port 2: status 0501 change 0001
Dec 31 19:00:22 vader-rover kernel: [    2.683044] voltdm_scale: No voltage scale API registered for vdd_mpu_iva
Dec 31 19:00:22 vader-rover kernel: [    2.690216] platform mpu.0: omap_target: unable to scale voltage up.
Dec 31 19:00:22 vader-rover kernel: [    2.696868] cpuidle: using governor ladder
Dec 31 19:00:22 vader-rover kernel: [    2.701202] cpuidle: using governor menu
Dec 31 19:00:22 vader-rover kernel: [    2.705871] omap_hsmmc omap_hsmmc.0: Failed to get debounce clk
Dec 31 19:00:22 vader-rover kernel: [    2.783416] hub 1-0:1.0: state 7 ports 3 chg 0004 evt 0000
Dec 31 19:00:22 vader-rover kernel: [    2.783477] hub 1-0:1.0: port 2, status 0501, change 0000, 480 Mb/s
Dec 31 19:00:22 vader-rover kernel: [    2.845916] ehci-omap ehci-omap.0: port 2 reset complete, port enabled
Dec 31 19:00:22 vader-rover kernel: [    2.845947] ehci-omap ehci-omap.0: GetStatus port:2 status 001005 0  ACK POWER sig=se0 PE CONNECT
Dec 31 19:00:22 vader-rover kernel: [    2.908355] usb 1-2: new high-speed USB device number 2 using ehci-omap
Dec 31 19:00:22 vader-rover kernel: [    2.970886] ehci-omap ehci-omap.0: port 2 reset complete, port enabled
Dec 31 19:00:22 vader-rover kernel: [    2.970916] ehci-omap ehci-omap.0: GetStatus port:2 status 001005 0  ACK POWER sig=se0 PE CONNECT
Dec 31 19:00:22 vader-rover kernel: [    3.065338] usb 1-2: udev 2, busnum 1, minor = 1
Dec 31 19:00:22 vader-rover kernel: [    3.065368] usb 1-2: New USB device found, idVendor=0409, idProduct=005a
Dec 31 19:00:22 vader-rover kernel: [    3.072448] usb 1-2: New USB device strings: Mfr=0, Product=0, SerialNumber=0
Dec 31 19:00:22 vader-rover kernel: [    3.080383] usb 1-2: usb_probe_device
Dec 31 19:00:22 vader-rover kernel: [    3.080383] usb 1-2: configuration #1 chosen from 1 choice
Dec 31 19:00:22 vader-rover kernel: [    3.080657] usb 1-2: adding 1-2:1.0 (config #1, interface 0)
Dec 31 19:00:22 vader-rover kernel: [    3.080780] hub 1-2:1.0: usb_probe_interface
Dec 31 19:00:22 vader-rover kernel: [    3.080780] hub 1-2:1.0: usb_probe_interface - got id
Dec 31 19:00:22 vader-rover kernel: [    3.080810] hub 1-2:1.0: USB hub found
Dec 31 19:00:22 vader-rover kernel: [    3.084960] hub 1-2:1.0: 4 ports detected
Dec 31 19:00:22 vader-rover kernel: [    3.089752] omap_hsmmc omap_hsmmc.1: Failed to get debounce clk
Dec 31 19:00:22 vader-rover kernel: [    3.096099] hub 1-2:1.0: standalone hub
Dec 31 19:00:22 vader-rover kernel: [    3.096099] hub 1-2:1.0: individual port power switching
Dec 31 19:00:22 vader-rover kernel: [    3.096099] hub 1-2:1.0: individual port over-current protection
Dec 31 19:00:22 vader-rover kernel: [    3.096130] hub 1-2:1.0: Single TT
Dec 31 19:00:22 vader-rover kernel: [    3.096130] hub 1-2:1.0: TT requires at most 16 FS bit times (1332 ns)
Dec 31 19:00:22 vader-rover kernel: [    3.096160] hub 1-2:1.0: power on to power good time: 100ms
Dec 31 19:00:22 vader-rover kernel: [    3.096435] hub 1-2:1.0: local power source is good
Dec 31 19:00:22 vader-rover kernel: [    3.096466] hub 1-2:1.0: enabling power on all ports
Dec 31 19:00:22 vader-rover kernel: [    3.143218] Registered led device: overo:red:gpio21
Dec 31 19:00:22 vader-rover kernel: [    3.143341] Registered led device: overo:blue:gpio22
Dec 31 19:00:22 vader-rover kernel: [    3.144012] Registered led device: overo:blue:COM
Dec 31 19:00:22 vader-rover kernel: [    3.145446] usbcore: registered new interface driver usbhid
Dec 31 19:00:22 vader-rover kernel: [    3.151489] usbhid: USB HID core driver
Dec 31 19:00:22 vader-rover kernel: [    3.156524] usbcore: registered new interface driver snd-usb-audio
Dec 31 19:00:22 vader-rover kernel: [    3.164276] overo SoC init
Dec 31 19:00:22 vader-rover kernel: [    3.167358] soc-audio soc-audio: ASoC machine overo should use snd_soc_register_card()
Dec 31 19:00:22 vader-rover kernel: [    3.197723] hub 1-2:1.0: port 2: status 0101 change 0001
Dec 31 19:00:22 vader-rover kernel: [    3.197937] hub 1-2:1.0: port 3: status 0101 change 0001
Dec 31 19:00:22 vader-rover kernel: [    3.198211] hub 1-2:1.0: port 4: status 0101 change 0001
Dec 31 19:00:22 vader-rover kernel: [    3.257476] twl4030-codec twl4030-codec: ASoC: Failed to create Capture debugfs file
Dec 31 19:00:22 vader-rover kernel: [    3.269042] asoc: twl4030-hifi <-> omap-mcbsp.2 mapping ok
Dec 31 19:00:22 vader-rover kernel: [    3.278594] oprofile: hardware counters not available
Dec 31 19:00:22 vader-rover kernel: [    3.283966] oprofile: using timer interrupt.
Dec 31 19:00:22 vader-rover kernel: [    3.288879] TCP: cubic registered
Dec 31 19:00:22 vader-rover kernel: [    3.292541] NET: Registered protocol family 17
Dec 31 19:00:22 vader-rover kernel: [    3.297424] NET: Registered protocol family 15
Dec 31 19:00:22 vader-rover kernel: [    3.302276] usb 1-2: link qh256-0001/de6c6b00 start 1 [1/0 us]
Dec 31 19:00:22 vader-rover kernel: [    3.302337] hub 1-2:1.0: state 7 ports 4 chg 001c evt 0000
Dec 31 19:00:22 vader-rover kernel: [    3.302490] hub 1-2:1.0: port 2, status 0101, change 0000, 12 Mb/s
Dec 31 19:00:22 vader-rover kernel: [    3.302734] Key type dns_resolver registered
Dec 31 19:00:22 vader-rover kernel: [    3.307464] VFP support v0.3: implementor 41 architecture 3 part 30 variant c rev 3
Dec 31 19:00:22 vader-rover kernel: [    3.320007] ThumbEE CPU extension supported.
Dec 31 19:00:22 vader-rover kernel: [    3.324737] sr_init: No PMIC hook to init smartreflex
Dec 31 19:00:22 vader-rover kernel: [    3.330657] smartreflex smartreflex.0: omap_sr_probe: SmartReflex driver initialized
Dec 31 19:00:22 vader-rover kernel: [    3.339080] smartreflex smartreflex.1: omap_sr_probe: SmartReflex driver initialized
Dec 31 19:00:22 vader-rover kernel: [    3.354003] clock: disabling unused clocks to save power
Dec 31 19:00:22 vader-rover kernel: [    3.360809] registered taskstats version 1
Dec 31 19:00:22 vader-rover kernel: [    3.365997] fbcvt: 1024x768@60: CVT Name - .786M3-R
Dec 31 19:00:22 vader-rover kernel: [    3.390533] Console: switching to colour frame buffer device 128x48
Dec 31 19:00:22 vader-rover kernel: [    3.392852] usb 1-2.2: new high-speed USB device number 3 using ehci-omap
Dec 31 19:00:22 vader-rover kernel: [    3.416076] VDAC: incomplete constraints, leaving on
Dec 31 19:00:22 vader-rover kernel: [    3.423858] twl_rtc twl_rtc: setting system clock to 2000-01-01 00:00:12 UTC (946684812)
Dec 31 19:00:22 vader-rover kernel: [    3.432800] ALSA device list:
Dec 31 19:00:22 vader-rover kernel: [    3.436126]   #0: overo
Dec 31 19:00:22 vader-rover kernel: [    3.439483] Freeing init memory: 220K
Dec 31 19:00:22 vader-rover kernel: [    3.518127] usb 1-2.2: default language 0x0409
Dec 31 19:00:22 vader-rover kernel: [    3.524139] usb 1-2.2: udev 3, busnum 1, minor = 2
Dec 31 19:00:22 vader-rover kernel: [    3.524169] usb 1-2.2: New USB device found, idVendor=1e10, idProduct=2004
Dec 31 19:00:22 vader-rover kernel: [    3.539642] usb 1-2.2: New USB device strings: Mfr=1, Product=2, SerialNumber=3
Dec 31 19:00:22 vader-rover kernel: [    3.554626] usb 1-2.2: Product: USB 2.0 Digital Imaging Camera
Dec 31 19:00:22 vader-rover kernel: [    3.566558] usb 1-2.2: Manufacturer: Point Grey Research
Dec 31 19:00:22 vader-rover kernel: [    3.572265] usb 1-2.2: SerialNumber: 00CAABB3
Dec 31 19:00:22 vader-rover kernel: [    3.589630] usb 1-2.2: usb_probe_device
Dec 31 19:00:22 vader-rover kernel: [    3.589660] usb 1-2.2: configuration #1 chosen from 1 choice
Dec 31 19:00:22 vader-rover kernel: [    3.589843] mmc0: host does not support reading read-only switch. assuming write-enable.
Dec 31 19:00:22 vader-rover kernel: [    3.598754] usb 1-2.2: adding 1-2.2:1.0 (config #1, interface 0)
Dec 31 19:00:22 vader-rover kernel: [    3.601318] hub 1-2:1.0: port 3, status 0101, change 0000, 12 Mb/s
Dec 31 19:00:22 vader-rover kernel: [    3.609405] mmc0: new high speed SDXC card at address 59b4
Dec 31 19:00:22 vader-rover kernel: [    3.626373] mmcblk0: mmc0:59b4       59.6 GiB 
Dec 31 19:00:22 vader-rover kernel: [    3.652465]  mmcblk0: p1 p2
Dec 31 19:00:22 vader-rover kernel: [    3.682128] usb 1-2.3: new high-speed USB device number 4 using ehci-omap
Dec 31 19:00:22 vader-rover kernel: [    3.720336] mmc1: new SDIO card at address 0001
Dec 31 19:00:22 vader-rover kernel: [    3.827789] usb 1-2.3: default language 0x0409
Dec 31 19:00:22 vader-rover kernel: [    3.836517] usb 1-2.3: udev 4, busnum 1, minor = 3
Dec 31 19:00:22 vader-rover kernel: [    3.836547] usb 1-2.3: New USB device found, idVendor=1e10, idProduct=2004
Dec 31 19:00:22 vader-rover kernel: [    3.892913] usb 1-2.3: New USB device strings: Mfr=1, Product=2, SerialNumber=3
Dec 31 19:00:22 vader-rover kernel: [    3.924407] usb 1-2.3: Product: USB 2.0 Digital Imaging Camera
Dec 31 19:00:22 vader-rover kernel: [    3.958862] usb 1-2.3: Manufacturer: Point Grey Research
Dec 31 19:00:22 vader-rover kernel: [    3.984436] usb 1-2.3: SerialNumber: 00BB1D77
Dec 31 19:00:22 vader-rover kernel: [    4.003967] usb 1-2.3: usb_probe_device
Dec 31 19:00:22 vader-rover kernel: [    4.003997] usb 1-2.3: configuration #1 chosen from 1 choice
Dec 31 19:00:22 vader-rover kernel: [    4.005706] usb 1-2.3: adding 1-2.3:1.0 (config #1, interface 0)
Dec 31 19:00:22 vader-rover kernel: [    4.006958] hub 1-2:1.0: port 4, status 0101, change 0000, 12 Mb/s
Dec 31 19:00:22 vader-rover kernel: [    4.088348] usb 1-2.4: new high-speed USB device number 5 using ehci-omap
Dec 31 19:00:22 vader-rover kernel: [    4.229339] usb 1-2.4: udev 5, busnum 1, minor = 4
Dec 31 19:00:22 vader-rover kernel: [    4.229370] usb 1-2.4: New USB device found, idVendor=0409, idProduct=005a
Dec 31 19:00:22 vader-rover kernel: [    4.250213] usb 1-2.4: New USB device strings: Mfr=0, Product=0, SerialNumber=0
Dec 31 19:00:22 vader-rover kernel: [    4.276153] usb 1-2.4: usb_probe_device
Dec 31 19:00:22 vader-rover kernel: [    4.276184] usb 1-2.4: configuration #1 chosen from 1 choice
Dec 31 19:00:22 vader-rover kernel: [    4.276458] usb 1-2.4: adding 1-2.4:1.0 (config #1, interface 0)
Dec 31 19:00:22 vader-rover kernel: [    4.276641] hub 1-2.4:1.0: usb_probe_interface
Dec 31 19:00:22 vader-rover kernel: [    4.276641] hub 1-2.4:1.0: usb_probe_interface - got id
Dec 31 19:00:22 vader-rover kernel: [    4.276672] hub 1-2.4:1.0: USB hub found
Dec 31 19:00:22 vader-rover kernel: [    4.294982] hub 1-2.4:1.0: 4 ports detected
Dec 31 19:00:22 vader-rover kernel: [    4.310363] hub 1-2.4:1.0: standalone hub
Dec 31 19:00:22 vader-rover kernel: [    4.310363] hub 1-2.4:1.0: individual port power switching
Dec 31 19:00:22 vader-rover kernel: [    4.310394] hub 1-2.4:1.0: individual port over-current protection
Dec 31 19:00:22 vader-rover kernel: [    4.310394] hub 1-2.4:1.0: Single TT
Dec 31 19:00:22 vader-rover kernel: [    4.310424] hub 1-2.4:1.0: TT requires at most 16 FS bit times (1332 ns)
Dec 31 19:00:22 vader-rover kernel: [    4.310424] hub 1-2.4:1.0: power on to power good time: 100ms
Dec 31 19:00:22 vader-rover kernel: [    4.311706] hub 1-2.4:1.0: local power source is good
Dec 31 19:00:22 vader-rover kernel: [    4.311737] hub 1-2.4:1.0: enabling power on all ports
Dec 31 19:00:22 vader-rover kernel: [    4.312683] hub 1-2:1.0: state 7 ports 4 chg 0000 evt 0010
Dec 31 19:00:22 vader-rover kernel: [    4.409240] usb 1-2.4: link qh256-0001/de0cbd80 start 2 [1/0 us]
Dec 31 19:00:22 vader-rover kernel: [    4.409301] hub 1-2.4:1.0: state 7 ports 4 chg 0000 evt 0000
Dec 31 19:00:22 vader-rover kernel: [    6.256347] end_request: I/O error, dev mtdblock0, sector 0
Dec 31 19:00:22 vader-rover kernel: [    6.265991] Buffer I/O error on device mtdblock0, logical block 0
Dec 31 19:00:22 vader-rover kernel: [    6.377899] end_request: I/O error, dev mtdblock0, sector 0
Dec 31 19:00:22 vader-rover kernel: [    6.387603] Buffer I/O error on device mtdblock0, logical block 0
Dec 31 19:00:22 vader-rover kernel: [    6.478851] end_request: I/O error, dev mtdblock0, sector 0
Dec 31 19:00:22 vader-rover kernel: [    6.488647] Buffer I/O error on device mtdblock0, logical block 0
Dec 31 19:00:22 vader-rover kernel: [    6.549530] end_request: I/O error, dev mtdblock0, sector 0
Dec 31 19:00:22 vader-rover kernel: [    6.559326] Buffer I/O error on device mtdblock0, logical block 0
Dec 31 19:00:22 vader-rover kernel: [    6.659362] end_request: I/O error, dev mtdblock0, sector 0
Dec 31 19:00:22 vader-rover kernel: [    6.669189] Buffer I/O error on device mtdblock0, logical block 0
Dec 31 19:00:22 vader-rover kernel: [    6.757324] end_request: I/O error, dev mtdblock0, sector 0
Dec 31 19:00:22 vader-rover kernel: [    6.767120] Buffer I/O error on device mtdblock0, logical block 0
Dec 31 19:00:22 vader-rover kernel: [    6.800018] end_request: I/O error, dev mtdblock0, sector 0
Dec 31 19:00:22 vader-rover kernel: [    6.809783] Buffer I/O error on device mtdblock0, logical block 0
Dec 31 19:00:22 vader-rover kernel: [    6.821289] end_request: I/O error, dev mtdblock0, sector 0
Dec 31 19:00:22 vader-rover kernel: [    6.830932] Buffer I/O error on device mtdblock0, logical block 0
Dec 31 19:00:22 vader-rover kernel: [    6.842132] end_request: I/O error, dev mtdblock0, sector 0
Dec 31 19:00:22 vader-rover kernel: [    6.851776] Buffer I/O error on device mtdblock0, logical block 0
Dec 31 19:00:22 vader-rover kernel: [    6.862976] end_request: I/O error, dev mtdblock0, sector 0
Dec 31 19:00:22 vader-rover kernel: [    6.872619] Buffer I/O error on device mtdblock0, logical block 0
Dec 31 19:00:22 vader-rover kernel: [    6.883514] end_request: I/O error, dev mtdblock0, sector 0
Dec 31 19:00:22 vader-rover kernel: [    6.894378] end_request: I/O error, dev mtdblock0, sector 0
Dec 31 19:00:22 vader-rover kernel: [    6.905334] end_request: I/O error, dev mtdblock0, sector 0
Dec 31 19:00:22 vader-rover kernel: [    6.917816] end_request: I/O error, dev mtdblock0, sector 0
Dec 31 19:00:22 vader-rover kernel: [    6.939788] end_request: I/O error, dev mtdblock0, sector 0
Dec 31 19:00:22 vader-rover kernel: [    6.951904] end_request: I/O error, dev mtdblock0, sector 0
Dec 31 19:00:22 vader-rover kernel: [    6.977111] end_request: I/O error, dev mtdblock0, sector 0
Dec 31 19:00:22 vader-rover kernel: [    6.998443] end_request: I/O error, dev mtdblock0, sector 8
Dec 31 19:00:22 vader-rover kernel: [    7.009979] hub 1-2.4:1.0: hub_suspend
Dec 31 19:00:22 vader-rover kernel: [    7.010040] usb 1-2.4: unlink qh256-0001/de0cbd80 start 2 [1/0 us]
Dec 31 19:00:22 vader-rover kernel: [    7.012390] usb 1-2.4: usb auto-suspend, wakeup 1
Dec 31 19:00:22 vader-rover kernel: [    7.019836] end_request: I/O error, dev mtdblock0, sector 8
Dec 31 19:00:22 vader-rover kernel: [    7.041412] end_request: I/O error, dev mtdblock0, sector 8
Dec 31 19:00:22 vader-rover kernel: [    7.069946] end_request: I/O error, dev mtdblock0, sector 8
Dec 31 19:00:22 vader-rover kernel: [    7.096069] end_request: I/O error, dev mtdblock0, sector 24
Dec 31 19:00:22 vader-rover kernel: [    7.118713] end_request: I/O error, dev mtdblock0, sector 24
Dec 31 19:00:22 vader-rover kernel: [    7.145996] end_request: I/O error, dev mtdblock0, sector 24
Dec 31 19:00:22 vader-rover kernel: [    7.177337] end_request: I/O error, dev mtdblock0, sector 24
Dec 31 19:00:22 vader-rover kernel: [    7.207824] end_request: I/O error, dev mtdblock0, sector 56
Dec 31 19:00:22 vader-rover kernel: [    7.231353] end_request: I/O error, dev mtdblock0, sector 56
Dec 31 19:00:22 vader-rover kernel: [    7.251586] end_request: I/O error, dev mtdblock0, sector 56
Dec 31 19:00:22 vader-rover kernel: [    7.277893] end_request: I/O error, dev mtdblock0, sector 56
Dec 31 19:00:22 vader-rover kernel: [    7.301116] end_request: I/O error, dev mtdblock0, sector 120
Dec 31 19:00:22 vader-rover kernel: [    7.330566] end_request: I/O error, dev mtdblock0, sector 120
Dec 31 19:00:22 vader-rover kernel: [    7.356292] end_request: I/O error, dev mtdblock0, sector 120
Dec 31 19:00:22 vader-rover kernel: [    7.379455] end_request: I/O error, dev mtdblock0, sector 120
Dec 31 19:00:22 vader-rover kernel: [    7.393951] ads7846 spi1.0: touchscreen, irq 210
Dec 31 19:00:22 vader-rover kernel: [    7.394500] ads7846 spi1.0: no device detected, test read result was 0x00000FFF
Dec 31 19:00:22 vader-rover kernel: [    7.402221] end_request: I/O error, dev mtdblock0, sector 0
Dec 31 19:00:22 vader-rover kernel: [    7.424926] end_request: I/O error, dev mtdblock0, sector 0
Dec 31 19:00:22 vader-rover kernel: [    7.436004] Linux media interface: v0.10
Dec 31 19:00:22 vader-rover kernel: [    7.447631] end_request: I/O error, dev mtdblock0, sector 8
Dec 31 19:00:22 vader-rover kernel: [    7.470428] end_request: I/O error, dev mtdblock0, sector 8
Dec 31 19:00:22 vader-rover kernel: [    7.493133] end_request: I/O error, dev mtdblock0, sector 24
Dec 31 19:00:22 vader-rover kernel: [    7.514343] end_request: I/O error, dev mtdblock0, sector 24
Dec 31 19:00:22 vader-rover kernel: [    7.525634] Linux video capture interface: v2.00
Dec 31 19:00:22 vader-rover kernel: [    7.542083] end_request: I/O error, dev mtdblock0, sector 56
Dec 31 19:00:22 vader-rover kernel: [    7.564819] end_request: I/O error, dev mtdblock0, sector 56
Dec 31 19:00:22 vader-rover kernel: [    7.586853] end_request: I/O error, dev mtdblock0, sector 120
Dec 31 19:00:22 vader-rover kernel: [    7.610412] end_request: I/O error, dev mtdblock0, sector 120
Dec 31 19:00:22 vader-rover kernel: [    7.634765] end_request: I/O error, dev mtdblock0, sector 0
Dec 31 19:00:22 vader-rover kernel: [    7.658966] end_request: I/O error, dev mtdblock0, sector 0
Dec 31 19:00:22 vader-rover kernel: [    7.685424] end_request: I/O error, dev mtdblock0, sector 0
Dec 31 19:00:22 vader-rover kernel: [    7.704162] omap3isp omap3isp: Revision 15.0 found
Dec 31 19:00:22 vader-rover kernel: [    7.704284] omap-iommu omap-iommu.0: isp: version 1.1
Dec 31 19:00:22 vader-rover kernel: [    7.707733] end_request: I/O error, dev mtdblock0, sector 0
Dec 31 19:00:22 vader-rover kernel: [    7.731994] end_request: I/O error, dev mtdblock0, sector 0
Dec 31 19:00:22 vader-rover kernel: [    7.752288] end_request: I/O error, dev mtdblock0, sector 0
Dec 31 19:00:22 vader-rover kernel: [    7.771209] end_request: I/O error, dev mtdblock0, sector 64
Dec 31 19:00:22 vader-rover kernel: [    7.797637] end_request: I/O error, dev mtdblock0, sector 64
Dec 31 19:00:22 vader-rover kernel: [    7.809509] lib80211: common routines for IEEE802.11 drivers
Dec 31 19:00:22 vader-rover kernel: [    7.809539] lib80211_crypt: registered algorithm 'NULL'
Dec 31 19:00:22 vader-rover kernel: [    7.820983] mt9v032 3-005c: Probing MT9V032 at address 0x5c
Dec 31 19:00:22 vader-rover kernel: [    7.821197] mt9v032 3-005c: MT9V032 power up failed
Dec 31 19:00:22 vader-rover kernel: [    7.827941] end_request: I/O error, dev mtdblock0, sector 64
Dec 31 19:00:22 vader-rover kernel: [    7.838409] end_request: I/O error, dev mtdblock0, sector 64
Dec 31 19:00:22 vader-rover kernel: [    7.858184] end_request: I/O error, dev mtdblock0, sector 64
Dec 31 19:00:22 vader-rover kernel: [    7.879760] end_request: I/O error, dev mtdblock0, sector 64
Dec 31 19:00:22 vader-rover kernel: [    7.897186] end_request: I/O error, dev mtdblock0, sector 64
Dec 31 19:00:22 vader-rover kernel: [    7.916442] end_request: I/O error, dev mtdblock0, sector 64
Dec 31 19:00:22 vader-rover kernel: [    7.935913] end_request: I/O error, dev mtdblock0, sector 64
Dec 31 19:00:22 vader-rover kernel: [    7.956268] end_request: I/O error, dev mtdblock0, sector 0
Dec 31 19:00:22 vader-rover kernel: [    7.977264] end_request: I/O error, dev mtdblock0, sector 0
Dec 31 19:00:22 vader-rover kernel: [    8.001861] end_request: I/O error, dev mtdblock0, sector 0
Dec 31 19:00:22 vader-rover kernel: [    8.020141] isp_register_subdev_group: Unable to register subdev mt9v032
Dec 31 19:00:22 vader-rover kernel: [    8.028961] end_request: I/O error, dev mtdblock0, sector 0
Dec 31 19:00:22 vader-rover kernel: [    8.040100] cfg80211: Calling CRDA to update world regulatory domain
Dec 31 19:00:22 vader-rover kernel: [    8.041503] end_request: I/O error, dev mtdblock0, sector 0
Dec 31 19:00:22 vader-rover kernel: [    8.063812] end_request: I/O error, dev mtdblock0, sector 16
Dec 31 19:00:22 vader-rover kernel: [    8.089996] end_request: I/O error, dev mtdblock0, sector 0
Dec 31 19:00:22 vader-rover kernel: [    8.112792] end_request: I/O error, dev mtdblock0, sector 0
Dec 31 19:00:22 vader-rover kernel: [    8.136688] end_request: I/O error, dev mtdblock0, sector 0
Dec 31 19:00:22 vader-rover kernel: [    8.159667] end_request: I/O error, dev mtdblock0, sector 0
Dec 31 19:00:22 vader-rover kernel: [    8.183502] end_request: I/O error, dev mtdblock0, sector 0
Dec 31 19:00:22 vader-rover kernel: [    8.202941] end_request: I/O error, dev mtdblock0, sector 0
Dec 31 19:00:22 vader-rover kernel: [    8.224029] end_request: I/O error, dev mtdblock0, sector 0
Dec 31 19:00:22 vader-rover kernel: [    8.244384] libertas_sdio: Libertas SDIO driver
Dec 31 19:00:22 vader-rover kernel: [    8.244415] libertas_sdio: Copyright Pierre Ossman
Dec 31 19:00:22 vader-rover kernel: [    8.246856] end_request: I/O error, dev mtdblock0, sector 0
Dec 31 19:00:22 vader-rover kernel: [    8.267089] end_request: I/O error, dev mtdblock0, sector 0
Dec 31 19:00:22 vader-rover kernel: [    8.294952] end_request: I/O error, dev mtdblock0, sector 0
Dec 31 19:00:22 vader-rover kernel: [    8.318115] end_request: I/O error, dev mtdblock0, sector 0
Dec 31 19:00:22 vader-rover kernel: [    8.338714] end_request: I/O error, dev mtdblock0, sector 0
Dec 31 19:00:22 vader-rover kernel: [    8.356079] end_request: I/O error, dev mtdblock0, sector 0
Dec 31 19:00:22 vader-rover kernel: [    8.377410] end_request: I/O error, dev mtdblock0, sector 0
Dec 31 19:00:22 vader-rover kernel: [    8.391235] end_request: I/O error, dev mtdblock0, sector 0
Dec 31 19:00:22 vader-rover kernel: [    8.408447] end_request: I/O error, dev mtdblock0, sector 0
Dec 31 19:00:22 vader-rover kernel: [    8.424194] end_request: I/O error, dev mtdblock0, sector 0
Dec 31 19:00:22 vader-rover kernel: [    8.439727] end_request: I/O error, dev mtdblock0, sector 0
Dec 31 19:00:22 vader-rover kernel: [    8.460723] end_request: I/O error, dev mtdblock0, sector 8
Dec 31 19:00:22 vader-rover kernel: [    8.475738] end_request: I/O error, dev mtdblock0, sector 0
Dec 31 19:00:22 vader-rover kernel: [    8.497619] end_request: I/O error, dev mtdblock0, sector 0
Dec 31 19:00:22 vader-rover kernel: [    8.530731] end_request: I/O error, dev mtdblock0, sector 0
Dec 31 19:00:22 vader-rover kernel: [    8.569671] end_request: I/O error, dev mtdblock0, sector 0
Dec 31 19:00:22 vader-rover kernel: [    8.983581] end_request: I/O error, dev mtdblock0, sector 0
Dec 31 19:00:22 vader-rover kernel: [    9.002288] end_request: I/O error, dev mtdblock0, sector 0
Dec 31 19:00:22 vader-rover kernel: [    9.017517] end_request: I/O error, dev mtdblock0, sector 0
Dec 31 19:00:22 vader-rover kernel: [    9.041412] end_request: I/O error, dev mtdblock0, sector 0
Dec 31 19:00:22 vader-rover kernel: [    9.064788] end_request: I/O error, dev mtdblock0, sector 0
Dec 31 19:00:22 vader-rover kernel: [    9.080474] end_request: I/O error, dev mtdblock0, sector 0
Dec 31 19:00:22 vader-rover kernel: [    9.096038] end_request: I/O error, dev mtdblock0, sector 0
Dec 31 19:00:22 vader-rover kernel: [    9.111633] end_request: I/O error, dev mtdblock0, sector 0
Dec 31 19:00:22 vader-rover kernel: [    9.125610] end_request: I/O error, dev mtdblock0, sector 0
Dec 31 19:00:22 vader-rover kernel: [    9.147399] end_request: I/O error, dev mtdblock0, sector 0
Dec 31 19:00:22 vader-rover kernel: [    9.173156] end_request: I/O error, dev mtdblock0, sector 0
Dec 31 19:00:22 vader-rover kernel: [    9.197601] end_request: I/O error, dev mtdblock0, sector 0
Dec 31 19:00:22 vader-rover kernel: [    9.209289] end_request: I/O error, dev mtdblock0, sector 0
Dec 31 19:00:22 vader-rover kernel: [    9.232818] end_request: I/O error, dev mtdblock0, sector 0
Dec 31 19:00:22 vader-rover kernel: [    9.247863] end_request: I/O error, dev mtdblock0, sector 0
Dec 31 19:00:22 vader-rover kernel: [    9.264404] end_request: I/O error, dev mtdblock0, sector 0
Dec 31 19:00:22 vader-rover kernel: [    9.278411] end_request: I/O error, dev mtdblock0, sector 0
Dec 31 19:00:22 vader-rover kernel: [    9.296966] end_request: I/O error, dev mtdblock0, sector 8
Dec 31 19:00:22 vader-rover kernel: [    9.306976] end_request: I/O error, dev mtdblock0, sector 8
Dec 31 19:00:22 vader-rover kernel: [    9.330413] end_request: I/O error, dev mtdblock0, sector 8
Dec 31 19:00:22 vader-rover kernel: [    9.340759] end_request: I/O error, dev mtdblock0, sector 8
Dec 31 19:00:22 vader-rover kernel: [    9.358062] end_request: I/O error, dev mtdblock0, sector 24
Dec 31 19:00:22 vader-rover kernel: [    9.373046] end_request: I/O error, dev mtdblock0, sector 24
Dec 31 19:00:22 vader-rover kernel: [    9.387725] end_request: I/O error, dev mtdblock0, sector 24
Dec 31 19:00:22 vader-rover kernel: [    9.400756] end_request: I/O error, dev mtdblock0, sector 24
Dec 31 19:00:22 vader-rover kernel: [    9.416015] end_request: I/O error, dev mtdblock0, sector 56
Dec 31 19:00:22 vader-rover kernel: [    9.440948] end_request: I/O error, dev mtdblock0, sector 56
Dec 31 19:00:22 vader-rover kernel: [    9.465545] end_request: I/O error, dev mtdblock0, sector 56
Dec 31 19:00:22 vader-rover kernel: [    9.486694] end_request: I/O error, dev mtdblock0, sector 56
Dec 31 19:00:22 vader-rover kernel: [    9.502868] end_request: I/O error, dev mtdblock0, sector 120
Dec 31 19:00:22 vader-rover kernel: [    9.517944] end_request: I/O error, dev mtdblock0, sector 120
Dec 31 19:00:22 vader-rover kernel: [    9.533874] end_request: I/O error, dev mtdblock0, sector 120
Dec 31 19:00:22 vader-rover kernel: [    9.550628] end_request: I/O error, dev mtdblock0, sector 120
Dec 31 19:00:22 vader-rover kernel: [    9.567932] end_request: I/O error, dev mtdblock0, sector 0
Dec 31 19:00:22 vader-rover kernel: [    9.582092] end_request: I/O error, dev mtdblock0, sector 0
Dec 31 19:00:22 vader-rover kernel: [    9.596038] end_request: I/O error, dev mtdblock0, sector 8
Dec 31 19:00:22 vader-rover kernel: [    9.613647] end_request: I/O error, dev mtdblock0, sector 8
Dec 31 19:00:22 vader-rover kernel: [    9.632629] end_request: I/O error, dev mtdblock0, sector 24
Dec 31 19:00:22 vader-rover kernel: [    9.642913] end_request: I/O error, dev mtdblock0, sector 24
Dec 31 19:00:22 vader-rover kernel: [    9.658569] end_request: I/O error, dev mtdblock0, sector 56
Dec 31 19:00:22 vader-rover kernel: [    9.680755] end_request: I/O error, dev mtdblock0, sector 56
Dec 31 19:00:22 vader-rover kernel: [    9.691436] end_request: I/O error, dev mtdblock0, sector 120
Dec 31 19:00:22 vader-rover kernel: [    9.705444] end_request: I/O error, dev mtdblock0, sector 120
Dec 31 19:00:22 vader-rover kernel: [    9.721069] end_request: I/O error, dev mtdblock0, sector 0
Dec 31 19:00:22 vader-rover kernel: [    9.736267] end_request: I/O error, dev mtdblock0, sector 0
Dec 31 19:00:22 vader-rover kernel: [    9.751159] end_request: I/O error, dev mtdblock0, sector 0
Dec 31 19:00:22 vader-rover kernel: [    9.767944] end_request: I/O error, dev mtdblock0, sector 0
Dec 31 19:00:22 vader-rover kernel: [    9.783050] end_request: I/O error, dev mtdblock0, sector 0
Dec 31 19:00:22 vader-rover kernel: [    9.799194] end_request: I/O error, dev mtdblock0, sector 0
Dec 31 19:00:22 vader-rover kernel: [    9.814819] end_request: I/O error, dev mtdblock0, sector 64
Dec 31 19:00:22 vader-rover kernel: [    9.829711] end_request: I/O error, dev mtdblock0, sector 64
Dec 31 19:00:22 vader-rover kernel: [    9.846130] end_request: I/O error, dev mtdblock0, sector 64
Dec 31 19:00:22 vader-rover kernel: [    9.861175] end_request: I/O error, dev mtdblock0, sector 64
Dec 31 19:00:22 vader-rover kernel: [    9.875091] end_request: I/O error, dev mtdblock0, sector 64
Dec 31 19:00:22 vader-rover kernel: [    9.890930] end_request: I/O error, dev mtdblock0, sector 64
Dec 31 19:00:22 vader-rover kernel: [    9.906616] end_request: I/O error, dev mtdblock0, sector 64
Dec 31 19:00:22 vader-rover kernel: [    9.920166] end_request: I/O error, dev mtdblock0, sector 64
Dec 31 19:00:22 vader-rover kernel: [    9.937835] end_request: I/O error, dev mtdblock0, sector 64
Dec 31 19:00:22 vader-rover kernel: [    9.963256] end_request: I/O error, dev mtdblock0, sector 0
Dec 31 19:00:22 vader-rover kernel: [    9.975311] end_request: I/O error, dev mtdblock0, sector 0
Dec 31 19:00:22 vader-rover kernel: [    9.999176] end_request: I/O error, dev mtdblock0, sector 0
Dec 31 19:00:22 vader-rover kernel: [   10.019744] end_request: I/O error, dev mtdblock0, sector 0
Dec 31 19:00:22 vader-rover kernel: [   10.041595] end_request: I/O error, dev mtdblock0, sector 0
Dec 31 19:00:22 vader-rover kernel: [   10.053161] end_request: I/O error, dev mtdblock0, sector 16
Dec 31 19:00:22 vader-rover kernel: [   10.076324] end_request: I/O error, dev mtdblock0, sector 0
Dec 31 19:00:22 vader-rover kernel: [   10.095581] end_request: I/O error, dev mtdblock0, sector 0
Dec 31 19:00:22 vader-rover kernel: [   10.108093] end_request: I/O error, dev mtdblock0, sector 0
Dec 31 19:00:22 vader-rover kernel: [   10.129974] end_request: I/O error, dev mtdblock0, sector 0
Dec 31 19:00:22 vader-rover kernel: [   10.151153] end_request: I/O error, dev mtdblock0, sector 0
Dec 31 19:00:22 vader-rover kernel: [   10.175567] end_request: I/O error, dev mtdblock0, sector 0
Dec 31 19:00:22 vader-rover kernel: [   10.190795] end_request: I/O error, dev mtdblock0, sector 0
Dec 31 19:00:22 vader-rover kernel: [   10.213378] end_request: I/O error, dev mtdblock0, sector 0
Dec 31 19:00:22 vader-rover kernel: [   10.236114] end_request: I/O error, dev mtdblock0, sector 0
Dec 31 19:00:22 vader-rover kernel: [   10.256896] end_request: I/O error, dev mtdblock0, sector 0
Dec 31 19:00:22 vader-rover kernel: [   10.275146] end_request: I/O error, dev mtdblock0, sector 0
Dec 31 19:00:22 vader-rover kernel: [   10.299163] end_request: I/O error, dev mtdblock0, sector 0
Dec 31 19:00:22 vader-rover kernel: [   10.309051] end_request: I/O error, dev mtdblock0, sector 0
Dec 31 19:00:22 vader-rover kernel: [   10.325500] end_request: I/O error, dev mtdblock0, sector 0
Dec 31 19:00:22 vader-rover kernel: [   10.345214] end_request: I/O error, dev mtdblock0, sector 0
Dec 31 19:00:22 vader-rover kernel: [   10.361663] end_request: I/O error, dev mtdblock0, sector 0
Dec 31 19:00:22 vader-rover kernel: [   10.382843] end_request: I/O error, dev mtdblock0, sector 0
Dec 31 19:00:22 vader-rover kernel: [   10.402954] end_request: I/O error, dev mtdblock0, sector 0
Dec 31 19:00:22 vader-rover kernel: [   10.422729] end_request: I/O error, dev mtdblock0, sector 8
Dec 31 19:00:22 vader-rover kernel: [   10.444610] end_request: I/O error, dev mtdblock0, sector 0
Dec 31 19:00:22 vader-rover kernel: [   10.463409] end_request: I/O error, dev mtdblock0, sector 0
Dec 31 19:00:22 vader-rover kernel: [   10.476593] end_request: I/O error, dev mtdblock0, sector 0
Dec 31 19:00:22 vader-rover kernel: [   10.496551] end_request: I/O error, dev mtdblock0, sector 0
Dec 31 19:00:22 vader-rover kernel: [   12.726196] NET: Registered protocol family 10
Dec 31 19:00:22 vader-rover kernel: [   13.425964] cfg80211: World regulatory domain updated:
Dec 31 19:00:22 vader-rover kernel: [   13.425994] cfg80211:   (start_freq - end_freq @ bandwidth), (max_antenna_gain, max_eirp)
Dec 31 19:00:22 vader-rover kernel: [   13.426025] cfg80211:   (2402000 KHz - 2472000 KHz @ 40000 KHz), (300 mBi, 2000 mBm)
Dec 31 19:00:22 vader-rover kernel: [   13.426025] cfg80211:   (2457000 KHz - 2482000 KHz @ 20000 KHz), (300 mBi, 2000 mBm)
Dec 31 19:00:22 vader-rover kernel: [   13.426055] cfg80211:   (2474000 KHz - 2494000 KHz @ 20000 KHz), (300 mBi, 2000 mBm)
Dec 31 19:00:22 vader-rover kernel: [   13.426055] cfg80211:   (5170000 KHz - 5250000 KHz @ 40000 KHz), (300 mBi, 2000 mBm)
Dec 31 19:00:22 vader-rover kernel: [   13.426055] cfg80211:   (5735000 KHz - 5835000 KHz @ 40000 KHz), (300 mBi, 2000 mBm)
Dec 31 19:00:23 vader-rover kernel: [   14.082641] libertas_sdio mmc1:0001:1: (unregistered net_device): 00:19:88:45:0b:0a, fw 9.70.3p36, cap 0x00000303
Dec 31 19:00:23 vader-rover kernel: [   14.090972] libertas_sdio mmc1:0001:1: wlan0: Marvell WLAN 802.11 adapter
Dec 31 19:00:23 vader-rover kernel: [   14.103790] cfg80211: Calling CRDA for country: US
Dec 31 19:00:23 vader-rover kernel: [   14.383819] cfg80211: Regulatory domain changed to country: US
Dec 31 19:00:23 vader-rover kernel: [   14.383819] cfg80211:   (start_freq - end_freq @ bandwidth), (max_antenna_gain, max_eirp)
Dec 31 19:00:23 vader-rover kernel: [   14.383850] cfg80211:   (2402000 KHz - 2472000 KHz @ 40000 KHz), (300 mBi, 2700 mBm)
Dec 31 19:00:23 vader-rover kernel: [   14.383850] cfg80211:   (5170000 KHz - 5250000 KHz @ 40000 KHz), (300 mBi, 1700 mBm)
Dec 31 19:00:23 vader-rover kernel: [   14.383880] cfg80211:   (5250000 KHz - 5330000 KHz @ 40000 KHz), (300 mBi, 2000 mBm)
Dec 31 19:00:23 vader-rover kernel: [   14.383880] cfg80211:   (5490000 KHz - 5600000 KHz @ 40000 KHz), (300 mBi, 2000 mBm)
Dec 31 19:00:23 vader-rover kernel: [   14.383880] cfg80211:   (5650000 KHz - 5710000 KHz @ 40000 KHz), (300 mBi, 2000 mBm)
Dec 31 19:00:23 vader-rover kernel: [   14.383911] cfg80211:   (5735000 KHz - 5835000 KHz @ 40000 KHz), (300 mBi, 3000 mBm)
Dec 31 19:00:24 vader-rover kernel: [   15.216888] IPv6: ADDRCONF(NETDEV_UP): wlan0: link is not ready
Dec 31 19:00:24 vader-rover kernel: [   15.217163] IPv6: ADDRCONF(NETDEV_CHANGE): wlan0: link becomes ready
Dec 31 19:00:29 vader-rover kernel: [   20.847595] GPIO Event Monitor 0.1 Compiled: Jan 13 2014 at 15:50:49
Dec 31 19:00:30 vader-rover kernel: [   21.123229] pwm: frequency=50 Hz servo=1 servo_min = 10000 servo_max = 20000
Mar  4 17:10:59 vader-rover kernel: Kernel logging (proc) stopped.
Mar  5 09:37:51 vader-rover kernel: imklog 5.8.6, log source = /proc/kmsg started.
Mar  5 09:37:51 vader-rover kernel: [    0.000000] Booting Linux on physical CPU 0
Mar  5 09:37:51 vader-rover kernel: [    0.000000] Initializing cgroup subsys cpuset
Mar  5 09:37:51 vader-rover kernel: [    0.000000] Initializing cgroup subsys cpu
Mar  5 09:37:51 vader-rover kernel: [    0.000000] Linux version 3.5.0-2-linaro-omap (adam@pine) (gcc version 4.6.3 (Ubuntu/Linaro 4.6.3-1ubuntu5) ) #2~ci+121210190143 PREEMPT Mon Dec 10 11:03:27 PST 2012
Mar  5 09:37:51 vader-rover kernel: [    0.000000] CPU: ARMv7 Processor [413fc082] revision 2 (ARMv7), cr=10c53c7d
Mar  5 09:37:51 vader-rover kernel: [    0.000000] CPU: PIPT / VIPT nonaliasing data cache, VIPT aliasing instruction cache
Mar  5 09:37:51 vader-rover kernel: [    0.000000] Machine: Gumstix Overo
Mar  5 09:37:51 vader-rover kernel: [    0.000000] Reserving 12582912 bytes SDRAM for VRAM
Mar  5 09:37:51 vader-rover kernel: [    0.000000] Memory policy: ECC disabled, Data cache writeback
Mar  5 09:37:51 vader-rover kernel: [    0.000000] On node 0 totalpages: 127744
Mar  5 09:37:51 vader-rover kernel: [    0.000000] free_area_init_node: node 0, pgdat c070b85c, node_mem_map c07a7000
Mar  5 09:37:51 vader-rover kernel: [    0.000000]   Normal zone: 1024 pages used for memmap
Mar  5 09:37:51 vader-rover kernel: [    0.000000]   Normal zone: 0 pages reserved
Mar  5 09:37:51 vader-rover kernel: [    0.000000]   Normal zone: 126720 pages, LIFO batch:31
Mar  5 09:37:51 vader-rover kernel: [    0.000000] OMAP3630 ES1.2 (l2cache iva sgx neon isp 192mhz_clk )
Mar  5 09:37:51 vader-rover kernel: [    0.000000] Clocking rate (Crystal/Core/MPU): 26.0/332/600 MHz
Mar  5 09:37:51 vader-rover kernel: [    0.000000] pcpu-alloc: s0 r0 d32768 u32768 alloc=1*32768
Mar  5 09:37:51 vader-rover kernel: [    0.000000] pcpu-alloc: [0] 0 
Mar  5 09:37:51 vader-rover kernel: [    0.000000] Built 1 zonelists in Zone order, mobility grouping on.  Total pages: 126720
Mar  5 09:37:51 vader-rover kernel: [    0.000000] Kernel command line: console=tty0 console=ttyO2,115200n8 root=/dev/mmcblk0p2 rootwait ro earlyprintk mpurate=720 vram=12M omapdss.def_disp=dvi omapfb.mode=dvi:1024x768MR-16@60
Mar  5 09:37:51 vader-rover kernel: [    0.000000] PID hash table entries: 2048 (order: 1, 8192 bytes)
Mar  5 09:37:51 vader-rover kernel: [    0.000000] Dentry cache hash table entries: 65536 (order: 6, 262144 bytes)
Mar  5 09:37:51 vader-rover kernel: [    0.000000] Inode-cache hash table entries: 32768 (order: 5, 131072 bytes)
Mar  5 09:37:51 vader-rover kernel: [    0.000000] allocated 1048576 bytes of page_cgroup
Mar  5 09:37:51 vader-rover kernel: [    0.000000] please try 'cgroup_disable=memory' option if you don't want memory cgroups
Mar  5 09:37:51 vader-rover kernel: [    0.000000] Memory: 499MB = 499MB total
Mar  5 09:37:51 vader-rover kernel: [    0.000000] Memory: 495744k/495744k available, 28544k reserved, 0K highmem
Mar  5 09:37:51 vader-rover kernel: [    0.000000] Virtual kernel memory layout:
Mar  5 09:37:51 vader-rover kernel: [    0.000000]     vector  : 0xffff0000 - 0xffff1000   (   4 kB)
Mar  5 09:37:51 vader-rover kernel: [    0.000000]     fixmap  : 0xfff00000 - 0xfffe0000   ( 896 kB)
Mar  5 09:37:51 vader-rover kernel: [    0.000000]     vmalloc : 0xe0800000 - 0xff000000   ( 488 MB)
Mar  5 09:37:51 vader-rover kernel: [    0.000000]     lowmem  : 0xc0000000 - 0xe0000000   ( 512 MB)
Mar  5 09:37:51 vader-rover kernel: [    0.000000]     pkmap   : 0xbfe00000 - 0xc0000000   (   2 MB)
Mar  5 09:37:51 vader-rover kernel: [    0.000000]     modules : 0xbf000000 - 0xbfe00000   (  14 MB)
Mar  5 09:37:51 vader-rover kernel: [    0.000000]       .text : 0xc0008000 - 0xc067abfc   (6603 kB)
Mar  5 09:37:51 vader-rover kernel: [    0.000000]       .init : 0xc067b000 - 0xc06b2000   ( 220 kB)
Mar  5 09:37:51 vader-rover kernel: [    0.000000]       .data : 0xc06b2000 - 0xc071b268   ( 421 kB)
Mar  5 09:37:51 vader-rover kernel: [    0.000000]        .bss : 0xc071b28c - 0xc07a6020   ( 556 kB)
Mar  5 09:37:51 vader-rover kernel: [    0.000000] NR_IRQS:474
Mar  5 09:37:51 vader-rover kernel: [    0.000000] IRQ: Found an INTC at 0xfa200000 (revision 4.0) with 96 interrupts
Mar  5 09:37:51 vader-rover kernel: [    0.000000] Total of 96 interrupts on 1 active controller
Mar  5 09:37:51 vader-rover kernel: [    0.000000] OMAP clockevent source: GPTIMER1 at 32768 Hz
Mar  5 09:37:51 vader-rover kernel: [    0.000000] sched_clock: 32 bits at 32kHz, resolution 30517ns, wraps every 131071999ms
Mar  5 09:37:51 vader-rover kernel: [    0.000000] OMAP clocksource: 32k_counter at 32768 Hz
Mar  5 09:37:51 vader-rover kernel: [    0.000000] Console: colour dummy device 80x30
Mar  5 09:37:51 vader-rover kernel: [    0.000000] console [tty0] enabled
Mar  5 09:37:51 vader-rover kernel: [    0.001007] Calibrating delay loop... 597.64 BogoMIPS (lpj=2334720)
Mar  5 09:37:51 vader-rover kernel: [    0.039123] pid_max: default: 32768 minimum: 301
Mar  5 09:37:51 vader-rover kernel: [    0.039337] Security Framework initialized
Mar  5 09:37:51 vader-rover kernel: [    0.039459] Mount-cache hash table entries: 512
Mar  5 09:37:51 vader-rover kernel: [    0.040252] Initializing cgroup subsys debug
Mar  5 09:37:51 vader-rover kernel: [    0.040283] Initializing cgroup subsys cpuacct
Mar  5 09:37:51 vader-rover kernel: [    0.040313] Initializing cgroup subsys memory
Mar  5 09:37:51 vader-rover kernel: [    0.040374] Initializing cgroup subsys devices
Mar  5 09:37:51 vader-rover kernel: [    0.040405] Initializing cgroup subsys freezer
Mar  5 09:37:51 vader-rover kernel: [    0.040435] Initializing cgroup subsys perf_event
Mar  5 09:37:51 vader-rover kernel: [    0.040588] CPU: Testing write buffer coherency: ok
Mar  5 09:37:51 vader-rover kernel: [    0.040893] Setting up static identity map for 0x8046ea98 - 0x8046eaf0
Mar  5 09:37:51 vader-rover kernel: [    0.046051] devtmpfs: initialized
Mar  5 09:37:51 vader-rover kernel: [    0.050903] dummy: 
Mar  5 09:37:51 vader-rover kernel: [    0.051330] NET: Registered protocol family 16
Mar  5 09:37:51 vader-rover kernel: [    0.051757] GPMC revision 5.0
Mar  5 09:37:51 vader-rover kernel: [    0.051818] gpmc: irq-20 could not claim: err -22
Mar  5 09:37:51 vader-rover kernel: [    0.054016] gpiochip_add: registered GPIOs 0 to 31 on device: gpio
Mar  5 09:37:51 vader-rover kernel: [    0.054107] OMAP GPIO hardware version 2.5
Mar  5 09:37:51 vader-rover kernel: [    0.054351] gpiochip_add: registered GPIOs 32 to 63 on device: gpio
Mar  5 09:37:51 vader-rover kernel: [    0.054626] gpiochip_add: registered GPIOs 64 to 95 on device: gpio
Mar  5 09:37:51 vader-rover kernel: [    0.055023] gpiochip_add: registered GPIOs 96 to 127 on device: gpio
Mar  5 09:37:51 vader-rover kernel: [    0.055328] gpiochip_add: registered GPIOs 128 to 159 on device: gpio
Mar  5 09:37:51 vader-rover kernel: [    0.055603] gpiochip_add: registered GPIOs 160 to 191 on device: gpio
Mar  5 09:37:51 vader-rover kernel: [    0.056549] omap_mux_init: Add partition: #1: core, flags: 0
Mar  5 09:37:51 vader-rover kernel: [    0.061553] _omap_mux_get_by_name: Could not find signal uart4_rx.uart4_rx
Mar  5 09:37:51 vader-rover kernel: [    0.067413] Reprogramming SDRC clock to 332000000 Hz
Mar  5 09:37:51 vader-rover kernel: [    0.067443] dpll3_m2_clk rate change failed: -22
Mar  5 09:37:51 vader-rover kernel: [    0.067474] Found NAND on CS0
Mar  5 09:37:51 vader-rover kernel: [    0.067504] Registering NAND on CS0
Mar  5 09:37:51 vader-rover kernel: [    0.068695]  usbhs_omap: alias fck already exists
Mar  5 09:37:51 vader-rover kernel: [    0.076232] hw-breakpoint: debug architecture 0x4 unsupported.
Mar  5 09:37:51 vader-rover kernel: [    0.079284]  omap-mcbsp.2: alias fck already exists
Mar  5 09:37:51 vader-rover kernel: [    0.079498]  omap-mcbsp.3: alias fck already exists
Mar  5 09:37:51 vader-rover kernel: [    0.080596] Switched to new clocking rate (Crystal/Core/MPU): 26.0/332/720 MHz
Mar  5 09:37:51 vader-rover kernel: [    0.080810] OMAP DMA hardware revision 5.0
Mar  5 09:37:51 vader-rover kernel: [    0.087829] bio: create slab <bio-0> at 0
Mar  5 09:37:51 vader-rover kernel: [    0.088531] fixed-dummy: 
Mar  5 09:37:51 vader-rover kernel: [    0.088623] reg-fixed-voltage reg-fixed-voltage.0: fixed-dummy supplying 0uV
Mar  5 09:37:51 vader-rover kernel: [    0.088806] vads7846: override min_uV, 1 -> 3300000
Mar  5 09:37:51 vader-rover kernel: [    0.088806] vads7846: override max_uV, 2147483647 -> 3300000
Mar  5 09:37:51 vader-rover kernel: [    0.088836] vads7846: 3300 mV 
Mar  5 09:37:51 vader-rover kernel: [    0.088928] reg-fixed-voltage reg-fixed-voltage.1: vads7846 supplying 3300000uV
Mar  5 09:37:51 vader-rover kernel: [    0.089538] SCSI subsystem initialized
Mar  5 09:37:51 vader-rover kernel: [    0.089843] usbcore: registered new interface driver usbfs
Mar  5 09:37:51 vader-rover kernel: [    0.089965] usbcore: registered new interface driver hub
Mar  5 09:37:51 vader-rover kernel: [    0.090209] usbcore: registered new device driver usb
Mar  5 09:37:51 vader-rover kernel: [    0.090637] omap_i2c omap_i2c.1: bus 1 rev1.4.0 at 2600 kHz
Mar  5 09:37:51 vader-rover kernel: [    0.093170] twl 1-0048: PIH (irq 7) chaining IRQs 320..328
Mar  5 09:37:51 vader-rover kernel: [    0.093322] twl 1-0048: power (irq 325) chaining IRQs 328..335
Mar  5 09:37:51 vader-rover kernel: [    0.093933] twl4030_gpio twl4030_gpio: gpio (irq 320) chaining IRQs 336..353
Mar  5 09:37:51 vader-rover kernel: [    0.094268] gpiochip_add: registered GPIOs 192 to 211 on device: twl4030
Mar  5 09:37:51 vader-rover kernel: [    0.094940] VUSB1V5: override min_uV, 1 -> 1500000
Mar  5 09:37:51 vader-rover kernel: [    0.094970] VUSB1V5: override max_uV, 2147483647 -> 1500000
Mar  5 09:37:51 vader-rover kernel: [    0.094970] VUSB1V5: 1500 mV normal standby
Mar  5 09:37:51 vader-rover kernel: [    0.095428] VUSB1V8: override min_uV, 1 -> 1800000
Mar  5 09:37:51 vader-rover kernel: [    0.095458] VUSB1V8: override max_uV, 2147483647 -> 1800000
Mar  5 09:37:51 vader-rover kernel: [    0.095458] VUSB1V8: 1800 mV normal standby
Mar  5 09:37:51 vader-rover kernel: [    0.095855] VUSB3V1: override min_uV, 1 -> 3100000
Mar  5 09:37:51 vader-rover kernel: [    0.095855] VUSB3V1: override max_uV, 2147483647 -> 3100000
Mar  5 09:37:51 vader-rover kernel: [    0.095886] VUSB3V1: 3100 mV normal standby
Mar  5 09:37:51 vader-rover kernel: [    0.097320] twl4030_usb twl4030_usb: HW_CONDITIONS 0x10/16; link 0
Mar  5 09:37:51 vader-rover kernel: [    0.097534] twl4030_usb twl4030_usb: Initialized TWL4030 USB module
Mar  5 09:37:51 vader-rover kernel: [    0.098022] vdd_mpu_iva: 600 <--> 1450 mV normal 
Mar  5 09:37:51 vader-rover kernel: [    0.098449] vdd_core: 600 <--> 1450 mV normal 
Mar  5 09:37:51 vader-rover kernel: [    0.098907] VMMC1: 1850 <--> 3150 mV at 3000 mV normal standby
Mar  5 09:37:51 vader-rover kernel: [    0.099426] VDAC: 1800 mV normal standby
Mar  5 09:37:51 vader-rover kernel: [    0.099914] VDVI: 1800 mV normal standby
Mar  5 09:37:51 vader-rover kernel: [    0.100372] omap_i2c omap_i2c.3: bus 3 rev1.4.0 at 400 kHz
Mar  5 09:37:51 vader-rover kernel: [    0.101135] omap-iommu omap-iommu.0: isp registered
Mar  5 09:37:51 vader-rover kernel: [    0.101318] Advanced Linux Sound Architecture Driver Version 1.0.25.
Mar  5 09:37:51 vader-rover kernel: [    0.102203] Switching to clocksource 32k_counter
Mar  5 09:37:51 vader-rover kernel: [    0.126770] usbhs_omap usbhs_omap: xclk60mhsp2_ck set parentfailed error:-22
Mar  5 09:37:51 vader-rover kernel: [    0.127563] NET: Registered protocol family 2
Mar  5 09:37:51 vader-rover kernel: [    0.127868] IP route cache hash table entries: 4096 (order: 2, 16384 bytes)
Mar  5 09:37:51 vader-rover kernel: [    0.128387] TCP established hash table entries: 16384 (order: 5, 131072 bytes)
Mar  5 09:37:51 vader-rover kernel: [    0.128723] TCP bind hash table entries: 16384 (order: 4, 65536 bytes)
Mar  5 09:37:51 vader-rover kernel: [    0.128906] TCP: Hash tables configured (established 16384 bind 16384)
Mar  5 09:37:51 vader-rover kernel: [    0.128936] TCP: reno registered
Mar  5 09:37:51 vader-rover kernel: [    0.128936] UDP hash table entries: 256 (order: 0, 4096 bytes)
Mar  5 09:37:51 vader-rover kernel: [    0.128997] UDP-Lite hash table entries: 256 (order: 0, 4096 bytes)
Mar  5 09:37:51 vader-rover kernel: [    0.129302] NET: Registered protocol family 1
Mar  5 09:37:51 vader-rover kernel: [    0.129821] RPC: Registered named UNIX socket transport module.
Mar  5 09:37:51 vader-rover kernel: [    0.129852] RPC: Registered udp transport module.
Mar  5 09:37:51 vader-rover kernel: [    0.129852] RPC: Registered tcp transport module.
Mar  5 09:37:51 vader-rover kernel: [    0.129882] RPC: Registered tcp NFSv4.1 backchannel transport module.
Mar  5 09:37:51 vader-rover kernel: [    0.130157] Trying to unpack rootfs image as initramfs...
Mar  5 09:37:51 vader-rover kernel: [    0.279632] Freeing initrd memory: 1828K
Mar  5 09:37:51 vader-rover kernel: [    0.281982] audit: initializing netlink socket (disabled)
Mar  5 09:37:51 vader-rover kernel: [    0.282165] type=2000 audit(0.281:1): initialized
Mar  5 09:37:51 vader-rover kernel: [    0.283538] VFS: Disk quotas dquot_6.5.2
Mar  5 09:37:51 vader-rover kernel: [    0.283660] Dquot-cache hash table entries: 1024 (order 0, 4096 bytes)
Mar  5 09:37:51 vader-rover kernel: [    0.284027] NFS: Registering the id_resolver key type
Mar  5 09:37:51 vader-rover kernel: [    0.284118] Key type id_resolver registered
Mar  5 09:37:51 vader-rover kernel: [    0.284576] jffs2: version 2.2. (NAND) (SUMMARY)  Â© 2001-2006 Red Hat, Inc.
Mar  5 09:37:51 vader-rover kernel: [    0.285217] fuse init (API version 7.19)
Mar  5 09:37:51 vader-rover kernel: [    0.285736] msgmni has been set to 971
Mar  5 09:37:51 vader-rover kernel: [    0.287414] Block layer SCSI generic (bsg) driver version 0.4 loaded (major 253)
Mar  5 09:37:51 vader-rover kernel: [    0.287445] io scheduler noop registered
Mar  5 09:37:51 vader-rover kernel: [    0.287475] io scheduler deadline registered (default)
Mar  5 09:37:51 vader-rover kernel: [    0.288238] OMAP DSS rev 2.0
Mar  5 09:37:51 vader-rover kernel: [    0.291381] omap_uart.0: ttyO0 at MMIO 0x4806a000 (irq = 72) is a OMAP UART0
Mar  5 09:37:51 vader-rover kernel: [    0.291870] omap_uart.1: ttyO1 at MMIO 0x4806c000 (irq = 73) is a OMAP UART1
Mar  5 09:37:51 vader-rover kernel: [    0.292297] omap_uart.2: ttyO2 at MMIO 0x49020000 (irq = 74) is a OMAP UART2
Mar  5 09:37:51 vader-rover kernel: [    0.992828] console [ttyO2] enabled
Mar  5 09:37:51 vader-rover kernel: [    0.996948] omap_uart.3: ttyO3 at MMIO 0x49042000 (irq = 80) is a OMAP UART3
Mar  5 09:37:51 vader-rover kernel: [    1.011871] brd: module loaded
Mar  5 09:37:51 vader-rover kernel: [    1.018951] loop: module loaded
Mar  5 09:37:51 vader-rover kernel: [    1.024291] twl4030_madc twl4030_madc: clk disabled, enabling
Mar  5 09:37:51 vader-rover kernel: [    1.032257] NAND device: Manufacturer ID: 0x2c, Chip ID: 0xbc (Micron NAND 512MiB 1,8V 16-bit), page size: 2048, OOB size: 64
Mar  5 09:37:51 vader-rover kernel: [    1.057037] Creating 5 MTD partitions on "omap2-nand.0":
Mar  5 09:37:51 vader-rover kernel: [    1.062683] 0x000000000000-0x000000080000 : "xloader"
Mar  5 09:37:51 vader-rover kernel: [    1.069580] 0x000000080000-0x000000240000 : "uboot"
Mar  5 09:37:51 vader-rover kernel: [    1.076934] 0x000000240000-0x000000280000 : "uboot environment"
Mar  5 09:37:51 vader-rover kernel: [    1.084320] 0x000000280000-0x000000680000 : "linux"
Mar  5 09:37:51 vader-rover kernel: [    1.093170] 0x000000680000-0x000020000000 : "rootfs"
Mar  5 09:37:51 vader-rover kernel: [    1.451751] smsc911x: Driver version 2008-10-21
Mar  5 09:37:51 vader-rover kernel: [    1.457000] smsc911x: Driver version 2008-10-21
Mar  5 09:37:51 vader-rover kernel: [    1.462188] usbcore: registered new interface driver asix
Mar  5 09:37:51 vader-rover kernel: [    1.467956] usbcore: registered new interface driver cdc_ether
Mar  5 09:37:51 vader-rover kernel: [    1.474212] usbcore: registered new interface driver cdc_ncm
Mar  5 09:37:51 vader-rover kernel: [    1.480499] ehci_hcd: USB 2.0 'Enhanced' Host Controller (EHCI) Driver
Mar  5 09:37:51 vader-rover kernel: [    1.487365] ehci_hcd: block sizes: qh 64 qtd 96 itd 160 sitd 96
Mar  5 09:37:51 vader-rover kernel: [    1.487518] ehci-omap ehci-omap.0: failed to get ehci port1 regulator
Mar  5 09:37:51 vader-rover kernel: [    2.492980] ehci-omap ehci-omap.0: phy reset operation timed out
Mar  5 09:37:51 vader-rover kernel: [    2.493011] ehci-omap ehci-omap.0: reset hcs_params 0x1313 dbg=0 cc=1 pcc=3 ordered ports=3
Mar  5 09:37:51 vader-rover kernel: [    2.493011] ehci-omap ehci-omap.0: reset hcc_params 0016 thresh 1 uframes 256/512/1024 park
Mar  5 09:37:51 vader-rover kernel: [    2.493041] ehci-omap ehci-omap.0: reset command 0080b02  park=3 ithresh=8 period=1024 Reset HALT
Mar  5 09:37:51 vader-rover kernel: [    2.493072] ehci-omap ehci-omap.0: OMAP-EHCI Host Controller
Mar  5 09:37:51 vader-rover kernel: [    2.499298] ehci-omap ehci-omap.0: new USB bus registered, assigned bus number 1
Mar  5 09:37:51 vader-rover kernel: [    2.507202] ehci-omap ehci-omap.0: park 0
Mar  5 09:37:51 vader-rover kernel: [    2.507232] ehci-omap ehci-omap.0: irq 77, io mem 0x48064800
Mar  5 09:37:51 vader-rover kernel: [    2.513244] ehci-omap ehci-omap.0: init command 0010005 (park)=0 ithresh=1 period=512 RUN
Mar  5 09:37:51 vader-rover kernel: [    2.524291] ehci-omap ehci-omap.0: USB 2.0 started, EHCI 1.00
Mar  5 09:37:51 vader-rover kernel: [    2.530487] usb usb1: default language 0x0409
Mar  5 09:37:51 vader-rover kernel: [    2.530517] usb usb1: udev 1, busnum 1, minor = 0
Mar  5 09:37:51 vader-rover kernel: [    2.530517] usb usb1: New USB device found, idVendor=1d6b, idProduct=0002
Mar  5 09:37:51 vader-rover kernel: [    2.537689] usb usb1: New USB device strings: Mfr=3, Product=2, SerialNumber=1
Mar  5 09:37:51 vader-rover kernel: [    2.545288] usb usb1: Product: OMAP-EHCI Host Controller
Mar  5 09:37:51 vader-rover kernel: [    2.550903] usb usb1: Manufacturer: Linux 3.5.0-2-linaro-omap ehci_hcd
Mar  5 09:37:51 vader-rover kernel: [    2.557769] usb usb1: SerialNumber: ehci-omap.0
Mar  5 09:37:51 vader-rover kernel: [    2.563018] usb usb1: usb_probe_device
Mar  5 09:37:51 vader-rover kernel: [    2.563018] usb usb1: configuration #1 chosen from 1 choice
Mar  5 09:37:51 vader-rover kernel: [    2.563079] usb usb1: adding 1-0:1.0 (config #1, interface 0)
Mar  5 09:37:51 vader-rover kernel: [    2.563232] hub 1-0:1.0: usb_probe_interface
Mar  5 09:37:51 vader-rover kernel: [    2.563232] hub 1-0:1.0: usb_probe_interface - got id
Mar  5 09:37:51 vader-rover kernel: [    2.563262] hub 1-0:1.0: USB hub found
Mar  5 09:37:51 vader-rover kernel: [    2.567260] hub 1-0:1.0: 3 ports detected
Mar  5 09:37:51 vader-rover kernel: [    2.571502] hub 1-0:1.0: standalone hub
Mar  5 09:37:51 vader-rover kernel: [    2.571502] hub 1-0:1.0: individual port power switching
Mar  5 09:37:51 vader-rover kernel: [    2.571502] hub 1-0:1.0: individual port over-current protection
Mar  5 09:37:51 vader-rover kernel: [    2.571533] hub 1-0:1.0: power on to power good time: 20ms
Mar  5 09:37:51 vader-rover kernel: [    2.571563] hub 1-0:1.0: local power source is good
Mar  5 09:37:51 vader-rover kernel: [    2.571563] hub 1-0:1.0: enabling power on all ports
Mar  5 09:37:51 vader-rover kernel: [    2.571868] ehci-omap ehci-omap.0: ...powerup ports...
Mar  5 09:37:51 vader-rover kernel: [    2.602569] Initializing USB Mass Storage driver...
Mar  5 09:37:51 vader-rover kernel: [    2.607849] usbcore: registered new interface driver usb-storage
Mar  5 09:37:51 vader-rover kernel: [    2.614227] USB Mass Storage support registered.
Mar  5 09:37:51 vader-rover kernel: [    2.619079] musb-hdrc: version 6.0, ?dma?, otg (peripheral+host)
Mar  5 09:37:51 vader-rover kernel: [    2.631042] twl4030_usb twl4030_usb: twl4030_phy_resume
Mar  5 09:37:51 vader-rover kernel: [    2.631286] musb-hdrc: ConfigData=0xde (UTMI-8, dyn FIFOs, bulk combine, bulk split, HB-ISO Rx, HB-ISO Tx, SoftConn)
Mar  5 09:37:51 vader-rover kernel: [    2.631317] musb-hdrc: MHDRC RTL version 1.800 
Mar  5 09:37:51 vader-rover kernel: [    2.631317] musb-hdrc: setup fifo_mode 4
Mar  5 09:37:51 vader-rover kernel: [    2.631347] musb-hdrc: 28/31 max ep, 16384/16384 memory
Mar  5 09:37:51 vader-rover kernel: [    2.631774] musb-hdrc musb-hdrc: USB OTG mode controller at fa0ab000 using DMA, IRQ 92
Mar  5 09:37:51 vader-rover kernel: [    2.641998] twl4030_usb twl4030_usb: twl4030_phy_suspend
Mar  5 09:37:51 vader-rover kernel: [    2.642486] mousedev: PS/2 mouse device common for all mice
Mar  5 09:37:51 vader-rover kernel: [    2.649017] twl_rtc twl_rtc: Enabling TWL-RTC
Mar  5 09:37:51 vader-rover kernel: [    2.656219] twl_rtc twl_rtc: rtc core: registered twl_rtc as rtc0
Mar  5 09:37:51 vader-rover kernel: [    2.663452] i2c /dev entries driver
Mar  5 09:37:51 vader-rover kernel: [    2.668518] voltdm_scale: No voltage scale API registered for vdd_mpu_iva
Mar  5 09:37:51 vader-rover kernel: [    2.675781] ehci-omap ehci-omap.0: GetStatus port:2 status 001803 0  ACK POWER sig=j CSC CONNECT
Mar  5 09:37:51 vader-rover kernel: [    2.675781] hub 1-0:1.0: port 2: status 0501 change 0001
Mar  5 09:37:51 vader-rover kernel: [    2.675842] platform mpu.0: omap_target: unable to scale voltage up.
Mar  5 09:37:51 vader-rover kernel: [    2.682556] cpuidle: using governor ladder
Mar  5 09:37:51 vader-rover kernel: [    2.686889] cpuidle: using governor menu
Mar  5 09:37:51 vader-rover kernel: [    2.691528] omap_hsmmc omap_hsmmc.0: Failed to get debounce clk
Mar  5 09:37:51 vader-rover kernel: [    2.774353] hub 1-0:1.0: state 7 ports 3 chg 0004 evt 0000
Mar  5 09:37:51 vader-rover kernel: [    2.774383] hub 1-0:1.0: port 2, status 0501, change 0000, 480 Mb/s
Mar  5 09:37:51 vader-rover kernel: [    2.836853] ehci-omap ehci-omap.0: port 2 reset complete, port enabled
Mar  5 09:37:51 vader-rover kernel: [    2.836853] ehci-omap ehci-omap.0: GetStatus port:2 status 001005 0  ACK POWER sig=se0 PE CONNECT
Mar  5 09:37:51 vader-rover kernel: [    2.899291] usb 1-2: new high-speed USB device number 2 using ehci-omap
Mar  5 09:37:51 vader-rover kernel: [    2.961822] ehci-omap ehci-omap.0: port 2 reset complete, port enabled
Mar  5 09:37:51 vader-rover kernel: [    2.961853] ehci-omap ehci-omap.0: GetStatus port:2 status 001005 0  ACK POWER sig=se0 PE CONNECT
Mar  5 09:37:51 vader-rover kernel: [    3.055908] usb 1-2: udev 2, busnum 1, minor = 1
Mar  5 09:37:51 vader-rover kernel: [    3.055938] usb 1-2: New USB device found, idVendor=0409, idProduct=005a
Mar  5 09:37:51 vader-rover kernel: [    3.062988] usb 1-2: New USB device strings: Mfr=0, Product=0, SerialNumber=0
Mar  5 09:37:51 vader-rover kernel: [    3.070892] usb 1-2: usb_probe_device
Mar  5 09:37:51 vader-rover kernel: [    3.070892] usb 1-2: configuration #1 chosen from 1 choice
Mar  5 09:37:51 vader-rover kernel: [    3.071075] usb 1-2: adding 1-2:1.0 (config #1, interface 0)
Mar  5 09:37:51 vader-rover kernel: [    3.071655] omap_hsmmc omap_hsmmc.1: Failed to get debounce clk
Mar  5 09:37:51 vader-rover kernel: [    3.078277] hub 1-2:1.0: usb_probe_interface
Mar  5 09:37:51 vader-rover kernel: [    3.078308] hub 1-2:1.0: usb_probe_interface - got id
Mar  5 09:37:51 vader-rover kernel: [    3.078308] hub 1-2:1.0: USB hub found
Mar  5 09:37:51 vader-rover kernel: [    3.082519] hub 1-2:1.0: 4 ports detected
Mar  5 09:37:51 vader-rover kernel: [    3.087646] hub 1-2:1.0: standalone hub
Mar  5 09:37:51 vader-rover kernel: [    3.087646] hub 1-2:1.0: individual port power switching
Mar  5 09:37:51 vader-rover kernel: [    3.087646] hub 1-2:1.0: individual port over-current protection
Mar  5 09:37:51 vader-rover kernel: [    3.087677] hub 1-2:1.0: Single TT
Mar  5 09:37:51 vader-rover kernel: [    3.087677] hub 1-2:1.0: TT requires at most 16 FS bit times (1332 ns)
Mar  5 09:37:51 vader-rover kernel: [    3.087707] hub 1-2:1.0: power on to power good time: 100ms
Mar  5 09:37:51 vader-rover kernel: [    3.089630] hub 1-2:1.0: local power source is good
Mar  5 09:37:51 vader-rover kernel: [    3.089630] hub 1-2:1.0: enabling power on all ports
Mar  5 09:37:51 vader-rover kernel: [    3.118530] Registered led device: overo:red:gpio21
Mar  5 09:37:51 vader-rover kernel: [    3.118652] Registered led device: overo:blue:gpio22
Mar  5 09:37:51 vader-rover kernel: [    3.119537] Registered led device: overo:blue:COM
Mar  5 09:37:51 vader-rover kernel: [    3.121002] usbcore: registered new interface driver usbhid
Mar  5 09:37:51 vader-rover kernel: [    3.126922] usbhid: USB HID core driver
Mar  5 09:37:51 vader-rover kernel: [    3.131561] usbcore: registered new interface driver snd-usb-audio
Mar  5 09:37:51 vader-rover kernel: [    3.139221] overo SoC init
Mar  5 09:37:51 vader-rover kernel: [    3.142303] soc-audio soc-audio: ASoC machine overo should use snd_soc_register_card()
Mar  5 09:37:51 vader-rover kernel: [    3.188629] hub 1-2:1.0: port 2: status 0101 change 0001
Mar  5 09:37:51 vader-rover kernel: [    3.188873] hub 1-2:1.0: port 3: status 0101 change 0001
Mar  5 09:37:51 vader-rover kernel: [    3.189117] hub 1-2:1.0: port 4: status 0101 change 0001
Mar  5 09:37:51 vader-rover kernel: [    3.235900] twl4030-codec twl4030-codec: ASoC: Failed to create Capture debugfs file
Mar  5 09:37:51 vader-rover kernel: [    3.247406] asoc: twl4030-hifi <-> omap-mcbsp.2 mapping ok
Mar  5 09:37:51 vader-rover kernel: [    3.256988] oprofile: hardware counters not available
Mar  5 09:37:51 vader-rover kernel: [    3.262359] oprofile: using timer interrupt.
Mar  5 09:37:51 vader-rover kernel: [    3.267730] TCP: cubic registered
Mar  5 09:37:51 vader-rover kernel: [    3.271240] NET: Registered protocol family 17
Mar  5 09:37:51 vader-rover kernel: [    3.275970] NET: Registered protocol family 15
Mar  5 09:37:51 vader-rover kernel: [    3.280761] Key type dns_resolver registered
Mar  5 09:37:51 vader-rover kernel: [    3.285461] VFP support v0.3: implementor 41 architecture 3 part 30 variant c rev 3
Mar  5 09:37:51 vader-rover kernel: [    3.293640] usb 1-2: link qh256-0001/de6c6b00 start 1 [1/0 us]
Mar  5 09:37:51 vader-rover kernel: [    3.293701] hub 1-2:1.0: state 7 ports 4 chg 001c evt 0000
Mar  5 09:37:51 vader-rover kernel: [    3.294464] hub 1-2:1.0: port 2, status 0101, change 0000, 12 Mb/s
Mar  5 09:37:51 vader-rover kernel: [    3.298980] ThumbEE CPU extension supported.
Mar  5 09:37:51 vader-rover kernel: [    3.303497] sr_init: No PMIC hook to init smartreflex
Mar  5 09:37:51 vader-rover kernel: [    3.309051] smartreflex smartreflex.0: omap_sr_probe: SmartReflex driver initialized
Mar  5 09:37:51 vader-rover kernel: [    3.317932] smartreflex smartreflex.1: omap_sr_probe: SmartReflex driver initialized
Mar  5 09:37:51 vader-rover kernel: [    3.332794] clock: disabling unused clocks to save power
Mar  5 09:37:51 vader-rover kernel: [    3.339416] registered taskstats version 1
Mar  5 09:37:51 vader-rover kernel: [    3.344818] fbcvt: 1024x768@60: CVT Name - .786M3-R
Mar  5 09:37:51 vader-rover kernel: [    3.369812] Console: switching to colour frame buffer device 128x48
Mar  5 09:37:51 vader-rover kernel: [    3.376037] usb 1-2.2: new high-speed USB device number 3 using ehci-omap
Mar  5 09:37:51 vader-rover kernel: [    3.395355] VDAC: incomplete constraints, leaving on
Mar  5 09:37:51 vader-rover kernel: [    3.403198] twl_rtc twl_rtc: setting system clock to 2014-03-05 14:37:41 UTC (1394030261)
Mar  5 09:37:51 vader-rover kernel: [    3.412078] ALSA device list:
Mar  5 09:37:51 vader-rover kernel: [    3.415405]   #0: overo
Mar  5 09:37:51 vader-rover kernel: [    3.418945] Freeing init memory: 220K
Mar  5 09:37:51 vader-rover kernel: [    3.498291] usb 1-2.2: default language 0x0409
Mar  5 09:37:51 vader-rover kernel: [    3.507202] usb 1-2.2: udev 3, busnum 1, minor = 2
Mar  5 09:37:51 vader-rover kernel: [    3.507232] usb 1-2.2: New USB device found, idVendor=1e10, idProduct=2004
Mar  5 09:37:51 vader-rover kernel: [    3.524444] usb 1-2.2: New USB device strings: Mfr=1, Product=2, SerialNumber=3
Mar  5 09:37:51 vader-rover kernel: [    3.538391] usb 1-2.2: Product: USB 2.0 Digital Imaging Camera
Mar  5 09:37:51 vader-rover kernel: [    3.550903] usb 1-2.2: Manufacturer: Point Grey Research
Mar  5 09:37:51 vader-rover kernel: [    3.562805] usb 1-2.2: SerialNumber: 00CAABB3
Mar  5 09:37:51 vader-rover kernel: [    3.574157] mmc0: host does not support reading read-only switch. assuming write-enable.
Mar  5 09:37:51 vader-rover kernel: [    3.583526] usb 1-2.2: usb_probe_device
Mar  5 09:37:51 vader-rover kernel: [    3.583526] usb 1-2.2: configuration #1 chosen from 1 choice
Mar  5 09:37:51 vader-rover kernel: [    3.585418] usb 1-2.2: adding 1-2.2:1.0 (config #1, interface 0)
Mar  5 09:37:51 vader-rover kernel: [    3.586181] hub 1-2:1.0: port 3, status 0101, change 0000, 12 Mb/s
Mar  5 09:37:51 vader-rover kernel: [    3.599090] mmc0: new high speed SDXC card at address 59b4
Mar  5 09:37:51 vader-rover kernel: [    3.628387] mmcblk0: mmc0:59b4       59.6 GiB 
Mar  5 09:37:51 vader-rover kernel: [    3.651031]  mmcblk0: p1 p2
Mar  5 09:37:51 vader-rover kernel: [    3.665679] usb 1-2.3: new high-speed USB device number 4 using ehci-omap
Mar  5 09:37:51 vader-rover kernel: [    3.726593] mmc1: new SDIO card at address 0001
Mar  5 09:37:51 vader-rover kernel: [    3.834320] usb 1-2.3: default language 0x0409
Mar  5 09:37:51 vader-rover kernel: [    3.843078] usb 1-2.3: udev 4, busnum 1, minor = 3
Mar  5 09:37:51 vader-rover kernel: [    3.843109] usb 1-2.3: New USB device found, idVendor=1e10, idProduct=2004
Mar  5 09:37:51 vader-rover kernel: [    3.875946] usb 1-2.3: New USB device strings: Mfr=1, Product=2, SerialNumber=3
Mar  5 09:37:51 vader-rover kernel: [    3.915008] usb 1-2.3: Product: USB 2.0 Digital Imaging Camera
Mar  5 09:37:51 vader-rover kernel: [    3.941467] usb 1-2.3: Manufacturer: Point Grey Research
Mar  5 09:37:51 vader-rover kernel: [    3.961914] usb 1-2.3: SerialNumber: 00BB1D77
Mar  5 09:37:51 vader-rover kernel: [    3.982238] usb 1-2.3: usb_probe_device
Mar  5 09:37:51 vader-rover kernel: [    3.982269] usb 1-2.3: configuration #1 chosen from 1 choice
Mar  5 09:37:51 vader-rover kernel: [    3.982696] usb 1-2.3: adding 1-2.3:1.0 (config #1, interface 0)
Mar  5 09:37:51 vader-rover kernel: [    3.983886] hub 1-2:1.0: port 4, status 0101, change 0000, 12 Mb/s
Mar  5 09:37:51 vader-rover kernel: [    4.063659] usb 1-2.4: new high-speed USB device number 5 using ehci-omap
Mar  5 09:37:51 vader-rover kernel: [    4.196777] usb 1-2.4: udev 5, busnum 1, minor = 4
Mar  5 09:37:51 vader-rover kernel: [    4.196807] usb 1-2.4: New USB device found, idVendor=0409, idProduct=005a
Mar  5 09:37:51 vader-rover kernel: [    4.217895] usb 1-2.4: New USB device strings: Mfr=0, Product=0, SerialNumber=0
Mar  5 09:37:51 vader-rover kernel: [    4.241882] usb 1-2.4: usb_probe_device
Mar  5 09:37:51 vader-rover kernel: [    4.241912] usb 1-2.4: configuration #1 chosen from 1 choice
Mar  5 09:37:51 vader-rover kernel: [    4.243164] usb 1-2.4: adding 1-2.4:1.0 (config #1, interface 0)
Mar  5 09:37:51 vader-rover kernel: [    4.243377] hub 1-2.4:1.0: usb_probe_interface
Mar  5 09:37:51 vader-rover kernel: [    4.243377] hub 1-2.4:1.0: usb_probe_interface - got id
Mar  5 09:37:51 vader-rover kernel: [    4.243408] hub 1-2.4:1.0: USB hub found
Mar  5 09:37:51 vader-rover kernel: [    4.262329] hub 1-2.4:1.0: 4 ports detected
Mar  5 09:37:51 vader-rover kernel: [    4.279693] hub 1-2.4:1.0: standalone hub
Mar  5 09:37:51 vader-rover kernel: [    4.279724] hub 1-2.4:1.0: individual port power switching
Mar  5 09:37:51 vader-rover kernel: [    4.279724] hub 1-2.4:1.0: individual port over-current protection
Mar  5 09:37:51 vader-rover kernel: [    4.279754] hub 1-2.4:1.0: Single TT
Mar  5 09:37:51 vader-rover kernel: [    4.279754] hub 1-2.4:1.0: TT requires at most 16 FS bit times (1332 ns)
Mar  5 09:37:51 vader-rover kernel: [    4.279754] hub 1-2.4:1.0: power on to power good time: 100ms
Mar  5 09:37:51 vader-rover kernel: [    4.280242] hub 1-2.4:1.0: local power source is good
Mar  5 09:37:51 vader-rover kernel: [    4.280273] hub 1-2.4:1.0: enabling power on all ports
Mar  5 09:37:51 vader-rover kernel: [    4.281036] hub 1-2:1.0: state 7 ports 4 chg 0000 evt 0010
Mar  5 09:37:51 vader-rover kernel: [    4.376800] usb 1-2.4: link qh256-0001/de0c8f40 start 2 [1/0 us]
Mar  5 09:37:51 vader-rover kernel: [    4.376892] hub 1-2.4:1.0: state 7 ports 4 chg 0000 evt 0000
Mar  5 09:37:51 vader-rover kernel: [    6.180328] end_request: I/O error, dev mtdblock0, sector 0
Mar  5 09:37:51 vader-rover kernel: [    6.189971] Buffer I/O error on device mtdblock0, logical block 0
Mar  5 09:37:51 vader-rover kernel: [    6.306030] end_request: I/O error, dev mtdblock0, sector 0
Mar  5 09:37:51 vader-rover kernel: [    6.315765] Buffer I/O error on device mtdblock0, logical block 0
Mar  5 09:37:51 vader-rover kernel: [    6.399475] end_request: I/O error, dev mtdblock0, sector 0
Mar  5 09:37:51 vader-rover kernel: [    6.409271] Buffer I/O error on device mtdblock0, logical block 0
Mar  5 09:37:51 vader-rover kernel: [    6.479858] end_request: I/O error, dev mtdblock0, sector 0
Mar  5 09:37:51 vader-rover kernel: [    6.489654] Buffer I/O error on device mtdblock0, logical block 0
Mar  5 09:37:51 vader-rover kernel: [    6.594757] end_request: I/O error, dev mtdblock0, sector 0
Mar  5 09:37:51 vader-rover kernel: [    6.604583] Buffer I/O error on device mtdblock0, logical block 0
Mar  5 09:37:51 vader-rover kernel: [    6.673187] end_request: I/O error, dev mtdblock0, sector 0
Mar  5 09:37:51 vader-rover kernel: [    6.682983] Buffer I/O error on device mtdblock0, logical block 0
Mar  5 09:37:51 vader-rover kernel: [    6.735595] end_request: I/O error, dev mtdblock0, sector 0
Mar  5 09:37:51 vader-rover kernel: [    6.745361] Buffer I/O error on device mtdblock0, logical block 0
Mar  5 09:37:51 vader-rover kernel: [    6.780761] end_request: I/O error, dev mtdblock0, sector 0
Mar  5 09:37:51 vader-rover kernel: [    6.790496] Buffer I/O error on device mtdblock0, logical block 0
Mar  5 09:37:51 vader-rover kernel: [    6.827972] end_request: I/O error, dev mtdblock0, sector 0
Mar  5 09:37:51 vader-rover kernel: [    6.837738] Buffer I/O error on device mtdblock0, logical block 0
Mar  5 09:37:51 vader-rover kernel: [    6.879760] end_request: I/O error, dev mtdblock0, sector 0
Mar  5 09:37:51 vader-rover kernel: [    6.889526] Buffer I/O error on device mtdblock0, logical block 0
Mar  5 09:37:51 vader-rover kernel: [    6.944061] end_request: I/O error, dev mtdblock0, sector 0
Mar  5 09:37:51 vader-rover kernel: [    6.976074] end_request: I/O error, dev mtdblock0, sector 0
Mar  5 09:37:51 vader-rover kernel: [    7.001159] end_request: I/O error, dev mtdblock0, sector 0
Mar  5 09:37:51 vader-rover kernel: [    7.010986] hub 1-2.4:1.0: hub_suspend
Mar  5 09:37:51 vader-rover kernel: [    7.011047] usb 1-2.4: unlink qh256-0001/de0c8f40 start 2 [1/0 us]
Mar  5 09:37:51 vader-rover kernel: [    7.011596] usb 1-2.4: usb auto-suspend, wakeup 1
Mar  5 09:37:51 vader-rover kernel: [    7.027801] end_request: I/O error, dev mtdblock0, sector 0
Mar  5 09:37:51 vader-rover kernel: [    7.055786] end_request: I/O error, dev mtdblock0, sector 0
Mar  5 09:37:51 vader-rover kernel: [    7.085357] end_request: I/O error, dev mtdblock0, sector 0
Mar  5 09:37:51 vader-rover kernel: [    7.111541] end_request: I/O error, dev mtdblock0, sector 0
Mar  5 09:37:51 vader-rover kernel: [    7.139099] end_request: I/O error, dev mtdblock0, sector 8
Mar  5 09:37:51 vader-rover kernel: [    7.152252] ads7846 spi1.0: touchscreen, irq 210
Mar  5 09:37:51 vader-rover kernel: [    7.152496] ads7846 spi1.0: no device detected, test read result was 0x00000FFF
Mar  5 09:37:51 vader-rover kernel: [    7.167144] end_request: I/O error, dev mtdblock0, sector 8
Mar  5 09:37:51 vader-rover kernel: [    7.188720] end_request: I/O error, dev mtdblock0, sector 8
Mar  5 09:37:51 vader-rover kernel: [    7.206726] Linux media interface: v0.10
Mar  5 09:37:51 vader-rover kernel: [    7.215637] end_request: I/O error, dev mtdblock0, sector 8
Mar  5 09:37:51 vader-rover kernel: [    7.240631] end_request: I/O error, dev mtdblock0, sector 24
Mar  5 09:37:51 vader-rover kernel: [    7.265167] end_request: I/O error, dev mtdblock0, sector 24
Mar  5 09:37:51 vader-rover kernel: [    7.287445] end_request: I/O error, dev mtdblock0, sector 24
Mar  5 09:37:51 vader-rover kernel: [    7.296905] Linux video capture interface: v2.00
Mar  5 09:37:51 vader-rover kernel: [    7.312774] end_request: I/O error, dev mtdblock0, sector 24
Mar  5 09:37:51 vader-rover kernel: [    7.338684] end_request: I/O error, dev mtdblock0, sector 56
Mar  5 09:37:51 vader-rover kernel: [    7.363922] end_request: I/O error, dev mtdblock0, sector 56
Mar  5 09:37:51 vader-rover kernel: [    7.392913] end_request: I/O error, dev mtdblock0, sector 56
Mar  5 09:37:51 vader-rover kernel: [    7.420288] end_request: I/O error, dev mtdblock0, sector 56
Mar  5 09:37:51 vader-rover kernel: [    7.444793] end_request: I/O error, dev mtdblock0, sector 120
Mar  5 09:37:51 vader-rover kernel: [    7.473480] omap3isp omap3isp: Revision 15.0 found
Mar  5 09:37:51 vader-rover kernel: [    7.473602] omap-iommu omap-iommu.0: isp: version 1.1
Mar  5 09:37:51 vader-rover kernel: [    7.475006] end_request: I/O error, dev mtdblock0, sector 120
Mar  5 09:37:51 vader-rover kernel: [    7.505279] end_request: I/O error, dev mtdblock0, sector 120
Mar  5 09:37:51 vader-rover kernel: [    7.524078] lib80211: common routines for IEEE802.11 drivers
Mar  5 09:37:51 vader-rover kernel: [    7.524108] lib80211_crypt: registered algorithm 'NULL'
Mar  5 09:37:51 vader-rover kernel: [    7.529785] end_request: I/O error, dev mtdblock0, sector 120
Mar  5 09:37:51 vader-rover kernel: [    7.562347] end_request: I/O error, dev mtdblock0, sector 0
Mar  5 09:37:51 vader-rover kernel: [    7.588470] end_request: I/O error, dev mtdblock0, sector 0
Mar  5 09:37:51 vader-rover kernel: [    7.610595] mt9v032 3-005c: Probing MT9V032 at address 0x5c
Mar  5 09:37:51 vader-rover kernel: [    7.610809] mt9v032 3-005c: MT9V032 power up failed
Mar  5 09:37:51 vader-rover kernel: [    7.618652] end_request: I/O error, dev mtdblock0, sector 8
Mar  5 09:37:51 vader-rover kernel: [    7.633148] end_request: I/O error, dev mtdblock0, sector 8
Mar  5 09:37:51 vader-rover kernel: [    7.649505] end_request: I/O error, dev mtdblock0, sector 24
Mar  5 09:37:51 vader-rover kernel: [    7.671051] end_request: I/O error, dev mtdblock0, sector 24
Mar  5 09:37:51 vader-rover kernel: [    7.694915] end_request: I/O error, dev mtdblock0, sector 56
Mar  5 09:37:51 vader-rover kernel: [    7.718292] end_request: I/O error, dev mtdblock0, sector 56
Mar  5 09:37:51 vader-rover kernel: [    7.741394] end_request: I/O error, dev mtdblock0, sector 120
Mar  5 09:37:51 vader-rover kernel: [    7.761993] isp_register_subdev_group: Unable to register subdev mt9v032
Mar  5 09:37:51 vader-rover kernel: [    7.771392] end_request: I/O error, dev mtdblock0, sector 120
Mar  5 09:37:51 vader-rover kernel: [    7.779724] end_request: I/O error, dev mtdblock0, sector 0
Mar  5 09:37:51 vader-rover kernel: [    7.798461] cfg80211: Calling CRDA to update world regulatory domain
Mar  5 09:37:51 vader-rover kernel: [    7.809478] end_request: I/O error, dev mtdblock0, sector 0
Mar  5 09:37:51 vader-rover kernel: [    7.833312] end_request: I/O error, dev mtdblock0, sector 0
Mar  5 09:37:51 vader-rover kernel: [    7.859466] end_request: I/O error, dev mtdblock0, sector 0
Mar  5 09:37:51 vader-rover kernel: [    7.886138] end_request: I/O error, dev mtdblock0, sector 0
Mar  5 09:37:51 vader-rover kernel: [    7.907440] end_request: I/O error, dev mtdblock0, sector 0
Mar  5 09:37:51 vader-rover kernel: [    7.936096] end_request: I/O error, dev mtdblock0, sector 64
Mar  5 09:37:51 vader-rover kernel: [    7.961822] end_request: I/O error, dev mtdblock0, sector 64
Mar  5 09:37:51 vader-rover kernel: [    7.980499] end_request: I/O error, dev mtdblock0, sector 64
Mar  5 09:37:51 vader-rover kernel: [    8.004119] end_request: I/O error, dev mtdblock0, sector 64
Mar  5 09:37:51 vader-rover kernel: [    8.024017] libertas_sdio: Libertas SDIO driver
Mar  5 09:37:51 vader-rover kernel: [    8.024047] libertas_sdio: Copyright Pierre Ossman
Mar  5 09:37:51 vader-rover kernel: [    8.030364] end_request: I/O error, dev mtdblock0, sector 64
Mar  5 09:37:51 vader-rover kernel: [    8.049011] end_request: I/O error, dev mtdblock0, sector 64
Mar  5 09:37:51 vader-rover kernel: [    8.078155] end_request: I/O error, dev mtdblock0, sector 64
Mar  5 09:37:51 vader-rover kernel: [    8.098144] end_request: I/O error, dev mtdblock0, sector 64
Mar  5 09:37:51 vader-rover kernel: [    8.119354] end_request: I/O error, dev mtdblock0, sector 64
Mar  5 09:37:51 vader-rover kernel: [    8.136138] end_request: I/O error, dev mtdblock0, sector 0
Mar  5 09:37:51 vader-rover kernel: [    8.156982] end_request: I/O error, dev mtdblock0, sector 0
Mar  5 09:37:51 vader-rover kernel: [    8.172058] end_request: I/O error, dev mtdblock0, sector 0
Mar  5 09:37:51 vader-rover kernel: [    8.188568] end_request: I/O error, dev mtdblock0, sector 0
Mar  5 09:37:51 vader-rover kernel: [    8.204193] end_request: I/O error, dev mtdblock0, sector 0
Mar  5 09:37:51 vader-rover kernel: [    8.218688] end_request: I/O error, dev mtdblock0, sector 16
Mar  5 09:37:51 vader-rover kernel: [    8.238952] end_request: I/O error, dev mtdblock0, sector 0
Mar  5 09:37:51 vader-rover kernel: [    8.259796] end_request: I/O error, dev mtdblock0, sector 0
Mar  5 09:37:51 vader-rover kernel: [    8.278961] end_request: I/O error, dev mtdblock0, sector 0
Mar  5 09:37:51 vader-rover kernel: [    8.317840] end_request: I/O error, dev mtdblock0, sector 0
Mar  5 09:37:51 vader-rover kernel: [    8.359802] end_request: I/O error, dev mtdblock0, sector 0
Mar  5 09:37:51 vader-rover kernel: [    8.390441] end_request: I/O error, dev mtdblock0, sector 0
Mar  5 09:37:51 vader-rover kernel: [    8.421752] end_request: I/O error, dev mtdblock0, sector 0
Mar  5 09:37:51 vader-rover kernel: [    8.445861] end_request: I/O error, dev mtdblock0, sector 0
Mar  5 09:37:51 vader-rover kernel: [    8.464965] end_request: I/O error, dev mtdblock0, sector 0
Mar  5 09:37:51 vader-rover kernel: [    8.485107] end_request: I/O error, dev mtdblock0, sector 0
Mar  5 09:37:51 vader-rover kernel: [    8.508880] end_request: I/O error, dev mtdblock0, sector 0
Mar  5 09:37:51 vader-rover kernel: [    8.522155] end_request: I/O error, dev mtdblock0, sector 0
Mar  5 09:37:51 vader-rover kernel: [    8.539978] end_request: I/O error, dev mtdblock0, sector 0
Mar  5 09:37:51 vader-rover kernel: [    8.558471] end_request: I/O error, dev mtdblock0, sector 0
Mar  5 09:37:51 vader-rover kernel: [    8.579193] end_request: I/O error, dev mtdblock0, sector 0
Mar  5 09:37:51 vader-rover kernel: [    8.602478] end_request: I/O error, dev mtdblock0, sector 0
Mar  5 09:37:51 vader-rover kernel: [    8.621185] end_request: I/O error, dev mtdblock0, sector 0
Mar  5 09:37:51 vader-rover kernel: [    8.639404] end_request: I/O error, dev mtdblock0, sector 0
Mar  5 09:37:51 vader-rover kernel: [    8.660705] end_request: I/O error, dev mtdblock0, sector 8
Mar  5 09:37:51 vader-rover kernel: [    8.684631] end_request: I/O error, dev mtdblock0, sector 0
Mar  5 09:37:51 vader-rover kernel: [    8.704132] end_request: I/O error, dev mtdblock0, sector 0
Mar  5 09:37:51 vader-rover kernel: [    8.720947] end_request: I/O error, dev mtdblock0, sector 0
Mar  5 09:37:51 vader-rover kernel: [    8.739501] end_request: I/O error, dev mtdblock0, sector 0
Mar  5 09:37:51 vader-rover kernel: [    9.093444] end_request: I/O error, dev mtdblock0, sector 0
