Aug 28 15:01:06 vader-rover kernel: imklog 5.8.6, log source = /proc/kmsg started.
Aug 28 15:01:07 vader-rover kernel: [    0.000000] Booting Linux on physical CPU 0
Aug 28 15:01:07 vader-rover kernel: [    0.000000] Initializing cgroup subsys cpuset
Aug 28 15:01:07 vader-rover kernel: [    0.000000] Initializing cgroup subsys cpu
Aug 28 15:01:07 vader-rover kernel: [    0.000000] Linux version 3.5.0-2-linaro-omap (adam@pine) (gcc version 4.6.3 (Ubuntu/Linaro 4.6.3-1ubuntu5) ) #2~ci+121210190143 PREEMPT Mon Dec 10 11:03:27 PST 2012
Aug 28 15:01:07 vader-rover kernel: [    0.000000] CPU: ARMv7 Processor [413fc082] revision 2 (ARMv7), cr=10c53c7d
Aug 28 15:01:07 vader-rover kernel: [    0.000000] CPU: PIPT / VIPT nonaliasing data cache, VIPT aliasing instruction cache
Aug 28 15:01:07 vader-rover kernel: [    0.000000] Machine: Gumstix Overo
Aug 28 15:01:07 vader-rover kernel: [    0.000000] Reserving 12582912 bytes SDRAM for VRAM
Aug 28 15:01:07 vader-rover kernel: [    0.000000] Memory policy: ECC disabled, Data cache writeback
Aug 28 15:01:07 vader-rover kernel: [    0.000000] On node 0 totalpages: 127744
Aug 28 15:01:07 vader-rover kernel: [    0.000000] free_area_init_node: node 0, pgdat c070b85c, node_mem_map c07a7000
Aug 28 15:01:07 vader-rover kernel: [    0.000000]   Normal zone: 1024 pages used for memmap
Aug 28 15:01:07 vader-rover kernel: [    0.000000]   Normal zone: 0 pages reserved
Aug 28 15:01:07 vader-rover kernel: [    0.000000]   Normal zone: 126720 pages, LIFO batch:31
Aug 28 15:01:07 vader-rover kernel: [    0.000000] OMAP3630 ES1.2 (l2cache iva sgx neon isp 192mhz_clk )
Aug 28 15:01:07 vader-rover kernel: [    0.000000] Clocking rate (Crystal/Core/MPU): 26.0/332/600 MHz
Aug 28 15:01:07 vader-rover kernel: [    0.000000] pcpu-alloc: s0 r0 d32768 u32768 alloc=1*32768
Aug 28 15:01:07 vader-rover kernel: [    0.000000] pcpu-alloc: [0] 0 
Aug 28 15:01:07 vader-rover kernel: [    0.000000] Built 1 zonelists in Zone order, mobility grouping on.  Total pages: 126720
Aug 28 15:01:07 vader-rover kernel: [    0.000000] Kernel command line: console=tty0 console=ttyO2,115200n8 root=/dev/mmcblk0p2 rootwait ro earlyprintk mpurate=720 vram=12M omapdss.def_disp=dvi omapfb.mode=dvi:1024x768MR-16@60
Aug 28 15:01:07 vader-rover kernel: [    0.000000] PID hash table entries: 2048 (order: 1, 8192 bytes)
Aug 28 15:01:07 vader-rover kernel: [    0.000000] Dentry cache hash table entries: 65536 (order: 6, 262144 bytes)
Aug 28 15:01:07 vader-rover kernel: [    0.000000] Inode-cache hash table entries: 32768 (order: 5, 131072 bytes)
Aug 28 15:01:07 vader-rover kernel: [    0.000000] allocated 1048576 bytes of page_cgroup
Aug 28 15:01:07 vader-rover kernel: [    0.000000] please try 'cgroup_disable=memory' option if you don't want memory cgroups
Aug 28 15:01:07 vader-rover kernel: [    0.000000] Memory: 499MB = 499MB total
Aug 28 15:01:07 vader-rover kernel: [    0.000000] Memory: 496084k/496084k available, 28204k reserved, 0K highmem
Aug 28 15:01:07 vader-rover kernel: [    0.000000] Virtual kernel memory layout:
Aug 28 15:01:07 vader-rover kernel: [    0.000000]     vector  : 0xffff0000 - 0xffff1000   (   4 kB)
Aug 28 15:01:07 vader-rover kernel: [    0.000000]     fixmap  : 0xfff00000 - 0xfffe0000   ( 896 kB)
Aug 28 15:01:07 vader-rover kernel: [    0.000000]     vmalloc : 0xe0800000 - 0xff000000   ( 488 MB)
Aug 28 15:01:07 vader-rover kernel: [    0.000000]     lowmem  : 0xc0000000 - 0xe0000000   ( 512 MB)
Aug 28 15:01:07 vader-rover kernel: [    0.000000]     pkmap   : 0xbfe00000 - 0xc0000000   (   2 MB)
Aug 28 15:01:07 vader-rover kernel: [    0.000000]     modules : 0xbf000000 - 0xbfe00000   (  14 MB)
Aug 28 15:01:07 vader-rover kernel: [    0.000000]       .text : 0xc0008000 - 0xc067abfc   (6603 kB)
Aug 28 15:01:07 vader-rover kernel: [    0.000000]       .init : 0xc067b000 - 0xc06b2000   ( 220 kB)
Aug 28 15:01:07 vader-rover kernel: [    0.000000]       .data : 0xc06b2000 - 0xc071b268   ( 421 kB)
Aug 28 15:01:07 vader-rover kernel: [    0.000000]        .bss : 0xc071b28c - 0xc07a6020   ( 556 kB)
Aug 28 15:01:07 vader-rover kernel: [    0.000000] NR_IRQS:474
Aug 28 15:01:07 vader-rover kernel: [    0.000000] IRQ: Found an INTC at 0xfa200000 (revision 4.0) with 96 interrupts
Aug 28 15:01:07 vader-rover kernel: [    0.000000] Total of 96 interrupts on 1 active controller
Aug 28 15:01:07 vader-rover kernel: [    0.000000] OMAP clockevent source: GPTIMER1 at 32768 Hz
Aug 28 15:01:07 vader-rover kernel: [    0.000000] sched_clock: 32 bits at 32kHz, resolution 30517ns, wraps every 131071999ms
Aug 28 15:01:07 vader-rover kernel: [    0.000000] OMAP clocksource: 32k_counter at 32768 Hz
Aug 28 15:01:07 vader-rover kernel: [    0.000000] Console: colour dummy device 80x30
Aug 28 15:01:07 vader-rover kernel: [    0.000000] console [tty0] enabled
Aug 28 15:01:07 vader-rover kernel: [    0.001007] Calibrating delay loop... 597.64 BogoMIPS (lpj=2334720)
Aug 28 15:01:07 vader-rover kernel: [    0.039123] pid_max: default: 32768 minimum: 301
Aug 28 15:01:07 vader-rover kernel: [    0.039337] Security Framework initialized
Aug 28 15:01:07 vader-rover kernel: [    0.039459] Mount-cache hash table entries: 512
Aug 28 15:01:07 vader-rover kernel: [    0.040252] Initializing cgroup subsys debug
Aug 28 15:01:07 vader-rover kernel: [    0.040313] Initializing cgroup subsys cpuacct
Aug 28 15:01:07 vader-rover kernel: [    0.040313] Initializing cgroup subsys memory
Aug 28 15:01:07 vader-rover kernel: [    0.040405] Initializing cgroup subsys devices
Aug 28 15:01:07 vader-rover kernel: [    0.040435] Initializing cgroup subsys freezer
Aug 28 15:01:07 vader-rover kernel: [    0.040435] Initializing cgroup subsys perf_event
Aug 28 15:01:07 vader-rover kernel: [    0.040588] CPU: Testing write buffer coherency: ok
Aug 28 15:01:07 vader-rover kernel: [    0.040924] Setting up static identity map for 0x8046ea98 - 0x8046eaf0
Aug 28 15:01:07 vader-rover kernel: [    0.046081] devtmpfs: initialized
Aug 28 15:01:07 vader-rover kernel: [    0.050903] dummy: 
Aug 28 15:01:07 vader-rover kernel: [    0.051300] NET: Registered protocol family 16
Aug 28 15:01:07 vader-rover kernel: [    0.051757] GPMC revision 5.0
Aug 28 15:01:07 vader-rover kernel: [    0.051818] gpmc: irq-20 could not claim: err -22
Aug 28 15:01:07 vader-rover kernel: [    0.054199] gpiochip_add: registered GPIOs 0 to 31 on device: gpio
Aug 28 15:01:07 vader-rover kernel: [    0.054290] OMAP GPIO hardware version 2.5
Aug 28 15:01:07 vader-rover kernel: [    0.054534] gpiochip_add: registered GPIOs 32 to 63 on device: gpio
Aug 28 15:01:07 vader-rover kernel: [    0.054931] gpiochip_add: registered GPIOs 64 to 95 on device: gpio
Aug 28 15:01:07 vader-rover kernel: [    0.055236] gpiochip_add: registered GPIOs 96 to 127 on device: gpio
Aug 28 15:01:07 vader-rover kernel: [    0.055511] gpiochip_add: registered GPIOs 128 to 159 on device: gpio
Aug 28 15:01:07 vader-rover kernel: [    0.055786] gpiochip_add: registered GPIOs 160 to 191 on device: gpio
Aug 28 15:01:07 vader-rover kernel: [    0.056732] omap_mux_init: Add partition: #1: core, flags: 0
Aug 28 15:01:07 vader-rover kernel: [    0.061737] _omap_mux_get_by_name: Could not find signal uart4_rx.uart4_rx
Aug 28 15:01:07 vader-rover kernel: [    0.067596] Reprogramming SDRC clock to 332000000 Hz
Aug 28 15:01:07 vader-rover kernel: [    0.067657] dpll3_m2_clk rate change failed: -22
Aug 28 15:01:07 vader-rover kernel: [    0.067657] Found NAND on CS0
Aug 28 15:01:07 vader-rover kernel: [    0.067687] Registering NAND on CS0
Aug 28 15:01:07 vader-rover kernel: [    0.068908]  usbhs_omap: alias fck already exists
Aug 28 15:01:07 vader-rover kernel: [    0.076416] hw-breakpoint: debug architecture 0x4 unsupported.
Aug 28 15:01:07 vader-rover kernel: [    0.079467]  omap-mcbsp.2: alias fck already exists
Aug 28 15:01:07 vader-rover kernel: [    0.079711]  omap-mcbsp.3: alias fck already exists
Aug 28 15:01:07 vader-rover kernel: [    0.080780] Switched to new clocking rate (Crystal/Core/MPU): 26.0/332/720 MHz
Aug 28 15:01:07 vader-rover kernel: [    0.080993] OMAP DMA hardware revision 5.0
Aug 28 15:01:07 vader-rover kernel: [    0.088012] bio: create slab <bio-0> at 0
Aug 28 15:01:07 vader-rover kernel: [    0.088714] fixed-dummy: 
Aug 28 15:01:07 vader-rover kernel: [    0.088806] reg-fixed-voltage reg-fixed-voltage.0: fixed-dummy supplying 0uV
Aug 28 15:01:07 vader-rover kernel: [    0.088989] vads7846: override min_uV, 1 -> 3300000
Aug 28 15:01:07 vader-rover kernel: [    0.089019] vads7846: override max_uV, 2147483647 -> 3300000
Aug 28 15:01:07 vader-rover kernel: [    0.089019] vads7846: 3300 mV 
Aug 28 15:01:07 vader-rover kernel: [    0.089111] reg-fixed-voltage reg-fixed-voltage.1: vads7846 supplying 3300000uV
Aug 28 15:01:07 vader-rover kernel: [    0.089721] SCSI subsystem initialized
Aug 28 15:01:07 vader-rover kernel: [    0.090026] usbcore: registered new interface driver usbfs
Aug 28 15:01:07 vader-rover kernel: [    0.090148] usbcore: registered new interface driver hub
Aug 28 15:01:07 vader-rover kernel: [    0.090393] usbcore: registered new device driver usb
Aug 28 15:01:07 vader-rover kernel: [    0.090820] omap_i2c omap_i2c.1: bus 1 rev1.4.0 at 2600 kHz
Aug 28 15:01:07 vader-rover kernel: [    0.093383] twl 1-0048: PIH (irq 7) chaining IRQs 320..328
Aug 28 15:01:07 vader-rover kernel: [    0.093505] twl 1-0048: power (irq 325) chaining IRQs 328..335
Aug 28 15:01:07 vader-rover kernel: [    0.094146] twl4030_gpio twl4030_gpio: gpio (irq 320) chaining IRQs 336..353
Aug 28 15:01:07 vader-rover kernel: [    0.094451] gpiochip_add: registered GPIOs 192 to 211 on device: twl4030
Aug 28 15:01:07 vader-rover kernel: [    0.095123] VUSB1V5: override min_uV, 1 -> 1500000
Aug 28 15:01:07 vader-rover kernel: [    0.095153] VUSB1V5: override max_uV, 2147483647 -> 1500000
Aug 28 15:01:07 vader-rover kernel: [    0.095153] VUSB1V5: 1500 mV normal standby
Aug 28 15:01:07 vader-rover kernel: [    0.095611] VUSB1V8: override min_uV, 1 -> 1800000
Aug 28 15:01:07 vader-rover kernel: [    0.095611] VUSB1V8: override max_uV, 2147483647 -> 1800000
Aug 28 15:01:07 vader-rover kernel: [    0.095642] VUSB1V8: 1800 mV normal standby
Aug 28 15:01:07 vader-rover kernel: [    0.096038] VUSB3V1: override min_uV, 1 -> 3100000
Aug 28 15:01:07 vader-rover kernel: [    0.096038] VUSB3V1: override max_uV, 2147483647 -> 3100000
Aug 28 15:01:07 vader-rover kernel: [    0.096069] VUSB3V1: 3100 mV normal standby
Aug 28 15:01:07 vader-rover kernel: [    0.097503] twl4030_usb twl4030_usb: HW_CONDITIONS 0x10/16; link 0
Aug 28 15:01:07 vader-rover kernel: [    0.097717] twl4030_usb twl4030_usb: Initialized TWL4030 USB module
Aug 28 15:01:07 vader-rover kernel: [    0.098205] vdd_mpu_iva: 600 <--> 1450 mV normal 
Aug 28 15:01:07 vader-rover kernel: [    0.098632] vdd_core: 600 <--> 1450 mV normal 
Aug 28 15:01:07 vader-rover kernel: [    0.099090] VMMC1: 1850 <--> 3150 mV at 3000 mV normal standby
Aug 28 15:01:07 vader-rover kernel: [    0.099609] VDAC: 1800 mV normal standby
Aug 28 15:01:07 vader-rover kernel: [    0.100097] VDVI: 1800 mV normal standby
Aug 28 15:01:07 vader-rover kernel: [    0.100555] omap_i2c omap_i2c.3: bus 3 rev1.4.0 at 400 kHz
Aug 28 15:01:07 vader-rover kernel: [    0.101287] omap-iommu omap-iommu.0: isp registered
Aug 28 15:01:07 vader-rover kernel: [    0.101501] Advanced Linux Sound Architecture Driver Version 1.0.25.
Aug 28 15:01:07 vader-rover kernel: [    0.102386] Switching to clocksource 32k_counter
Aug 28 15:01:07 vader-rover kernel: [    0.126892] usbhs_omap usbhs_omap: xclk60mhsp2_ck set parentfailed error:-22
Aug 28 15:01:07 vader-rover kernel: [    0.127685] NET: Registered protocol family 2
Aug 28 15:01:07 vader-rover kernel: [    0.127990] IP route cache hash table entries: 4096 (order: 2, 16384 bytes)
Aug 28 15:01:07 vader-rover kernel: [    0.128540] TCP established hash table entries: 16384 (order: 5, 131072 bytes)
Aug 28 15:01:07 vader-rover kernel: [    0.128845] TCP bind hash table entries: 16384 (order: 4, 65536 bytes)
Aug 28 15:01:07 vader-rover kernel: [    0.129028] TCP: Hash tables configured (established 16384 bind 16384)
Aug 28 15:01:07 vader-rover kernel: [    0.129058] TCP: reno registered
Aug 28 15:01:07 vader-rover kernel: [    0.129089] UDP hash table entries: 256 (order: 0, 4096 bytes)
Aug 28 15:01:07 vader-rover kernel: [    0.129119] UDP-Lite hash table entries: 256 (order: 0, 4096 bytes)
Aug 28 15:01:07 vader-rover kernel: [    0.129425] NET: Registered protocol family 1
Aug 28 15:01:07 vader-rover kernel: [    0.129943] RPC: Registered named UNIX socket transport module.
Aug 28 15:01:07 vader-rover kernel: [    0.129974] RPC: Registered udp transport module.
Aug 28 15:01:07 vader-rover kernel: [    0.130004] RPC: Registered tcp transport module.
Aug 28 15:01:07 vader-rover kernel: [    0.130035] RPC: Registered tcp NFSv4.1 backchannel transport module.
Aug 28 15:01:07 vader-rover kernel: [    0.130279] Trying to unpack rootfs image as initramfs...
Aug 28 15:01:07 vader-rover kernel: [    0.245330] Freeing initrd memory: 1488K
Aug 28 15:01:07 vader-rover kernel: [    0.247650] audit: initializing netlink socket (disabled)
Aug 28 15:01:07 vader-rover kernel: [    0.247741] type=2000 audit(0.242:1): initialized
Aug 28 15:01:07 vader-rover kernel: [    0.249114] VFS: Disk quotas dquot_6.5.2
Aug 28 15:01:07 vader-rover kernel: [    0.249237] Dquot-cache hash table entries: 1024 (order 0, 4096 bytes)
Aug 28 15:01:07 vader-rover kernel: [    0.249572] NFS: Registering the id_resolver key type
Aug 28 15:01:07 vader-rover kernel: [    0.249664] Key type id_resolver registered
Aug 28 15:01:07 vader-rover kernel: [    0.250122] jffs2: version 2.2. (NAND) (SUMMARY)  Â© 2001-2006 Red Hat, Inc.
Aug 28 15:01:07 vader-rover kernel: [    0.250762] fuse init (API version 7.19)
Aug 28 15:01:07 vader-rover kernel: [    0.251373] msgmni has been set to 971
Aug 28 15:01:07 vader-rover kernel: [    0.253082] Block layer SCSI generic (bsg) driver version 0.4 loaded (major 253)
Aug 28 15:01:07 vader-rover kernel: [    0.253112] io scheduler noop registered
Aug 28 15:01:07 vader-rover kernel: [    0.253143] io scheduler deadline registered (default)
Aug 28 15:01:07 vader-rover kernel: [    0.253906] OMAP DSS rev 2.0
Aug 28 15:01:07 vader-rover kernel: [    0.256866] omap_uart.0: ttyO0 at MMIO 0x4806a000 (irq = 72) is a OMAP UART0
Aug 28 15:01:07 vader-rover kernel: [    0.257324] omap_uart.1: ttyO1 at MMIO 0x4806c000 (irq = 73) is a OMAP UART1
Aug 28 15:01:07 vader-rover kernel: [    0.257751] omap_uart.2: ttyO2 at MMIO 0x49020000 (irq = 74) is a OMAP UART2
Aug 28 15:01:07 vader-rover kernel: [    0.958801] console [ttyO2] enabled
Aug 28 15:01:07 vader-rover kernel: [    0.962921] omap_uart.3: ttyO3 at MMIO 0x49042000 (irq = 80) is a OMAP UART3
Aug 28 15:01:07 vader-rover kernel: [    0.977844] brd: module loaded
Aug 28 15:01:07 vader-rover kernel: [    0.984893] loop: module loaded
Aug 28 15:01:07 vader-rover kernel: [    0.990325] twl4030_madc twl4030_madc: clk disabled, enabling
Aug 28 15:01:07 vader-rover kernel: [    0.998168] NAND device: Manufacturer ID: 0x2c, Chip ID: 0xbc (Micron NAND 512MiB 1,8V 16-bit), page size: 2048, OOB size: 64
Aug 28 15:01:07 vader-rover kernel: [    1.023010] Creating 5 MTD partitions on "omap2-nand.0":
Aug 28 15:01:07 vader-rover kernel: [    1.028778] 0x000000000000-0x000000080000 : "xloader"
Aug 28 15:01:07 vader-rover kernel: [    1.035644] 0x000000080000-0x000000240000 : "uboot"
Aug 28 15:01:07 vader-rover kernel: [    1.042999] 0x000000240000-0x000000280000 : "uboot environment"
Aug 28 15:01:07 vader-rover kernel: [    1.050384] 0x000000280000-0x000000680000 : "linux"
Aug 28 15:01:07 vader-rover kernel: [    1.059204] 0x000000680000-0x000020000000 : "rootfs"
Aug 28 15:01:07 vader-rover kernel: [    1.417785] smsc911x: Driver version 2008-10-21
Aug 28 15:01:07 vader-rover kernel: [    1.423065] smsc911x: Driver version 2008-10-21
Aug 28 15:01:07 vader-rover kernel: [    1.428253] usbcore: registered new interface driver asix
Aug 28 15:01:07 vader-rover kernel: [    1.434051] usbcore: registered new interface driver cdc_ether
Aug 28 15:01:07 vader-rover kernel: [    1.440307] usbcore: registered new interface driver cdc_ncm
Aug 28 15:01:07 vader-rover kernel: [    1.446563] ehci_hcd: USB 2.0 'Enhanced' Host Controller (EHCI) Driver
Aug 28 15:01:07 vader-rover kernel: [    1.453430] ehci_hcd: block sizes: qh 64 qtd 96 itd 160 sitd 96
Aug 28 15:01:07 vader-rover kernel: [    1.453582] ehci-omap ehci-omap.0: failed to get ehci port1 regulator
Aug 28 15:01:07 vader-rover kernel: [    2.454101] ehci-omap ehci-omap.0: phy reset operation timed out
Aug 28 15:01:07 vader-rover kernel: [    2.454132] ehci-omap ehci-omap.0: reset hcs_params 0x1313 dbg=0 cc=1 pcc=3 ordered ports=3
Aug 28 15:01:07 vader-rover kernel: [    2.454132] ehci-omap ehci-omap.0: reset hcc_params 0016 thresh 1 uframes 256/512/1024 park
Aug 28 15:01:07 vader-rover kernel: [    2.454162] ehci-omap ehci-omap.0: reset command 0080b02  park=3 ithresh=8 period=1024 Reset HALT
Aug 28 15:01:07 vader-rover kernel: [    2.454193] ehci-omap ehci-omap.0: OMAP-EHCI Host Controller
Aug 28 15:01:07 vader-rover kernel: [    2.460418] ehci-omap ehci-omap.0: new USB bus registered, assigned bus number 1
Aug 28 15:01:07 vader-rover kernel: [    2.468292] ehci-omap ehci-omap.0: park 0
Aug 28 15:01:07 vader-rover kernel: [    2.468353] ehci-omap ehci-omap.0: irq 77, io mem 0x48064800
Aug 28 15:01:07 vader-rover kernel: [    2.474365] ehci-omap ehci-omap.0: init command 0010005 (park)=0 ithresh=1 period=512 RUN
Aug 28 15:01:07 vader-rover kernel: [    2.485412] ehci-omap ehci-omap.0: USB 2.0 started, EHCI 1.00
Aug 28 15:01:07 vader-rover kernel: [    2.491577] usb usb1: default language 0x0409
Aug 28 15:01:07 vader-rover kernel: [    2.491607] usb usb1: udev 1, busnum 1, minor = 0
Aug 28 15:01:07 vader-rover kernel: [    2.491638] usb usb1: New USB device found, idVendor=1d6b, idProduct=0002
Aug 28 15:01:07 vader-rover kernel: [    2.498779] usb usb1: New USB device strings: Mfr=3, Product=2, SerialNumber=1
Aug 28 15:01:07 vader-rover kernel: [    2.506408] usb usb1: Product: OMAP-EHCI Host Controller
Aug 28 15:01:07 vader-rover kernel: [    2.511993] usb usb1: Manufacturer: Linux 3.5.0-2-linaro-omap ehci_hcd
Aug 28 15:01:07 vader-rover kernel: [    2.518890] usb usb1: SerialNumber: ehci-omap.0
Aug 28 15:01:07 vader-rover kernel: [    2.524108] usb usb1: usb_probe_device
Aug 28 15:01:07 vader-rover kernel: [    2.524139] usb usb1: configuration #1 chosen from 1 choice
Aug 28 15:01:07 vader-rover kernel: [    2.524169] usb usb1: adding 1-0:1.0 (config #1, interface 0)
Aug 28 15:01:07 vader-rover kernel: [    2.524322] hub 1-0:1.0: usb_probe_interface
Aug 28 15:01:07 vader-rover kernel: [    2.524322] hub 1-0:1.0: usb_probe_interface - got id
Aug 28 15:01:07 vader-rover kernel: [    2.524353] hub 1-0:1.0: USB hub found
Aug 28 15:01:07 vader-rover kernel: [    2.528350] hub 1-0:1.0: 3 ports detected
Aug 28 15:01:07 vader-rover kernel: [    2.532592] hub 1-0:1.0: standalone hub
Aug 28 15:01:07 vader-rover kernel: [    2.532623] hub 1-0:1.0: individual port power switching
Aug 28 15:01:07 vader-rover kernel: [    2.532623] hub 1-0:1.0: individual port over-current protection
Aug 28 15:01:07 vader-rover kernel: [    2.532653] hub 1-0:1.0: power on to power good time: 20ms
Aug 28 15:01:07 vader-rover kernel: [    2.532684] hub 1-0:1.0: local power source is good
Aug 28 15:01:07 vader-rover kernel: [    2.532684] hub 1-0:1.0: enabling power on all ports
Aug 28 15:01:07 vader-rover kernel: [    2.532989] ehci-omap ehci-omap.0: ...powerup ports...
Aug 28 15:01:07 vader-rover kernel: [    2.563690] Initializing USB Mass Storage driver...
Aug 28 15:01:07 vader-rover kernel: [    2.568969] usbcore: registered new interface driver usb-storage
Aug 28 15:01:07 vader-rover kernel: [    2.575317] USB Mass Storage support registered.
Aug 28 15:01:07 vader-rover kernel: [    2.580200] musb-hdrc: version 6.0, ?dma?, otg (peripheral+host)
Aug 28 15:01:07 vader-rover kernel: [    2.592132] twl4030_usb twl4030_usb: twl4030_phy_resume
Aug 28 15:01:07 vader-rover kernel: [    2.592376] musb-hdrc: ConfigData=0xde (UTMI-8, dyn FIFOs, bulk combine, bulk split, HB-ISO Rx, HB-ISO Tx, SoftConn)
Aug 28 15:01:07 vader-rover kernel: [    2.592407] musb-hdrc: MHDRC RTL version 1.800 
Aug 28 15:01:07 vader-rover kernel: [    2.592407] musb-hdrc: setup fifo_mode 4
Aug 28 15:01:07 vader-rover kernel: [    2.592437] musb-hdrc: 28/31 max ep, 16384/16384 memory
Aug 28 15:01:07 vader-rover kernel: [    2.592834] musb-hdrc musb-hdrc: USB OTG mode controller at fa0ab000 using DMA, IRQ 92
Aug 28 15:01:07 vader-rover kernel: [    2.603088] twl4030_usb twl4030_usb: twl4030_phy_suspend
Aug 28 15:01:07 vader-rover kernel: [    2.603576] mousedev: PS/2 mouse device common for all mice
Aug 28 15:01:07 vader-rover kernel: [    2.610107] twl_rtc twl_rtc: Enabling TWL-RTC
Aug 28 15:01:07 vader-rover kernel: [    2.617309] twl_rtc twl_rtc: rtc core: registered twl_rtc as rtc0
Aug 28 15:01:07 vader-rover kernel: [    2.624542] i2c /dev entries driver
Aug 28 15:01:07 vader-rover kernel: [    2.629638] voltdm_scale: No voltage scale API registered for vdd_mpu_iva
Aug 28 15:01:07 vader-rover kernel: [    2.636901] ehci-omap ehci-omap.0: GetStatus port:2 status 001803 0  ACK POWER sig=j CSC CONNECT
Aug 28 15:01:07 vader-rover kernel: [    2.636932] hub 1-0:1.0: port 2: status 0501 change 0001
Aug 28 15:01:07 vader-rover kernel: [    2.636962] platform mpu.0: omap_target: unable to scale voltage up.
Aug 28 15:01:07 vader-rover kernel: [    2.643707] cpuidle: using governor ladder
Aug 28 15:01:07 vader-rover kernel: [    2.648010] cpuidle: using governor menu
Aug 28 15:01:07 vader-rover kernel: [    2.652648] omap_hsmmc omap_hsmmc.0: Failed to get debounce clk
Aug 28 15:01:07 vader-rover kernel: [    2.735473] hub 1-0:1.0: state 7 ports 3 chg 0004 evt 0000
Aug 28 15:01:07 vader-rover kernel: [    2.735504] hub 1-0:1.0: port 2, status 0501, change 0000, 480 Mb/s
Aug 28 15:01:07 vader-rover kernel: [    2.797973] ehci-omap ehci-omap.0: port 2 reset complete, port enabled
Aug 28 15:01:07 vader-rover kernel: [    2.797973] ehci-omap ehci-omap.0: GetStatus port:2 status 001005 0  ACK POWER sig=se0 PE CONNECT
Aug 28 15:01:07 vader-rover kernel: [    2.860412] usb 1-2: new high-speed USB device number 2 using ehci-omap
Aug 28 15:01:07 vader-rover kernel: [    2.922943] ehci-omap ehci-omap.0: port 2 reset complete, port enabled
Aug 28 15:01:07 vader-rover kernel: [    2.922973] ehci-omap ehci-omap.0: GetStatus port:2 status 001005 0  ACK POWER sig=se0 PE CONNECT
Aug 28 15:01:07 vader-rover kernel: [    3.018890] usb 1-2: default language 0x0409
Aug 28 15:01:07 vader-rover kernel: [    3.019866] usb 1-2: udev 2, busnum 1, minor = 1
Aug 28 15:01:07 vader-rover kernel: [    3.019897] usb 1-2: New USB device found, idVendor=2109, idProduct=2812
Aug 28 15:01:07 vader-rover kernel: [    3.026977] usb 1-2: New USB device strings: Mfr=1, Product=2, SerialNumber=0
Aug 28 15:01:07 vader-rover kernel: [    3.035064] omap_hsmmc omap_hsmmc.1: Failed to get debounce clk
Aug 28 15:01:07 vader-rover kernel: [    3.041381] usb 1-2: Product: USB2.0 Hub             
Aug 28 15:01:07 vader-rover kernel: [    3.046966] usb 1-2: Manufacturer: VIA Labs, Inc.         
Aug 28 15:01:07 vader-rover kernel: [    3.055725] usb 1-2: usb_probe_device
Aug 28 15:01:07 vader-rover kernel: [    3.055755] usb 1-2: configuration #1 chosen from 1 choice
Aug 28 15:01:07 vader-rover kernel: [    3.056091] usb 1-2: adding 1-2:1.0 (config #1, interface 0)
Aug 28 15:01:07 vader-rover kernel: [    3.056274] hub 1-2:1.0: usb_probe_interface
Aug 28 15:01:07 vader-rover kernel: [    3.056274] hub 1-2:1.0: usb_probe_interface - got id
Aug 28 15:01:07 vader-rover kernel: [    3.056304] hub 1-2:1.0: USB hub found
Aug 28 15:01:07 vader-rover kernel: [    3.060638] hub 1-2:1.0: 4 ports detected
Aug 28 15:01:07 vader-rover kernel: [    3.065185] hub 1-2:1.0: standalone hub
Aug 28 15:01:07 vader-rover kernel: [    3.065185] hub 1-2:1.0: individual port power switching
Aug 28 15:01:07 vader-rover kernel: [    3.065216] hub 1-2:1.0: individual port over-current protection
Aug 28 15:01:07 vader-rover kernel: [    3.065246] hub 1-2:1.0: Single TT
Aug 28 15:01:07 vader-rover kernel: [    3.065246] hub 1-2:1.0: TT requires at most 32 FS bit times (2664 ns)
Aug 28 15:01:07 vader-rover kernel: [    3.065277] hub 1-2:1.0: Port indicators are supported
Aug 28 15:01:07 vader-rover kernel: [    3.065277] hub 1-2:1.0: power on to power good time: 100ms
Aug 28 15:01:07 vader-rover kernel: [    3.066497] hub 1-2:1.0: local power source is good
Aug 28 15:01:07 vader-rover kernel: [    3.068206] hub 1-2:1.0: enabling power on all ports
Aug 28 15:01:07 vader-rover kernel: [    3.087402] Registered led device: overo:red:gpio21
Aug 28 15:01:07 vader-rover kernel: [    3.087524] Registered led device: overo:blue:gpio22
Aug 28 15:01:07 vader-rover kernel: [    3.088439] Registered led device: overo:blue:COM
Aug 28 15:01:07 vader-rover kernel: [    3.089874] usbcore: registered new interface driver usbhid
Aug 28 15:01:07 vader-rover kernel: [    3.095825] usbhid: USB HID core driver
Aug 28 15:01:07 vader-rover kernel: [    3.100433] usbcore: registered new interface driver snd-usb-audio
Aug 28 15:01:07 vader-rover kernel: [    3.108154] overo SoC init
Aug 28 15:01:07 vader-rover kernel: [    3.111206] soc-audio soc-audio: ASoC machine overo should use snd_soc_register_card()
Aug 28 15:01:07 vader-rover kernel: [    3.173187] hub 1-2:1.0: port 1: status 0101 change 0001
Aug 28 15:01:07 vader-rover kernel: [    3.173889] hub 1-2:1.0: port 2: status 0101 change 0001
Aug 28 15:01:07 vader-rover kernel: [    3.174865] hub 1-2:1.0: port 4: status 0101 change 0001
Aug 28 15:01:07 vader-rover kernel: [    3.202331] twl4030-codec twl4030-codec: ASoC: Failed to create Capture debugfs file
Aug 28 15:01:07 vader-rover kernel: [    3.213958] asoc: twl4030-hifi <-> omap-mcbsp.2 mapping ok
Aug 28 15:01:07 vader-rover kernel: [    3.223541] oprofile: hardware counters not available
Aug 28 15:01:07 vader-rover kernel: [    3.228912] oprofile: using timer interrupt.
Aug 28 15:01:07 vader-rover kernel: [    3.233825] TCP: cubic registered
Aug 28 15:01:07 vader-rover kernel: [    3.237487] NET: Registered protocol family 17
Aug 28 15:01:07 vader-rover kernel: [    3.242401] NET: Registered protocol family 15
Aug 28 15:01:07 vader-rover kernel: [    3.247314] Key type dns_resolver registered
Aug 28 15:01:07 vader-rover kernel: [    3.252014] VFP support v0.3: implementor 41 architecture 3 part 30 variant c rev 3
Aug 28 15:01:07 vader-rover kernel: [    3.264526] ThumbEE CPU extension supported.
Aug 28 15:01:07 vader-rover kernel: [    3.269226] sr_init: No PMIC hook to init smartreflex
Aug 28 15:01:07 vader-rover kernel: [    3.274719] usb 1-2: link qh256-0001/de5e6740 start 1 [1/0 us]
Aug 28 15:01:07 vader-rover kernel: [    3.274780] hub 1-2:1.0: state 7 ports 4 chg 0016 evt 0000
Aug 28 15:01:07 vader-rover kernel: [    3.275177] smartreflex smartreflex.0: omap_sr_probe: SmartReflex driver initialized
Aug 28 15:01:07 vader-rover kernel: [    3.283477] hub 1-2:1.0: port 1, status 0101, change 0000, 12 Mb/s
Aug 28 15:01:07 vader-rover kernel: [    3.283721] smartreflex smartreflex.1: omap_sr_probe: SmartReflex driver initialized
Aug 28 15:01:07 vader-rover kernel: [    3.299163] clock: disabling unused clocks to save power
Aug 28 15:01:07 vader-rover kernel: [    3.305816] registered taskstats version 1
Aug 28 15:01:07 vader-rover kernel: [    3.310943] fbcvt: 1024x768@60: CVT Name - .786M3-R
Aug 28 15:01:07 vader-rover kernel: [    3.335968] Console: switching to colour frame buffer device 128x48
Aug 28 15:01:07 vader-rover kernel: [    3.354248] VDAC: incomplete constraints, leaving on
Aug 28 15:01:07 vader-rover kernel: [    3.362091] twl_rtc twl_rtc: setting system clock to 2014-08-28 19:00:56 UTC (1409252456)
Aug 28 15:01:07 vader-rover kernel: [    3.371063] ALSA device list:
Aug 28 15:01:07 vader-rover kernel: [    3.374328]   #0: overo
Aug 28 15:01:07 vader-rover kernel: [    3.377716] Freeing init memory: 220K
Aug 28 15:01:07 vader-rover kernel: [    3.384307] usb 1-2.1: new high-speed USB device number 3 using ehci-omap
Aug 28 15:01:07 vader-rover kernel: [    3.527923] usb 1-2.1: default language 0x0409
Aug 28 15:01:07 vader-rover kernel: [    3.528900] usb 1-2.1: udev 3, busnum 1, minor = 2
Aug 28 15:01:07 vader-rover kernel: [    3.528930] usb 1-2.1: New USB device found, idVendor=2109, idProduct=2812
Aug 28 15:01:07 vader-rover kernel: [    3.540802] mmc0: host does not support reading read-only switch. assuming write-enable.
Aug 28 15:01:07 vader-rover kernel: [    3.568664] usb 1-2.1: New USB device strings: Mfr=1, Product=2, SerialNumber=0
Aug 28 15:01:07 vader-rover kernel: [    3.580017] mmc0: new high speed SDXC card at address 59b4
Aug 28 15:01:07 vader-rover kernel: [    3.610504] usb 1-2.1: Product: USB2.0 Hub             
Aug 28 15:01:07 vader-rover kernel: [    3.616149] usb 1-2.1: Manufacturer: VIA Labs, Inc.         
Aug 28 15:01:07 vader-rover kernel: [    3.641754] mmcblk0: mmc0:59b4       59.6 GiB 
Aug 28 15:01:07 vader-rover kernel: [    3.666809]  mmcblk0: p1 p2
Aug 28 15:01:07 vader-rover kernel: [    3.674072] usb 1-2.1: usb_probe_device
Aug 28 15:01:07 vader-rover kernel: [    3.674102] usb 1-2.1: configuration #1 chosen from 1 choice
Aug 28 15:01:07 vader-rover kernel: [    3.674743] usb 1-2.1: adding 1-2.1:1.0 (config #1, interface 0)
Aug 28 15:01:07 vader-rover kernel: [    3.674896] hub 1-2.1:1.0: usb_probe_interface
Aug 28 15:01:07 vader-rover kernel: [    3.674926] hub 1-2.1:1.0: usb_probe_interface - got id
Aug 28 15:01:07 vader-rover kernel: [    3.674957] hub 1-2.1:1.0: USB hub found
Aug 28 15:01:07 vader-rover kernel: [    3.693511] hub 1-2.1:1.0: 4 ports detected
Aug 28 15:01:07 vader-rover kernel: [    3.702911] hub 1-2.1:1.0: standalone hub
Aug 28 15:01:07 vader-rover kernel: [    3.702941] hub 1-2.1:1.0: individual port power switching
Aug 28 15:01:07 vader-rover kernel: [    3.702941] hub 1-2.1:1.0: individual port over-current protection
Aug 28 15:01:07 vader-rover kernel: [    3.702941] hub 1-2.1:1.0: Single TT
Aug 28 15:01:07 vader-rover kernel: [    3.702972] hub 1-2.1:1.0: TT requires at most 32 FS bit times (2664 ns)
Aug 28 15:01:07 vader-rover kernel: [    3.702972] hub 1-2.1:1.0: Port indicators are supported
Aug 28 15:01:07 vader-rover kernel: [    3.703002] hub 1-2.1:1.0: power on to power good time: 100ms
Aug 28 15:01:07 vader-rover kernel: [    3.703857] hub 1-2.1:1.0: local power source is good
Aug 28 15:01:07 vader-rover kernel: [    3.703887] hub 1-2.1:1.0: enabling power on all ports
Aug 28 15:01:07 vader-rover kernel: [    3.716064] hub 1-2:1.0: port 2, status 0101, change 0000, 12 Mb/s
Aug 28 15:01:07 vader-rover kernel: [    3.717346] mmc1: new SDIO card at address 0001
Aug 28 15:01:07 vader-rover kernel: [    3.806121] hub 1-2.1:1.0: port 1: status 0101 change 0001
Aug 28 15:01:07 vader-rover kernel: [    3.806793] hub 1-2.1:1.0: port 2: status 0101 change 0001
Aug 28 15:01:07 vader-rover kernel: [    3.807525] hub 1-2.1:1.0: port 3: status 0101 change 0001
Aug 28 15:01:07 vader-rover kernel: [    3.808288] hub 1-2.1:1.0: port 4: status 0101 change 0001
Aug 28 15:01:07 vader-rover kernel: [    3.813934] usb 1-2.2: new high-speed USB device number 4 using ehci-omap
Aug 28 15:01:07 vader-rover kernel: [    3.907470] usb 1-2.1: link qh256-0001/de006e40 start 2 [1/0 us]
Aug 28 15:01:07 vader-rover kernel: [    3.975097] usb 1-2.2: default language 0x0409
Aug 28 15:01:07 vader-rover kernel: [    3.983856] usb 1-2.2: udev 4, busnum 1, minor = 3
Aug 28 15:01:07 vader-rover kernel: [    3.983886] usb 1-2.2: New USB device found, idVendor=1e10, idProduct=2004
Aug 28 15:01:07 vader-rover kernel: [    4.007751] usb 1-2.2: New USB device strings: Mfr=1, Product=2, SerialNumber=3
Aug 28 15:01:07 vader-rover kernel: [    4.028015] usb 1-2.2: Product: USB 2.0 Digital Imaging Camera
Aug 28 15:01:07 vader-rover kernel: [    4.050720] usb 1-2.2: Manufacturer: Point Grey Research
Aug 28 15:01:07 vader-rover kernel: [    4.071380] usb 1-2.2: SerialNumber: 00BB1D77
Aug 28 15:01:07 vader-rover kernel: [    4.087738] usb 1-2.2: usb_probe_device
Aug 28 15:01:07 vader-rover kernel: [    4.087768] usb 1-2.2: configuration #1 chosen from 1 choice
Aug 28 15:01:07 vader-rover kernel: [    4.089355] usb 1-2.2: adding 1-2.2:1.0 (config #1, interface 0)
Aug 28 15:01:07 vader-rover kernel: [    4.090332] hub 1-2:1.0: port 4, status 0101, change 0000, 12 Mb/s
Aug 28 15:01:07 vader-rover kernel: [    4.189178] usb 1-2.4: new high-speed USB device number 5 using ehci-omap
Aug 28 15:01:07 vader-rover kernel: [    4.338470] usb 1-2.4: default language 0x0409
Aug 28 15:01:07 vader-rover kernel: [    4.339294] usb 1-2.4: udev 5, busnum 1, minor = 4
Aug 28 15:01:07 vader-rover kernel: [    4.339294] usb 1-2.4: New USB device found, idVendor=0bda, idProduct=8178
Aug 28 15:01:07 vader-rover kernel: [    4.363830] usb 1-2.4: New USB device strings: Mfr=1, Product=2, SerialNumber=3
Aug 28 15:01:07 vader-rover kernel: [    4.393859] usb 1-2.4: Product: USB WLAN
Aug 28 15:01:07 vader-rover kernel: [    4.414794] usb 1-2.4: Manufacturer: Realtek
Aug 28 15:01:07 vader-rover kernel: [    4.436859] usb 1-2.4: SerialNumber: 00e04c000001
Aug 28 15:01:07 vader-rover kernel: [    4.461547] usb 1-2.4: usb_probe_device
Aug 28 15:01:07 vader-rover kernel: [    4.461578] usb 1-2.4: configuration #1 chosen from 1 choice
Aug 28 15:01:07 vader-rover kernel: [    4.462371] usb 1-2.4: adding 1-2.4:1.0 (config #1, interface 0)
Aug 28 15:01:07 vader-rover kernel: [    4.463348] hub 1-2:1.0: state 7 ports 4 chg 0000 evt 0010
Aug 28 15:01:07 vader-rover kernel: [    4.463806] hub 1-2.1:1.0: state 7 ports 4 chg 001e evt 0000
Aug 28 15:01:07 vader-rover kernel: [    4.464324] hub 1-2.1:1.0: port 1, status 0101, change 0000, 12 Mb/s
Aug 28 15:01:07 vader-rover kernel: [    4.564056] usb 1-2.1.1: new full-speed USB device number 6 using ehci-omap
Aug 28 15:01:07 vader-rover kernel: [    4.720825] usb 1-2.1.1: default language 0x0409
Aug 28 15:01:07 vader-rover kernel: [    4.721679] usb 1-2.1.1: udev 6, busnum 1, minor = 5
Aug 28 15:01:07 vader-rover kernel: [    4.721710] usb 1-2.1.1: New USB device found, idVendor=067b, idProduct=2303
Aug 28 15:01:07 vader-rover kernel: [    4.733154] usb 1-2.1.1: New USB device strings: Mfr=1, Product=2, SerialNumber=0
Aug 28 15:01:07 vader-rover kernel: [    4.744781] usb 1-2.1.1: Product: USB-Serial Controller D
Aug 28 15:01:07 vader-rover kernel: [    4.754364] usb 1-2.1.1: Manufacturer: Prolific Technology Inc. 
Aug 28 15:01:07 vader-rover kernel: [    4.764953] usb 1-2.1.1: usb_probe_device
Aug 28 15:01:07 vader-rover kernel: [    4.764984] usb 1-2.1.1: configuration #1 chosen from 1 choice
Aug 28 15:01:07 vader-rover kernel: [    4.765319] usb 1-2.1.1: adding 1-2.1.1:1.0 (config #1, interface 0)
Aug 28 15:01:07 vader-rover kernel: [    4.767028] hub 1-2.1:1.0: port 2, status 0101, change 0000, 12 Mb/s
Aug 28 15:01:07 vader-rover kernel: [    4.861206] usb 1-2.1.2: new full-speed USB device number 7 using ehci-omap
Aug 28 15:01:07 vader-rover kernel: [    5.002532] usb 1-2.1.2: skipped 4 descriptors after interface
Aug 28 15:01:07 vader-rover kernel: [    5.002777] usb 1-2.1.2: default language 0x0409
Aug 28 15:01:07 vader-rover kernel: [    5.003265] usb 1-2.1.2: udev 7, busnum 1, minor = 6
Aug 28 15:01:07 vader-rover kernel: [    5.003295] usb 1-2.1.2: New USB device found, idVendor=16c0, idProduct=0483
Aug 28 15:01:07 vader-rover kernel: [    5.017272] usb 1-2.1.2: New USB device strings: Mfr=1, Product=2, SerialNumber=3
Aug 28 15:01:07 vader-rover kernel: [    5.029693] usb 1-2.1.2: Product: USB Serial
Aug 28 15:01:07 vader-rover kernel: [    5.039550] usb 1-2.1.2: Manufacturer: Teensyduino
Aug 28 15:01:07 vader-rover kernel: [    5.048828] usb 1-2.1.2: SerialNumber: 41751
Aug 28 15:01:07 vader-rover kernel: [    5.058837] usb 1-2.1.2: usb_probe_device
Aug 28 15:01:07 vader-rover kernel: [    5.058868] usb 1-2.1.2: configuration #1 chosen from 1 choice
Aug 28 15:01:07 vader-rover kernel: [    5.059417] usb 1-2.1.2: adding 1-2.1.2:1.0 (config #1, interface 0)
Aug 28 15:01:07 vader-rover kernel: [    5.060272] usb 1-2.1.2: adding 1-2.1.2:1.1 (config #1, interface 1)
Aug 28 15:01:07 vader-rover kernel: [    5.062347] hub 1-2.1:1.0: port 3, status 0101, change 0000, 12 Mb/s
Aug 28 15:01:07 vader-rover kernel: [    5.157806] usb 1-2.1.3: new full-speed USB device number 8 using ehci-omap
Aug 28 15:01:07 vader-rover kernel: [    5.298065] usb 1-2.1.3: ep0 maxpacket = 8
Aug 28 15:01:07 vader-rover kernel: [    5.301147] usb 1-2.1.3: default language 0x0409
Aug 28 15:01:07 vader-rover kernel: [    5.305908] usb 1-2.1.3: udev 8, busnum 1, minor = 7
Aug 28 15:01:07 vader-rover kernel: [    5.305938] usb 1-2.1.3: New USB device found, idVendor=0403, idProduct=6001
Aug 28 15:01:07 vader-rover kernel: [    5.317535] usb 1-2.1.3: New USB device strings: Mfr=1, Product=2, SerialNumber=3
Aug 28 15:01:07 vader-rover kernel: [    5.329711] usb 1-2.1.3: Product: FT232R USB UART
Aug 28 15:01:07 vader-rover kernel: [    5.338378] usb 1-2.1.3: Manufacturer: FTDI
Aug 28 15:01:07 vader-rover kernel: [    5.346313] usb 1-2.1.3: SerialNumber: A702LYT7
Aug 28 15:01:07 vader-rover kernel: [    5.356140] usb 1-2.1.3: usb_probe_device
Aug 28 15:01:07 vader-rover kernel: [    5.356170] usb 1-2.1.3: configuration #1 chosen from 1 choice
Aug 28 15:01:07 vader-rover kernel: [    5.357208] usb 1-2.1.3: adding 1-2.1.3:1.0 (config #1, interface 0)
Aug 28 15:01:07 vader-rover kernel: [    5.366394] hub 1-2.1:1.0: port 4, status 0101, change 0000, 12 Mb/s
Aug 28 15:01:07 vader-rover kernel: [    5.462432] usb 1-2.1.4: new high-speed USB device number 9 using ehci-omap
Aug 28 15:01:07 vader-rover kernel: [    5.615722] usb 1-2.1.4: default language 0x0409
Aug 28 15:01:07 vader-rover kernel: [    5.624603] usb 1-2.1.4: udev 9, busnum 1, minor = 8
Aug 28 15:01:07 vader-rover kernel: [    5.624633] usb 1-2.1.4: New USB device found, idVendor=1e10, idProduct=2004
Aug 28 15:01:07 vader-rover kernel: [    5.665222] usb 1-2.1.4: New USB device strings: Mfr=1, Product=2, SerialNumber=3
Aug 28 15:01:07 vader-rover kernel: [    5.704650] usb 1-2.1.4: Product: USB 2.0 Digital Imaging Camera
Aug 28 15:01:07 vader-rover kernel: [    5.718902] usb 1-2.1.4: Manufacturer: Point Grey Research
Aug 28 15:01:07 vader-rover kernel: [    5.728332] usb 1-2.1.4: SerialNumber: 00CAABB3
Aug 28 15:01:07 vader-rover kernel: [    5.738098] usb 1-2.1.4: usb_probe_device
Aug 28 15:01:07 vader-rover kernel: [    5.738128] usb 1-2.1.4: configuration #1 chosen from 1 choice
Aug 28 15:01:07 vader-rover kernel: [    5.739715] usb 1-2.1.4: adding 1-2.1.4:1.0 (config #1, interface 0)
Aug 28 15:01:07 vader-rover kernel: [    5.742401] hub 1-2.1:1.0: state 7 ports 4 chg 0000 evt 0010
Aug 28 15:01:07 vader-rover kernel: [    6.400970] end_request: I/O error, dev mtdblock0, sector 0
Aug 28 15:01:07 vader-rover kernel: [    6.410369] Buffer I/O error on device mtdblock0, logical block 0
Aug 28 15:01:07 vader-rover kernel: [    6.520416] end_request: I/O error, dev mtdblock0, sector 0
Aug 28 15:01:07 vader-rover kernel: [    6.529754] Buffer I/O error on device mtdblock0, logical block 0
Aug 28 15:01:07 vader-rover kernel: [    6.615661] end_request: I/O error, dev mtdblock0, sector 0
Aug 28 15:01:07 vader-rover kernel: [    6.624999] Buffer I/O error on device mtdblock0, logical block 0
Aug 28 15:01:07 vader-rover kernel: [    6.716033] end_request: I/O error, dev mtdblock0, sector 0
Aug 28 15:01:07 vader-rover kernel: [    6.725402] Buffer I/O error on device mtdblock0, logical block 0
Aug 28 15:01:07 vader-rover kernel: [    6.753753] rtl8192cu driver version=v4.0.2_9000.20130911
Aug 28 15:01:07 vader-rover kernel: [    6.753784] build time: May 27 2014 17:22:48
Aug 28 15:01:07 vader-rover kernel: [    6.754119] rtl8192cu 1-2.4:1.0: usb_probe_interface
Aug 28 15:01:07 vader-rover kernel: [    6.754150] rtl8192cu 1-2.4:1.0: usb_probe_interface - got id
Aug 28 15:01:07 vader-rover kernel: [    6.754180] 
Aug 28 15:01:07 vader-rover kernel: [    6.754180] usb_endpoint_descriptor(0):
Aug 28 15:01:07 vader-rover kernel: [    6.754180] bLength=7
Aug 28 15:01:07 vader-rover kernel: [    6.754180] bDescriptorType=5
Aug 28 15:01:07 vader-rover kernel: [    6.754211] bEndpointAddress=81
Aug 28 15:01:07 vader-rover kernel: [    6.754211] wMaxPacketSize=200
Aug 28 15:01:07 vader-rover kernel: [    6.754211] bInterval=0
Aug 28 15:01:07 vader-rover kernel: [    6.754211] RT_usb_endpoint_is_bulk_in = 1
Aug 28 15:01:07 vader-rover kernel: [    6.754241] 
Aug 28 15:01:07 vader-rover kernel: [    6.754241] usb_endpoint_descriptor(1):
Aug 28 15:01:07 vader-rover kernel: [    6.754241] bLength=7
Aug 28 15:01:07 vader-rover kernel: [    6.754241] bDescriptorType=5
Aug 28 15:01:07 vader-rover kernel: [    6.754241] bEndpointAddress=2
Aug 28 15:01:07 vader-rover kernel: [    6.754241] wMaxPacketSize=200
Aug 28 15:01:07 vader-rover kernel: [    6.754272] bInterval=0
Aug 28 15:01:07 vader-rover kernel: [    6.754272] RT_usb_endpoint_is_bulk_out = 2
Aug 28 15:01:07 vader-rover kernel: [    6.754272] 
Aug 28 15:01:07 vader-rover kernel: [    6.754272] usb_endpoint_descriptor(2):
Aug 28 15:01:07 vader-rover kernel: [    6.754272] bLength=7
Aug 28 15:01:07 vader-rover kernel: [    6.754272] bDescriptorType=5
Aug 28 15:01:07 vader-rover kernel: [    6.754302] bEndpointAddress=3
Aug 28 15:01:07 vader-rover kernel: [    6.754302] wMaxPacketSize=200
Aug 28 15:01:07 vader-rover kernel: [    6.754302] bInterval=0
Aug 28 15:01:07 vader-rover kernel: [    6.754302] RT_usb_endpoint_is_bulk_out = 3
Aug 28 15:01:07 vader-rover kernel: [    6.754302] 
Aug 28 15:01:07 vader-rover kernel: [    6.754302] usb_endpoint_descriptor(3):
Aug 28 15:01:07 vader-rover kernel: [    6.754333] bLength=7
Aug 28 15:01:07 vader-rover kernel: [    6.754333] bDescriptorType=5
Aug 28 15:01:07 vader-rover kernel: [    6.754333] bEndpointAddress=84
Aug 28 15:01:07 vader-rover kernel: [    6.754333] wMaxPacketSize=40
Aug 28 15:01:07 vader-rover kernel: [    6.754333] bInterval=1
Aug 28 15:01:07 vader-rover kernel: [    6.754364] RT_usb_endpoint_is_int_in = 4, Interval = 1
Aug 28 15:01:07 vader-rover kernel: [    6.754364] nr_endpoint=4, in_num=2, out_num=2
Aug 28 15:01:07 vader-rover kernel: [    6.754364] 
Aug 28 15:01:07 vader-rover kernel: [    6.754364] USB_SPEED_HIGH
Aug 28 15:01:07 vader-rover kernel: [    6.754425] CHIP TYPE: RTL8188C_8192C
Aug 28 15:01:07 vader-rover kernel: [    6.754486] register rtw_netdev_ops to netdev_ops
Aug 28 15:01:07 vader-rover kernel: [    6.759887] Chip Version ID: VERSION_NORMAL_TSMC_CHIP_92C.
Aug 28 15:01:07 vader-rover kernel: [    6.759918] RF_Type is 2!!
Aug 28 15:01:07 vader-rover kernel: [    6.760864] EEPROM type is E-FUSE
Aug 28 15:01:07 vader-rover kernel: [    6.760894] ====> ReadAdapterInfo8192C
Aug 28 15:01:07 vader-rover kernel: [    6.761199] Boot from EFUSE, Autoload OK !
Aug 28 15:01:07 vader-rover kernel: [    6.838989] end_request: I/O error, dev mtdblock0, sector 0
Aug 28 15:01:07 vader-rover kernel: [    6.848419] Buffer I/O error on device mtdblock0, logical block 0
Aug 28 15:01:07 vader-rover kernel: [    6.960723] end_request: I/O error, dev mtdblock0, sector 0
Aug 28 15:01:07 vader-rover kernel: [    6.970245] Buffer I/O error on device mtdblock0, logical block 0
Aug 28 15:01:07 vader-rover kernel: [    7.077789] EEPROMVID = 0x0bda
Aug 28 15:01:07 vader-rover kernel: [    7.077789] EEPROMPID = 0x8178
Aug 28 15:01:07 vader-rover kernel: [    7.077819] EEPROMCustomerID : 0x00
Aug 28 15:01:07 vader-rover kernel: [    7.077819] EEPROMSubCustomerID: 0x00
Aug 28 15:01:07 vader-rover kernel: [    7.077819] RT_CustomerID: 0x00
Aug 28 15:01:07 vader-rover kernel: [    7.077850] _ReadMACAddress MAC Address from EFUSE = e8:94:f6:14:2e:2f
Aug 28 15:01:07 vader-rover kernel: [    7.077850] EEPROMRegulatory = 0x0
Aug 28 15:01:07 vader-rover kernel: [    7.077850] _ReadBoardType(0)
Aug 28 15:01:07 vader-rover kernel: [    7.077850] BT Coexistance = disable
Aug 28 15:01:07 vader-rover kernel: [    7.077880] mlmepriv.ChannelPlan = 0x02
Aug 28 15:01:07 vader-rover kernel: [    7.077880] _ReadPSSetting...bHWPwrPindetect(0)-bHWPowerdown(0) ,bSupportRemoteWakeup(0)
Aug 28 15:01:07 vader-rover kernel: [    7.077880] ### PS params=>  power_mgnt(0),usbss_enable(0) ###
Aug 28 15:01:07 vader-rover kernel: [    7.077911] ### AntDivCfg(0)
Aug 28 15:01:07 vader-rover kernel: [    7.077911] readAdapterInfo_8192CU(): REPLACEMENT = 1
Aug 28 15:01:07 vader-rover kernel: [    7.077911] <==== ReadAdapterInfo8192C in 312 ms
Aug 28 15:01:07 vader-rover kernel: [    7.079010] rtw_macaddr_cfg MAC Address  = e8:94:f6:14:2e:2f
Aug 28 15:01:07 vader-rover kernel: [    7.079010] bDriverStopped:1, bSurpriseRemoved:0, bup:0, hw_init_completed:0
Aug 28 15:01:07 vader-rover kernel: [    7.081024] _rtw_drv_register_netdev, MAC Address (if1) = e8:94:f6:14:2e:2f
Aug 28 15:01:07 vader-rover kernel: [    7.087280] usbcore: registered new interface driver rtl8192cu
Aug 28 15:01:07 vader-rover kernel: [    7.088073] end_request: I/O error, dev mtdblock0, sector 0
Aug 28 15:01:07 vader-rover kernel: [    7.097595] Buffer I/O error on device mtdblock0, logical block 0
Aug 28 15:01:07 vader-rover kernel: [    7.154022] end_request: I/O error, dev mtdblock0, sector 0
Aug 28 15:01:07 vader-rover kernel: [    7.163543] Buffer I/O error on device mtdblock0, logical block 0
Aug 28 15:01:07 vader-rover kernel: [    7.212158] end_request: I/O error, dev mtdblock0, sector 0
Aug 28 15:01:07 vader-rover kernel: [    7.221740] Buffer I/O error on device mtdblock0, logical block 0
Aug 28 15:01:07 vader-rover kernel: [    7.279479] end_request: I/O error, dev mtdblock0, sector 0
Aug 28 15:01:07 vader-rover kernel: [    7.289062] Buffer I/O error on device mtdblock0, logical block 0
Aug 28 15:01:07 vader-rover kernel: [    7.331726] end_request: I/O error, dev mtdblock0, sector 0
Aug 28 15:01:07 vader-rover kernel: [    7.359741] end_request: I/O error, dev mtdblock0, sector 0
Aug 28 15:01:07 vader-rover kernel: [    7.385131] end_request: I/O error, dev mtdblock0, sector 0
Aug 28 15:01:07 vader-rover kernel: [    7.414215] end_request: I/O error, dev mtdblock0, sector 0
Aug 28 15:01:07 vader-rover kernel: [    7.443054] ads7846 spi1.0: touchscreen, irq 210
Aug 28 15:01:07 vader-rover kernel: [    7.443298] ads7846 spi1.0: no device detected, test read result was 0x00000FFF
Aug 28 15:01:07 vader-rover kernel: [    7.444763] end_request: I/O error, dev mtdblock0, sector 0
Aug 28 15:01:07 vader-rover kernel: [    7.469238] end_request: I/O error, dev mtdblock0, sector 0
Aug 28 15:01:07 vader-rover kernel: [    7.489532] Linux media interface: v0.10
Aug 28 15:01:07 vader-rover kernel: [    7.493499] end_request: I/O error, dev mtdblock0, sector 0
Aug 28 15:01:07 vader-rover kernel: [    7.519927] end_request: I/O error, dev mtdblock0, sector 8
Aug 28 15:01:07 vader-rover kernel: [    7.543090] end_request: I/O error, dev mtdblock0, sector 8
Aug 28 15:01:07 vader-rover kernel: [    7.563751] end_request: I/O error, dev mtdblock0, sector 8
Aug 28 15:01:07 vader-rover kernel: [    7.586456] Linux video capture interface: v2.00
Aug 28 15:01:07 vader-rover kernel: [    7.589782] end_request: I/O error, dev mtdblock0, sector 8
Aug 28 15:01:07 vader-rover kernel: [    7.617645] end_request: I/O error, dev mtdblock0, sector 24
Aug 28 15:01:07 vader-rover kernel: [    7.644195] end_request: I/O error, dev mtdblock0, sector 24
Aug 28 15:01:07 vader-rover kernel: [    7.671356] end_request: I/O error, dev mtdblock0, sector 24
Aug 28 15:01:07 vader-rover kernel: [    7.696746] end_request: I/O error, dev mtdblock0, sector 24
Aug 28 15:01:07 vader-rover kernel: [    7.724182] end_request: I/O error, dev mtdblock0, sector 56
Aug 28 15:01:07 vader-rover kernel: [    7.752716] end_request: I/O error, dev mtdblock0, sector 56
Aug 28 15:01:07 vader-rover kernel: [    7.776702] omap3isp omap3isp: Revision 15.0 found
Aug 28 15:01:07 vader-rover kernel: [    7.776855] omap-iommu omap-iommu.0: isp: version 1.1
Aug 28 15:01:07 vader-rover kernel: [    7.781158] end_request: I/O error, dev mtdblock0, sector 56
Aug 28 15:01:07 vader-rover kernel: [    7.807586] end_request: I/O error, dev mtdblock0, sector 56
Aug 28 15:01:07 vader-rover kernel: [    7.825805] lib80211: common routines for IEEE802.11 drivers
Aug 28 15:01:07 vader-rover kernel: [    7.825805] lib80211_crypt: registered algorithm 'NULL'
Aug 28 15:01:07 vader-rover kernel: [    7.834045] end_request: I/O error, dev mtdblock0, sector 120
Aug 28 15:01:07 vader-rover kernel: [    7.858581] end_request: I/O error, dev mtdblock0, sector 120
Aug 28 15:01:07 vader-rover kernel: [    7.891967] end_request: I/O error, dev mtdblock0, sector 120
Aug 28 15:01:07 vader-rover kernel: [    7.908416] mt9v032 3-005c: Probing MT9V032 at address 0x5c
Aug 28 15:01:07 vader-rover kernel: [    7.908569] mt9v032 3-005c: MT9V032 power up failed
Aug 28 15:01:07 vader-rover kernel: [    7.916503] end_request: I/O error, dev mtdblock0, sector 120
Aug 28 15:01:07 vader-rover kernel: [    7.935485] end_request: I/O error, dev mtdblock0, sector 0
Aug 28 15:01:07 vader-rover kernel: [    7.954376] end_request: I/O error, dev mtdblock0, sector 0
Aug 28 15:01:07 vader-rover kernel: [    7.980377] end_request: I/O error, dev mtdblock0, sector 8
Aug 28 15:01:07 vader-rover kernel: [    8.001220] end_request: I/O error, dev mtdblock0, sector 8
Aug 28 15:01:07 vader-rover kernel: [    8.026947] end_request: I/O error, dev mtdblock0, sector 24
Aug 28 15:01:07 vader-rover kernel: [    8.040100] isp_register_subdev_group: Unable to register subdev mt9v032
Aug 28 15:01:07 vader-rover kernel: [    8.049713] end_request: I/O error, dev mtdblock0, sector 24
Aug 28 15:01:07 vader-rover kernel: [    8.065155] end_request: I/O error, dev mtdblock0, sector 56
Aug 28 15:01:07 vader-rover kernel: [    8.092956] end_request: I/O error, dev mtdblock0, sector 56
Aug 28 15:01:07 vader-rover kernel: [    8.104217] cfg80211: Calling CRDA to update world regulatory domain
Aug 28 15:01:07 vader-rover kernel: [    8.120330] end_request: I/O error, dev mtdblock0, sector 120
Aug 28 15:01:07 vader-rover kernel: [    8.146728] end_request: I/O error, dev mtdblock0, sector 120
Aug 28 15:01:07 vader-rover kernel: [    8.171478] end_request: I/O error, dev mtdblock0, sector 0
Aug 28 15:01:07 vader-rover kernel: [    8.198822] end_request: I/O error, dev mtdblock0, sector 0
Aug 28 15:01:07 vader-rover kernel: [    8.227081] end_request: I/O error, dev mtdblock0, sector 0
Aug 28 15:01:07 vader-rover kernel: [    8.247955] end_request: I/O error, dev mtdblock0, sector 0
Aug 28 15:01:07 vader-rover kernel: [    8.274169] end_request: I/O error, dev mtdblock0, sector 0
Aug 28 15:01:07 vader-rover kernel: [    8.295776] libertas_sdio: Libertas SDIO driver
Aug 28 15:01:07 vader-rover kernel: [    8.295776] libertas_sdio: Copyright Pierre Ossman
Aug 28 15:01:07 vader-rover kernel: [    8.296417] end_request: I/O error, dev mtdblock0, sector 0
Aug 28 15:01:07 vader-rover kernel: [    8.321594] end_request: I/O error, dev mtdblock0, sector 64
Aug 28 15:01:07 vader-rover kernel: [    8.348541] end_request: I/O error, dev mtdblock0, sector 64
Aug 28 15:01:07 vader-rover kernel: [    8.369018] end_request: I/O error, dev mtdblock0, sector 64
Aug 28 15:01:07 vader-rover kernel: [    8.394989] end_request: I/O error, dev mtdblock0, sector 64
Aug 28 15:01:07 vader-rover kernel: [    8.419158] end_request: I/O error, dev mtdblock0, sector 64
Aug 28 15:01:07 vader-rover kernel: [    8.438842] end_request: I/O error, dev mtdblock0, sector 64
Aug 28 15:01:07 vader-rover kernel: [    8.453857] end_request: I/O error, dev mtdblock0, sector 64
Aug 28 15:01:07 vader-rover kernel: [    8.472351] end_request: I/O error, dev mtdblock0, sector 64
Aug 28 15:01:07 vader-rover kernel: [    8.492553] end_request: I/O error, dev mtdblock0, sector 64
Aug 28 15:01:07 vader-rover kernel: [    8.509063] end_request: I/O error, dev mtdblock0, sector 0
Aug 28 15:01:07 vader-rover kernel: [    8.523651] end_request: I/O error, dev mtdblock0, sector 0
Aug 28 15:01:07 vader-rover kernel: [    8.540313] end_request: I/O error, dev mtdblock0, sector 0
Aug 28 15:01:07 vader-rover kernel: [    8.558197] end_request: I/O error, dev mtdblock0, sector 0
Aug 28 15:01:07 vader-rover kernel: [    8.582580] end_request: I/O error, dev mtdblock0, sector 0
Aug 28 15:01:07 vader-rover kernel: [    8.599304] end_request: I/O error, dev mtdblock0, sector 16
Aug 28 15:01:07 vader-rover kernel: [    8.639282] end_request: I/O error, dev mtdblock0, sector 0
Aug 28 15:01:07 vader-rover kernel: [    8.672454] end_request: I/O error, dev mtdblock0, sector 0
Aug 28 15:01:07 vader-rover kernel: [    8.712341] end_request: I/O error, dev mtdblock0, sector 0
Aug 28 15:01:07 vader-rover kernel: [    8.741943] end_request: I/O error, dev mtdblock0, sector 0
Aug 28 15:01:07 vader-rover kernel: [    8.763031] end_request: I/O error, dev mtdblock0, sector 0
Aug 28 15:01:07 vader-rover kernel: [    8.781555] end_request: I/O error, dev mtdblock0, sector 0
Aug 28 15:01:07 vader-rover kernel: [    8.804473] end_request: I/O error, dev mtdblock0, sector 0
Aug 28 15:01:07 vader-rover kernel: [    8.820739] end_request: I/O error, dev mtdblock0, sector 0
Aug 28 15:01:07 vader-rover kernel: [    8.844970] end_request: I/O error, dev mtdblock0, sector 0
Aug 28 15:01:07 vader-rover kernel: [    8.864318] end_request: I/O error, dev mtdblock0, sector 0
Aug 28 15:01:07 vader-rover kernel: [    8.880645] end_request: I/O error, dev mtdblock0, sector 0
Aug 28 15:01:07 vader-rover kernel: [    8.899902] end_request: I/O error, dev mtdblock0, sector 0
Aug 28 15:01:07 vader-rover kernel: [    8.922180] end_request: I/O error, dev mtdblock0, sector 0
Aug 28 15:01:07 vader-rover kernel: [    8.944458] end_request: I/O error, dev mtdblock0, sector 0
Aug 28 15:01:07 vader-rover kernel: [    8.967834] end_request: I/O error, dev mtdblock0, sector 0
Aug 28 15:01:07 vader-rover kernel: [    8.985595] end_request: I/O error, dev mtdblock0, sector 0
Aug 28 15:01:07 vader-rover kernel: [    9.005828] end_request: I/O error, dev mtdblock0, sector 0
Aug 28 15:01:07 vader-rover kernel: [    9.022979] end_request: I/O error, dev mtdblock0, sector 0
Aug 28 15:01:07 vader-rover kernel: [    9.041992] end_request: I/O error, dev mtdblock0, sector 8
Aug 28 15:01:07 vader-rover kernel: [    9.061218] end_request: I/O error, dev mtdblock0, sector 0
Aug 28 15:01:07 vader-rover kernel: [    9.081451] end_request: I/O error, dev mtdblock0, sector 0
Aug 28 15:01:07 vader-rover kernel: [    9.104278] end_request: I/O error, dev mtdblock0, sector 0
Aug 28 15:01:07 vader-rover kernel: [    9.122680] end_request: I/O error, dev mtdblock0, sector 0
Aug 28 15:01:07 vader-rover kernel: [    9.522521] end_request: I/O error, dev mtdblock0, sector 0
Aug 28 15:01:07 vader-rover kernel: [    9.538085] end_request: I/O error, dev mtdblock0, sector 0
Aug 28 15:01:07 vader-rover kernel: [    9.555908] end_request: I/O error, dev mtdblock0, sector 0
Aug 28 15:01:07 vader-rover kernel: [    9.574432] end_request: I/O error, dev mtdblock0, sector 0
Aug 28 15:01:07 vader-rover kernel: [    9.590728] end_request: I/O error, dev mtdblock0, sector 0
Aug 28 15:01:07 vader-rover kernel: [    9.610717] end_request: I/O error, dev mtdblock0, sector 0
Aug 28 15:01:07 vader-rover kernel: [    9.628021] end_request: I/O error, dev mtdblock0, sector 0
Aug 28 15:01:07 vader-rover kernel: [    9.643707] end_request: I/O error, dev mtdblock0, sector 0
Aug 28 15:01:07 vader-rover kernel: [    9.657592] end_request: I/O error, dev mtdblock0, sector 0
Aug 28 15:01:07 vader-rover kernel: [    9.670257] cdc_acm 1-2.1.2:1.0: usb_probe_interface
Aug 28 15:01:07 vader-rover kernel: [    9.670318] cdc_acm 1-2.1.2:1.0: usb_probe_interface - got id
Aug 28 15:01:07 vader-rover kernel: [    9.670318] cdc_acm 1-2.1.2:1.0: This device cannot do calls on its own. It is not a modem.
Aug 28 15:01:07 vader-rover kernel: [    9.680633] end_request: I/O error, dev mtdblock0, sector 0
Aug 28 15:01:07 vader-rover kernel: [    9.687866] end_request: I/O error, dev mtdblock0, sector 0
Aug 28 15:01:07 vader-rover kernel: [    9.702453] end_request: I/O error, dev mtdblock0, sector 0
Aug 28 15:01:07 vader-rover kernel: [    9.719970] end_request: I/O error, dev mtdblock0, sector 0
Aug 28 15:01:07 vader-rover kernel: [    9.735595] end_request: I/O error, dev mtdblock0, sector 0
Aug 28 15:01:07 vader-rover kernel: [    9.748779] end_request: I/O error, dev mtdblock0, sector 0
Aug 28 15:01:07 vader-rover kernel: [    9.766998] end_request: I/O error, dev mtdblock0, sector 0
Aug 28 15:01:07 vader-rover kernel: [    9.782470] end_request: I/O error, dev mtdblock0, sector 0
Aug 28 15:01:07 vader-rover kernel: [    9.796752] end_request: I/O error, dev mtdblock0, sector 8
Aug 28 15:01:07 vader-rover kernel: [    9.811279] end_request: I/O error, dev mtdblock0, sector 8
Aug 28 15:01:07 vader-rover kernel: [    9.825836] end_request: I/O error, dev mtdblock0, sector 8
Aug 28 15:01:07 vader-rover kernel: [    9.844940] end_request: I/O error, dev mtdblock0, sector 8
Aug 28 15:01:07 vader-rover kernel: [    9.862731] end_request: I/O error, dev mtdblock0, sector 24
Aug 28 15:01:07 vader-rover kernel: [    9.884094] end_request: I/O error, dev mtdblock0, sector 24
Aug 28 15:01:07 vader-rover kernel: [    9.899688] end_request: I/O error, dev mtdblock0, sector 24
Aug 28 15:01:07 vader-rover kernel: [    9.917816] end_request: I/O error, dev mtdblock0, sector 24
Aug 28 15:01:07 vader-rover kernel: [    9.933837] end_request: I/O error, dev mtdblock0, sector 56
Aug 28 15:01:07 vader-rover kernel: [    9.950134] end_request: I/O error, dev mtdblock0, sector 56
Aug 28 15:01:07 vader-rover kernel: [    9.970031] end_request: I/O error, dev mtdblock0, sector 56
Aug 28 15:01:07 vader-rover kernel: [    9.986785] end_request: I/O error, dev mtdblock0, sector 56
Aug 28 15:01:07 vader-rover kernel: [   10.008605] end_request: I/O error, dev mtdblock0, sector 120
Aug 28 15:01:07 vader-rover kernel: [   10.019134] end_request: I/O error, dev mtdblock0, sector 120
Aug 28 15:01:07 vader-rover kernel: [   10.037017] end_request: I/O error, dev mtdblock0, sector 120
Aug 28 15:01:07 vader-rover kernel: [   10.051177] cdc_acm 1-2.1.2:1.0: ttyACM0: USB ACM device
Aug 28 15:01:07 vader-rover kernel: [   10.053680] end_request: I/O error, dev mtdblock0, sector 120
Aug 28 15:01:07 vader-rover kernel: [   10.071563] end_request: I/O error, dev mtdblock0, sector 0
Aug 28 15:01:07 vader-rover kernel: [   10.084930] end_request: I/O error, dev mtdblock0, sector 0
Aug 28 15:01:07 vader-rover kernel: [   10.099365] end_request: I/O error, dev mtdblock0, sector 8
Aug 28 15:01:07 vader-rover kernel: [   10.116882] end_request: I/O error, dev mtdblock0, sector 8
Aug 28 15:01:07 vader-rover kernel: [   10.134063] end_request: I/O error, dev mtdblock0, sector 24
Aug 28 15:01:07 vader-rover kernel: [   10.147766] end_request: I/O error, dev mtdblock0, sector 24
Aug 28 15:01:07 vader-rover kernel: [   10.159576] usbcore: registered new interface driver usbserial
Aug 28 15:01:07 vader-rover kernel: [   10.159790] usbcore: registered new interface driver cdc_acm
Aug 28 15:01:07 vader-rover kernel: [   10.159790] cdc_acm: USB Abstract Control Model driver for USB modems and ISDN adapters
Aug 28 15:01:07 vader-rover kernel: [   10.170135] usbcore: registered new interface driver usbserial_generic
Aug 28 15:01:07 vader-rover kernel: [   10.170715] end_request: I/O error, dev mtdblock0, sector 56
Aug 28 15:01:07 vader-rover kernel: [   10.179595] USB Serial support registered for generic
Aug 28 15:01:07 vader-rover kernel: [   10.179656] usbserial: USB Serial Driver core
Aug 28 15:01:07 vader-rover kernel: [   10.188018] end_request: I/O error, dev mtdblock0, sector 56
Aug 28 15:01:07 vader-rover kernel: [   10.206848] usbcore: registered new interface driver pl2303
Aug 28 15:01:07 vader-rover kernel: [   10.207458] end_request: I/O error, dev mtdblock0, sector 120
Aug 28 15:01:07 vader-rover kernel: [   10.218261] USB Serial support registered for pl2303
Aug 28 15:01:07 vader-rover kernel: [   10.218383] pl2303 1-2.1.1:1.0: usb_probe_interface
Aug 28 15:01:07 vader-rover kernel: [   10.218414] pl2303 1-2.1.1:1.0: usb_probe_interface - got id
Aug 28 15:01:07 vader-rover kernel: [   10.218444] pl2303 1-2.1.1:1.0: pl2303 converter detected
Aug 28 15:01:07 vader-rover kernel: [   10.224853] end_request: I/O error, dev mtdblock0, sector 120
Aug 28 15:01:07 vader-rover kernel: [   10.239776] end_request: I/O error, dev mtdblock0, sector 0
Aug 28 15:01:07 vader-rover kernel: [   10.255065] usb 1-2.1.1: pl2303 converter now attached to ttyUSB0
Aug 28 15:01:07 vader-rover kernel: [   10.255310] end_request: I/O error, dev mtdblock0, sector 0
Aug 28 15:01:07 vader-rover kernel: [   10.276702] end_request: I/O error, dev mtdblock0, sector 0
Aug 28 15:01:07 vader-rover kernel: [   10.287933] usbcore: registered new interface driver ftdi_sio
Aug 28 15:01:07 vader-rover kernel: [   10.292144] USB Serial support registered for FTDI USB Serial Device
Aug 28 15:01:07 vader-rover kernel: [   10.292602] ftdi_sio 1-2.1.3:1.0: usb_probe_interface
Aug 28 15:01:07 vader-rover kernel: [   10.292633] ftdi_sio 1-2.1.3:1.0: usb_probe_interface - got id
Aug 28 15:01:07 vader-rover kernel: [   10.292663] ftdi_sio 1-2.1.3:1.0: FTDI USB Serial Device converter detected
Aug 28 15:01:07 vader-rover kernel: [   10.295684] end_request: I/O error, dev mtdblock0, sector 0
Aug 28 15:01:07 vader-rover kernel: [   10.314147] end_request: I/O error, dev mtdblock0, sector 0
Aug 28 15:01:07 vader-rover kernel: [   10.329376] end_request: I/O error, dev mtdblock0, sector 0
Aug 28 15:01:07 vader-rover kernel: [   10.344970] end_request: I/O error, dev mtdblock0, sector 64
Aug 28 15:01:07 vader-rover kernel: [   10.360717] end_request: I/O error, dev mtdblock0, sector 64
Aug 28 15:01:07 vader-rover kernel: [   10.373992] end_request: I/O error, dev mtdblock0, sector 64
Aug 28 15:01:07 vader-rover kernel: [   10.389678] end_request: I/O error, dev mtdblock0, sector 64
Aug 28 15:01:07 vader-rover kernel: [   10.405395] end_request: I/O error, dev mtdblock0, sector 64
Aug 28 15:01:07 vader-rover kernel: [   10.421539] end_request: I/O error, dev mtdblock0, sector 64
Aug 28 15:01:07 vader-rover kernel: [   10.435455] usb 1-2.1.3: Detected FT232RL
Aug 28 15:01:07 vader-rover kernel: [   10.435455] usb 1-2.1.3: Number of endpoints 2
Aug 28 15:01:07 vader-rover kernel: [   10.435485] usb 1-2.1.3: Endpoint 1 MaxPacketSize 64
Aug 28 15:01:07 vader-rover kernel: [   10.435485] usb 1-2.1.3: Endpoint 2 MaxPacketSize 64
Aug 28 15:01:07 vader-rover kernel: [   10.435516] usb 1-2.1.3: Setting MaxPacketSize 64
Aug 28 15:01:07 vader-rover kernel: [   10.438751] end_request: I/O error, dev mtdblock0, sector 64
Aug 28 15:01:07 vader-rover kernel: [   10.450469] end_request: I/O error, dev mtdblock0, sector 64
Aug 28 15:01:07 vader-rover kernel: [   10.473419] end_request: I/O error, dev mtdblock0, sector 64
Aug 28 15:01:07 vader-rover kernel: [   10.483612] usb 1-2.1.3: FTDI USB Serial Device converter now attached to ttyUSB1
Aug 28 15:01:07 vader-rover kernel: [   10.486450] ftdi_sio: v1.6.0:USB FTDI Serial Converters Driver
Aug 28 15:01:07 vader-rover kernel: [   10.498107] end_request: I/O error, dev mtdblock0, sector 0
Aug 28 15:01:07 vader-rover kernel: [   10.516845] end_request: I/O error, dev mtdblock0, sector 0
Aug 28 15:01:07 vader-rover kernel: [   10.525634] end_request: I/O error, dev mtdblock0, sector 0
Aug 28 15:01:07 vader-rover kernel: [   10.553192] end_request: I/O error, dev mtdblock0, sector 0
Aug 28 15:01:07 vader-rover kernel: [   10.579589] end_request: I/O error, dev mtdblock0, sector 0
Aug 28 15:01:07 vader-rover kernel: [   10.603729] end_request: I/O error, dev mtdblock0, sector 16
Aug 28 15:01:07 vader-rover kernel: [   10.626281] end_request: I/O error, dev mtdblock0, sector 0
Aug 28 15:01:07 vader-rover kernel: [   10.648956] end_request: I/O error, dev mtdblock0, sector 0
Aug 28 15:01:07 vader-rover kernel: [   10.659851] end_request: I/O error, dev mtdblock0, sector 0
Aug 28 15:01:07 vader-rover kernel: [   10.677703] end_request: I/O error, dev mtdblock0, sector 0
Aug 28 15:01:07 vader-rover kernel: [   10.700256] end_request: I/O error, dev mtdblock0, sector 0
Aug 28 15:01:07 vader-rover kernel: [   10.720001] end_request: I/O error, dev mtdblock0, sector 0
Aug 28 15:01:07 vader-rover kernel: [   10.735626] end_request: I/O error, dev mtdblock0, sector 0
Aug 28 15:01:07 vader-rover kernel: [   10.754791] end_request: I/O error, dev mtdblock0, sector 0
Aug 28 15:01:07 vader-rover kernel: [   10.775360] end_request: I/O error, dev mtdblock0, sector 0
Aug 28 15:01:07 vader-rover kernel: [   10.795989] end_request: I/O error, dev mtdblock0, sector 0
Aug 28 15:01:07 vader-rover kernel: [   10.813720] end_request: I/O error, dev mtdblock0, sector 0
Aug 28 15:01:07 vader-rover kernel: [   10.828613] end_request: I/O error, dev mtdblock0, sector 0
Aug 28 15:01:07 vader-rover kernel: [   10.852813] end_request: I/O error, dev mtdblock0, sector 0
Aug 28 15:01:07 vader-rover kernel: [   10.853118] end_request: I/O error, dev mtdblock0, sector 0
Aug 28 15:01:07 vader-rover kernel: [   10.853302] end_request: I/O error, dev mtdblock0, sector 0
Aug 28 15:01:07 vader-rover kernel: [   10.853485] end_request: I/O error, dev mtdblock0, sector 0
Aug 28 15:01:07 vader-rover kernel: [   10.853637] end_request: I/O error, dev mtdblock0, sector 0
Aug 28 15:01:07 vader-rover kernel: [   10.853820] end_request: I/O error, dev mtdblock0, sector 0
Aug 28 15:01:07 vader-rover kernel: [   10.853973] end_request: I/O error, dev mtdblock0, sector 8
Aug 28 15:01:07 vader-rover kernel: [   10.854125] end_request: I/O error, dev mtdblock0, sector 0
Aug 28 15:01:07 vader-rover kernel: [   10.854309] end_request: I/O error, dev mtdblock0, sector 0
Aug 28 15:01:07 vader-rover kernel: [   10.854461] end_request: I/O error, dev mtdblock0, sector 0
Aug 28 15:01:07 vader-rover kernel: [   10.854644] end_request: I/O error, dev mtdblock0, sector 0
Aug 28 15:01:07 vader-rover kernel: [   13.885589] NET: Registered protocol family 10
Aug 28 15:01:07 vader-rover kernel: [   14.032958] libertas_sdio mmc1:0001:1: (unregistered net_device): 00:19:88:25:91:f6, fw 9.70.3p36, cap 0x00000303
Aug 28 15:01:07 vader-rover kernel: [   14.039123] libertas_sdio mmc1:0001:1: wlan0: Marvell WLAN 802.11 adapter
Aug 28 15:03:07 vader-rover kernel: [  134.493133] GPIO Event Monitor 0.1 Compiled: Jan 13 2014 at 15:50:49
Aug 28 15:03:07 vader-rover kernel: [  134.830596] pwm: frequency=50 Hz servo=1 servo_min = 10000 servo_max = 20000
Aug 28 15:03:37 vader-rover kernel: [  164.598480] rtw_wx_get_rts, rts_thresh=2347
Aug 28 15:03:37 vader-rover kernel: [  164.598510] rtw_wx_get_frag, frag_len=2346
Aug 28 15:04:28 vader-rover kernel: [  215.599334] rtw_wx_get_rts, rts_thresh=2347
Aug 28 15:04:28 vader-rover kernel: [  215.599395] rtw_wx_get_frag, frag_len=2346
Aug 28 15:05:24 vader-rover kernel: [  271.402618] IPv6: ADDRCONF(NETDEV_UP): wlan0: link is not ready
Aug 28 15:05:42 vader-rover kernel: [  288.991760] rtw_wx_get_rts, rts_thresh=2347
Aug 28 15:05:42 vader-rover kernel: [  288.991790] rtw_wx_get_frag, frag_len=2346
Aug 28 15:06:05 vader-rover kernel: [  312.510833] rtw_wx_get_rts, rts_thresh=2347
Aug 28 15:06:05 vader-rover kernel: [  312.510894] rtw_wx_get_frag, frag_len=2346
Aug 28 15:06:26 vader-rover kernel: [  332.879547] IPv6: ADDRCONF(NETDEV_CHANGE): wlan0: link becomes ready
Aug 28 15:06:39 vader-rover kernel: [  345.925842] rtw_wx_get_rts, rts_thresh=2347
Aug 28 15:06:39 vader-rover kernel: [  345.925903] rtw_wx_get_frag, frag_len=2346
Aug 28 15:20:39 vader-rover kernel: [ 1186.258361] rtw_wx_get_rts, rts_thresh=2347
Aug 28 15:20:39 vader-rover kernel: [ 1186.258422] rtw_wx_get_frag, frag_len=2346
Aug 29 12:38:04 vader-rover kernel: imklog 5.8.6, log source = /proc/kmsg started.
Aug 29 12:38:04 vader-rover kernel: [    0.000000] Booting Linux on physical CPU 0
Aug 29 12:38:04 vader-rover kernel: [    0.000000] Initializing cgroup subsys cpuset
Aug 29 12:38:04 vader-rover kernel: [    0.000000] Initializing cgroup subsys cpu
Aug 29 12:38:04 vader-rover kernel: [    0.000000] Linux version 3.5.0-2-linaro-omap (adam@pine) (gcc version 4.6.3 (Ubuntu/Linaro 4.6.3-1ubuntu5) ) #2~ci+121210190143 PREEMPT Mon Dec 10 11:03:27 PST 2012
Aug 29 12:38:04 vader-rover kernel: [    0.000000] CPU: ARMv7 Processor [413fc082] revision 2 (ARMv7), cr=10c53c7d
Aug 29 12:38:04 vader-rover kernel: [    0.000000] CPU: PIPT / VIPT nonaliasing data cache, VIPT aliasing instruction cache
Aug 29 12:38:04 vader-rover kernel: [    0.000000] Machine: Gumstix Overo
Aug 29 12:38:04 vader-rover kernel: [    0.000000] Reserving 12582912 bytes SDRAM for VRAM
Aug 29 12:38:04 vader-rover kernel: [    0.000000] Memory policy: ECC disabled, Data cache writeback
Aug 29 12:38:04 vader-rover kernel: [    0.000000] On node 0 totalpages: 127744
Aug 29 12:38:04 vader-rover kernel: [    0.000000] free_area_init_node: node 0, pgdat c070b85c, node_mem_map c07a7000
Aug 29 12:38:04 vader-rover kernel: [    0.000000]   Normal zone: 1024 pages used for memmap
Aug 29 12:38:04 vader-rover kernel: [    0.000000]   Normal zone: 0 pages reserved
Aug 29 12:38:04 vader-rover kernel: [    0.000000]   Normal zone: 126720 pages, LIFO batch:31
Aug 29 12:38:04 vader-rover kernel: [    0.000000] OMAP3630 ES1.2 (l2cache iva sgx neon isp 192mhz_clk )
Aug 29 12:38:04 vader-rover kernel: [    0.000000] Clocking rate (Crystal/Core/MPU): 26.0/332/600 MHz
Aug 29 12:38:04 vader-rover kernel: [    0.000000] pcpu-alloc: s0 r0 d32768 u32768 alloc=1*32768
Aug 29 12:38:04 vader-rover kernel: [    0.000000] pcpu-alloc: [0] 0 
Aug 29 12:38:04 vader-rover kernel: [    0.000000] Built 1 zonelists in Zone order, mobility grouping on.  Total pages: 126720
Aug 29 12:38:04 vader-rover kernel: [    0.000000] Kernel command line: console=tty0 console=ttyO2,115200n8 root=/dev/mmcblk0p2 rootwait ro earlyprintk mpurate=720 vram=12M omapdss.def_disp=dvi omapfb.mode=dvi:1024x768MR-16@60
Aug 29 12:38:04 vader-rover kernel: [    0.000000] PID hash table entries: 2048 (order: 1, 8192 bytes)
Aug 29 12:38:04 vader-rover kernel: [    0.000000] Dentry cache hash table entries: 65536 (order: 6, 262144 bytes)
Aug 29 12:38:04 vader-rover kernel: [    0.000000] Inode-cache hash table entries: 32768 (order: 5, 131072 bytes)
Aug 29 12:38:04 vader-rover kernel: [    0.000000] allocated 1048576 bytes of page_cgroup
Aug 29 12:38:04 vader-rover kernel: [    0.000000] please try 'cgroup_disable=memory' option if you don't want memory cgroups
Aug 29 12:38:04 vader-rover kernel: [    0.000000] Memory: 499MB = 499MB total
Aug 29 12:38:04 vader-rover kernel: [    0.000000] Memory: 496084k/496084k available, 28204k reserved, 0K highmem
Aug 29 12:38:04 vader-rover kernel: [    0.000000] Virtual kernel memory layout:
Aug 29 12:38:04 vader-rover kernel: [    0.000000]     vector  : 0xffff0000 - 0xffff1000   (   4 kB)
Aug 29 12:38:04 vader-rover kernel: [    0.000000]     fixmap  : 0xfff00000 - 0xfffe0000   ( 896 kB)
Aug 29 12:38:04 vader-rover kernel: [    0.000000]     vmalloc : 0xe0800000 - 0xff000000   ( 488 MB)
Aug 29 12:38:04 vader-rover kernel: [    0.000000]     lowmem  : 0xc0000000 - 0xe0000000   ( 512 MB)
Aug 29 12:38:04 vader-rover kernel: [    0.000000]     pkmap   : 0xbfe00000 - 0xc0000000   (   2 MB)
Aug 29 12:38:04 vader-rover kernel: [    0.000000]     modules : 0xbf000000 - 0xbfe00000   (  14 MB)
Aug 29 12:38:04 vader-rover kernel: [    0.000000]       .text : 0xc0008000 - 0xc067abfc   (6603 kB)
Aug 29 12:38:04 vader-rover kernel: [    0.000000]       .init : 0xc067b000 - 0xc06b2000   ( 220 kB)
Aug 29 12:38:04 vader-rover kernel: [    0.000000]       .data : 0xc06b2000 - 0xc071b268   ( 421 kB)
Aug 29 12:38:04 vader-rover kernel: [    0.000000]        .bss : 0xc071b28c - 0xc07a6020   ( 556 kB)
Aug 29 12:38:04 vader-rover kernel: [    0.000000] NR_IRQS:474
Aug 29 12:38:04 vader-rover kernel: [    0.000000] IRQ: Found an INTC at 0xfa200000 (revision 4.0) with 96 interrupts
Aug 29 12:38:04 vader-rover kernel: [    0.000000] Total of 96 interrupts on 1 active controller
Aug 29 12:38:04 vader-rover kernel: [    0.000000] OMAP clockevent source: GPTIMER1 at 32768 Hz
Aug 29 12:38:04 vader-rover kernel: [    0.000000] sched_clock: 32 bits at 32kHz, resolution 30517ns, wraps every 131071999ms
Aug 29 12:38:04 vader-rover kernel: [    0.000000] OMAP clocksource: 32k_counter at 32768 Hz
Aug 29 12:38:04 vader-rover kernel: [    0.000000] Console: colour dummy device 80x30
Aug 29 12:38:05 vader-rover kernel: [    0.000000] console [tty0] enabled
Aug 29 12:38:05 vader-rover kernel: [    0.001007] Calibrating delay loop... 597.64 BogoMIPS (lpj=2334720)
Aug 29 12:38:05 vader-rover kernel: [    0.039093] pid_max: default: 32768 minimum: 301
Aug 29 12:38:05 vader-rover kernel: [    0.039276] Security Framework initialized
Aug 29 12:38:05 vader-rover kernel: [    0.039428] Mount-cache hash table entries: 512
Aug 29 12:38:05 vader-rover kernel: [    0.040222] Initializing cgroup subsys debug
Aug 29 12:38:05 vader-rover kernel: [    0.040283] Initializing cgroup subsys cpuacct
Aug 29 12:38:05 vader-rover kernel: [    0.040313] Initializing cgroup subsys memory
Aug 29 12:38:05 vader-rover kernel: [    0.040374] Initializing cgroup subsys devices
Aug 29 12:38:05 vader-rover kernel: [    0.040405] Initializing cgroup subsys freezer
Aug 29 12:38:05 vader-rover kernel: [    0.040435] Initializing cgroup subsys perf_event
Aug 29 12:38:05 vader-rover kernel: [    0.040557] CPU: Testing write buffer coherency: ok
Aug 29 12:38:05 vader-rover kernel: [    0.040893] Setting up static identity map for 0x8046ea98 - 0x8046eaf0
Aug 29 12:38:05 vader-rover kernel: [    0.046051] devtmpfs: initialized
Aug 29 12:38:05 vader-rover kernel: [    0.050872] dummy: 
Aug 29 12:38:05 vader-rover kernel: [    0.051269] NET: Registered protocol family 16
Aug 29 12:38:05 vader-rover kernel: [    0.051727] GPMC revision 5.0
Aug 29 12:38:05 vader-rover kernel: [    0.051788] gpmc: irq-20 could not claim: err -22
Aug 29 12:38:05 vader-rover kernel: [    0.053710] gpiochip_add: registered GPIOs 0 to 31 on device: gpio
Aug 29 12:38:05 vader-rover kernel: [    0.053802] OMAP GPIO hardware version 2.5
Aug 29 12:38:05 vader-rover kernel: [    0.054077] gpiochip_add: registered GPIOs 32 to 63 on device: gpio
Aug 29 12:38:05 vader-rover kernel: [    0.054351] gpiochip_add: registered GPIOs 64 to 95 on device: gpio
Aug 29 12:38:05 vader-rover kernel: [    0.054626] gpiochip_add: registered GPIOs 96 to 127 on device: gpio
Aug 29 12:38:05 vader-rover kernel: [    0.055023] gpiochip_add: registered GPIOs 128 to 159 on device: gpio
Aug 29 12:38:05 vader-rover kernel: [    0.055328] gpiochip_add: registered GPIOs 160 to 191 on device: gpio
Aug 29 12:38:05 vader-rover kernel: [    0.056274] omap_mux_init: Add partition: #1: core, flags: 0
Aug 29 12:38:05 vader-rover kernel: [    0.061279] _omap_mux_get_by_name: Could not find signal uart4_rx.uart4_rx
Aug 29 12:38:05 vader-rover kernel: [    0.067138] Reprogramming SDRC clock to 332000000 Hz
Aug 29 12:38:05 vader-rover kernel: [    0.067169] dpll3_m2_clk rate change failed: -22
Aug 29 12:38:05 vader-rover kernel: [    0.067199] Found NAND on CS0
Aug 29 12:38:05 vader-rover kernel: [    0.067230] Registering NAND on CS0
Aug 29 12:38:05 vader-rover kernel: [    0.068420]  usbhs_omap: alias fck already exists
Aug 29 12:38:05 vader-rover kernel: [    0.075927] hw-breakpoint: debug architecture 0x4 unsupported.
Aug 29 12:38:05 vader-rover kernel: [    0.078979]  omap-mcbsp.2: alias fck already exists
Aug 29 12:38:05 vader-rover kernel: [    0.079193]  omap-mcbsp.3: alias fck already exists
Aug 29 12:38:05 vader-rover kernel: [    0.080291] Switched to new clocking rate (Crystal/Core/MPU): 26.0/332/720 MHz
Aug 29 12:38:05 vader-rover kernel: [    0.080505] OMAP DMA hardware revision 5.0
Aug 29 12:38:05 vader-rover kernel: [    0.087524] bio: create slab <bio-0> at 0
Aug 29 12:38:05 vader-rover kernel: [    0.088226] fixed-dummy: 
Aug 29 12:38:05 vader-rover kernel: [    0.088317] reg-fixed-voltage reg-fixed-voltage.0: fixed-dummy supplying 0uV
Aug 29 12:38:05 vader-rover kernel: [    0.088500] vads7846: override min_uV, 1 -> 3300000
Aug 29 12:38:05 vader-rover kernel: [    0.088500] vads7846: override max_uV, 2147483647 -> 3300000
Aug 29 12:38:05 vader-rover kernel: [    0.088531] vads7846: 3300 mV 
Aug 29 12:38:05 vader-rover kernel: [    0.088623] reg-fixed-voltage reg-fixed-voltage.1: vads7846 supplying 3300000uV
Aug 29 12:38:05 vader-rover kernel: [    0.089233] SCSI subsystem initialized
Aug 29 12:38:05 vader-rover kernel: [    0.089538] usbcore: registered new interface driver usbfs
Aug 29 12:38:05 vader-rover kernel: [    0.089660] usbcore: registered new interface driver hub
Aug 29 12:38:05 vader-rover kernel: [    0.089904] usbcore: registered new device driver usb
Aug 29 12:38:05 vader-rover kernel: [    0.090332] omap_i2c omap_i2c.1: bus 1 rev1.4.0 at 2600 kHz
Aug 29 12:38:05 vader-rover kernel: [    0.092864] twl 1-0048: PIH (irq 7) chaining IRQs 320..328
Aug 29 12:38:05 vader-rover kernel: [    0.093017] twl 1-0048: power (irq 325) chaining IRQs 328..335
Aug 29 12:38:05 vader-rover kernel: [    0.093597] twl4030_gpio twl4030_gpio: gpio (irq 320) chaining IRQs 336..353
Aug 29 12:38:05 vader-rover kernel: [    0.093933] gpiochip_add: registered GPIOs 192 to 211 on device: twl4030
Aug 29 12:38:05 vader-rover kernel: [    0.094604] VUSB1V5: override min_uV, 1 -> 1500000
Aug 29 12:38:05 vader-rover kernel: [    0.094604] VUSB1V5: override max_uV, 2147483647 -> 1500000
Aug 29 12:38:05 vader-rover kernel: [    0.094635] VUSB1V5: 1500 mV normal standby
Aug 29 12:38:05 vader-rover kernel: [    0.095092] VUSB1V8: override min_uV, 1 -> 1800000
Aug 29 12:38:05 vader-rover kernel: [    0.095092] VUSB1V8: override max_uV, 2147483647 -> 1800000
Aug 29 12:38:05 vader-rover kernel: [    0.095092] VUSB1V8: 1800 mV normal standby
Aug 29 12:38:05 vader-rover kernel: [    0.095520] VUSB3V1: override min_uV, 1 -> 3100000
Aug 29 12:38:05 vader-rover kernel: [    0.095520] VUSB3V1: override max_uV, 2147483647 -> 3100000
Aug 29 12:38:05 vader-rover kernel: [    0.095520] VUSB3V1: 3100 mV normal standby
Aug 29 12:38:05 vader-rover kernel: [    0.096984] twl4030_usb twl4030_usb: HW_CONDITIONS 0x10/16; link 0
Aug 29 12:38:05 vader-rover kernel: [    0.097198] twl4030_usb twl4030_usb: Initialized TWL4030 USB module
Aug 29 12:38:05 vader-rover kernel: [    0.097686] vdd_mpu_iva: 600 <--> 1450 mV normal 
Aug 29 12:38:05 vader-rover kernel: [    0.098083] vdd_core: 600 <--> 1450 mV normal 
Aug 29 12:38:05 vader-rover kernel: [    0.098571] VMMC1: 1850 <--> 3150 mV at 3000 mV normal standby
Aug 29 12:38:05 vader-rover kernel: [    0.099090] VDAC: 1800 mV normal standby
Aug 29 12:38:05 vader-rover kernel: [    0.099578] VDVI: 1800 mV normal standby
Aug 29 12:38:05 vader-rover kernel: [    0.100036] omap_i2c omap_i2c.3: bus 3 rev1.4.0 at 400 kHz
Aug 29 12:38:05 vader-rover kernel: [    0.100769] omap-iommu omap-iommu.0: isp registered
Aug 29 12:38:05 vader-rover kernel: [    0.100982] Advanced Linux Sound Architecture Driver Version 1.0.25.
Aug 29 12:38:05 vader-rover kernel: [    0.101867] Switching to clocksource 32k_counter
Aug 29 12:38:05 vader-rover kernel: [    0.126434] usbhs_omap usbhs_omap: xclk60mhsp2_ck set parentfailed error:-22
Aug 29 12:38:05 vader-rover kernel: [    0.127197] NET: Registered protocol family 2
Aug 29 12:38:05 vader-rover kernel: [    0.127502] IP route cache hash table entries: 4096 (order: 2, 16384 bytes)
Aug 29 12:38:05 vader-rover kernel: [    0.128051] TCP established hash table entries: 16384 (order: 5, 131072 bytes)
Aug 29 12:38:05 vader-rover kernel: [    0.128387] TCP bind hash table entries: 16384 (order: 4, 65536 bytes)
Aug 29 12:38:05 vader-rover kernel: [    0.128570] TCP: Hash tables configured (established 16384 bind 16384)
Aug 29 12:38:05 vader-rover kernel: [    0.128601] TCP: reno registered
Aug 29 12:38:05 vader-rover kernel: [    0.128601] UDP hash table entries: 256 (order: 0, 4096 bytes)
Aug 29 12:38:05 vader-rover kernel: [    0.128662] UDP-Lite hash table entries: 256 (order: 0, 4096 bytes)
Aug 29 12:38:05 vader-rover kernel: [    0.128936] NET: Registered protocol family 1
Aug 29 12:38:05 vader-rover kernel: [    0.129455] RPC: Registered named UNIX socket transport module.
Aug 29 12:38:05 vader-rover kernel: [    0.129486] RPC: Registered udp transport module.
Aug 29 12:38:05 vader-rover kernel: [    0.129516] RPC: Registered tcp transport module.
Aug 29 12:38:05 vader-rover kernel: [    0.129547] RPC: Registered tcp NFSv4.1 backchannel transport module.
Aug 29 12:38:05 vader-rover kernel: [    0.129791] Trying to unpack rootfs image as initramfs...
Aug 29 12:38:05 vader-rover kernel: [    0.244812] Freeing initrd memory: 1488K
Aug 29 12:38:05 vader-rover kernel: [    0.247161] audit: initializing netlink socket (disabled)
Aug 29 12:38:05 vader-rover kernel: [    0.247253] type=2000 audit(0.242:1): initialized
Aug 29 12:38:05 vader-rover kernel: [    0.248626] VFS: Disk quotas dquot_6.5.2
Aug 29 12:38:05 vader-rover kernel: [    0.248748] Dquot-cache hash table entries: 1024 (order 0, 4096 bytes)
Aug 29 12:38:05 vader-rover kernel: [    0.249084] NFS: Registering the id_resolver key type
Aug 29 12:38:05 vader-rover kernel: [    0.249176] Key type id_resolver registered
Aug 29 12:38:05 vader-rover kernel: [    0.249603] jffs2: version 2.2. (NAND) (SUMMARY)  Â© 2001-2006 Red Hat, Inc.
Aug 29 12:38:05 vader-rover kernel: [    0.250244] fuse init (API version 7.19)
Aug 29 12:38:05 vader-rover kernel: [    0.250854] msgmni has been set to 971
Aug 29 12:38:05 vader-rover kernel: [    0.252593] Block layer SCSI generic (bsg) driver version 0.4 loaded (major 253)
Aug 29 12:38:05 vader-rover kernel: [    0.252624] io scheduler noop registered
Aug 29 12:38:05 vader-rover kernel: [    0.252655] io scheduler deadline registered (default)
Aug 29 12:38:05 vader-rover kernel: [    0.253417] OMAP DSS rev 2.0
Aug 29 12:38:05 vader-rover kernel: [    0.256378] omap_uart.0: ttyO0 at MMIO 0x4806a000 (irq = 72) is a OMAP UART0
Aug 29 12:38:05 vader-rover kernel: [    0.256835] omap_uart.1: ttyO1 at MMIO 0x4806c000 (irq = 73) is a OMAP UART1
Aug 29 12:38:05 vader-rover kernel: [    0.257263] omap_uart.2: ttyO2 at MMIO 0x49020000 (irq = 74) is a OMAP UART2
Aug 29 12:38:05 vader-rover kernel: [    0.958526] console [ttyO2] enabled
Aug 29 12:38:05 vader-rover kernel: [    0.962646] omap_uart.3: ttyO3 at MMIO 0x49042000 (irq = 80) is a OMAP UART3
Aug 29 12:38:05 vader-rover kernel: [    0.977600] brd: module loaded
Aug 29 12:38:05 vader-rover kernel: [    0.984649] loop: module loaded
Aug 29 12:38:05 vader-rover kernel: [    0.990081] twl4030_madc twl4030_madc: clk disabled, enabling
Aug 29 12:38:05 vader-rover kernel: [    0.997955] NAND device: Manufacturer ID: 0x2c, Chip ID: 0xbc (Micron NAND 512MiB 1,8V 16-bit), page size: 2048, OOB size: 64
Aug 29 12:38:05 vader-rover kernel: [    1.022766] Creating 5 MTD partitions on "omap2-nand.0":
Aug 29 12:38:05 vader-rover kernel: [    1.028564] 0x000000000000-0x000000080000 : "xloader"
Aug 29 12:38:05 vader-rover kernel: [    1.035430] 0x000000080000-0x000000240000 : "uboot"
Aug 29 12:38:05 vader-rover kernel: [    1.042785] 0x000000240000-0x000000280000 : "uboot environment"
Aug 29 12:38:05 vader-rover kernel: [    1.050170] 0x000000280000-0x000000680000 : "linux"
Aug 29 12:38:05 vader-rover kernel: [    1.059020] 0x000000680000-0x000020000000 : "rootfs"
Aug 29 12:38:05 vader-rover kernel: [    1.417572] smsc911x: Driver version 2008-10-21
Aug 29 12:38:05 vader-rover kernel: [    1.422821] smsc911x: Driver version 2008-10-21
Aug 29 12:38:05 vader-rover kernel: [    1.427978] usbcore: registered new interface driver asix
Aug 29 12:38:05 vader-rover kernel: [    1.433807] usbcore: registered new interface driver cdc_ether
Aug 29 12:38:05 vader-rover kernel: [    1.440032] usbcore: registered new interface driver cdc_ncm
Aug 29 12:38:05 vader-rover kernel: [    1.446319] ehci_hcd: USB 2.0 'Enhanced' Host Controller (EHCI) Driver
Aug 29 12:38:05 vader-rover kernel: [    1.453186] ehci_hcd: block sizes: qh 64 qtd 96 itd 160 sitd 96
Aug 29 12:38:05 vader-rover kernel: [    1.453338] ehci-omap ehci-omap.0: failed to get ehci port1 regulator
Aug 29 12:38:05 vader-rover kernel: [    2.453582] ehci-omap ehci-omap.0: phy reset operation timed out
Aug 29 12:38:05 vader-rover kernel: [    2.453613] ehci-omap ehci-omap.0: reset hcs_params 0x1313 dbg=0 cc=1 pcc=3 ordered ports=3
Aug 29 12:38:05 vader-rover kernel: [    2.453613] ehci-omap ehci-omap.0: reset hcc_params 0016 thresh 1 uframes 256/512/1024 park
Aug 29 12:38:05 vader-rover kernel: [    2.453643] ehci-omap ehci-omap.0: reset command 0080b02  park=3 ithresh=8 period=1024 Reset HALT
Aug 29 12:38:05 vader-rover kernel: [    2.453674] ehci-omap ehci-omap.0: OMAP-EHCI Host Controller
Aug 29 12:38:05 vader-rover kernel: [    2.459899] ehci-omap ehci-omap.0: new USB bus registered, assigned bus number 1
Aug 29 12:38:05 vader-rover kernel: [    2.467773] ehci-omap ehci-omap.0: park 0
Aug 29 12:38:05 vader-rover kernel: [    2.467834] ehci-omap ehci-omap.0: irq 77, io mem 0x48064800
Aug 29 12:38:05 vader-rover kernel: [    2.473846] ehci-omap ehci-omap.0: init command 0010005 (park)=0 ithresh=1 period=512 RUN
Aug 29 12:38:05 vader-rover kernel: [    2.484893] ehci-omap ehci-omap.0: USB 2.0 started, EHCI 1.00
Aug 29 12:38:05 vader-rover kernel: [    2.491058] usb usb1: default language 0x0409
Aug 29 12:38:05 vader-rover kernel: [    2.491088] usb usb1: udev 1, busnum 1, minor = 0
Aug 29 12:38:05 vader-rover kernel: [    2.491119] usb usb1: New USB device found, idVendor=1d6b, idProduct=0002
Aug 29 12:38:05 vader-rover kernel: [    2.498291] usb usb1: New USB device strings: Mfr=3, Product=2, SerialNumber=1
Aug 29 12:38:05 vader-rover kernel: [    2.505889] usb usb1: Product: OMAP-EHCI Host Controller
Aug 29 12:38:05 vader-rover kernel: [    2.511505] usb usb1: Manufacturer: Linux 3.5.0-2-linaro-omap ehci_hcd
Aug 29 12:38:05 vader-rover kernel: [    2.518371] usb usb1: SerialNumber: ehci-omap.0
Aug 29 12:38:05 vader-rover kernel: [    2.523620] usb usb1: usb_probe_device
Aug 29 12:38:05 vader-rover kernel: [    2.523651] usb usb1: configuration #1 chosen from 1 choice
Aug 29 12:38:05 vader-rover kernel: [    2.523681] usb usb1: adding 1-0:1.0 (config #1, interface 0)
Aug 29 12:38:05 vader-rover kernel: [    2.523834] hub 1-0:1.0: usb_probe_interface
Aug 29 12:38:05 vader-rover kernel: [    2.523834] hub 1-0:1.0: usb_probe_interface - got id
Aug 29 12:38:05 vader-rover kernel: [    2.523864] hub 1-0:1.0: USB hub found
Aug 29 12:38:05 vader-rover kernel: [    2.527862] hub 1-0:1.0: 3 ports detected
Aug 29 12:38:05 vader-rover kernel: [    2.532104] hub 1-0:1.0: standalone hub
Aug 29 12:38:05 vader-rover kernel: [    2.532135] hub 1-0:1.0: individual port power switching
Aug 29 12:38:05 vader-rover kernel: [    2.532135] hub 1-0:1.0: individual port over-current protection
Aug 29 12:38:05 vader-rover kernel: [    2.532135] hub 1-0:1.0: power on to power good time: 20ms
Aug 29 12:38:05 vader-rover kernel: [    2.532165] hub 1-0:1.0: local power source is good
Aug 29 12:38:05 vader-rover kernel: [    2.532196] hub 1-0:1.0: enabling power on all ports
Aug 29 12:38:05 vader-rover kernel: [    2.532470] ehci-omap ehci-omap.0: ...powerup ports...
Aug 29 12:38:05 vader-rover kernel: [    2.563171] Initializing USB Mass Storage driver...
Aug 29 12:38:05 vader-rover kernel: [    2.568450] usbcore: registered new interface driver usb-storage
Aug 29 12:38:05 vader-rover kernel: [    2.574798] USB Mass Storage support registered.
Aug 29 12:38:05 vader-rover kernel: [    2.579681] musb-hdrc: version 6.0, ?dma?, otg (peripheral+host)
Aug 29 12:38:05 vader-rover kernel: [    2.591613] twl4030_usb twl4030_usb: twl4030_phy_resume
Aug 29 12:38:05 vader-rover kernel: [    2.591857] musb-hdrc: ConfigData=0xde (UTMI-8, dyn FIFOs, bulk combine, bulk split, HB-ISO Rx, HB-ISO Tx, SoftConn)
Aug 29 12:38:05 vader-rover kernel: [    2.591888] musb-hdrc: MHDRC RTL version 1.800 
Aug 29 12:38:05 vader-rover kernel: [    2.591888] musb-hdrc: setup fifo_mode 4
Aug 29 12:38:05 vader-rover kernel: [    2.591918] musb-hdrc: 28/31 max ep, 16384/16384 memory
Aug 29 12:38:05 vader-rover kernel: [    2.592315] musb-hdrc musb-hdrc: USB OTG mode controller at fa0ab000 using DMA, IRQ 92
Aug 29 12:38:05 vader-rover kernel: [    2.602600] twl4030_usb twl4030_usb: twl4030_phy_suspend
Aug 29 12:38:05 vader-rover kernel: [    2.603088] mousedev: PS/2 mouse device common for all mice
Aug 29 12:38:05 vader-rover kernel: [    2.609588] twl_rtc twl_rtc: Enabling TWL-RTC
Aug 29 12:38:05 vader-rover kernel: [    2.616790] twl_rtc twl_rtc: rtc core: registered twl_rtc as rtc0
Aug 29 12:38:05 vader-rover kernel: [    2.624023] i2c /dev entries driver
Aug 29 12:38:05 vader-rover kernel: [    2.629119] voltdm_scale: No voltage scale API registered for vdd_mpu_iva
Aug 29 12:38:05 vader-rover kernel: [    2.636383] ehci-omap ehci-omap.0: GetStatus port:2 status 001803 0  ACK POWER sig=j CSC CONNECT
Aug 29 12:38:05 vader-rover kernel: [    2.636413] hub 1-0:1.0: port 2: status 0501 change 0001
Aug 29 12:38:05 vader-rover kernel: [    2.636444] platform mpu.0: omap_target: unable to scale voltage up.
Aug 29 12:38:05 vader-rover kernel: [    2.643188] cpuidle: using governor ladder
Aug 29 12:38:05 vader-rover kernel: [    2.647491] cpuidle: using governor menu
Aug 29 12:38:05 vader-rover kernel: [    2.652130] omap_hsmmc omap_hsmmc.0: Failed to get debounce clk
Aug 29 12:38:05 vader-rover kernel: [    2.734954] hub 1-0:1.0: state 7 ports 3 chg 0004 evt 0000
Aug 29 12:38:05 vader-rover kernel: [    2.734985] hub 1-0:1.0: port 2, status 0501, change 0000, 480 Mb/s
Aug 29 12:38:05 vader-rover kernel: [    2.797424] ehci-omap ehci-omap.0: port 2 reset complete, port enabled
Aug 29 12:38:05 vader-rover kernel: [    2.797454] ehci-omap ehci-omap.0: GetStatus port:2 status 001005 0  ACK POWER sig=se0 PE CONNECT
Aug 29 12:38:05 vader-rover kernel: [    2.859893] usb 1-2: new high-speed USB device number 2 using ehci-omap
Aug 29 12:38:05 vader-rover kernel: [    2.922424] ehci-omap ehci-omap.0: port 2 reset complete, port enabled
Aug 29 12:38:05 vader-rover kernel: [    2.922454] ehci-omap ehci-omap.0: GetStatus port:2 status 001005 0  ACK POWER sig=se0 PE CONNECT
Aug 29 12:38:05 vader-rover kernel: [    3.018493] usb 1-2: default language 0x0409
Aug 29 12:38:05 vader-rover kernel: [    3.019378] usb 1-2: udev 2, busnum 1, minor = 1
Aug 29 12:38:05 vader-rover kernel: [    3.019378] usb 1-2: New USB device found, idVendor=2109, idProduct=2812
Aug 29 12:38:05 vader-rover kernel: [    3.026458] usb 1-2: New USB device strings: Mfr=1, Product=2, SerialNumber=0
Aug 29 12:38:05 vader-rover kernel: [    3.034545] omap_hsmmc omap_hsmmc.1: Failed to get debounce clk
Aug 29 12:38:05 vader-rover kernel: [    3.040863] usb 1-2: Product: USB2.0 Hub             
Aug 29 12:38:05 vader-rover kernel: [    3.046447] usb 1-2: Manufacturer: VIA Labs, Inc.         
Aug 29 12:38:05 vader-rover kernel: [    3.055206] usb 1-2: usb_probe_device
Aug 29 12:38:05 vader-rover kernel: [    3.055236] usb 1-2: configuration #1 chosen from 1 choice
Aug 29 12:38:05 vader-rover kernel: [    3.055572] usb 1-2: adding 1-2:1.0 (config #1, interface 0)
Aug 29 12:38:05 vader-rover kernel: [    3.055725] hub 1-2:1.0: usb_probe_interface
Aug 29 12:38:05 vader-rover kernel: [    3.055755] hub 1-2:1.0: usb_probe_interface - got id
Aug 29 12:38:05 vader-rover kernel: [    3.055786] hub 1-2:1.0: USB hub found
Aug 29 12:38:05 vader-rover kernel: [    3.059997] hub 1-2:1.0: 4 ports detected
Aug 29 12:38:05 vader-rover kernel: [    3.064514] hub 1-2:1.0: standalone hub
Aug 29 12:38:05 vader-rover kernel: [    3.064544] hub 1-2:1.0: individual port power switching
Aug 29 12:38:05 vader-rover kernel: [    3.064544] hub 1-2:1.0: individual port over-current protection
Aug 29 12:38:05 vader-rover kernel: [    3.064575] hub 1-2:1.0: Single TT
Aug 29 12:38:05 vader-rover kernel: [    3.064575] hub 1-2:1.0: TT requires at most 32 FS bit times (2664 ns)
Aug 29 12:38:05 vader-rover kernel: [    3.064605] hub 1-2:1.0: Port indicators are supported
Aug 29 12:38:05 vader-rover kernel: [    3.064636] hub 1-2:1.0: power on to power good time: 100ms
Aug 29 12:38:05 vader-rover kernel: [    3.065246] hub 1-2:1.0: local power source is good
Aug 29 12:38:05 vader-rover kernel: [    3.065277] hub 1-2:1.0: enabling power on all ports
Aug 29 12:38:05 vader-rover kernel: [    3.086883] Registered led device: overo:red:gpio21
Aug 29 12:38:05 vader-rover kernel: [    3.087005] Registered led device: overo:blue:gpio22
Aug 29 12:38:05 vader-rover kernel: [    3.087890] Registered led device: overo:blue:COM
Aug 29 12:38:05 vader-rover kernel: [    3.089355] usbcore: registered new interface driver usbhid
Aug 29 12:38:05 vader-rover kernel: [    3.095306] usbhid: USB HID core driver
Aug 29 12:38:05 vader-rover kernel: [    3.099914] usbcore: registered new interface driver snd-usb-audio
Aug 29 12:38:05 vader-rover kernel: [    3.107635] overo SoC init
Aug 29 12:38:05 vader-rover kernel: [    3.110687] soc-audio soc-audio: ASoC machine overo should use snd_soc_register_card()
Aug 29 12:38:05 vader-rover kernel: [    3.172668] hub 1-2:1.0: port 1: status 0101 change 0001
Aug 29 12:38:05 vader-rover kernel: [    3.173370] hub 1-2:1.0: port 2: status 0101 change 0001
Aug 29 12:38:05 vader-rover kernel: [    3.174499] hub 1-2:1.0: port 4: status 0101 change 0001
Aug 29 12:38:05 vader-rover kernel: [    3.201782] twl4030-codec twl4030-codec: ASoC: Failed to create Capture debugfs file
Aug 29 12:38:05 vader-rover kernel: [    3.213470] asoc: twl4030-hifi <-> omap-mcbsp.2 mapping ok
Aug 29 12:38:05 vader-rover kernel: [    3.223052] oprofile: hardware counters not available
Aug 29 12:38:05 vader-rover kernel: [    3.228424] oprofile: using timer interrupt.
Aug 29 12:38:05 vader-rover kernel: [    3.233306] TCP: cubic registered
Aug 29 12:38:05 vader-rover kernel: [    3.236999] NET: Registered protocol family 17
Aug 29 12:38:05 vader-rover kernel: [    3.241882] NET: Registered protocol family 15
Aug 29 12:38:05 vader-rover kernel: [    3.246826] Key type dns_resolver registered
Aug 29 12:38:05 vader-rover kernel: [    3.251525] VFP support v0.3: implementor 41 architecture 3 part 30 variant c rev 3
Aug 29 12:38:05 vader-rover kernel: [    3.264007] ThumbEE CPU extension supported.
Aug 29 12:38:05 vader-rover kernel: [    3.268707] sr_init: No PMIC hook to init smartreflex
Aug 29 12:38:05 vader-rover kernel: [    3.274200] usb 1-2: link qh256-0001/de5e6740 start 1 [1/0 us]
Aug 29 12:38:05 vader-rover kernel: [    3.274261] hub 1-2:1.0: state 7 ports 4 chg 0016 evt 0000
Aug 29 12:38:05 vader-rover kernel: [    3.274658] smartreflex smartreflex.0: omap_sr_probe: SmartReflex driver initialized
Aug 29 12:38:05 vader-rover kernel: [    3.282958] hub 1-2:1.0: port 1, status 0101, change 0000, 12 Mb/s
Aug 29 12:38:05 vader-rover kernel: [    3.283172] smartreflex smartreflex.1: omap_sr_probe: SmartReflex driver initialized
Aug 29 12:38:05 vader-rover kernel: [    3.298675] clock: disabling unused clocks to save power
Aug 29 12:38:05 vader-rover kernel: [    3.305297] registered taskstats version 1
Aug 29 12:38:05 vader-rover kernel: [    3.310455] fbcvt: 1024x768@60: CVT Name - .786M3-R
Aug 29 12:38:05 vader-rover kernel: [    3.335479] Console: switching to colour frame buffer device 128x48
Aug 29 12:38:05 vader-rover kernel: [    3.353759] VDAC: incomplete constraints, leaving on
Aug 29 12:38:05 vader-rover kernel: [    3.361694] twl_rtc twl_rtc: setting system clock to 2014-08-29 16:37:54 UTC (1409330274)
Aug 29 12:38:05 vader-rover kernel: [    3.370697] ALSA device list:
Aug 29 12:38:05 vader-rover kernel: [    3.373992]   #0: overo
Aug 29 12:38:05 vader-rover kernel: [    3.377410] Freeing init memory: 220K
Aug 29 12:38:05 vader-rover kernel: [    3.383789] usb 1-2.1: new high-speed USB device number 3 using ehci-omap
Aug 29 12:38:05 vader-rover kernel: [    3.530914] usb 1-2.1: default language 0x0409
Aug 29 12:38:05 vader-rover kernel: [    3.531829] usb 1-2.1: udev 3, busnum 1, minor = 2
Aug 29 12:38:05 vader-rover kernel: [    3.531829] usb 1-2.1: New USB device found, idVendor=2109, idProduct=2812
Aug 29 12:38:05 vader-rover kernel: [    3.539215] usb 1-2.1: New USB device strings: Mfr=1, Product=2, SerialNumber=0
Aug 29 12:38:05 vader-rover kernel: [    3.561248] mmc0: host does not support reading read-only switch. assuming write-enable.
Aug 29 12:38:05 vader-rover kernel: [    3.601226] mmc0: new high speed SDXC card at address 59b4
Aug 29 12:38:05 vader-rover kernel: [    3.629180] usb 1-2.1: Product: USB2.0 Hub             
Aug 29 12:38:05 vader-rover kernel: [    3.649017] usb 1-2.1: Manufacturer: VIA Labs, Inc.         
Aug 29 12:38:05 vader-rover kernel: [    3.751007] usb 1-2.1: usb_probe_device
Aug 29 12:38:05 vader-rover kernel: [    3.751037] usb 1-2.1: configuration #1 chosen from 1 choice
Aug 29 12:38:05 vader-rover kernel: [    3.754302] mmcblk0: mmc0:59b4       59.6 GiB 
Aug 29 12:38:05 vader-rover kernel: [    3.774261]  mmcblk0: p1 p2
Aug 29 12:38:05 vader-rover kernel: [    3.805847] usb 1-2.1: adding 1-2.1:1.0 (config #1, interface 0)
Aug 29 12:38:05 vader-rover kernel: [    3.806091] hub 1-2.1:1.0: usb_probe_interface
Aug 29 12:38:05 vader-rover kernel: [    3.806121] hub 1-2.1:1.0: usb_probe_interface - got id
Aug 29 12:38:05 vader-rover kernel: [    3.806121] hub 1-2.1:1.0: USB hub found
Aug 29 12:38:05 vader-rover kernel: [    3.812408] hub 1-2.1:1.0: 4 ports detected
Aug 29 12:38:05 vader-rover kernel: [    3.822296] hub 1-2.1:1.0: standalone hub
Aug 29 12:38:05 vader-rover kernel: [    3.822296] hub 1-2.1:1.0: individual port power switching
Aug 29 12:38:05 vader-rover kernel: [    3.822326] hub 1-2.1:1.0: individual port over-current protection
Aug 29 12:38:05 vader-rover kernel: [    3.822326] hub 1-2.1:1.0: Single TT
Aug 29 12:38:05 vader-rover kernel: [    3.822357] hub 1-2.1:1.0: TT requires at most 32 FS bit times (2664 ns)
Aug 29 12:38:05 vader-rover kernel: [    3.822357] hub 1-2.1:1.0: Port indicators are supported
Aug 29 12:38:05 vader-rover kernel: [    3.822357] hub 1-2.1:1.0: power on to power good time: 100ms
Aug 29 12:38:05 vader-rover kernel: [    3.823547] hub 1-2.1:1.0: local power source is good
Aug 29 12:38:05 vader-rover kernel: [    3.823699] mmc1: new SDIO card at address 0001
Aug 29 12:38:05 vader-rover kernel: [    3.832305] hub 1-2.1:1.0: enabling power on all ports
Aug 29 12:38:05 vader-rover kernel: [    3.840423] hub 1-2:1.0: port 2, status 0101, change 0000, 12 Mb/s
Aug 29 12:38:05 vader-rover kernel: [    3.938568] hub 1-2.1:1.0: port 1: status 0101 change 0001
Aug 29 12:38:05 vader-rover kernel: [    3.938659] usb 1-2.2: new high-speed USB device number 4 using ehci-omap
Aug 29 12:38:05 vader-rover kernel: [    3.950012] hub 1-2.1:1.0: port 2: status 0101 change 0001
Aug 29 12:38:05 vader-rover kernel: [    3.950775] hub 1-2.1:1.0: port 3: status 0101 change 0001
Aug 29 12:38:05 vader-rover kernel: [    3.951507] hub 1-2.1:1.0: port 4: status 0101 change 0001
