Feb  5 00:00:28 linaro-alip kernel: Kernel logging (proc) stopped.
Feb  5 00:00:52 linaro-alip kernel: imklog 5.8.6, log source = /proc/kmsg started.
Feb  5 00:00:52 linaro-alip kernel: [    0.000000] Booting Linux on physical CPU 0
Feb  5 00:00:52 linaro-alip kernel: [    0.000000] Initializing cgroup subsys cpuset
Feb  5 00:00:52 linaro-alip kernel: [    0.000000] Initializing cgroup subsys cpu
Feb  5 00:00:52 linaro-alip kernel: [    0.000000] Linux version 3.5.0-2-linaro-omap (adam@pine) (gcc version 4.6.3 (Ubuntu/Linaro 4.6.3-1ubuntu5) ) #2~ci+121210190143 PREEMPT Mon Dec 10 11:03:27 PST 2012
Feb  5 00:00:52 linaro-alip kernel: [    0.000000] CPU: ARMv7 Processor [413fc082] revision 2 (ARMv7), cr=10c53c7d
Feb  5 00:00:52 linaro-alip kernel: [    0.000000] CPU: PIPT / VIPT nonaliasing data cache, VIPT aliasing instruction cache
Feb  5 00:00:52 linaro-alip kernel: [    0.000000] Machine: Gumstix Overo
Feb  5 00:00:52 linaro-alip kernel: [    0.000000] Reserving 12582912 bytes SDRAM for VRAM
Feb  5 00:00:52 linaro-alip kernel: [    0.000000] Memory policy: ECC disabled, Data cache writeback
Feb  5 00:00:52 linaro-alip kernel: [    0.000000] On node 0 totalpages: 127744
Feb  5 00:00:52 linaro-alip kernel: [    0.000000] free_area_init_node: node 0, pgdat c070b85c, node_mem_map c07a7000
Feb  5 00:00:52 linaro-alip kernel: [    0.000000]   Normal zone: 1024 pages used for memmap
Feb  5 00:00:52 linaro-alip kernel: [    0.000000]   Normal zone: 0 pages reserved
Feb  5 00:00:52 linaro-alip kernel: [    0.000000]   Normal zone: 126720 pages, LIFO batch:31
Feb  5 00:00:52 linaro-alip kernel: [    0.000000] OMAP3630 ES1.2 (l2cache neon isp 192mhz_clk )
Feb  5 00:00:52 linaro-alip kernel: [    0.000000] Clocking rate (Crystal/Core/MPU): 26.0/400/600 MHz
Feb  5 00:00:52 linaro-alip kernel: [    0.000000] pcpu-alloc: s0 r0 d32768 u32768 alloc=1*32768
Feb  5 00:00:52 linaro-alip kernel: [    0.000000] pcpu-alloc: [0] 0 
Feb  5 00:00:52 linaro-alip kernel: [    0.000000] Built 1 zonelists in Zone order, mobility grouping on.  Total pages: 126720
Feb  5 00:00:52 linaro-alip kernel: [    0.000000] Kernel command line: console=tty0 console=ttyO2,115200n8 root=UUID=ac867f12-4217-41e4-8e5e-430d8fe8f232 rootwait ro earlyprintk mpurate=500 vram=12M omapdss.def_disp=dvi omapfb.mode=dvi:1280x720MR-16@60
Feb  5 00:00:52 linaro-alip kernel: [    0.000000] PID hash table entries: 2048 (order: 1, 8192 bytes)
Feb  5 00:00:52 linaro-alip kernel: [    0.000000] Dentry cache hash table entries: 65536 (order: 6, 262144 bytes)
Feb  5 00:00:52 linaro-alip kernel: [    0.000000] Inode-cache hash table entries: 32768 (order: 5, 131072 bytes)
Feb  5 00:00:52 linaro-alip kernel: [    0.000000] allocated 1048576 bytes of page_cgroup
Feb  5 00:00:52 linaro-alip kernel: [    0.000000] please try 'cgroup_disable=memory' option if you don't want memory cgroups
Feb  5 00:00:52 linaro-alip kernel: [    0.000000] Memory: 499MB = 499MB total
Feb  5 00:00:52 linaro-alip kernel: [    0.000000] Memory: 495744k/495744k available, 28544k reserved, 0K highmem
Feb  5 00:00:52 linaro-alip kernel: [    0.000000] Virtual kernel memory layout:
Feb  5 00:00:52 linaro-alip kernel: [    0.000000]     vector  : 0xffff0000 - 0xffff1000   (   4 kB)
Feb  5 00:00:52 linaro-alip kernel: [    0.000000]     fixmap  : 0xfff00000 - 0xfffe0000   ( 896 kB)
Feb  5 00:00:52 linaro-alip kernel: [    0.000000]     vmalloc : 0xe0800000 - 0xff000000   ( 488 MB)
Feb  5 00:00:52 linaro-alip kernel: [    0.000000]     lowmem  : 0xc0000000 - 0xe0000000   ( 512 MB)
Feb  5 00:00:52 linaro-alip kernel: [    0.000000]     pkmap   : 0xbfe00000 - 0xc0000000   (   2 MB)
Feb  5 00:00:52 linaro-alip kernel: [    0.000000]     modules : 0xbf000000 - 0xbfe00000   (  14 MB)
Feb  5 00:00:52 linaro-alip kernel: [    0.000000]       .text : 0xc0008000 - 0xc067abfc   (6603 kB)
Feb  5 00:00:52 linaro-alip kernel: [    0.000000]       .init : 0xc067b000 - 0xc06b2000   ( 220 kB)
Feb  5 00:00:52 linaro-alip kernel: [    0.000000]       .data : 0xc06b2000 - 0xc071b268   ( 421 kB)
Feb  5 00:00:52 linaro-alip kernel: [    0.000000]        .bss : 0xc071b28c - 0xc07a6020   ( 556 kB)
Feb  5 00:00:52 linaro-alip kernel: [    0.000000] NR_IRQS:474
Feb  5 00:00:52 linaro-alip kernel: [    0.000000] IRQ: Found an INTC at 0xfa200000 (revision 4.0) with 96 interrupts
Feb  5 00:00:52 linaro-alip kernel: [    0.000000] Total of 96 interrupts on 1 active controller
Feb  5 00:00:52 linaro-alip kernel: [    0.000000] OMAP clockevent source: GPTIMER1 at 32768 Hz
Feb  5 00:00:52 linaro-alip kernel: [    0.000000] sched_clock: 32 bits at 32kHz, resolution 30517ns, wraps every 131071999ms
Feb  5 00:00:52 linaro-alip kernel: [    0.000000] OMAP clocksource: 32k_counter at 32768 Hz
Feb  5 00:00:52 linaro-alip kernel: [    0.000000] Console: colour dummy device 80x30
Feb  5 00:00:52 linaro-alip kernel: [    0.000000] console [tty0] enabled
Feb  5 00:00:52 linaro-alip kernel: [    0.000976] Calibrating delay loop... 597.64 BogoMIPS (lpj=2334720)
Feb  5 00:00:52 linaro-alip kernel: [    0.039123] pid_max: default: 32768 minimum: 301
Feb  5 00:00:52 linaro-alip kernel: [    0.039306] Security Framework initialized
Feb  5 00:00:52 linaro-alip kernel: [    0.039428] Mount-cache hash table entries: 512
Feb  5 00:00:52 linaro-alip kernel: [    0.040191] Initializing cgroup subsys debug
Feb  5 00:00:52 linaro-alip kernel: [    0.040252] Initializing cgroup subsys cpuacct
Feb  5 00:00:52 linaro-alip kernel: [    0.040283] Initializing cgroup subsys memory
Feb  5 00:00:52 linaro-alip kernel: [    0.040344] Initializing cgroup subsys devices
Feb  5 00:00:52 linaro-alip kernel: [    0.040374] Initializing cgroup subsys freezer
Feb  5 00:00:52 linaro-alip kernel: [    0.040405] Initializing cgroup subsys perf_event
Feb  5 00:00:52 linaro-alip kernel: [    0.040527] CPU: Testing write buffer coherency: ok
Feb  5 00:00:52 linaro-alip kernel: [    0.040832] Setting up static identity map for 0x8046ea98 - 0x8046eaf0
Feb  5 00:00:52 linaro-alip kernel: [    0.045837] devtmpfs: initialized
Feb  5 00:00:52 linaro-alip kernel: [    0.050567] dummy: 
Feb  5 00:00:52 linaro-alip kernel: [    0.050964] NET: Registered protocol family 16
Feb  5 00:00:52 linaro-alip kernel: [    0.051391] GPMC revision 5.0
Feb  5 00:00:52 linaro-alip kernel: [    0.051483] gpmc: irq-20 could not claim: err -22
Feb  5 00:00:52 linaro-alip kernel: [    0.053009] gpiochip_add: registered GPIOs 0 to 31 on device: gpio
Feb  5 00:00:52 linaro-alip kernel: [    0.053131] OMAP GPIO hardware version 2.5
Feb  5 00:00:52 linaro-alip kernel: [    0.053375] gpiochip_add: registered GPIOs 32 to 63 on device: gpio
Feb  5 00:00:52 linaro-alip kernel: [    0.053649] gpiochip_add: registered GPIOs 64 to 95 on device: gpio
Feb  5 00:00:52 linaro-alip kernel: [    0.053924] gpiochip_add: registered GPIOs 96 to 127 on device: gpio
Feb  5 00:00:52 linaro-alip kernel: [    0.054199] gpiochip_add: registered GPIOs 128 to 159 on device: gpio
Feb  5 00:00:52 linaro-alip kernel: [    0.054504] gpiochip_add: registered GPIOs 160 to 191 on device: gpio
Feb  5 00:00:52 linaro-alip kernel: [    0.055541] omap_mux_init: Add partition: #1: core, flags: 0
Feb  5 00:00:52 linaro-alip kernel: [    0.060485] _omap_mux_get_by_name: Could not find signal uart4_rx.uart4_rx
Feb  5 00:00:52 linaro-alip kernel: [    0.066314] Reprogramming SDRC clock to 400000000 Hz
Feb  5 00:00:52 linaro-alip kernel: [    0.066345] dpll3_m2_clk rate change failed: -22
Feb  5 00:00:52 linaro-alip kernel: [    0.066375] Found NAND on CS0
Feb  5 00:00:52 linaro-alip kernel: [    0.066406] Registering NAND on CS0
Feb  5 00:00:52 linaro-alip kernel: [    0.067596]  usbhs_omap: alias fck already exists
Feb  5 00:00:52 linaro-alip kernel: [    0.075073] hw-breakpoint: debug architecture 0x4 unsupported.
Feb  5 00:00:52 linaro-alip kernel: [    0.078033]  omap-mcbsp.2: alias fck already exists
Feb  5 00:00:52 linaro-alip kernel: [    0.078338]  omap-mcbsp.3: alias fck already exists
Feb  5 00:00:52 linaro-alip kernel: [    0.079406] Switched to new clocking rate (Crystal/Core/MPU): 26.0/400/500 MHz
Feb  5 00:00:52 linaro-alip kernel: [    0.079650] OMAP DMA hardware revision 5.0
Feb  5 00:00:52 linaro-alip kernel: [    0.089324] bio: create slab <bio-0> at 0
Feb  5 00:00:52 linaro-alip kernel: [    0.090240] fixed-dummy: 
Feb  5 00:00:52 linaro-alip kernel: [    0.090362] reg-fixed-voltage reg-fixed-voltage.0: fixed-dummy supplying 0uV
Feb  5 00:00:52 linaro-alip kernel: [    0.090576] vads7846: override min_uV, 1 -> 3300000
Feb  5 00:00:52 linaro-alip kernel: [    0.090606] vads7846: override max_uV, 2147483647 -> 3300000
Feb  5 00:00:52 linaro-alip kernel: [    0.090637] vads7846: 3300 mV 
Feb  5 00:00:52 linaro-alip kernel: [    0.090759] reg-fixed-voltage reg-fixed-voltage.1: vads7846 supplying 3300000uV
Feb  5 00:00:52 linaro-alip kernel: [    0.091583] SCSI subsystem initialized
Feb  5 00:00:52 linaro-alip kernel: [    0.091979] usbcore: registered new interface driver usbfs
Feb  5 00:00:52 linaro-alip kernel: [    0.092132] usbcore: registered new interface driver hub
Feb  5 00:00:52 linaro-alip kernel: [    0.092437] usbcore: registered new device driver usb
Feb  5 00:00:52 linaro-alip kernel: [    0.101715] omap_i2c omap_i2c.1: bus 1 rev1.4.0 at 2600 kHz
Feb  5 00:00:52 linaro-alip kernel: [    0.104705] twl 1-0048: PIH (irq 7) chaining IRQs 320..328
Feb  5 00:00:52 linaro-alip kernel: [    0.104888] twl 1-0048: power (irq 325) chaining IRQs 328..335
Feb  5 00:00:52 linaro-alip kernel: [    0.105621] twl4030_gpio twl4030_gpio: gpio (irq 320) chaining IRQs 336..353
Feb  5 00:00:52 linaro-alip kernel: [    0.106018] gpiochip_add: registered GPIOs 192 to 211 on device: twl4030
Feb  5 00:00:52 linaro-alip kernel: [    0.106964] VUSB1V5: override min_uV, 1 -> 1500000
Feb  5 00:00:52 linaro-alip kernel: [    0.106994] VUSB1V5: override max_uV, 2147483647 -> 1500000
Feb  5 00:00:52 linaro-alip kernel: [    0.106994] VUSB1V5: 1500 mV normal standby
Feb  5 00:00:52 linaro-alip kernel: [    0.107604] VUSB1V8: override min_uV, 1 -> 1800000
Feb  5 00:00:52 linaro-alip kernel: [    0.107604] VUSB1V8: override max_uV, 2147483647 -> 1800000
Feb  5 00:00:52 linaro-alip kernel: [    0.107635] VUSB1V8: 1800 mV normal standby
Feb  5 00:00:52 linaro-alip kernel: [    0.108184] VUSB3V1: override min_uV, 1 -> 3100000
Feb  5 00:00:52 linaro-alip kernel: [    0.108184] VUSB3V1: override max_uV, 2147483647 -> 3100000
Feb  5 00:00:52 linaro-alip kernel: [    0.108215] VUSB3V1: 3100 mV normal standby
Feb  5 00:00:52 linaro-alip kernel: [    0.110015] twl4030_usb twl4030_usb: HW_CONDITIONS 0x10/16; link 0
Feb  5 00:00:52 linaro-alip kernel: [    0.110290] twl4030_usb twl4030_usb: Initialized TWL4030 USB module
Feb  5 00:00:52 linaro-alip kernel: [    0.110961] vdd_mpu_iva: 600 <--> 1450 mV normal 
Feb  5 00:00:52 linaro-alip kernel: [    0.111511] vdd_core: 600 <--> 1450 mV normal 
Feb  5 00:00:52 linaro-alip kernel: [    0.112152] VMMC1: 1850 <--> 3150 mV at 3150 mV normal standby
Feb  5 00:00:52 linaro-alip kernel: [    0.112823] VDAC: 1800 mV normal standby
Feb  5 00:00:52 linaro-alip kernel: [    0.113494] VDVI: 1800 mV normal standby
Feb  5 00:00:52 linaro-alip kernel: [    0.125122] omap_i2c omap_i2c.3: bus 3 rev1.4.0 at 400 kHz
Feb  5 00:00:52 linaro-alip kernel: [    0.126098] omap-iommu omap-iommu.0: isp registered
Feb  5 00:00:52 linaro-alip kernel: [    0.126312] Advanced Linux Sound Architecture Driver Version 1.0.25.
Feb  5 00:00:52 linaro-alip kernel: [    0.127441] Switching to clocksource 32k_counter
Feb  5 00:00:52 linaro-alip kernel: [    0.160858] usbhs_omap usbhs_omap: xclk60mhsp2_ck set parentfailed error:-22
Feb  5 00:00:52 linaro-alip kernel: [    0.161804] NET: Registered protocol family 2
Feb  5 00:00:52 linaro-alip kernel: [    0.162170] IP route cache hash table entries: 4096 (order: 2, 16384 bytes)
Feb  5 00:00:52 linaro-alip kernel: [    0.162872] TCP established hash table entries: 16384 (order: 5, 131072 bytes)
Feb  5 00:00:52 linaro-alip kernel: [    0.163330] TCP bind hash table entries: 16384 (order: 4, 65536 bytes)
Feb  5 00:00:52 linaro-alip kernel: [    0.163604] TCP: Hash tables configured (established 16384 bind 16384)
Feb  5 00:00:52 linaro-alip kernel: [    0.163635] TCP: reno registered
Feb  5 00:00:52 linaro-alip kernel: [    0.163665] UDP hash table entries: 256 (order: 0, 4096 bytes)
Feb  5 00:00:52 linaro-alip kernel: [    0.163696] UDP-Lite hash table entries: 256 (order: 0, 4096 bytes)
Feb  5 00:00:52 linaro-alip kernel: [    0.164093] NET: Registered protocol family 1
Feb  5 00:00:52 linaro-alip kernel: [    0.164764] RPC: Registered named UNIX socket transport module.
Feb  5 00:00:52 linaro-alip kernel: [    0.164825] RPC: Registered udp transport module.
Feb  5 00:00:52 linaro-alip kernel: [    0.164855] RPC: Registered tcp transport module.
Feb  5 00:00:52 linaro-alip kernel: [    0.164886] RPC: Registered tcp NFSv4.1 backchannel transport module.
Feb  5 00:00:52 linaro-alip kernel: [    0.165222] Trying to unpack rootfs image as initramfs...
Feb  5 00:00:52 linaro-alip kernel: [    0.374908] Freeing initrd memory: 1828K
Feb  5 00:00:52 linaro-alip kernel: [    0.377838] audit: initializing netlink socket (disabled)
Feb  5 00:00:52 linaro-alip kernel: [    0.377929] type=2000 audit(0.375:1): initialized
Feb  5 00:00:52 linaro-alip kernel: [    0.379669] VFS: Disk quotas dquot_6.5.2
Feb  5 00:00:52 linaro-alip kernel: [    0.379791] Dquot-cache hash table entries: 1024 (order 0, 4096 bytes)
Feb  5 00:00:52 linaro-alip kernel: [    0.380310] NFS: Registering the id_resolver key type
Feb  5 00:00:52 linaro-alip kernel: [    0.380401] Key type id_resolver registered
Feb  5 00:00:52 linaro-alip kernel: [    0.380981] jffs2: version 2.2. (NAND) (SUMMARY)  © 2001-2006 Red Hat, Inc.
Feb  5 00:00:52 linaro-alip kernel: [    0.381835] fuse init (API version 7.19)
Feb  5 00:00:52 linaro-alip kernel: [    0.382507] msgmni has been set to 971
Feb  5 00:00:52 linaro-alip kernel: [    0.384704] Block layer SCSI generic (bsg) driver version 0.4 loaded (major 253)
Feb  5 00:00:52 linaro-alip kernel: [    0.384796] io scheduler noop registered
Feb  5 00:00:52 linaro-alip kernel: [    0.384826] io scheduler deadline registered (default)
Feb  5 00:00:52 linaro-alip kernel: [    0.385955] OMAP DSS rev 2.0
Feb  5 00:00:52 linaro-alip kernel: [    0.389709] omap_uart.0: ttyO0 at MMIO 0x4806a000 (irq = 72) is a OMAP UART0
Feb  5 00:00:52 linaro-alip kernel: [    0.390350] omap_uart.1: ttyO1 at MMIO 0x4806c000 (irq = 73) is a OMAP UART1
Feb  5 00:00:52 linaro-alip kernel: [    0.390930] omap_uart.2: ttyO2 at MMIO 0x49020000 (irq = 74) is a OMAP UART2
Feb  5 00:00:52 linaro-alip kernel: [    1.096466] console [ttyO2] enabled
Feb  5 00:00:52 linaro-alip kernel: [    1.100708] omap_uart.3: ttyO3 at MMIO 0x49042000 (irq = 80) is a OMAP UART3
Feb  5 00:00:52 linaro-alip kernel: [    1.118652] brd: module loaded
Feb  5 00:00:52 linaro-alip kernel: [    1.127319] loop: module loaded
Feb  5 00:00:52 linaro-alip kernel: [    1.132904] twl4030_madc twl4030_madc: clk disabled, enabling
Feb  5 00:00:52 linaro-alip kernel: [    1.141357] NAND device: Manufacturer ID: 0x2c, Chip ID: 0xbc (Micron NAND 512MiB 1,8V 16-bit), page size: 2048, OOB size: 64
Feb  5 00:00:52 linaro-alip kernel: [    1.170135] Creating 5 MTD partitions on "omap2-nand.0":
Feb  5 00:00:52 linaro-alip kernel: [    1.175903] 0x000000000000-0x000000080000 : "xloader"
Feb  5 00:00:52 linaro-alip kernel: [    1.183288] 0x000000080000-0x000000240000 : "uboot"
Feb  5 00:00:52 linaro-alip kernel: [    1.191558] 0x000000240000-0x000000280000 : "uboot environment"
Feb  5 00:00:52 linaro-alip kernel: [    1.199432] 0x000000280000-0x000000680000 : "linux"
Feb  5 00:00:52 linaro-alip kernel: [    1.209899] 0x000000680000-0x000020000000 : "rootfs"
Feb  5 00:00:52 linaro-alip kernel: [    1.721435] smsc911x: Driver version 2008-10-21
Feb  5 00:00:52 linaro-alip kernel: [    1.735717] smsc911x-mdio: probed
Feb  5 00:00:52 linaro-alip kernel: [    1.739501] smsc911x smsc911x.0: eth0: attached PHY driver [Generic PHY] (mii_bus:phy_addr=smsc911x-0:01, irq=-1)
Feb  5 00:00:52 linaro-alip kernel: [    1.750610] smsc911x smsc911x.0: eth0: MAC Address: 00:15:c9:28:d6:7d
Feb  5 00:00:52 linaro-alip kernel: [    1.757507] smsc911x: Driver version 2008-10-21
Feb  5 00:00:52 linaro-alip kernel: [    1.763000] usbcore: registered new interface driver asix
Feb  5 00:00:52 linaro-alip kernel: [    1.768890] usbcore: registered new interface driver cdc_ether
Feb  5 00:00:52 linaro-alip kernel: [    1.775146] usbcore: registered new interface driver cdc_ncm
Feb  5 00:00:52 linaro-alip kernel: [    1.781555] ehci_hcd: USB 2.0 'Enhanced' Host Controller (EHCI) Driver
Feb  5 00:00:52 linaro-alip kernel: [    1.788482] ehci_hcd: block sizes: qh 64 qtd 96 itd 160 sitd 96
Feb  5 00:00:52 linaro-alip kernel: [    1.788696] ehci-omap ehci-omap.0: failed to get ehci port1 regulator
Feb  5 00:00:52 linaro-alip kernel: [    2.791717] ehci-omap ehci-omap.0: phy reset operation timed out
Feb  5 00:00:52 linaro-alip kernel: [    2.791748] ehci-omap ehci-omap.0: reset hcs_params 0x1313 dbg=0 cc=1 pcc=3 ordered ports=3
Feb  5 00:00:52 linaro-alip kernel: [    2.791778] ehci-omap ehci-omap.0: reset hcc_params 0016 thresh 1 uframes 256/512/1024 park
Feb  5 00:00:52 linaro-alip kernel: [    2.791809] ehci-omap ehci-omap.0: reset command 0080b02  park=3 ithresh=8 period=1024 Reset HALT
Feb  5 00:00:52 linaro-alip kernel: [    2.791839] ehci-omap ehci-omap.0: OMAP-EHCI Host Controller
Feb  5 00:00:52 linaro-alip kernel: [    2.798217] ehci-omap ehci-omap.0: new USB bus registered, assigned bus number 1
Feb  5 00:00:52 linaro-alip kernel: [    2.806213] ehci-omap ehci-omap.0: park 0
Feb  5 00:00:52 linaro-alip kernel: [    2.806274] ehci-omap ehci-omap.0: irq 77, io mem 0x48064800
Feb  5 00:00:52 linaro-alip kernel: [    2.812286] ehci-omap ehci-omap.0: init command 0010005 (park)=0 ithresh=1 period=512 RUN
Feb  5 00:00:52 linaro-alip kernel: [    2.822998] ehci-omap ehci-omap.0: USB 2.0 started, EHCI 1.00
Feb  5 00:00:52 linaro-alip kernel: [    2.829254] usb usb1: default language 0x0409
Feb  5 00:00:52 linaro-alip kernel: [    2.829315] usb usb1: udev 1, busnum 1, minor = 0
Feb  5 00:00:52 linaro-alip kernel: [    2.829345] usb usb1: New USB device found, idVendor=1d6b, idProduct=0002
Feb  5 00:00:52 linaro-alip kernel: [    2.836547] usb usb1: New USB device strings: Mfr=3, Product=2, SerialNumber=1
Feb  5 00:00:52 linaro-alip kernel: [    2.844207] usb usb1: Product: OMAP-EHCI Host Controller
Feb  5 00:00:52 linaro-alip kernel: [    2.849853] usb usb1: Manufacturer: Linux 3.5.0-2-linaro-omap ehci_hcd
Feb  5 00:00:52 linaro-alip kernel: [    2.856750] usb usb1: SerialNumber: ehci-omap.0
Feb  5 00:00:52 linaro-alip kernel: [    2.862274] usb usb1: usb_probe_device
Feb  5 00:00:52 linaro-alip kernel: [    2.862304] usb usb1: configuration #1 chosen from 1 choice
Feb  5 00:00:52 linaro-alip kernel: [    2.862365] usb usb1: adding 1-0:1.0 (config #1, interface 0)
Feb  5 00:00:52 linaro-alip kernel: [    2.862579] hub 1-0:1.0: usb_probe_interface
Feb  5 00:00:52 linaro-alip kernel: [    2.862609] hub 1-0:1.0: usb_probe_interface - got id
Feb  5 00:00:52 linaro-alip kernel: [    2.862609] hub 1-0:1.0: USB hub found
Feb  5 00:00:52 linaro-alip kernel: [    2.866607] hub 1-0:1.0: 3 ports detected
Feb  5 00:00:52 linaro-alip kernel: [    2.870910] hub 1-0:1.0: standalone hub
Feb  5 00:00:52 linaro-alip kernel: [    2.870910] hub 1-0:1.0: individual port power switching
Feb  5 00:00:52 linaro-alip kernel: [    2.870941] hub 1-0:1.0: individual port over-current protection
Feb  5 00:00:52 linaro-alip kernel: [    2.870941] hub 1-0:1.0: power on to power good time: 20ms
Feb  5 00:00:52 linaro-alip kernel: [    2.871002] hub 1-0:1.0: local power source is good
Feb  5 00:00:52 linaro-alip kernel: [    2.871002] hub 1-0:1.0: enabling power on all ports
Feb  5 00:00:52 linaro-alip kernel: [    2.871398] ehci-omap ehci-omap.0: ...powerup ports...
Feb  5 00:00:52 linaro-alip kernel: [    2.901336] Initializing USB Mass Storage driver...
Feb  5 00:00:52 linaro-alip kernel: [    2.906677] usbcore: registered new interface driver usb-storage
Feb  5 00:00:52 linaro-alip kernel: [    2.913055] USB Mass Storage support registered.
Feb  5 00:00:52 linaro-alip kernel: [    2.917968] musb-hdrc: version 6.0, ?dma?, otg (peripheral+host)
Feb  5 00:00:52 linaro-alip kernel: [    2.930938] twl4030_usb twl4030_usb: twl4030_phy_resume
Feb  5 00:00:52 linaro-alip kernel: [    2.931213] musb-hdrc: ConfigData=0xde (UTMI-8, dyn FIFOs, bulk combine, bulk split, HB-ISO Rx, HB-ISO Tx, SoftConn)
Feb  5 00:00:52 linaro-alip kernel: [    2.931243] musb-hdrc: MHDRC RTL version 1.800 
Feb  5 00:00:52 linaro-alip kernel: [    2.931243] musb-hdrc: setup fifo_mode 4
Feb  5 00:00:52 linaro-alip kernel: [    2.931274] musb-hdrc: 28/31 max ep, 16384/16384 memory
Feb  5 00:00:52 linaro-alip kernel: [    2.931762] musb-hdrc musb-hdrc: USB OTG mode controller at fa0ab000 using DMA, IRQ 92
Feb  5 00:00:52 linaro-alip kernel: [    2.942230] twl4030_usb twl4030_usb: twl4030_phy_suspend
Feb  5 00:00:52 linaro-alip kernel: [    2.942871] mousedev: PS/2 mouse device common for all mice
Feb  5 00:00:52 linaro-alip kernel: [    2.949707] twl_rtc twl_rtc: Enabling TWL-RTC
Feb  5 00:00:52 linaro-alip kernel: [    2.957244] twl_rtc twl_rtc: rtc core: registered twl_rtc as rtc0
Feb  5 00:00:52 linaro-alip kernel: [    2.964447] i2c /dev entries driver
Feb  5 00:00:52 linaro-alip kernel: [    2.969970] voltdm_scale: No voltage scale API registered for vdd_mpu_iva
Feb  5 00:00:52 linaro-alip kernel: [    2.977294] ehci-omap ehci-omap.0: GetStatus port:2 status 001803 0  ACK POWER sig=j CSC CONNECT
Feb  5 00:00:52 linaro-alip kernel: [    2.977325] hub 1-0:1.0: port 2: status 0501 change 0001
Feb  5 00:00:52 linaro-alip kernel: [    2.977386] platform mpu.0: omap_target: unable to scale voltage up.
Feb  5 00:00:52 linaro-alip kernel: [    2.984161] cpuidle: using governor ladder
Feb  5 00:00:52 linaro-alip kernel: [    2.988525] cpuidle: using governor menu
Feb  5 00:00:52 linaro-alip kernel: [    2.993255] omap_hsmmc omap_hsmmc.0: Failed to get debounce clk
Feb  5 00:00:52 linaro-alip kernel: [    3.073028] hub 1-0:1.0: state 7 ports 3 chg 0004 evt 0000
Feb  5 00:00:52 linaro-alip kernel: [    3.073089] hub 1-0:1.0: port 2, status 0501, change 0000, 480 Mb/s
Feb  5 00:00:52 linaro-alip kernel: [    3.135528] ehci-omap ehci-omap.0: port 2 reset complete, port enabled
Feb  5 00:00:52 linaro-alip kernel: [    3.135589] ehci-omap ehci-omap.0: GetStatus port:2 status 001005 0  ACK POWER sig=se0 PE CONNECT
Feb  5 00:00:52 linaro-alip kernel: [    3.197998] usb 1-2: new high-speed USB device number 2 using ehci-omap
Feb  5 00:00:52 linaro-alip kernel: [    3.260528] ehci-omap ehci-omap.0: port 2 reset complete, port enabled
Feb  5 00:00:52 linaro-alip kernel: [    3.260589] ehci-omap ehci-omap.0: GetStatus port:2 status 001005 0  ACK POWER sig=se0 PE CONNECT
Feb  5 00:00:52 linaro-alip kernel: [    3.355712] usb 1-2: default language 0x0409
Feb  5 00:00:52 linaro-alip kernel: [    3.356079] usb 1-2: udev 2, busnum 1, minor = 1
Feb  5 00:00:52 linaro-alip kernel: [    3.356109] usb 1-2: New USB device found, idVendor=05e3, idProduct=0608
Feb  5 00:00:52 linaro-alip kernel: [    3.363220] usb 1-2: New USB device strings: Mfr=0, Product=1, SerialNumber=0
Feb  5 00:00:52 linaro-alip kernel: [    3.371337] omap_hsmmc omap_hsmmc.1: Failed to get debounce clk
Feb  5 00:00:52 linaro-alip kernel: [    3.377716] usb 1-2: Product: USB2.0 Hub
Feb  5 00:00:52 linaro-alip kernel: [    3.386444] usb 1-2: usb_probe_device
Feb  5 00:00:52 linaro-alip kernel: [    3.386474] usb 1-2: configuration #1 chosen from 1 choice
Feb  5 00:00:52 linaro-alip kernel: [    3.386962] usb 1-2: adding 1-2:1.0 (config #1, interface 0)
Feb  5 00:00:52 linaro-alip kernel: [    3.387145] hub 1-2:1.0: usb_probe_interface
Feb  5 00:00:52 linaro-alip kernel: [    3.387176] hub 1-2:1.0: usb_probe_interface - got id
Feb  5 00:00:52 linaro-alip kernel: [    3.387207] hub 1-2:1.0: USB hub found
Feb  5 00:00:52 linaro-alip kernel: [    3.391601] hub 1-2:1.0: 3 ports detected
Feb  5 00:00:52 linaro-alip kernel: [    3.395935] hub 1-2:1.0: compound device; port removable status: FRR
Feb  5 00:00:52 linaro-alip kernel: [    3.395965] hub 1-2:1.0: ganged power switching
Feb  5 00:00:52 linaro-alip kernel: [    3.395965] hub 1-2:1.0: global over-current protection
Feb  5 00:00:52 linaro-alip kernel: [    3.395996] hub 1-2:1.0: Single TT
Feb  5 00:00:52 linaro-alip kernel: [    3.395996] hub 1-2:1.0: TT requires at most 32 FS bit times (2664 ns)
Feb  5 00:00:52 linaro-alip kernel: [    3.396026] hub 1-2:1.0: Port indicators are supported
Feb  5 00:00:52 linaro-alip kernel: [    3.396026] hub 1-2:1.0: power on to power good time: 100ms
Feb  5 00:00:52 linaro-alip kernel: [    3.396575] hub 1-2:1.0: local power source is good
Feb  5 00:00:52 linaro-alip kernel: [    3.396606] hub 1-2:1.0: no over-current condition exists
Feb  5 00:00:52 linaro-alip kernel: [    3.396636] hub 1-2:1.0: enabling power on all ports
Feb  5 00:00:52 linaro-alip kernel: [    3.425079] Registered led device: overo:red:gpio21
Feb  5 00:00:52 linaro-alip kernel: [    3.425262] Registered led device: overo:blue:gpio22
Feb  5 00:00:52 linaro-alip kernel: [    3.426391] Registered led device: overo:blue:COM
Feb  5 00:00:52 linaro-alip kernel: [    3.428405] usbcore: registered new interface driver usbhid
Feb  5 00:00:52 linaro-alip kernel: [    3.434387] usbhid: USB HID core driver
Feb  5 00:00:52 linaro-alip kernel: [    3.439208] usbcore: registered new interface driver snd-usb-audio
Feb  5 00:00:52 linaro-alip kernel: [    3.447296] overo SoC init
Feb  5 00:00:52 linaro-alip kernel: [    3.450439] soc-audio soc-audio: ASoC machine overo should use snd_soc_register_card()
Feb  5 00:00:52 linaro-alip kernel: [    3.503234] hub 1-2:1.0: port 1: status 0301 change 0001
Feb  5 00:00:52 linaro-alip kernel: [    3.540069] mmc0: host does not support reading read-only switch. assuming write-enable.
Feb  5 00:00:52 linaro-alip kernel: [    3.550720] twl4030-codec twl4030-codec: ASoC: Failed to create Capture debugfs file
Feb  5 00:00:52 linaro-alip kernel: [    3.559539] mmc0: new high speed SDHC card at address e624
Feb  5 00:00:52 linaro-alip kernel: [    3.568267] mmcblk0: mmc0:e624 SU08G 7.40 GiB 
Feb  5 00:00:52 linaro-alip kernel: [    3.574462] asoc: twl4030-hifi <-> omap-mcbsp.2 mapping ok
Feb  5 00:00:52 linaro-alip kernel: [    3.586639] oprofile: hardware counters not available
Feb  5 00:00:52 linaro-alip kernel: [    3.592315]  mmcblk0: p1 p2
Feb  5 00:00:52 linaro-alip kernel: [    3.595520] oprofile: using timer interrupt.
Feb  5 00:00:52 linaro-alip kernel: [    3.601593] TCP: cubic registered
Feb  5 00:00:52 linaro-alip kernel: [    3.606475] usb 1-2: link qh256-0001/de6ca700 start 1 [1/0 us]
Feb  5 00:00:52 linaro-alip kernel: [    3.606597] hub 1-2:1.0: state 7 ports 3 chg 0002 evt 0000
Feb  5 00:00:52 linaro-alip kernel: [    3.607574] hub 1-2:1.0: port 1, status 0301, change 0000, 1.5 Mb/s
Feb  5 00:00:52 linaro-alip kernel: [    3.609344] NET: Registered protocol family 17
Feb  5 00:00:52 linaro-alip kernel: [    3.614166] NET: Registered protocol family 15
Feb  5 00:00:52 linaro-alip kernel: [    3.619110] Key type dns_resolver registered
Feb  5 00:00:52 linaro-alip kernel: [    3.624023] VFP support v0.3: implementor 41 architecture 3 part 30 variant c rev 3
Feb  5 00:00:52 linaro-alip kernel: [    3.639129] ThumbEE CPU extension supported.
Feb  5 00:00:52 linaro-alip kernel: [    3.643798] sr_init: No PMIC hook to init smartreflex
Feb  5 00:00:52 linaro-alip kernel: [    3.649383] smartreflex smartreflex.0: omap_sr_probe: SmartReflex driver initialized
Feb  5 00:00:52 linaro-alip kernel: [    3.657897] smartreflex smartreflex.1: omap_sr_probe: SmartReflex driver initialized
Feb  5 00:00:52 linaro-alip kernel: [    3.676574] mmc1: new SDIO card at address 0001
Feb  5 00:00:52 linaro-alip kernel: [    3.682464] clock: disabling unused clocks to save power
Feb  5 00:00:52 linaro-alip kernel: [    3.689086] registered taskstats version 1
Feb  5 00:00:52 linaro-alip kernel: [    3.693969] usb 1-2.1: new low-speed USB device number 3 using ehci-omap
Feb  5 00:00:52 linaro-alip kernel: [    3.701934] fbcvt: 1280x720@60: CVT Name - .921M9-R
Feb  5 00:00:52 linaro-alip kernel: [    3.733245] Console: switching to colour frame buffer device 160x45
Feb  5 00:00:52 linaro-alip kernel: [    3.757629] VDAC: incomplete constraints, leaving on
Feb  5 00:00:52 linaro-alip kernel: [    3.765136] twl_rtc twl_rtc: setting system clock to 2013-02-05 00:00:47 UTC (1360022447)
Feb  5 00:00:52 linaro-alip kernel: [    3.774139] ALSA device list:
Feb  5 00:00:52 linaro-alip kernel: [    3.777465]   #0: overo
Feb  5 00:00:52 linaro-alip kernel: [    3.780914] Freeing init memory: 220K
Feb  5 00:00:52 linaro-alip kernel: [    3.831298] usb 1-2.1: skipped 1 descriptor after interface
Feb  5 00:00:52 linaro-alip kernel: [    3.831329] usb 1-2.1: skipped 1 descriptor after interface
Feb  5 00:00:52 linaro-alip kernel: [    3.831848] usb 1-2.1: default language 0x0409
Feb  5 00:00:52 linaro-alip kernel: [    3.836853] usb 1-2.1: udev 3, busnum 1, minor = 2
Feb  5 00:00:52 linaro-alip kernel: [    3.836883] usb 1-2.1: New USB device found, idVendor=10d5, idProduct=5000
Feb  5 00:00:52 linaro-alip kernel: [    3.851287] usb 1-2.1: New USB device strings: Mfr=1, Product=2, SerialNumber=0
Feb  5 00:00:52 linaro-alip kernel: [    3.869964] usb 1-2.1: Product: Combo Free KVM
Feb  5 00:00:52 linaro-alip kernel: [    3.874816] usb 1-2.1: Manufacturer: No brand
Feb  5 00:00:52 linaro-alip kernel: [    3.886169] usb 1-2.1: usb_probe_device
Feb  5 00:00:52 linaro-alip kernel: [    3.886199] usb 1-2.1: configuration #1 chosen from 1 choice
Feb  5 00:00:52 linaro-alip kernel: [    3.887390] usb 1-2.1: adding 1-2.1:1.0 (config #1, interface 0)
Feb  5 00:00:52 linaro-alip kernel: [    3.887664] usbhid 1-2.1:1.0: usb_probe_interface
Feb  5 00:00:52 linaro-alip kernel: [    3.887695] usbhid 1-2.1:1.0: usb_probe_interface - got id
Feb  5 00:00:52 linaro-alip kernel: [    3.894897] input: No brand Combo Free KVM as /devices/platform/usbhs_omap/ehci-omap.0/usb1/1-2/1-2.1/1-2.1:1.0/input/input0
Feb  5 00:00:52 linaro-alip kernel: [    3.923095] usb 1-2.1: link qh8-0e01/de771a40 start 2 [1/2 us]
Feb  5 00:00:52 linaro-alip kernel: [    3.923522] hid-generic 0003:10D5:5000.0001: input: USB HID v1.10 Keyboard [No brand Combo Free KVM] on usb-ehci-omap.0-2.1/input0
Feb  5 00:00:52 linaro-alip kernel: [    3.953063] usb 1-2.1: adding 1-2.1:1.1 (config #1, interface 1)
Feb  5 00:00:52 linaro-alip kernel: [    3.953338] usbhid 1-2.1:1.1: usb_probe_interface
Feb  5 00:00:52 linaro-alip kernel: [    3.953369] usbhid 1-2.1:1.1: usb_probe_interface - got id
Feb  5 00:00:52 linaro-alip kernel: [    3.966003] input: No brand Combo Free KVM as /devices/platform/usbhs_omap/ehci-omap.0/usb1/1-2/1-2.1/1-2.1:1.1/input/input1
Feb  5 00:00:52 linaro-alip kernel: [    3.993011] usb 1-2.1: link qh8-0e01/de7718c0 start 3 [1/2 us]
Feb  5 00:00:52 linaro-alip kernel: [    3.993682] hid-generic 0003:10D5:5000.0002: input: USB HID v1.10 Mouse [No brand Combo Free KVM] on usb-ehci-omap.0-2.1/input1
Feb  5 00:00:52 linaro-alip kernel: [    5.088806] EXT3-fs (mmcblk0p2): mounted filesystem with writeback data mode
Feb  5 00:00:52 linaro-alip kernel: [    5.102386] kjournald starting.  Commit interval 5 seconds
Feb  5 00:00:52 linaro-alip kernel: [    7.135650] EXT3-fs (mmcblk0p2): using internal journal
Feb  5 00:00:52 linaro-alip kernel: [    7.985931] ads7846 spi1.0: touchscreen, irq 210
Feb  5 00:00:52 linaro-alip kernel: [    7.986267] ads7846 spi1.0: no device detected, test read result was 0x00000FFF
Feb  5 00:00:52 linaro-alip kernel: [    8.015869] Linux media interface: v0.10
Feb  5 00:00:52 linaro-alip kernel: [    8.136138] Linux video capture interface: v2.00
Feb  5 00:00:52 linaro-alip kernel: [    8.327209] omap3isp omap3isp: Revision 15.0 found
Feb  5 00:00:52 linaro-alip kernel: [    8.327362] omap-iommu omap-iommu.0: isp: version 1.1
Feb  5 00:00:52 linaro-alip kernel: [    8.565612] mt9v032 3-005c: Probing MT9V032 at address 0x5c
Feb  5 00:00:52 linaro-alip kernel: [    8.565887] mt9v032 3-005c: MT9V032 power up failed
Feb  5 00:00:52 linaro-alip kernel: [    8.613647] lib80211: common routines for IEEE802.11 drivers
Feb  5 00:00:52 linaro-alip kernel: [    8.613677] lib80211_crypt: registered algorithm 'NULL'
Feb  5 00:00:52 linaro-alip kernel: [    8.920989] isp_register_subdev_group: Unable to register subdev mt9v032
Feb  5 00:00:52 linaro-alip kernel: [    9.030334] cfg80211: Calling CRDA to update world regulatory domain
Feb  5 00:00:53 linaro-alip kernel: [    9.292572] libertas_sdio: Libertas SDIO driver
Feb  5 00:00:53 linaro-alip kernel: [    9.292602] libertas_sdio: Copyright Pierre Ossman
Feb  5 00:00:56 linaro-alip kernel: [   12.914672] cfg80211: World regulatory domain updated:
Feb  5 00:00:56 linaro-alip kernel: [   12.914703] cfg80211:   (start_freq - end_freq @ bandwidth), (max_antenna_gain, max_eirp)
Feb  5 00:00:56 linaro-alip kernel: [   12.914733] cfg80211:   (2402000 KHz - 2472000 KHz @ 40000 KHz), (300 mBi, 2000 mBm)
Feb  5 00:00:56 linaro-alip kernel: [   12.914764] cfg80211:   (2457000 KHz - 2482000 KHz @ 20000 KHz), (300 mBi, 2000 mBm)
Feb  5 00:00:56 linaro-alip kernel: [   12.914764] cfg80211:   (2474000 KHz - 2494000 KHz @ 20000 KHz), (300 mBi, 2000 mBm)
Feb  5 00:00:56 linaro-alip kernel: [   12.914764] cfg80211:   (5170000 KHz - 5250000 KHz @ 40000 KHz), (300 mBi, 2000 mBm)
Feb  5 00:00:56 linaro-alip kernel: [   12.914794] cfg80211:   (5735000 KHz - 5835000 KHz @ 40000 KHz), (300 mBi, 2000 mBm)
Feb  5 00:00:57 linaro-alip kernel: [   13.261840] libertas_sdio mmc1:0001:1: (unregistered net_device): 00:19:88:23:e8:e4, fw 9.70.3p36, cap 0x00000303
Feb  5 00:00:57 linaro-alip kernel: [   13.269714] libertas_sdio mmc1:0001:1: wlan0: Marvell WLAN 802.11 adapter
Feb  5 00:00:57 linaro-alip kernel: [   13.283599] cfg80211: Calling CRDA for country: US
Feb  5 00:00:57 linaro-alip kernel: [   14.095184] cfg80211: Regulatory domain changed to country: US
Feb  5 00:00:57 linaro-alip kernel: [   14.095214] cfg80211:   (start_freq - end_freq @ bandwidth), (max_antenna_gain, max_eirp)
Feb  5 00:00:57 linaro-alip kernel: [   14.095214] cfg80211:   (2402000 KHz - 2472000 KHz @ 40000 KHz), (300 mBi, 2700 mBm)
Feb  5 00:00:57 linaro-alip kernel: [   14.095245] cfg80211:   (5170000 KHz - 5250000 KHz @ 40000 KHz), (300 mBi, 1700 mBm)
Feb  5 00:00:57 linaro-alip kernel: [   14.095245] cfg80211:   (5250000 KHz - 5330000 KHz @ 40000 KHz), (300 mBi, 2000 mBm)
Feb  5 00:00:57 linaro-alip kernel: [   14.095275] cfg80211:   (5490000 KHz - 5600000 KHz @ 40000 KHz), (300 mBi, 2000 mBm)
Feb  5 00:00:57 linaro-alip kernel: [   14.095275] cfg80211:   (5650000 KHz - 5710000 KHz @ 40000 KHz), (300 mBi, 2000 mBm)
Feb  5 00:00:57 linaro-alip kernel: [   14.095306] cfg80211:   (5735000 KHz - 5835000 KHz @ 40000 KHz), (300 mBi, 3000 mBm)
Feb  5 00:01:01 linaro-alip kernel: [   17.985778] NET: Registered protocol family 10
Feb  5 00:02:51 linaro-alip kernel: Kernel logging (proc) stopped.
Feb  5 00:03:17 linaro-alip kernel: imklog 5.8.6, log source = /proc/kmsg started.
Feb  5 00:03:17 linaro-alip kernel: [    0.000000] Booting Linux on physical CPU 0
Feb  5 00:03:17 linaro-alip kernel: [    0.000000] Initializing cgroup subsys cpuset
Feb  5 00:03:17 linaro-alip kernel: [    0.000000] Initializing cgroup subsys cpu
Feb  5 00:03:17 linaro-alip kernel: [    0.000000] Linux version 3.5.0-2-linaro-omap (adam@pine) (gcc version 4.6.3 (Ubuntu/Linaro 4.6.3-1ubuntu5) ) #2~ci+121210190143 PREEMPT Mon Dec 10 11:03:27 PST 2012
Feb  5 00:03:17 linaro-alip kernel: [    0.000000] CPU: ARMv7 Processor [413fc082] revision 2 (ARMv7), cr=10c53c7d
Feb  5 00:03:17 linaro-alip kernel: [    0.000000] CPU: PIPT / VIPT nonaliasing data cache, VIPT aliasing instruction cache
Feb  5 00:03:17 linaro-alip kernel: [    0.000000] Machine: Gumstix Overo
Feb  5 00:03:17 linaro-alip kernel: [    0.000000] Reserving 12582912 bytes SDRAM for VRAM
Feb  5 00:03:17 linaro-alip kernel: [    0.000000] Memory policy: ECC disabled, Data cache writeback
Feb  5 00:03:17 linaro-alip kernel: [    0.000000] On node 0 totalpages: 127744
Feb  5 00:03:17 linaro-alip kernel: [    0.000000] free_area_init_node: node 0, pgdat c070b85c, node_mem_map c07a7000
Feb  5 00:03:17 linaro-alip kernel: [    0.000000]   Normal zone: 1024 pages used for memmap
Feb  5 00:03:17 linaro-alip kernel: [    0.000000]   Normal zone: 0 pages reserved
Feb  5 00:03:17 linaro-alip kernel: [    0.000000]   Normal zone: 126720 pages, LIFO batch:31
Feb  5 00:03:17 linaro-alip kernel: [    0.000000] OMAP3630 ES1.2 (l2cache neon isp 192mhz_clk )
Feb  5 00:03:17 linaro-alip kernel: [    0.000000] Clocking rate (Crystal/Core/MPU): 26.0/400/600 MHz
Feb  5 00:03:17 linaro-alip kernel: [    0.000000] pcpu-alloc: s0 r0 d32768 u32768 alloc=1*32768
Feb  5 00:03:17 linaro-alip kernel: [    0.000000] pcpu-alloc: [0] 0 
Feb  5 00:03:17 linaro-alip kernel: [    0.000000] Built 1 zonelists in Zone order, mobility grouping on.  Total pages: 126720
Feb  5 00:03:17 linaro-alip kernel: [    0.000000] Kernel command line: console=tty0 console=ttyO2,115200n8 root=UUID=ac867f12-4217-41e4-8e5e-430d8fe8f232 rootwait ro earlyprintk mpurate=500 vram=12M omapdss.def_disp=dvi omapfb.mode=dvi:1280x720MR-16@60
Feb  5 00:03:17 linaro-alip kernel: [    0.000000] PID hash table entries: 2048 (order: 1, 8192 bytes)
Feb  5 00:03:17 linaro-alip kernel: [    0.000000] Dentry cache hash table entries: 65536 (order: 6, 262144 bytes)
Feb  5 00:03:17 linaro-alip kernel: [    0.000000] Inode-cache hash table entries: 32768 (order: 5, 131072 bytes)
Feb  5 00:03:17 linaro-alip kernel: [    0.000000] allocated 1048576 bytes of page_cgroup
Feb  5 00:03:17 linaro-alip kernel: [    0.000000] please try 'cgroup_disable=memory' option if you don't want memory cgroups
Feb  5 00:03:17 linaro-alip kernel: [    0.000000] Memory: 499MB = 499MB total
Feb  5 00:03:17 linaro-alip kernel: [    0.000000] Memory: 495744k/495744k available, 28544k reserved, 0K highmem
Feb  5 00:03:17 linaro-alip kernel: [    0.000000] Virtual kernel memory layout:
Feb  5 00:03:17 linaro-alip kernel: [    0.000000]     vector  : 0xffff0000 - 0xffff1000   (   4 kB)
Feb  5 00:03:17 linaro-alip kernel: [    0.000000]     fixmap  : 0xfff00000 - 0xfffe0000   ( 896 kB)
Feb  5 00:03:17 linaro-alip kernel: [    0.000000]     vmalloc : 0xe0800000 - 0xff000000   ( 488 MB)
Feb  5 00:03:17 linaro-alip kernel: [    0.000000]     lowmem  : 0xc0000000 - 0xe0000000   ( 512 MB)
Feb  5 00:03:17 linaro-alip kernel: [    0.000000]     pkmap   : 0xbfe00000 - 0xc0000000   (   2 MB)
Feb  5 00:03:17 linaro-alip kernel: [    0.000000]     modules : 0xbf000000 - 0xbfe00000   (  14 MB)
Feb  5 00:03:17 linaro-alip kernel: [    0.000000]       .text : 0xc0008000 - 0xc067abfc   (6603 kB)
Feb  5 00:03:17 linaro-alip kernel: [    0.000000]       .init : 0xc067b000 - 0xc06b2000   ( 220 kB)
Feb  5 00:03:17 linaro-alip kernel: [    0.000000]       .data : 0xc06b2000 - 0xc071b268   ( 421 kB)
Feb  5 00:03:17 linaro-alip kernel: [    0.000000]        .bss : 0xc071b28c - 0xc07a6020   ( 556 kB)
Feb  5 00:03:17 linaro-alip kernel: [    0.000000] NR_IRQS:474
Feb  5 00:03:17 linaro-alip kernel: [    0.000000] IRQ: Found an INTC at 0xfa200000 (revision 4.0) with 96 interrupts
Feb  5 00:03:17 linaro-alip kernel: [    0.000000] Total of 96 interrupts on 1 active controller
Feb  5 00:03:17 linaro-alip kernel: [    0.000000] OMAP clockevent source: GPTIMER1 at 32768 Hz
Feb  5 00:03:17 linaro-alip kernel: [    0.000000] sched_clock: 32 bits at 32kHz, resolution 30517ns, wraps every 131071999ms
Feb  5 00:03:17 linaro-alip kernel: [    0.000000] OMAP clocksource: 32k_counter at 32768 Hz
Feb  5 00:03:17 linaro-alip kernel: [    0.000000] Console: colour dummy device 80x30
Feb  5 00:03:17 linaro-alip kernel: [    0.000000] console [tty0] enabled
Feb  5 00:03:17 linaro-alip kernel: [    0.001007] Calibrating delay loop... 597.64 BogoMIPS (lpj=2334720)
Feb  5 00:03:17 linaro-alip kernel: [    0.039123] pid_max: default: 32768 minimum: 301
Feb  5 00:03:17 linaro-alip kernel: [    0.039306] Security Framework initialized
Feb  5 00:03:17 linaro-alip kernel: [    0.039428] Mount-cache hash table entries: 512
Feb  5 00:03:17 linaro-alip kernel: [    0.040191] Initializing cgroup subsys debug
Feb  5 00:03:17 linaro-alip kernel: [    0.040252] Initializing cgroup subsys cpuacct
Feb  5 00:03:17 linaro-alip kernel: [    0.040283] Initializing cgroup subsys memory
Feb  5 00:03:17 linaro-alip kernel: [    0.040344] Initializing cgroup subsys devices
Feb  5 00:03:17 linaro-alip kernel: [    0.040374] Initializing cgroup subsys freezer
Feb  5 00:03:17 linaro-alip kernel: [    0.040405] Initializing cgroup subsys perf_event
Feb  5 00:03:17 linaro-alip kernel: [    0.040527] CPU: Testing write buffer coherency: ok
Feb  5 00:03:17 linaro-alip kernel: [    0.040832] Setting up static identity map for 0x8046ea98 - 0x8046eaf0
Feb  5 00:03:17 linaro-alip kernel: [    0.045837] devtmpfs: initialized
Feb  5 00:03:17 linaro-alip kernel: [    0.050567] dummy: 
Feb  5 00:03:17 linaro-alip kernel: [    0.050964] NET: Registered protocol family 16
Feb  5 00:03:17 linaro-alip kernel: [    0.051391] GPMC revision 5.0
Feb  5 00:03:17 linaro-alip kernel: [    0.051483] gpmc: irq-20 could not claim: err -22
Feb  5 00:03:17 linaro-alip kernel: [    0.053009] gpiochip_add: registered GPIOs 0 to 31 on device: gpio
Feb  5 00:03:17 linaro-alip kernel: [    0.053131] OMAP GPIO hardware version 2.5
Feb  5 00:03:17 linaro-alip kernel: [    0.053375] gpiochip_add: registered GPIOs 32 to 63 on device: gpio
Feb  5 00:03:17 linaro-alip kernel: [    0.053649] gpiochip_add: registered GPIOs 64 to 95 on device: gpio
Feb  5 00:03:17 linaro-alip kernel: [    0.053924] gpiochip_add: registered GPIOs 96 to 127 on device: gpio
Feb  5 00:03:17 linaro-alip kernel: [    0.054199] gpiochip_add: registered GPIOs 128 to 159 on device: gpio
Feb  5 00:03:17 linaro-alip kernel: [    0.054504] gpiochip_add: registered GPIOs 160 to 191 on device: gpio
Feb  5 00:03:17 linaro-alip kernel: [    0.055541] omap_mux_init: Add partition: #1: core, flags: 0
Feb  5 00:03:17 linaro-alip kernel: [    0.060485] _omap_mux_get_by_name: Could not find signal uart4_rx.uart4_rx
Feb  5 00:03:17 linaro-alip kernel: [    0.066314] Reprogramming SDRC clock to 400000000 Hz
Feb  5 00:03:17 linaro-alip kernel: [    0.066375] dpll3_m2_clk rate change failed: -22
Feb  5 00:03:17 linaro-alip kernel: [    0.066406] Found NAND on CS0
Feb  5 00:03:17 linaro-alip kernel: [    0.066406] Registering NAND on CS0
Feb  5 00:03:17 linaro-alip kernel: [    0.067596]  usbhs_omap: alias fck already exists
Feb  5 00:03:17 linaro-alip kernel: [    0.075073] hw-breakpoint: debug architecture 0x4 unsupported.
Feb  5 00:03:17 linaro-alip kernel: [    0.078063]  omap-mcbsp.2: alias fck already exists
Feb  5 00:03:17 linaro-alip kernel: [    0.078338]  omap-mcbsp.3: alias fck already exists
Feb  5 00:03:17 linaro-alip kernel: [    0.079406] Switched to new clocking rate (Crystal/Core/MPU): 26.0/400/500 MHz
Feb  5 00:03:17 linaro-alip kernel: [    0.079681] OMAP DMA hardware revision 5.0
Feb  5 00:03:17 linaro-alip kernel: [    0.089355] bio: create slab <bio-0> at 0
Feb  5 00:03:17 linaro-alip kernel: [    0.090240] fixed-dummy: 
Feb  5 00:03:17 linaro-alip kernel: [    0.090362] reg-fixed-voltage reg-fixed-voltage.0: fixed-dummy supplying 0uV
Feb  5 00:03:17 linaro-alip kernel: [    0.090606] vads7846: override min_uV, 1 -> 3300000
Feb  5 00:03:17 linaro-alip kernel: [    0.090606] vads7846: override max_uV, 2147483647 -> 3300000
Feb  5 00:03:17 linaro-alip kernel: [    0.090637] vads7846: 3300 mV 
Feb  5 00:03:17 linaro-alip kernel: [    0.090759] reg-fixed-voltage reg-fixed-voltage.1: vads7846 supplying 3300000uV
Feb  5 00:03:17 linaro-alip kernel: [    0.091583] SCSI subsystem initialized
Feb  5 00:03:17 linaro-alip kernel: [    0.091979] usbcore: registered new interface driver usbfs
Feb  5 00:03:17 linaro-alip kernel: [    0.092132] usbcore: registered new interface driver hub
Feb  5 00:03:17 linaro-alip kernel: [    0.092468] usbcore: registered new device driver usb
Feb  5 00:03:17 linaro-alip kernel: [    0.101715] omap_i2c omap_i2c.1: bus 1 rev1.4.0 at 2600 kHz
Feb  5 00:03:17 linaro-alip kernel: [    0.104705] twl 1-0048: PIH (irq 7) chaining IRQs 320..328
Feb  5 00:03:17 linaro-alip kernel: [    0.104888] twl 1-0048: power (irq 325) chaining IRQs 328..335
Feb  5 00:03:17 linaro-alip kernel: [    0.105621] twl4030_gpio twl4030_gpio: gpio (irq 320) chaining IRQs 336..353
Feb  5 00:03:17 linaro-alip kernel: [    0.106018] gpiochip_add: registered GPIOs 192 to 211 on device: twl4030
Feb  5 00:03:17 linaro-alip kernel: [    0.106964] VUSB1V5: override min_uV, 1 -> 1500000
Feb  5 00:03:17 linaro-alip kernel: [    0.106964] VUSB1V5: override max_uV, 2147483647 -> 1500000
Feb  5 00:03:17 linaro-alip kernel: [    0.106994] VUSB1V5: 1500 mV normal standby
Feb  5 00:03:17 linaro-alip kernel: [    0.107574] VUSB1V8: override min_uV, 1 -> 1800000
Feb  5 00:03:17 linaro-alip kernel: [    0.107604] VUSB1V8: override max_uV, 2147483647 -> 1800000
Feb  5 00:03:17 linaro-alip kernel: [    0.107604] VUSB1V8: 1800 mV normal standby
Feb  5 00:03:17 linaro-alip kernel: [    0.108154] VUSB3V1: override min_uV, 1 -> 3100000
Feb  5 00:03:17 linaro-alip kernel: [    0.108184] VUSB3V1: override max_uV, 2147483647 -> 3100000
Feb  5 00:03:17 linaro-alip kernel: [    0.108184] VUSB3V1: 3100 mV normal standby
Feb  5 00:03:17 linaro-alip kernel: [    0.109985] twl4030_usb twl4030_usb: HW_CONDITIONS 0x10/16; link 0
Feb  5 00:03:17 linaro-alip kernel: [    0.110260] twl4030_usb twl4030_usb: Initialized TWL4030 USB module
Feb  5 00:03:17 linaro-alip kernel: [    0.110931] vdd_mpu_iva: 600 <--> 1450 mV normal 
Feb  5 00:03:17 linaro-alip kernel: [    0.111480] vdd_core: 600 <--> 1450 mV normal 
Feb  5 00:03:17 linaro-alip kernel: [    0.112121] VMMC1: 1850 <--> 3150 mV at 3150 mV normal standby
Feb  5 00:03:17 linaro-alip kernel: [    0.112792] VDAC: 1800 mV normal standby
Feb  5 00:03:17 linaro-alip kernel: [    0.113464] VDVI: 1800 mV normal standby
Feb  5 00:03:17 linaro-alip kernel: [    0.125122] omap_i2c omap_i2c.3: bus 3 rev1.4.0 at 400 kHz
Feb  5 00:03:17 linaro-alip kernel: [    0.126098] omap-iommu omap-iommu.0: isp registered
Feb  5 00:03:17 linaro-alip kernel: [    0.126312] Advanced Linux Sound Architecture Driver Version 1.0.25.
Feb  5 00:03:17 linaro-alip kernel: [    0.127471] Switching to clocksource 32k_counter
Feb  5 00:03:17 linaro-alip kernel: [    0.160858] usbhs_omap usbhs_omap: xclk60mhsp2_ck set parentfailed error:-22
Feb  5 00:03:17 linaro-alip kernel: [    0.161773] NET: Registered protocol family 2
Feb  5 00:03:17 linaro-alip kernel: [    0.162139] IP route cache hash table entries: 4096 (order: 2, 16384 bytes)
Feb  5 00:03:17 linaro-alip kernel: [    0.162841] TCP established hash table entries: 16384 (order: 5, 131072 bytes)
Feb  5 00:03:17 linaro-alip kernel: [    0.163299] TCP bind hash table entries: 16384 (order: 4, 65536 bytes)
Feb  5 00:03:17 linaro-alip kernel: [    0.163574] TCP: Hash tables configured (established 16384 bind 16384)
Feb  5 00:03:17 linaro-alip kernel: [    0.163604] TCP: reno registered
Feb  5 00:03:17 linaro-alip kernel: [    0.163635] UDP hash table entries: 256 (order: 0, 4096 bytes)
Feb  5 00:03:17 linaro-alip kernel: [    0.163696] UDP-Lite hash table entries: 256 (order: 0, 4096 bytes)
Feb  5 00:03:17 linaro-alip kernel: [    0.164093] NET: Registered protocol family 1
Feb  5 00:03:17 linaro-alip kernel: [    0.164733] RPC: Registered named UNIX socket transport module.
Feb  5 00:03:17 linaro-alip kernel: [    0.164794] RPC: Registered udp transport module.
Feb  5 00:03:17 linaro-alip kernel: [    0.164825] RPC: Registered tcp transport module.
Feb  5 00:03:17 linaro-alip kernel: [    0.164855] RPC: Registered tcp NFSv4.1 backchannel transport module.
Feb  5 00:03:17 linaro-alip kernel: [    0.165191] Trying to unpack rootfs image as initramfs...
Feb  5 00:03:17 linaro-alip kernel: [    0.374786] Freeing initrd memory: 1828K
Feb  5 00:03:17 linaro-alip kernel: [    0.377716] audit: initializing netlink socket (disabled)
Feb  5 00:03:17 linaro-alip kernel: [    0.377807] type=2000 audit(0.375:1): initialized
Feb  5 00:03:17 linaro-alip kernel: [    0.379547] VFS: Disk quotas dquot_6.5.2
Feb  5 00:03:17 linaro-alip kernel: [    0.379669] Dquot-cache hash table entries: 1024 (order 0, 4096 bytes)
Feb  5 00:03:17 linaro-alip kernel: [    0.380187] NFS: Registering the id_resolver key type
Feb  5 00:03:17 linaro-alip kernel: [    0.380279] Key type id_resolver registered
Feb  5 00:03:17 linaro-alip kernel: [    0.380859] jffs2: version 2.2. (NAND) (SUMMARY)  © 2001-2006 Red Hat, Inc.
Feb  5 00:03:17 linaro-alip kernel: [    0.381744] fuse init (API version 7.19)
Feb  5 00:03:17 linaro-alip kernel: [    0.382415] msgmni has been set to 971
Feb  5 00:03:17 linaro-alip kernel: [    0.384613] Block layer SCSI generic (bsg) driver version 0.4 loaded (major 253)
Feb  5 00:03:17 linaro-alip kernel: [    0.384674] io scheduler noop registered
Feb  5 00:03:17 linaro-alip kernel: [    0.384704] io scheduler deadline registered (default)
Feb  5 00:03:17 linaro-alip kernel: [    0.385833] OMAP DSS rev 2.0
Feb  5 00:03:17 linaro-alip kernel: [    0.389648] omap_uart.0: ttyO0 at MMIO 0x4806a000 (irq = 72) is a OMAP UART0
Feb  5 00:03:17 linaro-alip kernel: [    0.390228] omap_uart.1: ttyO1 at MMIO 0x4806c000 (irq = 73) is a OMAP UART1
Feb  5 00:03:17 linaro-alip kernel: [    0.390838] omap_uart.2: ttyO2 at MMIO 0x49020000 (irq = 74) is a OMAP UART2
Feb  5 00:03:17 linaro-alip kernel: [    1.096374] console [ttyO2] enabled
Feb  5 00:03:17 linaro-alip kernel: [    1.100616] omap_uart.3: ttyO3 at MMIO 0x49042000 (irq = 80) is a OMAP UART3
Feb  5 00:03:17 linaro-alip kernel: [    1.118591] brd: module loaded
Feb  5 00:03:17 linaro-alip kernel: [    1.127258] loop: module loaded
Feb  5 00:03:17 linaro-alip kernel: [    1.132843] twl4030_madc twl4030_madc: clk disabled, enabling
Feb  5 00:03:17 linaro-alip kernel: [    1.141296] NAND device: Manufacturer ID: 0x2c, Chip ID: 0xbc (Micron NAND 512MiB 1,8V 16-bit), page size: 2048, OOB size: 64
Feb  5 00:03:17 linaro-alip kernel: [    1.170074] Creating 5 MTD partitions on "omap2-nand.0":
Feb  5 00:03:17 linaro-alip kernel: [    1.175872] 0x000000000000-0x000000080000 : "xloader"
Feb  5 00:03:17 linaro-alip kernel: [    1.183258] 0x000000080000-0x000000240000 : "uboot"
Feb  5 00:03:17 linaro-alip kernel: [    1.191497] 0x000000240000-0x000000280000 : "uboot environment"
Feb  5 00:03:17 linaro-alip kernel: [    1.199371] 0x000000280000-0x000000680000 : "linux"
Feb  5 00:03:17 linaro-alip kernel: [    1.209838] 0x000000680000-0x000020000000 : "rootfs"
Feb  5 00:03:17 linaro-alip kernel: [    1.721313] smsc911x: Driver version 2008-10-21
Feb  5 00:03:17 linaro-alip kernel: [    1.735717] smsc911x-mdio: probed
Feb  5 00:03:17 linaro-alip kernel: [    1.739501] smsc911x smsc911x.0: eth0: attached PHY driver [Generic PHY] (mii_bus:phy_addr=smsc911x-0:01, irq=-1)
Feb  5 00:03:17 linaro-alip kernel: [    1.750579] smsc911x smsc911x.0: eth0: MAC Address: 00:15:c9:28:d6:7d
Feb  5 00:03:17 linaro-alip kernel: [    1.757476] smsc911x: Driver version 2008-10-21
Feb  5 00:03:17 linaro-alip kernel: [    1.763000] usbcore: registered new interface driver asix
Feb  5 00:03:17 linaro-alip kernel: [    1.768859] usbcore: registered new interface driver cdc_ether
Feb  5 00:03:17 linaro-alip kernel: [    1.775146] usbcore: registered new interface driver cdc_ncm
Feb  5 00:03:17 linaro-alip kernel: [    1.781524] ehci_hcd: USB 2.0 'Enhanced' Host Controller (EHCI) Driver
Feb  5 00:03:17 linaro-alip kernel: [    1.788482] ehci_hcd: block sizes: qh 64 qtd 96 itd 160 sitd 96
Feb  5 00:03:17 linaro-alip kernel: [    1.788696] ehci-omap ehci-omap.0: failed to get ehci port1 regulator
Feb  5 00:03:17 linaro-alip kernel: [    2.791717] ehci-omap ehci-omap.0: phy reset operation timed out
Feb  5 00:03:17 linaro-alip kernel: [    2.791748] ehci-omap ehci-omap.0: reset hcs_params 0x1313 dbg=0 cc=1 pcc=3 ordered ports=3
Feb  5 00:03:17 linaro-alip kernel: [    2.791778] ehci-omap ehci-omap.0: reset hcc_params 0016 thresh 1 uframes 256/512/1024 park
Feb  5 00:03:17 linaro-alip kernel: [    2.791809] ehci-omap ehci-omap.0: reset command 0080b02  park=3 ithresh=8 period=1024 Reset HALT
Feb  5 00:03:17 linaro-alip kernel: [    2.791839] ehci-omap ehci-omap.0: OMAP-EHCI Host Controller
Feb  5 00:03:17 linaro-alip kernel: [    2.798217] ehci-omap ehci-omap.0: new USB bus registered, assigned bus number 1
Feb  5 00:03:17 linaro-alip kernel: [    2.806213] ehci-omap ehci-omap.0: park 0
Feb  5 00:03:17 linaro-alip kernel: [    2.806274] ehci-omap ehci-omap.0: irq 77, io mem 0x48064800
Feb  5 00:03:17 linaro-alip kernel: [    2.812286] ehci-omap ehci-omap.0: init command 0010005 (park)=0 ithresh=1 period=512 RUN
Feb  5 00:03:17 linaro-alip kernel: [    2.822998] ehci-omap ehci-omap.0: USB 2.0 started, EHCI 1.00
Feb  5 00:03:17 linaro-alip kernel: [    2.829254] usb usb1: default language 0x0409
Feb  5 00:03:17 linaro-alip kernel: [    2.829315] usb usb1: udev 1, busnum 1, minor = 0
Feb  5 00:03:17 linaro-alip kernel: [    2.829345] usb usb1: New USB device found, idVendor=1d6b, idProduct=0002
Feb  5 00:03:17 linaro-alip kernel: [    2.836547] usb usb1: New USB device strings: Mfr=3, Product=2, SerialNumber=1
Feb  5 00:03:17 linaro-alip kernel: [    2.844207] usb usb1: Product: OMAP-EHCI Host Controller
Feb  5 00:03:17 linaro-alip kernel: [    2.849853] usb usb1: Manufacturer: Linux 3.5.0-2-linaro-omap ehci_hcd
Feb  5 00:03:17 linaro-alip kernel: [    2.856750] usb usb1: SerialNumber: ehci-omap.0
Feb  5 00:03:17 linaro-alip kernel: [    2.862274] usb usb1: usb_probe_device
Feb  5 00:03:17 linaro-alip kernel: [    2.862304] usb usb1: configuration #1 chosen from 1 choice
Feb  5 00:03:17 linaro-alip kernel: [    2.862365] usb usb1: adding 1-0:1.0 (config #1, interface 0)
Feb  5 00:03:17 linaro-alip kernel: [    2.862579] hub 1-0:1.0: usb_probe_interface
Feb  5 00:03:17 linaro-alip kernel: [    2.862609] hub 1-0:1.0: usb_probe_interface - got id
Feb  5 00:03:17 linaro-alip kernel: [    2.862640] hub 1-0:1.0: USB hub found
Feb  5 00:03:17 linaro-alip kernel: [    2.866638] hub 1-0:1.0: 3 ports detected
Feb  5 00:03:17 linaro-alip kernel: [    2.870910] hub 1-0:1.0: standalone hub
Feb  5 00:03:17 linaro-alip kernel: [    2.870941] hub 1-0:1.0: individual port power switching
Feb  5 00:03:17 linaro-alip kernel: [    2.870941] hub 1-0:1.0: individual port over-current protection
Feb  5 00:03:17 linaro-alip kernel: [    2.870971] hub 1-0:1.0: power on to power good time: 20ms
Feb  5 00:03:17 linaro-alip kernel: [    2.871002] hub 1-0:1.0: local power source is good
Feb  5 00:03:17 linaro-alip kernel: [    2.871032] hub 1-0:1.0: enabling power on all ports
Feb  5 00:03:17 linaro-alip kernel: [    2.871398] ehci-omap ehci-omap.0: ...powerup ports...
Feb  5 00:03:17 linaro-alip kernel: [    2.901367] Initializing USB Mass Storage driver...
Feb  5 00:03:17 linaro-alip kernel: [    2.906707] usbcore: registered new interface driver usb-storage
Feb  5 00:03:17 linaro-alip kernel: [    2.913085] USB Mass Storage support registered.
Feb  5 00:03:17 linaro-alip kernel: [    2.917968] musb-hdrc: version 6.0, ?dma?, otg (peripheral+host)
Feb  5 00:03:17 linaro-alip kernel: [    2.930969] twl4030_usb twl4030_usb: twl4030_phy_resume
Feb  5 00:03:17 linaro-alip kernel: [    2.931243] musb-hdrc: ConfigData=0xde (UTMI-8, dyn FIFOs, bulk combine, bulk split, HB-ISO Rx, HB-ISO Tx, SoftConn)
Feb  5 00:03:17 linaro-alip kernel: [    2.931274] musb-hdrc: MHDRC RTL version 1.800 
Feb  5 00:03:17 linaro-alip kernel: [    2.931274] musb-hdrc: setup fifo_mode 4
Feb  5 00:03:17 linaro-alip kernel: [    2.931304] musb-hdrc: 28/31 max ep, 16384/16384 memory
Feb  5 00:03:17 linaro-alip kernel: [    2.931793] musb-hdrc musb-hdrc: USB OTG mode controller at fa0ab000 using DMA, IRQ 92
Feb  5 00:03:17 linaro-alip kernel: [    2.942352] twl4030_usb twl4030_usb: twl4030_phy_suspend
Feb  5 00:03:17 linaro-alip kernel: [    2.942993] mousedev: PS/2 mouse device common for all mice
Feb  5 00:03:17 linaro-alip kernel: [    2.949859] twl_rtc twl_rtc: Enabling TWL-RTC
Feb  5 00:03:17 linaro-alip kernel: [    2.957397] twl_rtc twl_rtc: rtc core: registered twl_rtc as rtc0
Feb  5 00:03:17 linaro-alip kernel: [    2.964599] i2c /dev entries driver
Feb  5 00:03:17 linaro-alip kernel: [    2.970092] voltdm_scale: No voltage scale API registered for vdd_mpu_iva
Feb  5 00:03:17 linaro-alip kernel: [    2.977447] ehci-omap ehci-omap.0: GetStatus port:2 status 001803 0  ACK POWER sig=j CSC CONNECT
Feb  5 00:03:17 linaro-alip kernel: [    2.977478] hub 1-0:1.0: port 2: status 0501 change 0001
Feb  5 00:03:17 linaro-alip kernel: [    2.977539] platform mpu.0: omap_target: unable to scale voltage up.
Feb  5 00:03:17 linaro-alip kernel: [    2.984313] cpuidle: using governor ladder
Feb  5 00:03:17 linaro-alip kernel: [    2.988677] cpuidle: using governor menu
Feb  5 00:03:17 linaro-alip kernel: [    2.993408] omap_hsmmc omap_hsmmc.0: Failed to get debounce clk
Feb  5 00:03:17 linaro-alip kernel: [    3.073028] hub 1-0:1.0: state 7 ports 3 chg 0004 evt 0000
Feb  5 00:03:17 linaro-alip kernel: [    3.073089] hub 1-0:1.0: port 2, status 0501, change 0000, 480 Mb/s
Feb  5 00:03:17 linaro-alip kernel: [    3.135528] ehci-omap ehci-omap.0: port 2 reset complete, port enabled
Feb  5 00:03:17 linaro-alip kernel: [    3.135589] ehci-omap ehci-omap.0: GetStatus port:2 status 001005 0  ACK POWER sig=se0 PE CONNECT
Feb  5 00:03:17 linaro-alip kernel: [    3.197998] usb 1-2: new high-speed USB device number 2 using ehci-omap
Feb  5 00:03:17 linaro-alip kernel: [    3.260528] ehci-omap ehci-omap.0: port 2 reset complete, port enabled
Feb  5 00:03:17 linaro-alip kernel: [    3.260589] ehci-omap ehci-omap.0: GetStatus port:2 status 001005 0  ACK POWER sig=se0 PE CONNECT
Feb  5 00:03:17 linaro-alip kernel: [    3.355682] usb 1-2: default language 0x0409
Feb  5 00:03:17 linaro-alip kernel: [    3.356079] usb 1-2: udev 2, busnum 1, minor = 1
Feb  5 00:03:17 linaro-alip kernel: [    3.356109] usb 1-2: New USB device found, idVendor=05e3, idProduct=0608
Feb  5 00:03:17 linaro-alip kernel: [    3.363220] usb 1-2: New USB device strings: Mfr=0, Product=1, SerialNumber=0
Feb  5 00:03:17 linaro-alip kernel: [    3.371337] omap_hsmmc omap_hsmmc.1: Failed to get debounce clk
Feb  5 00:03:17 linaro-alip kernel: [    3.377746] usb 1-2: Product: USB2.0 Hub
Feb  5 00:03:17 linaro-alip kernel: [    3.386444] usb 1-2: usb_probe_device
Feb  5 00:03:17 linaro-alip kernel: [    3.386474] usb 1-2: configuration #1 chosen from 1 choice
Feb  5 00:03:17 linaro-alip kernel: [    3.386962] usb 1-2: adding 1-2:1.0 (config #1, interface 0)
Feb  5 00:03:17 linaro-alip kernel: [    3.387145] hub 1-2:1.0: usb_probe_interface
Feb  5 00:03:17 linaro-alip kernel: [    3.387176] hub 1-2:1.0: usb_probe_interface - got id
Feb  5 00:03:17 linaro-alip kernel: [    3.387207] hub 1-2:1.0: USB hub found
Feb  5 00:03:17 linaro-alip kernel: [    3.391601] hub 1-2:1.0: 3 ports detected
Feb  5 00:03:17 linaro-alip kernel: [    3.395935] hub 1-2:1.0: compound device; port removable status: FRR
Feb  5 00:03:17 linaro-alip kernel: [    3.395965] hub 1-2:1.0: ganged power switching
Feb  5 00:03:17 linaro-alip kernel: [    3.395965] hub 1-2:1.0: global over-current protection
Feb  5 00:03:17 linaro-alip kernel: [    3.395996] hub 1-2:1.0: Single TT
Feb  5 00:03:17 linaro-alip kernel: [    3.395996] hub 1-2:1.0: TT requires at most 32 FS bit times (2664 ns)
Feb  5 00:03:17 linaro-alip kernel: [    3.396026] hub 1-2:1.0: Port indicators are supported
Feb  5 00:03:17 linaro-alip kernel: [    3.396026] hub 1-2:1.0: power on to power good time: 100ms
Feb  5 00:03:17 linaro-alip kernel: [    3.396545] hub 1-2:1.0: local power source is good
Feb  5 00:03:17 linaro-alip kernel: [    3.396606] hub 1-2:1.0: no over-current condition exists
Feb  5 00:03:17 linaro-alip kernel: [    3.396636] hub 1-2:1.0: enabling power on all ports
Feb  5 00:03:17 linaro-alip kernel: [    3.425079] Registered led device: overo:red:gpio21
Feb  5 00:03:17 linaro-alip kernel: [    3.425262] Registered led device: overo:blue:gpio22
Feb  5 00:03:17 linaro-alip kernel: [    3.426269] Registered led device: overo:blue:COM
Feb  5 00:03:17 linaro-alip kernel: [    3.428283] usbcore: registered new interface driver usbhid
Feb  5 00:03:17 linaro-alip kernel: [    3.434265] usbhid: USB HID core driver
Feb  5 00:03:17 linaro-alip kernel: [    3.439086] usbcore: registered new interface driver snd-usb-audio
Feb  5 00:03:17 linaro-alip kernel: [    3.447174] overo SoC init
Feb  5 00:03:17 linaro-alip kernel: [    3.450317] soc-audio soc-audio: ASoC machine overo should use snd_soc_register_card()
Feb  5 00:03:17 linaro-alip kernel: [    3.503234] hub 1-2:1.0: port 1: status 0301 change 0001
Feb  5 00:03:17 linaro-alip kernel: [    3.540039] mmc0: host does not support reading read-only switch. assuming write-enable.
Feb  5 00:03:17 linaro-alip kernel: [    3.550689] twl4030-codec twl4030-codec: ASoC: Failed to create Capture debugfs file
Feb  5 00:03:17 linaro-alip kernel: [    3.559509] mmc0: new high speed SDHC card at address e624
Feb  5 00:03:17 linaro-alip kernel: [    3.568206] mmcblk0: mmc0:e624 SU08G 7.40 GiB 
Feb  5 00:03:17 linaro-alip kernel: [    3.574401] asoc: twl4030-hifi <-> omap-mcbsp.2 mapping ok
Feb  5 00:03:17 linaro-alip kernel: [    3.586578] oprofile: hardware counters not available
Feb  5 00:03:17 linaro-alip kernel: [    3.592254]  mmcblk0: p1 p2
Feb  5 00:03:17 linaro-alip kernel: [    3.595458] oprofile: using timer interrupt.
Feb  5 00:03:17 linaro-alip kernel: [    3.601531] TCP: cubic registered
Feb  5 00:03:17 linaro-alip kernel: [    3.606445] usb 1-2: link qh256-0001/de6ca700 start 1 [1/0 us]
Feb  5 00:03:17 linaro-alip kernel: [    3.606536] hub 1-2:1.0: state 7 ports 3 chg 0002 evt 0000
Feb  5 00:03:17 linaro-alip kernel: [    3.607574] hub 1-2:1.0: port 1, status 0301, change 0000, 1.5 Mb/s
Feb  5 00:03:17 linaro-alip kernel: [    3.609283] NET: Registered protocol family 17
Feb  5 00:03:17 linaro-alip kernel: [    3.614135] NET: Registered protocol family 15
Feb  5 00:03:17 linaro-alip kernel: [    3.619049] Key type dns_resolver registered
Feb  5 00:03:17 linaro-alip kernel: [    3.623931] VFP support v0.3: implementor 41 architecture 3 part 30 variant c rev 3
Feb  5 00:03:17 linaro-alip kernel: [    3.639007] ThumbEE CPU extension supported.
Feb  5 00:03:17 linaro-alip kernel: [    3.643676] sr_init: No PMIC hook to init smartreflex
Feb  5 00:03:17 linaro-alip kernel: [    3.649261] smartreflex smartreflex.0: omap_sr_probe: SmartReflex driver initialized
Feb  5 00:03:17 linaro-alip kernel: [    3.657775] smartreflex smartreflex.1: omap_sr_probe: SmartReflex driver initialized
Feb  5 00:03:17 linaro-alip kernel: [    3.676513] mmc1: new SDIO card at address 0001
Feb  5 00:03:17 linaro-alip kernel: [    3.682281] clock: disabling unused clocks to save power
Feb  5 00:03:17 linaro-alip kernel: [    3.688964] registered taskstats version 1
Feb  5 00:03:17 linaro-alip kernel: [    3.693847] usb 1-2.1: new low-speed USB device number 3 using ehci-omap
Feb  5 00:03:17 linaro-alip kernel: [    3.701812] fbcvt: 1280x720@60: CVT Name - .921M9-R
Feb  5 00:03:17 linaro-alip kernel: [    3.733154] Console: switching to colour frame buffer device 160x45
Feb  5 00:03:17 linaro-alip kernel: [    3.757446] VDAC: incomplete constraints, leaving on
Feb  5 00:03:17 linaro-alip kernel: [    3.764984] twl_rtc twl_rtc: setting system clock to 2013-02-05 00:03:12 UTC (1360022592)
Feb  5 00:03:17 linaro-alip kernel: [    3.773986] ALSA device list:
Feb  5 00:03:17 linaro-alip kernel: [    3.777313]   #0: overo
Feb  5 00:03:17 linaro-alip kernel: [    3.780761] Freeing init memory: 220K
Feb  5 00:03:17 linaro-alip kernel: [    3.829162] usb 1-2.1: skipped 1 descriptor after interface
Feb  5 00:03:17 linaro-alip kernel: [    3.829223] usb 1-2.1: skipped 1 descriptor after interface
Feb  5 00:03:17 linaro-alip kernel: [    3.831085] usb 1-2.1: default language 0x0409
Feb  5 00:03:17 linaro-alip kernel: [    3.834381] usb 1-2.1: udev 3, busnum 1, minor = 2
Feb  5 00:03:17 linaro-alip kernel: [    3.834411] usb 1-2.1: New USB device found, idVendor=10d5, idProduct=5000
Feb  5 00:03:17 linaro-alip kernel: [    3.850555] usb 1-2.1: New USB device strings: Mfr=1, Product=2, SerialNumber=0
Feb  5 00:03:17 linaro-alip kernel: [    3.870025] usb 1-2.1: Product: Combo Free KVM
Feb  5 00:03:17 linaro-alip kernel: [    3.874877] usb 1-2.1: Manufacturer: No brand
Feb  5 00:03:17 linaro-alip kernel: [    3.894073] usb 1-2.1: usb_probe_device
Feb  5 00:03:17 linaro-alip kernel: [    3.894104] usb 1-2.1: configuration #1 chosen from 1 choice
Feb  5 00:03:17 linaro-alip kernel: [    3.901367] usb 1-2.1: adding 1-2.1:1.0 (config #1, interface 0)
Feb  5 00:03:17 linaro-alip kernel: [    3.901672] usbhid 1-2.1:1.0: usb_probe_interface
Feb  5 00:03:17 linaro-alip kernel: [    3.901702] usbhid 1-2.1:1.0: usb_probe_interface - got id
Feb  5 00:03:17 linaro-alip kernel: [    3.906341] input: No brand Combo Free KVM as /devices/platform/usbhs_omap/ehci-omap.0/usb1/1-2/1-2.1/1-2.1:1.0/input/input0
Feb  5 00:03:17 linaro-alip kernel: [    3.930206] usb 1-2.1: link qh8-0e01/de771a40 start 2 [1/2 us]
Feb  5 00:03:17 linaro-alip kernel: [    3.930664] hid-generic 0003:10D5:5000.0001: input: USB HID v1.10 Keyboard [No brand Combo Free KVM] on usb-ehci-omap.0-2.1/input0
Feb  5 00:03:17 linaro-alip kernel: [    3.958282] usb 1-2.1: adding 1-2.1:1.1 (config #1, interface 1)
Feb  5 00:03:17 linaro-alip kernel: [    3.958557] usbhid 1-2.1:1.1: usb_probe_interface
Feb  5 00:03:17 linaro-alip kernel: [    3.958587] usbhid 1-2.1:1.1: usb_probe_interface - got id
Feb  5 00:03:17 linaro-alip kernel: [    3.965362] input: No brand Combo Free KVM as /devices/platform/usbhs_omap/ehci-omap.0/usb1/1-2/1-2.1/1-2.1:1.1/input/input1
Feb  5 00:03:17 linaro-alip kernel: [    3.992187] usb 1-2.1: link qh8-0e01/de7718c0 start 3 [1/2 us]
Feb  5 00:03:17 linaro-alip kernel: [    3.992858] hid-generic 0003:10D5:5000.0002: input: USB HID v1.10 Mouse [No brand Combo Free KVM] on usb-ehci-omap.0-2.1/input1
Feb  5 00:03:17 linaro-alip kernel: [    5.082061] EXT3-fs (mmcblk0p2): mounted filesystem with writeback data mode
Feb  5 00:03:17 linaro-alip kernel: [    5.095703] kjournald starting.  Commit interval 5 seconds
Feb  5 00:03:17 linaro-alip kernel: [    7.124389] EXT3-fs (mmcblk0p2): using internal journal
Feb  5 00:03:17 linaro-alip kernel: [    7.965209] ads7846 spi1.0: touchscreen, irq 210
Feb  5 00:03:17 linaro-alip kernel: [    7.969390] ads7846 spi1.0: no device detected, test read result was 0x00000FFF
Feb  5 00:03:17 linaro-alip kernel: [    8.069702] Linux media interface: v0.10
Feb  5 00:03:17 linaro-alip kernel: [    8.173736] Linux video capture interface: v2.00
Feb  5 00:03:17 linaro-alip kernel: [    8.336303] lib80211: common routines for IEEE802.11 drivers
Feb  5 00:03:17 linaro-alip kernel: [    8.336334] lib80211_crypt: registered algorithm 'NULL'
Feb  5 00:03:17 linaro-alip kernel: [    8.418975] omap3isp omap3isp: Revision 15.0 found
Feb  5 00:03:17 linaro-alip kernel: [    8.419128] omap-iommu omap-iommu.0: isp: version 1.1
Feb  5 00:03:17 linaro-alip kernel: [    8.639495] mt9v032 3-005c: Probing MT9V032 at address 0x5c
Feb  5 00:03:17 linaro-alip kernel: [    8.639739] mt9v032 3-005c: MT9V032 power up failed
Feb  5 00:03:17 linaro-alip kernel: [    8.798919] cfg80211: Calling CRDA to update world regulatory domain
Feb  5 00:03:18 linaro-alip kernel: [    8.875213] isp_register_subdev_group: Unable to register subdev mt9v032
Feb  5 00:03:18 linaro-alip kernel: [    9.032440] libertas_sdio: Libertas SDIO driver
Feb  5 00:03:18 linaro-alip kernel: [    9.032470] libertas_sdio: Copyright Pierre Ossman
Feb  5 00:03:21 linaro-alip kernel: [   12.883026] cfg80211: World regulatory domain updated:
Feb  5 00:03:21 linaro-alip kernel: [   12.883056] cfg80211:   (start_freq - end_freq @ bandwidth), (max_antenna_gain, max_eirp)
Feb  5 00:03:21 linaro-alip kernel: [   12.883056] cfg80211:   (2402000 KHz - 2472000 KHz @ 40000 KHz), (300 mBi, 2000 mBm)
Feb  5 00:03:21 linaro-alip kernel: [   12.883087] cfg80211:   (2457000 KHz - 2482000 KHz @ 20000 KHz), (300 mBi, 2000 mBm)
Feb  5 00:03:21 linaro-alip kernel: [   12.883087] cfg80211:   (2474000 KHz - 2494000 KHz @ 20000 KHz), (300 mBi, 2000 mBm)
Feb  5 00:03:21 linaro-alip kernel: [   12.883117] cfg80211:   (5170000 KHz - 5250000 KHz @ 40000 KHz), (300 mBi, 2000 mBm)
Feb  5 00:03:21 linaro-alip kernel: [   12.883117] cfg80211:   (5735000 KHz - 5835000 KHz @ 40000 KHz), (300 mBi, 2000 mBm)
Feb  5 00:03:22 linaro-alip kernel: [   13.324310] libertas_sdio mmc1:0001:1: (unregistered net_device): 00:19:88:23:e8:e4, fw 9.70.3p36, cap 0x00000303
Feb  5 00:03:22 linaro-alip kernel: [   13.332275] libertas_sdio mmc1:0001:1: wlan0: Marvell WLAN 802.11 adapter
Feb  5 00:03:22 linaro-alip kernel: [   13.348052] cfg80211: Calling CRDA for country: US
Feb  5 00:03:22 linaro-alip kernel: [   13.678741] cfg80211: Regulatory domain changed to country: US
Feb  5 00:03:22 linaro-alip kernel: [   13.678771] cfg80211:   (start_freq - end_freq @ bandwidth), (max_antenna_gain, max_eirp)
Feb  5 00:03:22 linaro-alip kernel: [   13.678771] cfg80211:   (2402000 KHz - 2472000 KHz @ 40000 KHz), (300 mBi, 2700 mBm)
Feb  5 00:03:22 linaro-alip kernel: [   13.678802] cfg80211:   (5170000 KHz - 5250000 KHz @ 40000 KHz), (300 mBi, 1700 mBm)
Feb  5 00:03:22 linaro-alip kernel: [   13.678802] cfg80211:   (5250000 KHz - 5330000 KHz @ 40000 KHz), (300 mBi, 2000 mBm)
Feb  5 00:03:22 linaro-alip kernel: [   13.678833] cfg80211:   (5490000 KHz - 5600000 KHz @ 40000 KHz), (300 mBi, 2000 mBm)
Feb  5 00:03:22 linaro-alip kernel: [   13.678833] cfg80211:   (5650000 KHz - 5710000 KHz @ 40000 KHz), (300 mBi, 2000 mBm)
Feb  5 00:03:22 linaro-alip kernel: [   13.678863] cfg80211:   (5735000 KHz - 5835000 KHz @ 40000 KHz), (300 mBi, 3000 mBm)
Feb  5 00:03:26 linaro-alip kernel: [   17.730529] NET: Registered protocol family 10
Feb  5 00:06:42 linaro-alip kernel: Kernel logging (proc) stopped.
Feb  5 00:07:05 linaro-alip kernel: imklog 5.8.6, log source = /proc/kmsg started.
Feb  5 00:07:05 linaro-alip kernel: [    0.000000] Booting Linux on physical CPU 0
Feb  5 00:07:05 linaro-alip kernel: [    0.000000] Initializing cgroup subsys cpuset
Feb  5 00:07:05 linaro-alip kernel: [    0.000000] Initializing cgroup subsys cpu
Feb  5 00:07:05 linaro-alip kernel: [    0.000000] Linux version 3.5.0-2-linaro-omap (adam@pine) (gcc version 4.6.3 (Ubuntu/Linaro 4.6.3-1ubuntu5) ) #2~ci+121210190143 PREEMPT Mon Dec 10 11:03:27 PST 2012
Feb  5 00:07:05 linaro-alip kernel: [    0.000000] CPU: ARMv7 Processor [413fc082] revision 2 (ARMv7), cr=10c53c7d
Feb  5 00:07:05 linaro-alip kernel: [    0.000000] CPU: PIPT / VIPT nonaliasing data cache, VIPT aliasing instruction cache
Feb  5 00:07:05 linaro-alip kernel: [    0.000000] Machine: Gumstix Overo
Feb  5 00:07:05 linaro-alip kernel: [    0.000000] Reserving 12582912 bytes SDRAM for VRAM
Feb  5 00:07:05 linaro-alip kernel: [    0.000000] Memory policy: ECC disabled, Data cache writeback
Feb  5 00:07:05 linaro-alip kernel: [    0.000000] On node 0 totalpages: 127744
Feb  5 00:07:05 linaro-alip kernel: [    0.000000] free_area_init_node: node 0, pgdat c070b85c, node_mem_map c07a7000
Feb  5 00:07:05 linaro-alip kernel: [    0.000000]   Normal zone: 1024 pages used for memmap
Feb  5 00:07:05 linaro-alip kernel: [    0.000000]   Normal zone: 0 pages reserved
Feb  5 00:07:05 linaro-alip kernel: [    0.000000]   Normal zone: 126720 pages, LIFO batch:31
Feb  5 00:07:05 linaro-alip kernel: [    0.000000] OMAP3630 ES1.2 (l2cache neon isp 192mhz_clk )
Feb  5 00:07:05 linaro-alip kernel: [    0.000000] Clocking rate (Crystal/Core/MPU): 26.0/400/600 MHz
Feb  5 00:07:05 linaro-alip kernel: [    0.000000] pcpu-alloc: s0 r0 d32768 u32768 alloc=1*32768
Feb  5 00:07:05 linaro-alip kernel: [    0.000000] pcpu-alloc: [0] 0 
Feb  5 00:07:05 linaro-alip kernel: [    0.000000] Built 1 zonelists in Zone order, mobility grouping on.  Total pages: 126720
Feb  5 00:07:05 linaro-alip kernel: [    0.000000] Kernel command line: console=tty0 console=ttyO2,115200n8 root=UUID=ac867f12-4217-41e4-8e5e-430d8fe8f232 rootwait ro earlyprintk mpurate=500 vram=12M omapdss.def_disp=dvi omapfb.mode=dvi:1280x720MR-16@60
Feb  5 00:07:05 linaro-alip kernel: [    0.000000] PID hash table entries: 2048 (order: 1, 8192 bytes)
Feb  5 00:07:05 linaro-alip kernel: [    0.000000] Dentry cache hash table entries: 65536 (order: 6, 262144 bytes)
Feb  5 00:07:05 linaro-alip kernel: [    0.000000] Inode-cache hash table entries: 32768 (order: 5, 131072 bytes)
Feb  5 00:07:05 linaro-alip kernel: [    0.000000] allocated 1048576 bytes of page_cgroup
Feb  5 00:07:05 linaro-alip kernel: [    0.000000] please try 'cgroup_disable=memory' option if you don't want memory cgroups
Feb  5 00:07:05 linaro-alip kernel: [    0.000000] Memory: 499MB = 499MB total
Feb  5 00:07:05 linaro-alip kernel: [    0.000000] Memory: 495744k/495744k available, 28544k reserved, 0K highmem
Feb  5 00:07:05 linaro-alip kernel: [    0.000000] Virtual kernel memory layout:
Feb  5 00:07:05 linaro-alip kernel: [    0.000000]     vector  : 0xffff0000 - 0xffff1000   (   4 kB)
Feb  5 00:07:05 linaro-alip kernel: [    0.000000]     fixmap  : 0xfff00000 - 0xfffe0000   ( 896 kB)
Feb  5 00:07:05 linaro-alip kernel: [    0.000000]     vmalloc : 0xe0800000 - 0xff000000   ( 488 MB)
Feb  5 00:07:05 linaro-alip kernel: [    0.000000]     lowmem  : 0xc0000000 - 0xe0000000   ( 512 MB)
Feb  5 00:07:05 linaro-alip kernel: [    0.000000]     pkmap   : 0xbfe00000 - 0xc0000000   (   2 MB)
Feb  5 00:07:05 linaro-alip kernel: [    0.000000]     modules : 0xbf000000 - 0xbfe00000   (  14 MB)
Feb  5 00:07:05 linaro-alip kernel: [    0.000000]       .text : 0xc0008000 - 0xc067abfc   (6603 kB)
Feb  5 00:07:05 linaro-alip kernel: [    0.000000]       .init : 0xc067b000 - 0xc06b2000   ( 220 kB)
Feb  5 00:07:05 linaro-alip kernel: [    0.000000]       .data : 0xc06b2000 - 0xc071b268   ( 421 kB)
Feb  5 00:07:05 linaro-alip kernel: [    0.000000]        .bss : 0xc071b28c - 0xc07a6020   ( 556 kB)
Feb  5 00:07:05 linaro-alip kernel: [    0.000000] NR_IRQS:474
Feb  5 00:07:05 linaro-alip kernel: [    0.000000] IRQ: Found an INTC at 0xfa200000 (revision 4.0) with 96 interrupts
Feb  5 00:07:05 linaro-alip kernel: [    0.000000] Total of 96 interrupts on 1 active controller
Feb  5 00:07:05 linaro-alip kernel: [    0.000000] OMAP clockevent source: GPTIMER1 at 32768 Hz
Feb  5 00:07:05 linaro-alip kernel: [    0.000000] sched_clock: 32 bits at 32kHz, resolution 30517ns, wraps every 131071999ms
Feb  5 00:07:05 linaro-alip kernel: [    0.000000] OMAP clocksource: 32k_counter at 32768 Hz
Feb  5 00:07:05 linaro-alip kernel: [    0.000000] Console: colour dummy device 80x30
Feb  5 00:07:05 linaro-alip kernel: [    0.000000] console [tty0] enabled
Feb  5 00:07:05 linaro-alip kernel: [    0.001007] Calibrating delay loop... 597.64 BogoMIPS (lpj=2334720)
Feb  5 00:07:05 linaro-alip kernel: [    0.039123] pid_max: default: 32768 minimum: 301
Feb  5 00:07:05 linaro-alip kernel: [    0.039306] Security Framework initialized
Feb  5 00:07:05 linaro-alip kernel: [    0.039428] Mount-cache hash table entries: 512
Feb  5 00:07:05 linaro-alip kernel: [    0.040191] Initializing cgroup subsys debug
Feb  5 00:07:05 linaro-alip kernel: [    0.040252] Initializing cgroup subsys cpuacct
Feb  5 00:07:05 linaro-alip kernel: [    0.040283] Initializing cgroup subsys memory
Feb  5 00:07:05 linaro-alip kernel: [    0.040344] Initializing cgroup subsys devices
Feb  5 00:07:05 linaro-alip kernel: [    0.040374] Initializing cgroup subsys freezer
Feb  5 00:07:05 linaro-alip kernel: [    0.040405] Initializing cgroup subsys perf_event
Feb  5 00:07:05 linaro-alip kernel: [    0.040527] CPU: Testing write buffer coherency: ok
Feb  5 00:07:05 linaro-alip kernel: [    0.040832] Setting up static identity map for 0x8046ea98 - 0x8046eaf0
Feb  5 00:07:05 linaro-alip kernel: [    0.045837] devtmpfs: initialized
Feb  5 00:07:05 linaro-alip kernel: [    0.050567] dummy: 
Feb  5 00:07:05 linaro-alip kernel: [    0.050964] NET: Registered protocol family 16
Feb  5 00:07:05 linaro-alip kernel: [    0.051391] GPMC revision 5.0
Feb  5 00:07:05 linaro-alip kernel: [    0.051483] gpmc: irq-20 could not claim: err -22
Feb  5 00:07:05 linaro-alip kernel: [    0.053039] gpiochip_add: registered GPIOs 0 to 31 on device: gpio
Feb  5 00:07:05 linaro-alip kernel: [    0.053131] OMAP GPIO hardware version 2.5
Feb  5 00:07:05 linaro-alip kernel: [    0.053375] gpiochip_add: registered GPIOs 32 to 63 on device: gpio
Feb  5 00:07:05 linaro-alip kernel: [    0.053680] gpiochip_add: registered GPIOs 64 to 95 on device: gpio
Feb  5 00:07:05 linaro-alip kernel: [    0.053955] gpiochip_add: registered GPIOs 96 to 127 on device: gpio
Feb  5 00:07:05 linaro-alip kernel: [    0.054229] gpiochip_add: registered GPIOs 128 to 159 on device: gpio
Feb  5 00:07:05 linaro-alip kernel: [    0.054504] gpiochip_add: registered GPIOs 160 to 191 on device: gpio
Feb  5 00:07:05 linaro-alip kernel: [    0.055572] omap_mux_init: Add partition: #1: core, flags: 0
Feb  5 00:07:05 linaro-alip kernel: [    0.060516] _omap_mux_get_by_name: Could not find signal uart4_rx.uart4_rx
Feb  5 00:07:05 linaro-alip kernel: [    0.066345] Reprogramming SDRC clock to 400000000 Hz
Feb  5 00:07:05 linaro-alip kernel: [    0.066406] dpll3_m2_clk rate change failed: -22
Feb  5 00:07:05 linaro-alip kernel: [    0.066436] Found NAND on CS0
Feb  5 00:07:05 linaro-alip kernel: [    0.066436] Registering NAND on CS0
Feb  5 00:07:05 linaro-alip kernel: [    0.067626]  usbhs_omap: alias fck already exists
Feb  5 00:07:05 linaro-alip kernel: [    0.075103] hw-breakpoint: debug architecture 0x4 unsupported.
Feb  5 00:07:05 linaro-alip kernel: [    0.078094]  omap-mcbsp.2: alias fck already exists
Feb  5 00:07:05 linaro-alip kernel: [    0.078369]  omap-mcbsp.3: alias fck already exists
Feb  5 00:07:05 linaro-alip kernel: [    0.079437] Switched to new clocking rate (Crystal/Core/MPU): 26.0/400/500 MHz
Feb  5 00:07:05 linaro-alip kernel: [    0.079711] OMAP DMA hardware revision 5.0
Feb  5 00:07:05 linaro-alip kernel: [    0.089385] bio: create slab <bio-0> at 0
Feb  5 00:07:05 linaro-alip kernel: [    0.090270] fixed-dummy: 
Feb  5 00:07:05 linaro-alip kernel: [    0.090393] reg-fixed-voltage reg-fixed-voltage.0: fixed-dummy supplying 0uV
Feb  5 00:07:05 linaro-alip kernel: [    0.090637] vads7846: override min_uV, 1 -> 3300000
Feb  5 00:07:05 linaro-alip kernel: [    0.090637] vads7846: override max_uV, 2147483647 -> 3300000
Feb  5 00:07:05 linaro-alip kernel: [    0.090667] vads7846: 3300 mV 
Feb  5 00:07:05 linaro-alip kernel: [    0.090820] reg-fixed-voltage reg-fixed-voltage.1: vads7846 supplying 3300000uV
Feb  5 00:07:05 linaro-alip kernel: [    0.091613] SCSI subsystem initialized
Feb  5 00:07:05 linaro-alip kernel: [    0.092041] usbcore: registered new interface driver usbfs
Feb  5 00:07:05 linaro-alip kernel: [    0.092163] usbcore: registered new interface driver hub
Feb  5 00:07:05 linaro-alip kernel: [    0.092468] usbcore: registered new device driver usb
Feb  5 00:07:05 linaro-alip kernel: [    0.093017] omap_i2c omap_i2c.1: bus 1 rev1.4.0 at 2600 kHz
Feb  5 00:07:05 linaro-alip kernel: [    0.096130] twl 1-0048: PIH (irq 7) chaining IRQs 320..328
Feb  5 00:07:05 linaro-alip kernel: [    0.096282] twl 1-0048: power (irq 325) chaining IRQs 328..335
Feb  5 00:07:05 linaro-alip kernel: [    0.097015] twl4030_gpio twl4030_gpio: gpio (irq 320) chaining IRQs 336..353
Feb  5 00:07:05 linaro-alip kernel: [    0.097442] gpiochip_add: registered GPIOs 192 to 211 on device: twl4030
Feb  5 00:07:05 linaro-alip kernel: [    0.098388] VUSB1V5: override min_uV, 1 -> 1500000
Feb  5 00:07:05 linaro-alip kernel: [    0.098388] VUSB1V5: override max_uV, 2147483647 -> 1500000
Feb  5 00:07:05 linaro-alip kernel: [    0.098419] VUSB1V5: 1500 mV normal standby
Feb  5 00:07:05 linaro-alip kernel: [    0.098999] VUSB1V8: override min_uV, 1 -> 1800000
Feb  5 00:07:05 linaro-alip kernel: [    0.099029] VUSB1V8: override max_uV, 2147483647 -> 1800000
Feb  5 00:07:05 linaro-alip kernel: [    0.099029] VUSB1V8: 1800 mV normal standby
Feb  5 00:07:05 linaro-alip kernel: [    0.099578] VUSB3V1: override min_uV, 1 -> 3100000
Feb  5 00:07:05 linaro-alip kernel: [    0.099609] VUSB3V1: override max_uV, 2147483647 -> 3100000
Feb  5 00:07:05 linaro-alip kernel: [    0.099609] VUSB3V1: 3100 mV normal standby
Feb  5 00:07:05 linaro-alip kernel: [    0.101379] twl4030_usb twl4030_usb: HW_CONDITIONS 0x10/16; link 0
Feb  5 00:07:05 linaro-alip kernel: [    0.101654] twl4030_usb twl4030_usb: Initialized TWL4030 USB module
Feb  5 00:07:05 linaro-alip kernel: [    0.102325] vdd_mpu_iva: 600 <--> 1450 mV normal 
Feb  5 00:07:05 linaro-alip kernel: [    0.102905] vdd_core: 600 <--> 1450 mV normal 
Feb  5 00:07:05 linaro-alip kernel: [    0.103546] VMMC1: 1850 <--> 3150 mV at 3150 mV normal standby
Feb  5 00:07:05 linaro-alip kernel: [    0.104217] VDAC: 1800 mV normal standby
Feb  5 00:07:05 linaro-alip kernel: [    0.104888] VDVI: 1800 mV normal standby
Feb  5 00:07:05 linaro-alip kernel: [    0.117309] omap_i2c omap_i2c.3: bus 3 rev1.4.0 at 400 kHz
Feb  5 00:07:05 linaro-alip kernel: [    0.118286] omap-iommu omap-iommu.0: isp registered
Feb  5 00:07:05 linaro-alip kernel: [    0.118499] Advanced Linux Sound Architecture Driver Version 1.0.25.
Feb  5 00:07:05 linaro-alip kernel: [    0.119628] Switching to clocksource 32k_counter
Feb  5 00:07:05 linaro-alip kernel: [    0.153045] usbhs_omap usbhs_omap: xclk60mhsp2_ck set parentfailed error:-22
Feb  5 00:07:05 linaro-alip kernel: [    0.153991] NET: Registered protocol family 2
Feb  5 00:07:05 linaro-alip kernel: [    0.154357] IP route cache hash table entries: 4096 (order: 2, 16384 bytes)
Feb  5 00:07:05 linaro-alip kernel: [    0.155059] TCP established hash table entries: 16384 (order: 5, 131072 bytes)
Feb  5 00:07:05 linaro-alip kernel: [    0.155517] TCP bind hash table entries: 16384 (order: 4, 65536 bytes)
Feb  5 00:07:05 linaro-alip kernel: [    0.155792] TCP: Hash tables configured (established 16384 bind 16384)
Feb  5 00:07:05 linaro-alip kernel: [    0.155822] TCP: reno registered
Feb  5 00:07:05 linaro-alip kernel: [    0.155853] UDP hash table entries: 256 (order: 0, 4096 bytes)
Feb  5 00:07:05 linaro-alip kernel: [    0.155914] UDP-Lite hash table entries: 256 (order: 0, 4096 bytes)
Feb  5 00:07:05 linaro-alip kernel: [    0.156280] NET: Registered protocol family 1
Feb  5 00:07:05 linaro-alip kernel: [    0.156951] RPC: Registered named UNIX socket transport module.
Feb  5 00:07:05 linaro-alip kernel: [    0.157012] RPC: Registered udp transport module.
Feb  5 00:07:05 linaro-alip kernel: [    0.157043] RPC: Registered tcp transport module.
Feb  5 00:07:05 linaro-alip kernel: [    0.157043] RPC: Registered tcp NFSv4.1 backchannel transport module.
Feb  5 00:07:05 linaro-alip kernel: [    0.157409] Trying to unpack rootfs image as initramfs...
Feb  5 00:07:05 linaro-alip kernel: [    0.367034] Freeing initrd memory: 1828K
Feb  5 00:07:05 linaro-alip kernel: [    0.369995] audit: initializing netlink socket (disabled)
Feb  5 00:07:05 linaro-alip kernel: [    0.370086] type=2000 audit(0.367:1): initialized
Feb  5 00:07:05 linaro-alip kernel: [    0.371826] VFS: Disk quotas dquot_6.5.2
Feb  5 00:07:05 linaro-alip kernel: [    0.371948] Dquot-cache hash table entries: 1024 (order 0, 4096 bytes)
Feb  5 00:07:05 linaro-alip kernel: [    0.372467] NFS: Registering the id_resolver key type
Feb  5 00:07:05 linaro-alip kernel: [    0.372558] Key type id_resolver registered
Feb  5 00:07:05 linaro-alip kernel: [    0.373138] jffs2: version 2.2. (NAND) (SUMMARY)  © 2001-2006 Red Hat, Inc.
Feb  5 00:07:05 linaro-alip kernel: [    0.374023] fuse init (API version 7.19)
Feb  5 00:07:05 linaro-alip kernel: [    0.374694] msgmni has been set to 971
Feb  5 00:07:05 linaro-alip kernel: [    0.376892] Block layer SCSI generic (bsg) driver version 0.4 loaded (major 253)
Feb  5 00:07:05 linaro-alip kernel: [    0.376953] io scheduler noop registered
Feb  5 00:07:05 linaro-alip kernel: [    0.376983] io scheduler deadline registered (default)
Feb  5 00:07:05 linaro-alip kernel: [    0.378112] OMAP DSS rev 2.0
Feb  5 00:07:05 linaro-alip kernel: [    0.381896] omap_uart.0: ttyO0 at MMIO 0x4806a000 (irq = 72) is a OMAP UART0
Feb  5 00:07:05 linaro-alip kernel: [    0.382507] omap_uart.1: ttyO1 at MMIO 0x4806c000 (irq = 73) is a OMAP UART1
Feb  5 00:07:05 linaro-alip kernel: [    0.383087] omap_uart.2: ttyO2 at MMIO 0x49020000 (irq = 74) is a OMAP UART2
Feb  5 00:07:05 linaro-alip kernel: [    1.088623] console [ttyO2] enabled
Feb  5 00:07:05 linaro-alip kernel: [    1.092864] omap_uart.3: ttyO3 at MMIO 0x49042000 (irq = 80) is a OMAP UART3
Feb  5 00:07:05 linaro-alip kernel: [    1.110809] brd: module loaded
Feb  5 00:07:05 linaro-alip kernel: [    1.119476] loop: module loaded
Feb  5 00:07:05 linaro-alip kernel: [    1.125061] twl4030_madc twl4030_madc: clk disabled, enabling
Feb  5 00:07:05 linaro-alip kernel: [    1.133514] NAND device: Manufacturer ID: 0x2c, Chip ID: 0xbc (Micron NAND 512MiB 1,8V 16-bit), page size: 2048, OOB size: 64
Feb  5 00:07:05 linaro-alip kernel: [    1.162292] Creating 5 MTD partitions on "omap2-nand.0":
Feb  5 00:07:05 linaro-alip kernel: [    1.168060] 0x000000000000-0x000000080000 : "xloader"
Feb  5 00:07:05 linaro-alip kernel: [    1.175445] 0x000000080000-0x000000240000 : "uboot"
Feb  5 00:07:05 linaro-alip kernel: [    1.183715] 0x000000240000-0x000000280000 : "uboot environment"
Feb  5 00:07:05 linaro-alip kernel: [    1.191619] 0x000000280000-0x000000680000 : "linux"
Feb  5 00:07:05 linaro-alip kernel: [    1.202087] 0x000000680000-0x000020000000 : "rootfs"
Feb  5 00:07:05 linaro-alip kernel: [    1.713623] smsc911x: Driver version 2008-10-21
Feb  5 00:07:05 linaro-alip kernel: [    1.727935] smsc911x-mdio: probed
Feb  5 00:07:05 linaro-alip kernel: [    1.731719] smsc911x smsc911x.0: eth0: attached PHY driver [Generic PHY] (mii_bus:phy_addr=smsc911x-0:01, irq=-1)
Feb  5 00:07:05 linaro-alip kernel: [    1.742797] smsc911x smsc911x.0: eth0: MAC Address: 00:15:c9:28:d6:7d
Feb  5 00:07:05 linaro-alip kernel: [    1.749694] smsc911x: Driver version 2008-10-21
Feb  5 00:07:05 linaro-alip kernel: [    1.755218] usbcore: registered new interface driver asix
Feb  5 00:07:05 linaro-alip kernel: [    1.761108] usbcore: registered new interface driver cdc_ether
Feb  5 00:07:05 linaro-alip kernel: [    1.767364] usbcore: registered new interface driver cdc_ncm
Feb  5 00:07:05 linaro-alip kernel: [    1.773773] ehci_hcd: USB 2.0 'Enhanced' Host Controller (EHCI) Driver
Feb  5 00:07:05 linaro-alip kernel: [    1.780731] ehci_hcd: block sizes: qh 64 qtd 96 itd 160 sitd 96
Feb  5 00:07:05 linaro-alip kernel: [    1.780914] ehci-omap ehci-omap.0: failed to get ehci port1 regulator
Feb  5 00:07:05 linaro-alip kernel: [    2.783905] ehci-omap ehci-omap.0: phy reset operation timed out
Feb  5 00:07:05 linaro-alip kernel: [    2.783935] ehci-omap ehci-omap.0: reset hcs_params 0x1313 dbg=0 cc=1 pcc=3 ordered ports=3
Feb  5 00:07:05 linaro-alip kernel: [    2.783966] ehci-omap ehci-omap.0: reset hcc_params 0016 thresh 1 uframes 256/512/1024 park
Feb  5 00:07:05 linaro-alip kernel: [    2.783996] ehci-omap ehci-omap.0: reset command 0080b02  park=3 ithresh=8 period=1024 Reset HALT
Feb  5 00:07:05 linaro-alip kernel: [    2.784027] ehci-omap ehci-omap.0: OMAP-EHCI Host Controller
Feb  5 00:07:05 linaro-alip kernel: [    2.790435] ehci-omap ehci-omap.0: new USB bus registered, assigned bus number 1
Feb  5 00:07:05 linaro-alip kernel: [    2.798400] ehci-omap ehci-omap.0: park 0
Feb  5 00:07:05 linaro-alip kernel: [    2.798461] ehci-omap ehci-omap.0: irq 77, io mem 0x48064800
Feb  5 00:07:05 linaro-alip kernel: [    2.804504] ehci-omap ehci-omap.0: init command 0010005 (park)=0 ithresh=1 period=512 RUN
Feb  5 00:07:05 linaro-alip kernel: [    2.815185] ehci-omap ehci-omap.0: USB 2.0 started, EHCI 1.00
Feb  5 00:07:05 linaro-alip kernel: [    2.821441] usb usb1: default language 0x0409
Feb  5 00:07:05 linaro-alip kernel: [    2.821502] usb usb1: udev 1, busnum 1, minor = 0
Feb  5 00:07:05 linaro-alip kernel: [    2.821533] usb usb1: New USB device found, idVendor=1d6b, idProduct=0002
Feb  5 00:07:05 linaro-alip kernel: [    2.828735] usb usb1: New USB device strings: Mfr=3, Product=2, SerialNumber=1
Feb  5 00:07:05 linaro-alip kernel: [    2.836395] usb usb1: Product: OMAP-EHCI Host Controller
Feb  5 00:07:05 linaro-alip kernel: [    2.842041] usb usb1: Manufacturer: Linux 3.5.0-2-linaro-omap ehci_hcd
Feb  5 00:07:05 linaro-alip kernel: [    2.848968] usb usb1: SerialNumber: ehci-omap.0
Feb  5 00:07:05 linaro-alip kernel: [    2.854461] usb usb1: usb_probe_device
Feb  5 00:07:05 linaro-alip kernel: [    2.854492] usb usb1: configuration #1 chosen from 1 choice
Feb  5 00:07:05 linaro-alip kernel: [    2.854553] usb usb1: adding 1-0:1.0 (config #1, interface 0)
Feb  5 00:07:05 linaro-alip kernel: [    2.854766] hub 1-0:1.0: usb_probe_interface
Feb  5 00:07:05 linaro-alip kernel: [    2.854797] hub 1-0:1.0: usb_probe_interface - got id
Feb  5 00:07:05 linaro-alip kernel: [    2.854797] hub 1-0:1.0: USB hub found
Feb  5 00:07:05 linaro-alip kernel: [    2.858795] hub 1-0:1.0: 3 ports detected
Feb  5 00:07:05 linaro-alip kernel: [    2.863098] hub 1-0:1.0: standalone hub
Feb  5 00:07:05 linaro-alip kernel: [    2.863098] hub 1-0:1.0: individual port power switching
Feb  5 00:07:05 linaro-alip kernel: [    2.863128] hub 1-0:1.0: individual port over-current protection
Feb  5 00:07:05 linaro-alip kernel: [    2.863159] hub 1-0:1.0: power on to power good time: 20ms
Feb  5 00:07:05 linaro-alip kernel: [    2.863189] hub 1-0:1.0: local power source is good
Feb  5 00:07:05 linaro-alip kernel: [    2.863189] hub 1-0:1.0: enabling power on all ports
Feb  5 00:07:05 linaro-alip kernel: [    2.863586] ehci-omap ehci-omap.0: ...powerup ports...
Feb  5 00:07:05 linaro-alip kernel: [    2.893554] Initializing USB Mass Storage driver...
Feb  5 00:07:05 linaro-alip kernel: [    2.898895] usbcore: registered new interface driver usb-storage
Feb  5 00:07:05 linaro-alip kernel: [    2.905273] USB Mass Storage support registered.
Feb  5 00:07:05 linaro-alip kernel: [    2.910186] musb-hdrc: version 6.0, ?dma?, otg (peripheral+host)
Feb  5 00:07:05 linaro-alip kernel: [    2.923126] twl4030_usb twl4030_usb: twl4030_phy_resume
Feb  5 00:07:05 linaro-alip kernel: [    2.923400] musb-hdrc: ConfigData=0xde (UTMI-8, dyn FIFOs, bulk combine, bulk split, HB-ISO Rx, HB-ISO Tx, SoftConn)
Feb  5 00:07:05 linaro-alip kernel: [    2.923431] musb-hdrc: MHDRC RTL version 1.800 
Feb  5 00:07:05 linaro-alip kernel: [    2.923431] musb-hdrc: setup fifo_mode 4
Feb  5 00:07:05 linaro-alip kernel: [    2.923461] musb-hdrc: 28/31 max ep, 16384/16384 memory
Feb  5 00:07:05 linaro-alip kernel: [    2.923950] musb-hdrc musb-hdrc: USB OTG mode controller at fa0ab000 using DMA, IRQ 92
Feb  5 00:07:05 linaro-alip kernel: [    2.934509] twl4030_usb twl4030_usb: twl4030_phy_suspend
Feb  5 00:07:05 linaro-alip kernel: [    2.935150] mousedev: PS/2 mouse device common for all mice
Feb  5 00:07:05 linaro-alip kernel: [    2.941925] twl_rtc twl_rtc: Enabling TWL-RTC
Feb  5 00:07:05 linaro-alip kernel: [    2.949462] twl_rtc twl_rtc: rtc core: registered twl_rtc as rtc0
Feb  5 00:07:05 linaro-alip kernel: [    2.956665] i2c /dev entries driver
Feb  5 00:07:05 linaro-alip kernel: [    2.962188] voltdm_scale: No voltage scale API registered for vdd_mpu_iva
Feb  5 00:07:05 linaro-alip kernel: [    2.969512] ehci-omap ehci-omap.0: GetStatus port:2 status 001803 0  ACK POWER sig=j CSC CONNECT
Feb  5 00:07:05 linaro-alip kernel: [    2.969543] hub 1-0:1.0: port 2: status 0501 change 0001
Feb  5 00:07:05 linaro-alip kernel: [    2.969604] platform mpu.0: omap_target: unable to scale voltage up.
Feb  5 00:07:05 linaro-alip kernel: [    2.976379] cpuidle: using governor ladder
Feb  5 00:07:05 linaro-alip kernel: [    2.980743] cpuidle: using governor menu
Feb  5 00:07:05 linaro-alip kernel: [    2.985473] omap_hsmmc omap_hsmmc.0: Failed to get debounce clk
Feb  5 00:07:05 linaro-alip kernel: [    3.065216] hub 1-0:1.0: state 7 ports 3 chg 0004 evt 0000
Feb  5 00:07:05 linaro-alip kernel: [    3.065277] hub 1-0:1.0: port 2, status 0501, change 0000, 480 Mb/s
Feb  5 00:07:05 linaro-alip kernel: [    3.127716] ehci-omap ehci-omap.0: port 2 reset complete, port enabled
Feb  5 00:07:05 linaro-alip kernel: [    3.127746] ehci-omap ehci-omap.0: GetStatus port:2 status 001005 0  ACK POWER sig=se0 PE CONNECT
Feb  5 00:07:05 linaro-alip kernel: [    3.190185] usb 1-2: new high-speed USB device number 2 using ehci-omap
Feb  5 00:07:05 linaro-alip kernel: [    3.252716] ehci-omap ehci-omap.0: port 2 reset complete, port enabled
Feb  5 00:07:05 linaro-alip kernel: [    3.252746] ehci-omap ehci-omap.0: GetStatus port:2 status 001005 0  ACK POWER sig=se0 PE CONNECT
Feb  5 00:07:05 linaro-alip kernel: [    3.347900] usb 1-2: default language 0x0409
Feb  5 00:07:05 linaro-alip kernel: [    3.348266] usb 1-2: udev 2, busnum 1, minor = 1
Feb  5 00:07:05 linaro-alip kernel: [    3.348297] usb 1-2: New USB device found, idVendor=05e3, idProduct=0608
Feb  5 00:07:05 linaro-alip kernel: [    3.355407] usb 1-2: New USB device strings: Mfr=0, Product=1, SerialNumber=0
Feb  5 00:07:05 linaro-alip kernel: [    3.363555] omap_hsmmc omap_hsmmc.1: Failed to get debounce clk
Feb  5 00:07:05 linaro-alip kernel: [    3.369934] usb 1-2: Product: USB2.0 Hub
Feb  5 00:07:05 linaro-alip kernel: [    3.378662] usb 1-2: usb_probe_device
Feb  5 00:07:05 linaro-alip kernel: [    3.378692] usb 1-2: configuration #1 chosen from 1 choice
Feb  5 00:07:05 linaro-alip kernel: [    3.379150] usb 1-2: adding 1-2:1.0 (config #1, interface 0)
Feb  5 00:07:05 linaro-alip kernel: [    3.379333] hub 1-2:1.0: usb_probe_interface
Feb  5 00:07:05 linaro-alip kernel: [    3.379364] hub 1-2:1.0: usb_probe_interface - got id
Feb  5 00:07:05 linaro-alip kernel: [    3.379394] hub 1-2:1.0: USB hub found
Feb  5 00:07:05 linaro-alip kernel: [    3.383789] hub 1-2:1.0: 3 ports detected
Feb  5 00:07:05 linaro-alip kernel: [    3.388122] hub 1-2:1.0: compound device; port removable status: FRR
Feb  5 00:07:05 linaro-alip kernel: [    3.388153] hub 1-2:1.0: ganged power switching
Feb  5 00:07:05 linaro-alip kernel: [    3.388153] hub 1-2:1.0: global over-current protection
Feb  5 00:07:05 linaro-alip kernel: [    3.388183] hub 1-2:1.0: Single TT
Feb  5 00:07:05 linaro-alip kernel: [    3.388183] hub 1-2:1.0: TT requires at most 32 FS bit times (2664 ns)
Feb  5 00:07:05 linaro-alip kernel: [    3.388214] hub 1-2:1.0: Port indicators are supported
Feb  5 00:07:05 linaro-alip kernel: [    3.388214] hub 1-2:1.0: power on to power good time: 100ms
Feb  5 00:07:05 linaro-alip kernel: [    3.388763] hub 1-2:1.0: local power source is good
Feb  5 00:07:05 linaro-alip kernel: [    3.388793] hub 1-2:1.0: no over-current condition exists
Feb  5 00:07:05 linaro-alip kernel: [    3.388824] hub 1-2:1.0: enabling power on all ports
Feb  5 00:07:05 linaro-alip kernel: [    3.417266] Registered led device: overo:red:gpio21
Feb  5 00:07:05 linaro-alip kernel: [    3.417449] Registered led device: overo:blue:gpio22
Feb  5 00:07:05 linaro-alip kernel: [    3.418457] Registered led device: overo:blue:COM
Feb  5 00:07:05 linaro-alip kernel: [    3.420501] usbcore: registered new interface driver usbhid
Feb  5 00:07:05 linaro-alip kernel: [    3.426483] usbhid: USB HID core driver
Feb  5 00:07:05 linaro-alip kernel: [    3.431304] usbcore: registered new interface driver snd-usb-audio
Feb  5 00:07:05 linaro-alip kernel: [    3.439361] overo SoC init
Feb  5 00:07:05 linaro-alip kernel: [    3.442504] soc-audio soc-audio: ASoC machine overo should use snd_soc_register_card()
Feb  5 00:07:05 linaro-alip kernel: [    3.495422] hub 1-2:1.0: port 1: status 0301 change 0001
Feb  5 00:07:05 linaro-alip kernel: [    3.532226] mmc0: host does not support reading read-only switch. assuming write-enable.
Feb  5 00:07:05 linaro-alip kernel: [    3.542877] twl4030-codec twl4030-codec: ASoC: Failed to create Capture debugfs file
Feb  5 00:07:05 linaro-alip kernel: [    3.551513] mmc0: new high speed SDHC card at address e624
Feb  5 00:07:05 linaro-alip kernel: [    3.560668] mmcblk0: mmc0:e624 SU08G 7.40 GiB 
Feb  5 00:07:05 linaro-alip kernel: [    3.566467] asoc: twl4030-hifi <-> omap-mcbsp.2 mapping ok
Feb  5 00:07:05 linaro-alip kernel: [    3.578674] oprofile: hardware counters not available
Feb  5 00:07:05 linaro-alip kernel: [    3.584350]  mmcblk0: p1 p2
Feb  5 00:07:05 linaro-alip kernel: [    3.587554] oprofile: using timer interrupt.
Feb  5 00:07:05 linaro-alip kernel: [    3.593627] TCP: cubic registered
Feb  5 00:07:05 linaro-alip kernel: [    3.598541] usb 1-2: link qh256-0001/de6ca700 start 1 [1/0 us]
Feb  5 00:07:05 linaro-alip kernel: [    3.598632] hub 1-2:1.0: state 7 ports 3 chg 0002 evt 0000
Feb  5 00:07:05 linaro-alip kernel: [    3.599029] hub 1-2:1.0: port 1, status 0301, change 0000, 1.5 Mb/s
Feb  5 00:07:05 linaro-alip kernel: [    3.601379] NET: Registered protocol family 17
Feb  5 00:07:05 linaro-alip kernel: [    3.606231] NET: Registered protocol family 15
Feb  5 00:07:05 linaro-alip kernel: [    3.611145] Key type dns_resolver registered
Feb  5 00:07:05 linaro-alip kernel: [    3.616027] VFP support v0.3: implementor 41 architecture 3 part 30 variant c rev 3
Feb  5 00:07:05 linaro-alip kernel: [    3.631103] ThumbEE CPU extension supported.
Feb  5 00:07:05 linaro-alip kernel: [    3.635772] sr_init: No PMIC hook to init smartreflex
Feb  5 00:07:05 linaro-alip kernel: [    3.641357] smartreflex smartreflex.0: omap_sr_probe: SmartReflex driver initialized
Feb  5 00:07:05 linaro-alip kernel: [    3.649871] smartreflex smartreflex.1: omap_sr_probe: SmartReflex driver initialized
Feb  5 00:07:05 linaro-alip kernel: [    3.668640] mmc1: new SDIO card at address 0001
Feb  5 00:07:05 linaro-alip kernel: [    3.674377] clock: disabling unused clocks to save power
Feb  5 00:07:05 linaro-alip kernel: [    3.681060] registered taskstats version 1
Feb  5 00:07:05 linaro-alip kernel: [    3.685913] usb 1-2.1: new low-speed USB device number 3 using ehci-omap
Feb  5 00:07:05 linaro-alip kernel: [    3.693908] fbcvt: 1280x720@60: CVT Name - .921M9-R
Feb  5 00:07:05 linaro-alip kernel: [    3.725189] Console: switching to colour frame buffer device 160x45
Feb  5 00:07:05 linaro-alip kernel: [    3.749481] VDAC: incomplete constraints, leaving on
Feb  5 00:07:05 linaro-alip kernel: [    3.756988] twl_rtc twl_rtc: setting system clock to 2013-02-05 00:07:00 UTC (1360022820)
Feb  5 00:07:05 linaro-alip kernel: [    3.765991] ALSA device list:
Feb  5 00:07:05 linaro-alip kernel: [    3.769317]   #0: overo
Feb  5 00:07:05 linaro-alip kernel: [    3.772766] Freeing init memory: 220K
Feb  5 00:07:05 linaro-alip kernel: [    3.821258] usb 1-2.1: skipped 1 descriptor after interface
