Mar 11 13:53:16 vader-rover kernel: imklog 5.8.6, log source = /proc/kmsg started.
Mar 11 13:53:16 vader-rover kernel: [    0.000000] Booting Linux on physical CPU 0
Mar 11 13:53:16 vader-rover kernel: [    0.000000] Initializing cgroup subsys cpuset
Mar 11 13:53:16 vader-rover kernel: [    0.000000] Initializing cgroup subsys cpu
Mar 11 13:53:16 vader-rover kernel: [    0.000000] Linux version 3.5.0-2-linaro-omap (adam@pine) (gcc version 4.6.3 (Ubuntu/Linaro 4.6.3-1ubuntu5) ) #2~ci+121210190143 PREEMPT Mon Dec 10 11:03:27 PST 2012
Mar 11 13:53:16 vader-rover kernel: [    0.000000] CPU: ARMv7 Processor [413fc082] revision 2 (ARMv7), cr=10c53c7d
Mar 11 13:53:16 vader-rover kernel: [    0.000000] CPU: PIPT / VIPT nonaliasing data cache, VIPT aliasing instruction cache
Mar 11 13:53:16 vader-rover kernel: [    0.000000] Machine: Gumstix Overo
Mar 11 13:53:16 vader-rover kernel: [    0.000000] Reserving 12582912 bytes SDRAM for VRAM
Mar 11 13:53:16 vader-rover kernel: [    0.000000] Memory policy: ECC disabled, Data cache writeback
Mar 11 13:53:16 vader-rover kernel: [    0.000000] On node 0 totalpages: 127744
Mar 11 13:53:16 vader-rover kernel: [    0.000000] free_area_init_node: node 0, pgdat c070b85c, node_mem_map c07a7000
Mar 11 13:53:16 vader-rover kernel: [    0.000000]   Normal zone: 1024 pages used for memmap
Mar 11 13:53:16 vader-rover kernel: [    0.000000]   Normal zone: 0 pages reserved
Mar 11 13:53:16 vader-rover kernel: [    0.000000]   Normal zone: 126720 pages, LIFO batch:31
Mar 11 13:53:16 vader-rover kernel: [    0.000000] OMAP3630 ES1.2 (l2cache iva sgx neon isp 192mhz_clk )
Mar 11 13:53:16 vader-rover kernel: [    0.000000] Clocking rate (Crystal/Core/MPU): 26.0/332/600 MHz
Mar 11 13:53:16 vader-rover kernel: [    0.000000] pcpu-alloc: s0 r0 d32768 u32768 alloc=1*32768
Mar 11 13:53:16 vader-rover kernel: [    0.000000] pcpu-alloc: [0] 0 
Mar 11 13:53:16 vader-rover kernel: [    0.000000] Built 1 zonelists in Zone order, mobility grouping on.  Total pages: 126720
Mar 11 13:53:16 vader-rover kernel: [    0.000000] Kernel command line: console=tty0 console=ttyO2,115200n8 root=/dev/mmcblk0p2 rootwait ro earlyprintk mpurate=720 vram=12M omapdss.def_disp=dvi omapfb.mode=dvi:1024x768MR-16@60
Mar 11 13:53:16 vader-rover kernel: [    0.000000] PID hash table entries: 2048 (order: 1, 8192 bytes)
Mar 11 13:53:16 vader-rover kernel: [    0.000000] Dentry cache hash table entries: 65536 (order: 6, 262144 bytes)
Mar 11 13:53:16 vader-rover kernel: [    0.000000] Inode-cache hash table entries: 32768 (order: 5, 131072 bytes)
Mar 11 13:53:16 vader-rover kernel: [    0.000000] allocated 1048576 bytes of page_cgroup
Mar 11 13:53:16 vader-rover kernel: [    0.000000] please try 'cgroup_disable=memory' option if you don't want memory cgroups
Mar 11 13:53:16 vader-rover kernel: [    0.000000] Memory: 499MB = 499MB total
Mar 11 13:53:16 vader-rover kernel: [    0.000000] Memory: 495744k/495744k available, 28544k reserved, 0K highmem
Mar 11 13:53:16 vader-rover kernel: [    0.000000] Virtual kernel memory layout:
Mar 11 13:53:16 vader-rover kernel: [    0.000000]     vector  : 0xffff0000 - 0xffff1000   (   4 kB)
Mar 11 13:53:16 vader-rover kernel: [    0.000000]     fixmap  : 0xfff00000 - 0xfffe0000   ( 896 kB)
Mar 11 13:53:16 vader-rover kernel: [    0.000000]     vmalloc : 0xe0800000 - 0xff000000   ( 488 MB)
Mar 11 13:53:16 vader-rover kernel: [    0.000000]     lowmem  : 0xc0000000 - 0xe0000000   ( 512 MB)
Mar 11 13:53:16 vader-rover kernel: [    0.000000]     pkmap   : 0xbfe00000 - 0xc0000000   (   2 MB)
Mar 11 13:53:16 vader-rover kernel: [    0.000000]     modules : 0xbf000000 - 0xbfe00000   (  14 MB)
Mar 11 13:53:16 vader-rover kernel: [    0.000000]       .text : 0xc0008000 - 0xc067abfc   (6603 kB)
Mar 11 13:53:16 vader-rover kernel: [    0.000000]       .init : 0xc067b000 - 0xc06b2000   ( 220 kB)
Mar 11 13:53:16 vader-rover kernel: [    0.000000]       .data : 0xc06b2000 - 0xc071b268   ( 421 kB)
Mar 11 13:53:16 vader-rover kernel: [    0.000000]        .bss : 0xc071b28c - 0xc07a6020   ( 556 kB)
Mar 11 13:53:16 vader-rover kernel: [    0.000000] NR_IRQS:474
Mar 11 13:53:16 vader-rover kernel: [    0.000000] IRQ: Found an INTC at 0xfa200000 (revision 4.0) with 96 interrupts
Mar 11 13:53:16 vader-rover kernel: [    0.000000] Total of 96 interrupts on 1 active controller
Mar 11 13:53:16 vader-rover kernel: [    0.000000] OMAP clockevent source: GPTIMER1 at 32768 Hz
Mar 11 13:53:16 vader-rover kernel: [    0.000000] sched_clock: 32 bits at 32kHz, resolution 30517ns, wraps every 131071999ms
Mar 11 13:53:16 vader-rover kernel: [    0.000000] OMAP clocksource: 32k_counter at 32768 Hz
Mar 11 13:53:16 vader-rover kernel: [    0.000000] Console: colour dummy device 80x30
Mar 11 13:53:16 vader-rover kernel: [    0.000000] console [tty0] enabled
Mar 11 13:53:16 vader-rover kernel: [    0.001007] Calibrating delay loop... 597.64 BogoMIPS (lpj=2334720)
Mar 11 13:53:16 vader-rover kernel: [    0.039093] pid_max: default: 32768 minimum: 301
Mar 11 13:53:16 vader-rover kernel: [    0.039276] Security Framework initialized
Mar 11 13:53:16 vader-rover kernel: [    0.039428] Mount-cache hash table entries: 512
Mar 11 13:53:16 vader-rover kernel: [    0.040222] Initializing cgroup subsys debug
Mar 11 13:53:16 vader-rover kernel: [    0.040283] Initializing cgroup subsys cpuacct
Mar 11 13:53:16 vader-rover kernel: [    0.040313] Initializing cgroup subsys memory
Mar 11 13:53:16 vader-rover kernel: [    0.040374] Initializing cgroup subsys devices
Mar 11 13:53:16 vader-rover kernel: [    0.040405] Initializing cgroup subsys freezer
Mar 11 13:53:16 vader-rover kernel: [    0.040405] Initializing cgroup subsys perf_event
Mar 11 13:53:16 vader-rover kernel: [    0.040557] CPU: Testing write buffer coherency: ok
Mar 11 13:53:16 vader-rover kernel: [    0.040893] Setting up static identity map for 0x8046ea98 - 0x8046eaf0
Mar 11 13:53:16 vader-rover kernel: [    0.046051] devtmpfs: initialized
Mar 11 13:53:16 vader-rover kernel: [    0.050872] dummy: 
Mar 11 13:53:16 vader-rover kernel: [    0.051269] NET: Registered protocol family 16
Mar 11 13:53:16 vader-rover kernel: [    0.051727] GPMC revision 5.0
Mar 11 13:53:16 vader-rover kernel: [    0.051788] gpmc: irq-20 could not claim: err -22
Mar 11 13:53:16 vader-rover kernel: [    0.053466] gpiochip_add: registered GPIOs 0 to 31 on device: gpio
Mar 11 13:53:16 vader-rover kernel: [    0.053558] OMAP GPIO hardware version 2.5
Mar 11 13:53:16 vader-rover kernel: [    0.053802] gpiochip_add: registered GPIOs 32 to 63 on device: gpio
Mar 11 13:53:16 vader-rover kernel: [    0.054077] gpiochip_add: registered GPIOs 64 to 95 on device: gpio
Mar 11 13:53:16 vader-rover kernel: [    0.054382] gpiochip_add: registered GPIOs 96 to 127 on device: gpio
Mar 11 13:53:16 vader-rover kernel: [    0.054656] gpiochip_add: registered GPIOs 128 to 159 on device: gpio
Mar 11 13:53:16 vader-rover kernel: [    0.055053] gpiochip_add: registered GPIOs 160 to 191 on device: gpio
Mar 11 13:53:16 vader-rover kernel: [    0.055999] omap_mux_init: Add partition: #1: core, flags: 0
Mar 11 13:53:16 vader-rover kernel: [    0.061004] _omap_mux_get_by_name: Could not find signal uart4_rx.uart4_rx
Mar 11 13:53:16 vader-rover kernel: [    0.066864] Reprogramming SDRC clock to 332000000 Hz
Mar 11 13:53:16 vader-rover kernel: [    0.066925] dpll3_m2_clk rate change failed: -22
Mar 11 13:53:16 vader-rover kernel: [    0.066925] Found NAND on CS0
Mar 11 13:53:16 vader-rover kernel: [    0.066955] Registering NAND on CS0
Mar 11 13:53:16 vader-rover kernel: [    0.068145]  usbhs_omap: alias fck already exists
Mar 11 13:53:16 vader-rover kernel: [    0.075653] hw-breakpoint: debug architecture 0x4 unsupported.
Mar 11 13:53:16 vader-rover kernel: [    0.078735]  omap-mcbsp.2: alias fck already exists
Mar 11 13:53:16 vader-rover kernel: [    0.078948]  omap-mcbsp.3: alias fck already exists
Mar 11 13:53:16 vader-rover kernel: [    0.080017] Switched to new clocking rate (Crystal/Core/MPU): 26.0/332/720 MHz
Mar 11 13:53:16 vader-rover kernel: [    0.080261] OMAP DMA hardware revision 5.0
Mar 11 13:53:16 vader-rover kernel: [    0.087280] bio: create slab <bio-0> at 0
Mar 11 13:53:16 vader-rover kernel: [    0.087982] fixed-dummy: 
Mar 11 13:53:16 vader-rover kernel: [    0.088073] reg-fixed-voltage reg-fixed-voltage.0: fixed-dummy supplying 0uV
Mar 11 13:53:16 vader-rover kernel: [    0.088256] vads7846: override min_uV, 1 -> 3300000
Mar 11 13:53:16 vader-rover kernel: [    0.088256] vads7846: override max_uV, 2147483647 -> 3300000
Mar 11 13:53:16 vader-rover kernel: [    0.088256] vads7846: 3300 mV 
Mar 11 13:53:16 vader-rover kernel: [    0.088378] reg-fixed-voltage reg-fixed-voltage.1: vads7846 supplying 3300000uV
Mar 11 13:53:16 vader-rover kernel: [    0.088989] SCSI subsystem initialized
Mar 11 13:53:16 vader-rover kernel: [    0.089263] usbcore: registered new interface driver usbfs
Mar 11 13:53:16 vader-rover kernel: [    0.089416] usbcore: registered new interface driver hub
Mar 11 13:53:16 vader-rover kernel: [    0.089630] usbcore: registered new device driver usb
Mar 11 13:53:16 vader-rover kernel: [    0.090057] omap_i2c omap_i2c.1: bus 1 rev1.4.0 at 2600 kHz
Mar 11 13:53:16 vader-rover kernel: [    0.092590] twl 1-0048: PIH (irq 7) chaining IRQs 320..328
Mar 11 13:53:16 vader-rover kernel: [    0.092712] twl 1-0048: power (irq 325) chaining IRQs 328..335
Mar 11 13:53:16 vader-rover kernel: [    0.093292] twl4030_gpio twl4030_gpio: gpio (irq 320) chaining IRQs 336..353
Mar 11 13:53:16 vader-rover kernel: [    0.093627] gpiochip_add: registered GPIOs 192 to 211 on device: twl4030
Mar 11 13:53:16 vader-rover kernel: [    0.094360] VUSB1V5: override min_uV, 1 -> 1500000
Mar 11 13:53:16 vader-rover kernel: [    0.094360] VUSB1V5: override max_uV, 2147483647 -> 1500000
Mar 11 13:53:16 vader-rover kernel: [    0.094390] VUSB1V5: 1500 mV normal standby
Mar 11 13:53:16 vader-rover kernel: [    0.094848] VUSB1V8: override min_uV, 1 -> 1800000
Mar 11 13:53:16 vader-rover kernel: [    0.094848] VUSB1V8: override max_uV, 2147483647 -> 1800000
Mar 11 13:53:16 vader-rover kernel: [    0.094848] VUSB1V8: 1800 mV normal standby
Mar 11 13:53:16 vader-rover kernel: [    0.095245] VUSB3V1: override min_uV, 1 -> 3100000
Mar 11 13:53:16 vader-rover kernel: [    0.095275] VUSB3V1: override max_uV, 2147483647 -> 3100000
Mar 11 13:53:16 vader-rover kernel: [    0.095275] VUSB3V1: 3100 mV normal standby
Mar 11 13:53:16 vader-rover kernel: [    0.096740] twl4030_usb twl4030_usb: HW_CONDITIONS 0x10/16; link 0
Mar 11 13:53:16 vader-rover kernel: [    0.096954] twl4030_usb twl4030_usb: Initialized TWL4030 USB module
Mar 11 13:53:16 vader-rover kernel: [    0.097442] vdd_mpu_iva: 600 <--> 1450 mV normal 
Mar 11 13:53:16 vader-rover kernel: [    0.097839] vdd_core: 600 <--> 1450 mV normal 
Mar 11 13:53:16 vader-rover kernel: [    0.098327] VMMC1: 1850 <--> 3150 mV at 3000 mV normal standby
Mar 11 13:53:16 vader-rover kernel: [    0.098846] VDAC: 1800 mV normal standby
Mar 11 13:53:16 vader-rover kernel: [    0.099334] VDVI: 1800 mV normal standby
Mar 11 13:53:16 vader-rover kernel: [    0.099792] omap_i2c omap_i2c.3: bus 3 rev1.4.0 at 400 kHz
Mar 11 13:53:16 vader-rover kernel: [    0.100524] omap-iommu omap-iommu.0: isp registered
Mar 11 13:53:16 vader-rover kernel: [    0.100708] Advanced Linux Sound Architecture Driver Version 1.0.25.
Mar 11 13:53:16 vader-rover kernel: [    0.101593] Switching to clocksource 32k_counter
Mar 11 13:53:16 vader-rover kernel: [    0.126098] usbhs_omap usbhs_omap: xclk60mhsp2_ck set parentfailed error:-22
Mar 11 13:53:16 vader-rover kernel: [    0.126892] NET: Registered protocol family 2
Mar 11 13:53:16 vader-rover kernel: [    0.127197] IP route cache hash table entries: 4096 (order: 2, 16384 bytes)
Mar 11 13:53:16 vader-rover kernel: [    0.127716] TCP established hash table entries: 16384 (order: 5, 131072 bytes)
Mar 11 13:53:16 vader-rover kernel: [    0.128051] TCP bind hash table entries: 16384 (order: 4, 65536 bytes)
Mar 11 13:53:16 vader-rover kernel: [    0.128234] TCP: Hash tables configured (established 16384 bind 16384)
Mar 11 13:53:16 vader-rover kernel: [    0.128265] TCP: reno registered
Mar 11 13:53:16 vader-rover kernel: [    0.128295] UDP hash table entries: 256 (order: 0, 4096 bytes)
Mar 11 13:53:16 vader-rover kernel: [    0.128326] UDP-Lite hash table entries: 256 (order: 0, 4096 bytes)
Mar 11 13:53:16 vader-rover kernel: [    0.128631] NET: Registered protocol family 1
Mar 11 13:53:16 vader-rover kernel: [    0.129150] RPC: Registered named UNIX socket transport module.
Mar 11 13:53:16 vader-rover kernel: [    0.129180] RPC: Registered udp transport module.
Mar 11 13:53:16 vader-rover kernel: [    0.129211] RPC: Registered tcp transport module.
Mar 11 13:53:16 vader-rover kernel: [    0.129211] RPC: Registered tcp NFSv4.1 backchannel transport module.
Mar 11 13:53:16 vader-rover kernel: [    0.129486] Trying to unpack rootfs image as initramfs...
Mar 11 13:53:16 vader-rover kernel: [    0.279022] Freeing initrd memory: 1828K
Mar 11 13:53:16 vader-rover kernel: [    0.281372] audit: initializing netlink socket (disabled)
Mar 11 13:53:16 vader-rover kernel: [    0.281555] type=2000 audit(0.281:1): initialized
Mar 11 13:53:16 vader-rover kernel: [    0.282928] VFS: Disk quotas dquot_6.5.2
Mar 11 13:53:16 vader-rover kernel: [    0.283050] Dquot-cache hash table entries: 1024 (order 0, 4096 bytes)
Mar 11 13:53:16 vader-rover kernel: [    0.283416] NFS: Registering the id_resolver key type
Mar 11 13:53:16 vader-rover kernel: [    0.283508] Key type id_resolver registered
Mar 11 13:53:16 vader-rover kernel: [    0.283966] jffs2: version 2.2. (NAND) (SUMMARY)  Â© 2001-2006 Red Hat, Inc.
Mar 11 13:53:16 vader-rover kernel: [    0.284606] fuse init (API version 7.19)
Mar 11 13:53:16 vader-rover kernel: [    0.285095] msgmni has been set to 971
Mar 11 13:53:16 vader-rover kernel: [    0.286773] Block layer SCSI generic (bsg) driver version 0.4 loaded (major 253)
Mar 11 13:53:16 vader-rover kernel: [    0.286804] io scheduler noop registered
Mar 11 13:53:16 vader-rover kernel: [    0.286834] io scheduler deadline registered (default)
Mar 11 13:53:16 vader-rover kernel: [    0.287597] OMAP DSS rev 2.0
Mar 11 13:53:16 vader-rover kernel: [    0.290771] omap_uart.0: ttyO0 at MMIO 0x4806a000 (irq = 72) is a OMAP UART0
Mar 11 13:53:16 vader-rover kernel: [    0.291259] omap_uart.1: ttyO1 at MMIO 0x4806c000 (irq = 73) is a OMAP UART1
Mar 11 13:53:16 vader-rover kernel: [    0.291656] omap_uart.2: ttyO2 at MMIO 0x49020000 (irq = 74) is a OMAP UART2
Mar 11 13:53:16 vader-rover kernel: [    0.992462] console [ttyO2] enabled
Mar 11 13:53:16 vader-rover kernel: [    0.996520] omap_uart.3: ttyO3 at MMIO 0x49042000 (irq = 80) is a OMAP UART3
Mar 11 13:53:16 vader-rover kernel: [    1.011474] brd: module loaded
Mar 11 13:53:16 vader-rover kernel: [    1.018554] loop: module loaded
Mar 11 13:53:16 vader-rover kernel: [    1.023925] twl4030_madc twl4030_madc: clk disabled, enabling
Mar 11 13:53:16 vader-rover kernel: [    1.031921] NAND device: Manufacturer ID: 0x2c, Chip ID: 0xbc (Micron NAND 512MiB 1,8V 16-bit), page size: 2048, OOB size: 64
Mar 11 13:53:16 vader-rover kernel: [    1.056701] Creating 5 MTD partitions on "omap2-nand.0":
Mar 11 13:53:16 vader-rover kernel: [    1.062316] 0x000000000000-0x000000080000 : "xloader"
Mar 11 13:53:16 vader-rover kernel: [    1.069213] 0x000000080000-0x000000240000 : "uboot"
Mar 11 13:53:16 vader-rover kernel: [    1.076568] 0x000000240000-0x000000280000 : "uboot environment"
Mar 11 13:53:16 vader-rover kernel: [    1.083953] 0x000000280000-0x000000680000 : "linux"
Mar 11 13:53:16 vader-rover kernel: [    1.092803] 0x000000680000-0x000020000000 : "rootfs"
Mar 11 13:53:16 vader-rover kernel: [    1.451385] smsc911x: Driver version 2008-10-21
Mar 11 13:53:16 vader-rover kernel: [    1.456634] smsc911x: Driver version 2008-10-21
Mar 11 13:53:16 vader-rover kernel: [    1.461853] usbcore: registered new interface driver asix
Mar 11 13:53:16 vader-rover kernel: [    1.467590] usbcore: registered new interface driver cdc_ether
Mar 11 13:53:16 vader-rover kernel: [    1.473846] usbcore: registered new interface driver cdc_ncm
Mar 11 13:53:16 vader-rover kernel: [    1.480133] ehci_hcd: USB 2.0 'Enhanced' Host Controller (EHCI) Driver
Mar 11 13:53:16 vader-rover kernel: [    1.487030] ehci_hcd: block sizes: qh 64 qtd 96 itd 160 sitd 96
Mar 11 13:53:16 vader-rover kernel: [    1.487182] ehci-omap ehci-omap.0: failed to get ehci port1 regulator
Mar 11 13:53:16 vader-rover kernel: [    2.492401] ehci-omap ehci-omap.0: phy reset operation timed out
Mar 11 13:53:16 vader-rover kernel: [    2.492431] ehci-omap ehci-omap.0: reset hcs_params 0x1313 dbg=0 cc=1 pcc=3 ordered ports=3
Mar 11 13:53:16 vader-rover kernel: [    2.492431] ehci-omap ehci-omap.0: reset hcc_params 0016 thresh 1 uframes 256/512/1024 park
Mar 11 13:53:16 vader-rover kernel: [    2.492462] ehci-omap ehci-omap.0: reset command 0080b02  park=3 ithresh=8 period=1024 Reset HALT
Mar 11 13:53:16 vader-rover kernel: [    2.492492] ehci-omap ehci-omap.0: OMAP-EHCI Host Controller
Mar 11 13:53:16 vader-rover kernel: [    2.498748] ehci-omap ehci-omap.0: new USB bus registered, assigned bus number 1
Mar 11 13:53:16 vader-rover kernel: [    2.506622] ehci-omap ehci-omap.0: park 0
Mar 11 13:53:16 vader-rover kernel: [    2.506683] ehci-omap ehci-omap.0: irq 77, io mem 0x48064800
Mar 11 13:53:16 vader-rover kernel: [    2.512664] ehci-omap ehci-omap.0: init command 0010005 (park)=0 ithresh=1 period=512 RUN
Mar 11 13:53:16 vader-rover kernel: [    2.523712] ehci-omap ehci-omap.0: USB 2.0 started, EHCI 1.00
Mar 11 13:53:16 vader-rover kernel: [    2.529876] usb usb1: default language 0x0409
Mar 11 13:53:16 vader-rover kernel: [    2.529937] usb usb1: udev 1, busnum 1, minor = 0
Mar 11 13:53:16 vader-rover kernel: [    2.529937] usb usb1: New USB device found, idVendor=1d6b, idProduct=0002
Mar 11 13:53:16 vader-rover kernel: [    2.537109] usb usb1: New USB device strings: Mfr=3, Product=2, SerialNumber=1
Mar 11 13:53:16 vader-rover kernel: [    2.544708] usb usb1: Product: OMAP-EHCI Host Controller
Mar 11 13:53:16 vader-rover kernel: [    2.550323] usb usb1: Manufacturer: Linux 3.5.0-2-linaro-omap ehci_hcd
Mar 11 13:53:16 vader-rover kernel: [    2.557189] usb usb1: SerialNumber: ehci-omap.0
Mar 11 13:53:16 vader-rover kernel: [    2.562438] usb usb1: usb_probe_device
Mar 11 13:53:16 vader-rover kernel: [    2.562469] usb usb1: configuration #1 chosen from 1 choice
Mar 11 13:53:16 vader-rover kernel: [    2.562530] usb usb1: adding 1-0:1.0 (config #1, interface 0)
Mar 11 13:53:16 vader-rover kernel: [    2.562652] hub 1-0:1.0: usb_probe_interface
Mar 11 13:53:16 vader-rover kernel: [    2.562683] hub 1-0:1.0: usb_probe_interface - got id
Mar 11 13:53:16 vader-rover kernel: [    2.562744] hub 1-0:1.0: USB hub found
Mar 11 13:53:16 vader-rover kernel: [    2.566711] hub 1-0:1.0: 3 ports detected
Mar 11 13:53:16 vader-rover kernel: [    2.570953] hub 1-0:1.0: standalone hub
Mar 11 13:53:16 vader-rover kernel: [    2.570953] hub 1-0:1.0: individual port power switching
Mar 11 13:53:16 vader-rover kernel: [    2.570953] hub 1-0:1.0: individual port over-current protection
Mar 11 13:53:16 vader-rover kernel: [    2.570983] hub 1-0:1.0: power on to power good time: 20ms
Mar 11 13:53:16 vader-rover kernel: [    2.571014] hub 1-0:1.0: local power source is good
Mar 11 13:53:16 vader-rover kernel: [    2.571014] hub 1-0:1.0: enabling power on all ports
Mar 11 13:53:16 vader-rover kernel: [    2.571319] ehci-omap ehci-omap.0: ...powerup ports...
Mar 11 13:53:16 vader-rover kernel: [    2.601989] Initializing USB Mass Storage driver...
Mar 11 13:53:16 vader-rover kernel: [    2.607299] usbcore: registered new interface driver usb-storage
Mar 11 13:53:16 vader-rover kernel: [    2.613647] USB Mass Storage support registered.
Mar 11 13:53:16 vader-rover kernel: [    2.618499] musb-hdrc: version 6.0, ?dma?, otg (peripheral+host)
Mar 11 13:53:16 vader-rover kernel: [    2.630462] twl4030_usb twl4030_usb: twl4030_phy_resume
Mar 11 13:53:16 vader-rover kernel: [    2.630706] musb-hdrc: ConfigData=0xde (UTMI-8, dyn FIFOs, bulk combine, bulk split, HB-ISO Rx, HB-ISO Tx, SoftConn)
Mar 11 13:53:16 vader-rover kernel: [    2.630737] musb-hdrc: MHDRC RTL version 1.800 
Mar 11 13:53:16 vader-rover kernel: [    2.630737] musb-hdrc: setup fifo_mode 4
Mar 11 13:53:16 vader-rover kernel: [    2.630767] musb-hdrc: 28/31 max ep, 16384/16384 memory
Mar 11 13:53:16 vader-rover kernel: [    2.631195] musb-hdrc musb-hdrc: USB OTG mode controller at fa0ab000 using DMA, IRQ 92
Mar 11 13:53:16 vader-rover kernel: [    2.641448] twl4030_usb twl4030_usb: twl4030_phy_suspend
Mar 11 13:53:16 vader-rover kernel: [    2.641937] mousedev: PS/2 mouse device common for all mice
Mar 11 13:53:16 vader-rover kernel: [    2.648498] twl_rtc twl_rtc: Enabling TWL-RTC
Mar 11 13:53:16 vader-rover kernel: [    2.655731] twl_rtc twl_rtc: rtc core: registered twl_rtc as rtc0
Mar 11 13:53:16 vader-rover kernel: [    2.662963] i2c /dev entries driver
Mar 11 13:53:16 vader-rover kernel: [    2.668060] voltdm_scale: No voltage scale API registered for vdd_mpu_iva
Mar 11 13:53:16 vader-rover kernel: [    2.675292] ehci-omap ehci-omap.0: GetStatus port:2 status 001803 0  ACK POWER sig=j CSC CONNECT
Mar 11 13:53:16 vader-rover kernel: [    2.675323] hub 1-0:1.0: port 2: status 0501 change 0001
Mar 11 13:53:16 vader-rover kernel: [    2.675354] platform mpu.0: omap_target: unable to scale voltage up.
Mar 11 13:53:16 vader-rover kernel: [    2.682067] cpuidle: using governor ladder
Mar 11 13:53:16 vader-rover kernel: [    2.686370] cpuidle: using governor menu
Mar 11 13:53:16 vader-rover kernel: [    2.691040] omap_hsmmc omap_hsmmc.0: Failed to get debounce clk
Mar 11 13:53:16 vader-rover kernel: [    2.773773] hub 1-0:1.0: state 7 ports 3 chg 0004 evt 0000
Mar 11 13:53:16 vader-rover kernel: [    2.773803] hub 1-0:1.0: port 2, status 0501, change 0000, 480 Mb/s
Mar 11 13:53:16 vader-rover kernel: [    2.836242] ehci-omap ehci-omap.0: port 2 reset complete, port enabled
Mar 11 13:53:16 vader-rover kernel: [    2.836273] ehci-omap ehci-omap.0: GetStatus port:2 status 001005 0  ACK POWER sig=se0 PE CONNECT
Mar 11 13:53:16 vader-rover kernel: [    2.898712] usb 1-2: new high-speed USB device number 2 using ehci-omap
Mar 11 13:53:16 vader-rover kernel: [    2.961242] ehci-omap ehci-omap.0: port 2 reset complete, port enabled
Mar 11 13:53:16 vader-rover kernel: [    2.961273] ehci-omap ehci-omap.0: GetStatus port:2 status 001005 0  ACK POWER sig=se0 PE CONNECT
Mar 11 13:53:16 vader-rover kernel: [    3.055328] usb 1-2: udev 2, busnum 1, minor = 1
Mar 11 13:53:16 vader-rover kernel: [    3.055358] usb 1-2: New USB device found, idVendor=0409, idProduct=005a
Mar 11 13:53:16 vader-rover kernel: [    3.062408] usb 1-2: New USB device strings: Mfr=0, Product=0, SerialNumber=0
Mar 11 13:53:16 vader-rover kernel: [    3.070281] usb 1-2: usb_probe_device
Mar 11 13:53:16 vader-rover kernel: [    3.070312] usb 1-2: configuration #1 chosen from 1 choice
Mar 11 13:53:16 vader-rover kernel: [    3.071075] omap_hsmmc omap_hsmmc.1: Failed to get debounce clk
Mar 11 13:53:16 vader-rover kernel: [    3.077575] usb 1-2: adding 1-2:1.0 (config #1, interface 0)
Mar 11 13:53:16 vader-rover kernel: [    3.077728] hub 1-2:1.0: usb_probe_interface
Mar 11 13:53:16 vader-rover kernel: [    3.077728] hub 1-2:1.0: usb_probe_interface - got id
Mar 11 13:53:16 vader-rover kernel: [    3.077758] hub 1-2:1.0: USB hub found
Mar 11 13:53:16 vader-rover kernel: [    3.082061] hub 1-2:1.0: 4 ports detected
Mar 11 13:53:16 vader-rover kernel: [    3.087188] hub 1-2:1.0: standalone hub
Mar 11 13:53:16 vader-rover kernel: [    3.087219] hub 1-2:1.0: individual port power switching
Mar 11 13:53:16 vader-rover kernel: [    3.087219] hub 1-2:1.0: individual port over-current protection
Mar 11 13:53:16 vader-rover kernel: [    3.087219] hub 1-2:1.0: Single TT
Mar 11 13:53:16 vader-rover kernel: [    3.087249] hub 1-2:1.0: TT requires at most 16 FS bit times (1332 ns)
Mar 11 13:53:16 vader-rover kernel: [    3.087249] hub 1-2:1.0: power on to power good time: 100ms
Mar 11 13:53:16 vader-rover kernel: [    3.089172] hub 1-2:1.0: local power source is good
Mar 11 13:53:16 vader-rover kernel: [    3.089202] hub 1-2:1.0: enabling power on all ports
Mar 11 13:53:16 vader-rover kernel: [    3.117950] Registered led device: overo:red:gpio21
Mar 11 13:53:16 vader-rover kernel: [    3.118072] Registered led device: overo:blue:gpio22
Mar 11 13:53:16 vader-rover kernel: [    3.118957] Registered led device: overo:blue:COM
Mar 11 13:53:16 vader-rover kernel: [    3.120422] usbcore: registered new interface driver usbhid
Mar 11 13:53:16 vader-rover kernel: [    3.126342] usbhid: USB HID core driver
Mar 11 13:53:16 vader-rover kernel: [    3.130981] usbcore: registered new interface driver snd-usb-audio
Mar 11 13:53:16 vader-rover kernel: [    3.138641] overo SoC init
Mar 11 13:53:16 vader-rover kernel: [    3.141693] soc-audio soc-audio: ASoC machine overo should use snd_soc_register_card()
Mar 11 13:53:16 vader-rover kernel: [    3.188079] hub 1-2:1.0: port 2: status 0101 change 0001
Mar 11 13:53:16 vader-rover kernel: [    3.188293] hub 1-2:1.0: port 3: status 0101 change 0001
Mar 11 13:53:16 vader-rover kernel: [    3.188568] hub 1-2:1.0: port 4: status 0101 change 0001
Mar 11 13:53:16 vader-rover kernel: [    3.232849] twl4030-codec twl4030-codec: ASoC: Failed to create Capture debugfs file
Mar 11 13:53:16 vader-rover kernel: [    3.244293] asoc: twl4030-hifi <-> omap-mcbsp.2 mapping ok
Mar 11 13:53:16 vader-rover kernel: [    3.253845] oprofile: hardware counters not available
Mar 11 13:53:16 vader-rover kernel: [    3.259216] oprofile: using timer interrupt.
Mar 11 13:53:16 vader-rover kernel: [    3.264129] TCP: cubic registered
Mar 11 13:53:16 vader-rover kernel: [    3.267791] NET: Registered protocol family 17
Mar 11 13:53:16 vader-rover kernel: [    3.272674] NET: Registered protocol family 15
Mar 11 13:53:16 vader-rover kernel: [    3.277618] Key type dns_resolver registered
Mar 11 13:53:16 vader-rover kernel: [    3.282348] VFP support v0.3: implementor 41 architecture 3 part 30 variant c rev 3
Mar 11 13:53:16 vader-rover kernel: [    3.290527] usb 1-2: link qh256-0001/de6c6b00 start 1 [1/0 us]
Mar 11 13:53:16 vader-rover kernel: [    3.290557] hub 1-2:1.0: state 7 ports 4 chg 001c evt 0000
Mar 11 13:53:16 vader-rover kernel: [    3.290863] hub 1-2:1.0: port 2, status 0101, change 0000, 12 Mb/s
Mar 11 13:53:16 vader-rover kernel: [    3.295257] ThumbEE CPU extension supported.
Mar 11 13:53:16 vader-rover kernel: [    3.299957] sr_init: No PMIC hook to init smartreflex
Mar 11 13:53:16 vader-rover kernel: [    3.305847] smartreflex smartreflex.0: omap_sr_probe: SmartReflex driver initialized
Mar 11 13:53:16 vader-rover kernel: [    3.314361] smartreflex smartreflex.1: omap_sr_probe: SmartReflex driver initialized
Mar 11 13:53:16 vader-rover kernel: [    3.329711] clock: disabling unused clocks to save power
Mar 11 13:53:16 vader-rover kernel: [    3.336303] registered taskstats version 1
Mar 11 13:53:16 vader-rover kernel: [    3.341430] fbcvt: 1024x768@60: CVT Name - .786M3-R
Mar 11 13:53:16 vader-rover kernel: [    3.365905] Console: switching to colour frame buffer device 128x48
Mar 11 13:53:16 vader-rover kernel: [    3.380859] usb 1-2.2: new high-speed USB device number 3 using ehci-omap
Mar 11 13:53:16 vader-rover kernel: [    3.391326] VDAC: incomplete constraints, leaving on
Mar 11 13:53:16 vader-rover kernel: [    3.399169] twl_rtc twl_rtc: setting system clock to 2014-03-11 17:53:06 UTC (1394560386)
Mar 11 13:53:16 vader-rover kernel: [    3.408203] ALSA device list:
Mar 11 13:53:16 vader-rover kernel: [    3.411529]   #0: overo
Mar 11 13:53:16 vader-rover kernel: [    3.415039] Freeing init memory: 220K
Mar 11 13:53:16 vader-rover kernel: [    3.513214] mmc0: host does not support reading read-only switch. assuming write-enable.
Mar 11 13:53:16 vader-rover kernel: [    3.522155] usb 1-2.2: default language 0x0409
Mar 11 13:53:16 vader-rover kernel: [    3.525634] usb 1-2.2: udev 3, busnum 1, minor = 2
Mar 11 13:53:16 vader-rover kernel: [    3.525665] usb 1-2.2: New USB device found, idVendor=1e10, idProduct=2004
Mar 11 13:53:16 vader-rover kernel: [    3.537322] usb 1-2.2: New USB device strings: Mfr=1, Product=2, SerialNumber=3
Mar 11 13:53:16 vader-rover kernel: [    3.545562] mmc0: new high speed SDXC card at address 59b4
Mar 11 13:53:16 vader-rover kernel: [    3.558624] mmcblk0: mmc0:59b4       59.6 GiB 
Mar 11 13:53:16 vader-rover kernel: [    3.567474] usb 1-2.2: Product: USB 2.0 Digital Imaging Camera
Mar 11 13:53:16 vader-rover kernel: [    3.577117]  mmcblk0: p1 p2
Mar 11 13:53:16 vader-rover kernel: [    3.586364] usb 1-2.2: Manufacturer: Point Grey Research
Mar 11 13:53:16 vader-rover kernel: [    3.601928] usb 1-2.2: SerialNumber: 00CAABB3
Mar 11 13:53:16 vader-rover kernel: [    3.608459] usb 1-2.2: usb_probe_device
Mar 11 13:53:16 vader-rover kernel: [    3.608489] usb 1-2.2: configuration #1 chosen from 1 choice
Mar 11 13:53:16 vader-rover kernel: [    3.608978] usb 1-2.2: adding 1-2.2:1.0 (config #1, interface 0)
Mar 11 13:53:16 vader-rover kernel: [    3.610534] hub 1-2:1.0: port 3, status 0101, change 0000, 12 Mb/s
Mar 11 13:53:16 vader-rover kernel: [    3.633117] mmc1: new SDIO card at address 0001
Mar 11 13:53:16 vader-rover kernel: [    3.695983] usb 1-2.3: new high-speed USB device number 4 using ehci-omap
Mar 11 13:53:16 vader-rover kernel: [    3.864898] usb 1-2.3: default language 0x0409
Mar 11 13:53:16 vader-rover kernel: [    3.873779] usb 1-2.3: udev 4, busnum 1, minor = 3
Mar 11 13:53:16 vader-rover kernel: [    3.873809] usb 1-2.3: New USB device found, idVendor=1e10, idProduct=2004
Mar 11 13:53:16 vader-rover kernel: [    3.912322] usb 1-2.3: New USB device strings: Mfr=1, Product=2, SerialNumber=3
Mar 11 13:53:16 vader-rover kernel: [    3.943481] usb 1-2.3: Product: USB 2.0 Digital Imaging Camera
Mar 11 13:53:16 vader-rover kernel: [    3.966644] usb 1-2.3: Manufacturer: Point Grey Research
Mar 11 13:53:16 vader-rover kernel: [    3.984741] usb 1-2.3: SerialNumber: 00BB1D77
Mar 11 13:53:16 vader-rover kernel: [    4.000854] usb 1-2.3: usb_probe_device
Mar 11 13:53:16 vader-rover kernel: [    4.000885] usb 1-2.3: configuration #1 chosen from 1 choice
Mar 11 13:53:16 vader-rover kernel: [    4.001373] usb 1-2.3: adding 1-2.3:1.0 (config #1, interface 0)
Mar 11 13:53:16 vader-rover kernel: [    4.005126] hub 1-2:1.0: port 4, status 0101, change 0000, 12 Mb/s
Mar 11 13:53:16 vader-rover kernel: [    4.086608] usb 1-2.4: new high-speed USB device number 5 using ehci-omap
Mar 11 13:53:16 vader-rover kernel: [    4.227691] usb 1-2.4: udev 5, busnum 1, minor = 4
Mar 11 13:53:16 vader-rover kernel: [    4.227722] usb 1-2.4: New USB device found, idVendor=0409, idProduct=005a
Mar 11 13:53:16 vader-rover kernel: [    4.251708] usb 1-2.4: New USB device strings: Mfr=0, Product=0, SerialNumber=0
Mar 11 13:53:16 vader-rover kernel: [    4.279083] usb 1-2.4: usb_probe_device
Mar 11 13:53:16 vader-rover kernel: [    4.279113] usb 1-2.4: configuration #1 chosen from 1 choice
Mar 11 13:53:16 vader-rover kernel: [    4.279479] usb 1-2.4: adding 1-2.4:1.0 (config #1, interface 0)
Mar 11 13:53:16 vader-rover kernel: [    4.279663] hub 1-2.4:1.0: usb_probe_interface
Mar 11 13:53:16 vader-rover kernel: [    4.279663] hub 1-2.4:1.0: usb_probe_interface - got id
Mar 11 13:53:16 vader-rover kernel: [    4.279693] hub 1-2.4:1.0: USB hub found
Mar 11 13:53:16 vader-rover kernel: [    4.297729] hub 1-2.4:1.0: 4 ports detected
Mar 11 13:53:16 vader-rover kernel: [    4.316375] hub 1-2.4:1.0: standalone hub
Mar 11 13:53:16 vader-rover kernel: [    4.316375] hub 1-2.4:1.0: individual port power switching
Mar 11 13:53:16 vader-rover kernel: [    4.316406] hub 1-2.4:1.0: individual port over-current protection
Mar 11 13:53:16 vader-rover kernel: [    4.316406] hub 1-2.4:1.0: Single TT
Mar 11 13:53:16 vader-rover kernel: [    4.316436] hub 1-2.4:1.0: TT requires at most 16 FS bit times (1332 ns)
Mar 11 13:53:16 vader-rover kernel: [    4.316436] hub 1-2.4:1.0: power on to power good time: 100ms
Mar 11 13:53:16 vader-rover kernel: [    4.317565] hub 1-2.4:1.0: local power source is good
Mar 11 13:53:16 vader-rover kernel: [    4.317596] hub 1-2.4:1.0: enabling power on all ports
Mar 11 13:53:16 vader-rover kernel: [    4.319152] hub 1-2:1.0: state 7 ports 4 chg 0000 evt 0010
Mar 11 13:53:16 vader-rover kernel: [    4.415161] usb 1-2.4: link qh256-0001/de785c40 start 2 [1/0 us]
Mar 11 13:53:16 vader-rover kernel: [    4.415283] hub 1-2.4:1.0: state 7 ports 4 chg 0000 evt 0000
Mar 11 13:53:16 vader-rover kernel: [    6.200683] end_request: I/O error, dev mtdblock0, sector 0
Mar 11 13:53:16 vader-rover kernel: [    6.210327] Buffer I/O error on device mtdblock0, logical block 0
Mar 11 13:53:16 vader-rover kernel: [    6.326293] end_request: I/O error, dev mtdblock0, sector 0
Mar 11 13:53:16 vader-rover kernel: [    6.335998] Buffer I/O error on device mtdblock0, logical block 0
Mar 11 13:53:16 vader-rover kernel: [    6.414459] end_request: I/O error, dev mtdblock0, sector 0
Mar 11 13:53:16 vader-rover kernel: [    6.424255] Buffer I/O error on device mtdblock0, logical block 0
Mar 11 13:53:16 vader-rover kernel: [    6.498260] end_request: I/O error, dev mtdblock0, sector 0
Mar 11 13:53:16 vader-rover kernel: [    6.508056] Buffer I/O error on device mtdblock0, logical block 0
Mar 11 13:53:16 vader-rover kernel: [    6.611541] end_request: I/O error, dev mtdblock0, sector 0
Mar 11 13:53:16 vader-rover kernel: [    6.621307] Buffer I/O error on device mtdblock0, logical block 0
Mar 11 13:53:16 vader-rover kernel: [    6.708740] end_request: I/O error, dev mtdblock0, sector 0
Mar 11 13:53:16 vader-rover kernel: [    6.718566] Buffer I/O error on device mtdblock0, logical block 0
Mar 11 13:53:16 vader-rover kernel: [    6.770477] end_request: I/O error, dev mtdblock0, sector 0
Mar 11 13:53:16 vader-rover kernel: [    6.780242] Buffer I/O error on device mtdblock0, logical block 0
Mar 11 13:53:16 vader-rover kernel: [    6.827972] end_request: I/O error, dev mtdblock0, sector 0
Mar 11 13:53:16 vader-rover kernel: [    6.837677] Buffer I/O error on device mtdblock0, logical block 0
Mar 11 13:53:16 vader-rover kernel: [    6.891876] end_request: I/O error, dev mtdblock0, sector 0
Mar 11 13:53:16 vader-rover kernel: [    6.901641] Buffer I/O error on device mtdblock0, logical block 0
Mar 11 13:53:16 vader-rover kernel: [    6.948059] end_request: I/O error, dev mtdblock0, sector 0
Mar 11 13:53:16 vader-rover kernel: [    6.957794] Buffer I/O error on device mtdblock0, logical block 0
Mar 11 13:53:16 vader-rover kernel: [    7.007110] end_request: I/O error, dev mtdblock0, sector 0
Mar 11 13:53:16 vader-rover kernel: [    7.017272] hub 1-2.4:1.0: hub_suspend
Mar 11 13:53:16 vader-rover kernel: [    7.017303] usb 1-2.4: unlink qh256-0001/de785c40 start 2 [1/0 us]
Mar 11 13:53:16 vader-rover kernel: [    7.017639] usb 1-2.4: usb auto-suspend, wakeup 1
Mar 11 13:53:16 vader-rover kernel: [    7.033813] end_request: I/O error, dev mtdblock0, sector 0
Mar 11 13:53:16 vader-rover kernel: [    7.057128] ads7846 spi1.0: touchscreen, irq 210
Mar 11 13:53:16 vader-rover kernel: [    7.057373] ads7846 spi1.0: no device detected, test read result was 0x00000FFF
Mar 11 13:53:16 vader-rover kernel: [    7.062133] end_request: I/O error, dev mtdblock0, sector 0
Mar 11 13:53:16 vader-rover kernel: [    7.089111] end_request: I/O error, dev mtdblock0, sector 0
Mar 11 13:53:16 vader-rover kernel: [    7.104278] Linux media interface: v0.10
Mar 11 13:53:16 vader-rover kernel: [    7.115661] end_request: I/O error, dev mtdblock0, sector 0
Mar 11 13:53:16 vader-rover kernel: [    7.139282] end_request: I/O error, dev mtdblock0, sector 0
Mar 11 13:53:16 vader-rover kernel: [    7.163452] end_request: I/O error, dev mtdblock0, sector 0
Mar 11 13:53:16 vader-rover kernel: [    7.180084] Linux video capture interface: v2.00
Mar 11 13:53:16 vader-rover kernel: [    7.192810] end_request: I/O error, dev mtdblock0, sector 8
Mar 11 13:53:16 vader-rover kernel: [    7.222625] end_request: I/O error, dev mtdblock0, sector 8
Mar 11 13:53:16 vader-rover kernel: [    7.249694] end_request: I/O error, dev mtdblock0, sector 8
Mar 11 13:53:16 vader-rover kernel: [    7.278533] end_request: I/O error, dev mtdblock0, sector 8
Mar 11 13:53:16 vader-rover kernel: [    7.308074] end_request: I/O error, dev mtdblock0, sector 24
Mar 11 13:53:16 vader-rover kernel: [    7.335388] end_request: I/O error, dev mtdblock0, sector 24
Mar 11 13:53:16 vader-rover kernel: [    7.350921] omap3isp omap3isp: Revision 15.0 found
Mar 11 13:53:16 vader-rover kernel: [    7.351043] omap-iommu omap-iommu.0: isp: version 1.1
Mar 11 13:53:16 vader-rover kernel: [    7.364501] end_request: I/O error, dev mtdblock0, sector 24
Mar 11 13:53:16 vader-rover kernel: [    7.391021] end_request: I/O error, dev mtdblock0, sector 24
Mar 11 13:53:16 vader-rover kernel: [    7.417633] end_request: I/O error, dev mtdblock0, sector 56
Mar 11 13:53:16 vader-rover kernel: [    7.447845] end_request: I/O error, dev mtdblock0, sector 56
Mar 11 13:53:16 vader-rover kernel: [    7.471435] end_request: I/O error, dev mtdblock0, sector 56
Mar 11 13:53:16 vader-rover kernel: [    7.480529] mt9v032 3-005c: Probing MT9V032 at address 0x5c
Mar 11 13:53:16 vader-rover kernel: [    7.480743] mt9v032 3-005c: MT9V032 power up failed
Mar 11 13:53:16 vader-rover kernel: [    7.490539] end_request: I/O error, dev mtdblock0, sector 56
Mar 11 13:53:16 vader-rover kernel: [    7.514984] lib80211: common routines for IEEE802.11 drivers
Mar 11 13:53:16 vader-rover kernel: [    7.515014] lib80211_crypt: registered algorithm 'NULL'
Mar 11 13:53:16 vader-rover kernel: [    7.519165] end_request: I/O error, dev mtdblock0, sector 120
Mar 11 13:53:16 vader-rover kernel: [    7.547271] end_request: I/O error, dev mtdblock0, sector 120
Mar 11 13:53:16 vader-rover kernel: [    7.573974] end_request: I/O error, dev mtdblock0, sector 120
Mar 11 13:53:16 vader-rover kernel: [    7.591094] isp_register_subdev_group: Unable to register subdev mt9v032
Mar 11 13:53:16 vader-rover kernel: [    7.601135] end_request: I/O error, dev mtdblock0, sector 120
Mar 11 13:53:16 vader-rover kernel: [    7.612762] end_request: I/O error, dev mtdblock0, sector 0
Mar 11 13:53:16 vader-rover kernel: [    7.643737] end_request: I/O error, dev mtdblock0, sector 0
Mar 11 13:53:16 vader-rover kernel: [    7.670013] end_request: I/O error, dev mtdblock0, sector 8
Mar 11 13:53:16 vader-rover kernel: [    7.695312] end_request: I/O error, dev mtdblock0, sector 8
Mar 11 13:53:16 vader-rover kernel: [    7.722808] end_request: I/O error, dev mtdblock0, sector 24
Mar 11 13:53:16 vader-rover kernel: [    7.753936] end_request: I/O error, dev mtdblock0, sector 24
Mar 11 13:53:16 vader-rover kernel: [    7.775634] cfg80211: Calling CRDA to update world regulatory domain
Mar 11 13:53:16 vader-rover kernel: [    7.781951] end_request: I/O error, dev mtdblock0, sector 56
Mar 11 13:53:16 vader-rover kernel: [    7.805389] end_request: I/O error, dev mtdblock0, sector 56
Mar 11 13:53:16 vader-rover kernel: [    7.835937] end_request: I/O error, dev mtdblock0, sector 120
Mar 11 13:53:16 vader-rover kernel: [    7.856262] end_request: I/O error, dev mtdblock0, sector 120
Mar 11 13:53:16 vader-rover kernel: [    7.881866] end_request: I/O error, dev mtdblock0, sector 0
Mar 11 13:53:16 vader-rover kernel: [    7.905548] end_request: I/O error, dev mtdblock0, sector 0
Mar 11 13:53:16 vader-rover kernel: [    7.917999] libertas_sdio: Libertas SDIO driver
Mar 11 13:53:16 vader-rover kernel: [    7.917999] libertas_sdio: Copyright Pierre Ossman
Mar 11 13:53:16 vader-rover kernel: [    7.931976] end_request: I/O error, dev mtdblock0, sector 0
Mar 11 13:53:16 vader-rover kernel: [    7.959777] end_request: I/O error, dev mtdblock0, sector 0
Mar 11 13:53:16 vader-rover kernel: [    7.979553] end_request: I/O error, dev mtdblock0, sector 0
Mar 11 13:53:16 vader-rover kernel: [    8.000152] end_request: I/O error, dev mtdblock0, sector 0
Mar 11 13:53:16 vader-rover kernel: [    8.016143] end_request: I/O error, dev mtdblock0, sector 64
Mar 11 13:53:16 vader-rover kernel: [    8.037445] end_request: I/O error, dev mtdblock0, sector 64
Mar 11 13:53:16 vader-rover kernel: [    8.057708] end_request: I/O error, dev mtdblock0, sector 64
Mar 11 13:53:16 vader-rover kernel: [    8.072631] end_request: I/O error, dev mtdblock0, sector 64
Mar 11 13:53:16 vader-rover kernel: [    8.092712] end_request: I/O error, dev mtdblock0, sector 64
Mar 11 13:53:16 vader-rover kernel: [    8.107971] end_request: I/O error, dev mtdblock0, sector 64
Mar 11 13:53:16 vader-rover kernel: [    8.134613] end_request: I/O error, dev mtdblock0, sector 64
Mar 11 13:53:16 vader-rover kernel: [    8.156616] end_request: I/O error, dev mtdblock0, sector 64
Mar 11 13:53:16 vader-rover kernel: [    8.188873] end_request: I/O error, dev mtdblock0, sector 64
Mar 11 13:53:16 vader-rover kernel: [    8.224609] end_request: I/O error, dev mtdblock0, sector 0
Mar 11 13:53:16 vader-rover kernel: [    8.264617] end_request: I/O error, dev mtdblock0, sector 0
Mar 11 13:53:16 vader-rover kernel: [    8.299255] end_request: I/O error, dev mtdblock0, sector 0
Mar 11 13:53:16 vader-rover kernel: [    8.320770] end_request: I/O error, dev mtdblock0, sector 0
Mar 11 13:53:16 vader-rover kernel: [    8.342285] end_request: I/O error, dev mtdblock0, sector 0
Mar 11 13:53:16 vader-rover kernel: [    8.362060] end_request: I/O error, dev mtdblock0, sector 16
Mar 11 13:53:16 vader-rover kernel: [    8.383392] end_request: I/O error, dev mtdblock0, sector 0
Mar 11 13:53:16 vader-rover kernel: [    8.401763] end_request: I/O error, dev mtdblock0, sector 0
Mar 11 13:53:16 vader-rover kernel: [    8.423492] end_request: I/O error, dev mtdblock0, sector 0
Mar 11 13:53:16 vader-rover kernel: [    8.442352] end_request: I/O error, dev mtdblock0, sector 0
Mar 11 13:53:16 vader-rover kernel: [    8.466339] end_request: I/O error, dev mtdblock0, sector 0
Mar 11 13:53:16 vader-rover kernel: [    8.484344] end_request: I/O error, dev mtdblock0, sector 0
Mar 11 13:53:16 vader-rover kernel: [    8.506622] end_request: I/O error, dev mtdblock0, sector 0
Mar 11 13:53:16 vader-rover kernel: [    8.535583] end_request: I/O error, dev mtdblock0, sector 0
Mar 11 13:53:16 vader-rover kernel: [    8.547332] end_request: I/O error, dev mtdblock0, sector 0
Mar 11 13:53:16 vader-rover kernel: [    8.566619] end_request: I/O error, dev mtdblock0, sector 0
Mar 11 13:53:16 vader-rover kernel: [    8.586395] end_request: I/O error, dev mtdblock0, sector 0
Mar 11 13:53:16 vader-rover kernel: [    8.610473] end_request: I/O error, dev mtdblock0, sector 0
Mar 11 13:53:16 vader-rover kernel: [    8.633300] end_request: I/O error, dev mtdblock0, sector 0
Mar 11 13:53:16 vader-rover kernel: [    8.653533] end_request: I/O error, dev mtdblock0, sector 0
Mar 11 13:53:16 vader-rover kernel: [    8.677673] end_request: I/O error, dev mtdblock0, sector 0
Mar 11 13:53:16 vader-rover kernel: [    8.695800] end_request: I/O error, dev mtdblock0, sector 0
Mar 11 13:53:16 vader-rover kernel: [    8.712371] end_request: I/O error, dev mtdblock0, sector 0
Mar 11 13:53:16 vader-rover kernel: [    8.736175] end_request: I/O error, dev mtdblock0, sector 0
Mar 11 13:53:16 vader-rover kernel: [    8.758270] end_request: I/O error, dev mtdblock0, sector 8
Mar 11 13:53:16 vader-rover kernel: [    8.772399] end_request: I/O error, dev mtdblock0, sector 0
Mar 11 13:53:16 vader-rover kernel: [    8.790710] end_request: I/O error, dev mtdblock0, sector 0
Mar 11 13:53:16 vader-rover kernel: [    8.812988] end_request: I/O error, dev mtdblock0, sector 0
Mar 11 13:53:16 vader-rover kernel: [    8.828674] end_request: I/O error, dev mtdblock0, sector 0
Mar 11 13:53:16 vader-rover kernel: [    9.166992] end_request: I/O error, dev mtdblock0, sector 0
Mar 11 13:53:16 vader-rover kernel: [    9.178649] end_request: I/O error, dev mtdblock0, sector 0
Mar 11 13:53:16 vader-rover kernel: [    9.193511] end_request: I/O error, dev mtdblock0, sector 0
Mar 11 13:53:16 vader-rover kernel: [    9.211608] end_request: I/O error, dev mtdblock0, sector 0
Mar 11 13:53:16 vader-rover kernel: [    9.230499] end_request: I/O error, dev mtdblock0, sector 0
Mar 11 13:53:16 vader-rover kernel: [    9.241577] end_request: I/O error, dev mtdblock0, sector 0
Mar 11 13:53:16 vader-rover kernel: [    9.258270] end_request: I/O error, dev mtdblock0, sector 0
Mar 11 13:53:16 vader-rover kernel: [    9.273986] end_request: I/O error, dev mtdblock0, sector 0
Mar 11 13:53:16 vader-rover kernel: [    9.289184] end_request: I/O error, dev mtdblock0, sector 0
Mar 11 13:53:16 vader-rover kernel: [    9.303283] end_request: I/O error, dev mtdblock0, sector 0
Mar 11 13:53:16 vader-rover kernel: [    9.318542] end_request: I/O error, dev mtdblock0, sector 0
Mar 11 13:53:16 vader-rover kernel: [    9.333648] end_request: I/O error, dev mtdblock0, sector 0
Mar 11 13:53:16 vader-rover kernel: [    9.348968] end_request: I/O error, dev mtdblock0, sector 0
Mar 11 13:53:16 vader-rover kernel: [    9.364471] end_request: I/O error, dev mtdblock0, sector 0
Mar 11 13:53:16 vader-rover kernel: [    9.377166] end_request: I/O error, dev mtdblock0, sector 0
Mar 11 13:53:16 vader-rover kernel: [    9.394561] end_request: I/O error, dev mtdblock0, sector 0
Mar 11 13:53:16 vader-rover kernel: [    9.412841] end_request: I/O error, dev mtdblock0, sector 0
Mar 11 13:53:16 vader-rover kernel: [    9.428405] end_request: I/O error, dev mtdblock0, sector 8
Mar 11 13:53:16 vader-rover kernel: [    9.443817] end_request: I/O error, dev mtdblock0, sector 8
Mar 11 13:53:16 vader-rover kernel: [    9.460235] end_request: I/O error, dev mtdblock0, sector 8
Mar 11 13:53:16 vader-rover kernel: [    9.472595] end_request: I/O error, dev mtdblock0, sector 8
Mar 11 13:53:16 vader-rover kernel: [    9.489624] end_request: I/O error, dev mtdblock0, sector 24
Mar 11 13:53:16 vader-rover kernel: [    9.505004] end_request: I/O error, dev mtdblock0, sector 24
Mar 11 13:53:16 vader-rover kernel: [    9.525482] end_request: I/O error, dev mtdblock0, sector 24
Mar 11 13:53:16 vader-rover kernel: [    9.552734] end_request: I/O error, dev mtdblock0, sector 24
Mar 11 13:53:16 vader-rover kernel: [    9.571746] end_request: I/O error, dev mtdblock0, sector 56
Mar 11 13:53:16 vader-rover kernel: [    9.586395] end_request: I/O error, dev mtdblock0, sector 56
Mar 11 13:53:16 vader-rover kernel: [    9.602050] end_request: I/O error, dev mtdblock0, sector 56
Mar 11 13:53:16 vader-rover kernel: [    9.621765] end_request: I/O error, dev mtdblock0, sector 56
Mar 11 13:53:16 vader-rover kernel: [    9.642181] end_request: I/O error, dev mtdblock0, sector 120
Mar 11 13:53:16 vader-rover kernel: [    9.664550] end_request: I/O error, dev mtdblock0, sector 120
Mar 11 13:53:16 vader-rover kernel: [    9.686523] end_request: I/O error, dev mtdblock0, sector 120
Mar 11 13:53:16 vader-rover kernel: [    9.709594] end_request: I/O error, dev mtdblock0, sector 120
Mar 11 13:53:16 vader-rover kernel: [    9.728393] end_request: I/O error, dev mtdblock0, sector 0
Mar 11 13:53:16 vader-rover kernel: [    9.753356] end_request: I/O error, dev mtdblock0, sector 0
Mar 11 13:53:16 vader-rover kernel: [    9.775024] end_request: I/O error, dev mtdblock0, sector 8
Mar 11 13:53:16 vader-rover kernel: [    9.794891] end_request: I/O error, dev mtdblock0, sector 8
Mar 11 13:53:16 vader-rover kernel: [    9.812347] end_request: I/O error, dev mtdblock0, sector 24
Mar 11 13:53:16 vader-rover kernel: [    9.826934] end_request: I/O error, dev mtdblock0, sector 24
Mar 11 13:53:16 vader-rover kernel: [    9.845886] end_request: I/O error, dev mtdblock0, sector 56
Mar 11 13:53:16 vader-rover kernel: [    9.860687] end_request: I/O error, dev mtdblock0, sector 56
Mar 11 13:53:16 vader-rover kernel: [    9.879821] end_request: I/O error, dev mtdblock0, sector 120
Mar 11 13:53:16 vader-rover kernel: [    9.902069] end_request: I/O error, dev mtdblock0, sector 120
Mar 11 13:53:16 vader-rover kernel: [    9.922302] end_request: I/O error, dev mtdblock0, sector 0
Mar 11 13:53:16 vader-rover kernel: [    9.944183] end_request: I/O error, dev mtdblock0, sector 0
Mar 11 13:53:16 vader-rover kernel: [    9.962554] end_request: I/O error, dev mtdblock0, sector 0
Mar 11 13:53:16 vader-rover kernel: [    9.984893] end_request: I/O error, dev mtdblock0, sector 0
Mar 11 13:53:16 vader-rover kernel: [   10.002990] end_request: I/O error, dev mtdblock0, sector 0
Mar 11 13:53:16 vader-rover kernel: [   10.016082] end_request: I/O error, dev mtdblock0, sector 0
Mar 11 13:53:16 vader-rover kernel: [   10.016418] end_request: I/O error, dev mtdblock0, sector 64
Mar 11 13:53:16 vader-rover kernel: [   10.016601] end_request: I/O error, dev mtdblock0, sector 64
Mar 11 13:53:16 vader-rover kernel: [   10.018707] end_request: I/O error, dev mtdblock0, sector 64
Mar 11 13:53:16 vader-rover kernel: [   10.018981] end_request: I/O error, dev mtdblock0, sector 64
Mar 11 13:53:16 vader-rover kernel: [   10.019165] end_request: I/O error, dev mtdblock0, sector 64
Mar 11 13:53:16 vader-rover kernel: [   10.019317] end_request: I/O error, dev mtdblock0, sector 64
Mar 11 13:53:16 vader-rover kernel: [   10.019500] end_request: I/O error, dev mtdblock0, sector 64
Mar 11 13:53:16 vader-rover kernel: [   10.019653] end_request: I/O error, dev mtdblock0, sector 64
Mar 11 13:53:16 vader-rover kernel: [   10.019836] end_request: I/O error, dev mtdblock0, sector 64
Mar 11 13:53:16 vader-rover kernel: [   10.019989] end_request: I/O error, dev mtdblock0, sector 0
Mar 11 13:53:16 vader-rover kernel: [   10.020141] end_request: I/O error, dev mtdblock0, sector 0
Mar 11 13:53:16 vader-rover kernel: [   10.020324] end_request: I/O error, dev mtdblock0, sector 0
Mar 11 13:53:16 vader-rover kernel: [   10.020477] end_request: I/O error, dev mtdblock0, sector 0
Mar 11 13:53:16 vader-rover kernel: [   10.020629] end_request: I/O error, dev mtdblock0, sector 0
Mar 11 13:53:16 vader-rover kernel: [   10.023925] end_request: I/O error, dev mtdblock0, sector 16
Mar 11 13:53:16 vader-rover kernel: [   10.024230] end_request: I/O error, dev mtdblock0, sector 0
Mar 11 13:53:16 vader-rover kernel: [   10.024414] end_request: I/O error, dev mtdblock0, sector 0
Mar 11 13:53:16 vader-rover kernel: [   10.024566] end_request: I/O error, dev mtdblock0, sector 0
Mar 11 13:53:16 vader-rover kernel: [   10.024749] end_request: I/O error, dev mtdblock0, sector 0
Mar 11 13:53:16 vader-rover kernel: [   10.024902] end_request: I/O error, dev mtdblock0, sector 0
Mar 11 13:53:16 vader-rover kernel: [   10.027374] end_request: I/O error, dev mtdblock0, sector 0
Mar 11 13:53:16 vader-rover kernel: [   10.027648] end_request: I/O error, dev mtdblock0, sector 0
Mar 11 13:53:16 vader-rover kernel: [   10.027832] end_request: I/O error, dev mtdblock0, sector 0
Mar 11 13:53:16 vader-rover kernel: [   10.027984] end_request: I/O error, dev mtdblock0, sector 0
Mar 11 13:53:16 vader-rover kernel: [   10.028167] end_request: I/O error, dev mtdblock0, sector 0
Mar 11 13:53:16 vader-rover kernel: [   10.028320] end_request: I/O error, dev mtdblock0, sector 0
Mar 11 13:53:16 vader-rover kernel: [   10.028503] end_request: I/O error, dev mtdblock0, sector 0
Mar 11 13:53:16 vader-rover kernel: [   10.028656] end_request: I/O error, dev mtdblock0, sector 0
Mar 11 13:53:16 vader-rover kernel: [   10.028808] end_request: I/O error, dev mtdblock0, sector 0
Mar 11 13:53:16 vader-rover kernel: [   10.028991] end_request: I/O error, dev mtdblock0, sector 0
Mar 11 13:53:16 vader-rover kernel: [   10.029144] end_request: I/O error, dev mtdblock0, sector 0
Mar 11 13:53:16 vader-rover kernel: [   10.029296] end_request: I/O error, dev mtdblock0, sector 0
Mar 11 13:53:16 vader-rover kernel: [   10.029479] end_request: I/O error, dev mtdblock0, sector 0
Mar 11 13:53:16 vader-rover kernel: [   10.029632] end_request: I/O error, dev mtdblock0, sector 8
Mar 11 13:53:16 vader-rover kernel: [   10.029785] end_request: I/O error, dev mtdblock0, sector 0
Mar 11 13:53:16 vader-rover kernel: [   10.029968] end_request: I/O error, dev mtdblock0, sector 0
Mar 11 13:53:16 vader-rover kernel: [   10.032775] end_request: I/O error, dev mtdblock0, sector 0
Mar 11 13:53:16 vader-rover kernel: [   10.035461] end_request: I/O error, dev mtdblock0, sector 0
Mar 11 13:53:16 vader-rover kernel: [   11.168670] cfg80211: World regulatory domain updated:
Mar 11 13:53:16 vader-rover kernel: [   11.168670] cfg80211:   (start_freq - end_freq @ bandwidth), (max_antenna_gain, max_eirp)
Mar 11 13:53:16 vader-rover kernel: [   11.168701] cfg80211:   (2402000 KHz - 2472000 KHz @ 40000 KHz), (300 mBi, 2000 mBm)
Mar 11 13:53:16 vader-rover kernel: [   11.168701] cfg80211:   (2457000 KHz - 2482000 KHz @ 20000 KHz), (300 mBi, 2000 mBm)
Mar 11 13:53:16 vader-rover kernel: [   11.168701] cfg80211:   (2474000 KHz - 2494000 KHz @ 20000 KHz), (300 mBi, 2000 mBm)
Mar 11 13:53:16 vader-rover kernel: [   11.168701] cfg80211:   (5170000 KHz - 5250000 KHz @ 40000 KHz), (300 mBi, 2000 mBm)
Mar 11 13:53:16 vader-rover kernel: [   11.168701] cfg80211:   (5735000 KHz - 5835000 KHz @ 40000 KHz), (300 mBi, 2000 mBm)
Mar 11 13:53:16 vader-rover kernel: [   12.356079] libertas_sdio mmc1:0001:1: (unregistered net_device): 00:19:88:45:0b:0a, fw 9.70.3p36, cap 0x00000303
Mar 11 13:53:16 vader-rover kernel: [   12.362335] libertas_sdio mmc1:0001:1: wlan0: Marvell WLAN 802.11 adapter
Mar 11 13:53:16 vader-rover kernel: [   12.362762] cfg80211: Calling CRDA for country: US
Mar 11 13:53:16 vader-rover kernel: [   13.215026] cfg80211: Regulatory domain changed to country: US
Mar 11 13:53:16 vader-rover kernel: [   13.215057] cfg80211:   (start_freq - end_freq @ bandwidth), (max_antenna_gain, max_eirp)
Mar 11 13:53:16 vader-rover kernel: [   13.215087] cfg80211:   (2402000 KHz - 2472000 KHz @ 40000 KHz), (300 mBi, 2700 mBm)
Mar 11 13:53:16 vader-rover kernel: [   13.215118] cfg80211:   (5170000 KHz - 5250000 KHz @ 40000 KHz), (300 mBi, 1700 mBm)
Mar 11 13:53:16 vader-rover kernel: [   13.215118] cfg80211:   (5250000 KHz - 5330000 KHz @ 40000 KHz), (300 mBi, 2000 mBm)
Mar 11 13:53:16 vader-rover kernel: [   13.215118] cfg80211:   (5490000 KHz - 5600000 KHz @ 40000 KHz), (300 mBi, 2000 mBm)
Mar 11 13:53:16 vader-rover kernel: [   13.215148] cfg80211:   (5650000 KHz - 5710000 KHz @ 40000 KHz), (300 mBi, 2000 mBm)
Mar 11 13:53:16 vader-rover kernel: [   13.215148] cfg80211:   (5735000 KHz - 5835000 KHz @ 40000 KHz), (300 mBi, 3000 mBm)
Mar 11 13:53:16 vader-rover kernel: [   13.267639] NET: Registered protocol family 10
Mar 11 13:53:24 vader-rover kernel: [   21.029846] GPIO Event Monitor 0.1 Compiled: Jan 13 2014 at 15:50:49
Mar 11 13:53:24 vader-rover kernel: [   21.308868] pwm: frequency=50 Hz servo=1 servo_min = 10000 servo_max = 20000
Mar 11 13:53:42 vader-rover kernel: [   39.377471] ehci-omap ehci-omap.0: detected XactErr len 0/1 retry 1
Mar 11 13:53:43 vader-rover kernel: [   40.145507] ehci-omap ehci-omap.0: detected XactErr len 0/1 retry 2
Mar 11 13:53:43 vader-rover kernel: [   40.323425] hub 1-0:1.0: state 7 ports 3 chg 0000 evt 0004
Mar 11 13:53:43 vader-rover kernel: [   40.323486] ehci-omap ehci-omap.0: GetStatus port:2 status 001809 0  ACK POWER sig=j PEC CONNECT
Mar 11 13:53:43 vader-rover kernel: [   40.323516] hub 1-0:1.0: port 2 enable change, status 00000501
Mar 11 13:53:43 vader-rover kernel: [   40.323547] hub 1-0:1.0: port 2 disabled by hub (EMI?), re-enabling...
Mar 11 13:53:43 vader-rover kernel: [   40.342620] hub 1-0:1.0: port 2, status 0501, change 0002, 480 Mb/s
Mar 11 13:53:43 vader-rover kernel: [   40.342651] usb 1-2: USB disconnect, device number 2
Mar 11 13:53:43 vader-rover kernel: [   40.342681] usb 1-2.2: USB disconnect, device number 3
Mar 11 13:53:43 vader-rover kernel: [   40.342681] usb 1-2.2: unregistering device
Mar 11 13:53:43 vader-rover kernel: [   40.342712] usb 1-2.2: unregistering interface 1-2.2:1.0
Mar 11 13:53:43 vader-rover kernel: [   40.347564] usb 1-2.2: usb_disable_device nuking all URBs
Mar 11 13:53:43 vader-rover kernel: [   40.354095] usb 1-2.3: USB disconnect, device number 4
Mar 11 13:53:43 vader-rover kernel: [   40.354125] usb 1-2.3: unregistering device
Mar 11 13:53:43 vader-rover kernel: [   40.354125] usb 1-2.3: unregistering interface 1-2.3:1.0
Mar 11 13:53:43 vader-rover kernel: [   40.354400] usb 1-2.3: usb_disable_device nuking all URBs
Mar 11 13:53:43 vader-rover kernel: [   40.357879] usb 1-2.4: USB disconnect, device number 5
Mar 11 13:53:43 vader-rover kernel: [   40.357910] usb 1-2.4: unregistering device
Mar 11 13:53:43 vader-rover kernel: [   40.357910] usb 1-2.4: unregistering interface 1-2.4:1.0
Mar 11 13:53:43 vader-rover kernel: [   40.358215] usb 1-2.4: usb_disable_device nuking all URBs
Mar 11 13:53:43 vader-rover kernel: [   40.364685] usb 1-2: unregistering device
Mar 11 13:53:43 vader-rover kernel: [   40.364715] usb 1-2: unregistering interface 1-2:1.0
Mar 11 13:53:43 vader-rover kernel: [   40.364898] usb 1-2: unlink qh256-0001/de6c6b00 start 1 [1/0 us]
Mar 11 13:53:43 vader-rover kernel: [   40.364990] ehci-omap ehci-omap.0: shutdown urb de699640 ep1in-intr
Mar 11 13:53:43 vader-rover kernel: [   40.365081] usb 1-2: usb_disable_device nuking all URBs
Mar 11 13:53:43 vader-rover kernel: [   40.514801] hub 1-0:1.0: debounce: port 2: total 100ms stable 100ms status 0x501
Mar 11 13:53:43 vader-rover kernel: [   40.577239] ehci-omap ehci-omap.0: port 2 full speed --> companion
Mar 11 13:53:43 vader-rover kernel: [   40.577270] ehci-omap ehci-omap.0: GetStatus port:2 status 003801 0  ACK POWER OWNER sig=j CONNECT
Mar 11 13:53:43 vader-rover kernel: [   40.577331] hub 1-0:1.0: port 2 not reset yet, waiting 50ms
Mar 11 13:53:43 vader-rover kernel: [   40.639678] ehci-omap ehci-omap.0: GetStatus port:2 status 003002 0  ACK POWER OWNER sig=se0 CSC
Mar 11 13:53:43 vader-rover kernel: [   40.639739] hub 1-0:1.0: unable to enumerate USB device on port 2
Mar 11 13:53:43 vader-rover kernel: [   40.646362] hub 1-0:1.0: state 7 ports 3 chg 0000 evt 0004
Mar 11 13:53:43 vader-rover kernel: [   40.646392] ehci-omap ehci-omap.0: GetStatus port:2 status 003002 0  ACK POWER OWNER sig=se0 CSC
Mar 11 13:53:43 vader-rover kernel: [   40.646423] hub 1-0:1.0: port 2, status 0100, change 0001, 12 Mb/s
Mar 11 13:53:43 vader-rover kernel: [   40.795806] hub 1-0:1.0: debounce: port 2: total 100ms stable 100ms status 0x100
Mar 11 13:53:46 vader-rover kernel: [   43.005645] hub 1-0:1.0: hub_suspend
Mar 11 13:53:46 vader-rover kernel: [   43.005706] usb usb1: bus auto-suspend, wakeup 1
Mar 11 13:53:46 vader-rover kernel: [   43.005737] ehci-omap ehci-omap.0: suspend root hub
Mar 11 13:54:52 vader-rover kernel: Kernel logging (proc) stopped.
Mar 12 14:56:46 vader-rover kernel: imklog 5.8.6, log source = /proc/kmsg started.
Mar 12 14:56:46 vader-rover kernel: [    0.000000] Booting Linux on physical CPU 0
Mar 12 14:56:46 vader-rover kernel: [    0.000000] Initializing cgroup subsys cpuset
Mar 12 14:56:46 vader-rover kernel: [    0.000000] Initializing cgroup subsys cpu
Mar 12 14:56:46 vader-rover kernel: [    0.000000] Linux version 3.5.0-2-linaro-omap (adam@pine) (gcc version 4.6.3 (Ubuntu/Linaro 4.6.3-1ubuntu5) ) #2~ci+121210190143 PREEMPT Mon Dec 10 11:03:27 PST 2012
Mar 12 14:56:46 vader-rover kernel: [    0.000000] CPU: ARMv7 Processor [413fc082] revision 2 (ARMv7), cr=10c53c7d
Mar 12 14:56:46 vader-rover kernel: [    0.000000] CPU: PIPT / VIPT nonaliasing data cache, VIPT aliasing instruction cache
Mar 12 14:56:46 vader-rover kernel: [    0.000000] Machine: Gumstix Overo
Mar 12 14:56:46 vader-rover kernel: [    0.000000] Reserving 12582912 bytes SDRAM for VRAM
Mar 12 14:56:46 vader-rover kernel: [    0.000000] Memory policy: ECC disabled, Data cache writeback
Mar 12 14:56:46 vader-rover kernel: [    0.000000] On node 0 totalpages: 127744
Mar 12 14:56:46 vader-rover kernel: [    0.000000] free_area_init_node: node 0, pgdat c070b85c, node_mem_map c07a7000
Mar 12 14:56:46 vader-rover kernel: [    0.000000]   Normal zone: 1024 pages used for memmap
Mar 12 14:56:46 vader-rover kernel: [    0.000000]   Normal zone: 0 pages reserved
Mar 12 14:56:46 vader-rover kernel: [    0.000000]   Normal zone: 126720 pages, LIFO batch:31
Mar 12 14:56:46 vader-rover kernel: [    0.000000] OMAP3630 ES1.2 (l2cache iva sgx neon isp 192mhz_clk )
Mar 12 14:56:46 vader-rover kernel: [    0.000000] Clocking rate (Crystal/Core/MPU): 26.0/332/600 MHz
Mar 12 14:56:46 vader-rover kernel: [    0.000000] pcpu-alloc: s0 r0 d32768 u32768 alloc=1*32768
Mar 12 14:56:46 vader-rover kernel: [    0.000000] pcpu-alloc: [0] 0 
Mar 12 14:56:46 vader-rover kernel: [    0.000000] Built 1 zonelists in Zone order, mobility grouping on.  Total pages: 126720
Mar 12 14:56:46 vader-rover kernel: [    0.000000] Kernel command line: console=tty0 console=ttyO2,115200n8 root=/dev/mmcblk0p2 rootwait ro earlyprintk mpurate=720 vram=12M omapdss.def_disp=dvi omapfb.mode=dvi:1024x768MR-16@60
Mar 12 14:56:46 vader-rover kernel: [    0.000000] PID hash table entries: 2048 (order: 1, 8192 bytes)
Mar 12 14:56:46 vader-rover kernel: [    0.000000] Dentry cache hash table entries: 65536 (order: 6, 262144 bytes)
Mar 12 14:56:46 vader-rover kernel: [    0.000000] Inode-cache hash table entries: 32768 (order: 5, 131072 bytes)
Mar 12 14:56:46 vader-rover kernel: [    0.000000] allocated 1048576 bytes of page_cgroup
Mar 12 14:56:46 vader-rover kernel: [    0.000000] please try 'cgroup_disable=memory' option if you don't want memory cgroups
Mar 12 14:56:46 vader-rover kernel: [    0.000000] Memory: 499MB = 499MB total
Mar 12 14:56:46 vader-rover kernel: [    0.000000] Memory: 495744k/495744k available, 28544k reserved, 0K highmem
Mar 12 14:56:46 vader-rover kernel: [    0.000000] Virtual kernel memory layout:
Mar 12 14:56:46 vader-rover kernel: [    0.000000]     vector  : 0xffff0000 - 0xffff1000   (   4 kB)
Mar 12 14:56:46 vader-rover kernel: [    0.000000]     fixmap  : 0xfff00000 - 0xfffe0000   ( 896 kB)
Mar 12 14:56:46 vader-rover kernel: [    0.000000]     vmalloc : 0xe0800000 - 0xff000000   ( 488 MB)
Mar 12 14:56:46 vader-rover kernel: [    0.000000]     lowmem  : 0xc0000000 - 0xe0000000   ( 512 MB)
Mar 12 14:56:46 vader-rover kernel: [    0.000000]     pkmap   : 0xbfe00000 - 0xc0000000   (   2 MB)
Mar 12 14:56:46 vader-rover kernel: [    0.000000]     modules : 0xbf000000 - 0xbfe00000   (  14 MB)
Mar 12 14:56:46 vader-rover kernel: [    0.000000]       .text : 0xc0008000 - 0xc067abfc   (6603 kB)
Mar 12 14:56:46 vader-rover kernel: [    0.000000]       .init : 0xc067b000 - 0xc06b2000   ( 220 kB)
Mar 12 14:56:46 vader-rover kernel: [    0.000000]       .data : 0xc06b2000 - 0xc071b268   ( 421 kB)
Mar 12 14:56:46 vader-rover kernel: [    0.000000]        .bss : 0xc071b28c - 0xc07a6020   ( 556 kB)
Mar 12 14:56:46 vader-rover kernel: [    0.000000] NR_IRQS:474
Mar 12 14:56:46 vader-rover kernel: [    0.000000] IRQ: Found an INTC at 0xfa200000 (revision 4.0) with 96 interrupts
Mar 12 14:56:46 vader-rover kernel: [    0.000000] Total of 96 interrupts on 1 active controller
Mar 12 14:56:46 vader-rover kernel: [    0.000000] OMAP clockevent source: GPTIMER1 at 32768 Hz
Mar 12 14:56:46 vader-rover kernel: [    0.000000] sched_clock: 32 bits at 32kHz, resolution 30517ns, wraps every 131071999ms
Mar 12 14:56:46 vader-rover kernel: [    0.000000] OMAP clocksource: 32k_counter at 32768 Hz
Mar 12 14:56:46 vader-rover kernel: [    0.000000] Console: colour dummy device 80x30
Mar 12 14:56:46 vader-rover kernel: [    0.000000] console [tty0] enabled
Mar 12 14:56:46 vader-rover kernel: [    0.001007] Calibrating delay loop... 597.64 BogoMIPS (lpj=2334720)
Mar 12 14:56:46 vader-rover kernel: [    0.039093] pid_max: default: 32768 minimum: 301
Mar 12 14:56:46 vader-rover kernel: [    0.039306] Security Framework initialized
Mar 12 14:56:46 vader-rover kernel: [    0.039428] Mount-cache hash table entries: 512
Mar 12 14:56:46 vader-rover kernel: [    0.040222] Initializing cgroup subsys debug
Mar 12 14:56:46 vader-rover kernel: [    0.040283] Initializing cgroup subsys cpuacct
Mar 12 14:56:46 vader-rover kernel: [    0.040283] Initializing cgroup subsys memory
Mar 12 14:56:46 vader-rover kernel: [    0.040374] Initializing cgroup subsys devices
Mar 12 14:56:46 vader-rover kernel: [    0.040405] Initializing cgroup subsys freezer
Mar 12 14:56:46 vader-rover kernel: [    0.040435] Initializing cgroup subsys perf_event
Mar 12 14:56:46 vader-rover kernel: [    0.040557] CPU: Testing write buffer coherency: ok
Mar 12 14:56:46 vader-rover kernel: [    0.040893] Setting up static identity map for 0x8046ea98 - 0x8046eaf0
Mar 12 14:56:46 vader-rover kernel: [    0.046051] devtmpfs: initialized
Mar 12 14:56:46 vader-rover kernel: [    0.050872] dummy: 
Mar 12 14:56:46 vader-rover kernel: [    0.051269] NET: Registered protocol family 16
Mar 12 14:56:46 vader-rover kernel: [    0.051727] GPMC revision 5.0
Mar 12 14:56:46 vader-rover kernel: [    0.051788] gpmc: irq-20 could not claim: err -22
Mar 12 14:56:46 vader-rover kernel: [    0.053466] gpiochip_add: registered GPIOs 0 to 31 on device: gpio
Mar 12 14:56:46 vader-rover kernel: [    0.053588] OMAP GPIO hardware version 2.5
Mar 12 14:56:46 vader-rover kernel: [    0.053833] gpiochip_add: registered GPIOs 32 to 63 on device: gpio
Mar 12 14:56:46 vader-rover kernel: [    0.054107] gpiochip_add: registered GPIOs 64 to 95 on device: gpio
Mar 12 14:56:46 vader-rover kernel: [    0.054382] gpiochip_add: registered GPIOs 96 to 127 on device: gpio
Mar 12 14:56:46 vader-rover kernel: [    0.054779] gpiochip_add: registered GPIOs 128 to 159 on device: gpio
Mar 12 14:56:46 vader-rover kernel: [    0.055084] gpiochip_add: registered GPIOs 160 to 191 on device: gpio
Mar 12 14:56:46 vader-rover kernel: [    0.056030] omap_mux_init: Add partition: #1: core, flags: 0
Mar 12 14:56:46 vader-rover kernel: [    0.061035] _omap_mux_get_by_name: Could not find signal uart4_rx.uart4_rx
Mar 12 14:56:46 vader-rover kernel: [    0.066894] Reprogramming SDRC clock to 332000000 Hz
Mar 12 14:56:46 vader-rover kernel: [    0.066925] dpll3_m2_clk rate change failed: -22
Mar 12 14:56:46 vader-rover kernel: [    0.066955] Found NAND on CS0
Mar 12 14:56:46 vader-rover kernel: [    0.066986] Registering NAND on CS0
Mar 12 14:56:46 vader-rover kernel: [    0.068176]  usbhs_omap: alias fck already exists
Mar 12 14:56:46 vader-rover kernel: [    0.075714] hw-breakpoint: debug architecture 0x4 unsupported.
Mar 12 14:56:46 vader-rover kernel: [    0.078796]  omap-mcbsp.2: alias fck already exists
Mar 12 14:56:46 vader-rover kernel: [    0.079010]  omap-mcbsp.3: alias fck already exists
Mar 12 14:56:46 vader-rover kernel: [    0.080078] Switched to new clocking rate (Crystal/Core/MPU): 26.0/332/720 MHz
Mar 12 14:56:46 vader-rover kernel: [    0.080291] OMAP DMA hardware revision 5.0
Mar 12 14:56:46 vader-rover kernel: [    0.087341] bio: create slab <bio-0> at 0
Mar 12 14:56:46 vader-rover kernel: [    0.088043] fixed-dummy: 
Mar 12 14:56:46 vader-rover kernel: [    0.088134] reg-fixed-voltage reg-fixed-voltage.0: fixed-dummy supplying 0uV
Mar 12 14:56:46 vader-rover kernel: [    0.088317] vads7846: override min_uV, 1 -> 3300000
Mar 12 14:56:46 vader-rover kernel: [    0.088317] vads7846: override max_uV, 2147483647 -> 3300000
Mar 12 14:56:46 vader-rover kernel: [    0.088348] vads7846: 3300 mV 
Mar 12 14:56:46 vader-rover kernel: [    0.088439] reg-fixed-voltage reg-fixed-voltage.1: vads7846 supplying 3300000uV
Mar 12 14:56:46 vader-rover kernel: [    0.089050] SCSI subsystem initialized
Mar 12 14:56:46 vader-rover kernel: [    0.089355] usbcore: registered new interface driver usbfs
Mar 12 14:56:46 vader-rover kernel: [    0.089477] usbcore: registered new interface driver hub
Mar 12 14:56:46 vader-rover kernel: [    0.089691] usbcore: registered new device driver usb
Mar 12 14:56:46 vader-rover kernel: [    0.090118] omap_i2c omap_i2c.1: bus 1 rev1.4.0 at 2600 kHz
Mar 12 14:56:46 vader-rover kernel: [    0.092681] twl 1-0048: PIH (irq 7) chaining IRQs 320..328
Mar 12 14:56:46 vader-rover kernel: [    0.092803] twl 1-0048: power (irq 325) chaining IRQs 328..335
Mar 12 14:56:46 vader-rover kernel: [    0.093383] twl4030_gpio twl4030_gpio: gpio (irq 320) chaining IRQs 336..353
Mar 12 14:56:46 vader-rover kernel: [    0.093719] gpiochip_add: registered GPIOs 192 to 211 on device: twl4030
Mar 12 14:56:46 vader-rover kernel: [    0.094451] VUSB1V5: override min_uV, 1 -> 1500000
Mar 12 14:56:46 vader-rover kernel: [    0.094451] VUSB1V5: override max_uV, 2147483647 -> 1500000
Mar 12 14:56:46 vader-rover kernel: [    0.094482] VUSB1V5: 1500 mV normal standby
Mar 12 14:56:46 vader-rover kernel: [    0.094909] VUSB1V8: override min_uV, 1 -> 1800000
Mar 12 14:56:46 vader-rover kernel: [    0.094940] VUSB1V8: override max_uV, 2147483647 -> 1800000
Mar 12 14:56:46 vader-rover kernel: [    0.094940] VUSB1V8: 1800 mV normal standby
Mar 12 14:56:46 vader-rover kernel: [    0.095336] VUSB3V1: override min_uV, 1 -> 3100000
Mar 12 14:56:46 vader-rover kernel: [    0.095367] VUSB3V1: override max_uV, 2147483647 -> 3100000
Mar 12 14:56:46 vader-rover kernel: [    0.095367] VUSB3V1: 3100 mV normal standby
Mar 12 14:56:46 vader-rover kernel: [    0.096832] twl4030_usb twl4030_usb: HW_CONDITIONS 0x10/16; link 0
Mar 12 14:56:46 vader-rover kernel: [    0.097045] twl4030_usb twl4030_usb: Initialized TWL4030 USB module
Mar 12 14:56:46 vader-rover kernel: [    0.097534] vdd_mpu_iva: 600 <--> 1450 mV normal 
Mar 12 14:56:46 vader-rover kernel: [    0.097930] vdd_core: 600 <--> 1450 mV normal 
Mar 12 14:56:46 vader-rover kernel: [    0.098419] VMMC1: 1850 <--> 3150 mV at 3000 mV normal standby
Mar 12 14:56:46 vader-rover kernel: [    0.098907] VDAC: 1800 mV normal standby
Mar 12 14:56:46 vader-rover kernel: [    0.099395] VDVI: 1800 mV normal standby
Mar 12 14:56:46 vader-rover kernel: [    0.099853] omap_i2c omap_i2c.3: bus 3 rev1.4.0 at 400 kHz
Mar 12 14:56:46 vader-rover kernel: [    0.100616] omap-iommu omap-iommu.0: isp registered
Mar 12 14:56:46 vader-rover kernel: [    0.100799] Advanced Linux Sound Architecture Driver Version 1.0.25.
Mar 12 14:56:46 vader-rover kernel: [    0.101684] Switching to clocksource 32k_counter
Mar 12 14:56:46 vader-rover kernel: [    0.126220] usbhs_omap usbhs_omap: xclk60mhsp2_ck set parentfailed error:-22
Mar 12 14:56:46 vader-rover kernel: [    0.126983] NET: Registered protocol family 2
Mar 12 14:56:46 vader-rover kernel: [    0.127288] IP route cache hash table entries: 4096 (order: 2, 16384 bytes)
Mar 12 14:56:46 vader-rover kernel: [    0.127838] TCP established hash table entries: 16384 (order: 5, 131072 bytes)
Mar 12 14:56:46 vader-rover kernel: [    0.128143] TCP bind hash table entries: 16384 (order: 4, 65536 bytes)
Mar 12 14:56:46 vader-rover kernel: [    0.128356] TCP: Hash tables configured (established 16384 bind 16384)
Mar 12 14:56:46 vader-rover kernel: [    0.128356] TCP: reno registered
Mar 12 14:56:46 vader-rover kernel: [    0.128387] UDP hash table entries: 256 (order: 0, 4096 bytes)
Mar 12 14:56:46 vader-rover kernel: [    0.128448] UDP-Lite hash table entries: 256 (order: 0, 4096 bytes)
Mar 12 14:56:46 vader-rover kernel: [    0.128723] NET: Registered protocol family 1
Mar 12 14:56:46 vader-rover kernel: [    0.129272] RPC: Registered named UNIX socket transport module.
Mar 12 14:56:46 vader-rover kernel: [    0.129302] RPC: Registered udp transport module.
Mar 12 14:56:46 vader-rover kernel: [    0.129302] RPC: Registered tcp transport module.
Mar 12 14:56:46 vader-rover kernel: [    0.129333] RPC: Registered tcp NFSv4.1 backchannel transport module.
Mar 12 14:56:46 vader-rover kernel: [    0.129608] Trying to unpack rootfs image as initramfs...
Mar 12 14:56:46 vader-rover kernel: [    0.279113] Freeing initrd memory: 1828K
Mar 12 14:56:46 vader-rover kernel: [    0.281433] audit: initializing netlink socket (disabled)
Mar 12 14:56:46 vader-rover kernel: [    0.281524] type=2000 audit(0.273:1): initialized
Mar 12 14:56:46 vader-rover kernel: [    0.282989] VFS: Disk quotas dquot_6.5.2
Mar 12 14:56:46 vader-rover kernel: [    0.283081] Dquot-cache hash table entries: 1024 (order 0, 4096 bytes)
Mar 12 14:56:46 vader-rover kernel: [    0.283477] NFS: Registering the id_resolver key type
Mar 12 14:56:46 vader-rover kernel: [    0.283569] Key type id_resolver registered
Mar 12 14:56:46 vader-rover kernel: [    0.284027] jffs2: version 2.2. (NAND) (SUMMARY)  Â© 2001-2006 Red Hat, Inc.
Mar 12 14:56:46 vader-rover kernel: [    0.284667] fuse init (API version 7.19)
Mar 12 14:56:46 vader-rover kernel: [    0.285186] msgmni has been set to 971
Mar 12 14:56:46 vader-rover kernel: [    0.286865] Block layer SCSI generic (bsg) driver version 0.4 loaded (major 253)
Mar 12 14:56:46 vader-rover kernel: [    0.286895] io scheduler noop registered
Mar 12 14:56:46 vader-rover kernel: [    0.286926] io scheduler deadline registered (default)
Mar 12 14:56:46 vader-rover kernel: [    0.287689] OMAP DSS rev 2.0
Mar 12 14:56:46 vader-rover kernel: [    0.290832] omap_uart.0: ttyO0 at MMIO 0x4806a000 (irq = 72) is a OMAP UART0
Mar 12 14:56:46 vader-rover kernel: [    0.291351] omap_uart.1: ttyO1 at MMIO 0x4806c000 (irq = 73) is a OMAP UART1
Mar 12 14:56:46 vader-rover kernel: [    0.291748] omap_uart.2: ttyO2 at MMIO 0x49020000 (irq = 74) is a OMAP UART2
Mar 12 14:56:46 vader-rover kernel: [    0.992797] console [ttyO2] enabled
Mar 12 14:56:46 vader-rover kernel: [    0.996887] omap_uart.3: ttyO3 at MMIO 0x49042000 (irq = 80) is a OMAP UART3
Mar 12 14:56:46 vader-rover kernel: [    1.011840] brd: module loaded
Mar 12 14:56:46 vader-rover kernel: [    1.018920] loop: module loaded
Mar 12 14:56:46 vader-rover kernel: [    1.024230] twl4030_madc twl4030_madc: clk disabled, enabling
Mar 12 14:56:46 vader-rover kernel: [    1.032226] NAND device: Manufacturer ID: 0x2c, Chip ID: 0xbc (Micron NAND 512MiB 1,8V 16-bit), page size: 2048, OOB size: 64
Mar 12 14:56:46 vader-rover kernel: [    1.057037] Creating 5 MTD partitions on "omap2-nand.0":
Mar 12 14:56:46 vader-rover kernel: [    1.062652] 0x000000000000-0x000000080000 : "xloader"
Mar 12 14:56:46 vader-rover kernel: [    1.069549] 0x000000080000-0x000000240000 : "uboot"
Mar 12 14:56:46 vader-rover kernel: [    1.076904] 0x000000240000-0x000000280000 : "uboot environment"
Mar 12 14:56:46 vader-rover kernel: [    1.084289] 0x000000280000-0x000000680000 : "linux"
Mar 12 14:56:46 vader-rover kernel: [    1.093139] 0x000000680000-0x000020000000 : "rootfs"
Mar 12 14:56:46 vader-rover kernel: [    1.451721] smsc911x: Driver version 2008-10-21
Mar 12 14:56:46 vader-rover kernel: [    1.456970] smsc911x: Driver version 2008-10-21
Mar 12 14:56:46 vader-rover kernel: [    1.462188] usbcore: registered new interface driver asix
Mar 12 14:56:46 vader-rover kernel: [    1.467926] usbcore: registered new interface driver cdc_ether
Mar 12 14:56:46 vader-rover kernel: [    1.474182] usbcore: registered new interface driver cdc_ncm
Mar 12 14:56:46 vader-rover kernel: [    1.480468] ehci_hcd: USB 2.0 'Enhanced' Host Controller (EHCI) Driver
Mar 12 14:56:46 vader-rover kernel: [    1.487396] ehci_hcd: block sizes: qh 64 qtd 96 itd 160 sitd 96
Mar 12 14:56:46 vader-rover kernel: [    1.487518] ehci-omap ehci-omap.0: failed to get ehci port1 regulator
Mar 12 14:56:46 vader-rover kernel: [    2.492492] ehci-omap ehci-omap.0: phy reset operation timed out
Mar 12 14:56:46 vader-rover kernel: [    2.492523] ehci-omap ehci-omap.0: reset hcs_params 0x1313 dbg=0 cc=1 pcc=3 ordered ports=3
Mar 12 14:56:46 vader-rover kernel: [    2.492523] ehci-omap ehci-omap.0: reset hcc_params 0016 thresh 1 uframes 256/512/1024 park
Mar 12 14:56:46 vader-rover kernel: [    2.492553] ehci-omap ehci-omap.0: reset command 0080b02  park=3 ithresh=8 period=1024 Reset HALT
Mar 12 14:56:46 vader-rover kernel: [    2.492584] ehci-omap ehci-omap.0: OMAP-EHCI Host Controller
Mar 12 14:56:46 vader-rover kernel: [    2.498840] ehci-omap ehci-omap.0: new USB bus registered, assigned bus number 1
Mar 12 14:56:46 vader-rover kernel: [    2.506713] ehci-omap ehci-omap.0: park 0
Mar 12 14:56:46 vader-rover kernel: [    2.506774] ehci-omap ehci-omap.0: irq 77, io mem 0x48064800
Mar 12 14:56:46 vader-rover kernel: [    2.512756] ehci-omap ehci-omap.0: init command 0010005 (park)=0 ithresh=1 period=512 RUN
Mar 12 14:56:46 vader-rover kernel: [    2.523803] ehci-omap ehci-omap.0: USB 2.0 started, EHCI 1.00
Mar 12 14:56:46 vader-rover kernel: [    2.529998] usb usb1: default language 0x0409
Mar 12 14:56:46 vader-rover kernel: [    2.530029] usb usb1: udev 1, busnum 1, minor = 0
Mar 12 14:56:46 vader-rover kernel: [    2.530029] usb usb1: New USB device found, idVendor=1d6b, idProduct=0002
Mar 12 14:56:46 vader-rover kernel: [    2.537200] usb usb1: New USB device strings: Mfr=3, Product=2, SerialNumber=1
Mar 12 14:56:46 vader-rover kernel: [    2.544830] usb usb1: Product: OMAP-EHCI Host Controller
Mar 12 14:56:46 vader-rover kernel: [    2.550415] usb usb1: Manufacturer: Linux 3.5.0-2-linaro-omap ehci_hcd
Mar 12 14:56:46 vader-rover kernel: [    2.557312] usb usb1: SerialNumber: ehci-omap.0
Mar 12 14:56:46 vader-rover kernel: [    2.562530] usb usb1: usb_probe_device
Mar 12 14:56:46 vader-rover kernel: [    2.562561] usb usb1: configuration #1 chosen from 1 choice
Mar 12 14:56:46 vader-rover kernel: [    2.562622] usb usb1: adding 1-0:1.0 (config #1, interface 0)
Mar 12 14:56:46 vader-rover kernel: [    2.562744] hub 1-0:1.0: usb_probe_interface
Mar 12 14:56:46 vader-rover kernel: [    2.562774] hub 1-0:1.0: usb_probe_interface - got id
Mar 12 14:56:46 vader-rover kernel: [    2.562835] hub 1-0:1.0: USB hub found
Mar 12 14:56:46 vader-rover kernel: [    2.566802] hub 1-0:1.0: 3 ports detected
Mar 12 14:56:46 vader-rover kernel: [    2.571044] hub 1-0:1.0: standalone hub
Mar 12 14:56:46 vader-rover kernel: [    2.571044] hub 1-0:1.0: individual port power switching
Mar 12 14:56:46 vader-rover kernel: [    2.571075] hub 1-0:1.0: individual port over-current protection
Mar 12 14:56:46 vader-rover kernel: [    2.571075] hub 1-0:1.0: power on to power good time: 20ms
Mar 12 14:56:46 vader-rover kernel: [    2.571105] hub 1-0:1.0: local power source is good
Mar 12 14:56:46 vader-rover kernel: [    2.571105] hub 1-0:1.0: enabling power on all ports
Mar 12 14:56:46 vader-rover kernel: [    2.571411] ehci-omap ehci-omap.0: ...powerup ports...
Mar 12 14:56:46 vader-rover kernel: [    2.602081] Initializing USB Mass Storage driver...
Mar 12 14:56:46 vader-rover kernel: [    2.607360] usbcore: registered new interface driver usb-storage
Mar 12 14:56:46 vader-rover kernel: [    2.613739] USB Mass Storage support registered.
Mar 12 14:56:46 vader-rover kernel: [    2.618591] musb-hdrc: version 6.0, ?dma?, otg (peripheral+host)
Mar 12 14:56:46 vader-rover kernel: [    2.630584] twl4030_usb twl4030_usb: twl4030_phy_resume
Mar 12 14:56:46 vader-rover kernel: [    2.630828] musb-hdrc: ConfigData=0xde (UTMI-8, dyn FIFOs, bulk combine, bulk split, HB-ISO Rx, HB-ISO Tx, SoftConn)
Mar 12 14:56:46 vader-rover kernel: [    2.630859] musb-hdrc: MHDRC RTL version 1.800 
Mar 12 14:56:46 vader-rover kernel: [    2.630859] musb-hdrc: setup fifo_mode 4
Mar 12 14:56:46 vader-rover kernel: [    2.630889] musb-hdrc: 28/31 max ep, 16384/16384 memory
Mar 12 14:56:46 vader-rover kernel: [    2.631286] musb-hdrc musb-hdrc: USB OTG mode controller at fa0ab000 using DMA, IRQ 92
Mar 12 14:56:46 vader-rover kernel: [    2.641571] twl4030_usb twl4030_usb: twl4030_phy_suspend
Mar 12 14:56:46 vader-rover kernel: [    2.642059] mousedev: PS/2 mouse device common for all mice
Mar 12 14:56:46 vader-rover kernel: [    2.648590] twl_rtc twl_rtc: Enabling TWL-RTC
Mar 12 14:56:46 vader-rover kernel: [    2.655792] twl_rtc twl_rtc: rtc core: registered twl_rtc as rtc0
Mar 12 14:56:46 vader-rover kernel: [    2.663024] i2c /dev entries driver
Mar 12 14:56:46 vader-rover kernel: [    2.668121] voltdm_scale: No voltage scale API registered for vdd_mpu_iva
Mar 12 14:56:46 vader-rover kernel: [    2.675354] ehci-omap ehci-omap.0: GetStatus port:2 status 001803 0  ACK POWER sig=j CSC CONNECT
Mar 12 14:56:46 vader-rover kernel: [    2.675384] hub 1-0:1.0: port 2: status 0501 change 0001
Mar 12 14:56:46 vader-rover kernel: [    2.675415] platform mpu.0: omap_target: unable to scale voltage up.
Mar 12 14:56:46 vader-rover kernel: [    2.682098] cpuidle: using governor ladder
Mar 12 14:56:46 vader-rover kernel: [    2.686370] cpuidle: using governor menu
Mar 12 14:56:46 vader-rover kernel: [    2.691009] omap_hsmmc omap_hsmmc.0: Failed to get debounce clk
Mar 12 14:56:46 vader-rover kernel: [    2.773864] hub 1-0:1.0: state 7 ports 3 chg 0004 evt 0000
Mar 12 14:56:46 vader-rover kernel: [    2.773895] hub 1-0:1.0: port 2, status 0501, change 0000, 480 Mb/s
Mar 12 14:56:46 vader-rover kernel: [    2.836334] ehci-omap ehci-omap.0: port 2 reset complete, port enabled
Mar 12 14:56:46 vader-rover kernel: [    2.836364] ehci-omap ehci-omap.0: GetStatus port:2 status 001005 0  ACK POWER sig=se0 PE CONNECT
Mar 12 14:56:46 vader-rover kernel: [    2.898803] usb 1-2: new high-speed USB device number 2 using ehci-omap
Mar 12 14:56:46 vader-rover kernel: [    2.961334] ehci-omap ehci-omap.0: port 2 reset complete, port enabled
Mar 12 14:56:46 vader-rover kernel: [    2.961364] ehci-omap ehci-omap.0: GetStatus port:2 status 001005 0  ACK POWER sig=se0 PE CONNECT
Mar 12 14:56:46 vader-rover kernel: [    3.055419] usb 1-2: udev 2, busnum 1, minor = 1
Mar 12 14:56:46 vader-rover kernel: [    3.055450] usb 1-2: New USB device found, idVendor=0409, idProduct=005a
Mar 12 14:56:46 vader-rover kernel: [    3.062500] usb 1-2: New USB device strings: Mfr=0, Product=0, SerialNumber=0
Mar 12 14:56:46 vader-rover kernel: [    3.070404] usb 1-2: usb_probe_device
Mar 12 14:56:46 vader-rover kernel: [    3.070434] usb 1-2: configuration #1 chosen from 1 choice
Mar 12 14:56:46 vader-rover kernel: [    3.071166] omap_hsmmc omap_hsmmc.1: Failed to get debounce clk
Mar 12 14:56:46 vader-rover kernel: [    3.077667] usb 1-2: adding 1-2:1.0 (config #1, interface 0)
Mar 12 14:56:46 vader-rover kernel: [    3.077819] hub 1-2:1.0: usb_probe_interface
Mar 12 14:56:46 vader-rover kernel: [    3.077850] hub 1-2:1.0: usb_probe_interface - got id
Mar 12 14:56:46 vader-rover kernel: [    3.077850] hub 1-2:1.0: USB hub found
Mar 12 14:56:46 vader-rover kernel: [    3.082183] hub 1-2:1.0: 4 ports detected
Mar 12 14:56:46 vader-rover kernel: [    3.087310] hub 1-2:1.0: standalone hub
Mar 12 14:56:46 vader-rover kernel: [    3.087310] hub 1-2:1.0: individual port power switching
Mar 12 14:56:46 vader-rover kernel: [    3.087310] hub 1-2:1.0: individual port over-current protection
Mar 12 14:56:46 vader-rover kernel: [    3.087341] hub 1-2:1.0: Single TT
Mar 12 14:56:46 vader-rover kernel: [    3.087341] hub 1-2:1.0: TT requires at most 16 FS bit times (1332 ns)
Mar 12 14:56:46 vader-rover kernel: [    3.087371] hub 1-2:1.0: power on to power good time: 100ms
Mar 12 14:56:46 vader-rover kernel: [    3.089294] hub 1-2:1.0: local power source is good
Mar 12 14:56:46 vader-rover kernel: [    3.089294] hub 1-2:1.0: enabling power on all ports
Mar 12 14:56:46 vader-rover kernel: [    3.118041] Registered led device: overo:red:gpio21
Mar 12 14:56:46 vader-rover kernel: [    3.118164] Registered led device: overo:blue:gpio22
Mar 12 14:56:46 vader-rover kernel: [    3.119049] Registered led device: overo:blue:COM
Mar 12 14:56:46 vader-rover kernel: [    3.120513] usbcore: registered new interface driver usbhid
Mar 12 14:56:46 vader-rover kernel: [    3.126464] usbhid: USB HID core driver
Mar 12 14:56:46 vader-rover kernel: [    3.131103] usbcore: registered new interface driver snd-usb-audio
Mar 12 14:56:46 vader-rover kernel: [    3.138763] overo SoC init
Mar 12 14:56:46 vader-rover kernel: [    3.141845] soc-audio soc-audio: ASoC machine overo should use snd_soc_register_card()
Mar 12 14:56:46 vader-rover kernel: [    3.188171] hub 1-2:1.0: port 2: status 0101 change 0001
Mar 12 14:56:46 vader-rover kernel: [    3.188415] hub 1-2:1.0: port 3: status 0101 change 0001
Mar 12 14:56:46 vader-rover kernel: [    3.188659] hub 1-2:1.0: port 4: status 0101 change 0001
Mar 12 14:56:46 vader-rover kernel: [    3.230499] twl4030-codec twl4030-codec: ASoC: Failed to create Capture debugfs file
Mar 12 14:56:46 vader-rover kernel: [    3.241577] asoc: twl4030-hifi <-> omap-mcbsp.2 mapping ok
Mar 12 14:56:46 vader-rover kernel: [    3.251617] oprofile: hardware counters not available
Mar 12 14:56:46 vader-rover kernel: [    3.256958] oprofile: using timer interrupt.
Mar 12 14:56:46 vader-rover kernel: [    3.261871] TCP: cubic registered
Mar 12 14:56:46 vader-rover kernel: [    3.265380] NET: Registered protocol family 17
Mar 12 14:56:46 vader-rover kernel: [    3.270294] NET: Registered protocol family 15
Mar 12 14:56:46 vader-rover kernel: [    3.275299] Key type dns_resolver registered
Mar 12 14:56:46 vader-rover kernel: [    3.280090] VFP support v0.3: implementor 41 architecture 3 part 30 variant c rev 3
Mar 12 14:56:46 vader-rover kernel: [    3.289489] usb 1-2: link qh256-0001/de6c6ac0 start 1 [1/0 us]
Mar 12 14:56:46 vader-rover kernel: [    3.289550] hub 1-2:1.0: state 7 ports 4 chg 001c evt 0000
Mar 12 14:56:46 vader-rover kernel: [    3.289947] hub 1-2:1.0: port 2, status 0101, change 0000, 12 Mb/s
Mar 12 14:56:46 vader-rover kernel: [    3.293060] ThumbEE CPU extension supported.
Mar 12 14:56:46 vader-rover kernel: [    3.297790] sr_init: No PMIC hook to init smartreflex
Mar 12 14:56:46 vader-rover kernel: [    3.303466] smartreflex smartreflex.0: omap_sr_probe: SmartReflex driver initialized
Mar 12 14:56:46 vader-rover kernel: [    3.312011] smartreflex smartreflex.1: omap_sr_probe: SmartReflex driver initialized
Mar 12 14:56:46 vader-rover kernel: [    3.326843] clock: disabling unused clocks to save power
Mar 12 14:56:46 vader-rover kernel: [    3.333984] registered taskstats version 1
Mar 12 14:56:46 vader-rover kernel: [    3.339172] fbcvt: 1024x768@60: CVT Name - .786M3-R
Mar 12 14:56:46 vader-rover kernel: [    3.363677] Console: switching to colour frame buffer device 128x48
Mar 12 14:56:46 vader-rover kernel: [    3.378601] usb 1-2.2: new high-speed USB device number 3 using ehci-omap
Mar 12 14:56:46 vader-rover kernel: [    3.389465] VDAC: incomplete constraints, leaving on
Mar 12 14:56:46 vader-rover kernel: [    3.396881] twl_rtc twl_rtc: setting system clock to 2014-03-12 18:56:36 UTC (1394650596)
Mar 12 14:56:46 vader-rover kernel: [    3.405792] ALSA device list:
Mar 12 14:56:46 vader-rover kernel: [    3.409210]   #0: overo
Mar 12 14:56:46 vader-rover kernel: [    3.412750] Freeing init memory: 220K
Mar 12 14:56:46 vader-rover kernel: [    3.506439] usb 1-2.2: default language 0x0409
Mar 12 14:56:46 vader-rover kernel: [    3.514526] usb 1-2.2: udev 3, busnum 1, minor = 2
Mar 12 14:56:46 vader-rover kernel: [    3.514556] usb 1-2.2: New USB device found, idVendor=1e10, idProduct=2004
Mar 12 14:56:46 vader-rover kernel: [    3.530090] usb 1-2.2: New USB device strings: Mfr=1, Product=2, SerialNumber=3
Mar 12 14:56:46 vader-rover kernel: [    3.547637] usb 1-2.2: Product: USB 2.0 Digital Imaging Camera
Mar 12 14:56:46 vader-rover kernel: [    3.556945] usb 1-2.2: Manufacturer: Point Grey Research
Mar 12 14:56:46 vader-rover kernel: [    3.569549] usb 1-2.2: SerialNumber: 00BB1D77
Mar 12 14:56:46 vader-rover kernel: [    3.574554] mmc0: host does not support reading read-only switch. assuming write-enable.
Mar 12 14:56:46 vader-rover kernel: [    3.590393] usb 1-2.2: usb_probe_device
Mar 12 14:56:46 vader-rover kernel: [    3.590423] usb 1-2.2: configuration #1 chosen from 1 choice
Mar 12 14:56:46 vader-rover kernel: [    3.596099] usb 1-2.2: adding 1-2.2:1.0 (config #1, interface 0)
Mar 12 14:56:46 vader-rover kernel: [    3.605529] mmc0: new high speed SDXC card at address 59b4
Mar 12 14:56:46 vader-rover kernel: [    3.611541] hub 1-2:1.0: port 3, status 0101, change 0000, 12 Mb/s
Mar 12 14:56:46 vader-rover kernel: [    3.638610] mmcblk0: mmc0:59b4       59.6 GiB 
Mar 12 14:56:46 vader-rover kernel: [    3.673797]  mmcblk0: p1 p2
Mar 12 14:56:46 vader-rover kernel: [    3.696075] usb 1-2.3: new high-speed USB device number 4 using ehci-omap
Mar 12 14:56:46 vader-rover kernel: [    3.730926] mmc1: new SDIO card at address 0001
Mar 12 14:56:46 vader-rover kernel: [    3.841613] usb 1-2.3: default language 0x0409
Mar 12 14:56:46 vader-rover kernel: [    3.850402] usb 1-2.3: udev 4, busnum 1, minor = 3
Mar 12 14:56:46 vader-rover kernel: [    3.850433] usb 1-2.3: New USB device found, idVendor=1e10, idProduct=2004
Mar 12 14:56:46 vader-rover kernel: [    3.888214] usb 1-2.3: New USB device strings: Mfr=1, Product=2, SerialNumber=3
Mar 12 14:56:46 vader-rover kernel: [    3.917480] usb 1-2.3: Product: USB 2.0 Digital Imaging Camera
Mar 12 14:56:46 vader-rover kernel: [    3.941040] usb 1-2.3: Manufacturer: Point Grey Research
Mar 12 14:56:46 vader-rover kernel: [    3.961395] usb 1-2.3: SerialNumber: 00CAABB3
Mar 12 14:56:46 vader-rover kernel: [    3.977478] usb 1-2.3: usb_probe_device
Mar 12 14:56:46 vader-rover kernel: [    3.977508] usb 1-2.3: configuration #1 chosen from 1 choice
Mar 12 14:56:46 vader-rover kernel: [    3.984893] usb 1-2.3: adding 1-2.3:1.0 (config #1, interface 0)
Mar 12 14:56:46 vader-rover kernel: [    3.985717] hub 1-2:1.0: port 4, status 0101, change 0000, 12 Mb/s
Mar 12 14:56:46 vader-rover kernel: [    4.071105] usb 1-2.4: new high-speed USB device number 5 using ehci-omap
Mar 12 14:56:46 vader-rover kernel: [    4.204193] usb 1-2.4: udev 5, busnum 1, minor = 4
Mar 12 14:56:46 vader-rover kernel: [    4.204223] usb 1-2.4: New USB device found, idVendor=0409, idProduct=005a
Mar 12 14:56:46 vader-rover kernel: [    4.227020] usb 1-2.4: New USB device strings: Mfr=0, Product=0, SerialNumber=0
Mar 12 14:56:46 vader-rover kernel: [    4.249481] usb 1-2.4: usb_probe_device
Mar 12 14:56:46 vader-rover kernel: [    4.249511] usb 1-2.4: configuration #1 chosen from 1 choice
Mar 12 14:56:46 vader-rover kernel: [    4.250457] usb 1-2.4: adding 1-2.4:1.0 (config #1, interface 0)
Mar 12 14:56:46 vader-rover kernel: [    4.250671] hub 1-2.4:1.0: usb_probe_interface
Mar 12 14:56:46 vader-rover kernel: [    4.250701] hub 1-2.4:1.0: usb_probe_interface - got id
Mar 12 14:56:46 vader-rover kernel: [    4.250701] hub 1-2.4:1.0: USB hub found
Mar 12 14:56:46 vader-rover kernel: [    4.268188] hub 1-2.4:1.0: 4 ports detected
Mar 12 14:56:46 vader-rover kernel: [    4.285980] hub 1-2.4:1.0: standalone hub
Mar 12 14:56:46 vader-rover kernel: [    4.286010] hub 1-2.4:1.0: individual port power switching
Mar 12 14:56:46 vader-rover kernel: [    4.286041] hub 1-2.4:1.0: individual port over-current protection
Mar 12 14:56:46 vader-rover kernel: [    4.286041] hub 1-2.4:1.0: Single TT
Mar 12 14:56:46 vader-rover kernel: [    4.286041] hub 1-2.4:1.0: TT requires at most 16 FS bit times (1332 ns)
Mar 12 14:56:46 vader-rover kernel: [    4.286071] hub 1-2.4:1.0: power on to power good time: 100ms
Mar 12 14:56:46 vader-rover kernel: [    4.286437] hub 1-2.4:1.0: local power source is good
Mar 12 14:56:46 vader-rover kernel: [    4.286437] hub 1-2.4:1.0: enabling power on all ports
Mar 12 14:56:46 vader-rover kernel: [    4.287292] hub 1-2:1.0: state 7 ports 4 chg 0000 evt 0010
Mar 12 14:56:46 vader-rover kernel: [    4.383972] usb 1-2.4: link qh256-0001/de7a4cc0 start 2 [1/0 us]
Mar 12 14:56:46 vader-rover kernel: [    4.384033] hub 1-2.4:1.0: state 7 ports 4 chg 0000 evt 0000
Mar 12 14:56:46 vader-rover kernel: [    6.208892] end_request: I/O error, dev mtdblock0, sector 0
Mar 12 14:56:46 vader-rover kernel: [    6.218566] Buffer I/O error on device mtdblock0, logical block 0
Mar 12 14:56:46 vader-rover kernel: [    6.336517] end_request: I/O error, dev mtdblock0, sector 0
Mar 12 14:56:46 vader-rover kernel: [    6.346252] Buffer I/O error on device mtdblock0, logical block 0
Mar 12 14:56:46 vader-rover kernel: [    6.423370] end_request: I/O error, dev mtdblock0, sector 0
Mar 12 14:56:46 vader-rover kernel: [    6.433227] Buffer I/O error on device mtdblock0, logical block 0
Mar 12 14:56:46 vader-rover kernel: [    6.514434] end_request: I/O error, dev mtdblock0, sector 0
Mar 12 14:56:46 vader-rover kernel: [    6.524291] Buffer I/O error on device mtdblock0, logical block 0
Mar 12 14:56:46 vader-rover kernel: [    6.623138] end_request: I/O error, dev mtdblock0, sector 0
Mar 12 14:56:46 vader-rover kernel: [    6.632965] Buffer I/O error on device mtdblock0, logical block 0
Mar 12 14:56:46 vader-rover kernel: [    6.718444] end_request: I/O error, dev mtdblock0, sector 0
Mar 12 14:56:46 vader-rover kernel: [    6.728271] Buffer I/O error on device mtdblock0, logical block 0
Mar 12 14:56:46 vader-rover kernel: [    6.789367] end_request: I/O error, dev mtdblock0, sector 0
Mar 12 14:56:46 vader-rover kernel: [    6.799133] Buffer I/O error on device mtdblock0, logical block 0
Mar 12 14:56:46 vader-rover kernel: [    6.845581] end_request: I/O error, dev mtdblock0, sector 0
Mar 12 14:56:46 vader-rover kernel: [    6.855346] Buffer I/O error on device mtdblock0, logical block 0
Mar 12 14:56:46 vader-rover kernel: [    6.912414] end_request: I/O error, dev mtdblock0, sector 0
Mar 12 14:56:46 vader-rover kernel: [    6.922210] Buffer I/O error on device mtdblock0, logical block 0
Mar 12 14:56:46 vader-rover kernel: [    6.965698] end_request: I/O error, dev mtdblock0, sector 0
Mar 12 14:56:46 vader-rover kernel: [    6.975463] Buffer I/O error on device mtdblock0, logical block 0
Mar 12 14:56:46 vader-rover kernel: [    7.008300] hub 1-2.4:1.0: hub_suspend
Mar 12 14:56:46 vader-rover kernel: [    7.008361] usb 1-2.4: unlink qh256-0001/de7a4cc0 start 2 [1/0 us]
Mar 12 14:56:46 vader-rover kernel: [    7.008911] usb 1-2.4: usb auto-suspend, wakeup 1
Mar 12 14:56:46 vader-rover kernel: [    7.022186] end_request: I/O error, dev mtdblock0, sector 0
Mar 12 14:56:46 vader-rover kernel: [    7.052490] end_request: I/O error, dev mtdblock0, sector 0
Mar 12 14:56:46 vader-rover kernel: [    7.082092] end_request: I/O error, dev mtdblock0, sector 0
Mar 12 14:56:46 vader-rover kernel: [    7.093322] ads7846 spi1.0: touchscreen, irq 210
Mar 12 14:56:46 vader-rover kernel: [    7.093566] ads7846 spi1.0: no device detected, test read result was 0x00000FFF
Mar 12 14:56:46 vader-rover kernel: [    7.109985] end_request: I/O error, dev mtdblock0, sector 0
Mar 12 14:56:46 vader-rover kernel: [    7.119934] Linux media interface: v0.10
Mar 12 14:56:46 vader-rover kernel: [    7.135406] end_request: I/O error, dev mtdblock0, sector 0
Mar 12 14:56:46 vader-rover kernel: [    7.159515] end_request: I/O error, dev mtdblock0, sector 0
Mar 12 14:56:46 vader-rover kernel: [    7.186950] end_request: I/O error, dev mtdblock0, sector 0
Mar 12 14:56:46 vader-rover kernel: [    7.196929] Linux video capture interface: v2.00
Mar 12 14:56:46 vader-rover kernel: [    7.213073] end_request: I/O error, dev mtdblock0, sector 8
Mar 12 14:56:46 vader-rover kernel: [    7.245910] end_request: I/O error, dev mtdblock0, sector 8
Mar 12 14:56:46 vader-rover kernel: [    7.273162] end_request: I/O error, dev mtdblock0, sector 8
Mar 12 14:56:46 vader-rover kernel: [    7.301635] end_request: I/O error, dev mtdblock0, sector 8
Mar 12 14:56:46 vader-rover kernel: [    7.327453] end_request: I/O error, dev mtdblock0, sector 24
Mar 12 14:56:46 vader-rover kernel: [    7.358978] end_request: I/O error, dev mtdblock0, sector 24
Mar 12 14:56:46 vader-rover kernel: [    7.377105] omap3isp omap3isp: Revision 15.0 found
Mar 12 14:56:46 vader-rover kernel: [    7.377227] omap-iommu omap-iommu.0: isp: version 1.1
Mar 12 14:56:46 vader-rover kernel: [    7.383850] end_request: I/O error, dev mtdblock0, sector 24
Mar 12 14:56:46 vader-rover kernel: [    7.413482] end_request: I/O error, dev mtdblock0, sector 24
Mar 12 14:56:46 vader-rover kernel: [    7.439544] end_request: I/O error, dev mtdblock0, sector 56
Mar 12 14:56:46 vader-rover kernel: [    7.473175] end_request: I/O error, dev mtdblock0, sector 56
Mar 12 14:56:46 vader-rover kernel: [    7.499786] mt9v032 3-005c: Probing MT9V032 at address 0x5c
Mar 12 14:56:46 vader-rover kernel: [    7.500091] end_request: I/O error, dev mtdblock0, sector 56
Mar 12 14:56:46 vader-rover kernel: [    7.509124] mt9v032 3-005c: MT9V032 power up failed
Mar 12 14:56:46 vader-rover kernel: [    7.518859] end_request: I/O error, dev mtdblock0, sector 56
Mar 12 14:56:46 vader-rover kernel: [    7.545379] lib80211: common routines for IEEE802.11 drivers
Mar 12 14:56:46 vader-rover kernel: [    7.545410] lib80211_crypt: registered algorithm 'NULL'
Mar 12 14:56:46 vader-rover kernel: [    7.546203] end_request: I/O error, dev mtdblock0, sector 120
Mar 12 14:56:46 vader-rover kernel: [    7.573150] end_request: I/O error, dev mtdblock0, sector 120
Mar 12 14:56:46 vader-rover kernel: [    7.597534] end_request: I/O error, dev mtdblock0, sector 120
Mar 12 14:56:46 vader-rover kernel: [    7.616577] isp_register_subdev_group: Unable to register subdev mt9v032
Mar 12 14:56:46 vader-rover kernel: [    7.627136] end_request: I/O error, dev mtdblock0, sector 120
Mar 12 14:56:46 vader-rover kernel: [    7.638122] end_request: I/O error, dev mtdblock0, sector 0
Mar 12 14:56:46 vader-rover kernel: [    7.666015] end_request: I/O error, dev mtdblock0, sector 0
Mar 12 14:56:46 vader-rover kernel: [    7.692535] end_request: I/O error, dev mtdblock0, sector 8
Mar 12 14:56:46 vader-rover kernel: [    7.721099] end_request: I/O error, dev mtdblock0, sector 8
Mar 12 14:56:46 vader-rover kernel: [    7.749145] end_request: I/O error, dev mtdblock0, sector 24
Mar 12 14:56:46 vader-rover kernel: [    7.774444] end_request: I/O error, dev mtdblock0, sector 24
Mar 12 14:56:46 vader-rover kernel: [    7.796142] cfg80211: Calling CRDA to update world regulatory domain
Mar 12 14:56:46 vader-rover kernel: [    7.803466] end_request: I/O error, dev mtdblock0, sector 56
Mar 12 14:56:46 vader-rover kernel: [    7.832489] end_request: I/O error, dev mtdblock0, sector 56
Mar 12 14:56:46 vader-rover kernel: [    7.858154] end_request: I/O error, dev mtdblock0, sector 120
Mar 12 14:56:46 vader-rover kernel: [    7.882659] end_request: I/O error, dev mtdblock0, sector 120
Mar 12 14:56:46 vader-rover kernel: [    7.904388] end_request: I/O error, dev mtdblock0, sector 0
Mar 12 14:56:46 vader-rover kernel: [    7.928588] end_request: I/O error, dev mtdblock0, sector 0
Mar 12 14:56:46 vader-rover kernel: [    7.954742] end_request: I/O error, dev mtdblock0, sector 0
Mar 12 14:56:46 vader-rover kernel: [    7.962860] libertas_sdio: Libertas SDIO driver
Mar 12 14:56:46 vader-rover kernel: [    7.962890] libertas_sdio: Copyright Pierre Ossman
Mar 12 14:56:46 vader-rover kernel: [    7.980163] end_request: I/O error, dev mtdblock0, sector 0
Mar 12 14:56:46 vader-rover kernel: [    8.007965] end_request: I/O error, dev mtdblock0, sector 0
Mar 12 14:56:46 vader-rover kernel: [    8.031799] end_request: I/O error, dev mtdblock0, sector 0
Mar 12 14:56:46 vader-rover kernel: [    8.045288] end_request: I/O error, dev mtdblock0, sector 64
Mar 12 14:56:46 vader-rover kernel: [    8.065216] end_request: I/O error, dev mtdblock0, sector 64
Mar 12 14:56:46 vader-rover kernel: [    8.086639] end_request: I/O error, dev mtdblock0, sector 64
