Jan 13 13:11:17 vader-rover kernel: Kernel logging (proc) stopped.
Jan 13 13:12:06 vader-rover kernel: imklog 5.8.6, log source = /proc/kmsg started.
Jan 13 13:12:06 vader-rover kernel: [    0.000000] Booting Linux on physical CPU 0
Jan 13 13:12:06 vader-rover kernel: [    0.000000] Initializing cgroup subsys cpuset
Jan 13 13:12:06 vader-rover kernel: [    0.000000] Initializing cgroup subsys cpu
Jan 13 13:12:06 vader-rover kernel: [    0.000000] Linux version 3.5.0-2-linaro-omap (adam@pine) (gcc version 4.6.3 (Ubuntu/Linaro 4.6.3-1ubuntu5) ) #2~ci+121210190143 PREEMPT Mon Dec 10 11:03:27 PST 2012
Jan 13 13:12:06 vader-rover kernel: [    0.000000] CPU: ARMv7 Processor [413fc082] revision 2 (ARMv7), cr=10c53c7d
Jan 13 13:12:06 vader-rover kernel: [    0.000000] CPU: PIPT / VIPT nonaliasing data cache, VIPT aliasing instruction cache
Jan 13 13:12:06 vader-rover kernel: [    0.000000] Machine: Gumstix Overo
Jan 13 13:12:06 vader-rover kernel: [    0.000000] Reserving 12582912 bytes SDRAM for VRAM
Jan 13 13:12:06 vader-rover kernel: [    0.000000] Memory policy: ECC disabled, Data cache writeback
Jan 13 13:12:06 vader-rover kernel: [    0.000000] On node 0 totalpages: 127744
Jan 13 13:12:06 vader-rover kernel: [    0.000000] free_area_init_node: node 0, pgdat c070b85c, node_mem_map c07a7000
Jan 13 13:12:06 vader-rover kernel: [    0.000000]   Normal zone: 1024 pages used for memmap
Jan 13 13:12:06 vader-rover kernel: [    0.000000]   Normal zone: 0 pages reserved
Jan 13 13:12:06 vader-rover kernel: [    0.000000]   Normal zone: 126720 pages, LIFO batch:31
Jan 13 13:12:06 vader-rover kernel: [    0.000000] OMAP3630 ES1.2 (l2cache iva sgx neon isp 192mhz_clk )
Jan 13 13:12:06 vader-rover kernel: [    0.000000] Clocking rate (Crystal/Core/MPU): 26.0/400/600 MHz
Jan 13 13:12:06 vader-rover kernel: [    0.000000] pcpu-alloc: s0 r0 d32768 u32768 alloc=1*32768
Jan 13 13:12:06 vader-rover kernel: [    0.000000] pcpu-alloc: [0] 0 
Jan 13 13:12:06 vader-rover kernel: [    0.000000] Built 1 zonelists in Zone order, mobility grouping on.  Total pages: 126720
Jan 13 13:12:06 vader-rover kernel: [    0.000000] Kernel command line: console=tty0 console=ttyO2,115200n8 root=/dev/mmcblk0p2 rootwait ro earlyprintk mpurate=500 vram=12M omapdss.def_disp=dvi omapfb.mode=dvi:1024x768MR-16@60
Jan 13 13:12:06 vader-rover kernel: [    0.000000] PID hash table entries: 2048 (order: 1, 8192 bytes)
Jan 13 13:12:06 vader-rover kernel: [    0.000000] Dentry cache hash table entries: 65536 (order: 6, 262144 bytes)
Jan 13 13:12:06 vader-rover kernel: [    0.000000] Inode-cache hash table entries: 32768 (order: 5, 131072 bytes)
Jan 13 13:12:06 vader-rover kernel: [    0.000000] allocated 1048576 bytes of page_cgroup
Jan 13 13:12:06 vader-rover kernel: [    0.000000] please try 'cgroup_disable=memory' option if you don't want memory cgroups
Jan 13 13:12:06 vader-rover kernel: [    0.000000] Memory: 499MB = 499MB total
Jan 13 13:12:06 vader-rover kernel: [    0.000000] Memory: 495744k/495744k available, 28544k reserved, 0K highmem
Jan 13 13:12:06 vader-rover kernel: [    0.000000] Virtual kernel memory layout:
Jan 13 13:12:06 vader-rover kernel: [    0.000000]     vector  : 0xffff0000 - 0xffff1000   (   4 kB)
Jan 13 13:12:06 vader-rover kernel: [    0.000000]     fixmap  : 0xfff00000 - 0xfffe0000   ( 896 kB)
Jan 13 13:12:06 vader-rover kernel: [    0.000000]     vmalloc : 0xe0800000 - 0xff000000   ( 488 MB)
Jan 13 13:12:06 vader-rover kernel: [    0.000000]     lowmem  : 0xc0000000 - 0xe0000000   ( 512 MB)
Jan 13 13:12:06 vader-rover kernel: [    0.000000]     pkmap   : 0xbfe00000 - 0xc0000000   (   2 MB)
Jan 13 13:12:06 vader-rover kernel: [    0.000000]     modules : 0xbf000000 - 0xbfe00000   (  14 MB)
Jan 13 13:12:06 vader-rover kernel: [    0.000000]       .text : 0xc0008000 - 0xc067abfc   (6603 kB)
Jan 13 13:12:06 vader-rover kernel: [    0.000000]       .init : 0xc067b000 - 0xc06b2000   ( 220 kB)
Jan 13 13:12:06 vader-rover kernel: [    0.000000]       .data : 0xc06b2000 - 0xc071b268   ( 421 kB)
Jan 13 13:12:06 vader-rover kernel: [    0.000000]        .bss : 0xc071b28c - 0xc07a6020   ( 556 kB)
Jan 13 13:12:06 vader-rover kernel: [    0.000000] NR_IRQS:474
Jan 13 13:12:06 vader-rover kernel: [    0.000000] IRQ: Found an INTC at 0xfa200000 (revision 4.0) with 96 interrupts
Jan 13 13:12:06 vader-rover kernel: [    0.000000] Total of 96 interrupts on 1 active controller
Jan 13 13:12:06 vader-rover kernel: [    0.000000] OMAP clockevent source: GPTIMER1 at 32768 Hz
Jan 13 13:12:06 vader-rover kernel: [    0.000000] sched_clock: 32 bits at 32kHz, resolution 30517ns, wraps every 131071999ms
Jan 13 13:12:06 vader-rover kernel: [    0.000000] OMAP clocksource: 32k_counter at 32768 Hz
Jan 13 13:12:06 vader-rover kernel: [    0.000000] Console: colour dummy device 80x30
Jan 13 13:12:06 vader-rover kernel: [    0.000000] console [tty0] enabled
Jan 13 13:12:06 vader-rover kernel: [    0.000976] Calibrating delay loop... 597.64 BogoMIPS (lpj=2334720)
Jan 13 13:12:06 vader-rover kernel: [    0.039093] pid_max: default: 32768 minimum: 301
Jan 13 13:12:06 vader-rover kernel: [    0.039276] Security Framework initialized
Jan 13 13:12:06 vader-rover kernel: [    0.039398] Mount-cache hash table entries: 512
Jan 13 13:12:06 vader-rover kernel: [    0.040191] Initializing cgroup subsys debug
Jan 13 13:12:06 vader-rover kernel: [    0.040222] Initializing cgroup subsys cpuacct
Jan 13 13:12:06 vader-rover kernel: [    0.040252] Initializing cgroup subsys memory
Jan 13 13:12:06 vader-rover kernel: [    0.040313] Initializing cgroup subsys devices
Jan 13 13:12:06 vader-rover kernel: [    0.040344] Initializing cgroup subsys freezer
Jan 13 13:12:06 vader-rover kernel: [    0.040374] Initializing cgroup subsys perf_event
Jan 13 13:12:06 vader-rover kernel: [    0.040496] CPU: Testing write buffer coherency: ok
Jan 13 13:12:06 vader-rover kernel: [    0.040802] Setting up static identity map for 0x8046ea98 - 0x8046eaf0
Jan 13 13:12:06 vader-rover kernel: [    0.045837] devtmpfs: initialized
Jan 13 13:12:06 vader-rover kernel: [    0.050537] dummy: 
Jan 13 13:12:06 vader-rover kernel: [    0.050933] NET: Registered protocol family 16
Jan 13 13:12:06 vader-rover kernel: [    0.051391] GPMC revision 5.0
Jan 13 13:12:06 vader-rover kernel: [    0.051452] gpmc: irq-20 could not claim: err -22
Jan 13 13:12:06 vader-rover kernel: [    0.053131] gpiochip_add: registered GPIOs 0 to 31 on device: gpio
Jan 13 13:12:06 vader-rover kernel: [    0.053222] OMAP GPIO hardware version 2.5
Jan 13 13:12:06 vader-rover kernel: [    0.053466] gpiochip_add: registered GPIOs 32 to 63 on device: gpio
Jan 13 13:12:06 vader-rover kernel: [    0.053741] gpiochip_add: registered GPIOs 64 to 95 on device: gpio
Jan 13 13:12:06 vader-rover kernel: [    0.054016] gpiochip_add: registered GPIOs 96 to 127 on device: gpio
Jan 13 13:12:06 vader-rover kernel: [    0.054321] gpiochip_add: registered GPIOs 128 to 159 on device: gpio
Jan 13 13:12:06 vader-rover kernel: [    0.054595] gpiochip_add: registered GPIOs 160 to 191 on device: gpio
Jan 13 13:12:06 vader-rover kernel: [    0.055633] omap_mux_init: Add partition: #1: core, flags: 0
Jan 13 13:12:06 vader-rover kernel: [    0.060577] _omap_mux_get_by_name: Could not find signal uart4_rx.uart4_rx
Jan 13 13:12:06 vader-rover kernel: [    0.066467] Reprogramming SDRC clock to 400000000 Hz
Jan 13 13:12:06 vader-rover kernel: [    0.066497] dpll3_m2_clk rate change failed: -22
Jan 13 13:12:06 vader-rover kernel: [    0.066528] Found NAND on CS0
Jan 13 13:12:06 vader-rover kernel: [    0.066528] Registering NAND on CS0
Jan 13 13:12:06 vader-rover kernel: [    0.067749]  usbhs_omap: alias fck already exists
Jan 13 13:12:06 vader-rover kernel: [    0.075256] hw-breakpoint: debug architecture 0x4 unsupported.
Jan 13 13:12:06 vader-rover kernel: [    0.078308]  omap-mcbsp.2: alias fck already exists
Jan 13 13:12:06 vader-rover kernel: [    0.078521]  omap-mcbsp.3: alias fck already exists
Jan 13 13:12:06 vader-rover kernel: [    0.079589] Switched to new clocking rate (Crystal/Core/MPU): 26.0/400/500 MHz
Jan 13 13:12:06 vader-rover kernel: [    0.079864] OMAP DMA hardware revision 5.0
Jan 13 13:12:06 vader-rover kernel: [    0.089538] bio: create slab <bio-0> at 0
Jan 13 13:12:06 vader-rover kernel: [    0.090423] fixed-dummy: 
Jan 13 13:12:06 vader-rover kernel: [    0.090576] reg-fixed-voltage reg-fixed-voltage.0: fixed-dummy supplying 0uV
Jan 13 13:12:06 vader-rover kernel: [    0.090820] vads7846: override min_uV, 1 -> 3300000
Jan 13 13:12:06 vader-rover kernel: [    0.090850] vads7846: override max_uV, 2147483647 -> 3300000
Jan 13 13:12:06 vader-rover kernel: [    0.090850] vads7846: 3300 mV 
Jan 13 13:12:06 vader-rover kernel: [    0.090972] reg-fixed-voltage reg-fixed-voltage.1: vads7846 supplying 3300000uV
Jan 13 13:12:06 vader-rover kernel: [    0.091796] SCSI subsystem initialized
Jan 13 13:12:06 vader-rover kernel: [    0.092193] usbcore: registered new interface driver usbfs
Jan 13 13:12:06 vader-rover kernel: [    0.092376] usbcore: registered new interface driver hub
Jan 13 13:12:06 vader-rover kernel: [    0.092651] usbcore: registered new device driver usb
Jan 13 13:12:06 vader-rover kernel: [    0.093200] omap_i2c omap_i2c.1: bus 1 rev1.4.0 at 2600 kHz
Jan 13 13:12:06 vader-rover kernel: [    0.096282] twl 1-0048: PIH (irq 7) chaining IRQs 320..328
Jan 13 13:12:06 vader-rover kernel: [    0.096466] twl 1-0048: power (irq 325) chaining IRQs 328..335
Jan 13 13:12:06 vader-rover kernel: [    0.097198] twl4030_gpio twl4030_gpio: gpio (irq 320) chaining IRQs 336..353
Jan 13 13:12:06 vader-rover kernel: [    0.097595] gpiochip_add: registered GPIOs 192 to 211 on device: twl4030
Jan 13 13:12:06 vader-rover kernel: [    0.098541] VUSB1V5: override min_uV, 1 -> 1500000
Jan 13 13:12:06 vader-rover kernel: [    0.098541] VUSB1V5: override max_uV, 2147483647 -> 1500000
Jan 13 13:12:06 vader-rover kernel: [    0.098571] VUSB1V5: 1500 mV normal standby
Jan 13 13:12:06 vader-rover kernel: [    0.099182] VUSB1V8: override min_uV, 1 -> 1800000
Jan 13 13:12:06 vader-rover kernel: [    0.099182] VUSB1V8: override max_uV, 2147483647 -> 1800000
Jan 13 13:12:06 vader-rover kernel: [    0.099212] VUSB1V8: 1800 mV normal standby
Jan 13 13:12:06 vader-rover kernel: [    0.099731] VUSB3V1: override min_uV, 1 -> 3100000
Jan 13 13:12:06 vader-rover kernel: [    0.099761] VUSB3V1: override max_uV, 2147483647 -> 3100000
Jan 13 13:12:06 vader-rover kernel: [    0.099792] VUSB3V1: 3100 mV normal standby
Jan 13 13:12:06 vader-rover kernel: [    0.101531] twl4030_usb twl4030_usb: HW_CONDITIONS 0x10/16; link 0
Jan 13 13:12:06 vader-rover kernel: [    0.101806] twl4030_usb twl4030_usb: Initialized TWL4030 USB module
Jan 13 13:12:06 vader-rover kernel: [    0.102508] vdd_mpu_iva: 600 <--> 1450 mV normal 
Jan 13 13:12:06 vader-rover kernel: [    0.103057] vdd_core: 600 <--> 1450 mV normal 
Jan 13 13:12:06 vader-rover kernel: [    0.103698] VMMC1: 1850 <--> 3150 mV at 3150 mV normal standby
Jan 13 13:12:06 vader-rover kernel: [    0.104370] VDAC: 1800 mV normal standby
Jan 13 13:12:06 vader-rover kernel: [    0.105041] VDVI: 1800 mV normal standby
Jan 13 13:12:06 vader-rover kernel: [    0.117279] omap_i2c omap_i2c.3: bus 3 rev1.4.0 at 400 kHz
Jan 13 13:12:06 vader-rover kernel: [    0.118255] omap-iommu omap-iommu.0: isp registered
Jan 13 13:12:06 vader-rover kernel: [    0.118530] Advanced Linux Sound Architecture Driver Version 1.0.25.
Jan 13 13:12:06 vader-rover kernel: [    0.119598] Switching to clocksource 32k_counter
Jan 13 13:12:06 vader-rover kernel: [    0.153076] usbhs_omap usbhs_omap: xclk60mhsp2_ck set parentfailed error:-22
Jan 13 13:12:06 vader-rover kernel: [    0.154022] NET: Registered protocol family 2
Jan 13 13:12:06 vader-rover kernel: [    0.154388] IP route cache hash table entries: 4096 (order: 2, 16384 bytes)
Jan 13 13:12:06 vader-rover kernel: [    0.155090] TCP established hash table entries: 16384 (order: 5, 131072 bytes)
Jan 13 13:12:06 vader-rover kernel: [    0.155548] TCP bind hash table entries: 16384 (order: 4, 65536 bytes)
Jan 13 13:12:06 vader-rover kernel: [    0.155822] TCP: Hash tables configured (established 16384 bind 16384)
Jan 13 13:12:06 vader-rover kernel: [    0.155853] TCP: reno registered
Jan 13 13:12:06 vader-rover kernel: [    0.155883] UDP hash table entries: 256 (order: 0, 4096 bytes)
Jan 13 13:12:06 vader-rover kernel: [    0.155944] UDP-Lite hash table entries: 256 (order: 0, 4096 bytes)
Jan 13 13:12:06 vader-rover kernel: [    0.156341] NET: Registered protocol family 1
Jan 13 13:12:06 vader-rover kernel: [    0.156982] RPC: Registered named UNIX socket transport module.
Jan 13 13:12:06 vader-rover kernel: [    0.157012] RPC: Registered udp transport module.
Jan 13 13:12:06 vader-rover kernel: [    0.157043] RPC: Registered tcp transport module.
Jan 13 13:12:06 vader-rover kernel: [    0.157073] RPC: Registered tcp NFSv4.1 backchannel transport module.
Jan 13 13:12:06 vader-rover kernel: [    0.157409] Trying to unpack rootfs image as initramfs...
Jan 13 13:12:06 vader-rover kernel: [    0.367034] Freeing initrd memory: 1828K
Jan 13 13:12:06 vader-rover kernel: [    0.369995] audit: initializing netlink socket (disabled)
Jan 13 13:12:06 vader-rover kernel: [    0.370086] type=2000 audit(0.367:1): initialized
Jan 13 13:12:06 vader-rover kernel: [    0.371795] VFS: Disk quotas dquot_6.5.2
Jan 13 13:12:06 vader-rover kernel: [    0.371917] Dquot-cache hash table entries: 1024 (order 0, 4096 bytes)
Jan 13 13:12:06 vader-rover kernel: [    0.372436] NFS: Registering the id_resolver key type
Jan 13 13:12:06 vader-rover kernel: [    0.372558] Key type id_resolver registered
Jan 13 13:12:06 vader-rover kernel: [    0.373107] jffs2: version 2.2. (NAND) (SUMMARY)  Â© 2001-2006 Red Hat, Inc.
Jan 13 13:12:06 vader-rover kernel: [    0.373962] fuse init (API version 7.19)
Jan 13 13:12:06 vader-rover kernel: [    0.374633] msgmni has been set to 971
Jan 13 13:12:06 vader-rover kernel: [    0.376892] Block layer SCSI generic (bsg) driver version 0.4 loaded (major 253)
Jan 13 13:12:06 vader-rover kernel: [    0.376953] io scheduler noop registered
Jan 13 13:12:06 vader-rover kernel: [    0.376983] io scheduler deadline registered (default)
Jan 13 13:12:06 vader-rover kernel: [    0.378112] OMAP DSS rev 2.0
Jan 13 13:12:06 vader-rover kernel: [    0.381958] omap_uart.0: ttyO0 at MMIO 0x4806a000 (irq = 72) is a OMAP UART0
Jan 13 13:12:06 vader-rover kernel: [    0.382568] omap_uart.1: ttyO1 at MMIO 0x4806c000 (irq = 73) is a OMAP UART1
Jan 13 13:12:06 vader-rover kernel: [    0.383178] omap_uart.2: ttyO2 at MMIO 0x49020000 (irq = 74) is a OMAP UART2
Jan 13 13:12:06 vader-rover kernel: [    1.086914] console [ttyO2] enabled
Jan 13 13:12:06 vader-rover kernel: [    1.091186] omap_uart.3: ttyO3 at MMIO 0x49042000 (irq = 80) is a OMAP UART3
Jan 13 13:12:06 vader-rover kernel: [    1.109161] brd: module loaded
Jan 13 13:12:06 vader-rover kernel: [    1.117828] loop: module loaded
Jan 13 13:12:06 vader-rover kernel: [    1.123382] twl4030_madc twl4030_madc: clk disabled, enabling
Jan 13 13:12:06 vader-rover kernel: [    1.131866] NAND device: Manufacturer ID: 0x2c, Chip ID: 0xbc (Micron NAND 512MiB 1,8V 16-bit), page size: 2048, OOB size: 64
Jan 13 13:12:06 vader-rover kernel: [    1.160705] Creating 5 MTD partitions on "omap2-nand.0":
Jan 13 13:12:06 vader-rover kernel: [    1.166351] 0x000000000000-0x000000080000 : "xloader"
Jan 13 13:12:06 vader-rover kernel: [    1.173797] 0x000000080000-0x000000240000 : "uboot"
Jan 13 13:12:06 vader-rover kernel: [    1.182067] 0x000000240000-0x000000280000 : "uboot environment"
Jan 13 13:12:06 vader-rover kernel: [    1.189941] 0x000000280000-0x000000680000 : "linux"
Jan 13 13:12:06 vader-rover kernel: [    1.200439] 0x000000680000-0x000020000000 : "rootfs"
Jan 13 13:12:06 vader-rover kernel: [    1.711914] smsc911x: Driver version 2008-10-21
Jan 13 13:12:06 vader-rover kernel: [    1.717285] smsc911x: Driver version 2008-10-21
Jan 13 13:12:06 vader-rover kernel: [    1.722686] usbcore: registered new interface driver asix
Jan 13 13:12:06 vader-rover kernel: [    1.728454] usbcore: registered new interface driver cdc_ether
Jan 13 13:12:06 vader-rover kernel: [    1.734802] usbcore: registered new interface driver cdc_ncm
Jan 13 13:12:06 vader-rover kernel: [    1.741210] ehci_hcd: USB 2.0 'Enhanced' Host Controller (EHCI) Driver
Jan 13 13:12:06 vader-rover kernel: [    1.748168] ehci_hcd: block sizes: qh 64 qtd 96 itd 160 sitd 96
Jan 13 13:12:06 vader-rover kernel: [    1.748352] ehci-omap ehci-omap.0: failed to get ehci port1 regulator
Jan 13 13:12:06 vader-rover kernel: [    2.752624] ehci-omap ehci-omap.0: phy reset operation timed out
Jan 13 13:12:06 vader-rover kernel: [    2.752655] ehci-omap ehci-omap.0: reset hcs_params 0x1313 dbg=0 cc=1 pcc=3 ordered ports=3
Jan 13 13:12:06 vader-rover kernel: [    2.752685] ehci-omap ehci-omap.0: reset hcc_params 0016 thresh 1 uframes 256/512/1024 park
Jan 13 13:12:06 vader-rover kernel: [    2.752716] ehci-omap ehci-omap.0: reset command 0080b02  park=3 ithresh=8 period=1024 Reset HALT
Jan 13 13:12:06 vader-rover kernel: [    2.752746] ehci-omap ehci-omap.0: OMAP-EHCI Host Controller
Jan 13 13:12:06 vader-rover kernel: [    2.759124] ehci-omap ehci-omap.0: new USB bus registered, assigned bus number 1
Jan 13 13:12:06 vader-rover kernel: [    2.767089] ehci-omap ehci-omap.0: park 0
Jan 13 13:12:06 vader-rover kernel: [    2.767150] ehci-omap ehci-omap.0: irq 77, io mem 0x48064800
Jan 13 13:12:06 vader-rover kernel: [    2.773193] ehci-omap ehci-omap.0: init command 0010005 (park)=0 ithresh=1 period=512 RUN
Jan 13 13:12:06 vader-rover kernel: [    2.783905] ehci-omap ehci-omap.0: USB 2.0 started, EHCI 1.00
Jan 13 13:12:06 vader-rover kernel: [    2.790161] usb usb1: default language 0x0409
Jan 13 13:12:06 vader-rover kernel: [    2.790222] usb usb1: udev 1, busnum 1, minor = 0
Jan 13 13:12:06 vader-rover kernel: [    2.790222] usb usb1: New USB device found, idVendor=1d6b, idProduct=0002
Jan 13 13:12:06 vader-rover kernel: [    2.797454] usb usb1: New USB device strings: Mfr=3, Product=2, SerialNumber=1
Jan 13 13:12:06 vader-rover kernel: [    2.805114] usb usb1: Product: OMAP-EHCI Host Controller
Jan 13 13:12:06 vader-rover kernel: [    2.810729] usb usb1: Manufacturer: Linux 3.5.0-2-linaro-omap ehci_hcd
Jan 13 13:12:06 vader-rover kernel: [    2.817657] usb usb1: SerialNumber: ehci-omap.0
Jan 13 13:12:06 vader-rover kernel: [    2.823150] usb usb1: usb_probe_device
Jan 13 13:12:06 vader-rover kernel: [    2.823181] usb usb1: configuration #1 chosen from 1 choice
Jan 13 13:12:06 vader-rover kernel: [    2.823242] usb usb1: adding 1-0:1.0 (config #1, interface 0)
Jan 13 13:12:06 vader-rover kernel: [    2.823455] hub 1-0:1.0: usb_probe_interface
Jan 13 13:12:06 vader-rover kernel: [    2.823455] hub 1-0:1.0: usb_probe_interface - got id
Jan 13 13:12:06 vader-rover kernel: [    2.823486] hub 1-0:1.0: USB hub found
Jan 13 13:12:06 vader-rover kernel: [    2.827484] hub 1-0:1.0: 3 ports detected
Jan 13 13:12:06 vader-rover kernel: [    2.831756] hub 1-0:1.0: standalone hub
Jan 13 13:12:06 vader-rover kernel: [    2.831787] hub 1-0:1.0: individual port power switching
Jan 13 13:12:06 vader-rover kernel: [    2.831787] hub 1-0:1.0: individual port over-current protection
Jan 13 13:12:06 vader-rover kernel: [    2.831817] hub 1-0:1.0: power on to power good time: 20ms
Jan 13 13:12:06 vader-rover kernel: [    2.831848] hub 1-0:1.0: local power source is good
Jan 13 13:12:06 vader-rover kernel: [    2.831878] hub 1-0:1.0: enabling power on all ports
Jan 13 13:12:06 vader-rover kernel: [    2.832244] ehci-omap ehci-omap.0: ...powerup ports...
Jan 13 13:12:06 vader-rover kernel: [    2.862243] Initializing USB Mass Storage driver...
Jan 13 13:12:06 vader-rover kernel: [    2.867584] usbcore: registered new interface driver usb-storage
Jan 13 13:12:06 vader-rover kernel: [    2.873962] USB Mass Storage support registered.
Jan 13 13:12:06 vader-rover kernel: [    2.878875] musb-hdrc: version 6.0, ?dma?, otg (peripheral+host)
Jan 13 13:12:06 vader-rover kernel: [    2.891845] twl4030_usb twl4030_usb: twl4030_phy_resume
Jan 13 13:12:06 vader-rover kernel: [    2.892120] musb-hdrc: ConfigData=0xde (UTMI-8, dyn FIFOs, bulk combine, bulk split, HB-ISO Rx, HB-ISO Tx, SoftConn)
Jan 13 13:12:06 vader-rover kernel: [    2.892150] musb-hdrc: MHDRC RTL version 1.800 
Jan 13 13:12:06 vader-rover kernel: [    2.892150] musb-hdrc: setup fifo_mode 4
Jan 13 13:12:06 vader-rover kernel: [    2.892181] musb-hdrc: 28/31 max ep, 16384/16384 memory
Jan 13 13:12:06 vader-rover kernel: [    2.892761] musb-hdrc musb-hdrc: USB OTG mode controller at fa0ab000 using DMA, IRQ 92
Jan 13 13:12:06 vader-rover kernel: [    2.903320] twl4030_usb twl4030_usb: twl4030_phy_suspend
Jan 13 13:12:06 vader-rover kernel: [    2.903991] mousedev: PS/2 mouse device common for all mice
Jan 13 13:12:06 vader-rover kernel: [    2.910827] twl_rtc twl_rtc: Enabling TWL-RTC
Jan 13 13:12:06 vader-rover kernel: [    2.918426] twl_rtc twl_rtc: rtc core: registered twl_rtc as rtc0
Jan 13 13:12:06 vader-rover kernel: [    2.925628] i2c /dev entries driver
Jan 13 13:12:06 vader-rover kernel: [    2.931152] voltdm_scale: No voltage scale API registered for vdd_mpu_iva
Jan 13 13:12:06 vader-rover kernel: [    2.938537] hub 1-0:1.0: state 7 ports 3 chg 0000 evt 0000
Jan 13 13:12:06 vader-rover kernel: [    2.938629] platform mpu.0: omap_target: unable to scale voltage up.
Jan 13 13:12:06 vader-rover kernel: [    2.945404] cpuidle: using governor ladder
Jan 13 13:12:06 vader-rover kernel: [    2.949768] cpuidle: using governor menu
Jan 13 13:12:06 vader-rover kernel: [    2.954467] omap_hsmmc omap_hsmmc.0: Failed to get debounce clk
Jan 13 13:12:06 vader-rover kernel: [    3.331024] omap_hsmmc omap_hsmmc.1: Failed to get debounce clk
Jan 13 13:12:06 vader-rover kernel: [    3.378173] Registered led device: overo:red:gpio21
Jan 13 13:12:06 vader-rover kernel: [    3.378326] Registered led device: overo:blue:gpio22
Jan 13 13:12:06 vader-rover kernel: [    3.379333] Registered led device: overo:blue:COM
Jan 13 13:12:06 vader-rover kernel: [    3.381286] usbcore: registered new interface driver usbhid
Jan 13 13:12:06 vader-rover kernel: [    3.387237] usbhid: USB HID core driver
Jan 13 13:12:06 vader-rover kernel: [    3.391998] usbcore: registered new interface driver snd-usb-audio
Jan 13 13:12:06 vader-rover kernel: [    3.400817] overo SoC init
Jan 13 13:12:06 vader-rover kernel: [    3.404052] soc-audio soc-audio: ASoC machine overo should use snd_soc_register_card()
Jan 13 13:12:06 vader-rover kernel: [    3.501525] twl4030-codec twl4030-codec: ASoC: Failed to create Capture debugfs file
Jan 13 13:12:06 vader-rover kernel: [    3.514251] asoc: twl4030-hifi <-> omap-mcbsp.2 mapping ok
Jan 13 13:12:06 vader-rover kernel: [    3.525268] oprofile: hardware counters not available
Jan 13 13:12:06 vader-rover kernel: [    3.530700] oprofile: using timer interrupt.
Jan 13 13:12:06 vader-rover kernel: [    3.536315] TCP: cubic registered
Jan 13 13:12:06 vader-rover kernel: [    3.539825] NET: Registered protocol family 17
Jan 13 13:12:06 vader-rover kernel: [    3.544616] NET: Registered protocol family 15
Jan 13 13:12:06 vader-rover kernel: [    3.549530] Key type dns_resolver registered
Jan 13 13:12:06 vader-rover kernel: [    3.554290] VFP support v0.3: implementor 41 architecture 3 part 30 variant c rev 3
Jan 13 13:12:06 vader-rover kernel: [    3.568847] ThumbEE CPU extension supported.
Jan 13 13:12:06 vader-rover kernel: [    3.573455] sr_init: No PMIC hook to init smartreflex
Jan 13 13:12:06 vader-rover kernel: [    3.578979] smartreflex smartreflex.0: omap_sr_probe: SmartReflex driver initialized
Jan 13 13:12:06 vader-rover kernel: [    3.587921] smartreflex smartreflex.1: omap_sr_probe: SmartReflex driver initialized
Jan 13 13:12:06 vader-rover kernel: [    3.604919] clock: disabling unused clocks to save power
Jan 13 13:12:06 vader-rover kernel: [    3.611694] registered taskstats version 1
Jan 13 13:12:06 vader-rover kernel: [    3.617675] fbcvt: 1024x768@60: CVT Name - .786M3-R
Jan 13 13:12:06 vader-rover kernel: [    3.644134] Console: switching to colour frame buffer device 128x48
Jan 13 13:12:06 vader-rover kernel: [    3.667022] VDAC: incomplete constraints, leaving on
Jan 13 13:12:06 vader-rover kernel: [    3.674468] twl_rtc twl_rtc: setting system clock to 2014-01-13 18:11:55 UTC (1389636715)
Jan 13 13:12:06 vader-rover kernel: [    3.683624] ALSA device list:
Jan 13 13:12:06 vader-rover kernel: [    3.687011]   #0: overo
Jan 13 13:12:06 vader-rover kernel: [    3.691192] Freeing init memory: 220K
Jan 13 13:12:06 vader-rover kernel: [    3.704803] mmc0: host does not support reading read-only switch. assuming write-enable.
Jan 13 13:12:06 vader-rover kernel: [    3.724151] mmc0: new high speed SDXC card at address e624
Jan 13 13:12:06 vader-rover kernel: [    3.741027] mmcblk0: mmc0:e624 SU64G 59.4 GiB 
Jan 13 13:12:06 vader-rover kernel: [    3.753479]  mmcblk0: p1 p2
Jan 13 13:12:06 vader-rover kernel: [    3.795562] mmc1: new SDIO card at address 0001
Jan 13 13:12:06 vader-rover kernel: [    4.897369] EXT3-fs (mmcblk0p2): mounted filesystem with writeback data mode
Jan 13 13:12:06 vader-rover kernel: [    4.905120] kjournald starting.  Commit interval 5 seconds
Jan 13 13:12:06 vader-rover kernel: [    5.010589] hub 1-0:1.0: hub_suspend
Jan 13 13:12:06 vader-rover kernel: [    5.010650] usb usb1: bus auto-suspend, wakeup 1
Jan 13 13:12:06 vader-rover kernel: [    5.010650] ehci-omap ehci-omap.0: suspend root hub
Jan 13 13:12:06 vader-rover kernel: [    6.813903] end_request: I/O error, dev mtdblock0, sector 0
Jan 13 13:12:06 vader-rover kernel: [    6.819946] Buffer I/O error on device mtdblock0, logical block 0
Jan 13 13:12:06 vader-rover kernel: [    6.882415] end_request: I/O error, dev mtdblock0, sector 0
Jan 13 13:12:06 vader-rover kernel: [    6.888458] Buffer I/O error on device mtdblock0, logical block 0
Jan 13 13:12:06 vader-rover kernel: [    7.004028] end_request: I/O error, dev mtdblock0, sector 0
Jan 13 13:12:06 vader-rover kernel: [    7.015472] Buffer I/O error on device mtdblock0, logical block 0
Jan 13 13:12:06 vader-rover kernel: [    7.100280] end_request: I/O error, dev mtdblock0, sector 0
Jan 13 13:12:06 vader-rover kernel: [    7.111846] Buffer I/O error on device mtdblock0, logical block 0
Jan 13 13:12:06 vader-rover kernel: [    7.195281] end_request: I/O error, dev mtdblock0, sector 0
Jan 13 13:12:06 vader-rover kernel: [    7.206878] Buffer I/O error on device mtdblock0, logical block 0
Jan 13 13:12:06 vader-rover kernel: [    7.330108] end_request: I/O error, dev mtdblock0, sector 0
Jan 13 13:12:06 vader-rover kernel: [    7.341674] Buffer I/O error on device mtdblock0, logical block 0
Jan 13 13:12:06 vader-rover kernel: [    7.459655] end_request: I/O error, dev mtdblock0, sector 0
Jan 13 13:12:06 vader-rover kernel: [    7.471130] Buffer I/O error on device mtdblock0, logical block 0
Jan 13 13:12:06 vader-rover kernel: [    7.542053] end_request: I/O error, dev mtdblock0, sector 0
Jan 13 13:12:06 vader-rover kernel: [    7.553497] Buffer I/O error on device mtdblock0, logical block 0
Jan 13 13:12:06 vader-rover kernel: [    7.610168] end_request: I/O error, dev mtdblock0, sector 0
Jan 13 13:12:06 vader-rover kernel: [    7.621673] Buffer I/O error on device mtdblock0, logical block 0
Jan 13 13:12:06 vader-rover kernel: [    7.690429] end_request: I/O error, dev mtdblock0, sector 0
Jan 13 13:12:06 vader-rover kernel: [    7.702026] Buffer I/O error on device mtdblock0, logical block 0
Jan 13 13:12:06 vader-rover kernel: [    7.758972] end_request: I/O error, dev mtdblock0, sector 0
Jan 13 13:12:06 vader-rover kernel: [    7.791961] end_request: I/O error, dev mtdblock0, sector 0
Jan 13 13:12:06 vader-rover kernel: [    7.827606] end_request: I/O error, dev mtdblock0, sector 0
Jan 13 13:12:06 vader-rover kernel: [    7.856353] end_request: I/O error, dev mtdblock0, sector 0
Jan 13 13:12:06 vader-rover kernel: [    7.894622] end_request: I/O error, dev mtdblock0, sector 0
Jan 13 13:12:06 vader-rover kernel: [    7.922393] end_request: I/O error, dev mtdblock0, sector 0
Jan 13 13:12:06 vader-rover kernel: [    7.955322] ads7846 spi1.0: touchscreen, irq 210
Jan 13 13:12:06 vader-rover kernel: [    7.955627] ads7846 spi1.0: no device detected, test read result was 0x00000FFF
Jan 13 13:12:06 vader-rover kernel: [    7.956024] end_request: I/O error, dev mtdblock0, sector 0
Jan 13 13:12:06 vader-rover kernel: [    7.972229] Linux media interface: v0.10
Jan 13 13:12:06 vader-rover kernel: [    7.983764] end_request: I/O error, dev mtdblock0, sector 8
Jan 13 13:12:06 vader-rover kernel: [    8.014892] end_request: I/O error, dev mtdblock0, sector 8
Jan 13 13:12:06 vader-rover kernel: [    8.041931] end_request: I/O error, dev mtdblock0, sector 8
Jan 13 13:12:06 vader-rover kernel: [    8.066406] Linux video capture interface: v2.00
Jan 13 13:12:06 vader-rover kernel: [    8.075408] end_request: I/O error, dev mtdblock0, sector 8
Jan 13 13:12:06 vader-rover kernel: [    8.113098] end_request: I/O error, dev mtdblock0, sector 24
Jan 13 13:12:06 vader-rover kernel: [    8.145233] end_request: I/O error, dev mtdblock0, sector 24
Jan 13 13:12:06 vader-rover kernel: [    8.177642] end_request: I/O error, dev mtdblock0, sector 24
Jan 13 13:12:06 vader-rover kernel: [    8.212097] end_request: I/O error, dev mtdblock0, sector 24
Jan 13 13:12:06 vader-rover kernel: [    8.238494] end_request: I/O error, dev mtdblock0, sector 56
Jan 13 13:12:06 vader-rover kernel: [    8.264099] omap3isp omap3isp: Revision 15.0 found
Jan 13 13:12:06 vader-rover kernel: [    8.265899] omap-iommu omap-iommu.0: isp: version 1.1
Jan 13 13:12:06 vader-rover kernel: [    8.273468] end_request: I/O error, dev mtdblock0, sector 56
Jan 13 13:12:06 vader-rover kernel: [    8.310272] end_request: I/O error, dev mtdblock0, sector 56
Jan 13 13:12:06 vader-rover kernel: [    8.337463] end_request: I/O error, dev mtdblock0, sector 56
Jan 13 13:12:06 vader-rover kernel: [    8.379455] end_request: I/O error, dev mtdblock0, sector 120
Jan 13 13:12:06 vader-rover kernel: [    8.402648] mt9v032 3-005c: Probing MT9V032 at address 0x5c
Jan 13 13:12:06 vader-rover kernel: [    8.402893] mt9v032 3-005c: MT9V032 power up failed
Jan 13 13:12:06 vader-rover kernel: [    8.412170] end_request: I/O error, dev mtdblock0, sector 120
Jan 13 13:12:06 vader-rover kernel: [    8.437133] end_request: I/O error, dev mtdblock0, sector 120
Jan 13 13:12:06 vader-rover kernel: [    8.462188] lib80211: common routines for IEEE802.11 drivers
Jan 13 13:12:06 vader-rover kernel: [    8.462219] lib80211_crypt: registered algorithm 'NULL'
Jan 13 13:12:06 vader-rover kernel: [    8.469085] end_request: I/O error, dev mtdblock0, sector 120
Jan 13 13:12:06 vader-rover kernel: [    8.494934] end_request: I/O error, dev mtdblock0, sector 0
Jan 13 13:12:06 vader-rover kernel: [    8.527526] end_request: I/O error, dev mtdblock0, sector 0
Jan 13 13:12:06 vader-rover kernel: [    8.542236] isp_register_subdev_group: Unable to register subdev mt9v032
Jan 13 13:12:06 vader-rover kernel: [    8.553558] end_request: I/O error, dev mtdblock0, sector 8
Jan 13 13:12:06 vader-rover kernel: [    8.570129] end_request: I/O error, dev mtdblock0, sector 8
Jan 13 13:12:06 vader-rover kernel: [    8.596649] end_request: I/O error, dev mtdblock0, sector 24
Jan 13 13:12:06 vader-rover kernel: [    8.627838] end_request: I/O error, dev mtdblock0, sector 24
Jan 13 13:12:06 vader-rover kernel: [    8.653686] end_request: I/O error, dev mtdblock0, sector 56
Jan 13 13:12:06 vader-rover kernel: [    8.682708] end_request: I/O error, dev mtdblock0, sector 56
Jan 13 13:12:06 vader-rover kernel: [    8.692260] cfg80211: Calling CRDA to update world regulatory domain
Jan 13 13:12:06 vader-rover kernel: [    8.713043] end_request: I/O error, dev mtdblock0, sector 120
Jan 13 13:12:06 vader-rover kernel: [    8.741516] end_request: I/O error, dev mtdblock0, sector 120
Jan 13 13:12:06 vader-rover kernel: [    8.767700] end_request: I/O error, dev mtdblock0, sector 0
Jan 13 13:12:06 vader-rover kernel: [    8.792846] end_request: I/O error, dev mtdblock0, sector 0
Jan 13 13:12:06 vader-rover kernel: [    8.821655] end_request: I/O error, dev mtdblock0, sector 0
Jan 13 13:12:06 vader-rover kernel: [    8.840301] libertas_sdio: Libertas SDIO driver
Jan 13 13:12:06 vader-rover kernel: [    8.840332] libertas_sdio: Copyright Pierre Ossman
Jan 13 13:12:06 vader-rover kernel: [    8.845825] end_request: I/O error, dev mtdblock0, sector 0
Jan 13 13:12:06 vader-rover kernel: [    8.869079] end_request: I/O error, dev mtdblock0, sector 0
Jan 13 13:12:06 vader-rover kernel: [    8.896057] end_request: I/O error, dev mtdblock0, sector 0
Jan 13 13:12:06 vader-rover kernel: [    8.915130] end_request: I/O error, dev mtdblock0, sector 64
Jan 13 13:12:06 vader-rover kernel: [    8.940399] end_request: I/O error, dev mtdblock0, sector 64
Jan 13 13:12:06 vader-rover kernel: [    8.958374] end_request: I/O error, dev mtdblock0, sector 64
Jan 13 13:12:06 vader-rover kernel: [    8.979461] end_request: I/O error, dev mtdblock0, sector 64
Jan 13 13:12:06 vader-rover kernel: [    8.995117] end_request: I/O error, dev mtdblock0, sector 64
Jan 13 13:12:06 vader-rover kernel: [    9.010681] end_request: I/O error, dev mtdblock0, sector 64
Jan 13 13:12:06 vader-rover kernel: [    9.034118] end_request: I/O error, dev mtdblock0, sector 64
Jan 13 13:12:06 vader-rover kernel: [    9.057556] end_request: I/O error, dev mtdblock0, sector 64
Jan 13 13:12:06 vader-rover kernel: [    9.070434] end_request: I/O error, dev mtdblock0, sector 64
Jan 13 13:12:06 vader-rover kernel: [    9.088806] end_request: I/O error, dev mtdblock0, sector 0
Jan 13 13:12:06 vader-rover kernel: [    9.112182] end_request: I/O error, dev mtdblock0, sector 0
Jan 13 13:12:06 vader-rover kernel: [    9.131683] end_request: I/O error, dev mtdblock0, sector 0
Jan 13 13:12:06 vader-rover kernel: [    9.155029] end_request: I/O error, dev mtdblock0, sector 0
Jan 13 13:12:06 vader-rover kernel: [    9.174743] end_request: I/O error, dev mtdblock0, sector 0
Jan 13 13:12:06 vader-rover kernel: [    9.196746] end_request: I/O error, dev mtdblock0, sector 16
Jan 13 13:12:06 vader-rover kernel: [    9.230743] end_request: I/O error, dev mtdblock0, sector 0
Jan 13 13:12:06 vader-rover kernel: [    9.266052] end_request: I/O error, dev mtdblock0, sector 0
Jan 13 13:12:06 vader-rover kernel: [    9.315460] end_request: I/O error, dev mtdblock0, sector 0
Jan 13 13:12:06 vader-rover kernel: [    9.352905] end_request: I/O error, dev mtdblock0, sector 0
Jan 13 13:12:06 vader-rover kernel: [    9.385253] end_request: I/O error, dev mtdblock0, sector 0
Jan 13 13:12:06 vader-rover kernel: [    9.415008] end_request: I/O error, dev mtdblock0, sector 0
Jan 13 13:12:06 vader-rover kernel: [    9.439208] end_request: I/O error, dev mtdblock0, sector 0
Jan 13 13:12:06 vader-rover kernel: [    9.464782] end_request: I/O error, dev mtdblock0, sector 0
Jan 13 13:12:06 vader-rover kernel: [    9.487243] end_request: I/O error, dev mtdblock0, sector 0
Jan 13 13:12:06 vader-rover kernel: [    9.502929] end_request: I/O error, dev mtdblock0, sector 0
Jan 13 13:12:06 vader-rover kernel: [    9.521301] end_request: I/O error, dev mtdblock0, sector 0
Jan 13 13:12:06 vader-rover kernel: [    9.549804] end_request: I/O error, dev mtdblock0, sector 0
Jan 13 13:12:06 vader-rover kernel: [    9.561645] end_request: I/O error, dev mtdblock0, sector 0
Jan 13 13:12:06 vader-rover kernel: [    9.581085] end_request: I/O error, dev mtdblock0, sector 0
Jan 13 13:12:06 vader-rover kernel: [    9.592346] end_request: I/O error, dev mtdblock0, sector 0
Jan 13 13:12:06 vader-rover kernel: [    9.616668] end_request: I/O error, dev mtdblock0, sector 0
Jan 13 13:12:06 vader-rover kernel: [    9.640289] end_request: I/O error, dev mtdblock0, sector 0
Jan 13 13:12:06 vader-rover kernel: [    9.654418] end_request: I/O error, dev mtdblock0, sector 0
Jan 13 13:12:06 vader-rover kernel: [    9.675170] end_request: I/O error, dev mtdblock0, sector 8
Jan 13 13:12:06 vader-rover kernel: [    9.702514] end_request: I/O error, dev mtdblock0, sector 0
Jan 13 13:12:06 vader-rover kernel: [    9.721649] end_request: I/O error, dev mtdblock0, sector 0
Jan 13 13:12:06 vader-rover kernel: [    9.732604] end_request: I/O error, dev mtdblock0, sector 0
Jan 13 13:12:06 vader-rover kernel: [    9.752410] end_request: I/O error, dev mtdblock0, sector 0
Jan 13 13:12:06 vader-rover kernel: [   10.153747] end_request: I/O error, dev mtdblock0, sector 0
Jan 13 13:12:06 vader-rover kernel: [   10.167694] end_request: I/O error, dev mtdblock0, sector 0
Jan 13 13:12:06 vader-rover kernel: [   10.182281] end_request: I/O error, dev mtdblock0, sector 0
Jan 13 13:12:06 vader-rover kernel: [   10.197052] end_request: I/O error, dev mtdblock0, sector 0
Jan 13 13:12:06 vader-rover kernel: [   10.213806] end_request: I/O error, dev mtdblock0, sector 0
Jan 13 13:12:06 vader-rover kernel: [   10.227661] end_request: I/O error, dev mtdblock0, sector 0
Jan 13 13:12:06 vader-rover kernel: [   10.245147] end_request: I/O error, dev mtdblock0, sector 0
Jan 13 13:12:06 vader-rover kernel: [   10.258422] end_request: I/O error, dev mtdblock0, sector 0
Jan 13 13:12:06 vader-rover kernel: [   10.274017] end_request: I/O error, dev mtdblock0, sector 0
Jan 13 13:12:06 vader-rover kernel: [   10.290618] end_request: I/O error, dev mtdblock0, sector 0
Jan 13 13:12:06 vader-rover kernel: [   10.301391] end_request: I/O error, dev mtdblock0, sector 0
Jan 13 13:12:06 vader-rover kernel: [   10.320953] end_request: I/O error, dev mtdblock0, sector 0
Jan 13 13:12:06 vader-rover kernel: [   10.330993] end_request: I/O error, dev mtdblock0, sector 0
Jan 13 13:12:06 vader-rover kernel: [   10.346801] end_request: I/O error, dev mtdblock0, sector 0
Jan 13 13:12:06 vader-rover kernel: [   10.362243] end_request: I/O error, dev mtdblock0, sector 0
Jan 13 13:12:06 vader-rover kernel: [   10.377899] end_request: I/O error, dev mtdblock0, sector 0
Jan 13 13:12:06 vader-rover kernel: [   10.392700] end_request: I/O error, dev mtdblock0, sector 0
Jan 13 13:12:06 vader-rover kernel: [   10.407348] end_request: I/O error, dev mtdblock0, sector 8
Jan 13 13:12:06 vader-rover kernel: [   10.424804] end_request: I/O error, dev mtdblock0, sector 8
Jan 13 13:12:06 vader-rover kernel: [   10.440399] end_request: I/O error, dev mtdblock0, sector 8
Jan 13 13:12:06 vader-rover kernel: [   10.456024] end_request: I/O error, dev mtdblock0, sector 8
Jan 13 13:12:06 vader-rover kernel: [   10.471679] end_request: I/O error, dev mtdblock0, sector 24
Jan 13 13:12:06 vader-rover kernel: [   10.487304] end_request: I/O error, dev mtdblock0, sector 24
Jan 13 13:12:06 vader-rover kernel: [   10.499237] end_request: I/O error, dev mtdblock0, sector 24
Jan 13 13:12:06 vader-rover kernel: [   10.518524] end_request: I/O error, dev mtdblock0, sector 24
Jan 13 13:12:06 vader-rover kernel: [   10.534149] end_request: I/O error, dev mtdblock0, sector 56
Jan 13 13:12:06 vader-rover kernel: [   10.549774] end_request: I/O error, dev mtdblock0, sector 56
Jan 13 13:12:06 vader-rover kernel: [   10.557403] end_request: I/O error, dev mtdblock0, sector 56
Jan 13 13:12:06 vader-rover kernel: [   10.573211] end_request: I/O error, dev mtdblock0, sector 56
Jan 13 13:12:06 vader-rover kernel: [   10.588806] end_request: I/O error, dev mtdblock0, sector 120
Jan 13 13:12:06 vader-rover kernel: [   10.612243] end_request: I/O error, dev mtdblock0, sector 120
Jan 13 13:12:06 vader-rover kernel: [   10.623229] end_request: I/O error, dev mtdblock0, sector 120
Jan 13 13:12:06 vader-rover kernel: [   10.643493] end_request: I/O error, dev mtdblock0, sector 120
Jan 13 13:12:06 vader-rover kernel: [   10.659149] end_request: I/O error, dev mtdblock0, sector 0
Jan 13 13:12:06 vader-rover kernel: [   10.674835] end_request: I/O error, dev mtdblock0, sector 0
Jan 13 13:12:06 vader-rover kernel: [   10.690429] end_request: I/O error, dev mtdblock0, sector 8
Jan 13 13:12:06 vader-rover kernel: [   10.704345] end_request: I/O error, dev mtdblock0, sector 8
Jan 13 13:12:06 vader-rover kernel: [   10.721618] end_request: I/O error, dev mtdblock0, sector 24
Jan 13 13:12:06 vader-rover kernel: [   10.735504] end_request: I/O error, dev mtdblock0, sector 24
Jan 13 13:12:06 vader-rover kernel: [   10.752868] end_request: I/O error, dev mtdblock0, sector 56
Jan 13 13:12:06 vader-rover kernel: [   10.768493] end_request: I/O error, dev mtdblock0, sector 56
Jan 13 13:12:06 vader-rover kernel: [   10.784118] end_request: I/O error, dev mtdblock0, sector 120
Jan 13 13:12:06 vader-rover kernel: [   10.795227] end_request: I/O error, dev mtdblock0, sector 120
Jan 13 13:12:06 vader-rover kernel: [   10.815399] end_request: I/O error, dev mtdblock0, sector 0
Jan 13 13:12:06 vader-rover kernel: [   10.824951] end_request: I/O error, dev mtdblock0, sector 0
Jan 13 13:12:06 vader-rover kernel: [   10.838806] end_request: I/O error, dev mtdblock0, sector 0
Jan 13 13:12:06 vader-rover kernel: [   10.862243] end_request: I/O error, dev mtdblock0, sector 0
Jan 13 13:12:06 vader-rover kernel: [   10.874023] end_request: I/O error, dev mtdblock0, sector 0
Jan 13 13:12:06 vader-rover kernel: [   10.891235] end_request: I/O error, dev mtdblock0, sector 0
Jan 13 13:12:06 vader-rover kernel: [   10.909118] end_request: I/O error, dev mtdblock0, sector 64
Jan 13 13:12:06 vader-rover kernel: [   10.918731] end_request: I/O error, dev mtdblock0, sector 64
Jan 13 13:12:06 vader-rover kernel: [   10.934448] end_request: I/O error, dev mtdblock0, sector 64
Jan 13 13:12:06 vader-rover kernel: [   10.955993] end_request: I/O error, dev mtdblock0, sector 64
Jan 13 13:12:06 vader-rover kernel: [   10.965240] end_request: I/O error, dev mtdblock0, sector 64
Jan 13 13:12:06 vader-rover kernel: [   10.979431] end_request: I/O error, dev mtdblock0, sector 64
Jan 13 13:12:06 vader-rover kernel: [   11.002868] end_request: I/O error, dev mtdblock0, sector 64
Jan 13 13:12:06 vader-rover kernel: [   11.010528] end_request: I/O error, dev mtdblock0, sector 64
Jan 13 13:12:06 vader-rover kernel: [   11.026306] end_request: I/O error, dev mtdblock0, sector 64
Jan 13 13:12:06 vader-rover kernel: [   11.041931] end_request: I/O error, dev mtdblock0, sector 0
Jan 13 13:12:06 vader-rover kernel: [   11.058380] end_request: I/O error, dev mtdblock0, sector 0
Jan 13 13:12:06 vader-rover kernel: [   11.079071] end_request: I/O error, dev mtdblock0, sector 0
Jan 13 13:12:06 vader-rover kernel: [   11.093414] end_request: I/O error, dev mtdblock0, sector 0
Jan 13 13:12:06 vader-rover kernel: [   11.112274] end_request: I/O error, dev mtdblock0, sector 0
Jan 13 13:12:06 vader-rover kernel: [   11.131866] end_request: I/O error, dev mtdblock0, sector 16
Jan 13 13:12:06 vader-rover kernel: [   11.151336] end_request: I/O error, dev mtdblock0, sector 0
Jan 13 13:12:06 vader-rover kernel: [   11.158905] end_request: I/O error, dev mtdblock0, sector 0
Jan 13 13:12:06 vader-rover kernel: [   11.176818] end_request: I/O error, dev mtdblock0, sector 0
Jan 13 13:12:06 vader-rover kernel: [   11.193756] end_request: I/O error, dev mtdblock0, sector 0
Jan 13 13:12:06 vader-rover kernel: [   11.213073] end_request: I/O error, dev mtdblock0, sector 0
Jan 13 13:12:06 vader-rover kernel: [   11.225524] end_request: I/O error, dev mtdblock0, sector 0
Jan 13 13:12:06 vader-rover kernel: [   11.245056] end_request: I/O error, dev mtdblock0, sector 0
Jan 13 13:12:06 vader-rover kernel: [   11.265930] end_request: I/O error, dev mtdblock0, sector 0
Jan 13 13:12:06 vader-rover kernel: [   11.280029] end_request: I/O error, dev mtdblock0, sector 0
Jan 13 13:12:06 vader-rover kernel: [   11.302612] end_request: I/O error, dev mtdblock0, sector 0
Jan 13 13:12:06 vader-rover kernel: [   11.330993] end_request: I/O error, dev mtdblock0, sector 0
Jan 13 13:12:06 vader-rover kernel: [   11.358886] end_request: I/O error, dev mtdblock0, sector 0
Jan 13 13:12:06 vader-rover kernel: [   11.389373] end_request: I/O error, dev mtdblock0, sector 0
Jan 13 13:12:06 vader-rover kernel: [   11.416107] end_request: I/O error, dev mtdblock0, sector 0
Jan 13 13:12:06 vader-rover kernel: [   11.435791] end_request: I/O error, dev mtdblock0, sector 0
Jan 13 13:12:06 vader-rover kernel: [   11.460540] end_request: I/O error, dev mtdblock0, sector 0
Jan 13 13:12:06 vader-rover kernel: [   11.483367] end_request: I/O error, dev mtdblock0, sector 0
Jan 13 13:12:06 vader-rover kernel: [   11.498077] end_request: I/O error, dev mtdblock0, sector 0
Jan 13 13:12:06 vader-rover kernel: [   11.523773] end_request: I/O error, dev mtdblock0, sector 8
Jan 13 13:12:06 vader-rover kernel: [   11.541931] end_request: I/O error, dev mtdblock0, sector 0
Jan 13 13:12:06 vader-rover kernel: [   11.563232] end_request: I/O error, dev mtdblock0, sector 0
Jan 13 13:12:06 vader-rover kernel: [   11.583679] end_request: I/O error, dev mtdblock0, sector 0
Jan 13 13:12:06 vader-rover kernel: [   11.604705] end_request: I/O error, dev mtdblock0, sector 0
Jan 13 13:12:06 vader-rover kernel: [   12.254150] EXT3-fs (mmcblk0p2): using internal journal
Jan 13 13:12:06 vader-rover kernel: [   14.444274] NET: Registered protocol family 10
Jan 13 13:12:07 vader-rover kernel: [   15.359130] cfg80211: World regulatory domain updated:
Jan 13 13:12:07 vader-rover kernel: [   15.359161] cfg80211:   (start_freq - end_freq @ bandwidth), (max_antenna_gain, max_eirp)
Jan 13 13:12:07 vader-rover kernel: [   15.359161] cfg80211:   (2402000 KHz - 2472000 KHz @ 40000 KHz), (300 mBi, 2000 mBm)
Jan 13 13:12:07 vader-rover kernel: [   15.359191] cfg80211:   (2457000 KHz - 2482000 KHz @ 20000 KHz), (300 mBi, 2000 mBm)
Jan 13 13:12:07 vader-rover kernel: [   15.359191] cfg80211:   (2474000 KHz - 2494000 KHz @ 20000 KHz), (300 mBi, 2000 mBm)
Jan 13 13:12:07 vader-rover kernel: [   15.359222] cfg80211:   (5170000 KHz - 5250000 KHz @ 40000 KHz), (300 mBi, 2000 mBm)
Jan 13 13:12:07 vader-rover kernel: [   15.359222] cfg80211:   (5735000 KHz - 5835000 KHz @ 40000 KHz), (300 mBi, 2000 mBm)
Jan 13 13:12:07 vader-rover kernel: [   15.785247] libertas_sdio mmc1:0001:1: (unregistered net_device): 00:19:88:45:0b:0a, fw 9.70.3p36, cap 0x00000303
Jan 13 13:12:07 vader-rover kernel: [   15.810028] libertas_sdio mmc1:0001:1: wlan0: Marvell WLAN 802.11 adapter
Jan 13 13:12:07 vader-rover kernel: [   15.810546] cfg80211: Calling CRDA for country: US
Jan 13 13:12:07 vader-rover kernel: [   16.149871] cfg80211: Regulatory domain changed to country: US
Jan 13 13:12:07 vader-rover kernel: [   16.149902] cfg80211:   (start_freq - end_freq @ bandwidth), (max_antenna_gain, max_eirp)
Jan 13 13:12:07 vader-rover kernel: [   16.149932] cfg80211:   (2402000 KHz - 2472000 KHz @ 40000 KHz), (300 mBi, 2700 mBm)
Jan 13 13:12:07 vader-rover kernel: [   16.149932] cfg80211:   (5170000 KHz - 5250000 KHz @ 40000 KHz), (300 mBi, 1700 mBm)
Jan 13 13:12:07 vader-rover kernel: [   16.149963] cfg80211:   (5250000 KHz - 5330000 KHz @ 40000 KHz), (300 mBi, 2000 mBm)
Jan 13 13:12:07 vader-rover kernel: [   16.149963] cfg80211:   (5490000 KHz - 5600000 KHz @ 40000 KHz), (300 mBi, 2000 mBm)
Jan 13 13:12:07 vader-rover kernel: [   16.149993] cfg80211:   (5650000 KHz - 5710000 KHz @ 40000 KHz), (300 mBi, 2000 mBm)
Jan 13 13:12:07 vader-rover kernel: [   16.149993] cfg80211:   (5735000 KHz - 5835000 KHz @ 40000 KHz), (300 mBi, 3000 mBm)
Jan 13 13:12:08 vader-rover kernel: [   16.978698] IPv6: ADDRCONF(NETDEV_UP): wlan0: link is not ready
Jan 13 13:12:08 vader-rover kernel: [   16.979003] IPv6: ADDRCONF(NETDEV_CHANGE): wlan0: link becomes ready
Jan 13 13:12:16 vader-rover kernel: [   24.304809] pwm: frequency=50 Hz servo=1 servo_min = 10000 servo_max = 20000
Jan 13 13:18:35 vader-rover kernel: Kernel logging (proc) stopped.
Jan 13 13:19:16 vader-rover kernel: imklog 5.8.6, log source = /proc/kmsg started.
Jan 13 13:19:16 vader-rover kernel: [    0.000000] Booting Linux on physical CPU 0
Jan 13 13:19:16 vader-rover kernel: [    0.000000] Initializing cgroup subsys cpuset
Jan 13 13:19:16 vader-rover kernel: [    0.000000] Initializing cgroup subsys cpu
Jan 13 13:19:16 vader-rover kernel: [    0.000000] Linux version 3.5.0-2-linaro-omap (adam@pine) (gcc version 4.6.3 (Ubuntu/Linaro 4.6.3-1ubuntu5) ) #2~ci+121210190143 PREEMPT Mon Dec 10 11:03:27 PST 2012
Jan 13 13:19:16 vader-rover kernel: [    0.000000] CPU: ARMv7 Processor [413fc082] revision 2 (ARMv7), cr=10c53c7d
Jan 13 13:19:16 vader-rover kernel: [    0.000000] CPU: PIPT / VIPT nonaliasing data cache, VIPT aliasing instruction cache
Jan 13 13:19:16 vader-rover kernel: [    0.000000] Machine: Gumstix Overo
Jan 13 13:19:16 vader-rover kernel: [    0.000000] Reserving 12582912 bytes SDRAM for VRAM
Jan 13 13:19:16 vader-rover kernel: [    0.000000] Memory policy: ECC disabled, Data cache writeback
Jan 13 13:19:16 vader-rover kernel: [    0.000000] On node 0 totalpages: 127744
Jan 13 13:19:16 vader-rover kernel: [    0.000000] free_area_init_node: node 0, pgdat c070b85c, node_mem_map c07a7000
Jan 13 13:19:16 vader-rover kernel: [    0.000000]   Normal zone: 1024 pages used for memmap
Jan 13 13:19:16 vader-rover kernel: [    0.000000]   Normal zone: 0 pages reserved
Jan 13 13:19:16 vader-rover kernel: [    0.000000]   Normal zone: 126720 pages, LIFO batch:31
Jan 13 13:19:16 vader-rover kernel: [    0.000000] OMAP3630 ES1.2 (l2cache iva sgx neon isp 192mhz_clk )
Jan 13 13:19:16 vader-rover kernel: [    0.000000] Clocking rate (Crystal/Core/MPU): 26.0/400/600 MHz
Jan 13 13:19:16 vader-rover kernel: [    0.000000] pcpu-alloc: s0 r0 d32768 u32768 alloc=1*32768
Jan 13 13:19:16 vader-rover kernel: [    0.000000] pcpu-alloc: [0] 0 
Jan 13 13:19:16 vader-rover kernel: [    0.000000] Built 1 zonelists in Zone order, mobility grouping on.  Total pages: 126720
Jan 13 13:19:16 vader-rover kernel: [    0.000000] Kernel command line: console=tty0 console=ttyO2,115200n8 root=/dev/mmcblk0p2 rootwait ro earlyprintk mpurate=500 vram=12M omapdss.def_disp=dvi omapfb.mode=dvi:1024x768MR-16@60
Jan 13 13:19:16 vader-rover kernel: [    0.000000] PID hash table entries: 2048 (order: 1, 8192 bytes)
Jan 13 13:19:16 vader-rover kernel: [    0.000000] Dentry cache hash table entries: 65536 (order: 6, 262144 bytes)
Jan 13 13:19:16 vader-rover kernel: [    0.000000] Inode-cache hash table entries: 32768 (order: 5, 131072 bytes)
Jan 13 13:19:16 vader-rover kernel: [    0.000000] allocated 1048576 bytes of page_cgroup
Jan 13 13:19:16 vader-rover kernel: [    0.000000] please try 'cgroup_disable=memory' option if you don't want memory cgroups
Jan 13 13:19:16 vader-rover kernel: [    0.000000] Memory: 499MB = 499MB total
Jan 13 13:19:16 vader-rover kernel: [    0.000000] Memory: 495744k/495744k available, 28544k reserved, 0K highmem
Jan 13 13:19:16 vader-rover kernel: [    0.000000] Virtual kernel memory layout:
Jan 13 13:19:16 vader-rover kernel: [    0.000000]     vector  : 0xffff0000 - 0xffff1000   (   4 kB)
Jan 13 13:19:16 vader-rover kernel: [    0.000000]     fixmap  : 0xfff00000 - 0xfffe0000   ( 896 kB)
Jan 13 13:19:16 vader-rover kernel: [    0.000000]     vmalloc : 0xe0800000 - 0xff000000   ( 488 MB)
Jan 13 13:19:16 vader-rover kernel: [    0.000000]     lowmem  : 0xc0000000 - 0xe0000000   ( 512 MB)
Jan 13 13:19:16 vader-rover kernel: [    0.000000]     pkmap   : 0xbfe00000 - 0xc0000000   (   2 MB)
Jan 13 13:19:16 vader-rover kernel: [    0.000000]     modules : 0xbf000000 - 0xbfe00000   (  14 MB)
Jan 13 13:19:16 vader-rover kernel: [    0.000000]       .text : 0xc0008000 - 0xc067abfc   (6603 kB)
Jan 13 13:19:16 vader-rover kernel: [    0.000000]       .init : 0xc067b000 - 0xc06b2000   ( 220 kB)
Jan 13 13:19:16 vader-rover kernel: [    0.000000]       .data : 0xc06b2000 - 0xc071b268   ( 421 kB)
Jan 13 13:19:16 vader-rover kernel: [    0.000000]        .bss : 0xc071b28c - 0xc07a6020   ( 556 kB)
Jan 13 13:19:16 vader-rover kernel: [    0.000000] NR_IRQS:474
Jan 13 13:19:16 vader-rover kernel: [    0.000000] IRQ: Found an INTC at 0xfa200000 (revision 4.0) with 96 interrupts
Jan 13 13:19:16 vader-rover kernel: [    0.000000] Total of 96 interrupts on 1 active controller
Jan 13 13:19:16 vader-rover kernel: [    0.000000] OMAP clockevent source: GPTIMER1 at 32768 Hz
Jan 13 13:19:16 vader-rover kernel: [    0.000000] sched_clock: 32 bits at 32kHz, resolution 30517ns, wraps every 131071999ms
Jan 13 13:19:16 vader-rover kernel: [    0.000000] OMAP clocksource: 32k_counter at 32768 Hz
Jan 13 13:19:16 vader-rover kernel: [    0.000000] Console: colour dummy device 80x30
Jan 13 13:19:16 vader-rover kernel: [    0.000000] console [tty0] enabled
Jan 13 13:19:16 vader-rover kernel: [    0.001007] Calibrating delay loop... 597.64 BogoMIPS (lpj=2334720)
Jan 13 13:19:16 vader-rover kernel: [    0.039123] pid_max: default: 32768 minimum: 301
Jan 13 13:19:16 vader-rover kernel: [    0.039337] Security Framework initialized
Jan 13 13:19:16 vader-rover kernel: [    0.039459] Mount-cache hash table entries: 512
Jan 13 13:19:16 vader-rover kernel: [    0.040222] Initializing cgroup subsys debug
Jan 13 13:19:16 vader-rover kernel: [    0.040252] Initializing cgroup subsys cpuacct
Jan 13 13:19:16 vader-rover kernel: [    0.040283] Initializing cgroup subsys memory
Jan 13 13:19:16 vader-rover kernel: [    0.040344] Initializing cgroup subsys devices
Jan 13 13:19:16 vader-rover kernel: [    0.040374] Initializing cgroup subsys freezer
Jan 13 13:19:16 vader-rover kernel: [    0.040405] Initializing cgroup subsys perf_event
Jan 13 13:19:16 vader-rover kernel: [    0.040527] CPU: Testing write buffer coherency: ok
Jan 13 13:19:16 vader-rover kernel: [    0.040832] Setting up static identity map for 0x8046ea98 - 0x8046eaf0
Jan 13 13:19:16 vader-rover kernel: [    0.045837] devtmpfs: initialized
Jan 13 13:19:16 vader-rover kernel: [    0.050567] dummy: 
Jan 13 13:19:16 vader-rover kernel: [    0.050964] NET: Registered protocol family 16
Jan 13 13:19:16 vader-rover kernel: [    0.051391] GPMC revision 5.0
Jan 13 13:19:16 vader-rover kernel: [    0.051483] gpmc: irq-20 could not claim: err -22
Jan 13 13:19:16 vader-rover kernel: [    0.053131] gpiochip_add: registered GPIOs 0 to 31 on device: gpio
Jan 13 13:19:16 vader-rover kernel: [    0.053253] OMAP GPIO hardware version 2.5
Jan 13 13:19:16 vader-rover kernel: [    0.053497] gpiochip_add: registered GPIOs 32 to 63 on device: gpio
Jan 13 13:19:16 vader-rover kernel: [    0.053771] gpiochip_add: registered GPIOs 64 to 95 on device: gpio
Jan 13 13:19:16 vader-rover kernel: [    0.054046] gpiochip_add: registered GPIOs 96 to 127 on device: gpio
Jan 13 13:19:16 vader-rover kernel: [    0.054321] gpiochip_add: registered GPIOs 128 to 159 on device: gpio
Jan 13 13:19:16 vader-rover kernel: [    0.054626] gpiochip_add: registered GPIOs 160 to 191 on device: gpio
Jan 13 13:19:16 vader-rover kernel: [    0.055664] omap_mux_init: Add partition: #1: core, flags: 0
Jan 13 13:19:16 vader-rover kernel: [    0.060607] _omap_mux_get_by_name: Could not find signal uart4_rx.uart4_rx
Jan 13 13:19:16 vader-rover kernel: [    0.066497] Reprogramming SDRC clock to 400000000 Hz
Jan 13 13:19:16 vader-rover kernel: [    0.066528] dpll3_m2_clk rate change failed: -22
Jan 13 13:19:16 vader-rover kernel: [    0.066558] Found NAND on CS0
Jan 13 13:19:16 vader-rover kernel: [    0.066558] Registering NAND on CS0
Jan 13 13:19:16 vader-rover kernel: [    0.067779]  usbhs_omap: alias fck already exists
Jan 13 13:19:16 vader-rover kernel: [    0.075286] hw-breakpoint: debug architecture 0x4 unsupported.
Jan 13 13:19:16 vader-rover kernel: [    0.078338]  omap-mcbsp.2: alias fck already exists
Jan 13 13:19:16 vader-rover kernel: [    0.078552]  omap-mcbsp.3: alias fck already exists
Jan 13 13:19:16 vader-rover kernel: [    0.079650] Switched to new clocking rate (Crystal/Core/MPU): 26.0/400/500 MHz
Jan 13 13:19:16 vader-rover kernel: [    0.079895] OMAP DMA hardware revision 5.0
Jan 13 13:19:16 vader-rover kernel: [    0.089599] bio: create slab <bio-0> at 0
Jan 13 13:19:16 vader-rover kernel: [    0.090484] fixed-dummy: 
Jan 13 13:19:16 vader-rover kernel: [    0.090637] reg-fixed-voltage reg-fixed-voltage.0: fixed-dummy supplying 0uV
Jan 13 13:19:16 vader-rover kernel: [    0.090881] vads7846: override min_uV, 1 -> 3300000
Jan 13 13:19:16 vader-rover kernel: [    0.090881] vads7846: override max_uV, 2147483647 -> 3300000
Jan 13 13:19:16 vader-rover kernel: [    0.090911] vads7846: 3300 mV 
Jan 13 13:19:16 vader-rover kernel: [    0.091033] reg-fixed-voltage reg-fixed-voltage.1: vads7846 supplying 3300000uV
Jan 13 13:19:16 vader-rover kernel: [    0.091857] SCSI subsystem initialized
Jan 13 13:19:16 vader-rover kernel: [    0.092285] usbcore: registered new interface driver usbfs
Jan 13 13:19:16 vader-rover kernel: [    0.092437] usbcore: registered new interface driver hub
Jan 13 13:19:16 vader-rover kernel: [    0.092742] usbcore: registered new device driver usb
Jan 13 13:19:16 vader-rover kernel: [    0.093292] omap_i2c omap_i2c.1: bus 1 rev1.4.0 at 2600 kHz
Jan 13 13:19:16 vader-rover kernel: [    0.096374] twl 1-0048: PIH (irq 7) chaining IRQs 320..328
Jan 13 13:19:16 vader-rover kernel: [    0.096557] twl 1-0048: power (irq 325) chaining IRQs 328..335
Jan 13 13:19:16 vader-rover kernel: [    0.097290] twl4030_gpio twl4030_gpio: gpio (irq 320) chaining IRQs 336..353
Jan 13 13:19:16 vader-rover kernel: [    0.097656] gpiochip_add: registered GPIOs 192 to 211 on device: twl4030
Jan 13 13:19:16 vader-rover kernel: [    0.098602] VUSB1V5: override min_uV, 1 -> 1500000
Jan 13 13:19:16 vader-rover kernel: [    0.098632] VUSB1V5: override max_uV, 2147483647 -> 1500000
Jan 13 13:19:16 vader-rover kernel: [    0.098663] VUSB1V5: 1500 mV normal standby
Jan 13 13:19:16 vader-rover kernel: [    0.099243] VUSB1V8: override min_uV, 1 -> 1800000
Jan 13 13:19:16 vader-rover kernel: [    0.099273] VUSB1V8: override max_uV, 2147483647 -> 1800000
Jan 13 13:19:16 vader-rover kernel: [    0.099273] VUSB1V8: 1800 mV normal standby
Jan 13 13:19:16 vader-rover kernel: [    0.099822] VUSB3V1: override min_uV, 1 -> 3100000
Jan 13 13:19:16 vader-rover kernel: [    0.099853] VUSB3V1: override max_uV, 2147483647 -> 3100000
Jan 13 13:19:16 vader-rover kernel: [    0.099853] VUSB3V1: 3100 mV normal standby
Jan 13 13:19:16 vader-rover kernel: [    0.101623] twl4030_usb twl4030_usb: HW_CONDITIONS 0x10/16; link 0
Jan 13 13:19:16 vader-rover kernel: [    0.101898] twl4030_usb twl4030_usb: Initialized TWL4030 USB module
Jan 13 13:19:16 vader-rover kernel: [    0.102569] vdd_mpu_iva: 600 <--> 1450 mV normal 
Jan 13 13:19:16 vader-rover kernel: [    0.103118] vdd_core: 600 <--> 1450 mV normal 
Jan 13 13:19:16 vader-rover kernel: [    0.103759] VMMC1: 1850 <--> 3150 mV at 3150 mV normal standby
Jan 13 13:19:16 vader-rover kernel: [    0.104461] VDAC: 1800 mV normal standby
Jan 13 13:19:16 vader-rover kernel: [    0.105102] VDVI: 1800 mV normal standby
Jan 13 13:19:16 vader-rover kernel: [    0.105682] omap_i2c omap_i2c.3: bus 3 rev1.4.0 at 400 kHz
Jan 13 13:19:16 vader-rover kernel: [    0.106628] omap-iommu omap-iommu.0: isp registered
Jan 13 13:19:16 vader-rover kernel: [    0.106872] Advanced Linux Sound Architecture Driver Version 1.0.25.
Jan 13 13:19:16 vader-rover kernel: [    0.107971] Switching to clocksource 32k_counter
Jan 13 13:19:16 vader-rover kernel: [    0.141479] usbhs_omap usbhs_omap: xclk60mhsp2_ck set parentfailed error:-22
Jan 13 13:19:16 vader-rover kernel: [    0.142425] NET: Registered protocol family 2
Jan 13 13:19:16 vader-rover kernel: [    0.142791] IP route cache hash table entries: 4096 (order: 2, 16384 bytes)
Jan 13 13:19:16 vader-rover kernel: [    0.143493] TCP established hash table entries: 16384 (order: 5, 131072 bytes)
Jan 13 13:19:16 vader-rover kernel: [    0.143951] TCP bind hash table entries: 16384 (order: 4, 65536 bytes)
Jan 13 13:19:16 vader-rover kernel: [    0.144226] TCP: Hash tables configured (established 16384 bind 16384)
Jan 13 13:19:16 vader-rover kernel: [    0.144256] TCP: reno registered
Jan 13 13:19:16 vader-rover kernel: [    0.144287] UDP hash table entries: 256 (order: 0, 4096 bytes)
Jan 13 13:19:16 vader-rover kernel: [    0.144348] UDP-Lite hash table entries: 256 (order: 0, 4096 bytes)
Jan 13 13:19:16 vader-rover kernel: [    0.144744] NET: Registered protocol family 1
Jan 13 13:19:16 vader-rover kernel: [    0.145385] RPC: Registered named UNIX socket transport module.
Jan 13 13:19:16 vader-rover kernel: [    0.145416] RPC: Registered udp transport module.
Jan 13 13:19:16 vader-rover kernel: [    0.145446] RPC: Registered tcp transport module.
Jan 13 13:19:16 vader-rover kernel: [    0.145477] RPC: Registered tcp NFSv4.1 backchannel transport module.
Jan 13 13:19:16 vader-rover kernel: [    0.145812] Trying to unpack rootfs image as initramfs...
Jan 13 13:19:16 vader-rover kernel: [    0.355529] Freeing initrd memory: 1828K
Jan 13 13:19:16 vader-rover kernel: [    0.358489] audit: initializing netlink socket (disabled)
Jan 13 13:19:16 vader-rover kernel: [    0.358581] type=2000 audit(0.351:1): initialized
Jan 13 13:19:16 vader-rover kernel: [    0.360290] VFS: Disk quotas dquot_6.5.2
Jan 13 13:19:16 vader-rover kernel: [    0.360443] Dquot-cache hash table entries: 1024 (order 0, 4096 bytes)
Jan 13 13:19:16 vader-rover kernel: [    0.360931] NFS: Registering the id_resolver key type
Jan 13 13:19:16 vader-rover kernel: [    0.361053] Key type id_resolver registered
Jan 13 13:19:16 vader-rover kernel: [    0.361602] jffs2: version 2.2. (NAND) (SUMMARY)  Â© 2001-2006 Red Hat, Inc.
Jan 13 13:19:16 vader-rover kernel: [    0.362487] fuse init (API version 7.19)
Jan 13 13:19:16 vader-rover kernel: [    0.363159] msgmni has been set to 971
Jan 13 13:19:16 vader-rover kernel: [    0.365356] Block layer SCSI generic (bsg) driver version 0.4 loaded (major 253)
Jan 13 13:19:16 vader-rover kernel: [    0.365417] io scheduler noop registered
Jan 13 13:19:16 vader-rover kernel: [    0.365447] io scheduler deadline registered (default)
Jan 13 13:19:16 vader-rover kernel: [    0.366577] OMAP DSS rev 2.0
Jan 13 13:19:16 vader-rover kernel: [    0.370422] omap_uart.0: ttyO0 at MMIO 0x4806a000 (irq = 72) is a OMAP UART0
Jan 13 13:19:16 vader-rover kernel: [    0.371032] omap_uart.1: ttyO1 at MMIO 0x4806c000 (irq = 73) is a OMAP UART1
Jan 13 13:19:16 vader-rover kernel: [    0.371612] omap_uart.2: ttyO2 at MMIO 0x49020000 (irq = 74) is a OMAP UART2
Jan 13 13:19:16 vader-rover kernel: [    1.075378] console [ttyO2] enabled
Jan 13 13:19:16 vader-rover kernel: [    1.079650] omap_uart.3: ttyO3 at MMIO 0x49042000 (irq = 80) is a OMAP UART3
Jan 13 13:19:16 vader-rover kernel: [    1.097625] brd: module loaded
Jan 13 13:19:16 vader-rover kernel: [    1.106262] loop: module loaded
Jan 13 13:19:16 vader-rover kernel: [    1.111846] twl4030_madc twl4030_madc: clk disabled, enabling
Jan 13 13:19:16 vader-rover kernel: [    1.120330] NAND device: Manufacturer ID: 0x2c, Chip ID: 0xbc (Micron NAND 512MiB 1,8V 16-bit), page size: 2048, OOB size: 64
Jan 13 13:19:16 vader-rover kernel: [    1.149169] Creating 5 MTD partitions on "omap2-nand.0":
Jan 13 13:19:16 vader-rover kernel: [    1.154815] 0x000000000000-0x000000080000 : "xloader"
Jan 13 13:19:16 vader-rover kernel: [    1.162261] 0x000000080000-0x000000240000 : "uboot"
Jan 13 13:19:16 vader-rover kernel: [    1.170562] 0x000000240000-0x000000280000 : "uboot environment"
Jan 13 13:19:16 vader-rover kernel: [    1.178436] 0x000000280000-0x000000680000 : "linux"
Jan 13 13:19:16 vader-rover kernel: [    1.188934] 0x000000680000-0x000020000000 : "rootfs"
Jan 13 13:19:16 vader-rover kernel: [    1.700378] smsc911x: Driver version 2008-10-21
Jan 13 13:19:16 vader-rover kernel: [    1.705749] smsc911x: Driver version 2008-10-21
Jan 13 13:19:16 vader-rover kernel: [    1.711151] usbcore: registered new interface driver asix
Jan 13 13:19:16 vader-rover kernel: [    1.716949] usbcore: registered new interface driver cdc_ether
Jan 13 13:19:16 vader-rover kernel: [    1.723266] usbcore: registered new interface driver cdc_ncm
Jan 13 13:19:16 vader-rover kernel: [    1.729675] ehci_hcd: USB 2.0 'Enhanced' Host Controller (EHCI) Driver
Jan 13 13:19:16 vader-rover kernel: [    1.736633] ehci_hcd: block sizes: qh 64 qtd 96 itd 160 sitd 96
Jan 13 13:19:16 vader-rover kernel: [    1.736816] ehci-omap ehci-omap.0: failed to get ehci port1 regulator
Jan 13 13:19:16 vader-rover kernel: [    2.740997] ehci-omap ehci-omap.0: phy reset operation timed out
Jan 13 13:19:16 vader-rover kernel: [    2.741027] ehci-omap ehci-omap.0: reset hcs_params 0x1313 dbg=0 cc=1 pcc=3 ordered ports=3
Jan 13 13:19:16 vader-rover kernel: [    2.741058] ehci-omap ehci-omap.0: reset hcc_params 0016 thresh 1 uframes 256/512/1024 park
Jan 13 13:19:16 vader-rover kernel: [    2.741088] ehci-omap ehci-omap.0: reset command 0080b02  park=3 ithresh=8 period=1024 Reset HALT
Jan 13 13:19:16 vader-rover kernel: [    2.741119] ehci-omap ehci-omap.0: OMAP-EHCI Host Controller
Jan 13 13:19:16 vader-rover kernel: [    2.747497] ehci-omap ehci-omap.0: new USB bus registered, assigned bus number 1
Jan 13 13:19:16 vader-rover kernel: [    2.755462] ehci-omap ehci-omap.0: park 0
Jan 13 13:19:16 vader-rover kernel: [    2.755523] ehci-omap ehci-omap.0: irq 77, io mem 0x48064800
Jan 13 13:19:16 vader-rover kernel: [    2.761566] ehci-omap ehci-omap.0: init command 0010005 (park)=0 ithresh=1 period=512 RUN
Jan 13 13:19:16 vader-rover kernel: [    2.772308] ehci-omap ehci-omap.0: USB 2.0 started, EHCI 1.00
Jan 13 13:19:16 vader-rover kernel: [    2.778564] usb usb1: default language 0x0409
Jan 13 13:19:16 vader-rover kernel: [    2.778625] usb usb1: udev 1, busnum 1, minor = 0
Jan 13 13:19:16 vader-rover kernel: [    2.778625] usb usb1: New USB device found, idVendor=1d6b, idProduct=0002
Jan 13 13:19:16 vader-rover kernel: [    2.785858] usb usb1: New USB device strings: Mfr=3, Product=2, SerialNumber=1
Jan 13 13:19:16 vader-rover kernel: [    2.793518] usb usb1: Product: OMAP-EHCI Host Controller
Jan 13 13:19:16 vader-rover kernel: [    2.799133] usb usb1: Manufacturer: Linux 3.5.0-2-linaro-omap ehci_hcd
Jan 13 13:19:16 vader-rover kernel: [    2.806060] usb usb1: SerialNumber: ehci-omap.0
Jan 13 13:19:16 vader-rover kernel: [    2.811553] usb usb1: usb_probe_device
Jan 13 13:19:16 vader-rover kernel: [    2.811584] usb usb1: configuration #1 chosen from 1 choice
Jan 13 13:19:16 vader-rover kernel: [    2.811645] usb usb1: adding 1-0:1.0 (config #1, interface 0)
Jan 13 13:19:16 vader-rover kernel: [    2.811859] hub 1-0:1.0: usb_probe_interface
Jan 13 13:19:16 vader-rover kernel: [    2.811859] hub 1-0:1.0: usb_probe_interface - got id
Jan 13 13:19:16 vader-rover kernel: [    2.811889] hub 1-0:1.0: USB hub found
Jan 13 13:19:16 vader-rover kernel: [    2.815887] hub 1-0:1.0: 3 ports detected
Jan 13 13:19:16 vader-rover kernel: [    2.820159] hub 1-0:1.0: standalone hub
Jan 13 13:19:16 vader-rover kernel: [    2.820190] hub 1-0:1.0: individual port power switching
Jan 13 13:19:16 vader-rover kernel: [    2.820190] hub 1-0:1.0: individual port over-current protection
Jan 13 13:19:16 vader-rover kernel: [    2.820220] hub 1-0:1.0: power on to power good time: 20ms
Jan 13 13:19:16 vader-rover kernel: [    2.820251] hub 1-0:1.0: local power source is good
Jan 13 13:19:16 vader-rover kernel: [    2.820281] hub 1-0:1.0: enabling power on all ports
Jan 13 13:19:16 vader-rover kernel: [    2.820648] ehci-omap ehci-omap.0: ...powerup ports...
Jan 13 13:19:16 vader-rover kernel: [    2.850646] Initializing USB Mass Storage driver...
Jan 13 13:19:16 vader-rover kernel: [    2.855987] usbcore: registered new interface driver usb-storage
Jan 13 13:19:16 vader-rover kernel: [    2.862365] USB Mass Storage support registered.
Jan 13 13:19:16 vader-rover kernel: [    2.867279] musb-hdrc: version 6.0, ?dma?, otg (peripheral+host)
Jan 13 13:19:16 vader-rover kernel: [    2.880187] twl4030_usb twl4030_usb: twl4030_phy_resume
Jan 13 13:19:16 vader-rover kernel: [    2.880462] musb-hdrc: ConfigData=0xde (UTMI-8, dyn FIFOs, bulk combine, bulk split, HB-ISO Rx, HB-ISO Tx, SoftConn)
Jan 13 13:19:16 vader-rover kernel: [    2.880493] musb-hdrc: MHDRC RTL version 1.800 
Jan 13 13:19:16 vader-rover kernel: [    2.880493] musb-hdrc: setup fifo_mode 4
Jan 13 13:19:16 vader-rover kernel: [    2.880523] musb-hdrc: 28/31 max ep, 16384/16384 memory
Jan 13 13:19:16 vader-rover kernel: [    2.881103] musb-hdrc musb-hdrc: USB OTG mode controller at fa0ab000 using DMA, IRQ 92
Jan 13 13:19:16 vader-rover kernel: [    2.891662] twl4030_usb twl4030_usb: twl4030_phy_suspend
Jan 13 13:19:16 vader-rover kernel: [    2.892333] mousedev: PS/2 mouse device common for all mice
Jan 13 13:19:16 vader-rover kernel: [    2.899169] twl_rtc twl_rtc: Enabling TWL-RTC
Jan 13 13:19:16 vader-rover kernel: [    2.906707] twl_rtc twl_rtc: rtc core: registered twl_rtc as rtc0
Jan 13 13:19:16 vader-rover kernel: [    2.913909] i2c /dev entries driver
Jan 13 13:19:16 vader-rover kernel: [    2.919433] voltdm_scale: No voltage scale API registered for vdd_mpu_iva
Jan 13 13:19:16 vader-rover kernel: [    2.926818] hub 1-0:1.0: state 7 ports 3 chg 0000 evt 0000
Jan 13 13:19:16 vader-rover kernel: [    2.926879] platform mpu.0: omap_target: unable to scale voltage up.
Jan 13 13:19:16 vader-rover kernel: [    2.933685] cpuidle: using governor ladder
Jan 13 13:19:16 vader-rover kernel: [    2.938049] cpuidle: using governor menu
Jan 13 13:19:16 vader-rover kernel: [    2.942749] omap_hsmmc omap_hsmmc.0: Failed to get debounce clk
Jan 13 13:19:16 vader-rover kernel: [    3.319396] omap_hsmmc omap_hsmmc.1: Failed to get debounce clk
Jan 13 13:19:16 vader-rover kernel: [    3.366546] Registered led device: overo:red:gpio21
Jan 13 13:19:16 vader-rover kernel: [    3.366699] Registered led device: overo:blue:gpio22
Jan 13 13:19:16 vader-rover kernel: [    3.367706] Registered led device: overo:blue:COM
Jan 13 13:19:16 vader-rover kernel: [    3.369659] usbcore: registered new interface driver usbhid
Jan 13 13:19:16 vader-rover kernel: [    3.375610] usbhid: USB HID core driver
Jan 13 13:19:16 vader-rover kernel: [    3.380371] usbcore: registered new interface driver snd-usb-audio
Jan 13 13:19:16 vader-rover kernel: [    3.389190] overo SoC init
Jan 13 13:19:16 vader-rover kernel: [    3.392456] soc-audio soc-audio: ASoC machine overo should use snd_soc_register_card()
Jan 13 13:19:16 vader-rover kernel: [    3.487457] twl4030-codec twl4030-codec: ASoC: Failed to create Capture debugfs file
Jan 13 13:19:16 vader-rover kernel: [    3.500061] asoc: twl4030-hifi <-> omap-mcbsp.2 mapping ok
Jan 13 13:19:16 vader-rover kernel: [    3.511108] oprofile: hardware counters not available
Jan 13 13:19:16 vader-rover kernel: [    3.516510] oprofile: using timer interrupt.
Jan 13 13:19:16 vader-rover kernel: [    3.521514] TCP: cubic registered
Jan 13 13:19:16 vader-rover kernel: [    3.525207] NET: Registered protocol family 17
Jan 13 13:19:16 vader-rover kernel: [    3.530273] NET: Registered protocol family 15
Jan 13 13:19:16 vader-rover kernel: [    3.535247] Key type dns_resolver registered
Jan 13 13:19:16 vader-rover kernel: [    3.540069] VFP support v0.3: implementor 41 architecture 3 part 30 variant c rev 3
Jan 13 13:19:16 vader-rover kernel: [    3.554534] ThumbEE CPU extension supported.
Jan 13 13:19:16 vader-rover kernel: [    3.559082] sr_init: No PMIC hook to init smartreflex
Jan 13 13:19:16 vader-rover kernel: [    3.564666] smartreflex smartreflex.0: omap_sr_probe: SmartReflex driver initialized
Jan 13 13:19:16 vader-rover kernel: [    3.573120] smartreflex smartreflex.1: omap_sr_probe: SmartReflex driver initialized
Jan 13 13:19:16 vader-rover kernel: [    3.590484] clock: disabling unused clocks to save power
Jan 13 13:19:16 vader-rover kernel: [    3.597320] registered taskstats version 1
Jan 13 13:19:16 vader-rover kernel: [    3.603302] fbcvt: 1024x768@60: CVT Name - .786M3-R
Jan 13 13:19:16 vader-rover kernel: [    3.629760] Console: switching to colour frame buffer device 128x48
Jan 13 13:19:16 vader-rover kernel: [    3.652648] VDAC: incomplete constraints, leaving on
Jan 13 13:19:16 vader-rover kernel: [    3.660308] twl_rtc twl_rtc: setting system clock to 2014-01-13 18:19:05 UTC (1389637145)
Jan 13 13:19:16 vader-rover kernel: [    3.669281] ALSA device list:
Jan 13 13:19:16 vader-rover kernel: [    3.672637]   #0: overo
Jan 13 13:19:16 vader-rover kernel: [    3.676971] Freeing init memory: 220K
Jan 13 13:19:16 vader-rover kernel: [    3.690704] mmc0: host does not support reading read-only switch. assuming write-enable.
Jan 13 13:19:16 vader-rover kernel: [    3.711395] mmc0: new high speed SDXC card at address e624
Jan 13 13:19:16 vader-rover kernel: [    3.725555] mmcblk0: mmc0:e624 SU64G 59.4 GiB 
Jan 13 13:19:16 vader-rover kernel: [    3.733856]  mmcblk0: p1 p2
Jan 13 13:19:16 vader-rover kernel: [    3.776123] mmc1: new SDIO card at address 0001
Jan 13 13:19:16 vader-rover kernel: [    4.916015] EXT3-fs (mmcblk0p2): mounted filesystem with writeback data mode
Jan 13 13:19:16 vader-rover kernel: [    4.923767] kjournald starting.  Commit interval 5 seconds
Jan 13 13:19:16 vader-rover kernel: [    5.014587] hub 1-0:1.0: hub_suspend
Jan 13 13:19:16 vader-rover kernel: [    5.014648] usb usb1: bus auto-suspend, wakeup 1
Jan 13 13:19:16 vader-rover kernel: [    5.014678] ehci-omap ehci-omap.0: suspend root hub
Jan 13 13:19:16 vader-rover kernel: [    6.792175] end_request: I/O error, dev mtdblock0, sector 0
Jan 13 13:19:16 vader-rover kernel: [    6.798248] Buffer I/O error on device mtdblock0, logical block 0
Jan 13 13:19:16 vader-rover kernel: [    6.862335] end_request: I/O error, dev mtdblock0, sector 0
Jan 13 13:19:16 vader-rover kernel: [    6.868377] Buffer I/O error on device mtdblock0, logical block 0
Jan 13 13:19:16 vader-rover kernel: [    6.987487] end_request: I/O error, dev mtdblock0, sector 0
Jan 13 13:19:16 vader-rover kernel: [    6.998962] Buffer I/O error on device mtdblock0, logical block 0
Jan 13 13:19:16 vader-rover kernel: [    7.101348] end_request: I/O error, dev mtdblock0, sector 0
Jan 13 13:19:16 vader-rover kernel: [    7.112945] Buffer I/O error on device mtdblock0, logical block 0
Jan 13 13:19:16 vader-rover kernel: [    7.177734] end_request: I/O error, dev mtdblock0, sector 0
Jan 13 13:19:16 vader-rover kernel: [    7.189331] Buffer I/O error on device mtdblock0, logical block 0
Jan 13 13:19:16 vader-rover kernel: [    7.324432] end_request: I/O error, dev mtdblock0, sector 0
Jan 13 13:19:16 vader-rover kernel: [    7.335998] Buffer I/O error on device mtdblock0, logical block 0
Jan 13 13:19:16 vader-rover kernel: [    7.452697] end_request: I/O error, dev mtdblock0, sector 0
Jan 13 13:19:16 vader-rover kernel: [    7.464202] Buffer I/O error on device mtdblock0, logical block 0
Jan 13 13:19:16 vader-rover kernel: [    7.535064] end_request: I/O error, dev mtdblock0, sector 0
Jan 13 13:19:16 vader-rover kernel: [    7.546478] Buffer I/O error on device mtdblock0, logical block 0
Jan 13 13:19:16 vader-rover kernel: [    7.625640] end_request: I/O error, dev mtdblock0, sector 0
Jan 13 13:19:16 vader-rover kernel: [    7.637145] Buffer I/O error on device mtdblock0, logical block 0
Jan 13 13:19:16 vader-rover kernel: [    7.725616] end_request: I/O error, dev mtdblock0, sector 0
Jan 13 13:19:16 vader-rover kernel: [    7.737213] Buffer I/O error on device mtdblock0, logical block 0
Jan 13 13:19:16 vader-rover kernel: [    7.815490] end_request: I/O error, dev mtdblock0, sector 0
Jan 13 13:19:16 vader-rover kernel: [    7.858367] end_request: I/O error, dev mtdblock0, sector 0
Jan 13 13:19:16 vader-rover kernel: [    7.911346] end_request: I/O error, dev mtdblock0, sector 0
Jan 13 13:19:16 vader-rover kernel: [    7.949584] end_request: I/O error, dev mtdblock0, sector 0
Jan 13 13:19:16 vader-rover kernel: [    7.983917] ads7846 spi1.0: touchscreen, irq 210
Jan 13 13:19:16 vader-rover kernel: [    7.984222] ads7846 spi1.0: no device detected, test read result was 0x00000FFF
Jan 13 13:19:16 vader-rover kernel: [    8.006805] end_request: I/O error, dev mtdblock0, sector 0
Jan 13 13:19:16 vader-rover kernel: [    8.043182] end_request: I/O error, dev mtdblock0, sector 0
Jan 13 13:19:16 vader-rover kernel: [    8.075531] end_request: I/O error, dev mtdblock0, sector 0
Jan 13 13:19:16 vader-rover kernel: [    8.100311] Linux media interface: v0.10
Jan 13 13:19:16 vader-rover kernel: [    8.124053] end_request: I/O error, dev mtdblock0, sector 8
Jan 13 13:19:16 vader-rover kernel: [    8.163055] end_request: I/O error, dev mtdblock0, sector 8
Jan 13 13:19:16 vader-rover kernel: [    8.203094] end_request: I/O error, dev mtdblock0, sector 8
Jan 13 13:19:16 vader-rover kernel: [    8.245391] Linux video capture interface: v2.00
Jan 13 13:19:16 vader-rover kernel: [    8.248016] end_request: I/O error, dev mtdblock0, sector 8
Jan 13 13:19:16 vader-rover kernel: [    8.296234] end_request: I/O error, dev mtdblock0, sector 24
Jan 13 13:19:16 vader-rover kernel: [    8.336822] end_request: I/O error, dev mtdblock0, sector 24
Jan 13 13:19:16 vader-rover kernel: [    8.380584] end_request: I/O error, dev mtdblock0, sector 24
Jan 13 13:19:16 vader-rover kernel: [    8.426330] end_request: I/O error, dev mtdblock0, sector 24
Jan 13 13:19:16 vader-rover kernel: [    8.469665] end_request: I/O error, dev mtdblock0, sector 56
Jan 13 13:19:16 vader-rover kernel: [    8.507751] omap3isp omap3isp: Revision 15.0 found
Jan 13 13:19:16 vader-rover kernel: [    8.507873] omap-iommu omap-iommu.0: isp: version 1.1
Jan 13 13:19:16 vader-rover kernel: [    8.508514] end_request: I/O error, dev mtdblock0, sector 56
Jan 13 13:19:16 vader-rover kernel: [    8.551818] end_request: I/O error, dev mtdblock0, sector 56
Jan 13 13:19:16 vader-rover kernel: [    8.590576] end_request: I/O error, dev mtdblock0, sector 56
Jan 13 13:19:16 vader-rover kernel: [    8.608367] lib80211: common routines for IEEE802.11 drivers
Jan 13 13:19:16 vader-rover kernel: [    8.608367] lib80211_crypt: registered algorithm 'NULL'
Jan 13 13:19:16 vader-rover kernel: [    8.642852] end_request: I/O error, dev mtdblock0, sector 120
Jan 13 13:19:16 vader-rover kernel: [    8.679382] mt9v032 3-005c: Probing MT9V032 at address 0x5c
Jan 13 13:19:16 vader-rover kernel: [    8.679626] mt9v032 3-005c: MT9V032 power up failed
Jan 13 13:19:16 vader-rover kernel: [    8.697845] end_request: I/O error, dev mtdblock0, sector 120
Jan 13 13:19:16 vader-rover kernel: [    8.717041] end_request: I/O error, dev mtdblock0, sector 120
Jan 13 13:19:16 vader-rover kernel: [    8.752014] end_request: I/O error, dev mtdblock0, sector 120
Jan 13 13:19:16 vader-rover kernel: [    8.772735] end_request: I/O error, dev mtdblock0, sector 0
Jan 13 13:19:16 vader-rover kernel: [    8.802337] end_request: I/O error, dev mtdblock0, sector 0
Jan 13 13:19:16 vader-rover kernel: [    8.829254] end_request: I/O error, dev mtdblock0, sector 8
Jan 13 13:19:16 vader-rover kernel: [    8.852691] end_request: I/O error, dev mtdblock0, sector 8
Jan 13 13:19:16 vader-rover kernel: [    8.870513] isp_register_subdev_group: Unable to register subdev mt9v032
Jan 13 13:19:16 vader-rover kernel: [    8.881256] end_request: I/O error, dev mtdblock0, sector 24
Jan 13 13:19:16 vader-rover kernel: [    8.900054] cfg80211: Calling CRDA to update world regulatory domain
Jan 13 13:19:16 vader-rover kernel: [    8.903869] end_request: I/O error, dev mtdblock0, sector 24
Jan 13 13:19:16 vader-rover kernel: [    8.935668] end_request: I/O error, dev mtdblock0, sector 56
Jan 13 13:19:16 vader-rover kernel: [    8.961486] end_request: I/O error, dev mtdblock0, sector 56
Jan 13 13:19:16 vader-rover kernel: [    8.991851] end_request: I/O error, dev mtdblock0, sector 120
Jan 13 13:19:16 vader-rover kernel: [    9.019470] end_request: I/O error, dev mtdblock0, sector 120
Jan 13 13:19:16 vader-rover kernel: [    9.040557] end_request: I/O error, dev mtdblock0, sector 0
Jan 13 13:19:16 vader-rover kernel: [    9.052429] libertas_sdio: Libertas SDIO driver
Jan 13 13:19:16 vader-rover kernel: [    9.052459] libertas_sdio: Copyright Pierre Ossman
Jan 13 13:19:16 vader-rover kernel: [    9.071472] end_request: I/O error, dev mtdblock0, sector 0
Jan 13 13:19:16 vader-rover kernel: [    9.092681] end_request: I/O error, dev mtdblock0, sector 0
Jan 13 13:19:16 vader-rover kernel: [    9.122924] end_request: I/O error, dev mtdblock0, sector 0
Jan 13 13:19:16 vader-rover kernel: [    9.144775] end_request: I/O error, dev mtdblock0, sector 0
Jan 13 13:19:16 vader-rover kernel: [    9.167510] end_request: I/O error, dev mtdblock0, sector 0
Jan 13 13:19:16 vader-rover kernel: [    9.185058] end_request: I/O error, dev mtdblock0, sector 64
Jan 13 13:19:16 vader-rover kernel: [    9.209014] end_request: I/O error, dev mtdblock0, sector 64
Jan 13 13:19:16 vader-rover kernel: [    9.232086] end_request: I/O error, dev mtdblock0, sector 64
Jan 13 13:19:16 vader-rover kernel: [    9.251617] end_request: I/O error, dev mtdblock0, sector 64
Jan 13 13:19:16 vader-rover kernel: [    9.272491] end_request: I/O error, dev mtdblock0, sector 64
Jan 13 13:19:16 vader-rover kernel: [    9.287200] end_request: I/O error, dev mtdblock0, sector 64
Jan 13 13:19:16 vader-rover kernel: [    9.310058] end_request: I/O error, dev mtdblock0, sector 64
Jan 13 13:19:16 vader-rover kernel: [    9.335937] end_request: I/O error, dev mtdblock0, sector 64
Jan 13 13:19:16 vader-rover kernel: [    9.357360] end_request: I/O error, dev mtdblock0, sector 64
Jan 13 13:19:16 vader-rover kernel: [    9.379058] end_request: I/O error, dev mtdblock0, sector 0
Jan 13 13:19:16 vader-rover kernel: [    9.397521] end_request: I/O error, dev mtdblock0, sector 0
Jan 13 13:19:16 vader-rover kernel: [    9.414184] end_request: I/O error, dev mtdblock0, sector 0
Jan 13 13:19:16 vader-rover kernel: [    9.433746] end_request: I/O error, dev mtdblock0, sector 0
Jan 13 13:19:16 vader-rover kernel: [    9.456146] end_request: I/O error, dev mtdblock0, sector 0
Jan 13 13:19:16 vader-rover kernel: [    9.475708] end_request: I/O error, dev mtdblock0, sector 16
Jan 13 13:19:16 vader-rover kernel: [    9.499298] end_request: I/O error, dev mtdblock0, sector 0
Jan 13 13:19:16 vader-rover kernel: [    9.523254] end_request: I/O error, dev mtdblock0, sector 0
Jan 13 13:19:16 vader-rover kernel: [    9.545959] end_request: I/O error, dev mtdblock0, sector 0
Jan 13 13:19:16 vader-rover kernel: [    9.571899] end_request: I/O error, dev mtdblock0, sector 0
Jan 13 13:19:16 vader-rover kernel: [    9.607330] end_request: I/O error, dev mtdblock0, sector 0
Jan 13 13:19:16 vader-rover kernel: [    9.646484] end_request: I/O error, dev mtdblock0, sector 0
Jan 13 13:19:16 vader-rover kernel: [    9.687225] end_request: I/O error, dev mtdblock0, sector 0
Jan 13 13:19:16 vader-rover kernel: [    9.721710] end_request: I/O error, dev mtdblock0, sector 0
Jan 13 13:19:16 vader-rover kernel: [    9.748413] end_request: I/O error, dev mtdblock0, sector 0
Jan 13 13:19:16 vader-rover kernel: [    9.772491] end_request: I/O error, dev mtdblock0, sector 0
Jan 13 13:19:16 vader-rover kernel: [    9.784606] end_request: I/O error, dev mtdblock0, sector 0
Jan 13 13:19:16 vader-rover kernel: [    9.808258] end_request: I/O error, dev mtdblock0, sector 0
Jan 13 13:19:16 vader-rover kernel: [    9.824493] end_request: I/O error, dev mtdblock0, sector 0
Jan 13 13:19:16 vader-rover kernel: [    9.846740] end_request: I/O error, dev mtdblock0, sector 0
Jan 13 13:19:16 vader-rover kernel: [    9.866333] end_request: I/O error, dev mtdblock0, sector 0
Jan 13 13:19:16 vader-rover kernel: [    9.882965] end_request: I/O error, dev mtdblock0, sector 0
Jan 13 13:19:16 vader-rover kernel: [    9.910003] end_request: I/O error, dev mtdblock0, sector 0
Jan 13 13:19:16 vader-rover kernel: [    9.928741] end_request: I/O error, dev mtdblock0, sector 0
Jan 13 13:19:16 vader-rover kernel: [    9.947174] end_request: I/O error, dev mtdblock0, sector 8
Jan 13 13:19:16 vader-rover kernel: [    9.967803] end_request: I/O error, dev mtdblock0, sector 0
Jan 13 13:19:16 vader-rover kernel: [    9.982299] end_request: I/O error, dev mtdblock0, sector 0
Jan 13 13:19:16 vader-rover kernel: [   10.000793] end_request: I/O error, dev mtdblock0, sector 0
Jan 13 13:19:16 vader-rover kernel: [   10.024688] end_request: I/O error, dev mtdblock0, sector 0
Jan 13 13:19:16 vader-rover kernel: [   10.427185] end_request: I/O error, dev mtdblock0, sector 0
Jan 13 13:19:16 vader-rover kernel: [   10.440490] end_request: I/O error, dev mtdblock0, sector 0
Jan 13 13:19:16 vader-rover kernel: [   10.458953] end_request: I/O error, dev mtdblock0, sector 0
Jan 13 13:19:16 vader-rover kernel: [   10.470825] end_request: I/O error, dev mtdblock0, sector 0
Jan 13 13:19:16 vader-rover kernel: [   10.485137] end_request: I/O error, dev mtdblock0, sector 0
Jan 13 13:19:16 vader-rover kernel: [   10.506866] end_request: I/O error, dev mtdblock0, sector 0
Jan 13 13:19:16 vader-rover kernel: [   10.515991] end_request: I/O error, dev mtdblock0, sector 0
Jan 13 13:19:16 vader-rover kernel: [   10.530334] end_request: I/O error, dev mtdblock0, sector 0
Jan 13 13:19:16 vader-rover kernel: [   10.545928] end_request: I/O error, dev mtdblock0, sector 0
Jan 13 13:19:16 vader-rover kernel: [   10.561553] end_request: I/O error, dev mtdblock0, sector 0
Jan 13 13:19:16 vader-rover kernel: [   10.575653] end_request: I/O error, dev mtdblock0, sector 0
Jan 13 13:19:16 vader-rover kernel: [   10.592803] end_request: I/O error, dev mtdblock0, sector 0
Jan 13 13:19:16 vader-rover kernel: [   10.607360] end_request: I/O error, dev mtdblock0, sector 0
Jan 13 13:19:16 vader-rover kernel: [   10.622222] end_request: I/O error, dev mtdblock0, sector 0
Jan 13 13:19:16 vader-rover kernel: [   10.636749] end_request: I/O error, dev mtdblock0, sector 0
Jan 13 13:19:16 vader-rover kernel: [   10.653137] end_request: I/O error, dev mtdblock0, sector 0
Jan 13 13:19:16 vader-rover kernel: [   10.667694] end_request: I/O error, dev mtdblock0, sector 0
Jan 13 13:19:16 vader-rover kernel: [   10.685150] end_request: I/O error, dev mtdblock0, sector 8
Jan 13 13:19:16 vader-rover kernel: [   10.702178] end_request: I/O error, dev mtdblock0, sector 8
Jan 13 13:19:16 vader-rover kernel: [   10.714630] end_request: I/O error, dev mtdblock0, sector 8
Jan 13 13:19:16 vader-rover kernel: [   10.732727] end_request: I/O error, dev mtdblock0, sector 8
Jan 13 13:19:16 vader-rover kernel: [   10.748504] end_request: I/O error, dev mtdblock0, sector 24
Jan 13 13:19:16 vader-rover kernel: [   10.764678] end_request: I/O error, dev mtdblock0, sector 24
Jan 13 13:19:16 vader-rover kernel: [   10.780334] end_request: I/O error, dev mtdblock0, sector 24
Jan 13 13:19:16 vader-rover kernel: [   10.795959] end_request: I/O error, dev mtdblock0, sector 24
Jan 13 13:19:16 vader-rover kernel: [   10.811584] end_request: I/O error, dev mtdblock0, sector 56
Jan 13 13:19:16 vader-rover kernel: [   10.827209] end_request: I/O error, dev mtdblock0, sector 56
Jan 13 13:19:16 vader-rover kernel: [   10.842834] end_request: I/O error, dev mtdblock0, sector 56
Jan 13 13:19:16 vader-rover kernel: [   10.858459] end_request: I/O error, dev mtdblock0, sector 56
Jan 13 13:19:16 vader-rover kernel: [   10.874145] end_request: I/O error, dev mtdblock0, sector 120
Jan 13 13:19:16 vader-rover kernel: [   10.889739] end_request: I/O error, dev mtdblock0, sector 120
Jan 13 13:19:16 vader-rover kernel: [   10.905334] end_request: I/O error, dev mtdblock0, sector 120
Jan 13 13:19:16 vader-rover kernel: [   10.920959] end_request: I/O error, dev mtdblock0, sector 120
Jan 13 13:19:16 vader-rover kernel: [   10.935791] end_request: I/O error, dev mtdblock0, sector 0
Jan 13 13:19:16 vader-rover kernel: [   10.944335] end_request: I/O error, dev mtdblock0, sector 0
Jan 13 13:19:16 vader-rover kernel: [   10.960021] end_request: I/O error, dev mtdblock0, sector 8
Jan 13 13:19:16 vader-rover kernel: [   10.975616] end_request: I/O error, dev mtdblock0, sector 8
Jan 13 13:19:16 vader-rover kernel: [   10.990753] end_request: I/O error, dev mtdblock0, sector 24
Jan 13 13:19:16 vader-rover kernel: [   11.006896] end_request: I/O error, dev mtdblock0, sector 24
Jan 13 13:19:16 vader-rover kernel: [   11.022308] end_request: I/O error, dev mtdblock0, sector 56
Jan 13 13:19:16 vader-rover kernel: [   11.038116] end_request: I/O error, dev mtdblock0, sector 56
Jan 13 13:19:16 vader-rover kernel: [   11.052276] end_request: I/O error, dev mtdblock0, sector 120
Jan 13 13:19:16 vader-rover kernel: [   11.069396] end_request: I/O error, dev mtdblock0, sector 120
Jan 13 13:19:16 vader-rover kernel: [   11.085052] end_request: I/O error, dev mtdblock0, sector 0
Jan 13 13:19:16 vader-rover kernel: [   11.100646] end_request: I/O error, dev mtdblock0, sector 0
Jan 13 13:19:16 vader-rover kernel: [   11.116363] end_request: I/O error, dev mtdblock0, sector 0
Jan 13 13:19:16 vader-rover kernel: [   11.131896] end_request: I/O error, dev mtdblock0, sector 0
Jan 13 13:19:16 vader-rover kernel: [   11.147552] end_request: I/O error, dev mtdblock0, sector 0
Jan 13 13:19:16 vader-rover kernel: [   11.163146] end_request: I/O error, dev mtdblock0, sector 0
Jan 13 13:19:16 vader-rover kernel: [   11.178771] end_request: I/O error, dev mtdblock0, sector 64
Jan 13 13:19:16 vader-rover kernel: [   11.190765] end_request: I/O error, dev mtdblock0, sector 64
Jan 13 13:19:16 vader-rover kernel: [   11.210083] end_request: I/O error, dev mtdblock0, sector 64
Jan 13 13:19:16 vader-rover kernel: [   11.225677] end_request: I/O error, dev mtdblock0, sector 64
Jan 13 13:19:16 vader-rover kernel: [   11.241302] end_request: I/O error, dev mtdblock0, sector 64
Jan 13 13:19:16 vader-rover kernel: [   11.251892] end_request: I/O error, dev mtdblock0, sector 64
Jan 13 13:19:16 vader-rover kernel: [   11.276947] end_request: I/O error, dev mtdblock0, sector 64
Jan 13 13:19:16 vader-rover kernel: [   11.294982] end_request: I/O error, dev mtdblock0, sector 64
Jan 13 13:19:16 vader-rover kernel: [   11.313446] end_request: I/O error, dev mtdblock0, sector 64
Jan 13 13:19:16 vader-rover kernel: [   11.334503] end_request: I/O error, dev mtdblock0, sector 0
Jan 13 13:19:16 vader-rover kernel: [   11.350646] end_request: I/O error, dev mtdblock0, sector 0
Jan 13 13:19:16 vader-rover kernel: [   11.362426] end_request: I/O error, dev mtdblock0, sector 0
Jan 13 13:19:16 vader-rover kernel: [   11.381896] end_request: I/O error, dev mtdblock0, sector 0
Jan 13 13:19:16 vader-rover kernel: [   11.397521] end_request: I/O error, dev mtdblock0, sector 0
Jan 13 13:19:16 vader-rover kernel: [   11.413146] end_request: I/O error, dev mtdblock0, sector 16
Jan 13 13:19:16 vader-rover kernel: [   11.432342] end_request: I/O error, dev mtdblock0, sector 0
Jan 13 13:19:16 vader-rover kernel: [   11.450347] end_request: I/O error, dev mtdblock0, sector 0
Jan 13 13:19:16 vader-rover kernel: [   11.472290] end_request: I/O error, dev mtdblock0, sector 0
Jan 13 13:19:16 vader-rover kernel: [   11.488311] end_request: I/O error, dev mtdblock0, sector 0
Jan 13 13:19:16 vader-rover kernel: [   11.500762] end_request: I/O error, dev mtdblock0, sector 0
Jan 13 13:19:16 vader-rover kernel: [   11.522491] end_request: I/O error, dev mtdblock0, sector 0
Jan 13 13:19:16 vader-rover kernel: [   11.534393] end_request: I/O error, dev mtdblock0, sector 0
Jan 13 13:19:16 vader-rover kernel: [   11.560913] end_request: I/O error, dev mtdblock0, sector 0
Jan 13 13:19:16 vader-rover kernel: [   11.579254] end_request: I/O error, dev mtdblock0, sector 0
Jan 13 13:19:16 vader-rover kernel: [   11.604766] end_request: I/O error, dev mtdblock0, sector 0
Jan 13 13:19:16 vader-rover kernel: [   11.631713] end_request: I/O error, dev mtdblock0, sector 0
Jan 13 13:19:16 vader-rover kernel: [   11.656158] end_request: I/O error, dev mtdblock0, sector 0
Jan 13 13:19:16 vader-rover kernel: [   11.671020] end_request: I/O error, dev mtdblock0, sector 0
Jan 13 13:19:16 vader-rover kernel: [   11.695648] end_request: I/O error, dev mtdblock0, sector 0
Jan 13 13:19:16 vader-rover kernel: [   11.717102] end_request: I/O error, dev mtdblock0, sector 0
Jan 13 13:19:16 vader-rover kernel: [   11.734466] end_request: I/O error, dev mtdblock0, sector 0
Jan 13 13:19:16 vader-rover kernel: [   11.750518] end_request: I/O error, dev mtdblock0, sector 0
Jan 13 13:19:16 vader-rover kernel: [   11.776977] end_request: I/O error, dev mtdblock0, sector 0
Jan 13 13:19:16 vader-rover kernel: [   11.793334] end_request: I/O error, dev mtdblock0, sector 8
Jan 13 13:19:16 vader-rover kernel: [   11.817352] end_request: I/O error, dev mtdblock0, sector 0
Jan 13 13:19:16 vader-rover kernel: [   11.843078] end_request: I/O error, dev mtdblock0, sector 0
Jan 13 13:19:16 vader-rover kernel: [   11.862304] end_request: I/O error, dev mtdblock0, sector 0
Jan 13 13:19:16 vader-rover kernel: [   11.881317] end_request: I/O error, dev mtdblock0, sector 0
Jan 13 13:19:16 vader-rover kernel: [   11.888458] quiet_error: 163 callbacks suppressed
Jan 13 13:19:16 vader-rover kernel: [   11.888488] Buffer I/O error on device mtdblock0, logical block 0
Jan 13 13:19:16 vader-rover kernel: [   12.553375] EXT3-fs (mmcblk0p2): using internal journal
Jan 13 13:19:16 vader-rover kernel: [   14.636413] NET: Registered protocol family 10
Jan 13 13:19:17 vader-rover kernel: [   15.677368] cfg80211: World regulatory domain updated:
Jan 13 13:19:17 vader-rover kernel: [   15.677398] cfg80211:   (start_freq - end_freq @ bandwidth), (max_antenna_gain, max_eirp)
Jan 13 13:19:17 vader-rover kernel: [   15.677398] cfg80211:   (2402000 KHz - 2472000 KHz @ 40000 KHz), (300 mBi, 2000 mBm)
Jan 13 13:19:17 vader-rover kernel: [   15.677429] cfg80211:   (2457000 KHz - 2482000 KHz @ 20000 KHz), (300 mBi, 2000 mBm)
Jan 13 13:19:17 vader-rover kernel: [   15.677429] cfg80211:   (2474000 KHz - 2494000 KHz @ 20000 KHz), (300 mBi, 2000 mBm)
Jan 13 13:19:17 vader-rover kernel: [   15.677459] cfg80211:   (5170000 KHz - 5250000 KHz @ 40000 KHz), (300 mBi, 2000 mBm)
Jan 13 13:19:17 vader-rover kernel: [   15.677459] cfg80211:   (5735000 KHz - 5835000 KHz @ 40000 KHz), (300 mBi, 2000 mBm)
Jan 13 13:19:17 vader-rover kernel: [   16.109558] libertas_sdio mmc1:0001:1: (unregistered net_device): 00:19:88:45:0b:0a, fw 9.70.3p36, cap 0x00000303
Jan 13 13:19:17 vader-rover kernel: [   16.133300] libertas_sdio mmc1:0001:1: wlan0: Marvell WLAN 802.11 adapter
Jan 13 13:19:17 vader-rover kernel: [   16.133819] cfg80211: Calling CRDA for country: US
Jan 13 13:19:18 vader-rover kernel: [   16.474517] cfg80211: Regulatory domain changed to country: US
Jan 13 13:19:18 vader-rover kernel: [   16.474548] cfg80211:   (start_freq - end_freq @ bandwidth), (max_antenna_gain, max_eirp)
Jan 13 13:19:18 vader-rover kernel: [   16.474578] cfg80211:   (2402000 KHz - 2472000 KHz @ 40000 KHz), (300 mBi, 2700 mBm)
Jan 13 13:19:18 vader-rover kernel: [   16.474578] cfg80211:   (5170000 KHz - 5250000 KHz @ 40000 KHz), (300 mBi, 1700 mBm)
Jan 13 13:19:18 vader-rover kernel: [   16.474609] cfg80211:   (5250000 KHz - 5330000 KHz @ 40000 KHz), (300 mBi, 2000 mBm)
Jan 13 13:19:18 vader-rover kernel: [   16.474609] cfg80211:   (5490000 KHz - 5600000 KHz @ 40000 KHz), (300 mBi, 2000 mBm)
Jan 13 13:19:18 vader-rover kernel: [   16.474639] cfg80211:   (5650000 KHz - 5710000 KHz @ 40000 KHz), (300 mBi, 2000 mBm)
Jan 13 13:19:18 vader-rover kernel: [   16.474639] cfg80211:   (5735000 KHz - 5835000 KHz @ 40000 KHz), (300 mBi, 3000 mBm)
Jan 13 13:19:19 vader-rover kernel: [   17.306518] IPv6: ADDRCONF(NETDEV_UP): wlan0: link is not ready
Jan 13 13:19:19 vader-rover kernel: [   17.306793] IPv6: ADDRCONF(NETDEV_CHANGE): wlan0: link becomes ready
Jan 13 13:19:25 vader-rover kernel: [   23.587768] pwm: frequency=50 Hz servo=1 servo_min = 10000 servo_max = 20000
Jan 13 13:54:46 vader-rover kernel: [ 2143.871734] usb usb1: usb wakeup-resume
Jan 13 13:54:46 vader-rover kernel: [ 2143.871795] usb usb1: usb auto-resume
Jan 13 13:54:46 vader-rover kernel: [ 2143.871826] ehci-omap ehci-omap.0: resume root hub
Jan 13 13:54:46 vader-rover kernel: [ 2143.913970] hub 1-0:1.0: hub_resume
Jan 13 13:54:46 vader-rover kernel: [ 2143.914123] ehci-omap ehci-omap.0: GetStatus port:2 status 001803 0  ACK POWER sig=j CSC CONNECT
Jan 13 13:54:46 vader-rover kernel: [ 2143.914184] hub 1-0:1.0: port 2: status 0501 change 0001
Jan 13 13:54:46 vader-rover kernel: [ 2144.023254] hub 1-0:1.0: state 7 ports 3 chg 0004 evt 0000
Jan 13 13:54:46 vader-rover kernel: [ 2144.023376] hub 1-0:1.0: port 2, status 0501, change 0000, 480 Mb/s
Jan 13 13:54:46 vader-rover kernel: [ 2144.085693] ehci-omap ehci-omap.0: port 2 reset complete, port enabled
Jan 13 13:54:46 vader-rover kernel: [ 2144.085754] ehci-omap ehci-omap.0: GetStatus port:2 status 001005 0  ACK POWER sig=se0 PE CONNECT
Jan 13 13:54:46 vader-rover kernel: [ 2144.148284] usb 1-2: new high-speed USB device number 2 using ehci-omap
Jan 13 13:54:46 vader-rover kernel: [ 2144.210784] ehci-omap ehci-omap.0: port 2 reset complete, port enabled
Jan 13 13:54:46 vader-rover kernel: [ 2144.210845] ehci-omap ehci-omap.0: GetStatus port:2 status 001005 0  ACK POWER sig=se0 PE CONNECT
Jan 13 13:54:46 vader-rover kernel: [ 2144.305938] usb 1-2: udev 2, busnum 1, minor = 1
Jan 13 13:54:46 vader-rover kernel: [ 2144.305969] usb 1-2: New USB device found, idVendor=0409, idProduct=005a
Jan 13 13:54:46 vader-rover kernel: [ 2144.305999] usb 1-2: New USB device strings: Mfr=0, Product=0, SerialNumber=0
Jan 13 13:54:46 vader-rover kernel: [ 2144.312225] usb 1-2: usb_probe_device
Jan 13 13:54:46 vader-rover kernel: [ 2144.312286] usb 1-2: configuration #1 chosen from 1 choice
Jan 13 13:54:46 vader-rover kernel: [ 2144.313049] usb 1-2: adding 1-2:1.0 (config #1, interface 0)
Jan 13 13:54:46 vader-rover kernel: [ 2144.313446] hub 1-2:1.0: usb_probe_interface
Jan 13 13:54:46 vader-rover kernel: [ 2144.313476] hub 1-2:1.0: usb_probe_interface - got id
Jan 13 13:54:46 vader-rover kernel: [ 2144.313537] hub 1-2:1.0: USB hub found
Jan 13 13:54:46 vader-rover kernel: [ 2144.315063] hub 1-2:1.0: 4 ports detected
Jan 13 13:54:46 vader-rover kernel: [ 2144.315124] hub 1-2:1.0: standalone hub
Jan 13 13:54:46 vader-rover kernel: [ 2144.315124] hub 1-2:1.0: individual port power switching
Jan 13 13:54:46 vader-rover kernel: [ 2144.315155] hub 1-2:1.0: individual port over-current protection
Jan 13 13:54:46 vader-rover kernel: [ 2144.315185] hub 1-2:1.0: Single TT
Jan 13 13:54:46 vader-rover kernel: [ 2144.315216] hub 1-2:1.0: TT requires at most 16 FS bit times (1332 ns)
Jan 13 13:54:46 vader-rover kernel: [ 2144.315246] hub 1-2:1.0: power on to power good time: 100ms
Jan 13 13:54:46 vader-rover kernel: [ 2144.315673] hub 1-2:1.0: local power source is good
Jan 13 13:54:46 vader-rover kernel: [ 2144.315734] hub 1-2:1.0: enabling power on all ports
Jan 13 13:54:46 vader-rover kernel: [ 2144.414184] hub 1-2:1.0: port 1: status 0101 change 0001
Jan 13 13:54:46 vader-rover kernel: [ 2144.415100] hub 1-2:1.0: port 2: status 0101 change 0001
Jan 13 13:54:46 vader-rover kernel: [ 2144.416351] hub 1-2:1.0: port 4: status 0101 change 0001
Jan 13 13:54:46 vader-rover kernel: [ 2144.515502] usb 1-2: link qh256-0001/de3b6440 start 1 [1/0 us]
Jan 13 13:54:46 vader-rover kernel: [ 2144.515624] hub 1-2:1.0: state 7 ports 4 chg 0016 evt 0000
Jan 13 13:54:46 vader-rover kernel: [ 2144.516235] hub 1-2:1.0: port 1, status 0101, change 0000, 12 Mb/s
