Aug 29 12:38:04 vader-rover kernel: imklog 5.8.6, log source = /proc/kmsg started.
Aug 29 12:38:04 vader-rover rsyslogd: [origin software="rsyslogd" swVersion="5.8.6" x-pid="468" x-info="http://www.rsyslog.com"] start
Aug 29 12:38:04 vader-rover rsyslogd: rsyslogd's groupid changed to 103
Aug 29 12:38:04 vader-rover rsyslogd: rsyslogd's userid changed to 101
Aug 29 12:38:04 vader-rover rsyslogd-2039: Could not open output pipe '/dev/xconsole' [try http://www.rsyslog.com/e/2039 ]
Aug 29 12:38:04 vader-rover kernel: [    0.000000] Booting Linux on physical CPU 0
Aug 29 12:38:04 vader-rover kernel: [    0.000000] Initializing cgroup subsys cpuset
Aug 29 12:38:04 vader-rover kernel: [    0.000000] Initializing cgroup subsys cpu
Aug 29 12:38:04 vader-rover kernel: [    0.000000] Linux version 3.5.0-2-linaro-omap (adam@pine) (gcc version 4.6.3 (Ubuntu/Linaro 4.6.3-1ubuntu5) ) #2~ci+121210190143 PREEMPT Mon Dec 10 11:03:27 PST 2012
Aug 29 12:38:04 vader-rover kernel: [    0.000000] CPU: ARMv7 Processor [413fc082] revision 2 (ARMv7), cr=10c53c7d
Aug 29 12:38:04 vader-rover kernel: [    0.000000] CPU: PIPT / VIPT nonaliasing data cache, VIPT aliasing instruction cache
Aug 29 12:38:04 vader-rover kernel: [    0.000000] Machine: Gumstix Overo
Aug 29 12:38:04 vader-rover kernel: [    0.000000] Reserving 12582912 bytes SDRAM for VRAM
Aug 29 12:38:04 vader-rover kernel: [    0.000000] Memory policy: ECC disabled, Data cache writeback
Aug 29 12:38:04 vader-rover kernel: [    0.000000] On node 0 totalpages: 127744
Aug 29 12:38:04 vader-rover kernel: [    0.000000] free_area_init_node: node 0, pgdat c070b85c, node_mem_map c07a7000
Aug 29 12:38:04 vader-rover kernel: [    0.000000]   Normal zone: 1024 pages used for memmap
Aug 29 12:38:04 vader-rover kernel: [    0.000000]   Normal zone: 0 pages reserved
Aug 29 12:38:04 vader-rover kernel: [    0.000000]   Normal zone: 126720 pages, LIFO batch:31
Aug 29 12:38:04 vader-rover kernel: [    0.000000] OMAP3630 ES1.2 (l2cache iva sgx neon isp 192mhz_clk )
Aug 29 12:38:04 vader-rover kernel: [    0.000000] Clocking rate (Crystal/Core/MPU): 26.0/332/600 MHz
Aug 29 12:38:04 vader-rover kernel: [    0.000000] pcpu-alloc: s0 r0 d32768 u32768 alloc=1*32768
Aug 29 12:38:04 vader-rover kernel: [    0.000000] pcpu-alloc: [0] 0 
Aug 29 12:38:04 vader-rover kernel: [    0.000000] Built 1 zonelists in Zone order, mobility grouping on.  Total pages: 126720
Aug 29 12:38:04 vader-rover kernel: [    0.000000] Kernel command line: console=tty0 console=ttyO2,115200n8 root=/dev/mmcblk0p2 rootwait ro earlyprintk mpurate=720 vram=12M omapdss.def_disp=dvi omapfb.mode=dvi:1024x768MR-16@60
Aug 29 12:38:04 vader-rover kernel: [    0.000000] PID hash table entries: 2048 (order: 1, 8192 bytes)
Aug 29 12:38:04 vader-rover kernel: [    0.000000] Dentry cache hash table entries: 65536 (order: 6, 262144 bytes)
Aug 29 12:38:04 vader-rover kernel: [    0.000000] Inode-cache hash table entries: 32768 (order: 5, 131072 bytes)
Aug 29 12:38:04 vader-rover kernel: [    0.000000] allocated 1048576 bytes of page_cgroup
Aug 29 12:38:04 vader-rover kernel: [    0.000000] please try 'cgroup_disable=memory' option if you don't want memory cgroups
Aug 29 12:38:04 vader-rover kernel: [    0.000000] Memory: 499MB = 499MB total
Aug 29 12:38:04 vader-rover kernel: [    0.000000] Memory: 496084k/496084k available, 28204k reserved, 0K highmem
Aug 29 12:38:04 vader-rover kernel: [    0.000000] Virtual kernel memory layout:
Aug 29 12:38:04 vader-rover kernel: [    0.000000]     vector  : 0xffff0000 - 0xffff1000   (   4 kB)
Aug 29 12:38:04 vader-rover kernel: [    0.000000]     fixmap  : 0xfff00000 - 0xfffe0000   ( 896 kB)
Aug 29 12:38:04 vader-rover kernel: [    0.000000]     vmalloc : 0xe0800000 - 0xff000000   ( 488 MB)
Aug 29 12:38:04 vader-rover kernel: [    0.000000]     lowmem  : 0xc0000000 - 0xe0000000   ( 512 MB)
Aug 29 12:38:04 vader-rover kernel: [    0.000000]     pkmap   : 0xbfe00000 - 0xc0000000   (   2 MB)
Aug 29 12:38:04 vader-rover kernel: [    0.000000]     modules : 0xbf000000 - 0xbfe00000   (  14 MB)
Aug 29 12:38:04 vader-rover kernel: [    0.000000]       .text : 0xc0008000 - 0xc067abfc   (6603 kB)
Aug 29 12:38:04 vader-rover kernel: [    0.000000]       .init : 0xc067b000 - 0xc06b2000   ( 220 kB)
Aug 29 12:38:04 vader-rover kernel: [    0.000000]       .data : 0xc06b2000 - 0xc071b268   ( 421 kB)
Aug 29 12:38:04 vader-rover kernel: [    0.000000]        .bss : 0xc071b28c - 0xc07a6020   ( 556 kB)
Aug 29 12:38:04 vader-rover kernel: [    0.000000] NR_IRQS:474
Aug 29 12:38:04 vader-rover kernel: [    0.000000] IRQ: Found an INTC at 0xfa200000 (revision 4.0) with 96 interrupts
Aug 29 12:38:04 vader-rover kernel: [    0.000000] Total of 96 interrupts on 1 active controller
Aug 29 12:38:04 vader-rover kernel: [    0.000000] OMAP clockevent source: GPTIMER1 at 32768 Hz
Aug 29 12:38:04 vader-rover kernel: [    0.000000] sched_clock: 32 bits at 32kHz, resolution 30517ns, wraps every 131071999ms
Aug 29 12:38:04 vader-rover kernel: [    0.000000] OMAP clocksource: 32k_counter at 32768 Hz
Aug 29 12:38:04 vader-rover kernel: [    0.000000] Console: colour dummy device 80x30
Aug 29 12:38:05 vader-rover kernel: [    0.000000] console [tty0] enabled
Aug 29 12:38:05 vader-rover kernel: [    0.001007] Calibrating delay loop... 597.64 BogoMIPS (lpj=2334720)
Aug 29 12:38:05 vader-rover kernel: [    0.039093] pid_max: default: 32768 minimum: 301
Aug 29 12:38:05 vader-rover kernel: [    0.039276] Security Framework initialized
Aug 29 12:38:05 vader-rover kernel: [    0.039428] Mount-cache hash table entries: 512
Aug 29 12:38:05 vader-rover kernel: [    0.040222] Initializing cgroup subsys debug
Aug 29 12:38:05 vader-rover kernel: [    0.040283] Initializing cgroup subsys cpuacct
Aug 29 12:38:05 vader-rover kernel: [    0.040313] Initializing cgroup subsys memory
Aug 29 12:38:05 vader-rover kernel: [    0.040374] Initializing cgroup subsys devices
Aug 29 12:38:05 vader-rover kernel: [    0.040405] Initializing cgroup subsys freezer
Aug 29 12:38:05 vader-rover kernel: [    0.040435] Initializing cgroup subsys perf_event
Aug 29 12:38:05 vader-rover kernel: [    0.040557] CPU: Testing write buffer coherency: ok
Aug 29 12:38:05 vader-rover kernel: [    0.040893] Setting up static identity map for 0x8046ea98 - 0x8046eaf0
Aug 29 12:38:05 vader-rover kernel: [    0.046051] devtmpfs: initialized
Aug 29 12:38:05 vader-rover kernel: [    0.050872] dummy: 
Aug 29 12:38:05 vader-rover kernel: [    0.051269] NET: Registered protocol family 16
Aug 29 12:38:05 vader-rover kernel: [    0.051727] GPMC revision 5.0
Aug 29 12:38:05 vader-rover kernel: [    0.051788] gpmc: irq-20 could not claim: err -22
Aug 29 12:38:05 vader-rover kernel: [    0.053710] gpiochip_add: registered GPIOs 0 to 31 on device: gpio
Aug 29 12:38:05 vader-rover kernel: [    0.053802] OMAP GPIO hardware version 2.5
Aug 29 12:38:05 vader-rover kernel: [    0.054077] gpiochip_add: registered GPIOs 32 to 63 on device: gpio
Aug 29 12:38:05 vader-rover kernel: [    0.054351] gpiochip_add: registered GPIOs 64 to 95 on device: gpio
Aug 29 12:38:05 vader-rover kernel: [    0.054626] gpiochip_add: registered GPIOs 96 to 127 on device: gpio
Aug 29 12:38:05 vader-rover kernel: [    0.055023] gpiochip_add: registered GPIOs 128 to 159 on device: gpio
Aug 29 12:38:05 vader-rover kernel: [    0.055328] gpiochip_add: registered GPIOs 160 to 191 on device: gpio
Aug 29 12:38:05 vader-rover kernel: [    0.056274] omap_mux_init: Add partition: #1: core, flags: 0
Aug 29 12:38:05 vader-rover kernel: [    0.061279] _omap_mux_get_by_name: Could not find signal uart4_rx.uart4_rx
Aug 29 12:38:05 vader-rover kernel: [    0.067138] Reprogramming SDRC clock to 332000000 Hz
Aug 29 12:38:05 vader-rover kernel: [    0.067169] dpll3_m2_clk rate change failed: -22
Aug 29 12:38:05 vader-rover kernel: [    0.067199] Found NAND on CS0
Aug 29 12:38:05 vader-rover kernel: [    0.067230] Registering NAND on CS0
Aug 29 12:38:05 vader-rover kernel: [    0.068420]  usbhs_omap: alias fck already exists
Aug 29 12:38:05 vader-rover kernel: [    0.075927] hw-breakpoint: debug architecture 0x4 unsupported.
Aug 29 12:38:05 vader-rover kernel: [    0.078979]  omap-mcbsp.2: alias fck already exists
Aug 29 12:38:05 vader-rover kernel: [    0.079193]  omap-mcbsp.3: alias fck already exists
Aug 29 12:38:05 vader-rover kernel: [    0.080291] Switched to new clocking rate (Crystal/Core/MPU): 26.0/332/720 MHz
Aug 29 12:38:05 vader-rover kernel: [    0.080505] OMAP DMA hardware revision 5.0
Aug 29 12:38:05 vader-rover kernel: [    0.087524] bio: create slab <bio-0> at 0
Aug 29 12:38:05 vader-rover kernel: [    0.088226] fixed-dummy: 
Aug 29 12:38:05 vader-rover kernel: [    0.088317] reg-fixed-voltage reg-fixed-voltage.0: fixed-dummy supplying 0uV
Aug 29 12:38:05 vader-rover kernel: [    0.088500] vads7846: override min_uV, 1 -> 3300000
Aug 29 12:38:05 vader-rover kernel: [    0.088500] vads7846: override max_uV, 2147483647 -> 3300000
Aug 29 12:38:05 vader-rover kernel: [    0.088531] vads7846: 3300 mV 
Aug 29 12:38:05 vader-rover kernel: [    0.088623] reg-fixed-voltage reg-fixed-voltage.1: vads7846 supplying 3300000uV
Aug 29 12:38:05 vader-rover kernel: [    0.089233] SCSI subsystem initialized
Aug 29 12:38:05 vader-rover kernel: [    0.089538] usbcore: registered new interface driver usbfs
Aug 29 12:38:05 vader-rover kernel: [    0.089660] usbcore: registered new interface driver hub
Aug 29 12:38:05 vader-rover kernel: [    0.089904] usbcore: registered new device driver usb
Aug 29 12:38:05 vader-rover kernel: [    0.090332] omap_i2c omap_i2c.1: bus 1 rev1.4.0 at 2600 kHz
Aug 29 12:38:05 vader-rover kernel: [    0.092864] twl 1-0048: PIH (irq 7) chaining IRQs 320..328
Aug 29 12:38:05 vader-rover kernel: [    0.093017] twl 1-0048: power (irq 325) chaining IRQs 328..335
Aug 29 12:38:05 vader-rover kernel: [    0.093597] twl4030_gpio twl4030_gpio: gpio (irq 320) chaining IRQs 336..353
Aug 29 12:38:05 vader-rover kernel: [    0.093933] gpiochip_add: registered GPIOs 192 to 211 on device: twl4030
Aug 29 12:38:05 vader-rover kernel: [    0.094604] VUSB1V5: override min_uV, 1 -> 1500000
Aug 29 12:38:05 vader-rover kernel: [    0.094604] VUSB1V5: override max_uV, 2147483647 -> 1500000
Aug 29 12:38:05 vader-rover kernel: [    0.094635] VUSB1V5: 1500 mV normal standby
Aug 29 12:38:05 vader-rover kernel: [    0.095092] VUSB1V8: override min_uV, 1 -> 1800000
Aug 29 12:38:05 vader-rover kernel: [    0.095092] VUSB1V8: override max_uV, 2147483647 -> 1800000
Aug 29 12:38:05 vader-rover kernel: [    0.095092] VUSB1V8: 1800 mV normal standby
Aug 29 12:38:05 vader-rover kernel: [    0.095520] VUSB3V1: override min_uV, 1 -> 3100000
Aug 29 12:38:05 vader-rover kernel: [    0.095520] VUSB3V1: override max_uV, 2147483647 -> 3100000
Aug 29 12:38:05 vader-rover kernel: [    0.095520] VUSB3V1: 3100 mV normal standby
Aug 29 12:38:05 vader-rover kernel: [    0.096984] twl4030_usb twl4030_usb: HW_CONDITIONS 0x10/16; link 0
Aug 29 12:38:05 vader-rover kernel: [    0.097198] twl4030_usb twl4030_usb: Initialized TWL4030 USB module
Aug 29 12:38:05 vader-rover kernel: [    0.097686] vdd_mpu_iva: 600 <--> 1450 mV normal 
Aug 29 12:38:05 vader-rover kernel: [    0.098083] vdd_core: 600 <--> 1450 mV normal 
Aug 29 12:38:05 vader-rover kernel: [    0.098571] VMMC1: 1850 <--> 3150 mV at 3000 mV normal standby
Aug 29 12:38:05 vader-rover kernel: [    0.099090] VDAC: 1800 mV normal standby
Aug 29 12:38:05 vader-rover kernel: [    0.099578] VDVI: 1800 mV normal standby
Aug 29 12:38:05 vader-rover kernel: [    0.100036] omap_i2c omap_i2c.3: bus 3 rev1.4.0 at 400 kHz
Aug 29 12:38:05 vader-rover kernel: [    0.100769] omap-iommu omap-iommu.0: isp registered
Aug 29 12:38:05 vader-rover kernel: [    0.100982] Advanced Linux Sound Architecture Driver Version 1.0.25.
Aug 29 12:38:05 vader-rover kernel: [    0.101867] Switching to clocksource 32k_counter
Aug 29 12:38:05 vader-rover kernel: [    0.126434] usbhs_omap usbhs_omap: xclk60mhsp2_ck set parentfailed error:-22
Aug 29 12:38:05 vader-rover kernel: [    0.127197] NET: Registered protocol family 2
Aug 29 12:38:05 vader-rover kernel: [    0.127502] IP route cache hash table entries: 4096 (order: 2, 16384 bytes)
Aug 29 12:38:05 vader-rover kernel: [    0.128051] TCP established hash table entries: 16384 (order: 5, 131072 bytes)
Aug 29 12:38:05 vader-rover kernel: [    0.128387] TCP bind hash table entries: 16384 (order: 4, 65536 bytes)
Aug 29 12:38:05 vader-rover kernel: [    0.128570] TCP: Hash tables configured (established 16384 bind 16384)
Aug 29 12:38:05 vader-rover kernel: [    0.128601] TCP: reno registered
Aug 29 12:38:05 vader-rover kernel: [    0.128601] UDP hash table entries: 256 (order: 0, 4096 bytes)
Aug 29 12:38:05 vader-rover kernel: [    0.128662] UDP-Lite hash table entries: 256 (order: 0, 4096 bytes)
Aug 29 12:38:05 vader-rover kernel: [    0.128936] NET: Registered protocol family 1
Aug 29 12:38:05 vader-rover kernel: [    0.129455] RPC: Registered named UNIX socket transport module.
Aug 29 12:38:05 vader-rover kernel: [    0.129486] RPC: Registered udp transport module.
Aug 29 12:38:05 vader-rover kernel: [    0.129516] RPC: Registered tcp transport module.
Aug 29 12:38:05 vader-rover kernel: [    0.129547] RPC: Registered tcp NFSv4.1 backchannel transport module.
Aug 29 12:38:05 vader-rover kernel: [    0.129791] Trying to unpack rootfs image as initramfs...
Aug 29 12:38:05 vader-rover kernel: [    0.244812] Freeing initrd memory: 1488K
Aug 29 12:38:05 vader-rover kernel: [    0.247161] audit: initializing netlink socket (disabled)
Aug 29 12:38:05 vader-rover kernel: [    0.247253] type=2000 audit(0.242:1): initialized
Aug 29 12:38:05 vader-rover kernel: [    0.248626] VFS: Disk quotas dquot_6.5.2
Aug 29 12:38:05 vader-rover kernel: [    0.248748] Dquot-cache hash table entries: 1024 (order 0, 4096 bytes)
Aug 29 12:38:05 vader-rover kernel: [    0.249084] NFS: Registering the id_resolver key type
Aug 29 12:38:05 vader-rover kernel: [    0.249176] Key type id_resolver registered
Aug 29 12:38:05 vader-rover kernel: [    0.249603] jffs2: version 2.2. (NAND) (SUMMARY)  Â© 2001-2006 Red Hat, Inc.
Aug 29 12:38:05 vader-rover kernel: [    0.250244] fuse init (API version 7.19)
Aug 29 12:38:05 vader-rover kernel: [    0.250854] msgmni has been set to 971
Aug 29 12:38:05 vader-rover kernel: [    0.252593] Block layer SCSI generic (bsg) driver version 0.4 loaded (major 253)
Aug 29 12:38:05 vader-rover kernel: [    0.252624] io scheduler noop registered
Aug 29 12:38:05 vader-rover kernel: [    0.252655] io scheduler deadline registered (default)
Aug 29 12:38:05 vader-rover kernel: [    0.253417] OMAP DSS rev 2.0
Aug 29 12:38:05 vader-rover kernel: [    0.256378] omap_uart.0: ttyO0 at MMIO 0x4806a000 (irq = 72) is a OMAP UART0
Aug 29 12:38:05 vader-rover kernel: [    0.256835] omap_uart.1: ttyO1 at MMIO 0x4806c000 (irq = 73) is a OMAP UART1
Aug 29 12:38:05 vader-rover kernel: [    0.257263] omap_uart.2: ttyO2 at MMIO 0x49020000 (irq = 74) is a OMAP UART2
Aug 29 12:38:05 vader-rover kernel: [    0.958526] console [ttyO2] enabled
Aug 29 12:38:05 vader-rover kernel: [    0.962646] omap_uart.3: ttyO3 at MMIO 0x49042000 (irq = 80) is a OMAP UART3
Aug 29 12:38:05 vader-rover kernel: [    0.977600] brd: module loaded
Aug 29 12:38:05 vader-rover kernel: [    0.984649] loop: module loaded
Aug 29 12:38:05 vader-rover kernel: [    0.990081] twl4030_madc twl4030_madc: clk disabled, enabling
Aug 29 12:38:05 vader-rover kernel: [    0.997955] NAND device: Manufacturer ID: 0x2c, Chip ID: 0xbc (Micron NAND 512MiB 1,8V 16-bit), page size: 2048, OOB size: 64
Aug 29 12:38:05 vader-rover kernel: [    1.022766] Creating 5 MTD partitions on "omap2-nand.0":
Aug 29 12:38:05 vader-rover kernel: [    1.028564] 0x000000000000-0x000000080000 : "xloader"
Aug 29 12:38:05 vader-rover kernel: [    1.035430] 0x000000080000-0x000000240000 : "uboot"
Aug 29 12:38:05 vader-rover kernel: [    1.042785] 0x000000240000-0x000000280000 : "uboot environment"
Aug 29 12:38:05 vader-rover kernel: [    1.050170] 0x000000280000-0x000000680000 : "linux"
Aug 29 12:38:05 vader-rover kernel: [    1.059020] 0x000000680000-0x000020000000 : "rootfs"
Aug 29 12:38:05 vader-rover kernel: [    1.417572] smsc911x: Driver version 2008-10-21
Aug 29 12:38:05 vader-rover kernel: [    1.422821] smsc911x: Driver version 2008-10-21
Aug 29 12:38:05 vader-rover kernel: [    1.427978] usbcore: registered new interface driver asix
Aug 29 12:38:05 vader-rover kernel: [    1.433807] usbcore: registered new interface driver cdc_ether
Aug 29 12:38:05 vader-rover kernel: [    1.440032] usbcore: registered new interface driver cdc_ncm
Aug 29 12:38:05 vader-rover kernel: [    1.446319] ehci_hcd: USB 2.0 'Enhanced' Host Controller (EHCI) Driver
Aug 29 12:38:05 vader-rover kernel: [    1.453186] ehci_hcd: block sizes: qh 64 qtd 96 itd 160 sitd 96
Aug 29 12:38:05 vader-rover kernel: [    1.453338] ehci-omap ehci-omap.0: failed to get ehci port1 regulator
Aug 29 12:38:05 vader-rover kernel: [    2.453582] ehci-omap ehci-omap.0: phy reset operation timed out
Aug 29 12:38:05 vader-rover kernel: [    2.453613] ehci-omap ehci-omap.0: reset hcs_params 0x1313 dbg=0 cc=1 pcc=3 ordered ports=3
Aug 29 12:38:05 vader-rover kernel: [    2.453613] ehci-omap ehci-omap.0: reset hcc_params 0016 thresh 1 uframes 256/512/1024 park
Aug 29 12:38:05 vader-rover kernel: [    2.453643] ehci-omap ehci-omap.0: reset command 0080b02  park=3 ithresh=8 period=1024 Reset HALT
Aug 29 12:38:05 vader-rover kernel: [    2.453674] ehci-omap ehci-omap.0: OMAP-EHCI Host Controller
Aug 29 12:38:05 vader-rover kernel: [    2.459899] ehci-omap ehci-omap.0: new USB bus registered, assigned bus number 1
Aug 29 12:38:05 vader-rover kernel: [    2.467773] ehci-omap ehci-omap.0: park 0
Aug 29 12:38:05 vader-rover kernel: [    2.467834] ehci-omap ehci-omap.0: irq 77, io mem 0x48064800
Aug 29 12:38:05 vader-rover kernel: [    2.473846] ehci-omap ehci-omap.0: init command 0010005 (park)=0 ithresh=1 period=512 RUN
Aug 29 12:38:05 vader-rover kernel: [    2.484893] ehci-omap ehci-omap.0: USB 2.0 started, EHCI 1.00
Aug 29 12:38:05 vader-rover kernel: [    2.491058] usb usb1: default language 0x0409
Aug 29 12:38:05 vader-rover kernel: [    2.491088] usb usb1: udev 1, busnum 1, minor = 0
Aug 29 12:38:05 vader-rover kernel: [    2.491119] usb usb1: New USB device found, idVendor=1d6b, idProduct=0002
Aug 29 12:38:05 vader-rover kernel: [    2.498291] usb usb1: New USB device strings: Mfr=3, Product=2, SerialNumber=1
Aug 29 12:38:05 vader-rover kernel: [    2.505889] usb usb1: Product: OMAP-EHCI Host Controller
Aug 29 12:38:05 vader-rover kernel: [    2.511505] usb usb1: Manufacturer: Linux 3.5.0-2-linaro-omap ehci_hcd
Aug 29 12:38:05 vader-rover kernel: [    2.518371] usb usb1: SerialNumber: ehci-omap.0
Aug 29 12:38:05 vader-rover kernel: [    2.523620] usb usb1: usb_probe_device
Aug 29 12:38:05 vader-rover kernel: [    2.523651] usb usb1: configuration #1 chosen from 1 choice
Aug 29 12:38:05 vader-rover kernel: [    2.523681] usb usb1: adding 1-0:1.0 (config #1, interface 0)
Aug 29 12:38:05 vader-rover kernel: [    2.523834] hub 1-0:1.0: usb_probe_interface
Aug 29 12:38:05 vader-rover kernel: [    2.523834] hub 1-0:1.0: usb_probe_interface - got id
Aug 29 12:38:05 vader-rover kernel: [    2.523864] hub 1-0:1.0: USB hub found
Aug 29 12:38:05 vader-rover kernel: [    2.527862] hub 1-0:1.0: 3 ports detected
Aug 29 12:38:05 vader-rover kernel: [    2.532104] hub 1-0:1.0: standalone hub
Aug 29 12:38:05 vader-rover kernel: [    2.532135] hub 1-0:1.0: individual port power switching
Aug 29 12:38:05 vader-rover kernel: [    2.532135] hub 1-0:1.0: individual port over-current protection
Aug 29 12:38:05 vader-rover kernel: [    2.532135] hub 1-0:1.0: power on to power good time: 20ms
Aug 29 12:38:05 vader-rover kernel: [    2.532165] hub 1-0:1.0: local power source is good
Aug 29 12:38:05 vader-rover kernel: [    2.532196] hub 1-0:1.0: enabling power on all ports
Aug 29 12:38:05 vader-rover kernel: [    2.532470] ehci-omap ehci-omap.0: ...powerup ports...
Aug 29 12:38:05 vader-rover kernel: [    2.563171] Initializing USB Mass Storage driver...
Aug 29 12:38:05 vader-rover kernel: [    2.568450] usbcore: registered new interface driver usb-storage
Aug 29 12:38:05 vader-rover kernel: [    2.574798] USB Mass Storage support registered.
Aug 29 12:38:05 vader-rover kernel: [    2.579681] musb-hdrc: version 6.0, ?dma?, otg (peripheral+host)
Aug 29 12:38:05 vader-rover kernel: [    2.591613] twl4030_usb twl4030_usb: twl4030_phy_resume
Aug 29 12:38:05 vader-rover kernel: [    2.591857] musb-hdrc: ConfigData=0xde (UTMI-8, dyn FIFOs, bulk combine, bulk split, HB-ISO Rx, HB-ISO Tx, SoftConn)
Aug 29 12:38:05 vader-rover kernel: [    2.591888] musb-hdrc: MHDRC RTL version 1.800 
Aug 29 12:38:05 vader-rover kernel: [    2.591888] musb-hdrc: setup fifo_mode 4
Aug 29 12:38:05 vader-rover kernel: [    2.591918] musb-hdrc: 28/31 max ep, 16384/16384 memory
Aug 29 12:38:05 vader-rover kernel: [    2.592315] musb-hdrc musb-hdrc: USB OTG mode controller at fa0ab000 using DMA, IRQ 92
Aug 29 12:38:05 vader-rover kernel: [    2.602600] twl4030_usb twl4030_usb: twl4030_phy_suspend
Aug 29 12:38:05 vader-rover kernel: [    2.603088] mousedev: PS/2 mouse device common for all mice
Aug 29 12:38:05 vader-rover kernel: [    2.609588] twl_rtc twl_rtc: Enabling TWL-RTC
Aug 29 12:38:05 vader-rover kernel: [    2.616790] twl_rtc twl_rtc: rtc core: registered twl_rtc as rtc0
Aug 29 12:38:05 vader-rover kernel: [    2.624023] i2c /dev entries driver
Aug 29 12:38:05 vader-rover kernel: [    2.629119] voltdm_scale: No voltage scale API registered for vdd_mpu_iva
Aug 29 12:38:05 vader-rover kernel: [    2.636383] ehci-omap ehci-omap.0: GetStatus port:2 status 001803 0  ACK POWER sig=j CSC CONNECT
Aug 29 12:38:05 vader-rover kernel: [    2.636413] hub 1-0:1.0: port 2: status 0501 change 0001
Aug 29 12:38:05 vader-rover kernel: [    2.636444] platform mpu.0: omap_target: unable to scale voltage up.
Aug 29 12:38:05 vader-rover kernel: [    2.643188] cpuidle: using governor ladder
Aug 29 12:38:05 vader-rover kernel: [    2.647491] cpuidle: using governor menu
Aug 29 12:38:05 vader-rover kernel: [    2.652130] omap_hsmmc omap_hsmmc.0: Failed to get debounce clk
Aug 29 12:38:05 vader-rover kernel: [    2.734954] hub 1-0:1.0: state 7 ports 3 chg 0004 evt 0000
Aug 29 12:38:05 vader-rover kernel: [    2.734985] hub 1-0:1.0: port 2, status 0501, change 0000, 480 Mb/s
Aug 29 12:38:05 vader-rover kernel: [    2.797424] ehci-omap ehci-omap.0: port 2 reset complete, port enabled
Aug 29 12:38:05 vader-rover kernel: [    2.797454] ehci-omap ehci-omap.0: GetStatus port:2 status 001005 0  ACK POWER sig=se0 PE CONNECT
Aug 29 12:38:05 vader-rover kernel: [    2.859893] usb 1-2: new high-speed USB device number 2 using ehci-omap
Aug 29 12:38:05 vader-rover kernel: [    2.922424] ehci-omap ehci-omap.0: port 2 reset complete, port enabled
Aug 29 12:38:05 vader-rover kernel: [    2.922454] ehci-omap ehci-omap.0: GetStatus port:2 status 001005 0  ACK POWER sig=se0 PE CONNECT
Aug 29 12:38:05 vader-rover kernel: [    3.018493] usb 1-2: default language 0x0409
Aug 29 12:38:05 vader-rover kernel: [    3.019378] usb 1-2: udev 2, busnum 1, minor = 1
Aug 29 12:38:05 vader-rover kernel: [    3.019378] usb 1-2: New USB device found, idVendor=2109, idProduct=2812
Aug 29 12:38:05 vader-rover kernel: [    3.026458] usb 1-2: New USB device strings: Mfr=1, Product=2, SerialNumber=0
Aug 29 12:38:05 vader-rover kernel: [    3.034545] omap_hsmmc omap_hsmmc.1: Failed to get debounce clk
Aug 29 12:38:05 vader-rover kernel: [    3.040863] usb 1-2: Product: USB2.0 Hub             
Aug 29 12:38:05 vader-rover kernel: [    3.046447] usb 1-2: Manufacturer: VIA Labs, Inc.         
Aug 29 12:38:05 vader-rover kernel: [    3.055206] usb 1-2: usb_probe_device
Aug 29 12:38:05 vader-rover kernel: [    3.055236] usb 1-2: configuration #1 chosen from 1 choice
Aug 29 12:38:05 vader-rover kernel: [    3.055572] usb 1-2: adding 1-2:1.0 (config #1, interface 0)
Aug 29 12:38:05 vader-rover kernel: [    3.055725] hub 1-2:1.0: usb_probe_interface
Aug 29 12:38:05 vader-rover kernel: [    3.055755] hub 1-2:1.0: usb_probe_interface - got id
Aug 29 12:38:05 vader-rover kernel: [    3.055786] hub 1-2:1.0: USB hub found
Aug 29 12:38:05 vader-rover kernel: [    3.059997] hub 1-2:1.0: 4 ports detected
Aug 29 12:38:05 vader-rover kernel: [    3.064514] hub 1-2:1.0: standalone hub
Aug 29 12:38:05 vader-rover kernel: [    3.064544] hub 1-2:1.0: individual port power switching
Aug 29 12:38:05 vader-rover kernel: [    3.064544] hub 1-2:1.0: individual port over-current protection
Aug 29 12:38:05 vader-rover kernel: [    3.064575] hub 1-2:1.0: Single TT
Aug 29 12:38:05 vader-rover kernel: [    3.064575] hub 1-2:1.0: TT requires at most 32 FS bit times (2664 ns)
Aug 29 12:38:05 vader-rover kernel: [    3.064605] hub 1-2:1.0: Port indicators are supported
Aug 29 12:38:05 vader-rover kernel: [    3.064636] hub 1-2:1.0: power on to power good time: 100ms
Aug 29 12:38:05 vader-rover kernel: [    3.065246] hub 1-2:1.0: local power source is good
Aug 29 12:38:05 vader-rover kernel: [    3.065277] hub 1-2:1.0: enabling power on all ports
Aug 29 12:38:05 vader-rover kernel: [    3.086883] Registered led device: overo:red:gpio21
Aug 29 12:38:05 vader-rover kernel: [    3.087005] Registered led device: overo:blue:gpio22
Aug 29 12:38:05 vader-rover kernel: [    3.087890] Registered led device: overo:blue:COM
Aug 29 12:38:05 vader-rover kernel: [    3.089355] usbcore: registered new interface driver usbhid
Aug 29 12:38:05 vader-rover kernel: [    3.095306] usbhid: USB HID core driver
Aug 29 12:38:05 vader-rover kernel: [    3.099914] usbcore: registered new interface driver snd-usb-audio
Aug 29 12:38:05 vader-rover kernel: [    3.107635] overo SoC init
Aug 29 12:38:05 vader-rover kernel: [    3.110687] soc-audio soc-audio: ASoC machine overo should use snd_soc_register_card()
Aug 29 12:38:05 vader-rover kernel: [    3.172668] hub 1-2:1.0: port 1: status 0101 change 0001
Aug 29 12:38:05 vader-rover kernel: [    3.173370] hub 1-2:1.0: port 2: status 0101 change 0001
Aug 29 12:38:05 vader-rover kernel: [    3.174499] hub 1-2:1.0: port 4: status 0101 change 0001
Aug 29 12:38:05 vader-rover kernel: [    3.201782] twl4030-codec twl4030-codec: ASoC: Failed to create Capture debugfs file
Aug 29 12:38:05 vader-rover kernel: [    3.213470] asoc: twl4030-hifi <-> omap-mcbsp.2 mapping ok
Aug 29 12:38:05 vader-rover kernel: [    3.223052] oprofile: hardware counters not available
Aug 29 12:38:05 vader-rover kernel: [    3.228424] oprofile: using timer interrupt.
Aug 29 12:38:05 vader-rover kernel: [    3.233306] TCP: cubic registered
Aug 29 12:38:05 vader-rover kernel: [    3.236999] NET: Registered protocol family 17
Aug 29 12:38:05 vader-rover kernel: [    3.241882] NET: Registered protocol family 15
Aug 29 12:38:05 vader-rover kernel: [    3.246826] Key type dns_resolver registered
Aug 29 12:38:05 vader-rover kernel: [    3.251525] VFP support v0.3: implementor 41 architecture 3 part 30 variant c rev 3
Aug 29 12:38:05 vader-rover kernel: [    3.264007] ThumbEE CPU extension supported.
Aug 29 12:38:05 vader-rover kernel: [    3.268707] sr_init: No PMIC hook to init smartreflex
Aug 29 12:38:05 vader-rover kernel: [    3.274200] usb 1-2: link qh256-0001/de5e6740 start 1 [1/0 us]
Aug 29 12:38:05 vader-rover kernel: [    3.274261] hub 1-2:1.0: state 7 ports 4 chg 0016 evt 0000
Aug 29 12:38:05 vader-rover kernel: [    3.274658] smartreflex smartreflex.0: omap_sr_probe: SmartReflex driver initialized
Aug 29 12:38:05 vader-rover kernel: [    3.282958] hub 1-2:1.0: port 1, status 0101, change 0000, 12 Mb/s
Aug 29 12:38:05 vader-rover kernel: [    3.283172] smartreflex smartreflex.1: omap_sr_probe: SmartReflex driver initialized
Aug 29 12:38:05 vader-rover kernel: [    3.298675] clock: disabling unused clocks to save power
Aug 29 12:38:05 vader-rover kernel: [    3.305297] registered taskstats version 1
Aug 29 12:38:05 vader-rover kernel: [    3.310455] fbcvt: 1024x768@60: CVT Name - .786M3-R
Aug 29 12:38:05 vader-rover kernel: [    3.335479] Console: switching to colour frame buffer device 128x48
Aug 29 12:38:05 vader-rover kernel: [    3.353759] VDAC: incomplete constraints, leaving on
Aug 29 12:38:05 vader-rover kernel: [    3.361694] twl_rtc twl_rtc: setting system clock to 2014-08-29 16:37:54 UTC (1409330274)
Aug 29 12:38:05 vader-rover kernel: [    3.370697] ALSA device list:
Aug 29 12:38:05 vader-rover kernel: [    3.373992]   #0: overo
Aug 29 12:38:05 vader-rover kernel: [    3.377410] Freeing init memory: 220K
Aug 29 12:38:05 vader-rover kernel: [    3.383789] usb 1-2.1: new high-speed USB device number 3 using ehci-omap
Aug 29 12:38:05 vader-rover kernel: [    3.530914] usb 1-2.1: default language 0x0409
Aug 29 12:38:05 vader-rover kernel: [    3.531829] usb 1-2.1: udev 3, busnum 1, minor = 2
Aug 29 12:38:05 vader-rover kernel: [    3.531829] usb 1-2.1: New USB device found, idVendor=2109, idProduct=2812
Aug 29 12:38:05 vader-rover kernel: [    3.539215] usb 1-2.1: New USB device strings: Mfr=1, Product=2, SerialNumber=0
Aug 29 12:38:05 vader-rover kernel: [    3.561248] mmc0: host does not support reading read-only switch. assuming write-enable.
Aug 29 12:38:05 vader-rover kernel: [    3.601226] mmc0: new high speed SDXC card at address 59b4
Aug 29 12:38:05 vader-rover kernel: [    3.629180] usb 1-2.1: Product: USB2.0 Hub             
Aug 29 12:38:05 vader-rover kernel: [    3.649017] usb 1-2.1: Manufacturer: VIA Labs, Inc.         
Aug 29 12:38:05 vader-rover kernel: [    3.751007] usb 1-2.1: usb_probe_device
Aug 29 12:38:05 vader-rover kernel: [    3.751037] usb 1-2.1: configuration #1 chosen from 1 choice
Aug 29 12:38:05 vader-rover kernel: [    3.754302] mmcblk0: mmc0:59b4       59.6 GiB 
Aug 29 12:38:05 vader-rover kernel: [    3.774261]  mmcblk0: p1 p2
Aug 29 12:38:05 vader-rover kernel: [    3.805847] usb 1-2.1: adding 1-2.1:1.0 (config #1, interface 0)
Aug 29 12:38:05 vader-rover kernel: [    3.806091] hub 1-2.1:1.0: usb_probe_interface
Aug 29 12:38:05 vader-rover kernel: [    3.806121] hub 1-2.1:1.0: usb_probe_interface - got id
Aug 29 12:38:05 vader-rover kernel: [    3.806121] hub 1-2.1:1.0: USB hub found
Aug 29 12:38:05 vader-rover kernel: [    3.812408] hub 1-2.1:1.0: 4 ports detected
Aug 29 12:38:05 vader-rover kernel: [    3.822296] hub 1-2.1:1.0: standalone hub
Aug 29 12:38:05 vader-rover kernel: [    3.822296] hub 1-2.1:1.0: individual port power switching
Aug 29 12:38:05 vader-rover kernel: [    3.822326] hub 1-2.1:1.0: individual port over-current protection
Aug 29 12:38:05 vader-rover kernel: [    3.822326] hub 1-2.1:1.0: Single TT
Aug 29 12:38:05 vader-rover kernel: [    3.822357] hub 1-2.1:1.0: TT requires at most 32 FS bit times (2664 ns)
Aug 29 12:38:05 vader-rover kernel: [    3.822357] hub 1-2.1:1.0: Port indicators are supported
Aug 29 12:38:05 vader-rover kernel: [    3.822357] hub 1-2.1:1.0: power on to power good time: 100ms
Aug 29 12:38:05 vader-rover kernel: [    3.823547] hub 1-2.1:1.0: local power source is good
Aug 29 12:38:05 vader-rover kernel: [    3.823699] mmc1: new SDIO card at address 0001
Aug 29 12:38:05 vader-rover kernel: [    3.832305] hub 1-2.1:1.0: enabling power on all ports
Aug 29 12:38:05 vader-rover kernel: [    3.840423] hub 1-2:1.0: port 2, status 0101, change 0000, 12 Mb/s
Aug 29 12:38:05 vader-rover kernel: [    3.938568] hub 1-2.1:1.0: port 1: status 0101 change 0001
Aug 29 12:38:05 vader-rover kernel: [    3.938659] usb 1-2.2: new high-speed USB device number 4 using ehci-omap
Aug 29 12:38:05 vader-rover kernel: [    3.950012] hub 1-2.1:1.0: port 2: status 0101 change 0001
Aug 29 12:38:05 vader-rover kernel: [    3.950775] hub 1-2.1:1.0: port 3: status 0101 change 0001
Aug 29 12:38:05 vader-rover kernel: [    3.951507] hub 1-2.1:1.0: port 4: status 0101 change 0001
Aug 29 12:38:05 vader-rover kernel: [    4.047546] usb 1-2.1: link qh256-0001/de735e80 start 2 [1/0 us]
Aug 29 12:38:05 vader-rover kernel: [    4.091796] usb 1-2.2: default language 0x0409
Aug 29 12:38:05 vader-rover kernel: [    4.100677] usb 1-2.2: udev 4, busnum 1, minor = 3
Aug 29 12:38:05 vader-rover kernel: [    4.100708] usb 1-2.2: New USB device found, idVendor=1e10, idProduct=2004
Aug 29 12:38:05 vader-rover kernel: [    4.122161] usb 1-2.2: New USB device strings: Mfr=1, Product=2, SerialNumber=3
Aug 29 12:38:05 vader-rover kernel: [    4.144958] usb 1-2.2: Product: USB 2.0 Digital Imaging Camera
Aug 29 12:38:05 vader-rover kernel: [    4.169891] usb 1-2.2: Manufacturer: Point Grey Research
Aug 29 12:38:05 vader-rover kernel: [    4.184722] usb 1-2.2: SerialNumber: 00BB1D77
Aug 29 12:38:05 vader-rover kernel: [    4.204223] usb 1-2.2: usb_probe_device
Aug 29 12:38:05 vader-rover kernel: [    4.204254] usb 1-2.2: configuration #1 chosen from 1 choice
Aug 29 12:38:05 vader-rover kernel: [    4.204650] usb 1-2.2: adding 1-2.2:1.0 (config #1, interface 0)
Aug 29 12:38:05 vader-rover kernel: [    4.205535] hub 1-2:1.0: port 4, status 0101, change 0000, 12 Mb/s
Aug 29 12:38:05 vader-rover kernel: [    4.305786] usb 1-2.4: new high-speed USB device number 5 using ehci-omap
Aug 29 12:38:05 vader-rover kernel: [    4.455017] usb 1-2.4: default language 0x0409
Aug 29 12:38:05 vader-rover kernel: [    4.455902] usb 1-2.4: udev 5, busnum 1, minor = 4
Aug 29 12:38:05 vader-rover kernel: [    4.455902] usb 1-2.4: New USB device found, idVendor=0bda, idProduct=8178
Aug 29 12:38:05 vader-rover kernel: [    4.476287] usb 1-2.4: New USB device strings: Mfr=1, Product=2, SerialNumber=3
Aug 29 12:38:05 vader-rover kernel: [    4.499450] usb 1-2.4: Product: USB WLAN
Aug 29 12:38:05 vader-rover kernel: [    4.515319] usb 1-2.4: Manufacturer: Realtek
Aug 29 12:38:05 vader-rover kernel: [    4.532257] usb 1-2.4: SerialNumber: 00e04c000001
Aug 29 12:38:05 vader-rover kernel: [    4.550201] usb 1-2.4: usb_probe_device
Aug 29 12:38:05 vader-rover kernel: [    4.550231] usb 1-2.4: configuration #1 chosen from 1 choice
Aug 29 12:38:05 vader-rover kernel: [    4.550628] usb 1-2.4: adding 1-2.4:1.0 (config #1, interface 0)
Aug 29 12:38:05 vader-rover kernel: [    4.551391] hub 1-2:1.0: state 7 ports 4 chg 0000 evt 0010
Aug 29 12:38:05 vader-rover kernel: [    4.552917] hub 1-2.1:1.0: state 7 ports 4 chg 001e evt 0000
Aug 29 12:38:05 vader-rover kernel: [    4.553283] hub 1-2.1:1.0: port 1, status 0101, change 0000, 12 Mb/s
Aug 29 12:38:05 vader-rover kernel: [    4.649414] usb 1-2.1.1: new full-speed USB device number 6 using ehci-omap
Aug 29 12:38:05 vader-rover kernel: [    4.798309] usb 1-2.1.1: default language 0x0409
Aug 29 12:38:05 vader-rover kernel: [    4.798797] usb 1-2.1.1: udev 6, busnum 1, minor = 5
Aug 29 12:38:05 vader-rover kernel: [    4.798828] usb 1-2.1.1: New USB device found, idVendor=067b, idProduct=2303
Aug 29 12:38:05 vader-rover kernel: [    4.824035] usb 1-2.1.1: New USB device strings: Mfr=1, Product=2, SerialNumber=0
Aug 29 12:38:05 vader-rover kernel: [    4.854217] usb 1-2.1.1: Product: USB-Serial Controller D
Aug 29 12:38:05 vader-rover kernel: [    4.876953] usb 1-2.1.1: Manufacturer: Prolific Technology Inc. 
Aug 29 12:38:05 vader-rover kernel: [    4.899780] usb 1-2.1.1: usb_probe_device
Aug 29 12:38:05 vader-rover kernel: [    4.900024] usb 1-2.1.1: configuration #1 chosen from 1 choice
Aug 29 12:38:05 vader-rover kernel: [    4.900756] usb 1-2.1.1: adding 1-2.1.1:1.0 (config #1, interface 0)
Aug 29 12:38:05 vader-rover kernel: [    4.904235] hub 1-2.1:1.0: port 2, status 0101, change 0000, 12 Mb/s
Aug 29 12:38:05 vader-rover kernel: [    5.001129] usb 1-2.1.2: new full-speed USB device number 7 using ehci-omap
Aug 29 12:38:05 vader-rover kernel: [    5.142669] usb 1-2.1.2: skipped 4 descriptors after interface
Aug 29 12:38:05 vader-rover kernel: [    5.142883] usb 1-2.1.2: default language 0x0409
Aug 29 12:38:05 vader-rover kernel: [    5.143493] usb 1-2.1.2: udev 7, busnum 1, minor = 6
Aug 29 12:38:05 vader-rover kernel: [    5.143524] usb 1-2.1.2: New USB device found, idVendor=16c0, idProduct=0483
Aug 29 12:38:05 vader-rover kernel: [    5.166259] usb 1-2.1.2: New USB device strings: Mfr=1, Product=2, SerialNumber=3
Aug 29 12:38:05 vader-rover kernel: [    5.178527] usb 1-2.1.2: Product: USB Serial
Aug 29 12:38:05 vader-rover kernel: [    5.188964] usb 1-2.1.2: Manufacturer: Teensyduino
Aug 29 12:38:05 vader-rover kernel: [    5.198516] usb 1-2.1.2: SerialNumber: 41751
Aug 29 12:38:05 vader-rover kernel: [    5.216156] usb 1-2.1.2: usb_probe_device
Aug 29 12:38:05 vader-rover kernel: [    5.216186] usb 1-2.1.2: configuration #1 chosen from 1 choice
Aug 29 12:38:05 vader-rover kernel: [    5.216674] usb 1-2.1.2: adding 1-2.1.2:1.0 (config #1, interface 0)
Aug 29 12:38:05 vader-rover kernel: [    5.217010] usb 1-2.1.2: adding 1-2.1.2:1.1 (config #1, interface 1)
Aug 29 12:38:05 vader-rover kernel: [    5.217803] hub 1-2.1:1.0: port 3, status 0101, change 0000, 12 Mb/s
Aug 29 12:38:05 vader-rover kernel: [    5.313537] usb 1-2.1.3: new full-speed USB device number 8 using ehci-omap
Aug 29 12:38:05 vader-rover kernel: [    5.453796] usb 1-2.1.3: ep0 maxpacket = 8
Aug 29 12:38:05 vader-rover kernel: [    5.456268] usb 1-2.1.3: default language 0x0409
Aug 29 12:38:05 vader-rover kernel: [    5.460906] usb 1-2.1.3: udev 8, busnum 1, minor = 7
Aug 29 12:38:05 vader-rover kernel: [    5.460937] usb 1-2.1.3: New USB device found, idVendor=0403, idProduct=6001
Aug 29 12:38:05 vader-rover kernel: [    5.473358] usb 1-2.1.3: New USB device strings: Mfr=1, Product=2, SerialNumber=3
Aug 29 12:38:05 vader-rover kernel: [    5.485687] usb 1-2.1.3: Product: FT232R USB UART
Aug 29 12:38:05 vader-rover kernel: [    5.494750] usb 1-2.1.3: Manufacturer: FTDI
Aug 29 12:38:05 vader-rover kernel: [    5.503753] usb 1-2.1.3: SerialNumber: A702LYT7
Aug 29 12:38:05 vader-rover kernel: [    5.514862] usb 1-2.1.3: usb_probe_device
Aug 29 12:38:05 vader-rover kernel: [    5.514892] usb 1-2.1.3: configuration #1 chosen from 1 choice
Aug 29 12:38:05 vader-rover kernel: [    5.516387] usb 1-2.1.3: adding 1-2.1.3:1.0 (config #1, interface 0)
Aug 29 12:38:05 vader-rover kernel: [    5.522125] hub 1-2.1:1.0: port 4, status 0101, change 0000, 12 Mb/s
Aug 29 12:38:05 vader-rover kernel: [    5.618194] usb 1-2.1.4: new high-speed USB device number 9 using ehci-omap
Aug 29 12:38:05 vader-rover kernel: [    5.771453] usb 1-2.1.4: default language 0x0409
Aug 29 12:38:05 vader-rover kernel: [    5.780334] usb 1-2.1.4: udev 9, busnum 1, minor = 8
Aug 29 12:38:05 vader-rover kernel: [    5.780364] usb 1-2.1.4: New USB device found, idVendor=1e10, idProduct=2004
Aug 29 12:38:05 vader-rover kernel: [    5.813964] usb 1-2.1.4: New USB device strings: Mfr=1, Product=2, SerialNumber=3
Aug 29 12:38:05 vader-rover kernel: [    5.826568] usb 1-2.1.4: Product: USB 2.0 Digital Imaging Camera
Aug 29 12:38:05 vader-rover kernel: [    5.836669] usb 1-2.1.4: Manufacturer: Point Grey Research
Aug 29 12:38:05 vader-rover kernel: [    5.847045] usb 1-2.1.4: SerialNumber: 00CAABB3
Aug 29 12:38:05 vader-rover kernel: [    5.855895] usb 1-2.1.4: usb_probe_device
Aug 29 12:38:05 vader-rover kernel: [    5.855926] usb 1-2.1.4: configuration #1 chosen from 1 choice
Aug 29 12:38:05 vader-rover kernel: [    5.856536] usb 1-2.1.4: adding 1-2.1.4:1.0 (config #1, interface 0)
Aug 29 12:38:05 vader-rover kernel: [    5.857635] hub 1-2.1:1.0: state 7 ports 4 chg 0000 evt 0010
Aug 29 12:38:05 vader-rover kernel: [    6.864532] end_request: I/O error, dev mtdblock0, sector 0
Aug 29 12:38:05 vader-rover kernel: [    6.873870] Buffer I/O error on device mtdblock0, logical block 0
Aug 29 12:38:05 vader-rover kernel: [    6.981689] end_request: I/O error, dev mtdblock0, sector 0
Aug 29 12:38:05 vader-rover kernel: [    6.991027] Buffer I/O error on device mtdblock0, logical block 0
Aug 29 12:38:05 vader-rover kernel: [    7.091064] end_request: I/O error, dev mtdblock0, sector 0
Aug 29 12:38:05 vader-rover kernel: [    7.100402] Buffer I/O error on device mtdblock0, logical block 0
Aug 29 12:38:05 vader-rover kernel: [    7.178771] rtl8192cu driver version=v4.0.2_9000.20130911
Aug 29 12:38:05 vader-rover kernel: [    7.178771] build time: May 27 2014 17:22:48
Aug 29 12:38:05 vader-rover kernel: [    7.180816] rtl8192cu 1-2.4:1.0: usb_probe_interface
Aug 29 12:38:05 vader-rover kernel: [    7.180847] rtl8192cu 1-2.4:1.0: usb_probe_interface - got id
Aug 29 12:38:05 vader-rover kernel: [    7.180877] 
Aug 29 12:38:05 vader-rover kernel: [    7.180877] usb_endpoint_descriptor(0):
Aug 29 12:38:05 vader-rover kernel: [    7.180877] bLength=7
Aug 29 12:38:05 vader-rover kernel: [    7.180908] bDescriptorType=5
Aug 29 12:38:05 vader-rover kernel: [    7.180908] bEndpointAddress=81
Aug 29 12:38:05 vader-rover kernel: [    7.180908] wMaxPacketSize=200
Aug 29 12:38:05 vader-rover kernel: [    7.180908] bInterval=0
Aug 29 12:38:05 vader-rover kernel: [    7.180938] RT_usb_endpoint_is_bulk_in = 1
Aug 29 12:38:05 vader-rover kernel: [    7.180938] 
Aug 29 12:38:05 vader-rover kernel: [    7.180938] usb_endpoint_descriptor(1):
Aug 29 12:38:05 vader-rover kernel: [    7.180938] bLength=7
Aug 29 12:38:05 vader-rover kernel: [    7.180938] bDescriptorType=5
Aug 29 12:38:05 vader-rover kernel: [    7.180938] bEndpointAddress=2
Aug 29 12:38:05 vader-rover kernel: [    7.180969] wMaxPacketSize=200
Aug 29 12:38:05 vader-rover kernel: [    7.180969] bInterval=0
Aug 29 12:38:05 vader-rover kernel: [    7.180969] RT_usb_endpoint_is_bulk_out = 2
Aug 29 12:38:05 vader-rover kernel: [    7.180969] 
Aug 29 12:38:05 vader-rover kernel: [    7.180969] usb_endpoint_descriptor(2):
Aug 29 12:38:05 vader-rover kernel: [    7.180969] bLength=7
Aug 29 12:38:05 vader-rover kernel: [    7.180999] bDescriptorType=5
Aug 29 12:38:05 vader-rover kernel: [    7.180999] bEndpointAddress=3
Aug 29 12:38:05 vader-rover kernel: [    7.180999] wMaxPacketSize=200
Aug 29 12:38:05 vader-rover kernel: [    7.180999] bInterval=0
Aug 29 12:38:05 vader-rover kernel: [    7.180999] RT_usb_endpoint_is_bulk_out = 3
Aug 29 12:38:05 vader-rover kernel: [    7.181030] 
Aug 29 12:38:05 vader-rover kernel: [    7.181030] usb_endpoint_descriptor(3):
Aug 29 12:38:05 vader-rover kernel: [    7.181030] bLength=7
Aug 29 12:38:05 vader-rover kernel: [    7.181030] bDescriptorType=5
Aug 29 12:38:05 vader-rover kernel: [    7.181030] bEndpointAddress=84
Aug 29 12:38:05 vader-rover kernel: [    7.181060] wMaxPacketSize=40
Aug 29 12:38:05 vader-rover kernel: [    7.181060] bInterval=1
Aug 29 12:38:05 vader-rover kernel: [    7.181060] RT_usb_endpoint_is_int_in = 4, Interval = 1
Aug 29 12:38:05 vader-rover kernel: [    7.181060] nr_endpoint=4, in_num=2, out_num=2
Aug 29 12:38:05 vader-rover kernel: [    7.181060] 
Aug 29 12:38:05 vader-rover kernel: [    7.181060] USB_SPEED_HIGH
Aug 29 12:38:05 vader-rover kernel: [    7.184295] CHIP TYPE: RTL8188C_8192C
Aug 29 12:38:05 vader-rover kernel: [    7.184356] register rtw_netdev_ops to netdev_ops
Aug 29 12:38:05 vader-rover kernel: [    7.189147] Chip Version ID: VERSION_NORMAL_TSMC_CHIP_92C.
Aug 29 12:38:05 vader-rover kernel: [    7.189239] RF_Type is 2!!
Aug 29 12:38:05 vader-rover kernel: [    7.189483] end_request: I/O error, dev mtdblock0, sector 0
Aug 29 12:38:05 vader-rover kernel: [    7.198883] Buffer I/O error on device mtdblock0, logical block 0
Aug 29 12:38:05 vader-rover kernel: [    7.212677] EEPROM type is E-FUSE
Aug 29 12:38:05 vader-rover kernel: [    7.212677] ====> ReadAdapterInfo8192C
Aug 29 12:38:05 vader-rover kernel: [    7.212890] Boot from EFUSE, Autoload OK !
Aug 29 12:38:05 vader-rover kernel: [    7.308959] end_request: I/O error, dev mtdblock0, sector 0
Aug 29 12:38:05 vader-rover kernel: [    7.318420] Buffer I/O error on device mtdblock0, logical block 0
Aug 29 12:38:05 vader-rover kernel: [    7.434539] end_request: I/O error, dev mtdblock0, sector 0
Aug 29 12:38:05 vader-rover kernel: [    7.444030] Buffer I/O error on device mtdblock0, logical block 0
Aug 29 12:38:05 vader-rover kernel: [    7.532287] EEPROMVID = 0x0bda
Aug 29 12:38:05 vader-rover kernel: [    7.532318] EEPROMPID = 0x8178
Aug 29 12:38:05 vader-rover kernel: [    7.532318] EEPROMCustomerID : 0x00
Aug 29 12:38:05 vader-rover kernel: [    7.532318] EEPROMSubCustomerID: 0x00
Aug 29 12:38:05 vader-rover kernel: [    7.532318] RT_CustomerID: 0x00
Aug 29 12:38:05 vader-rover kernel: [    7.532348] _ReadMACAddress MAC Address from EFUSE = e8:94:f6:14:2e:2f
Aug 29 12:38:05 vader-rover kernel: [    7.532348] EEPROMRegulatory = 0x0
Aug 29 12:38:05 vader-rover kernel: [    7.532379] _ReadBoardType(0)
Aug 29 12:38:05 vader-rover kernel: [    7.532379] BT Coexistance = disable
Aug 29 12:38:05 vader-rover kernel: [    7.532379] mlmepriv.ChannelPlan = 0x02
Aug 29 12:38:05 vader-rover kernel: [    7.532379] _ReadPSSetting...bHWPwrPindetect(0)-bHWPowerdown(0) ,bSupportRemoteWakeup(0)
Aug 29 12:38:05 vader-rover kernel: [    7.532409] ### PS params=>  power_mgnt(0),usbss_enable(0) ###
Aug 29 12:38:05 vader-rover kernel: [    7.532409] ### AntDivCfg(0)
Aug 29 12:38:05 vader-rover kernel: [    7.532409] readAdapterInfo_8192CU(): REPLACEMENT = 1
Aug 29 12:38:05 vader-rover kernel: [    7.532409] <==== ReadAdapterInfo8192C in 320 ms
Aug 29 12:38:05 vader-rover kernel: [    7.533508] rtw_macaddr_cfg MAC Address  = e8:94:f6:14:2e:2f
Aug 29 12:38:05 vader-rover kernel: [    7.533538] bDriverStopped:1, bSurpriseRemoved:0, bup:0, hw_init_completed:0
Aug 29 12:38:05 vader-rover kernel: [    7.539794] end_request: I/O error, dev mtdblock0, sector 0
Aug 29 12:38:05 vader-rover kernel: [    7.549285] Buffer I/O error on device mtdblock0, logical block 0
Aug 29 12:38:05 vader-rover kernel: [    7.571838] _rtw_drv_register_netdev, MAC Address (if1) = e8:94:f6:14:2e:2f
Aug 29 12:38:05 vader-rover kernel: [    7.572082] usbcore: registered new interface driver rtl8192cu
Aug 29 12:38:05 vader-rover kernel: [    7.630096] end_request: I/O error, dev mtdblock0, sector 0
Aug 29 12:38:05 vader-rover kernel: [    7.639617] Buffer I/O error on device mtdblock0, logical block 0
Aug 29 12:38:05 vader-rover kernel: [    7.688232] end_request: I/O error, dev mtdblock0, sector 0
Aug 29 12:38:05 vader-rover kernel: [    7.697784] Buffer I/O error on device mtdblock0, logical block 0
Aug 29 12:38:05 vader-rover kernel: [    7.742889] end_request: I/O error, dev mtdblock0, sector 0
Aug 29 12:38:05 vader-rover kernel: [    7.752471] Buffer I/O error on device mtdblock0, logical block 0
Aug 29 12:38:05 vader-rover kernel: [    7.800140] end_request: I/O error, dev mtdblock0, sector 0
Aug 29 12:38:05 vader-rover kernel: [    7.822753] end_request: I/O error, dev mtdblock0, sector 0
Aug 29 12:38:05 vader-rover kernel: [    7.856994] end_request: I/O error, dev mtdblock0, sector 0
Aug 29 12:38:05 vader-rover kernel: [    7.867492] ads7846 spi1.0: touchscreen, irq 210
Aug 29 12:38:05 vader-rover kernel: [    7.867797] ads7846 spi1.0: no device detected, test read result was 0x00000FFF
Aug 29 12:38:05 vader-rover kernel: [    7.883514] end_request: I/O error, dev mtdblock0, sector 0
Aug 29 12:38:05 vader-rover kernel: [    7.906158] end_request: I/O error, dev mtdblock0, sector 0
Aug 29 12:38:05 vader-rover kernel: [    7.926818] Linux media interface: v0.10
Aug 29 12:38:05 vader-rover kernel: [    7.931671] end_request: I/O error, dev mtdblock0, sector 0
Aug 29 12:38:05 vader-rover kernel: [    7.958892] end_request: I/O error, dev mtdblock0, sector 0
Aug 29 12:38:05 vader-rover kernel: [    7.979797] end_request: I/O error, dev mtdblock0, sector 8
Aug 29 12:38:05 vader-rover kernel: [    8.006896] end_request: I/O error, dev mtdblock0, sector 8
Aug 29 12:38:05 vader-rover kernel: [    8.023010] Linux video capture interface: v2.00
Aug 29 12:38:05 vader-rover kernel: [    8.036499] end_request: I/O error, dev mtdblock0, sector 8
Aug 29 12:38:05 vader-rover kernel: [    8.062469] end_request: I/O error, dev mtdblock0, sector 8
Aug 29 12:38:05 vader-rover kernel: [    8.089508] end_request: I/O error, dev mtdblock0, sector 24
Aug 29 12:38:05 vader-rover kernel: [    8.114227] end_request: I/O error, dev mtdblock0, sector 24
Aug 29 12:38:05 vader-rover kernel: [    8.142974] end_request: I/O error, dev mtdblock0, sector 24
Aug 29 12:38:05 vader-rover kernel: [    8.172760] end_request: I/O error, dev mtdblock0, sector 24
Aug 29 12:38:05 vader-rover kernel: [    8.199798] end_request: I/O error, dev mtdblock0, sector 56
Aug 29 12:38:05 vader-rover kernel: [    8.216247] omap3isp omap3isp: Revision 15.0 found
Aug 29 12:38:05 vader-rover kernel: [    8.220001] end_request: I/O error, dev mtdblock0, sector 56
Aug 29 12:38:05 vader-rover kernel: [    8.238555] omap-iommu omap-iommu.0: isp: version 1.1
Aug 29 12:38:05 vader-rover kernel: [    8.248962] end_request: I/O error, dev mtdblock0, sector 56
Aug 29 12:38:05 vader-rover kernel: [    8.270599] end_request: I/O error, dev mtdblock0, sector 56
Aug 29 12:38:05 vader-rover kernel: [    8.294494] end_request: I/O error, dev mtdblock0, sector 120
Aug 29 12:38:05 vader-rover kernel: [    8.323486] end_request: I/O error, dev mtdblock0, sector 120
Aug 29 12:38:05 vader-rover kernel: [    8.349395] mt9v032 3-005c: Probing MT9V032 at address 0x5c
Aug 29 12:38:05 vader-rover kernel: [    8.349609] mt9v032 3-005c: MT9V032 power up failed
Aug 29 12:38:05 vader-rover kernel: [    8.357604] end_request: I/O error, dev mtdblock0, sector 120
Aug 29 12:38:05 vader-rover kernel: [    8.370849] end_request: I/O error, dev mtdblock0, sector 120
Aug 29 12:38:05 vader-rover kernel: [    8.386291] lib80211: common routines for IEEE802.11 drivers
Aug 29 12:38:05 vader-rover kernel: [    8.386322] lib80211_crypt: registered algorithm 'NULL'
Aug 29 12:38:05 vader-rover kernel: [    8.395172] end_request: I/O error, dev mtdblock0, sector 0
Aug 29 12:38:05 vader-rover kernel: [    8.420196] end_request: I/O error, dev mtdblock0, sector 0
Aug 29 12:38:05 vader-rover kernel: [    8.444091] end_request: I/O error, dev mtdblock0, sector 8
Aug 29 12:38:05 vader-rover kernel: [    8.465362] end_request: I/O error, dev mtdblock0, sector 8
Aug 29 12:38:05 vader-rover kernel: [    8.480316] isp_register_subdev_group: Unable to register subdev mt9v032
Aug 29 12:38:05 vader-rover kernel: [    8.489990] end_request: I/O error, dev mtdblock0, sector 24
Aug 29 12:38:05 vader-rover kernel: [    8.509460] end_request: I/O error, dev mtdblock0, sector 24
Aug 29 12:38:05 vader-rover kernel: [    8.534973] end_request: I/O error, dev mtdblock0, sector 56
Aug 29 12:38:05 vader-rover kernel: [    8.564117] end_request: I/O error, dev mtdblock0, sector 56
Aug 29 12:38:05 vader-rover kernel: [    8.590850] end_request: I/O error, dev mtdblock0, sector 120
Aug 29 12:38:05 vader-rover kernel: [    8.617706] end_request: I/O error, dev mtdblock0, sector 120
Aug 29 12:38:05 vader-rover kernel: [    8.642944] end_request: I/O error, dev mtdblock0, sector 0
Aug 29 12:38:05 vader-rover kernel: [    8.658386] cfg80211: Calling CRDA to update world regulatory domain
Aug 29 12:38:05 vader-rover kernel: [    8.669036] end_request: I/O error, dev mtdblock0, sector 0
Aug 29 12:38:05 vader-rover kernel: [    8.690490] end_request: I/O error, dev mtdblock0, sector 0
Aug 29 12:38:05 vader-rover kernel: [    8.720062] end_request: I/O error, dev mtdblock0, sector 0
Aug 29 12:38:05 vader-rover kernel: [    8.739593] end_request: I/O error, dev mtdblock0, sector 0
Aug 29 12:38:05 vader-rover kernel: [    8.764801] end_request: I/O error, dev mtdblock0, sector 0
Aug 29 12:38:05 vader-rover kernel: [    8.783355] end_request: I/O error, dev mtdblock0, sector 64
Aug 29 12:38:05 vader-rover kernel: [    8.802001] libertas_sdio: Libertas SDIO driver
Aug 29 12:38:05 vader-rover kernel: [    8.802001] libertas_sdio: Copyright Pierre Ossman
Aug 29 12:38:05 vader-rover kernel: [    8.808746] end_request: I/O error, dev mtdblock0, sector 64
Aug 29 12:38:05 vader-rover kernel: [    8.833282] end_request: I/O error, dev mtdblock0, sector 64
Aug 29 12:38:05 vader-rover kernel: [    8.855621] end_request: I/O error, dev mtdblock0, sector 64
Aug 29 12:38:05 vader-rover kernel: [    8.873443] end_request: I/O error, dev mtdblock0, sector 64
Aug 29 12:38:05 vader-rover kernel: [    8.899169] end_request: I/O error, dev mtdblock0, sector 64
Aug 29 12:38:05 vader-rover kernel: [    8.911926] end_request: I/O error, dev mtdblock0, sector 64
Aug 29 12:38:05 vader-rover kernel: [    8.929840] end_request: I/O error, dev mtdblock0, sector 64
Aug 29 12:38:05 vader-rover kernel: [    8.942779] end_request: I/O error, dev mtdblock0, sector 64
Aug 29 12:38:05 vader-rover kernel: [    8.968902] end_request: I/O error, dev mtdblock0, sector 0
Aug 29 12:38:05 vader-rover kernel: [    8.986846] end_request: I/O error, dev mtdblock0, sector 0
Aug 29 12:38:05 vader-rover kernel: [    9.016479] end_request: I/O error, dev mtdblock0, sector 0
Aug 29 12:38:05 vader-rover kernel: [    9.064514] end_request: I/O error, dev mtdblock0, sector 0
Aug 29 12:38:05 vader-rover kernel: [    9.095550] end_request: I/O error, dev mtdblock0, sector 0
Aug 29 12:38:05 vader-rover kernel: [    9.126464] end_request: I/O error, dev mtdblock0, sector 16
Aug 29 12:38:05 vader-rover kernel: [    9.145751] end_request: I/O error, dev mtdblock0, sector 0
Aug 29 12:38:05 vader-rover kernel: [    9.164794] end_request: I/O error, dev mtdblock0, sector 0
Aug 29 12:38:05 vader-rover kernel: [    9.183868] end_request: I/O error, dev mtdblock0, sector 0
Aug 29 12:38:05 vader-rover kernel: [    9.206390] end_request: I/O error, dev mtdblock0, sector 0
Aug 29 12:38:05 vader-rover kernel: [    9.226165] end_request: I/O error, dev mtdblock0, sector 0
Aug 29 12:38:05 vader-rover kernel: [    9.244384] end_request: I/O error, dev mtdblock0, sector 0
Aug 29 12:38:05 vader-rover kernel: [    9.261840] end_request: I/O error, dev mtdblock0, sector 0
Aug 29 12:38:05 vader-rover kernel: [    9.279754] end_request: I/O error, dev mtdblock0, sector 0
Aug 29 12:38:05 vader-rover kernel: [    9.300720] end_request: I/O error, dev mtdblock0, sector 0
Aug 29 12:38:05 vader-rover kernel: [    9.319854] end_request: I/O error, dev mtdblock0, sector 0
Aug 29 12:38:05 vader-rover kernel: [    9.335937] end_request: I/O error, dev mtdblock0, sector 0
Aug 29 12:38:05 vader-rover kernel: [    9.357574] end_request: I/O error, dev mtdblock0, sector 0
Aug 29 12:38:05 vader-rover kernel: [    9.380462] end_request: I/O error, dev mtdblock0, sector 0
Aug 29 12:38:05 vader-rover kernel: [    9.395996] end_request: I/O error, dev mtdblock0, sector 0
Aug 29 12:38:05 vader-rover kernel: [    9.414367] end_request: I/O error, dev mtdblock0, sector 0
Aug 29 12:38:05 vader-rover kernel: [    9.438201] end_request: I/O error, dev mtdblock0, sector 0
Aug 29 12:38:05 vader-rover kernel: [    9.454132] end_request: I/O error, dev mtdblock0, sector 0
Aug 29 12:38:05 vader-rover kernel: [    9.477691] end_request: I/O error, dev mtdblock0, sector 0
Aug 29 12:38:05 vader-rover kernel: [    9.492889] end_request: I/O error, dev mtdblock0, sector 8
Aug 29 12:38:05 vader-rover kernel: [    9.508575] end_request: I/O error, dev mtdblock0, sector 0
Aug 29 12:38:05 vader-rover kernel: [    9.525543] end_request: I/O error, dev mtdblock0, sector 0
Aug 29 12:38:05 vader-rover kernel: [    9.543151] end_request: I/O error, dev mtdblock0, sector 0
Aug 29 12:38:05 vader-rover kernel: [    9.560852] end_request: I/O error, dev mtdblock0, sector 0
Aug 29 12:38:05 vader-rover kernel: [    9.875274] end_request: I/O error, dev mtdblock0, sector 0
Aug 29 12:38:05 vader-rover kernel: [    9.890472] end_request: I/O error, dev mtdblock0, sector 0
Aug 29 12:38:05 vader-rover kernel: [    9.902465] end_request: I/O error, dev mtdblock0, sector 0
Aug 29 12:38:05 vader-rover kernel: [    9.918060] end_request: I/O error, dev mtdblock0, sector 0
Aug 29 12:38:05 vader-rover kernel: [    9.938232] end_request: I/O error, dev mtdblock0, sector 0
Aug 29 12:38:05 vader-rover kernel: [    9.961730] end_request: I/O error, dev mtdblock0, sector 0
Aug 29 12:38:05 vader-rover kernel: [    9.977294] end_request: I/O error, dev mtdblock0, sector 0
Aug 29 12:38:05 vader-rover kernel: [    9.997833] end_request: I/O error, dev mtdblock0, sector 0
Aug 29 12:38:05 vader-rover kernel: [   10.018615] end_request: I/O error, dev mtdblock0, sector 0
Aug 29 12:38:05 vader-rover kernel: [   10.038726] end_request: I/O error, dev mtdblock0, sector 0
Aug 29 12:38:05 vader-rover kernel: [   10.063262] end_request: I/O error, dev mtdblock0, sector 0
Aug 29 12:38:05 vader-rover kernel: [   10.073333] end_request: I/O error, dev mtdblock0, sector 0
Aug 29 12:38:05 vader-rover kernel: [   10.091644] end_request: I/O error, dev mtdblock0, sector 0
Aug 29 12:38:05 vader-rover kernel: [   10.104766] cdc_acm 1-2.1.2:1.0: usb_probe_interface
Aug 29 12:38:05 vader-rover kernel: [   10.104797] cdc_acm 1-2.1.2:1.0: usb_probe_interface - got id
Aug 29 12:38:05 vader-rover kernel: [   10.104827] cdc_acm 1-2.1.2:1.0: This device cannot do calls on its own. It is not a modem.
Aug 29 12:38:05 vader-rover kernel: [   10.114929] end_request: I/O error, dev mtdblock0, sector 0
Aug 29 12:38:05 vader-rover kernel: [   10.123962] end_request: I/O error, dev mtdblock0, sector 0
Aug 29 12:38:05 vader-rover kernel: [   10.143188] end_request: I/O error, dev mtdblock0, sector 0
Aug 29 12:38:05 vader-rover kernel: [   10.164855] end_request: I/O error, dev mtdblock0, sector 0
Aug 29 12:38:05 vader-rover kernel: [   10.185333] end_request: I/O error, dev mtdblock0, sector 8
Aug 29 12:38:05 vader-rover kernel: [   10.203826] end_request: I/O error, dev mtdblock0, sector 8
Aug 29 12:38:05 vader-rover kernel: [   10.226257] end_request: I/O error, dev mtdblock0, sector 8
Aug 29 12:38:05 vader-rover kernel: [   10.242889] end_request: I/O error, dev mtdblock0, sector 8
Aug 29 12:38:05 vader-rover kernel: [   10.258514] end_request: I/O error, dev mtdblock0, sector 24
Aug 29 12:38:05 vader-rover kernel: [   10.274169] end_request: I/O error, dev mtdblock0, sector 24
Aug 29 12:38:05 vader-rover kernel: [   10.289794] end_request: I/O error, dev mtdblock0, sector 24
Aug 29 12:38:05 vader-rover kernel: [   10.305419] end_request: I/O error, dev mtdblock0, sector 24
Aug 29 12:38:05 vader-rover kernel: [   10.319152] end_request: I/O error, dev mtdblock0, sector 56
Aug 29 12:38:05 vader-rover kernel: [   10.335662] end_request: I/O error, dev mtdblock0, sector 56
Aug 29 12:38:05 vader-rover kernel: [   10.352691] end_request: I/O error, dev mtdblock0, sector 56
Aug 29 12:38:05 vader-rover kernel: [   10.367889] end_request: I/O error, dev mtdblock0, sector 56
Aug 29 12:38:05 vader-rover kernel: [   10.386077] end_request: I/O error, dev mtdblock0, sector 120
Aug 29 12:38:05 vader-rover kernel: [   10.403106] end_request: I/O error, dev mtdblock0, sector 120
Aug 29 12:38:05 vader-rover kernel: [   10.419525] end_request: I/O error, dev mtdblock0, sector 120
Aug 29 12:38:05 vader-rover kernel: [   10.432189] cdc_acm 1-2.1.2:1.0: ttyACM0: USB ACM device
Aug 29 12:38:05 vader-rover kernel: [   10.434661] end_request: I/O error, dev mtdblock0, sector 120
Aug 29 12:38:05 vader-rover kernel: [   10.450927] end_request: I/O error, dev mtdblock0, sector 0
Aug 29 12:38:05 vader-rover kernel: [   10.466278] end_request: I/O error, dev mtdblock0, sector 0
Aug 29 12:38:05 vader-rover kernel: [   10.479156] usbcore: registered new interface driver usbserial
Aug 29 12:38:05 vader-rover kernel: [   10.487762] end_request: I/O error, dev mtdblock0, sector 8
Aug 29 12:38:05 vader-rover kernel: [   10.499511] end_request: I/O error, dev mtdblock0, sector 8
Aug 29 12:38:05 vader-rover kernel: [   10.516357] end_request: I/O error, dev mtdblock0, sector 24
Aug 29 12:38:05 vader-rover kernel: [   10.523681] usbcore: registered new interface driver usbserial_generic
Aug 29 12:38:05 vader-rover kernel: [   10.530242] end_request: I/O error, dev mtdblock0, sector 24
Aug 29 12:38:05 vader-rover kernel: [   10.544311] USB Serial support registered for generic
Aug 29 12:38:05 vader-rover kernel: [   10.544372] usbserial: USB Serial Driver core
Aug 29 12:38:05 vader-rover kernel: [   10.546051] usbcore: registered new interface driver cdc_acm
Aug 29 12:38:05 vader-rover kernel: [   10.546081] cdc_acm: USB Abstract Control Model driver for USB modems and ISDN adapters
Aug 29 12:38:05 vader-rover kernel: [   10.555450] end_request: I/O error, dev mtdblock0, sector 56
Aug 29 12:38:05 vader-rover kernel: [   10.572570] end_request: I/O error, dev mtdblock0, sector 56
Aug 29 12:38:05 vader-rover kernel: [   10.591552] end_request: I/O error, dev mtdblock0, sector 120
Aug 29 12:38:05 vader-rover kernel: [   10.607910] end_request: I/O error, dev mtdblock0, sector 120
Aug 29 12:38:05 vader-rover kernel: [   10.624664] end_request: I/O error, dev mtdblock0, sector 0
Aug 29 12:38:05 vader-rover kernel: [   10.643218] end_request: I/O error, dev mtdblock0, sector 0
Aug 29 12:38:05 vader-rover kernel: [   10.658264] end_request: I/O error, dev mtdblock0, sector 0
Aug 29 12:38:05 vader-rover kernel: [   10.678100] end_request: I/O error, dev mtdblock0, sector 0
Aug 29 12:38:05 vader-rover kernel: [   10.697235] end_request: I/O error, dev mtdblock0, sector 0
Aug 29 12:38:05 vader-rover kernel: [   10.717559] end_request: I/O error, dev mtdblock0, sector 0
Aug 29 12:38:05 vader-rover kernel: [   10.733947] end_request: I/O error, dev mtdblock0, sector 64
Aug 29 12:38:05 vader-rover kernel: [   10.746307] end_request: I/O error, dev mtdblock0, sector 64
Aug 29 12:38:05 vader-rover kernel: [   10.762603] end_request: I/O error, dev mtdblock0, sector 64
Aug 29 12:38:05 vader-rover kernel: [   10.776702] end_request: I/O error, dev mtdblock0, sector 64
Aug 29 12:38:05 vader-rover kernel: [   10.786163] usbcore: registered new interface driver pl2303
Aug 29 12:38:05 vader-rover kernel: [   10.788238] USB Serial support registered for pl2303
Aug 29 12:38:05 vader-rover kernel: [   10.788360] pl2303 1-2.1.1:1.0: usb_probe_interface
Aug 29 12:38:05 vader-rover kernel: [   10.788360] pl2303 1-2.1.1:1.0: usb_probe_interface - got id
Aug 29 12:38:05 vader-rover kernel: [   10.788421] pl2303 1-2.1.1:1.0: pl2303 converter detected
Aug 29 12:38:05 vader-rover kernel: [   10.789703] usbcore: registered new interface driver ftdi_sio
Aug 29 12:38:05 vader-rover kernel: [   10.789978] USB Serial support registered for FTDI USB Serial Device
Aug 29 12:38:05 vader-rover kernel: [   10.790344] ftdi_sio 1-2.1.3:1.0: usb_probe_interface
Aug 29 12:38:05 vader-rover kernel: [   10.790344] ftdi_sio 1-2.1.3:1.0: usb_probe_interface - got id
Aug 29 12:38:05 vader-rover kernel: [   10.790374] ftdi_sio 1-2.1.3:1.0: FTDI USB Serial Device converter detected
Aug 29 12:38:05 vader-rover kernel: [   10.797668] end_request: I/O error, dev mtdblock0, sector 64
Aug 29 12:38:05 vader-rover kernel: [   10.812042] end_request: I/O error, dev mtdblock0, sector 64
Aug 29 12:38:05 vader-rover kernel: [   10.826263] end_request: I/O error, dev mtdblock0, sector 64
Aug 29 12:38:05 vader-rover kernel: [   10.844482] end_request: I/O error, dev mtdblock0, sector 64
Aug 29 12:38:05 vader-rover kernel: [   10.852264] usb 1-2.1.3: Detected FT232RL
Aug 29 12:38:05 vader-rover kernel: [   10.852294] usb 1-2.1.3: Number of endpoints 2
Aug 29 12:38:05 vader-rover kernel: [   10.852294] usb 1-2.1.3: Endpoint 1 MaxPacketSize 64
Aug 29 12:38:05 vader-rover kernel: [   10.852325] usb 1-2.1.3: Endpoint 2 MaxPacketSize 64
Aug 29 12:38:05 vader-rover kernel: [   10.852325] usb 1-2.1.3: Setting MaxPacketSize 64
Aug 29 12:38:05 vader-rover kernel: [   10.866882] end_request: I/O error, dev mtdblock0, sector 64
Aug 29 12:38:05 vader-rover kernel: [   10.874694] usb 1-2.1.3: FTDI USB Serial Device converter now attached to ttyUSB0
Aug 29 12:38:05 vader-rover kernel: [   10.881652] end_request: I/O error, dev mtdblock0, sector 0
Aug 29 12:38:05 vader-rover kernel: [   10.889831] ftdi_sio: v1.6.0:USB FTDI Serial Converters Driver
Aug 29 12:38:05 vader-rover kernel: [   10.898284] end_request: I/O error, dev mtdblock0, sector 0
Aug 29 12:38:05 vader-rover kernel: [   10.905639] usb 1-2.1.1: pl2303 converter now attached to ttyUSB1
Aug 29 12:38:05 vader-rover kernel: [   10.918121] end_request: I/O error, dev mtdblock0, sector 0
Aug 29 12:38:05 vader-rover kernel: [   10.937286] end_request: I/O error, dev mtdblock0, sector 0
Aug 29 12:38:05 vader-rover kernel: [   10.953948] end_request: I/O error, dev mtdblock0, sector 0
Aug 29 12:38:05 vader-rover kernel: [   10.976959] end_request: I/O error, dev mtdblock0, sector 16
Aug 29 12:38:05 vader-rover kernel: [   11.000915] end_request: I/O error, dev mtdblock0, sector 0
Aug 29 12:38:05 vader-rover kernel: [   11.020904] end_request: I/O error, dev mtdblock0, sector 0
Aug 29 12:38:05 vader-rover kernel: [   11.045257] end_request: I/O error, dev mtdblock0, sector 0
Aug 29 12:38:05 vader-rover kernel: [   11.063446] end_request: I/O error, dev mtdblock0, sector 0
Aug 29 12:38:05 vader-rover kernel: [   11.084777] end_request: I/O error, dev mtdblock0, sector 0
Aug 29 12:38:05 vader-rover kernel: [   11.103759] end_request: I/O error, dev mtdblock0, sector 0
Aug 29 12:38:05 vader-rover kernel: [   11.122589] end_request: I/O error, dev mtdblock0, sector 0
Aug 29 12:38:05 vader-rover kernel: [   11.146148] end_request: I/O error, dev mtdblock0, sector 0
Aug 29 12:38:05 vader-rover kernel: [   11.159088] end_request: I/O error, dev mtdblock0, sector 0
Aug 29 12:38:05 vader-rover kernel: [   11.176757] end_request: I/O error, dev mtdblock0, sector 0
Aug 29 12:38:05 vader-rover kernel: [   11.198669] end_request: I/O error, dev mtdblock0, sector 0
Aug 29 12:38:05 vader-rover kernel: [   11.221527] end_request: I/O error, dev mtdblock0, sector 0
Aug 29 12:38:05 vader-rover kernel: [   11.235687] end_request: I/O error, dev mtdblock0, sector 0
Aug 29 12:38:05 vader-rover kernel: [   11.260467] end_request: I/O error, dev mtdblock0, sector 0
Aug 29 12:38:05 vader-rover kernel: [   11.281982] end_request: I/O error, dev mtdblock0, sector 0
Aug 29 12:38:05 vader-rover kernel: [   11.292175] end_request: I/O error, dev mtdblock0, sector 0
Aug 29 12:38:05 vader-rover kernel: [   11.312652] end_request: I/O error, dev mtdblock0, sector 0
Aug 29 12:38:05 vader-rover kernel: [   11.331939] end_request: I/O error, dev mtdblock0, sector 0
Aug 29 12:38:05 vader-rover kernel: [   11.347808] end_request: I/O error, dev mtdblock0, sector 8
Aug 29 12:38:05 vader-rover kernel: [   11.363494] end_request: I/O error, dev mtdblock0, sector 0
Aug 29 12:38:05 vader-rover kernel: [   11.383544] end_request: I/O error, dev mtdblock0, sector 0
Aug 29 12:38:05 vader-rover kernel: [   11.383850] end_request: I/O error, dev mtdblock0, sector 0
Aug 29 12:38:05 vader-rover kernel: [   11.384033] end_request: I/O error, dev mtdblock0, sector 0
Aug 29 12:38:05 vader-rover kernel: [   13.714782] NET: Registered protocol family 10
Aug 29 12:38:05 vader-rover avahi-daemon[489]: Found user 'avahi' (UID 107) and group 'avahi' (GID 112).
Aug 29 12:38:05 vader-rover avahi-daemon[489]: Successfully dropped root privileges.
Aug 29 12:38:05 vader-rover avahi-daemon[489]: avahi-daemon 0.6.30 starting up.
Aug 29 12:38:05 vader-rover avahi-daemon[489]: Successfully called chroot().
Aug 29 12:38:05 vader-rover avahi-daemon[489]: Successfully dropped remaining capabilities.
Aug 29 12:38:05 vader-rover avahi-daemon[489]: No service file found in /etc/avahi/services.
Aug 29 12:38:05 vader-rover avahi-daemon[489]: Network interface enumeration completed.
Aug 29 12:38:05 vader-rover avahi-daemon[489]: Registering HINFO record with values 'ARMV7L'/'LINUX'.
Aug 29 12:38:05 vader-rover avahi-daemon[489]: Server startup complete. Host name is vader-rover.local. Local service cookie is 2655447664.
Aug 29 12:38:06 vader-rover kernel: [   15.072875] libertas_sdio mmc1:0001:1: (unregistered net_device): 00:19:88:25:91:f6, fw 9.70.3p36, cap 0x00000303
Aug 29 12:38:06 vader-rover kernel: [   15.086486] libertas_sdio mmc1:0001:1: wlan0: Marvell WLAN 802.11 adapter
Aug 29 12:40:05 vader-rover anacron[563]: Anacron 2.3 started on 2014-08-29
Aug 29 12:40:05 vader-rover cron[540]: (CRON) INFO (pidfile fd = 3)
Aug 29 12:40:05 vader-rover kernel: [  134.309173] GPIO Event Monitor 0.1 Compiled: Jan 13 2014 at 15:50:49
Aug 29 12:40:05 vader-rover anacron[563]: Normal exit (0 jobs run)
Aug 29 12:40:05 vader-rover cron[567]: (CRON) STARTUP (fork ok)
Aug 29 12:40:05 vader-rover cron[567]: (CRON) INFO (Running @reboot jobs)
Aug 29 12:40:05 vader-rover dbus[467]: [system] Activating service name='org.freedesktop.ConsoleKit' (using servicehelper)
Aug 29 12:40:05 vader-rover kernel: [  134.598114] pwm: frequency=50 Hz servo=1 servo_min = 10000 servo_max = 20000
Aug 29 12:40:05 vader-rover noip2[591]: v2.1.9 daemon started with NAT enabled
Aug 29 12:40:05 vader-rover noip2[591]: Can't gethostbyname for dynupdate.no-ip.com
Aug 29 12:40:05 vader-rover noip2[591]: Can't get our visible IP address from ip1.dynupdate.no-ip.com
Aug 29 12:40:06 vader-rover ntpd[683]: ntpd 4.2.6p3@1.2290 Tue Mar  6 15:10:33 UTC 2012 (1)
Aug 29 12:40:06 vader-rover dbus[467]: [system] Activating service name='org.freedesktop.PolicyKit1' (using servicehelper)
Aug 29 12:40:06 vader-rover ntpd[685]: proto: precision = 30.517 usec
Aug 29 12:40:06 vader-rover ntpd[685]: ntp_io: estimated max descriptors: 1024, initial socket boundary: 16
Aug 29 12:40:06 vader-rover ntpd[685]: Listen and drop on 0 v4wildcard 0.0.0.0 UDP 123
Aug 29 12:40:06 vader-rover ntpd[685]: Listen and drop on 1 v6wildcard :: UDP 123
Aug 29 12:40:06 vader-rover ntpd[685]: Listen normally on 2 lo 127.0.0.1 UDP 123
Aug 29 12:40:06 vader-rover ntpd[685]: Listen normally on 3 lo ::1 UDP 123
Aug 29 12:40:06 vader-rover ntpd[685]: peers refreshed
Aug 29 12:40:06 vader-rover ntpd[685]: Listening on routing socket on fd #20 for interface updates
Aug 29 12:40:06 vader-rover ntpd[685]: Deferring DNS for 0.ubuntu.pool.ntp.org 1
Aug 29 12:40:06 vader-rover ntpd[685]: Deferring DNS for 1.ubuntu.pool.ntp.org 1
Aug 29 12:40:06 vader-rover ntpd[685]: Deferring DNS for 2.ubuntu.pool.ntp.org 1
Aug 29 12:40:06 vader-rover ntpd[685]: Deferring DNS for 3.ubuntu.pool.ntp.org 1
Aug 29 12:40:06 vader-rover ntpd[685]: Deferring DNS for 0.us.pool.ntp.org 1
Aug 29 12:40:06 vader-rover ntpd[685]: Deferring DNS for 1.us.pool.ntp.org 1
Aug 29 12:40:06 vader-rover ntpd[685]: Deferring DNS for 2.us.pool.ntp.org 1
Aug 29 12:40:06 vader-rover ntpd[685]: Deferring DNS for 3.us.pool.ntp.org 1
Aug 29 12:40:06 vader-rover ntpd[685]: Deferring DNS for ntp.ubuntu.com 1
Aug 29 12:40:06 vader-rover ntpd[695]: signal_no_reset: signal 17 had flags 4000000
Aug 29 12:40:06 vader-rover polkitd[689]: started daemon version 0.104 using authority implementation `local' version `0.104'
Aug 29 12:40:06 vader-rover dbus[467]: [system] Successfully activated service 'org.freedesktop.PolicyKit1'
Aug 29 12:40:06 vader-rover dbus[467]: [system] Successfully activated service 'org.freedesktop.ConsoleKit'
Aug 29 12:40:08 vader-rover ntpd_intres[695]: host name not found: 0.ubuntu.pool.ntp.org
Aug 29 12:40:08 vader-rover ntpd_intres[695]: host name not found: 1.ubuntu.pool.ntp.org
Aug 29 12:40:08 vader-rover ntpd_intres[695]: host name not found: 2.ubuntu.pool.ntp.org
Aug 29 12:40:08 vader-rover ntpd_intres[695]: host name not found: 3.ubuntu.pool.ntp.org
Aug 29 12:40:08 vader-rover ntpd_intres[695]: host name not found: 0.us.pool.ntp.org
Aug 29 12:40:08 vader-rover ntpd_intres[695]: host name not found: 1.us.pool.ntp.org
Aug 29 12:40:08 vader-rover ntpd_intres[695]: host name not found: 2.us.pool.ntp.org
Aug 29 12:40:08 vader-rover ntpd_intres[695]: host name not found: 3.us.pool.ntp.org
Aug 29 12:40:08 vader-rover ntpd_intres[695]: host name not found: ntp.ubuntu.com
Aug 29 12:40:14 vader-rover kernel: [  143.015502] rtw_wx_get_rts, rts_thresh=2347
Aug 29 12:40:14 vader-rover kernel: [  143.015533] rtw_wx_get_frag, frag_len=2346
Aug 29 12:41:10 vader-rover ntpd_intres[695]: host name not found: 0.ubuntu.pool.ntp.org
Aug 29 12:41:10 vader-rover ntpd_intres[695]: host name not found: 1.ubuntu.pool.ntp.org
Aug 29 12:41:10 vader-rover ntpd_intres[695]: host name not found: 2.ubuntu.pool.ntp.org
Aug 29 12:41:10 vader-rover ntpd_intres[695]: host name not found: 3.ubuntu.pool.ntp.org
Aug 29 12:41:10 vader-rover ntpd_intres[695]: host name not found: 0.us.pool.ntp.org
Aug 29 12:41:10 vader-rover ntpd_intres[695]: host name not found: 1.us.pool.ntp.org
Aug 29 12:41:10 vader-rover ntpd_intres[695]: host name not found: 2.us.pool.ntp.org
Aug 29 12:41:10 vader-rover ntpd_intres[695]: host name not found: 3.us.pool.ntp.org
Aug 29 12:41:10 vader-rover ntpd_intres[695]: host name not found: ntp.ubuntu.com
Aug 29 12:43:12 vader-rover ntpd_intres[695]: host name not found: 0.ubuntu.pool.ntp.org
Aug 29 12:43:12 vader-rover ntpd_intres[695]: host name not found: 1.ubuntu.pool.ntp.org
Aug 29 12:43:12 vader-rover ntpd_intres[695]: host name not found: 2.ubuntu.pool.ntp.org
Aug 29 12:43:12 vader-rover ntpd_intres[695]: host name not found: 3.ubuntu.pool.ntp.org
Aug 29 12:43:12 vader-rover ntpd_intres[695]: host name not found: 0.us.pool.ntp.org
Aug 29 12:43:12 vader-rover ntpd_intres[695]: host name not found: 1.us.pool.ntp.org
Aug 29 12:43:12 vader-rover ntpd_intres[695]: host name not found: 2.us.pool.ntp.org
Aug 29 12:43:12 vader-rover ntpd_intres[695]: host name not found: 3.us.pool.ntp.org
Aug 29 12:43:12 vader-rover ntpd_intres[695]: host name not found: ntp.ubuntu.com
Aug 29 12:45:06 vader-rover noip2[591]: Can't gethostbyname for dynupdate.no-ip.com
Aug 29 12:45:06 vader-rover noip2[591]: Can't get our visible IP address from ip1.dynupdate.no-ip.com
Aug 29 12:47:15 vader-rover ntpd_intres[695]: host name not found: 0.ubuntu.pool.ntp.org
Aug 29 12:47:15 vader-rover ntpd_intres[695]: host name not found: 1.ubuntu.pool.ntp.org
Aug 29 12:47:15 vader-rover ntpd_intres[695]: host name not found: 2.ubuntu.pool.ntp.org
Aug 29 12:47:15 vader-rover ntpd_intres[695]: host name not found: 3.ubuntu.pool.ntp.org
Aug 29 12:47:15 vader-rover ntpd_intres[695]: host name not found: 0.us.pool.ntp.org
Aug 29 12:47:15 vader-rover ntpd_intres[695]: host name not found: 1.us.pool.ntp.org
Aug 29 12:47:15 vader-rover ntpd_intres[695]: host name not found: 2.us.pool.ntp.org
Aug 29 12:47:15 vader-rover ntpd_intres[695]: host name not found: 3.us.pool.ntp.org
Aug 29 12:47:15 vader-rover ntpd_intres[695]: host name not found: ntp.ubuntu.com
Aug 29 12:50:06 vader-rover noip2[591]: Can't gethostbyname for dynupdate.no-ip.com
Aug 29 12:50:06 vader-rover noip2[591]: Can't get our visible IP address from ip1.dynupdate.no-ip.com
Aug 29 12:55:06 vader-rover noip2[591]: Can't gethostbyname for dynupdate.no-ip.com
Aug 29 12:55:06 vader-rover noip2[591]: Can't get our visible IP address from ip1.dynupdate.no-ip.com
Aug 29 12:55:17 vader-rover ntpd_intres[695]: host name not found: 0.ubuntu.pool.ntp.org
Aug 29 12:55:17 vader-rover ntpd_intres[695]: host name not found: 1.ubuntu.pool.ntp.org
Aug 29 12:55:17 vader-rover ntpd_intres[695]: host name not found: 2.ubuntu.pool.ntp.org
Aug 29 12:55:17 vader-rover ntpd_intres[695]: host name not found: 3.ubuntu.pool.ntp.org
Aug 29 12:55:17 vader-rover ntpd_intres[695]: host name not found: 0.us.pool.ntp.org
Aug 29 12:55:17 vader-rover ntpd_intres[695]: host name not found: 1.us.pool.ntp.org
Aug 29 12:55:17 vader-rover ntpd_intres[695]: host name not found: 2.us.pool.ntp.org
Aug 29 12:55:17 vader-rover ntpd_intres[695]: host name not found: 3.us.pool.ntp.org
Aug 29 12:55:17 vader-rover ntpd_intres[695]: host name not found: ntp.ubuntu.com
Aug 29 13:00:06 vader-rover noip2[591]: Can't gethostbyname for dynupdate.no-ip.com
Aug 29 13:00:06 vader-rover noip2[591]: Can't get our visible IP address from ip1.dynupdate.no-ip.com
Aug 29 13:05:06 vader-rover noip2[591]: Can't gethostbyname for dynupdate.no-ip.com
Aug 29 13:05:06 vader-rover noip2[591]: Can't get our visible IP address from ip1.dynupdate.no-ip.com
Aug 29 13:10:06 vader-rover noip2[591]: Can't gethostbyname for dynupdate.no-ip.com
Aug 29 13:10:06 vader-rover noip2[591]: Can't get our visible IP address from ip1.dynupdate.no-ip.com
Aug 29 13:11:20 vader-rover ntpd_intres[695]: host name not found: 0.ubuntu.pool.ntp.org
Aug 29 13:11:20 vader-rover ntpd_intres[695]: host name not found: 1.ubuntu.pool.ntp.org
Aug 29 13:11:20 vader-rover ntpd_intres[695]: host name not found: 2.ubuntu.pool.ntp.org
Aug 29 13:11:20 vader-rover ntpd_intres[695]: host name not found: 3.ubuntu.pool.ntp.org
Aug 29 13:11:20 vader-rover ntpd_intres[695]: host name not found: 0.us.pool.ntp.org
Aug 29 13:11:20 vader-rover ntpd_intres[695]: host name not found: 1.us.pool.ntp.org
Aug 29 13:11:20 vader-rover ntpd_intres[695]: host name not found: 2.us.pool.ntp.org
Aug 29 13:11:20 vader-rover ntpd_intres[695]: host name not found: 3.us.pool.ntp.org
Aug 29 13:11:20 vader-rover ntpd_intres[695]: host name not found: ntp.ubuntu.com
Aug 29 13:15:06 vader-rover noip2[591]: Can't gethostbyname for dynupdate.no-ip.com
Aug 29 13:15:06 vader-rover noip2[591]: Can't get our visible IP address from ip1.dynupdate.no-ip.com
Aug 29 13:17:01 vader-rover CRON[843]: (root) CMD (   cd / && run-parts --report /etc/cron.hourly)
Aug 29 13:20:06 vader-rover noip2[591]: Can't gethostbyname for dynupdate.no-ip.com
Aug 29 13:20:06 vader-rover noip2[591]: Can't get our visible IP address from ip1.dynupdate.no-ip.com
Aug 29 13:23:28 vader-rover kernel: [ 2737.842956] rtw_wx_get_rts, rts_thresh=2347
Aug 29 13:23:28 vader-rover kernel: [ 2737.843017] rtw_wx_get_frag, frag_len=2346
Aug 29 13:23:47 vader-rover kernel: [ 2756.100219] IPv6: ADDRCONF(NETDEV_UP): wlan0: link is not ready
Aug 29 13:23:47 vader-rover kernel: [ 2756.101806] IPv6: ADDRCONF(NETDEV_CHANGE): wlan0: link becomes ready
Aug 29 13:23:47 vader-rover dhclient: DHCPREQUEST of 192.168.2.22 on wlan0 to 255.255.255.255 port 67
Aug 29 13:23:47 vader-rover dhclient: DHCPACK of 192.168.2.22 from 192.168.2.1
Aug 29 13:23:47 vader-rover avahi-daemon[489]: Joining mDNS multicast group on interface wlan0.IPv4 with address 192.168.2.22.
Aug 29 13:23:47 vader-rover avahi-daemon[489]: New relevant interface wlan0.IPv4 for mDNS.
Aug 29 13:23:47 vader-rover avahi-daemon[489]: Registering new address record for 192.168.2.22 on wlan0.IPv4.
Aug 29 13:23:48 vader-rover avahi-daemon[489]: Joining mDNS multicast group on interface wlan0.IPv6 with address fe80::219:88ff:fe25:91f6.
Aug 29 13:23:48 vader-rover avahi-daemon[489]: New relevant interface wlan0.IPv6 for mDNS.
Aug 29 13:23:48 vader-rover avahi-daemon[489]: Registering new address record for fe80::219:88ff:fe25:91f6 on wlan0.*.
Aug 29 13:23:49 vader-rover dhclient: bound to 192.168.2.22 -- renewal in 107892932 seconds.
Aug 29 13:23:49 vader-rover avahi-daemon[489]: Leaving mDNS multicast group on interface wlan0.IPv6 with address fe80::219:88ff:fe25:91f6.
Aug 29 13:23:49 vader-rover avahi-daemon[489]: Joining mDNS multicast group on interface wlan0.IPv6 with address 2002:802e:4c4b:1234:219:88ff:fe25:91f6.
Aug 29 13:23:49 vader-rover avahi-daemon[489]: Registering new address record for 2002:802e:4c4b:1234:219:88ff:fe25:91f6 on wlan0.*.
Aug 29 13:23:49 vader-rover avahi-daemon[489]: Withdrawing address record for fe80::219:88ff:fe25:91f6 on wlan0.
Aug 29 13:23:50 vader-rover kernel: [ 2759.808807] rtw_wx_get_rts, rts_thresh=2347
Aug 29 13:23:50 vader-rover kernel: [ 2759.808837] rtw_wx_get_frag, frag_len=2346
Aug 29 13:23:51 vader-rover ntpd[685]: Listen normally on 4 wlan0 192.168.2.22 UDP 123
Aug 29 13:23:51 vader-rover ntpd[685]: Listen normally on 5 wlan0 2002:802e:4c4b:1234:219:88ff:fe25:91f6 UDP 123
Aug 29 13:23:51 vader-rover ntpd[685]: Listen normally on 6 wlan0 fe80::219:88ff:fe25:91f6 UDP 123
Aug 29 13:23:51 vader-rover ntpd[685]: peers refreshed
Aug 29 13:23:51 vader-rover ntpd[685]: new interface(s) found: waking up resolver
Aug 29 13:23:53 vader-rover ntpd_intres[695]: DNS 0.ubuntu.pool.ntp.org -> 173.230.149.23
Aug 29 13:23:53 vader-rover ntpd_intres[695]: DNS 1.ubuntu.pool.ntp.org -> 108.166.189.70
Aug 29 13:23:53 vader-rover ntpd_intres[695]: DNS 2.ubuntu.pool.ntp.org -> 192.3.116.75
Aug 29 13:23:54 vader-rover ntpd_intres[695]: DNS 3.ubuntu.pool.ntp.org -> 198.110.48.12
Aug 29 13:23:54 vader-rover ntpd_intres[695]: DNS 0.us.pool.ntp.org -> 129.250.35.250
Aug 29 13:23:54 vader-rover ntpd_intres[695]: DNS 1.us.pool.ntp.org -> 174.127.117.113
Aug 29 13:23:54 vader-rover ntpd_intres[695]: DNS 2.us.pool.ntp.org -> 50.7.72.4
Aug 29 13:23:54 vader-rover ntpd_intres[695]: DNS 3.us.pool.ntp.org -> 208.75.88.4
Aug 29 13:23:54 vader-rover ntpd_intres[695]: DNS ntp.ubuntu.com -> 91.189.94.4
Aug 29 13:25:07 vader-rover noip2[591]: vader-rover.no-ip.biz was already set to 128.46.76.75.
Aug 29 13:25:19 vader-rover kernel: [ 2848.241058] rtw_wx_get_rts, rts_thresh=2347
Aug 29 13:25:19 vader-rover kernel: [ 2848.241088] rtw_wx_get_frag, frag_len=2346
Aug 29 13:39:07 vader-rover kernel: [ 3676.908874] rtw_wx_get_rts, rts_thresh=2347
Aug 29 13:39:07 vader-rover kernel: [ 3676.908905] rtw_wx_get_frag, frag_len=2346
Aug 29 14:17:01 vader-rover CRON[1115]: (root) CMD (   cd / && run-parts --report /etc/cron.hourly)
Aug 29 14:30:19 vader-rover kernel: [ 6748.605651] rtw_wx_get_rts, rts_thresh=2347
Aug 29 14:30:19 vader-rover kernel: [ 6748.613952] rtw_wx_get_frag, frag_len=2346
Aug 29 14:42:03 vader-rover kernel: Kernel logging (proc) stopped.
Aug 29 14:42:03 vader-rover rsyslogd: [origin software="rsyslogd" swVersion="5.8.6" x-pid="468" x-info="http://www.rsyslog.com"] exiting on signal 15.
Aug 29 14:42:28 vader-rover kernel: imklog 5.8.6, log source = /proc/kmsg started.
Aug 29 14:42:28 vader-rover rsyslogd: [origin software="rsyslogd" swVersion="5.8.6" x-pid="470" x-info="http://www.rsyslog.com"] start
Aug 29 14:42:28 vader-rover rsyslogd: rsyslogd's groupid changed to 103
Aug 29 14:42:28 vader-rover rsyslogd: rsyslogd's userid changed to 101
Aug 29 14:42:28 vader-rover rsyslogd-2039: Could not open output pipe '/dev/xconsole' [try http://www.rsyslog.com/e/2039 ]
Aug 29 14:42:28 vader-rover kernel: [    0.000000] Booting Linux on physical CPU 0
Aug 29 14:42:28 vader-rover kernel: [    0.000000] Initializing cgroup subsys cpuset
Aug 29 14:42:28 vader-rover kernel: [    0.000000] Initializing cgroup subsys cpu
Aug 29 14:42:28 vader-rover kernel: [    0.000000] Linux version 3.5.0-2-linaro-omap (adam@pine) (gcc version 4.6.3 (Ubuntu/Linaro 4.6.3-1ubuntu5) ) #2~ci+121210190143 PREEMPT Mon Dec 10 11:03:27 PST 2012
Aug 29 14:42:28 vader-rover kernel: [    0.000000] CPU: ARMv7 Processor [413fc082] revision 2 (ARMv7), cr=10c53c7d
Aug 29 14:42:28 vader-rover kernel: [    0.000000] CPU: PIPT / VIPT nonaliasing data cache, VIPT aliasing instruction cache
Aug 29 14:42:28 vader-rover kernel: [    0.000000] Machine: Gumstix Overo
Aug 29 14:42:28 vader-rover kernel: [    0.000000] Reserving 12582912 bytes SDRAM for VRAM
Aug 29 14:42:28 vader-rover kernel: [    0.000000] Memory policy: ECC disabled, Data cache writeback
Aug 29 14:42:28 vader-rover kernel: [    0.000000] On node 0 totalpages: 127744
Aug 29 14:42:28 vader-rover kernel: [    0.000000] free_area_init_node: node 0, pgdat c070b85c, node_mem_map c07a7000
Aug 29 14:42:28 vader-rover kernel: [    0.000000]   Normal zone: 1024 pages used for memmap
Aug 29 14:42:28 vader-rover kernel: [    0.000000]   Normal zone: 0 pages reserved
Aug 29 14:42:28 vader-rover kernel: [    0.000000]   Normal zone: 126720 pages, LIFO batch:31
Aug 29 14:42:28 vader-rover kernel: [    0.000000] OMAP3630 ES1.2 (l2cache iva sgx neon isp 192mhz_clk )
Aug 29 14:42:28 vader-rover kernel: [    0.000000] Clocking rate (Crystal/Core/MPU): 26.0/332/600 MHz
Aug 29 14:42:28 vader-rover kernel: [    0.000000] pcpu-alloc: s0 r0 d32768 u32768 alloc=1*32768
Aug 29 14:42:28 vader-rover kernel: [    0.000000] pcpu-alloc: [0] 0 
Aug 29 14:42:28 vader-rover kernel: [    0.000000] Built 1 zonelists in Zone order, mobility grouping on.  Total pages: 126720
Aug 29 14:42:28 vader-rover kernel: [    0.000000] Kernel command line: console=tty0 console=ttyO2,115200n8 root=/dev/mmcblk0p2 rootwait ro earlyprintk mpurate=720 vram=12M omapdss.def_disp=dvi omapfb.mode=dvi:1024x768MR-16@60
Aug 29 14:42:28 vader-rover kernel: [    0.000000] PID hash table entries: 2048 (order: 1, 8192 bytes)
Aug 29 14:42:28 vader-rover kernel: [    0.000000] Dentry cache hash table entries: 65536 (order: 6, 262144 bytes)
Aug 29 14:42:28 vader-rover kernel: [    0.000000] Inode-cache hash table entries: 32768 (order: 5, 131072 bytes)
Aug 29 14:42:28 vader-rover kernel: [    0.000000] allocated 1048576 bytes of page_cgroup
Aug 29 14:42:28 vader-rover kernel: [    0.000000] please try 'cgroup_disable=memory' option if you don't want memory cgroups
Aug 29 14:42:28 vader-rover kernel: [    0.000000] Memory: 499MB = 499MB total
Aug 29 14:42:28 vader-rover kernel: [    0.000000] Memory: 496084k/496084k available, 28204k reserved, 0K highmem
Aug 29 14:42:28 vader-rover kernel: [    0.000000] Virtual kernel memory layout:
Aug 29 14:42:28 vader-rover kernel: [    0.000000]     vector  : 0xffff0000 - 0xffff1000   (   4 kB)
Aug 29 14:42:28 vader-rover kernel: [    0.000000]     fixmap  : 0xfff00000 - 0xfffe0000   ( 896 kB)
Aug 29 14:42:28 vader-rover kernel: [    0.000000]     vmalloc : 0xe0800000 - 0xff000000   ( 488 MB)
Aug 29 14:42:28 vader-rover kernel: [    0.000000]     lowmem  : 0xc0000000 - 0xe0000000   ( 512 MB)
Aug 29 14:42:28 vader-rover kernel: [    0.000000]     pkmap   : 0xbfe00000 - 0xc0000000   (   2 MB)
Aug 29 14:42:28 vader-rover kernel: [    0.000000]     modules : 0xbf000000 - 0xbfe00000   (  14 MB)
Aug 29 14:42:28 vader-rover kernel: [    0.000000]       .text : 0xc0008000 - 0xc067abfc   (6603 kB)
Aug 29 14:42:28 vader-rover kernel: [    0.000000]       .init : 0xc067b000 - 0xc06b2000   ( 220 kB)
Aug 29 14:42:28 vader-rover kernel: [    0.000000]       .data : 0xc06b2000 - 0xc071b268   ( 421 kB)
Aug 29 14:42:28 vader-rover kernel: [    0.000000]        .bss : 0xc071b28c - 0xc07a6020   ( 556 kB)
Aug 29 14:42:28 vader-rover kernel: [    0.000000] NR_IRQS:474
Aug 29 14:42:28 vader-rover kernel: [    0.000000] IRQ: Found an INTC at 0xfa200000 (revision 4.0) with 96 interrupts
Aug 29 14:42:28 vader-rover kernel: [    0.000000] Total of 96 interrupts on 1 active controller
Aug 29 14:42:28 vader-rover kernel: [    0.000000] OMAP clockevent source: GPTIMER1 at 32768 Hz
Aug 29 14:42:28 vader-rover kernel: [    0.000000] sched_clock: 32 bits at 32kHz, resolution 30517ns, wraps every 131071999ms
Aug 29 14:42:28 vader-rover kernel: [    0.000000] OMAP clocksource: 32k_counter at 32768 Hz
Aug 29 14:42:28 vader-rover kernel: [    0.000000] Console: colour dummy device 80x30
Aug 29 14:42:28 vader-rover kernel: [    0.000000] console [tty0] enabled
Aug 29 14:42:28 vader-rover kernel: [    0.001007] Calibrating delay loop... 597.64 BogoMIPS (lpj=2334720)
Aug 29 14:42:28 vader-rover kernel: [    0.039093] pid_max: default: 32768 minimum: 301
Aug 29 14:42:28 vader-rover kernel: [    0.039306] Security Framework initialized
Aug 29 14:42:28 vader-rover kernel: [    0.039428] Mount-cache hash table entries: 512
Aug 29 14:42:28 vader-rover kernel: [    0.040222] Initializing cgroup subsys debug
Aug 29 14:42:28 vader-rover kernel: [    0.040283] Initializing cgroup subsys cpuacct
Aug 29 14:42:28 vader-rover kernel: [    0.040313] Initializing cgroup subsys memory
Aug 29 14:42:28 vader-rover kernel: [    0.040374] Initializing cgroup subsys devices
Aug 29 14:42:28 vader-rover kernel: [    0.040405] Initializing cgroup subsys freezer
Aug 29 14:42:28 vader-rover kernel: [    0.040405] Initializing cgroup subsys perf_event
Aug 29 14:42:28 vader-rover kernel: [    0.040557] CPU: Testing write buffer coherency: ok
Aug 29 14:42:28 vader-rover kernel: [    0.040893] Setting up static identity map for 0x8046ea98 - 0x8046eaf0
Aug 29 14:42:28 vader-rover kernel: [    0.046051] devtmpfs: initialized
Aug 29 14:42:28 vader-rover kernel: [    0.050903] dummy: 
Aug 29 14:42:28 vader-rover kernel: [    0.051300] NET: Registered protocol family 16
Aug 29 14:42:28 vader-rover kernel: [    0.051757] GPMC revision 5.0
Aug 29 14:42:28 vader-rover kernel: [    0.051818] gpmc: irq-20 could not claim: err -22
Aug 29 14:42:28 vader-rover kernel: [    0.053802] gpiochip_add: registered GPIOs 0 to 31 on device: gpio
Aug 29 14:42:28 vader-rover kernel: [    0.053894] OMAP GPIO hardware version 2.5
Aug 29 14:42:28 vader-rover kernel: [    0.054168] gpiochip_add: registered GPIOs 32 to 63 on device: gpio
Aug 29 14:42:28 vader-rover kernel: [    0.054443] gpiochip_add: registered GPIOs 64 to 95 on device: gpio
Aug 29 14:42:28 vader-rover kernel: [    0.054840] gpiochip_add: registered GPIOs 96 to 127 on device: gpio
Aug 29 14:42:28 vader-rover kernel: [    0.055145] gpiochip_add: registered GPIOs 128 to 159 on device: gpio
Aug 29 14:42:28 vader-rover kernel: [    0.055419] gpiochip_add: registered GPIOs 160 to 191 on device: gpio
Aug 29 14:42:28 vader-rover kernel: [    0.056365] omap_mux_init: Add partition: #1: core, flags: 0
Aug 29 14:42:28 vader-rover kernel: [    0.061340] _omap_mux_get_by_name: Could not find signal uart4_rx.uart4_rx
Aug 29 14:42:28 vader-rover kernel: [    0.067199] Reprogramming SDRC clock to 332000000 Hz
Aug 29 14:42:28 vader-rover kernel: [    0.067260] dpll3_m2_clk rate change failed: -22
Aug 29 14:42:28 vader-rover kernel: [    0.067260] Found NAND on CS0
Aug 29 14:42:28 vader-rover kernel: [    0.067291] Registering NAND on CS0
Aug 29 14:42:28 vader-rover kernel: [    0.068511]  usbhs_omap: alias fck already exists
Aug 29 14:42:28 vader-rover kernel: [    0.076019] hw-breakpoint: debug architecture 0x4 unsupported.
Aug 29 14:42:28 vader-rover kernel: [    0.079071]  omap-mcbsp.2: alias fck already exists
Aug 29 14:42:28 vader-rover kernel: [    0.079284]  omap-mcbsp.3: alias fck already exists
Aug 29 14:42:28 vader-rover kernel: [    0.080352] Switched to new clocking rate (Crystal/Core/MPU): 26.0/332/720 MHz
Aug 29 14:42:28 vader-rover kernel: [    0.080596] OMAP DMA hardware revision 5.0
Aug 29 14:42:28 vader-rover kernel: [    0.087615] bio: create slab <bio-0> at 0
Aug 29 14:42:28 vader-rover kernel: [    0.088317] fixed-dummy: 
Aug 29 14:42:28 vader-rover kernel: [    0.088409] reg-fixed-voltage reg-fixed-voltage.0: fixed-dummy supplying 0uV
Aug 29 14:42:28 vader-rover kernel: [    0.088592] vads7846: override min_uV, 1 -> 3300000
Aug 29 14:42:28 vader-rover kernel: [    0.088592] vads7846: override max_uV, 2147483647 -> 3300000
Aug 29 14:42:28 vader-rover kernel: [    0.088623] vads7846: 3300 mV 
Aug 29 14:42:28 vader-rover kernel: [    0.088714] reg-fixed-voltage reg-fixed-voltage.1: vads7846 supplying 3300000uV
Aug 29 14:42:28 vader-rover kernel: [    0.089324] SCSI subsystem initialized
Aug 29 14:42:28 vader-rover kernel: [    0.089630] usbcore: registered new interface driver usbfs
Aug 29 14:42:28 vader-rover kernel: [    0.089752] usbcore: registered new interface driver hub
Aug 29 14:42:28 vader-rover kernel: [    0.089965] usbcore: registered new device driver usb
Aug 29 14:42:28 vader-rover kernel: [    0.090393] omap_i2c omap_i2c.1: bus 1 rev1.4.0 at 2600 kHz
Aug 29 14:42:28 vader-rover kernel: [    0.092956] twl 1-0048: PIH (irq 7) chaining IRQs 320..328
Aug 29 14:42:28 vader-rover kernel: [    0.093109] twl 1-0048: power (irq 325) chaining IRQs 328..335
Aug 29 14:42:28 vader-rover kernel: [    0.093688] twl4030_gpio twl4030_gpio: gpio (irq 320) chaining IRQs 336..353
Aug 29 14:42:28 vader-rover kernel: [    0.094024] gpiochip_add: registered GPIOs 192 to 211 on device: twl4030
Aug 29 14:42:28 vader-rover kernel: [    0.094726] VUSB1V5: override min_uV, 1 -> 1500000
Aug 29 14:42:28 vader-rover kernel: [    0.094726] VUSB1V5: override max_uV, 2147483647 -> 1500000
Aug 29 14:42:28 vader-rover kernel: [    0.094757] VUSB1V5: 1500 mV normal standby
Aug 29 14:42:28 vader-rover kernel: [    0.095184] VUSB1V8: override min_uV, 1 -> 1800000
Aug 29 14:42:28 vader-rover kernel: [    0.095214] VUSB1V8: override max_uV, 2147483647 -> 1800000
Aug 29 14:42:28 vader-rover kernel: [    0.095214] VUSB1V8: 1800 mV normal standby
Aug 29 14:42:28 vader-rover kernel: [    0.095611] VUSB3V1: override min_uV, 1 -> 3100000
Aug 29 14:42:28 vader-rover kernel: [    0.095642] VUSB3V1: override max_uV, 2147483647 -> 3100000
Aug 29 14:42:28 vader-rover kernel: [    0.095642] VUSB3V1: 3100 mV normal standby
Aug 29 14:42:28 vader-rover kernel: [    0.097106] twl4030_usb twl4030_usb: HW_CONDITIONS 0x10/16; link 0
Aug 29 14:42:28 vader-rover kernel: [    0.097320] twl4030_usb twl4030_usb: Initialized TWL4030 USB module
Aug 29 14:42:28 vader-rover kernel: [    0.097808] vdd_mpu_iva: 600 <--> 1450 mV normal 
Aug 29 14:42:28 vader-rover kernel: [    0.098205] vdd_core: 600 <--> 1450 mV normal 
Aug 29 14:42:28 vader-rover kernel: [    0.098693] VMMC1: 1850 <--> 3150 mV at 3000 mV normal standby
Aug 29 14:42:28 vader-rover kernel: [    0.099212] VDAC: 1800 mV normal standby
Aug 29 14:42:28 vader-rover kernel: [    0.099700] VDVI: 1800 mV normal standby
Aug 29 14:42:28 vader-rover kernel: [    0.109436] omap_i2c omap_i2c.3: bus 3 rev1.4.0 at 400 kHz
Aug 29 14:42:28 vader-rover kernel: [    0.110198] omap-iommu omap-iommu.0: isp registered
Aug 29 14:42:28 vader-rover kernel: [    0.110412] Advanced Linux Sound Architecture Driver Version 1.0.25.
Aug 29 14:42:28 vader-rover kernel: [    0.111236] Switching to clocksource 32k_counter
Aug 29 14:42:28 vader-rover kernel: [    0.135772] usbhs_omap usbhs_omap: xclk60mhsp2_ck set parentfailed error:-22
Aug 29 14:42:28 vader-rover kernel: [    0.136566] NET: Registered protocol family 2
Aug 29 14:42:28 vader-rover kernel: [    0.136871] IP route cache hash table entries: 4096 (order: 2, 16384 bytes)
Aug 29 14:42:28 vader-rover kernel: [    0.137420] TCP established hash table entries: 16384 (order: 5, 131072 bytes)
Aug 29 14:42:28 vader-rover kernel: [    0.137725] TCP bind hash table entries: 16384 (order: 4, 65536 bytes)
Aug 29 14:42:28 vader-rover kernel: [    0.137908] TCP: Hash tables configured (established 16384 bind 16384)
Aug 29 14:42:28 vader-rover kernel: [    0.137939] TCP: reno registered
Aug 29 14:42:28 vader-rover kernel: [    0.137969] UDP hash table entries: 256 (order: 0, 4096 bytes)
Aug 29 14:42:28 vader-rover kernel: [    0.138000] UDP-Lite hash table entries: 256 (order: 0, 4096 bytes)
Aug 29 14:42:28 vader-rover kernel: [    0.138305] NET: Registered protocol family 1
Aug 29 14:42:28 vader-rover kernel: [    0.138824] RPC: Registered named UNIX socket transport module.
Aug 29 14:42:28 vader-rover kernel: [    0.138854] RPC: Registered udp transport module.
Aug 29 14:42:28 vader-rover kernel: [    0.138885] RPC: Registered tcp transport module.
Aug 29 14:42:28 vader-rover kernel: [    0.138916] RPC: Registered tcp NFSv4.1 backchannel transport module.
Aug 29 14:42:28 vader-rover kernel: [    0.139160] Trying to unpack rootfs image as initramfs...
Aug 29 14:42:28 vader-rover kernel: [    0.254211] Freeing initrd memory: 1488K
Aug 29 14:42:28 vader-rover kernel: [    0.256530] audit: initializing netlink socket (disabled)
Aug 29 14:42:28 vader-rover kernel: [    0.256622] type=2000 audit(0.250:1): initialized
Aug 29 14:42:28 vader-rover kernel: [    0.257995] VFS: Disk quotas dquot_6.5.2
Aug 29 14:42:28 vader-rover kernel: [    0.258117] Dquot-cache hash table entries: 1024 (order 0, 4096 bytes)
Aug 29 14:42:28 vader-rover kernel: [    0.258453] NFS: Registering the id_resolver key type
Aug 29 14:42:28 vader-rover kernel: [    0.258544] Key type id_resolver registered
Aug 29 14:42:28 vader-rover kernel: [    0.258972] jffs2: version 2.2. (NAND) (SUMMARY)  Â© 2001-2006 Red Hat, Inc.
Aug 29 14:42:28 vader-rover kernel: [    0.259643] fuse init (API version 7.19)
Aug 29 14:42:28 vader-rover kernel: [    0.260223] msgmni has been set to 971
Aug 29 14:42:28 vader-rover kernel: [    0.261932] Block layer SCSI generic (bsg) driver version 0.4 loaded (major 253)
Aug 29 14:42:28 vader-rover kernel: [    0.261993] io scheduler noop registered
Aug 29 14:42:28 vader-rover kernel: [    0.262023] io scheduler deadline registered (default)
Aug 29 14:42:28 vader-rover kernel: [    0.262756] OMAP DSS rev 2.0
Aug 29 14:42:28 vader-rover kernel: [    0.265747] omap_uart.0: ttyO0 at MMIO 0x4806a000 (irq = 72) is a OMAP UART0
Aug 29 14:42:28 vader-rover kernel: [    0.266235] omap_uart.1: ttyO1 at MMIO 0x4806c000 (irq = 73) is a OMAP UART1
Aug 29 14:42:28 vader-rover kernel: [    0.266662] omap_uart.2: ttyO2 at MMIO 0x49020000 (irq = 74) is a OMAP UART2
Aug 29 14:42:28 vader-rover kernel: [    0.967437] console [ttyO2] enabled
Aug 29 14:42:28 vader-rover kernel: [    0.971557] omap_uart.3: ttyO3 at MMIO 0x49042000 (irq = 80) is a OMAP UART3
Aug 29 14:42:28 vader-rover kernel: [    0.986480] brd: module loaded
Aug 29 14:42:28 vader-rover kernel: [    0.993530] loop: module loaded
Aug 29 14:42:28 vader-rover kernel: [    0.998352] twl4030_madc twl4030_madc: clk disabled, enabling
Aug 29 14:42:28 vader-rover kernel: [    1.006317] NAND device: Manufacturer ID: 0x2c, Chip ID: 0xbc (Micron NAND 512MiB 1,8V 16-bit), page size: 2048, OOB size: 64
Aug 29 14:42:28 vader-rover kernel: [    1.031005] Creating 5 MTD partitions on "omap2-nand.0":
Aug 29 14:42:28 vader-rover kernel: [    1.036773] 0x000000000000-0x000000080000 : "xloader"
Aug 29 14:42:28 vader-rover kernel: [    1.043640] 0x000000080000-0x000000240000 : "uboot"
Aug 29 14:42:28 vader-rover kernel: [    1.050994] 0x000000240000-0x000000280000 : "uboot environment"
Aug 29 14:42:28 vader-rover kernel: [    1.058380] 0x000000280000-0x000000680000 : "linux"
Aug 29 14:42:28 vader-rover kernel: [    1.067230] 0x000000680000-0x000020000000 : "rootfs"
Aug 29 14:42:28 vader-rover kernel: [    1.425842] smsc911x: Driver version 2008-10-21
Aug 29 14:42:28 vader-rover kernel: [    1.430999] smsc911x: Driver version 2008-10-21
Aug 29 14:42:28 vader-rover kernel: [    1.436279] usbcore: registered new interface driver asix
Aug 29 14:42:28 vader-rover kernel: [    1.442047] usbcore: registered new interface driver cdc_ether
Aug 29 14:42:28 vader-rover kernel: [    1.448303] usbcore: registered new interface driver cdc_ncm
Aug 29 14:42:28 vader-rover kernel: [    1.454528] ehci_hcd: USB 2.0 'Enhanced' Host Controller (EHCI) Driver
Aug 29 14:42:28 vader-rover kernel: [    1.461425] ehci_hcd: block sizes: qh 64 qtd 96 itd 160 sitd 96
Aug 29 14:42:28 vader-rover kernel: [    1.461578] ehci-omap ehci-omap.0: failed to get ehci port1 regulator
Aug 29 14:42:28 vader-rover kernel: [    2.462951] ehci-omap ehci-omap.0: phy reset operation timed out
Aug 29 14:42:28 vader-rover kernel: [    2.462982] ehci-omap ehci-omap.0: reset hcs_params 0x1313 dbg=0 cc=1 pcc=3 ordered ports=3
Aug 29 14:42:28 vader-rover kernel: [    2.462982] ehci-omap ehci-omap.0: reset hcc_params 0016 thresh 1 uframes 256/512/1024 park
Aug 29 14:42:28 vader-rover kernel: [    2.463012] ehci-omap ehci-omap.0: reset command 0080b02  park=3 ithresh=8 period=1024 Reset HALT
Aug 29 14:42:28 vader-rover kernel: [    2.463043] ehci-omap ehci-omap.0: OMAP-EHCI Host Controller
Aug 29 14:42:28 vader-rover kernel: [    2.469299] ehci-omap ehci-omap.0: new USB bus registered, assigned bus number 1
Aug 29 14:42:28 vader-rover kernel: [    2.477172] ehci-omap ehci-omap.0: park 0
Aug 29 14:42:28 vader-rover kernel: [    2.477233] ehci-omap ehci-omap.0: irq 77, io mem 0x48064800
Aug 29 14:42:28 vader-rover kernel: [    2.483245] ehci-omap ehci-omap.0: init command 0010005 (park)=0 ithresh=1 period=512 RUN
Aug 29 14:42:28 vader-rover kernel: [    2.494262] ehci-omap ehci-omap.0: USB 2.0 started, EHCI 1.00
Aug 29 14:42:28 vader-rover kernel: [    2.500427] usb usb1: default language 0x0409
