Jan 24 11:51:02 vader-rover rsyslogd: [origin software="rsyslogd" swVersion="5.8.6" x-pid="698" x-info="http://www.rsyslog.com"] rsyslogd was HUPed
Jan 24 11:51:04 vader-rover anacron[763]: Job `cron.daily' terminated
Jan 24 11:53:27 vader-rover kernel: Kernel logging (proc) stopped.
Jan 24 11:53:27 vader-rover rsyslogd: [origin software="rsyslogd" swVersion="5.8.6" x-pid="698" x-info="http://www.rsyslog.com"] exiting on signal 15.
Jan 24 11:54:06 vader-rover kernel: imklog 5.8.6, log source = /proc/kmsg started.
Jan 24 11:54:06 vader-rover rsyslogd: [origin software="rsyslogd" swVersion="5.8.6" x-pid="500" x-info="http://www.rsyslog.com"] start
Jan 24 11:54:06 vader-rover rsyslogd: rsyslogd's groupid changed to 103
Jan 24 11:54:06 vader-rover rsyslogd: rsyslogd's userid changed to 101
Jan 24 11:54:06 vader-rover rsyslogd-2039: Could not open output pipe '/dev/xconsole' [try http://www.rsyslog.com/e/2039 ]
Jan 24 11:54:06 vader-rover kernel: [    0.000000] Booting Linux on physical CPU 0
Jan 24 11:54:06 vader-rover kernel: [    0.000000] Initializing cgroup subsys cpuset
Jan 24 11:54:06 vader-rover kernel: [    0.000000] Initializing cgroup subsys cpu
Jan 24 11:54:06 vader-rover kernel: [    0.000000] Linux version 3.5.0-2-linaro-omap (adam@pine) (gcc version 4.6.3 (Ubuntu/Linaro 4.6.3-1ubuntu5) ) #2~ci+121210190143 PREEMPT Mon Dec 10 11:03:27 PST 2012
Jan 24 11:54:06 vader-rover kernel: [    0.000000] CPU: ARMv7 Processor [413fc082] revision 2 (ARMv7), cr=10c53c7d
Jan 24 11:54:06 vader-rover kernel: [    0.000000] CPU: PIPT / VIPT nonaliasing data cache, VIPT aliasing instruction cache
Jan 24 11:54:06 vader-rover kernel: [    0.000000] Machine: Gumstix Overo
Jan 24 11:54:06 vader-rover kernel: [    0.000000] Reserving 12582912 bytes SDRAM for VRAM
Jan 24 11:54:06 vader-rover kernel: [    0.000000] Memory policy: ECC disabled, Data cache writeback
Jan 24 11:54:06 vader-rover kernel: [    0.000000] On node 0 totalpages: 127744
Jan 24 11:54:06 vader-rover kernel: [    0.000000] free_area_init_node: node 0, pgdat c070b85c, node_mem_map c07a7000
Jan 24 11:54:06 vader-rover kernel: [    0.000000]   Normal zone: 1024 pages used for memmap
Jan 24 11:54:06 vader-rover kernel: [    0.000000]   Normal zone: 0 pages reserved
Jan 24 11:54:06 vader-rover kernel: [    0.000000]   Normal zone: 126720 pages, LIFO batch:31
Jan 24 11:54:06 vader-rover kernel: [    0.000000] OMAP3630 ES1.2 (l2cache iva sgx neon isp 192mhz_clk )
Jan 24 11:54:06 vader-rover kernel: [    0.000000] Clocking rate (Crystal/Core/MPU): 26.0/400/600 MHz
Jan 24 11:54:06 vader-rover kernel: [    0.000000] pcpu-alloc: s0 r0 d32768 u32768 alloc=1*32768
Jan 24 11:54:06 vader-rover kernel: [    0.000000] pcpu-alloc: [0] 0 
Jan 24 11:54:06 vader-rover kernel: [    0.000000] Built 1 zonelists in Zone order, mobility grouping on.  Total pages: 126720
Jan 24 11:54:06 vader-rover kernel: [    0.000000] Kernel command line: console=tty0 console=ttyO2,115200n8 root=/dev/mmcblk0p2 rootwait ro earlyprintk mpurate=500 vram=12M omapdss.def_disp=dvi omapfb.mode=dvi:1024x768MR-16@60
Jan 24 11:54:06 vader-rover kernel: [    0.000000] PID hash table entries: 2048 (order: 1, 8192 bytes)
Jan 24 11:54:06 vader-rover kernel: [    0.000000] Dentry cache hash table entries: 65536 (order: 6, 262144 bytes)
Jan 24 11:54:06 vader-rover kernel: [    0.000000] Inode-cache hash table entries: 32768 (order: 5, 131072 bytes)
Jan 24 11:54:06 vader-rover kernel: [    0.000000] allocated 1048576 bytes of page_cgroup
Jan 24 11:54:06 vader-rover kernel: [    0.000000] please try 'cgroup_disable=memory' option if you don't want memory cgroups
Jan 24 11:54:06 vader-rover kernel: [    0.000000] Memory: 499MB = 499MB total
Jan 24 11:54:06 vader-rover kernel: [    0.000000] Memory: 495744k/495744k available, 28544k reserved, 0K highmem
Jan 24 11:54:06 vader-rover kernel: [    0.000000] Virtual kernel memory layout:
Jan 24 11:54:06 vader-rover kernel: [    0.000000]     vector  : 0xffff0000 - 0xffff1000   (   4 kB)
Jan 24 11:54:06 vader-rover kernel: [    0.000000]     fixmap  : 0xfff00000 - 0xfffe0000   ( 896 kB)
Jan 24 11:54:06 vader-rover kernel: [    0.000000]     vmalloc : 0xe0800000 - 0xff000000   ( 488 MB)
Jan 24 11:54:06 vader-rover kernel: [    0.000000]     lowmem  : 0xc0000000 - 0xe0000000   ( 512 MB)
Jan 24 11:54:06 vader-rover kernel: [    0.000000]     pkmap   : 0xbfe00000 - 0xc0000000   (   2 MB)
Jan 24 11:54:06 vader-rover kernel: [    0.000000]     modules : 0xbf000000 - 0xbfe00000   (  14 MB)
Jan 24 11:54:06 vader-rover kernel: [    0.000000]       .text : 0xc0008000 - 0xc067abfc   (6603 kB)
Jan 24 11:54:06 vader-rover kernel: [    0.000000]       .init : 0xc067b000 - 0xc06b2000   ( 220 kB)
Jan 24 11:54:06 vader-rover kernel: [    0.000000]       .data : 0xc06b2000 - 0xc071b268   ( 421 kB)
Jan 24 11:54:06 vader-rover kernel: [    0.000000]        .bss : 0xc071b28c - 0xc07a6020   ( 556 kB)
Jan 24 11:54:06 vader-rover kernel: [    0.000000] NR_IRQS:474
Jan 24 11:54:06 vader-rover kernel: [    0.000000] IRQ: Found an INTC at 0xfa200000 (revision 4.0) with 96 interrupts
Jan 24 11:54:06 vader-rover kernel: [    0.000000] Total of 96 interrupts on 1 active controller
Jan 24 11:54:06 vader-rover kernel: [    0.000000] OMAP clockevent source: GPTIMER1 at 32768 Hz
Jan 24 11:54:06 vader-rover kernel: [    0.000000] sched_clock: 32 bits at 32kHz, resolution 30517ns, wraps every 131071999ms
Jan 24 11:54:06 vader-rover kernel: [    0.000000] OMAP clocksource: 32k_counter at 32768 Hz
Jan 24 11:54:06 vader-rover kernel: [    0.000000] Console: colour dummy device 80x30
Jan 24 11:54:06 vader-rover kernel: [    0.000000] console [tty0] enabled
Jan 24 11:54:06 vader-rover kernel: [    0.000976] Calibrating delay loop... 597.64 BogoMIPS (lpj=2334720)
Jan 24 11:54:06 vader-rover kernel: [    0.039093] pid_max: default: 32768 minimum: 301
Jan 24 11:54:06 vader-rover kernel: [    0.039276] Security Framework initialized
Jan 24 11:54:06 vader-rover kernel: [    0.039398] Mount-cache hash table entries: 512
Jan 24 11:54:06 vader-rover kernel: [    0.040191] Initializing cgroup subsys debug
Jan 24 11:54:06 vader-rover kernel: [    0.040222] Initializing cgroup subsys cpuacct
Jan 24 11:54:06 vader-rover kernel: [    0.040252] Initializing cgroup subsys memory
Jan 24 11:54:06 vader-rover kernel: [    0.040313] Initializing cgroup subsys devices
Jan 24 11:54:06 vader-rover kernel: [    0.040344] Initializing cgroup subsys freezer
Jan 24 11:54:06 vader-rover kernel: [    0.040374] Initializing cgroup subsys perf_event
Jan 24 11:54:06 vader-rover kernel: [    0.040496] CPU: Testing write buffer coherency: ok
Jan 24 11:54:06 vader-rover kernel: [    0.040802] Setting up static identity map for 0x8046ea98 - 0x8046eaf0
Jan 24 11:54:06 vader-rover kernel: [    0.045806] devtmpfs: initialized
Jan 24 11:54:06 vader-rover kernel: [    0.050506] dummy: 
Jan 24 11:54:06 vader-rover kernel: [    0.050903] NET: Registered protocol family 16
Jan 24 11:54:06 vader-rover kernel: [    0.051330] GPMC revision 5.0
Jan 24 11:54:06 vader-rover kernel: [    0.051391] gpmc: irq-20 could not claim: err -22
Jan 24 11:54:06 vader-rover kernel: [    0.053649] gpiochip_add: registered GPIOs 0 to 31 on device: gpio
Jan 24 11:54:06 vader-rover kernel: [    0.053741] OMAP GPIO hardware version 2.5
Jan 24 11:54:06 vader-rover kernel: [    0.053985] gpiochip_add: registered GPIOs 32 to 63 on device: gpio
Jan 24 11:54:06 vader-rover kernel: [    0.054260] gpiochip_add: registered GPIOs 64 to 95 on device: gpio
Jan 24 11:54:06 vader-rover kernel: [    0.054534] gpiochip_add: registered GPIOs 96 to 127 on device: gpio
Jan 24 11:54:06 vader-rover kernel: [    0.054931] gpiochip_add: registered GPIOs 128 to 159 on device: gpio
Jan 24 11:54:06 vader-rover kernel: [    0.055236] gpiochip_add: registered GPIOs 160 to 191 on device: gpio
Jan 24 11:54:06 vader-rover kernel: [    0.056152] omap_mux_init: Add partition: #1: core, flags: 0
Jan 24 11:54:06 vader-rover kernel: [    0.061096] _omap_mux_get_by_name: Could not find signal uart4_rx.uart4_rx
Jan 24 11:54:06 vader-rover kernel: [    0.066955] Reprogramming SDRC clock to 400000000 Hz
Jan 24 11:54:06 vader-rover kernel: [    0.067016] dpll3_m2_clk rate change failed: -22
Jan 24 11:54:06 vader-rover kernel: [    0.067016] Found NAND on CS0
Jan 24 11:54:06 vader-rover kernel: [    0.067047] Registering NAND on CS0
Jan 24 11:54:06 vader-rover kernel: [    0.068237]  usbhs_omap: alias fck already exists
Jan 24 11:54:06 vader-rover kernel: [    0.075744] hw-breakpoint: debug architecture 0x4 unsupported.
Jan 24 11:54:06 vader-rover kernel: [    0.078796]  omap-mcbsp.2: alias fck already exists
Jan 24 11:54:06 vader-rover kernel: [    0.079040]  omap-mcbsp.3: alias fck already exists
Jan 24 11:54:06 vader-rover kernel: [    0.080108] Switched to new clocking rate (Crystal/Core/MPU): 26.0/400/500 MHz
Jan 24 11:54:06 vader-rover kernel: [    0.080352] OMAP DMA hardware revision 5.0
Jan 24 11:54:06 vader-rover kernel: [    0.090087] bio: create slab <bio-0> at 0
Jan 24 11:54:06 vader-rover kernel: [    0.090942] fixed-dummy: 
Jan 24 11:54:06 vader-rover kernel: [    0.091094] reg-fixed-voltage reg-fixed-voltage.0: fixed-dummy supplying 0uV
Jan 24 11:54:06 vader-rover kernel: [    0.091308] vads7846: override min_uV, 1 -> 3300000
Jan 24 11:54:06 vader-rover kernel: [    0.091339] vads7846: override max_uV, 2147483647 -> 3300000
Jan 24 11:54:06 vader-rover kernel: [    0.091369] vads7846: 3300 mV 
Jan 24 11:54:06 vader-rover kernel: [    0.091491] reg-fixed-voltage reg-fixed-voltage.1: vads7846 supplying 3300000uV
Jan 24 11:54:06 vader-rover kernel: [    0.092315] SCSI subsystem initialized
Jan 24 11:54:06 vader-rover kernel: [    0.092712] usbcore: registered new interface driver usbfs
Jan 24 11:54:06 vader-rover kernel: [    0.092895] usbcore: registered new interface driver hub
Jan 24 11:54:06 vader-rover kernel: [    0.093200] usbcore: registered new device driver usb
Jan 24 11:54:06 vader-rover kernel: [    0.093719] omap_i2c omap_i2c.1: bus 1 rev1.4.0 at 2600 kHz
Jan 24 11:54:06 vader-rover kernel: [    0.096801] twl 1-0048: PIH (irq 7) chaining IRQs 320..328
Jan 24 11:54:06 vader-rover kernel: [    0.096984] twl 1-0048: power (irq 325) chaining IRQs 328..335
Jan 24 11:54:06 vader-rover kernel: [    0.097717] twl4030_gpio twl4030_gpio: gpio (irq 320) chaining IRQs 336..353
Jan 24 11:54:06 vader-rover kernel: [    0.098114] gpiochip_add: registered GPIOs 192 to 211 on device: twl4030
Jan 24 11:54:06 vader-rover kernel: [    0.099060] VUSB1V5: override min_uV, 1 -> 1500000
Jan 24 11:54:06 vader-rover kernel: [    0.099060] VUSB1V5: override max_uV, 2147483647 -> 1500000
Jan 24 11:54:06 vader-rover kernel: [    0.099090] VUSB1V5: 1500 mV normal standby
Jan 24 11:54:06 vader-rover kernel: [    0.099670] VUSB1V8: override min_uV, 1 -> 1800000
Jan 24 11:54:06 vader-rover kernel: [    0.099700] VUSB1V8: override max_uV, 2147483647 -> 1800000
Jan 24 11:54:06 vader-rover kernel: [    0.099731] VUSB1V8: 1800 mV normal standby
Jan 24 11:54:06 vader-rover kernel: [    0.100250] VUSB3V1: override min_uV, 1 -> 3100000
Jan 24 11:54:06 vader-rover kernel: [    0.100280] VUSB3V1: override max_uV, 2147483647 -> 3100000
Jan 24 11:54:06 vader-rover kernel: [    0.100280] VUSB3V1: 3100 mV normal standby
Jan 24 11:54:06 vader-rover kernel: [    0.102050] twl4030_usb twl4030_usb: HW_CONDITIONS 0x10/16; link 0
Jan 24 11:54:06 vader-rover kernel: [    0.102325] twl4030_usb twl4030_usb: Initialized TWL4030 USB module
Jan 24 11:54:06 vader-rover kernel: [    0.102996] vdd_mpu_iva: 600 <--> 1450 mV normal 
Jan 24 11:54:06 vader-rover kernel: [    0.103546] vdd_core: 600 <--> 1450 mV normal 
Jan 24 11:54:06 vader-rover kernel: [    0.104187] VMMC1: 1850 <--> 3150 mV at 3150 mV normal standby
Jan 24 11:54:06 vader-rover kernel: [    0.104858] VDAC: 1800 mV normal standby
Jan 24 11:54:06 vader-rover kernel: [    0.105529] VDVI: 1800 mV normal standby
Jan 24 11:54:06 vader-rover kernel: [    0.117279] omap_i2c omap_i2c.3: bus 3 rev1.4.0 at 400 kHz
Jan 24 11:54:06 vader-rover kernel: [    0.118255] omap-iommu omap-iommu.0: isp registered
Jan 24 11:54:06 vader-rover kernel: [    0.118499] Advanced Linux Sound Architecture Driver Version 1.0.25.
Jan 24 11:54:06 vader-rover kernel: [    0.119598] Switching to clocksource 32k_counter
Jan 24 11:54:06 vader-rover kernel: [    0.153045] usbhs_omap usbhs_omap: xclk60mhsp2_ck set parentfailed error:-22
Jan 24 11:54:06 vader-rover kernel: [    0.153961] NET: Registered protocol family 2
Jan 24 11:54:06 vader-rover kernel: [    0.154357] IP route cache hash table entries: 4096 (order: 2, 16384 bytes)
Jan 24 11:54:06 vader-rover kernel: [    0.155059] TCP established hash table entries: 16384 (order: 5, 131072 bytes)
Jan 24 11:54:06 vader-rover kernel: [    0.155517] TCP bind hash table entries: 16384 (order: 4, 65536 bytes)
Jan 24 11:54:06 vader-rover kernel: [    0.155761] TCP: Hash tables configured (established 16384 bind 16384)
Jan 24 11:54:06 vader-rover kernel: [    0.155822] TCP: reno registered
Jan 24 11:54:06 vader-rover kernel: [    0.155853] UDP hash table entries: 256 (order: 0, 4096 bytes)
Jan 24 11:54:06 vader-rover kernel: [    0.155914] UDP-Lite hash table entries: 256 (order: 0, 4096 bytes)
Jan 24 11:54:06 vader-rover kernel: [    0.156311] NET: Registered protocol family 1
Jan 24 11:54:06 vader-rover kernel: [    0.156951] RPC: Registered named UNIX socket transport module.
Jan 24 11:54:06 vader-rover kernel: [    0.156982] RPC: Registered udp transport module.
Jan 24 11:54:06 vader-rover kernel: [    0.157012] RPC: Registered tcp transport module.
Jan 24 11:54:06 vader-rover kernel: [    0.157043] RPC: Registered tcp NFSv4.1 backchannel transport module.
Jan 24 11:54:06 vader-rover kernel: [    0.157379] Trying to unpack rootfs image as initramfs...
Jan 24 11:54:06 vader-rover kernel: [    0.367004] Freeing initrd memory: 1828K
Jan 24 11:54:06 vader-rover kernel: [    0.369964] audit: initializing netlink socket (disabled)
Jan 24 11:54:06 vader-rover kernel: [    0.370086] type=2000 audit(0.367:1): initialized
Jan 24 11:54:06 vader-rover kernel: [    0.371765] VFS: Disk quotas dquot_6.5.2
Jan 24 11:54:06 vader-rover kernel: [    0.371887] Dquot-cache hash table entries: 1024 (order 0, 4096 bytes)
Jan 24 11:54:06 vader-rover kernel: [    0.372406] NFS: Registering the id_resolver key type
Jan 24 11:54:06 vader-rover kernel: [    0.372528] Key type id_resolver registered
Jan 24 11:54:06 vader-rover kernel: [    0.373077] jffs2: version 2.2. (NAND) (SUMMARY)  Â© 2001-2006 Red Hat, Inc.
Jan 24 11:54:06 vader-rover kernel: [    0.373962] fuse init (API version 7.19)
Jan 24 11:54:06 vader-rover kernel: [    0.374633] msgmni has been set to 971
Jan 24 11:54:06 vader-rover kernel: [    0.376831] Block layer SCSI generic (bsg) driver version 0.4 loaded (major 253)
Jan 24 11:54:06 vader-rover kernel: [    0.376892] io scheduler noop registered
Jan 24 11:54:06 vader-rover kernel: [    0.376922] io scheduler deadline registered (default)
Jan 24 11:54:06 vader-rover kernel: [    0.378051] OMAP DSS rev 2.0
Jan 24 11:54:06 vader-rover kernel: [    0.381896] omap_uart.0: ttyO0 at MMIO 0x4806a000 (irq = 72) is a OMAP UART0
Jan 24 11:54:06 vader-rover kernel: [    0.382537] omap_uart.1: ttyO1 at MMIO 0x4806c000 (irq = 73) is a OMAP UART1
Jan 24 11:54:06 vader-rover kernel: [    0.383117] omap_uart.2: ttyO2 at MMIO 0x49020000 (irq = 74) is a OMAP UART2
Jan 24 11:54:06 vader-rover kernel: [    1.086883] console [ttyO2] enabled
Jan 24 11:54:06 vader-rover kernel: [    1.091156] omap_uart.3: ttyO3 at MMIO 0x49042000 (irq = 80) is a OMAP UART3
Jan 24 11:54:06 vader-rover kernel: [    1.109130] brd: module loaded
Jan 24 11:54:06 vader-rover kernel: [    1.117767] loop: module loaded
Jan 24 11:54:06 vader-rover kernel: [    1.123352] twl4030_madc twl4030_madc: clk disabled, enabling
Jan 24 11:54:06 vader-rover kernel: [    1.131805] NAND device: Manufacturer ID: 0x2c, Chip ID: 0xbc (Micron NAND 512MiB 1,8V 16-bit), page size: 2048, OOB size: 64
Jan 24 11:54:06 vader-rover kernel: [    1.160644] Creating 5 MTD partitions on "omap2-nand.0":
Jan 24 11:54:06 vader-rover kernel: [    1.166290] 0x000000000000-0x000000080000 : "xloader"
Jan 24 11:54:06 vader-rover kernel: [    1.173736] 0x000000080000-0x000000240000 : "uboot"
Jan 24 11:54:06 vader-rover kernel: [    1.182006] 0x000000240000-0x000000280000 : "uboot environment"
Jan 24 11:54:06 vader-rover kernel: [    1.189880] 0x000000280000-0x000000680000 : "linux"
Jan 24 11:54:06 vader-rover kernel: [    1.200378] 0x000000680000-0x000020000000 : "rootfs"
Jan 24 11:54:06 vader-rover kernel: [    1.711853] smsc911x: Driver version 2008-10-21
Jan 24 11:54:06 vader-rover kernel: [    1.717224] smsc911x: Driver version 2008-10-21
Jan 24 11:54:06 vader-rover kernel: [    1.722595] usbcore: registered new interface driver asix
Jan 24 11:54:06 vader-rover kernel: [    1.728393] usbcore: registered new interface driver cdc_ether
Jan 24 11:54:06 vader-rover kernel: [    1.734710] usbcore: registered new interface driver cdc_ncm
Jan 24 11:54:06 vader-rover kernel: [    1.741149] ehci_hcd: USB 2.0 'Enhanced' Host Controller (EHCI) Driver
Jan 24 11:54:06 vader-rover kernel: [    1.748077] ehci_hcd: block sizes: qh 64 qtd 96 itd 160 sitd 96
Jan 24 11:54:06 vader-rover kernel: [    1.748291] ehci-omap ehci-omap.0: failed to get ehci port1 regulator
Jan 24 11:54:06 vader-rover kernel: [    2.752624] ehci-omap ehci-omap.0: phy reset operation timed out
Jan 24 11:54:06 vader-rover kernel: [    2.752655] ehci-omap ehci-omap.0: reset hcs_params 0x1313 dbg=0 cc=1 pcc=3 ordered ports=3
Jan 24 11:54:06 vader-rover kernel: [    2.752685] ehci-omap ehci-omap.0: reset hcc_params 0016 thresh 1 uframes 256/512/1024 park
Jan 24 11:54:06 vader-rover kernel: [    2.752716] ehci-omap ehci-omap.0: reset command 0080b02  park=3 ithresh=8 period=1024 Reset HALT
Jan 24 11:54:06 vader-rover kernel: [    2.752746] ehci-omap ehci-omap.0: OMAP-EHCI Host Controller
Jan 24 11:54:06 vader-rover kernel: [    2.759124] ehci-omap ehci-omap.0: new USB bus registered, assigned bus number 1
Jan 24 11:54:06 vader-rover kernel: [    2.767089] ehci-omap ehci-omap.0: park 0
Jan 24 11:54:06 vader-rover kernel: [    2.767150] ehci-omap ehci-omap.0: irq 77, io mem 0x48064800
Jan 24 11:54:06 vader-rover kernel: [    2.773162] ehci-omap ehci-omap.0: init command 0010005 (park)=0 ithresh=1 period=512 RUN
Jan 24 11:54:06 vader-rover kernel: [    2.783905] ehci-omap ehci-omap.0: USB 2.0 started, EHCI 1.00
Jan 24 11:54:06 vader-rover kernel: [    2.790161] usb usb1: default language 0x0409
Jan 24 11:54:06 vader-rover kernel: [    2.790222] usb usb1: udev 1, busnum 1, minor = 0
Jan 24 11:54:06 vader-rover kernel: [    2.790222] usb usb1: New USB device found, idVendor=1d6b, idProduct=0002
Jan 24 11:54:06 vader-rover kernel: [    2.797454] usb usb1: New USB device strings: Mfr=3, Product=2, SerialNumber=1
Jan 24 11:54:06 vader-rover kernel: [    2.805114] usb usb1: Product: OMAP-EHCI Host Controller
Jan 24 11:54:06 vader-rover kernel: [    2.810729] usb usb1: Manufacturer: Linux 3.5.0-2-linaro-omap ehci_hcd
Jan 24 11:54:06 vader-rover kernel: [    2.817657] usb usb1: SerialNumber: ehci-omap.0
Jan 24 11:54:06 vader-rover kernel: [    2.823150] usb usb1: usb_probe_device
Jan 24 11:54:06 vader-rover kernel: [    2.823181] usb usb1: configuration #1 chosen from 1 choice
Jan 24 11:54:06 vader-rover kernel: [    2.823242] usb usb1: adding 1-0:1.0 (config #1, interface 0)
Jan 24 11:54:06 vader-rover kernel: [    2.823425] hub 1-0:1.0: usb_probe_interface
Jan 24 11:54:06 vader-rover kernel: [    2.823455] hub 1-0:1.0: usb_probe_interface - got id
Jan 24 11:54:06 vader-rover kernel: [    2.823486] hub 1-0:1.0: USB hub found
Jan 24 11:54:06 vader-rover kernel: [    2.827484] hub 1-0:1.0: 3 ports detected
Jan 24 11:54:06 vader-rover kernel: [    2.831756] hub 1-0:1.0: standalone hub
Jan 24 11:54:06 vader-rover kernel: [    2.831787] hub 1-0:1.0: individual port power switching
Jan 24 11:54:06 vader-rover kernel: [    2.831787] hub 1-0:1.0: individual port over-current protection
Jan 24 11:54:06 vader-rover kernel: [    2.831817] hub 1-0:1.0: power on to power good time: 20ms
Jan 24 11:54:06 vader-rover kernel: [    2.831848] hub 1-0:1.0: local power source is good
Jan 24 11:54:06 vader-rover kernel: [    2.831848] hub 1-0:1.0: enabling power on all ports
Jan 24 11:54:06 vader-rover kernel: [    2.832244] ehci-omap ehci-omap.0: ...powerup ports...
Jan 24 11:54:06 vader-rover kernel: [    2.862243] Initializing USB Mass Storage driver...
Jan 24 11:54:06 vader-rover kernel: [    2.867584] usbcore: registered new interface driver usb-storage
Jan 24 11:54:06 vader-rover kernel: [    2.873962] USB Mass Storage support registered.
Jan 24 11:54:06 vader-rover kernel: [    2.878875] musb-hdrc: version 6.0, ?dma?, otg (peripheral+host)
Jan 24 11:54:06 vader-rover kernel: [    2.891876] twl4030_usb twl4030_usb: twl4030_phy_resume
Jan 24 11:54:06 vader-rover kernel: [    2.892150] musb-hdrc: ConfigData=0xde (UTMI-8, dyn FIFOs, bulk combine, bulk split, HB-ISO Rx, HB-ISO Tx, SoftConn)
Jan 24 11:54:06 vader-rover kernel: [    2.892181] musb-hdrc: MHDRC RTL version 1.800 
Jan 24 11:54:06 vader-rover kernel: [    2.892181] musb-hdrc: setup fifo_mode 4
Jan 24 11:54:06 vader-rover kernel: [    2.892211] musb-hdrc: 28/31 max ep, 16384/16384 memory
Jan 24 11:54:06 vader-rover kernel: [    2.892791] musb-hdrc musb-hdrc: USB OTG mode controller at fa0ab000 using DMA, IRQ 92
Jan 24 11:54:06 vader-rover kernel: [    2.903350] twl4030_usb twl4030_usb: twl4030_phy_suspend
Jan 24 11:54:06 vader-rover kernel: [    2.904022] mousedev: PS/2 mouse device common for all mice
Jan 24 11:54:06 vader-rover kernel: [    2.910827] twl_rtc twl_rtc: Enabling TWL-RTC
Jan 24 11:54:06 vader-rover kernel: [    2.918426] twl_rtc twl_rtc: rtc core: registered twl_rtc as rtc0
Jan 24 11:54:06 vader-rover kernel: [    2.925628] i2c /dev entries driver
Jan 24 11:54:06 vader-rover kernel: [    2.931152] voltdm_scale: No voltage scale API registered for vdd_mpu_iva
Jan 24 11:54:06 vader-rover kernel: [    2.938507] ehci-omap ehci-omap.0: GetStatus port:2 status 001803 0  ACK POWER sig=j CSC CONNECT
Jan 24 11:54:06 vader-rover kernel: [    2.938537] hub 1-0:1.0: port 2: status 0501 change 0001
Jan 24 11:54:06 vader-rover kernel: [    2.938598] platform mpu.0: omap_target: unable to scale voltage up.
Jan 24 11:54:06 vader-rover kernel: [    2.945373] cpuidle: using governor ladder
Jan 24 11:54:06 vader-rover kernel: [    2.949737] cpuidle: using governor menu
Jan 24 11:54:06 vader-rover kernel: [    2.954467] omap_hsmmc omap_hsmmc.0: Failed to get debounce clk
Jan 24 11:54:06 vader-rover kernel: [    3.033935] hub 1-0:1.0: state 7 ports 3 chg 0004 evt 0000
Jan 24 11:54:06 vader-rover kernel: [    3.033996] hub 1-0:1.0: port 2, status 0501, change 0000, 480 Mb/s
Jan 24 11:54:06 vader-rover kernel: [    3.096466] ehci-omap ehci-omap.0: port 2 reset complete, port enabled
Jan 24 11:54:06 vader-rover kernel: [    3.096496] ehci-omap ehci-omap.0: GetStatus port:2 status 001005 0  ACK POWER sig=se0 PE CONNECT
Jan 24 11:54:06 vader-rover kernel: [    3.158905] usb 1-2: new high-speed USB device number 2 using ehci-omap
Jan 24 11:54:06 vader-rover kernel: [    3.221435] ehci-omap ehci-omap.0: port 2 reset complete, port enabled
Jan 24 11:54:06 vader-rover kernel: [    3.221496] ehci-omap ehci-omap.0: GetStatus port:2 status 001005 0  ACK POWER sig=se0 PE CONNECT
Jan 24 11:54:06 vader-rover kernel: [    3.315582] usb 1-2: udev 2, busnum 1, minor = 1
Jan 24 11:54:06 vader-rover kernel: [    3.315612] usb 1-2: New USB device found, idVendor=0409, idProduct=005a
Jan 24 11:54:06 vader-rover kernel: [    3.322692] usb 1-2: New USB device strings: Mfr=0, Product=0, SerialNumber=0
Jan 24 11:54:06 vader-rover kernel: [    3.331329] omap_hsmmc omap_hsmmc.1: Failed to get debounce clk
Jan 24 11:54:06 vader-rover kernel: [    3.338012] usb 1-2: usb_probe_device
Jan 24 11:54:06 vader-rover kernel: [    3.338043] usb 1-2: configuration #1 chosen from 1 choice
Jan 24 11:54:06 vader-rover kernel: [    3.338378] usb 1-2: adding 1-2:1.0 (config #1, interface 0)
Jan 24 11:54:06 vader-rover kernel: [    3.339874] hub 1-2:1.0: usb_probe_interface
Jan 24 11:54:06 vader-rover kernel: [    3.339904] hub 1-2:1.0: usb_probe_interface - got id
Jan 24 11:54:06 vader-rover kernel: [    3.339935] hub 1-2:1.0: USB hub found
Jan 24 11:54:06 vader-rover kernel: [    3.346557] hub 1-2:1.0: 4 ports detected
Jan 24 11:54:06 vader-rover kernel: [    3.350860] hub 1-2:1.0: standalone hub
Jan 24 11:54:06 vader-rover kernel: [    3.350860] hub 1-2:1.0: individual port power switching
Jan 24 11:54:06 vader-rover kernel: [    3.350891] hub 1-2:1.0: individual port over-current protection
Jan 24 11:54:06 vader-rover kernel: [    3.350891] hub 1-2:1.0: Single TT
Jan 24 11:54:06 vader-rover kernel: [    3.350921] hub 1-2:1.0: TT requires at most 16 FS bit times (1332 ns)
Jan 24 11:54:06 vader-rover kernel: [    3.350952] hub 1-2:1.0: power on to power good time: 100ms
Jan 24 11:54:06 vader-rover kernel: [    3.351226] hub 1-2:1.0: local power source is good
Jan 24 11:54:06 vader-rover kernel: [    3.351226] hub 1-2:1.0: enabling power on all ports
Jan 24 11:54:06 vader-rover kernel: [    3.378234] Registered led device: overo:red:gpio21
Jan 24 11:54:06 vader-rover kernel: [    3.378417] Registered led device: overo:blue:gpio22
Jan 24 11:54:06 vader-rover kernel: [    3.379272] Registered led device: overo:blue:COM
Jan 24 11:54:06 vader-rover kernel: [    3.381256] usbcore: registered new interface driver usbhid
Jan 24 11:54:06 vader-rover kernel: [    3.387237] usbhid: USB HID core driver
Jan 24 11:54:06 vader-rover kernel: [    3.392028] usbcore: registered new interface driver snd-usb-audio
Jan 24 11:54:06 vader-rover kernel: [    3.400115] overo SoC init
Jan 24 11:54:06 vader-rover kernel: [    3.403259] soc-audio soc-audio: ASoC machine overo should use snd_soc_register_card()
Jan 24 11:54:06 vader-rover kernel: [    3.448242] hub 1-2:1.0: port 1: status 0101 change 0001
Jan 24 11:54:06 vader-rover kernel: [    3.448699] hub 1-2:1.0: port 3: status 0101 change 0001
Jan 24 11:54:06 vader-rover kernel: [    3.448944] hub 1-2:1.0: port 4: status 0101 change 0001
Jan 24 11:54:06 vader-rover kernel: [    3.493713] twl4030-codec twl4030-codec: ASoC: Failed to create Capture debugfs file
Jan 24 11:54:06 vader-rover kernel: [    3.506378] asoc: twl4030-hifi <-> omap-mcbsp.2 mapping ok
Jan 24 11:54:06 vader-rover kernel: [    3.517456] oprofile: hardware counters not available
Jan 24 11:54:06 vader-rover kernel: [    3.522888] oprofile: using timer interrupt.
Jan 24 11:54:06 vader-rover kernel: [    3.528503] TCP: cubic registered
Jan 24 11:54:06 vader-rover kernel: [    3.532012] NET: Registered protocol family 17
Jan 24 11:54:06 vader-rover kernel: [    3.536804] NET: Registered protocol family 15
Jan 24 11:54:06 vader-rover kernel: [    3.541717] Key type dns_resolver registered
Jan 24 11:54:06 vader-rover kernel: [    3.549652] usb 1-2: link qh256-0001/de6c6b00 start 1 [1/0 us]
Jan 24 11:54:06 vader-rover kernel: [    3.549743] hub 1-2:1.0: state 7 ports 4 chg 001a evt 0000
Jan 24 11:54:06 vader-rover kernel: [    3.546478] VFP support v0.3: implementor 41 architecture 3 part 30 variant c rev 3
Jan 24 11:54:06 vader-rover kernel: [    3.555114] hub 1-2:1.0: port 1, status 0101, change 0000, 12 Mb/s
Jan 24 11:54:06 vader-rover kernel: [    3.561279] ThumbEE CPU extension supported.
Jan 24 11:54:06 vader-rover kernel: [    3.565917] sr_init: No PMIC hook to init smartreflex
Jan 24 11:54:06 vader-rover kernel: [    3.571472] smartreflex smartreflex.0: omap_sr_probe: SmartReflex driver initialized
Jan 24 11:54:06 vader-rover kernel: [    3.580688] smartreflex smartreflex.1: omap_sr_probe: SmartReflex driver initialized
Jan 24 11:54:06 vader-rover kernel: [    3.598236] clock: disabling unused clocks to save power
Jan 24 11:54:06 vader-rover kernel: [    3.605041] registered taskstats version 1
Jan 24 11:54:06 vader-rover kernel: [    3.610290] fbcvt: 1024x768@60: CVT Name - .786M3-R
Jan 24 11:54:06 vader-rover kernel: [    3.635711] usb 1-2.1: new full-speed USB device number 3 using ehci-omap
Jan 24 11:54:06 vader-rover kernel: [    3.637115] Console: switching to colour frame buffer device 128x48
Jan 24 11:54:06 vader-rover kernel: [    3.667846] VDAC: incomplete constraints, leaving on
Jan 24 11:54:06 vader-rover kernel: [    3.675567] twl_rtc twl_rtc: setting system clock to 2014-01-24 16:53:52 UTC (1390582432)
Jan 24 11:54:06 vader-rover kernel: [    3.684539] ALSA device list:
Jan 24 11:54:06 vader-rover kernel: [    3.687774]   #0: overo
Jan 24 11:54:06 vader-rover kernel: [    3.692108] Freeing init memory: 220K
Jan 24 11:54:06 vader-rover kernel: [    3.706420] mmc0: host does not support reading read-only switch. assuming write-enable.
Jan 24 11:54:06 vader-rover kernel: [    3.724426] mmc0: new high speed SDXC card at address e624
Jan 24 11:54:06 vader-rover kernel: [    3.742736] mmcblk0: mmc0:e624 SU64G 59.4 GiB 
Jan 24 11:54:06 vader-rover kernel: [    3.753723] usb 1-2.1: default language 0x0409
Jan 24 11:54:06 vader-rover kernel: [    3.754211] usb 1-2.1: udev 3, busnum 1, minor = 2
Jan 24 11:54:06 vader-rover kernel: [    3.754241] usb 1-2.1: New USB device found, idVendor=067b, idProduct=2303
Jan 24 11:54:06 vader-rover kernel: [    3.763305]  mmcblk0: p1 p2
Jan 24 11:54:06 vader-rover kernel: [    3.773406] usb 1-2.1: New USB device strings: Mfr=1, Product=2, SerialNumber=0
Jan 24 11:54:06 vader-rover kernel: [    3.795166] usb 1-2.1: Product: USB-Serial Controller D
Jan 24 11:54:06 vader-rover kernel: [    3.807495] usb 1-2.1: Manufacturer: Prolific Technology Inc. 
Jan 24 11:54:06 vader-rover kernel: [    3.821807] usb 1-2.1: usb_probe_device
Jan 24 11:54:06 vader-rover kernel: [    3.821838] usb 1-2.1: configuration #1 chosen from 1 choice
Jan 24 11:54:06 vader-rover kernel: [    3.822235] usb 1-2.1: adding 1-2.1:1.0 (config #1, interface 0)
Jan 24 11:54:06 vader-rover kernel: [    3.825042] mmc1: new SDIO card at address 0001
Jan 24 11:54:06 vader-rover kernel: [    3.830444] hub 1-2:1.0: port 3, status 0101, change 0000, 12 Mb/s
Jan 24 11:54:06 vader-rover kernel: [    3.917114] usb 1-2.3: new high-speed USB device number 4 using ehci-omap
Jan 24 11:54:06 vader-rover kernel: [    4.054901] usb 1-2.3: default language 0x0409
Jan 24 11:54:06 vader-rover kernel: [    4.063659] usb 1-2.3: udev 4, busnum 1, minor = 3
Jan 24 11:54:06 vader-rover kernel: [    4.063690] usb 1-2.3: New USB device found, idVendor=1e10, idProduct=2004
Jan 24 11:54:06 vader-rover kernel: [    4.120025] usb 1-2.3: New USB device strings: Mfr=1, Product=2, SerialNumber=3
Jan 24 11:54:06 vader-rover kernel: [    4.175323] usb 1-2.3: Product: USB 2.0 Digital Imaging Camera
Jan 24 11:54:06 vader-rover kernel: [    4.229278] usb 1-2.3: Manufacturer: Point Grey Research
Jan 24 11:54:06 vader-rover kernel: [    4.283020] usb 1-2.3: SerialNumber: 00BB1D77
Jan 24 11:54:06 vader-rover kernel: [    4.309600] usb 1-2.3: usb_probe_device
Jan 24 11:54:06 vader-rover kernel: [    4.309631] usb 1-2.3: configuration #1 chosen from 1 choice
Jan 24 11:54:06 vader-rover kernel: [    4.315246] usb 1-2.3: adding 1-2.3:1.0 (config #1, interface 0)
Jan 24 11:54:06 vader-rover kernel: [    4.319732] hub 1-2:1.0: port 4, status 0101, change 0000, 12 Mb/s
Jan 24 11:54:06 vader-rover kernel: [    4.401611] usb 1-2.4: new high-speed USB device number 5 using ehci-omap
Jan 24 11:54:06 vader-rover kernel: [    4.542327] usb 1-2.4: udev 5, busnum 1, minor = 4
Jan 24 11:54:06 vader-rover kernel: [    4.542358] usb 1-2.4: New USB device found, idVendor=0409, idProduct=005a
Jan 24 11:54:06 vader-rover kernel: [    4.573059] usb 1-2.4: New USB device strings: Mfr=0, Product=0, SerialNumber=0
Jan 24 11:54:06 vader-rover kernel: [    4.597167] usb 1-2.4: usb_probe_device
Jan 24 11:54:06 vader-rover kernel: [    4.597198] usb 1-2.4: configuration #1 chosen from 1 choice
Jan 24 11:54:06 vader-rover kernel: [    4.598663] usb 1-2.4: adding 1-2.4:1.0 (config #1, interface 0)
Jan 24 11:54:06 vader-rover kernel: [    4.598907] hub 1-2.4:1.0: usb_probe_interface
Jan 24 11:54:06 vader-rover kernel: [    4.598937] hub 1-2.4:1.0: usb_probe_interface - got id
Jan 24 11:54:06 vader-rover kernel: [    4.598968] hub 1-2.4:1.0: USB hub found
Jan 24 11:54:06 vader-rover kernel: [    4.627777] hub 1-2.4:1.0: 4 ports detected
Jan 24 11:54:06 vader-rover kernel: [    4.642761] hub 1-2.4:1.0: standalone hub
Jan 24 11:54:06 vader-rover kernel: [    4.642791] hub 1-2.4:1.0: individual port power switching
Jan 24 11:54:06 vader-rover kernel: [    4.642822] hub 1-2.4:1.0: individual port over-current protection
Jan 24 11:54:06 vader-rover kernel: [    4.642822] hub 1-2.4:1.0: Single TT
Jan 24 11:54:06 vader-rover kernel: [    4.642852] hub 1-2.4:1.0: TT requires at most 16 FS bit times (1332 ns)
Jan 24 11:54:06 vader-rover kernel: [    4.642852] hub 1-2.4:1.0: power on to power good time: 100ms
Jan 24 11:54:06 vader-rover kernel: [    4.643371] hub 1-2.4:1.0: local power source is good
Jan 24 11:54:06 vader-rover kernel: [    4.643402] hub 1-2.4:1.0: enabling power on all ports
Jan 24 11:54:06 vader-rover kernel: [    4.745452] hub 1-2.4:1.0: port 3: status 0301 change 0001
Jan 24 11:54:06 vader-rover kernel: [    4.745788] hub 1-2.4:1.0: port 4: status 0301 change 0001
Jan 24 11:54:06 vader-rover kernel: [    4.846649] usb 1-2.4: link qh256-0001/de76f500 start 2 [1/0 us]
Jan 24 11:54:06 vader-rover kernel: [    4.846740] hub 1-2.4:1.0: state 7 ports 4 chg 0018 evt 0000
Jan 24 11:54:06 vader-rover kernel: [    4.847045] hub 1-2.4:1.0: port 3, status 0301, change 0000, 1.5 Mb/s
Jan 24 11:54:06 vader-rover kernel: [    4.932830] usb 1-2.4.3: new low-speed USB device number 6 using ehci-omap
Jan 24 11:54:06 vader-rover kernel: [    5.094360] usb 1-2.4.3: skipped 1 descriptor after interface
Jan 24 11:54:06 vader-rover kernel: [    5.094390] usb 1-2.4.3: skipped 1 descriptor after interface
Jan 24 11:54:06 vader-rover kernel: [    5.095581] usb 1-2.4.3: default language 0x0409
Jan 24 11:54:06 vader-rover kernel: [    5.100830] usb 1-2.4.3: udev 6, busnum 1, minor = 5
Jan 24 11:54:06 vader-rover kernel: [    5.100860] usb 1-2.4.3: New USB device found, idVendor=04d9, idProduct=1702
Jan 24 11:54:06 vader-rover kernel: [    5.116790] EXT3-fs (mmcblk0p2): mounted filesystem with writeback data mode
Jan 24 11:54:06 vader-rover kernel: [    5.129943] kjournald starting.  Commit interval 5 seconds
Jan 24 11:54:06 vader-rover kernel: [    5.150939] usb 1-2.4.3: New USB device strings: Mfr=1, Product=2, SerialNumber=0
Jan 24 11:54:06 vader-rover kernel: [    5.195648] usb 1-2.4.3: Product: USB Keyboard
Jan 24 11:54:06 vader-rover kernel: [    5.227172] usb 1-2.4.3: Manufacturer:  
Jan 24 11:54:06 vader-rover kernel: [    5.247650] usb 1-2.4.3: usb_probe_device
Jan 24 11:54:06 vader-rover kernel: [    5.247680] usb 1-2.4.3: configuration #1 chosen from 1 choice
Jan 24 11:54:06 vader-rover kernel: [    5.248962] usb 1-2.4.3: adding 1-2.4.3:1.0 (config #1, interface 0)
Jan 24 11:54:06 vader-rover kernel: [    5.249298] usbhid 1-2.4.3:1.0: usb_probe_interface
Jan 24 11:54:06 vader-rover kernel: [    5.249328] usbhid 1-2.4.3:1.0: usb_probe_interface - got id
Jan 24 11:54:06 vader-rover kernel: [    5.260620] input:   USB Keyboard as /devices/platform/usbhs_omap/ehci-omap.0/usb1/1-2/1-2.4/1-2.4.3/1-2.4.3:1.0/input/input0
Jan 24 11:54:06 vader-rover kernel: [    5.303558] usb 1-2.4.3: link qh8-0e01/de76f200 start 3 [1/2 us]
Jan 24 11:54:06 vader-rover kernel: [    5.304290] hid-generic 0003:04D9:1702.0001: input: USB HID v1.10 Keyboard [  USB Keyboard] on usb-ehci-omap.0-2.4.3/input0
Jan 24 11:54:06 vader-rover kernel: [    5.323089] usb 1-2.4.3: adding 1-2.4.3:1.1 (config #1, interface 1)
Jan 24 11:54:06 vader-rover kernel: [    5.323364] usbhid 1-2.4.3:1.1: usb_probe_interface
Jan 24 11:54:06 vader-rover kernel: [    5.323394] usbhid 1-2.4.3:1.1: usb_probe_interface - got id
Jan 24 11:54:06 vader-rover kernel: [    5.346191] input:   USB Keyboard as /devices/platform/usbhs_omap/ehci-omap.0/usb1/1-2/1-2.4/1-2.4.3/1-2.4.3:1.1/input/input1
Jan 24 11:54:06 vader-rover kernel: [    5.367980] usb 1-2.4.3: link qh8-0e01/de76f300 start 4 [1/2 us]
Jan 24 11:54:06 vader-rover kernel: [    5.368408] hid-generic 0003:04D9:1702.0002: input: USB HID v1.10 Device [  USB Keyboard] on usb-ehci-omap.0-2.4.3/input1
Jan 24 11:54:06 vader-rover kernel: [    5.390594] hub 1-2.4:1.0: port 4, status 0301, change 0000, 1.5 Mb/s
Jan 24 11:54:06 vader-rover kernel: [    5.472045] usb 1-2.4.4: new low-speed USB device number 7 using ehci-omap
Jan 24 11:54:06 vader-rover kernel: [    5.606811] usb 1-2.4.4: skipped 1 descriptor after interface
Jan 24 11:54:06 vader-rover kernel: [    5.607482] usb 1-2.4.4: default language 0x0409
Jan 24 11:54:06 vader-rover kernel: [    5.609222] usb 1-2.4.4: udev 7, busnum 1, minor = 6
Jan 24 11:54:06 vader-rover kernel: [    5.609252] usb 1-2.4.4: New USB device found, idVendor=093a, idProduct=2510
Jan 24 11:54:06 vader-rover kernel: [    5.624542] usb 1-2.4.4: New USB device strings: Mfr=1, Product=2, SerialNumber=0
Jan 24 11:54:06 vader-rover kernel: [    5.639923] usb 1-2.4.4: Product: USB Optical Mouse
Jan 24 11:54:06 vader-rover kernel: [    5.652923] usb 1-2.4.4: Manufacturer: PixArt
Jan 24 11:54:06 vader-rover kernel: [    5.666473] usb 1-2.4.4: usb_probe_device
Jan 24 11:54:06 vader-rover kernel: [    5.666503] usb 1-2.4.4: configuration #1 chosen from 1 choice
Jan 24 11:54:06 vader-rover kernel: [    5.668273] usb 1-2.4.4: adding 1-2.4.4:1.0 (config #1, interface 0)
Jan 24 11:54:06 vader-rover kernel: [    5.669769] usbhid 1-2.4.4:1.0: usb_probe_interface
Jan 24 11:54:06 vader-rover kernel: [    5.669799] usbhid 1-2.4.4:1.0: usb_probe_interface - got id
Jan 24 11:54:06 vader-rover kernel: [    5.677246] input: PixArt USB Optical Mouse as /devices/platform/usbhs_omap/ehci-omap.0/usb1/1-2/1-2.4/1-2.4.4/1-2.4.4:1.0/input/input2
Jan 24 11:54:06 vader-rover kernel: [    5.706176] hid-generic 0003:093A:2510.0003: input: USB HID v1.11 Mouse [PixArt USB Optical Mouse] on usb-ehci-omap.0-2.4.4/input0
Jan 24 11:54:06 vader-rover kernel: [    7.286254] end_request: I/O error, dev mtdblock0, sector 0
Jan 24 11:54:06 vader-rover kernel: [    7.298767] Buffer I/O error on device mtdblock0, logical block 0
Jan 24 11:54:06 vader-rover kernel: [    7.441223] end_request: I/O error, dev mtdblock0, sector 0
Jan 24 11:54:06 vader-rover kernel: [    7.453674] Buffer I/O error on device mtdblock0, logical block 0
Jan 24 11:54:06 vader-rover kernel: [    7.557525] end_request: I/O error, dev mtdblock0, sector 0
Jan 24 11:54:06 vader-rover kernel: [    7.570098] Buffer I/O error on device mtdblock0, logical block 0
Jan 24 11:54:06 vader-rover kernel: [    7.666900] end_request: I/O error, dev mtdblock0, sector 0
Jan 24 11:54:06 vader-rover kernel: [    7.679351] Buffer I/O error on device mtdblock0, logical block 0
Jan 24 11:54:06 vader-rover kernel: [    7.791900] end_request: I/O error, dev mtdblock0, sector 0
Jan 24 11:54:06 vader-rover kernel: [    7.804412] Buffer I/O error on device mtdblock0, logical block 0
Jan 24 11:54:06 vader-rover kernel: [    7.919525] end_request: I/O error, dev mtdblock0, sector 0
Jan 24 11:54:06 vader-rover kernel: [    7.931976] Buffer I/O error on device mtdblock0, logical block 0
Jan 24 11:54:06 vader-rover kernel: [    8.009704] end_request: I/O error, dev mtdblock0, sector 0
Jan 24 11:54:06 vader-rover kernel: [    8.022186] Buffer I/O error on device mtdblock0, logical block 0
Jan 24 11:54:06 vader-rover kernel: [    8.083312] end_request: I/O error, dev mtdblock0, sector 0
Jan 24 11:54:06 vader-rover kernel: [    8.095825] Buffer I/O error on device mtdblock0, logical block 0
Jan 24 11:54:06 vader-rover kernel: [    8.167480] end_request: I/O error, dev mtdblock0, sector 0
Jan 24 11:54:06 vader-rover kernel: [    8.179931] Buffer I/O error on device mtdblock0, logical block 0
Jan 24 11:54:06 vader-rover kernel: [    8.244262] end_request: I/O error, dev mtdblock0, sector 0
Jan 24 11:54:06 vader-rover kernel: [    8.256713] Buffer I/O error on device mtdblock0, logical block 0
Jan 24 11:54:06 vader-rover kernel: [    8.312133] end_request: I/O error, dev mtdblock0, sector 0
Jan 24 11:54:06 vader-rover kernel: [    8.345092] end_request: I/O error, dev mtdblock0, sector 0
Jan 24 11:54:06 vader-rover kernel: [    8.372253] end_request: I/O error, dev mtdblock0, sector 0
Jan 24 11:54:06 vader-rover kernel: [    8.388000] ads7846 spi1.0: touchscreen, irq 210
Jan 24 11:54:06 vader-rover kernel: [    8.388275] ads7846 spi1.0: no device detected, test read result was 0x00000FFF
Jan 24 11:54:06 vader-rover kernel: [    8.405639] Linux media interface: v0.10
Jan 24 11:54:06 vader-rover kernel: [    8.411346] end_request: I/O error, dev mtdblock0, sector 0
Jan 24 11:54:06 vader-rover kernel: [    8.445739] end_request: I/O error, dev mtdblock0, sector 0
Jan 24 11:54:06 vader-rover kernel: [    8.477050] end_request: I/O error, dev mtdblock0, sector 0
Jan 24 11:54:06 vader-rover kernel: [    8.503692] Linux video capture interface: v2.00
Jan 24 11:54:06 vader-rover kernel: [    8.518493] end_request: I/O error, dev mtdblock0, sector 0
Jan 24 11:54:06 vader-rover kernel: [    8.549743] end_request: I/O error, dev mtdblock0, sector 8
Jan 24 11:54:06 vader-rover kernel: [    8.586578] end_request: I/O error, dev mtdblock0, sector 8
Jan 24 11:54:06 vader-rover kernel: [    8.625427] end_request: I/O error, dev mtdblock0, sector 8
Jan 24 11:54:06 vader-rover kernel: [    8.659088] end_request: I/O error, dev mtdblock0, sector 8
Jan 24 11:54:06 vader-rover kernel: [    8.694091] omap3isp omap3isp: Revision 15.0 found
Jan 24 11:54:06 vader-rover kernel: [    8.694274] omap-iommu omap-iommu.0: isp: version 1.1
Jan 24 11:54:06 vader-rover kernel: [    8.697387] end_request: I/O error, dev mtdblock0, sector 24
Jan 24 11:54:06 vader-rover kernel: [    8.736694] end_request: I/O error, dev mtdblock0, sector 24
Jan 24 11:54:06 vader-rover kernel: [    8.773895] end_request: I/O error, dev mtdblock0, sector 24
Jan 24 11:54:06 vader-rover kernel: [    8.815582] end_request: I/O error, dev mtdblock0, sector 24
Jan 24 11:54:06 vader-rover kernel: [    8.845275] mt9v032 3-005c: Probing MT9V032 at address 0x5c
Jan 24 11:54:06 vader-rover kernel: [    8.845520] mt9v032 3-005c: MT9V032 power up failed
Jan 24 11:54:06 vader-rover kernel: [    8.855926] end_request: I/O error, dev mtdblock0, sector 56
Jan 24 11:54:06 vader-rover kernel: [    8.878479] end_request: I/O error, dev mtdblock0, sector 56
Jan 24 11:54:06 vader-rover kernel: [    8.889801] lib80211: common routines for IEEE802.11 drivers
Jan 24 11:54:06 vader-rover kernel: [    8.889801] lib80211_crypt: registered algorithm 'NULL'
Jan 24 11:54:06 vader-rover kernel: [    8.911437] end_request: I/O error, dev mtdblock0, sector 56
Jan 24 11:54:06 vader-rover kernel: [    8.945404] end_request: I/O error, dev mtdblock0, sector 56
Jan 24 11:54:06 vader-rover kernel: [    8.976104] end_request: I/O error, dev mtdblock0, sector 120
Jan 24 11:54:06 vader-rover kernel: [    9.003051] end_request: I/O error, dev mtdblock0, sector 120
Jan 24 11:54:06 vader-rover kernel: [    9.038391] end_request: I/O error, dev mtdblock0, sector 120
Jan 24 11:54:06 vader-rover kernel: [    9.070251] end_request: I/O error, dev mtdblock0, sector 120
Jan 24 11:54:06 vader-rover kernel: [    9.083831] isp_register_subdev_group: Unable to register subdev mt9v032
Jan 24 11:54:06 vader-rover kernel: [    9.095092] end_request: I/O error, dev mtdblock0, sector 0
Jan 24 11:54:06 vader-rover kernel: [    9.108551] cfg80211: Calling CRDA to update world regulatory domain
Jan 24 11:54:06 vader-rover kernel: [    9.121429] end_request: I/O error, dev mtdblock0, sector 0
Jan 24 11:54:06 vader-rover kernel: [    9.149169] end_request: I/O error, dev mtdblock0, sector 8
Jan 24 11:54:06 vader-rover kernel: [    9.178649] end_request: I/O error, dev mtdblock0, sector 8
Jan 24 11:54:06 vader-rover kernel: [    9.205474] end_request: I/O error, dev mtdblock0, sector 24
Jan 24 11:54:06 vader-rover kernel: [    9.235534] end_request: I/O error, dev mtdblock0, sector 24
Jan 24 11:54:06 vader-rover kernel: [    9.255523] libertas_sdio: Libertas SDIO driver
Jan 24 11:54:06 vader-rover kernel: [    9.255554] libertas_sdio: Copyright Pierre Ossman
Jan 24 11:54:06 vader-rover kernel: [    9.259277] end_request: I/O error, dev mtdblock0, sector 56
Jan 24 11:54:06 vader-rover kernel: [    9.290832] end_request: I/O error, dev mtdblock0, sector 56
Jan 24 11:54:06 vader-rover kernel: [    9.320495] end_request: I/O error, dev mtdblock0, sector 120
Jan 24 11:54:06 vader-rover kernel: [    9.342224] end_request: I/O error, dev mtdblock0, sector 120
Jan 24 11:54:06 vader-rover kernel: [    9.366882] end_request: I/O error, dev mtdblock0, sector 0
Jan 24 11:54:06 vader-rover kernel: [    9.393524] end_request: I/O error, dev mtdblock0, sector 0
Jan 24 11:54:06 vader-rover kernel: [    9.409118] end_request: I/O error, dev mtdblock0, sector 0
Jan 24 11:54:06 vader-rover kernel: [    9.432800] end_request: I/O error, dev mtdblock0, sector 0
Jan 24 11:54:06 vader-rover kernel: [    9.451599] end_request: I/O error, dev mtdblock0, sector 0
Jan 24 11:54:06 vader-rover kernel: [    9.470184] end_request: I/O error, dev mtdblock0, sector 0
Jan 24 11:54:06 vader-rover kernel: [    9.489471] end_request: I/O error, dev mtdblock0, sector 64
Jan 24 11:54:06 vader-rover kernel: [    9.510711] end_request: I/O error, dev mtdblock0, sector 64
Jan 24 11:54:06 vader-rover kernel: [    9.526550] end_request: I/O error, dev mtdblock0, sector 64
Jan 24 11:54:06 vader-rover kernel: [    9.541961] end_request: I/O error, dev mtdblock0, sector 64
Jan 24 11:54:06 vader-rover kernel: [    9.563568] end_request: I/O error, dev mtdblock0, sector 64
Jan 24 11:54:06 vader-rover kernel: [    9.587738] end_request: I/O error, dev mtdblock0, sector 64
Jan 24 11:54:06 vader-rover kernel: [    9.616180] end_request: I/O error, dev mtdblock0, sector 64
Jan 24 11:54:06 vader-rover kernel: [    9.637420] end_request: I/O error, dev mtdblock0, sector 64
Jan 24 11:54:06 vader-rover kernel: [    9.659088] end_request: I/O error, dev mtdblock0, sector 64
Jan 24 11:54:06 vader-rover kernel: [    9.689208] end_request: I/O error, dev mtdblock0, sector 0
Jan 24 11:54:06 vader-rover kernel: [    9.724151] end_request: I/O error, dev mtdblock0, sector 0
Jan 24 11:54:06 vader-rover kernel: [    9.772674] end_request: I/O error, dev mtdblock0, sector 0
Jan 24 11:54:06 vader-rover kernel: [    9.817474] end_request: I/O error, dev mtdblock0, sector 0
Jan 24 11:54:06 vader-rover kernel: [    9.846191] end_request: I/O error, dev mtdblock0, sector 0
Jan 24 11:54:06 vader-rover kernel: [    9.875976] end_request: I/O error, dev mtdblock0, sector 16
Jan 24 11:54:06 vader-rover kernel: [    9.899017] end_request: I/O error, dev mtdblock0, sector 0
Jan 24 11:54:06 vader-rover kernel: [    9.920043] end_request: I/O error, dev mtdblock0, sector 0
Jan 24 11:54:06 vader-rover kernel: [    9.940551] end_request: I/O error, dev mtdblock0, sector 0
Jan 24 11:54:06 vader-rover kernel: [    9.966247] end_request: I/O error, dev mtdblock0, sector 0
Jan 24 11:54:06 vader-rover kernel: [    9.985778] end_request: I/O error, dev mtdblock0, sector 0
Jan 24 11:54:06 vader-rover kernel: [   10.009307] end_request: I/O error, dev mtdblock0, sector 0
Jan 24 11:54:06 vader-rover kernel: [   10.027587] end_request: I/O error, dev mtdblock0, sector 0
Jan 24 11:54:06 vader-rover kernel: [   10.048706] end_request: I/O error, dev mtdblock0, sector 0
Jan 24 11:54:06 vader-rover kernel: [   10.064666] end_request: I/O error, dev mtdblock0, sector 0
Jan 24 11:54:06 vader-rover kernel: [   10.080993] end_request: I/O error, dev mtdblock0, sector 0
Jan 24 11:54:06 vader-rover kernel: [   10.102478] end_request: I/O error, dev mtdblock0, sector 0
Jan 24 11:54:06 vader-rover kernel: [   10.120300] end_request: I/O error, dev mtdblock0, sector 0
Jan 24 11:54:06 vader-rover kernel: [   10.142333] end_request: I/O error, dev mtdblock0, sector 0
Jan 24 11:54:06 vader-rover kernel: [   10.157501] end_request: I/O error, dev mtdblock0, sector 0
Jan 24 11:54:06 vader-rover kernel: [   10.176361] end_request: I/O error, dev mtdblock0, sector 0
Jan 24 11:54:06 vader-rover kernel: [   10.194885] end_request: I/O error, dev mtdblock0, sector 0
Jan 24 11:54:06 vader-rover kernel: [   10.213806] end_request: I/O error, dev mtdblock0, sector 0
Jan 24 11:54:06 vader-rover kernel: [   10.232757] end_request: I/O error, dev mtdblock0, sector 0
Jan 24 11:54:06 vader-rover kernel: [   10.257507] end_request: I/O error, dev mtdblock0, sector 8
Jan 24 11:54:06 vader-rover kernel: [   10.285339] end_request: I/O error, dev mtdblock0, sector 0
Jan 24 11:54:06 vader-rover kernel: [   10.304595] end_request: I/O error, dev mtdblock0, sector 0
Jan 24 11:54:06 vader-rover kernel: [   10.330993] end_request: I/O error, dev mtdblock0, sector 0
Jan 24 11:54:06 vader-rover kernel: [   10.346221] end_request: I/O error, dev mtdblock0, sector 0
Jan 24 11:54:06 vader-rover kernel: [   10.708496] end_request: I/O error, dev mtdblock0, sector 0
Jan 24 11:54:06 vader-rover kernel: [   10.721588] end_request: I/O error, dev mtdblock0, sector 0
Jan 24 11:54:06 vader-rover kernel: [   10.745269] end_request: I/O error, dev mtdblock0, sector 0
Jan 24 11:54:06 vader-rover kernel: [   10.753234] usbcore: registered new interface driver usbserial
Jan 24 11:54:06 vader-rover kernel: [   10.753723] end_request: I/O error, dev mtdblock0, sector 0
Jan 24 11:54:06 vader-rover kernel: [   10.761047] usbcore: registered new interface driver usbserial_generic
Jan 24 11:54:06 vader-rover kernel: [   10.766235] USB Serial support registered for generic
Jan 24 11:54:06 vader-rover kernel: [   10.766296] usbserial: USB Serial Driver core
Jan 24 11:54:06 vader-rover kernel: [   10.776306] end_request: I/O error, dev mtdblock0, sector 0
Jan 24 11:54:06 vader-rover kernel: [   10.793884] end_request: I/O error, dev mtdblock0, sector 0
Jan 24 11:54:06 vader-rover kernel: [   10.815399] end_request: I/O error, dev mtdblock0, sector 0
Jan 24 11:54:06 vader-rover kernel: [   10.822814] usbcore: registered new interface driver pl2303
Jan 24 11:54:06 vader-rover kernel: [   10.825408] USB Serial support registered for pl2303
Jan 24 11:54:06 vader-rover kernel: [   10.825531] pl2303 1-2.1:1.0: usb_probe_interface
Jan 24 11:54:06 vader-rover kernel: [   10.825531] pl2303 1-2.1:1.0: usb_probe_interface - got id
Jan 24 11:54:06 vader-rover kernel: [   10.825592] pl2303 1-2.1:1.0: pl2303 converter detected
Jan 24 11:54:06 vader-rover kernel: [   10.826904] end_request: I/O error, dev mtdblock0, sector 0
Jan 24 11:54:06 vader-rover kernel: [   10.846679] end_request: I/O error, dev mtdblock0, sector 0
Jan 24 11:54:06 vader-rover kernel: [   10.859161] usb 1-2.1: pl2303 converter now attached to ttyUSB0
Jan 24 11:54:06 vader-rover kernel: [   10.863861] end_request: I/O error, dev mtdblock0, sector 0
Jan 24 11:54:06 vader-rover kernel: [   10.879852] end_request: I/O error, dev mtdblock0, sector 0
Jan 24 11:54:06 vader-rover kernel: [   10.900756] end_request: I/O error, dev mtdblock0, sector 0
Jan 24 11:54:06 vader-rover kernel: [   10.927398] end_request: I/O error, dev mtdblock0, sector 0
Jan 24 11:54:06 vader-rover kernel: [   10.952545] end_request: I/O error, dev mtdblock0, sector 0
Jan 24 11:54:06 vader-rover kernel: [   10.971618] end_request: I/O error, dev mtdblock0, sector 0
Jan 24 11:54:06 vader-rover kernel: [   10.987304] end_request: I/O error, dev mtdblock0, sector 0
Jan 24 11:54:06 vader-rover kernel: [   11.002868] end_request: I/O error, dev mtdblock0, sector 0
Jan 24 11:54:06 vader-rover kernel: [   11.017852] end_request: I/O error, dev mtdblock0, sector 8
Jan 24 11:54:06 vader-rover kernel: [   11.035827] end_request: I/O error, dev mtdblock0, sector 8
Jan 24 11:54:06 vader-rover kernel: [   11.054168] end_request: I/O error, dev mtdblock0, sector 8
Jan 24 11:54:06 vader-rover kernel: [   11.068084] end_request: I/O error, dev mtdblock0, sector 8
Jan 24 11:54:06 vader-rover kernel: [   11.088012] end_request: I/O error, dev mtdblock0, sector 24
Jan 24 11:54:06 vader-rover kernel: [   11.102661] end_request: I/O error, dev mtdblock0, sector 24
Jan 24 11:54:06 vader-rover kernel: [   11.113952] end_request: I/O error, dev mtdblock0, sector 24
Jan 24 11:54:06 vader-rover kernel: [   11.132812] end_request: I/O error, dev mtdblock0, sector 24
Jan 24 11:54:06 vader-rover kernel: [   11.144531] end_request: I/O error, dev mtdblock0, sector 56
Jan 24 11:54:06 vader-rover kernel: [   11.166931] end_request: I/O error, dev mtdblock0, sector 56
Jan 24 11:54:06 vader-rover kernel: [   11.180877] end_request: I/O error, dev mtdblock0, sector 56
Jan 24 11:54:06 vader-rover kernel: [   11.196411] end_request: I/O error, dev mtdblock0, sector 56
Jan 24 11:54:06 vader-rover kernel: [   11.212097] end_request: I/O error, dev mtdblock0, sector 120
Jan 24 11:54:06 vader-rover kernel: [   11.226654] end_request: I/O error, dev mtdblock0, sector 120
Jan 24 11:54:06 vader-rover kernel: [   11.242218] end_request: I/O error, dev mtdblock0, sector 120
Jan 24 11:54:06 vader-rover kernel: [   11.259735] end_request: I/O error, dev mtdblock0, sector 120
Jan 24 11:54:06 vader-rover kernel: [   11.275939] end_request: I/O error, dev mtdblock0, sector 0
Jan 24 11:54:06 vader-rover kernel: [   11.292144] end_request: I/O error, dev mtdblock0, sector 0
Jan 24 11:54:06 vader-rover kernel: [   11.307556] end_request: I/O error, dev mtdblock0, sector 8
Jan 24 11:54:06 vader-rover kernel: [   11.330993] end_request: I/O error, dev mtdblock0, sector 8
Jan 24 11:54:06 vader-rover kernel: [   11.346618] end_request: I/O error, dev mtdblock0, sector 24
Jan 24 11:54:06 vader-rover kernel: [   11.362243] end_request: I/O error, dev mtdblock0, sector 24
Jan 24 11:54:06 vader-rover kernel: [   11.377868] end_request: I/O error, dev mtdblock0, sector 56
Jan 24 11:54:06 vader-rover kernel: [   11.393096] end_request: I/O error, dev mtdblock0, sector 56
Jan 24 11:54:06 vader-rover kernel: [   11.409118] end_request: I/O error, dev mtdblock0, sector 120
Jan 24 11:54:06 vader-rover kernel: [   11.424743] end_request: I/O error, dev mtdblock0, sector 120
Jan 24 11:54:06 vader-rover kernel: [   11.440063] end_request: I/O error, dev mtdblock0, sector 0
Jan 24 11:54:06 vader-rover kernel: [   11.454803] end_request: I/O error, dev mtdblock0, sector 0
Jan 24 11:54:06 vader-rover kernel: [   11.469390] end_request: I/O error, dev mtdblock0, sector 0
Jan 24 11:54:06 vader-rover kernel: [   11.485992] end_request: I/O error, dev mtdblock0, sector 0
Jan 24 11:54:06 vader-rover kernel: [   11.502899] end_request: I/O error, dev mtdblock0, sector 0
Jan 24 11:54:06 vader-rover kernel: [   11.515472] end_request: I/O error, dev mtdblock0, sector 0
Jan 24 11:54:06 vader-rover kernel: [   11.534149] end_request: I/O error, dev mtdblock0, sector 64
Jan 24 11:54:06 vader-rover kernel: [   11.549774] end_request: I/O error, dev mtdblock0, sector 64
Jan 24 11:54:06 vader-rover kernel: [   11.563568] end_request: I/O error, dev mtdblock0, sector 64
Jan 24 11:54:06 vader-rover kernel: [   11.578094] end_request: I/O error, dev mtdblock0, sector 64
Jan 24 11:54:06 vader-rover kernel: [   11.593597] end_request: I/O error, dev mtdblock0, sector 64
Jan 24 11:54:06 vader-rover kernel: [   11.609069] end_request: I/O error, dev mtdblock0, sector 64
Jan 24 11:54:06 vader-rover kernel: [   11.620056] end_request: I/O error, dev mtdblock0, sector 64
Jan 24 11:54:06 vader-rover kernel: [   11.635742] end_request: I/O error, dev mtdblock0, sector 64
Jan 24 11:54:06 vader-rover kernel: [   11.651397] end_request: I/O error, dev mtdblock0, sector 64
Jan 24 11:54:06 vader-rover kernel: [   11.672912] end_request: I/O error, dev mtdblock0, sector 0
Jan 24 11:54:06 vader-rover kernel: [   11.685394] end_request: I/O error, dev mtdblock0, sector 0
Jan 24 11:54:06 vader-rover kernel: [   11.706024] end_request: I/O error, dev mtdblock0, sector 0
Jan 24 11:54:06 vader-rover kernel: [   11.721618] end_request: I/O error, dev mtdblock0, sector 0
Jan 24 11:54:06 vader-rover kernel: [   11.736022] end_request: I/O error, dev mtdblock0, sector 0
Jan 24 11:54:06 vader-rover kernel: [   11.748321] end_request: I/O error, dev mtdblock0, sector 16
Jan 24 11:54:06 vader-rover kernel: [   11.768585] end_request: I/O error, dev mtdblock0, sector 0
Jan 24 11:54:06 vader-rover kernel: [   11.783325] end_request: I/O error, dev mtdblock0, sector 0
Jan 24 11:54:06 vader-rover kernel: [   11.803100] end_request: I/O error, dev mtdblock0, sector 0
Jan 24 11:54:06 vader-rover kernel: [   11.823242] end_request: I/O error, dev mtdblock0, sector 0
Jan 24 11:54:06 vader-rover kernel: [   11.837860] end_request: I/O error, dev mtdblock0, sector 0
Jan 24 11:54:06 vader-rover kernel: [   11.852233] end_request: I/O error, dev mtdblock0, sector 0
Jan 24 11:54:06 vader-rover kernel: [   11.868377] end_request: I/O error, dev mtdblock0, sector 0
Jan 24 11:54:06 vader-rover kernel: [   11.882629] end_request: I/O error, dev mtdblock0, sector 0
Jan 24 11:54:06 vader-rover kernel: [   11.901367] end_request: I/O error, dev mtdblock0, sector 0
Jan 24 11:54:06 vader-rover kernel: [   11.916992] end_request: I/O error, dev mtdblock0, sector 0
Jan 24 11:54:06 vader-rover kernel: [   11.932586] end_request: I/O error, dev mtdblock0, sector 0
Jan 24 11:54:06 vader-rover kernel: [   11.948303] end_request: I/O error, dev mtdblock0, sector 0
Jan 24 11:54:06 vader-rover kernel: [   11.963836] end_request: I/O error, dev mtdblock0, sector 0
Jan 24 11:54:06 vader-rover kernel: [   11.982757] end_request: I/O error, dev mtdblock0, sector 0
Jan 24 11:54:06 vader-rover kernel: [   11.997192] end_request: I/O error, dev mtdblock0, sector 0
Jan 24 11:54:06 vader-rover kernel: [   12.017883] end_request: I/O error, dev mtdblock0, sector 0
Jan 24 11:54:06 vader-rover kernel: [   12.034149] end_request: I/O error, dev mtdblock0, sector 0
Jan 24 11:54:06 vader-rover kernel: [   12.049743] end_request: I/O error, dev mtdblock0, sector 0
Jan 24 11:54:06 vader-rover kernel: [   12.064331] end_request: I/O error, dev mtdblock0, sector 8
Jan 24 11:54:06 vader-rover kernel: [   12.079925] end_request: I/O error, dev mtdblock0, sector 0
Jan 24 11:54:06 vader-rover kernel: [   12.096618] end_request: I/O error, dev mtdblock0, sector 0
Jan 24 11:54:06 vader-rover kernel: [   12.112304] end_request: I/O error, dev mtdblock0, sector 0
Jan 24 11:54:06 vader-rover kernel: [   12.138671] end_request: I/O error, dev mtdblock0, sector 0
Jan 24 11:54:06 vader-rover kernel: [   12.615081] EXT3-fs (mmcblk0p2): using internal journal
Jan 24 11:54:06 vader-rover kernel: [   16.453979] cfg80211: World regulatory domain updated:
Jan 24 11:54:06 vader-rover kernel: [   16.454010] cfg80211:   (start_freq - end_freq @ bandwidth), (max_antenna_gain, max_eirp)
Jan 24 11:54:06 vader-rover kernel: [   16.454040] cfg80211:   (2402000 KHz - 2472000 KHz @ 40000 KHz), (300 mBi, 2000 mBm)
Jan 24 11:54:06 vader-rover kernel: [   16.454071] cfg80211:   (2457000 KHz - 2482000 KHz @ 20000 KHz), (300 mBi, 2000 mBm)
Jan 24 11:54:06 vader-rover kernel: [   16.454071] cfg80211:   (2474000 KHz - 2494000 KHz @ 20000 KHz), (300 mBi, 2000 mBm)
Jan 24 11:54:06 vader-rover kernel: [   16.454071] cfg80211:   (5170000 KHz - 5250000 KHz @ 40000 KHz), (300 mBi, 2000 mBm)
Jan 24 11:54:06 vader-rover kernel: [   16.454101] cfg80211:   (5735000 KHz - 5835000 KHz @ 40000 KHz), (300 mBi, 2000 mBm)
Jan 24 11:54:06 vader-rover kernel: [   17.564605] NET: Registered protocol family 10
Jan 24 11:54:06 vader-rover kernel: [   17.981445] libertas_sdio mmc1:0001:1: (unregistered net_device): 00:19:88:45:0b:0a, fw 9.70.3p36, cap 0x00000303
Jan 24 11:54:06 vader-rover kernel: [   17.988739] libertas_sdio mmc1:0001:1: wlan0: Marvell WLAN 802.11 adapter
Jan 24 11:54:06 vader-rover kernel: [   17.989227] cfg80211: Calling CRDA for country: US
Jan 24 11:54:07 vader-rover avahi-daemon[527]: Found user 'avahi' (UID 107) and group 'avahi' (GID 112).
Jan 24 11:54:07 vader-rover avahi-daemon[527]: Successfully dropped root privileges.
Jan 24 11:54:07 vader-rover avahi-daemon[527]: avahi-daemon 0.6.30 starting up.
Jan 24 11:54:07 vader-rover avahi-daemon[527]: Successfully called chroot().
Jan 24 11:54:07 vader-rover avahi-daemon[527]: Successfully dropped remaining capabilities.
Jan 24 11:54:07 vader-rover avahi-daemon[527]: Loading service file /services/udisks.service.
Jan 24 11:54:07 vader-rover avahi-daemon[527]: Network interface enumeration completed.
Jan 24 11:54:07 vader-rover avahi-daemon[527]: Registering HINFO record with values 'ARMV7L'/'LINUX'.
Jan 24 11:54:07 vader-rover avahi-daemon[527]: Server startup complete. Host name is vader-rover.local. Local service cookie is 2327372767.
Jan 24 11:54:07 vader-rover avahi-daemon[527]: Service "vader-rover" (/services/udisks.service) successfully established.
Jan 24 11:54:07 vader-rover kernel: [   18.923187] cfg80211: Regulatory domain changed to country: US
Jan 24 11:54:07 vader-rover kernel: [   18.923217] cfg80211:   (start_freq - end_freq @ bandwidth), (max_antenna_gain, max_eirp)
Jan 24 11:54:07 vader-rover kernel: [   18.923217] cfg80211:   (2402000 KHz - 2472000 KHz @ 40000 KHz), (300 mBi, 2700 mBm)
Jan 24 11:54:07 vader-rover kernel: [   18.923248] cfg80211:   (5170000 KHz - 5250000 KHz @ 40000 KHz), (300 mBi, 1700 mBm)
Jan 24 11:54:07 vader-rover kernel: [   18.923248] cfg80211:   (5250000 KHz - 5330000 KHz @ 40000 KHz), (300 mBi, 2000 mBm)
Jan 24 11:54:07 vader-rover kernel: [   18.923278] cfg80211:   (5490000 KHz - 5600000 KHz @ 40000 KHz), (300 mBi, 2000 mBm)
Jan 24 11:54:07 vader-rover kernel: [   18.923278] cfg80211:   (5650000 KHz - 5710000 KHz @ 40000 KHz), (300 mBi, 2000 mBm)
Jan 24 11:54:07 vader-rover kernel: [   18.923309] cfg80211:   (5735000 KHz - 5835000 KHz @ 40000 KHz), (300 mBi, 3000 mBm)
Jan 24 11:54:08 vader-rover kernel: [   19.754974] IPv6: ADDRCONF(NETDEV_UP): wlan0: link is not ready
Jan 24 11:54:08 vader-rover kernel: [   19.755249] IPv6: ADDRCONF(NETDEV_CHANGE): wlan0: link becomes ready
Jan 24 11:54:08 vader-rover dhclient: DHCPDISCOVER on wlan0 to 255.255.255.255 port 67 interval 3
Jan 24 11:54:09 vader-rover dhclient: DHCPREQUEST of 192.168.2.7 on wlan0 to 255.255.255.255 port 67
Jan 24 11:54:09 vader-rover dhclient: DHCPOFFER of 192.168.2.7 from 192.168.2.1
Jan 24 11:54:09 vader-rover dhclient: DHCPACK of 192.168.2.7 from 192.168.2.1
Jan 24 11:54:09 vader-rover avahi-daemon[527]: Joining mDNS multicast group on interface wlan0.IPv4 with address 192.168.2.7.
Jan 24 11:54:09 vader-rover avahi-daemon[527]: New relevant interface wlan0.IPv4 for mDNS.
Jan 24 11:54:09 vader-rover avahi-daemon[527]: Registering new address record for 192.168.2.7 on wlan0.IPv4.
Jan 24 11:54:10 vader-rover avahi-daemon[527]: Joining mDNS multicast group on interface wlan0.IPv6 with address fe80::219:88ff:fe45:b0a.
Jan 24 11:54:10 vader-rover avahi-daemon[527]: New relevant interface wlan0.IPv6 for mDNS.
Jan 24 11:54:10 vader-rover avahi-daemon[527]: Registering new address record for fe80::219:88ff:fe45:b0a on wlan0.*.
Jan 24 11:54:10 vader-rover dhclient: bound to 192.168.2.7 -- renewal in 141081813 seconds.
Jan 24 11:54:11 vader-rover avahi-daemon[527]: Leaving mDNS multicast group on interface wlan0.IPv6 with address fe80::219:88ff:fe45:b0a.
Jan 24 11:54:11 vader-rover avahi-daemon[527]: Joining mDNS multicast group on interface wlan0.IPv6 with address 2002:802e:d6bc:1234:219:88ff:fe45:b0a.
Jan 24 11:54:11 vader-rover avahi-daemon[527]: Registering new address record for 2002:802e:d6bc:1234:219:88ff:fe45:b0a on wlan0.*.
Jan 24 11:54:11 vader-rover avahi-daemon[527]: Withdrawing address record for fe80::219:88ff:fe45:b0a on wlan0.
Jan 24 11:54:12 vader-rover cron[713]: (CRON) INFO (pidfile fd = 3)
Jan 24 11:54:12 vader-rover anacron[734]: Anacron 2.3 started on 2014-01-24
Jan 24 11:54:12 vader-rover cron[737]: (CRON) STARTUP (fork ok)
Jan 24 11:54:12 vader-rover cron[737]: (CRON) INFO (Running @reboot jobs)
Jan 24 11:54:12 vader-rover anacron[734]: Will run job `cron.weekly' in 10 min.
Jan 24 11:54:12 vader-rover anacron[734]: Jobs will be executed sequentially
Jan 24 11:54:12 vader-rover ntpd[743]: ntpd 4.2.6p3@1.2290 Tue Mar  6 15:10:33 UTC 2012 (1)
Jan 24 11:54:12 vader-rover ntpd[754]: proto: precision = 30.517 usec
Jan 24 11:54:12 vader-rover ntpd[754]: ntp_io: estimated max descriptors: 1024, initial socket boundary: 16
Jan 24 11:54:12 vader-rover ntpd[754]: unable to bind to wildcard address 0.0.0.0 - another process may be running - EXITING
Jan 24 11:54:12 vader-rover dbus[498]: [system] Activating service name='org.freedesktop.ConsoleKit' (using servicehelper)
Jan 24 11:54:13 vader-rover dbus[498]: [system] Activating service name='org.freedesktop.PolicyKit1' (using servicehelper)
Jan 24 11:54:14 vader-rover polkitd[858]: started daemon version 0.104 using authority implementation `local' version `0.104'
Jan 24 11:54:14 vader-rover dbus[498]: [system] Successfully activated service 'org.freedesktop.PolicyKit1'
Jan 24 11:54:14 vader-rover dbus[498]: [system] Successfully activated service 'org.freedesktop.ConsoleKit'
Jan 24 11:54:15 vader-rover kernel: [   26.394409] usb 1-2.4.4: link qh8-0e01/de138340 start 5 [1/2 us]
Jan 24 11:54:23 vader-rover ntpdate[943]: adjust time server 173.255.227.205 offset 0.108274 sec
Jan 24 11:54:24 vader-rover ntpdate[668]: adjust time server 2001:470:79::14:123 offset 0.105718 sec
Jan 24 11:54:24 vader-rover kernel: [   35.990997] GPIO Event Monitor 0.1 Compiled: Jan 13 2014 at 15:50:49
Jan 24 11:54:25 vader-rover kernel: [   36.290863] pwm: frequency=50 Hz servo=1 servo_min = 10000 servo_max = 20000
Jan 24 11:54:25 vader-rover ntpd[1041]: ntpd 4.2.6p3@1.2290 Tue Mar  6 15:10:33 UTC 2012 (1)
Jan 24 11:54:25 vader-rover ntpd[1044]: proto: precision = 30.532 usec
Jan 24 11:54:25 vader-rover ntpd[1044]: ntp_io: estimated max descriptors: 1024, initial socket boundary: 16
Jan 24 11:54:25 vader-rover ntpd[1044]: Listen and drop on 0 v4wildcard 0.0.0.0 UDP 123
Jan 24 11:54:25 vader-rover ntpd[1044]: Listen and drop on 1 v6wildcard :: UDP 123
Jan 24 11:54:25 vader-rover ntpd[1044]: Listen normally on 2 lo 127.0.0.1 UDP 123
Jan 24 11:54:25 vader-rover ntpd[1044]: Listen normally on 3 wlan0 192.168.2.7 UDP 123
Jan 24 11:54:25 vader-rover ntpd[1044]: Listen normally on 4 wlan0 2002:802e:d6bc:1234:219:88ff:fe45:b0a UDP 123
Jan 24 11:54:25 vader-rover ntpd[1044]: Listen normally on 5 wlan0 fe80::219:88ff:fe45:b0a UDP 123
Jan 24 11:54:25 vader-rover ntpd[1044]: Listen normally on 6 lo ::1 UDP 123
Jan 24 11:54:25 vader-rover ntpd[1044]: peers refreshed
Jan 24 11:54:25 vader-rover ntpd[1044]: Listening on routing socket on fd #23 for interface updates
Jan 24 11:54:25 vader-rover noip2[1046]: v2.1.9 daemon started with NAT enabled
Jan 24 11:54:25 vader-rover noip2[1046]: vader-rover.no-ip.biz was already set to 128.46.214.188.
Jan 24 11:54:38 vader-rover dbus[498]: [system] Activating service name='org.freedesktop.UDisks' (using servicehelper)
Jan 24 11:54:38 vader-rover dbus[498]: [system] Successfully activated service 'org.freedesktop.UDisks'
Jan 24 11:58:32 vader-rover kernel: Kernel logging (proc) stopped.
Jan 24 11:58:32 vader-rover rsyslogd: [origin software="rsyslogd" swVersion="5.8.6" x-pid="500" x-info="http://www.rsyslog.com"] exiting on signal 15.
Jan 24 11:59:09 vader-rover kernel: imklog 5.8.6, log source = /proc/kmsg started.
Jan 24 11:59:09 vader-rover rsyslogd: [origin software="rsyslogd" swVersion="5.8.6" x-pid="499" x-info="http://www.rsyslog.com"] start
Jan 24 11:59:09 vader-rover rsyslogd: rsyslogd's groupid changed to 103
Jan 24 11:59:09 vader-rover rsyslogd: rsyslogd's userid changed to 101
Jan 24 11:59:09 vader-rover rsyslogd-2039: Could not open output pipe '/dev/xconsole' [try http://www.rsyslog.com/e/2039 ]
Jan 24 11:59:09 vader-rover kernel: [    0.000000] Booting Linux on physical CPU 0
Jan 24 11:59:09 vader-rover kernel: [    0.000000] Initializing cgroup subsys cpuset
Jan 24 11:59:09 vader-rover kernel: [    0.000000] Initializing cgroup subsys cpu
Jan 24 11:59:09 vader-rover kernel: [    0.000000] Linux version 3.5.0-2-linaro-omap (adam@pine) (gcc version 4.6.3 (Ubuntu/Linaro 4.6.3-1ubuntu5) ) #2~ci+121210190143 PREEMPT Mon Dec 10 11:03:27 PST 2012
Jan 24 11:59:09 vader-rover kernel: [    0.000000] CPU: ARMv7 Processor [413fc082] revision 2 (ARMv7), cr=10c53c7d
Jan 24 11:59:09 vader-rover kernel: [    0.000000] CPU: PIPT / VIPT nonaliasing data cache, VIPT aliasing instruction cache
Jan 24 11:59:09 vader-rover kernel: [    0.000000] Machine: Gumstix Overo
Jan 24 11:59:09 vader-rover kernel: [    0.000000] Reserving 12582912 bytes SDRAM for VRAM
Jan 24 11:59:09 vader-rover kernel: [    0.000000] Memory policy: ECC disabled, Data cache writeback
Jan 24 11:59:09 vader-rover kernel: [    0.000000] On node 0 totalpages: 127744
Jan 24 11:59:09 vader-rover kernel: [    0.000000] free_area_init_node: node 0, pgdat c070b85c, node_mem_map c07a7000
Jan 24 11:59:09 vader-rover kernel: [    0.000000]   Normal zone: 1024 pages used for memmap
Jan 24 11:59:09 vader-rover kernel: [    0.000000]   Normal zone: 0 pages reserved
Jan 24 11:59:09 vader-rover kernel: [    0.000000]   Normal zone: 126720 pages, LIFO batch:31
Jan 24 11:59:09 vader-rover kernel: [    0.000000] OMAP3630 ES1.2 (l2cache iva sgx neon isp 192mhz_clk )
Jan 24 11:59:09 vader-rover kernel: [    0.000000] Clocking rate (Crystal/Core/MPU): 26.0/400/600 MHz
Jan 24 11:59:09 vader-rover kernel: [    0.000000] pcpu-alloc: s0 r0 d32768 u32768 alloc=1*32768
Jan 24 11:59:09 vader-rover kernel: [    0.000000] pcpu-alloc: [0] 0 
Jan 24 11:59:09 vader-rover kernel: [    0.000000] Built 1 zonelists in Zone order, mobility grouping on.  Total pages: 126720
Jan 24 11:59:09 vader-rover kernel: [    0.000000] Kernel command line: console=tty0 console=ttyO2,115200n8 root=/dev/mmcblk0p2 rootwait ro earlyprintk mpurate=500 vram=12M omapdss.def_disp=dvi omapfb.mode=dvi:1024x768MR-16@60
Jan 24 11:59:09 vader-rover kernel: [    0.000000] PID hash table entries: 2048 (order: 1, 8192 bytes)
Jan 24 11:59:09 vader-rover kernel: [    0.000000] Dentry cache hash table entries: 65536 (order: 6, 262144 bytes)
Jan 24 11:59:09 vader-rover kernel: [    0.000000] Inode-cache hash table entries: 32768 (order: 5, 131072 bytes)
Jan 24 11:59:09 vader-rover kernel: [    0.000000] allocated 1048576 bytes of page_cgroup
Jan 24 11:59:09 vader-rover kernel: [    0.000000] please try 'cgroup_disable=memory' option if you don't want memory cgroups
Jan 24 11:59:09 vader-rover kernel: [    0.000000] Memory: 499MB = 499MB total
Jan 24 11:59:09 vader-rover kernel: [    0.000000] Memory: 495744k/495744k available, 28544k reserved, 0K highmem
Jan 24 11:59:09 vader-rover kernel: [    0.000000] Virtual kernel memory layout:
Jan 24 11:59:09 vader-rover kernel: [    0.000000]     vector  : 0xffff0000 - 0xffff1000   (   4 kB)
Jan 24 11:59:09 vader-rover kernel: [    0.000000]     fixmap  : 0xfff00000 - 0xfffe0000   ( 896 kB)
Jan 24 11:59:09 vader-rover kernel: [    0.000000]     vmalloc : 0xe0800000 - 0xff000000   ( 488 MB)
Jan 24 11:59:09 vader-rover kernel: [    0.000000]     lowmem  : 0xc0000000 - 0xe0000000   ( 512 MB)
Jan 24 11:59:09 vader-rover kernel: [    0.000000]     pkmap   : 0xbfe00000 - 0xc0000000   (   2 MB)
Jan 24 11:59:09 vader-rover kernel: [    0.000000]     modules : 0xbf000000 - 0xbfe00000   (  14 MB)
Jan 24 11:59:09 vader-rover kernel: [    0.000000]       .text : 0xc0008000 - 0xc067abfc   (6603 kB)
Jan 24 11:59:09 vader-rover kernel: [    0.000000]       .init : 0xc067b000 - 0xc06b2000   ( 220 kB)
Jan 24 11:59:09 vader-rover kernel: [    0.000000]       .data : 0xc06b2000 - 0xc071b268   ( 421 kB)
Jan 24 11:59:09 vader-rover kernel: [    0.000000]        .bss : 0xc071b28c - 0xc07a6020   ( 556 kB)
Jan 24 11:59:09 vader-rover kernel: [    0.000000] NR_IRQS:474
Jan 24 11:59:09 vader-rover kernel: [    0.000000] IRQ: Found an INTC at 0xfa200000 (revision 4.0) with 96 interrupts
Jan 24 11:59:09 vader-rover kernel: [    0.000000] Total of 96 interrupts on 1 active controller
Jan 24 11:59:09 vader-rover kernel: [    0.000000] OMAP clockevent source: GPTIMER1 at 32768 Hz
Jan 24 11:59:09 vader-rover kernel: [    0.000000] sched_clock: 32 bits at 32kHz, resolution 30517ns, wraps every 131071999ms
Jan 24 11:59:09 vader-rover kernel: [    0.000000] OMAP clocksource: 32k_counter at 32768 Hz
Jan 24 11:59:09 vader-rover kernel: [    0.000000] Console: colour dummy device 80x30
Jan 24 11:59:09 vader-rover kernel: [    0.000000] console [tty0] enabled
Jan 24 11:59:09 vader-rover kernel: [    0.000976] Calibrating delay loop... 597.64 BogoMIPS (lpj=2334720)
Jan 24 11:59:09 vader-rover kernel: [    0.039123] pid_max: default: 32768 minimum: 301
Jan 24 11:59:09 vader-rover kernel: [    0.039306] Security Framework initialized
Jan 24 11:59:09 vader-rover kernel: [    0.039428] Mount-cache hash table entries: 512
Jan 24 11:59:09 vader-rover kernel: [    0.040222] Initializing cgroup subsys debug
Jan 24 11:59:09 vader-rover kernel: [    0.040252] Initializing cgroup subsys cpuacct
Jan 24 11:59:09 vader-rover kernel: [    0.040283] Initializing cgroup subsys memory
Jan 24 11:59:09 vader-rover kernel: [    0.040344] Initializing cgroup subsys devices
Jan 24 11:59:09 vader-rover kernel: [    0.040374] Initializing cgroup subsys freezer
Jan 24 11:59:09 vader-rover kernel: [    0.040405] Initializing cgroup subsys perf_event
Jan 24 11:59:09 vader-rover kernel: [    0.040527] CPU: Testing write buffer coherency: ok
Jan 24 11:59:09 vader-rover kernel: [    0.040832] Setting up static identity map for 0x8046ea98 - 0x8046eaf0
Jan 24 11:59:09 vader-rover kernel: [    0.045837] devtmpfs: initialized
Jan 24 11:59:09 vader-rover kernel: [    0.050567] dummy: 
Jan 24 11:59:09 vader-rover kernel: [    0.050964] NET: Registered protocol family 16
Jan 24 11:59:09 vader-rover kernel: [    0.051422] GPMC revision 5.0
Jan 24 11:59:09 vader-rover kernel: [    0.051483] gpmc: irq-20 could not claim: err -22
Jan 24 11:59:09 vader-rover kernel: [    0.053710] gpiochip_add: registered GPIOs 0 to 31 on device: gpio
Jan 24 11:59:09 vader-rover kernel: [    0.053802] OMAP GPIO hardware version 2.5
Jan 24 11:59:09 vader-rover kernel: [    0.054046] gpiochip_add: registered GPIOs 32 to 63 on device: gpio
Jan 24 11:59:09 vader-rover kernel: [    0.054321] gpiochip_add: registered GPIOs 64 to 95 on device: gpio
Jan 24 11:59:09 vader-rover kernel: [    0.054626] gpiochip_add: registered GPIOs 96 to 127 on device: gpio
Jan 24 11:59:09 vader-rover kernel: [    0.055023] gpiochip_add: registered GPIOs 128 to 159 on device: gpio
Jan 24 11:59:09 vader-rover kernel: [    0.055297] gpiochip_add: registered GPIOs 160 to 191 on device: gpio
Jan 24 11:59:09 vader-rover kernel: [    0.056243] omap_mux_init: Add partition: #1: core, flags: 0
Jan 24 11:59:09 vader-rover kernel: [    0.061187] _omap_mux_get_by_name: Could not find signal uart4_rx.uart4_rx
Jan 24 11:59:09 vader-rover kernel: [    0.067047] Reprogramming SDRC clock to 400000000 Hz
Jan 24 11:59:09 vader-rover kernel: [    0.067077] dpll3_m2_clk rate change failed: -22
Jan 24 11:59:09 vader-rover kernel: [    0.067108] Found NAND on CS0
Jan 24 11:59:09 vader-rover kernel: [    0.067138] Registering NAND on CS0
Jan 24 11:59:09 vader-rover kernel: [    0.068328]  usbhs_omap: alias fck already exists
Jan 24 11:59:09 vader-rover kernel: [    0.075836] hw-breakpoint: debug architecture 0x4 unsupported.
Jan 24 11:59:09 vader-rover kernel: [    0.078887]  omap-mcbsp.2: alias fck already exists
Jan 24 11:59:09 vader-rover kernel: [    0.079101]  omap-mcbsp.3: alias fck already exists
Jan 24 11:59:09 vader-rover kernel: [    0.080169] Switched to new clocking rate (Crystal/Core/MPU): 26.0/400/500 MHz
Jan 24 11:59:09 vader-rover kernel: [    0.080444] OMAP DMA hardware revision 5.0
Jan 24 11:59:09 vader-rover kernel: [    0.090148] bio: create slab <bio-0> at 0
Jan 24 11:59:09 vader-rover kernel: [    0.091033] fixed-dummy: 
Jan 24 11:59:09 vader-rover kernel: [    0.091156] reg-fixed-voltage reg-fixed-voltage.0: fixed-dummy supplying 0uV
Jan 24 11:59:09 vader-rover kernel: [    0.091400] vads7846: override min_uV, 1 -> 3300000
Jan 24 11:59:09 vader-rover kernel: [    0.091430] vads7846: override max_uV, 2147483647 -> 3300000
Jan 24 11:59:09 vader-rover kernel: [    0.091430] vads7846: 3300 mV 
Jan 24 11:59:09 vader-rover kernel: [    0.091583] reg-fixed-voltage reg-fixed-voltage.1: vads7846 supplying 3300000uV
Jan 24 11:59:09 vader-rover kernel: [    0.092407] SCSI subsystem initialized
Jan 24 11:59:09 vader-rover kernel: [    0.092803] usbcore: registered new interface driver usbfs
Jan 24 11:59:09 vader-rover kernel: [    0.092987] usbcore: registered new interface driver hub
Jan 24 11:59:09 vader-rover kernel: [    0.093261] usbcore: registered new device driver usb
Jan 24 11:59:09 vader-rover kernel: [    0.093841] omap_i2c omap_i2c.1: bus 1 rev1.4.0 at 2600 kHz
Jan 24 11:59:09 vader-rover kernel: [    0.096862] twl 1-0048: PIH (irq 7) chaining IRQs 320..328
Jan 24 11:59:09 vader-rover kernel: [    0.097045] twl 1-0048: power (irq 325) chaining IRQs 328..335
Jan 24 11:59:09 vader-rover kernel: [    0.097778] twl4030_gpio twl4030_gpio: gpio (irq 320) chaining IRQs 336..353
Jan 24 11:59:09 vader-rover kernel: [    0.098175] gpiochip_add: registered GPIOs 192 to 211 on device: twl4030
Jan 24 11:59:09 vader-rover kernel: [    0.099090] VUSB1V5: override min_uV, 1 -> 1500000
Jan 24 11:59:09 vader-rover kernel: [    0.099121] VUSB1V5: override max_uV, 2147483647 -> 1500000
Jan 24 11:59:09 vader-rover kernel: [    0.099151] VUSB1V5: 1500 mV normal standby
Jan 24 11:59:09 vader-rover kernel: [    0.099731] VUSB1V8: override min_uV, 1 -> 1800000
Jan 24 11:59:09 vader-rover kernel: [    0.099761] VUSB1V8: override max_uV, 2147483647 -> 1800000
Jan 24 11:59:09 vader-rover kernel: [    0.099761] VUSB1V8: 1800 mV normal standby
Jan 24 11:59:09 vader-rover kernel: [    0.100311] VUSB3V1: override min_uV, 1 -> 3100000
Jan 24 11:59:09 vader-rover kernel: [    0.100341] VUSB3V1: override max_uV, 2147483647 -> 3100000
Jan 24 11:59:09 vader-rover kernel: [    0.100341] VUSB3V1: 3100 mV normal standby
Jan 24 11:59:09 vader-rover kernel: [    0.102142] twl4030_usb twl4030_usb: HW_CONDITIONS 0x10/16; link 0
Jan 24 11:59:09 vader-rover kernel: [    0.102416] twl4030_usb twl4030_usb: Initialized TWL4030 USB module
Jan 24 11:59:09 vader-rover kernel: [    0.103088] vdd_mpu_iva: 600 <--> 1450 mV normal 
Jan 24 11:59:09 vader-rover kernel: [    0.103637] vdd_core: 600 <--> 1450 mV normal 
Jan 24 11:59:09 vader-rover kernel: [    0.104278] VMMC1: 1850 <--> 3150 mV at 3150 mV normal standby
Jan 24 11:59:09 vader-rover kernel: [    0.104949] VDAC: 1800 mV normal standby
Jan 24 11:59:09 vader-rover kernel: [    0.105621] VDVI: 1800 mV normal standby
Jan 24 11:59:09 vader-rover kernel: [    0.117309] omap_i2c omap_i2c.3: bus 3 rev1.4.0 at 400 kHz
Jan 24 11:59:09 vader-rover kernel: [    0.118286] omap-iommu omap-iommu.0: isp registered
Jan 24 11:59:09 vader-rover kernel: [    0.118530] Advanced Linux Sound Architecture Driver Version 1.0.25.
Jan 24 11:59:09 vader-rover kernel: [    0.119628] Switching to clocksource 32k_counter
Jan 24 11:59:09 vader-rover kernel: [    0.153076] usbhs_omap usbhs_omap: xclk60mhsp2_ck set parentfailed error:-22
Jan 24 11:59:09 vader-rover kernel: [    0.154022] NET: Registered protocol family 2
Jan 24 11:59:09 vader-rover kernel: [    0.154388] IP route cache hash table entries: 4096 (order: 2, 16384 bytes)
Jan 24 11:59:09 vader-rover kernel: [    0.155090] TCP established hash table entries: 16384 (order: 5, 131072 bytes)
Jan 24 11:59:09 vader-rover kernel: [    0.155548] TCP bind hash table entries: 16384 (order: 4, 65536 bytes)
Jan 24 11:59:09 vader-rover kernel: [    0.155792] TCP: Hash tables configured (established 16384 bind 16384)
Jan 24 11:59:09 vader-rover kernel: [    0.155853] TCP: reno registered
Jan 24 11:59:09 vader-rover kernel: [    0.155883] UDP hash table entries: 256 (order: 0, 4096 bytes)
Jan 24 11:59:09 vader-rover kernel: [    0.155944] UDP-Lite hash table entries: 256 (order: 0, 4096 bytes)
Jan 24 11:59:09 vader-rover kernel: [    0.156341] NET: Registered protocol family 1
Jan 24 11:59:09 vader-rover kernel: [    0.156982] RPC: Registered named UNIX socket transport module.
Jan 24 11:59:09 vader-rover kernel: [    0.157012] RPC: Registered udp transport module.
Jan 24 11:59:09 vader-rover kernel: [    0.157043] RPC: Registered tcp transport module.
Jan 24 11:59:09 vader-rover kernel: [    0.157073] RPC: Registered tcp NFSv4.1 backchannel transport module.
Jan 24 11:59:09 vader-rover kernel: [    0.157409] Trying to unpack rootfs image as initramfs...
Jan 24 11:59:09 vader-rover kernel: [    0.366973] Freeing initrd memory: 1828K
Jan 24 11:59:09 vader-rover kernel: [    0.369934] audit: initializing netlink socket (disabled)
Jan 24 11:59:09 vader-rover kernel: [    0.370025] type=2000 audit(0.367:1): initialized
Jan 24 11:59:09 vader-rover kernel: [    0.371704] VFS: Disk quotas dquot_6.5.2
Jan 24 11:59:09 vader-rover kernel: [    0.371856] Dquot-cache hash table entries: 1024 (order 0, 4096 bytes)
Jan 24 11:59:09 vader-rover kernel: [    0.372344] NFS: Registering the id_resolver key type
Jan 24 11:59:09 vader-rover kernel: [    0.372467] Key type id_resolver registered
Jan 24 11:59:09 vader-rover kernel: [    0.373016] jffs2: version 2.2. (NAND) (SUMMARY)  Â© 2001-2006 Red Hat, Inc.
Jan 24 11:59:09 vader-rover kernel: [    0.373870] fuse init (API version 7.19)
Jan 24 11:59:09 vader-rover kernel: [    0.374603] msgmni has been set to 971
Jan 24 11:59:09 vader-rover kernel: [    0.376831] Block layer SCSI generic (bsg) driver version 0.4 loaded (major 253)
Jan 24 11:59:09 vader-rover kernel: [    0.376892] io scheduler noop registered
Jan 24 11:59:09 vader-rover kernel: [    0.376922] io scheduler deadline registered (default)
Jan 24 11:59:09 vader-rover kernel: [    0.378051] OMAP DSS rev 2.0
Jan 24 11:59:09 vader-rover kernel: [    0.381896] omap_uart.0: ttyO0 at MMIO 0x4806a000 (irq = 72) is a OMAP UART0
Jan 24 11:59:09 vader-rover kernel: [    0.382507] omap_uart.1: ttyO1 at MMIO 0x4806c000 (irq = 73) is a OMAP UART1
Jan 24 11:59:09 vader-rover kernel: [    0.383087] omap_uart.2: ttyO2 at MMIO 0x49020000 (irq = 74) is a OMAP UART2
Jan 24 11:59:09 vader-rover kernel: [    1.086853] console [ttyO2] enabled
Jan 24 11:59:09 vader-rover kernel: [    1.091125] omap_uart.3: ttyO3 at MMIO 0x49042000 (irq = 80) is a OMAP UART3
Jan 24 11:59:09 vader-rover kernel: [    1.109130] brd: module loaded
Jan 24 11:59:09 vader-rover kernel: [    1.117736] loop: module loaded
Jan 24 11:59:09 vader-rover kernel: [    1.123321] twl4030_madc twl4030_madc: clk disabled, enabling
Jan 24 11:59:09 vader-rover kernel: [    1.131774] NAND device: Manufacturer ID: 0x2c, Chip ID: 0xbc (Micron NAND 512MiB 1,8V 16-bit), page size: 2048, OOB size: 64
Jan 24 11:59:09 vader-rover kernel: [    1.160644] Creating 5 MTD partitions on "omap2-nand.0":
Jan 24 11:59:09 vader-rover kernel: [    1.166290] 0x000000000000-0x000000080000 : "xloader"
Jan 24 11:59:09 vader-rover kernel: [    1.173736] 0x000000080000-0x000000240000 : "uboot"
Jan 24 11:59:09 vader-rover kernel: [    1.182006] 0x000000240000-0x000000280000 : "uboot environment"
Jan 24 11:59:09 vader-rover kernel: [    1.189880] 0x000000280000-0x000000680000 : "linux"
Jan 24 11:59:09 vader-rover kernel: [    1.200378] 0x000000680000-0x000020000000 : "rootfs"
Jan 24 11:59:09 vader-rover kernel: [    1.711822] smsc911x: Driver version 2008-10-21
Jan 24 11:59:09 vader-rover kernel: [    1.717193] smsc911x: Driver version 2008-10-21
Jan 24 11:59:09 vader-rover kernel: [    1.722595] usbcore: registered new interface driver asix
Jan 24 11:59:09 vader-rover kernel: [    1.728393] usbcore: registered new interface driver cdc_ether
Jan 24 11:59:09 vader-rover kernel: [    1.734710] usbcore: registered new interface driver cdc_ncm
Jan 24 11:59:09 vader-rover kernel: [    1.741119] ehci_hcd: USB 2.0 'Enhanced' Host Controller (EHCI) Driver
Jan 24 11:59:09 vader-rover kernel: [    1.748077] ehci_hcd: block sizes: qh 64 qtd 96 itd 160 sitd 96
Jan 24 11:59:09 vader-rover kernel: [    1.748260] ehci-omap ehci-omap.0: failed to get ehci port1 regulator
Jan 24 11:59:09 vader-rover kernel: [    2.752655] ehci-omap ehci-omap.0: phy reset operation timed out
Jan 24 11:59:09 vader-rover kernel: [    2.752685] ehci-omap ehci-omap.0: reset hcs_params 0x1313 dbg=0 cc=1 pcc=3 ordered ports=3
Jan 24 11:59:09 vader-rover kernel: [    2.752716] ehci-omap ehci-omap.0: reset hcc_params 0016 thresh 1 uframes 256/512/1024 park
Jan 24 11:59:09 vader-rover kernel: [    2.752746] ehci-omap ehci-omap.0: reset command 0080b02  park=3 ithresh=8 period=1024 Reset HALT
Jan 24 11:59:09 vader-rover kernel: [    2.752777] ehci-omap ehci-omap.0: OMAP-EHCI Host Controller
Jan 24 11:59:09 vader-rover kernel: [    2.759155] ehci-omap ehci-omap.0: new USB bus registered, assigned bus number 1
Jan 24 11:59:09 vader-rover kernel: [    2.767120] ehci-omap ehci-omap.0: park 0
Jan 24 11:59:09 vader-rover kernel: [    2.767181] ehci-omap ehci-omap.0: irq 77, io mem 0x48064800
Jan 24 11:59:09 vader-rover kernel: [    2.773193] ehci-omap ehci-omap.0: init command 0010005 (park)=0 ithresh=1 period=512 RUN
Jan 24 11:59:09 vader-rover kernel: [    2.783935] ehci-omap ehci-omap.0: USB 2.0 started, EHCI 1.00
Jan 24 11:59:09 vader-rover kernel: [    2.790191] usb usb1: default language 0x0409
Jan 24 11:59:09 vader-rover kernel: [    2.790252] usb usb1: udev 1, busnum 1, minor = 0
Jan 24 11:59:09 vader-rover kernel: [    2.790252] usb usb1: New USB device found, idVendor=1d6b, idProduct=0002
Jan 24 11:59:09 vader-rover kernel: [    2.797485] usb usb1: New USB device strings: Mfr=3, Product=2, SerialNumber=1
Jan 24 11:59:09 vader-rover kernel: [    2.805145] usb usb1: Product: OMAP-EHCI Host Controller
Jan 24 11:59:09 vader-rover kernel: [    2.810760] usb usb1: Manufacturer: Linux 3.5.0-2-linaro-omap ehci_hcd
Jan 24 11:59:09 vader-rover kernel: [    2.817687] usb usb1: SerialNumber: ehci-omap.0
Jan 24 11:59:09 vader-rover kernel: [    2.823181] usb usb1: usb_probe_device
Jan 24 11:59:09 vader-rover kernel: [    2.823211] usb usb1: configuration #1 chosen from 1 choice
Jan 24 11:59:09 vader-rover kernel: [    2.823272] usb usb1: adding 1-0:1.0 (config #1, interface 0)
Jan 24 11:59:09 vader-rover kernel: [    2.823486] hub 1-0:1.0: usb_probe_interface
Jan 24 11:59:09 vader-rover kernel: [    2.823486] hub 1-0:1.0: usb_probe_interface - got id
Jan 24 11:59:09 vader-rover kernel: [    2.823516] hub 1-0:1.0: USB hub found
Jan 24 11:59:09 vader-rover kernel: [    2.827514] hub 1-0:1.0: 3 ports detected
Jan 24 11:59:09 vader-rover kernel: [    2.831787] hub 1-0:1.0: standalone hub
Jan 24 11:59:09 vader-rover kernel: [    2.831817] hub 1-0:1.0: individual port power switching
Jan 24 11:59:09 vader-rover kernel: [    2.831817] hub 1-0:1.0: individual port over-current protection
Jan 24 11:59:09 vader-rover kernel: [    2.831848] hub 1-0:1.0: power on to power good time: 20ms
Jan 24 11:59:09 vader-rover kernel: [    2.831878] hub 1-0:1.0: local power source is good
Jan 24 11:59:09 vader-rover kernel: [    2.831909] hub 1-0:1.0: enabling power on all ports
Jan 24 11:59:09 vader-rover kernel: [    2.832305] ehci-omap ehci-omap.0: ...powerup ports...
Jan 24 11:59:09 vader-rover kernel: [    2.862274] Initializing USB Mass Storage driver...
Jan 24 11:59:09 vader-rover kernel: [    2.867614] usbcore: registered new interface driver usb-storage
Jan 24 11:59:09 vader-rover kernel: [    2.873992] USB Mass Storage support registered.
Jan 24 11:59:09 vader-rover kernel: [    2.878906] musb-hdrc: version 6.0, ?dma?, otg (peripheral+host)
Jan 24 11:59:09 vader-rover kernel: [    2.891906] twl4030_usb twl4030_usb: twl4030_phy_resume
Jan 24 11:59:09 vader-rover kernel: [    2.892181] musb-hdrc: ConfigData=0xde (UTMI-8, dyn FIFOs, bulk combine, bulk split, HB-ISO Rx, HB-ISO Tx, SoftConn)
Jan 24 11:59:09 vader-rover kernel: [    2.892211] musb-hdrc: MHDRC RTL version 1.800 
Jan 24 11:59:09 vader-rover kernel: [    2.892211] musb-hdrc: setup fifo_mode 4
Jan 24 11:59:09 vader-rover kernel: [    2.892242] musb-hdrc: 28/31 max ep, 16384/16384 memory
Jan 24 11:59:09 vader-rover kernel: [    2.892822] musb-hdrc musb-hdrc: USB OTG mode controller at fa0ab000 using DMA, IRQ 92
Jan 24 11:59:09 vader-rover kernel: [    2.903381] twl4030_usb twl4030_usb: twl4030_phy_suspend
Jan 24 11:59:09 vader-rover kernel: [    2.904052] mousedev: PS/2 mouse device common for all mice
Jan 24 11:59:09 vader-rover kernel: [    2.910858] twl_rtc twl_rtc: Enabling TWL-RTC
Jan 24 11:59:09 vader-rover kernel: [    2.918457] twl_rtc twl_rtc: rtc core: registered twl_rtc as rtc0
Jan 24 11:59:09 vader-rover kernel: [    2.925659] i2c /dev entries driver
Jan 24 11:59:09 vader-rover kernel: [    2.931152] voltdm_scale: No voltage scale API registered for vdd_mpu_iva
Jan 24 11:59:09 vader-rover kernel: [    2.938507] ehci-omap ehci-omap.0: GetStatus port:2 status 001803 0  ACK POWER sig=j CSC CONNECT
Jan 24 11:59:09 vader-rover kernel: [    2.938537] hub 1-0:1.0: port 2: status 0501 change 0001
Jan 24 11:59:09 vader-rover kernel: [    2.938598] platform mpu.0: omap_target: unable to scale voltage up.
Jan 24 11:59:09 vader-rover kernel: [    2.945373] cpuidle: using governor ladder
Jan 24 11:59:09 vader-rover kernel: [    2.949737] cpuidle: using governor menu
Jan 24 11:59:09 vader-rover kernel: [    2.954467] omap_hsmmc omap_hsmmc.0: Failed to get debounce clk
Jan 24 11:59:09 vader-rover kernel: [    3.033966] hub 1-0:1.0: state 7 ports 3 chg 0004 evt 0000
Jan 24 11:59:09 vader-rover kernel: [    3.034027] hub 1-0:1.0: port 2, status 0501, change 0000, 480 Mb/s
Jan 24 11:59:09 vader-rover kernel: [    3.096466] ehci-omap ehci-omap.0: port 2 reset complete, port enabled
Jan 24 11:59:09 vader-rover kernel: [    3.096496] ehci-omap ehci-omap.0: GetStatus port:2 status 001005 0  ACK POWER sig=se0 PE CONNECT
Jan 24 11:59:09 vader-rover kernel: [    3.158935] usb 1-2: new high-speed USB device number 2 using ehci-omap
Jan 24 11:59:09 vader-rover kernel: [    3.221466] ehci-omap ehci-omap.0: port 2 reset complete, port enabled
Jan 24 11:59:09 vader-rover kernel: [    3.221527] ehci-omap ehci-omap.0: GetStatus port:2 status 001005 0  ACK POWER sig=se0 PE CONNECT
Jan 24 11:59:09 vader-rover kernel: [    3.315612] usb 1-2: udev 2, busnum 1, minor = 1
Jan 24 11:59:09 vader-rover kernel: [    3.315643] usb 1-2: New USB device found, idVendor=0409, idProduct=005a
Jan 24 11:59:09 vader-rover kernel: [    3.322723] usb 1-2: New USB device strings: Mfr=0, Product=0, SerialNumber=0
Jan 24 11:59:09 vader-rover kernel: [    3.331359] omap_hsmmc omap_hsmmc.1: Failed to get debounce clk
Jan 24 11:59:09 vader-rover kernel: [    3.338043] usb 1-2: usb_probe_device
Jan 24 11:59:09 vader-rover kernel: [    3.338073] usb 1-2: configuration #1 chosen from 1 choice
Jan 24 11:59:09 vader-rover kernel: [    3.338378] usb 1-2: adding 1-2:1.0 (config #1, interface 0)
Jan 24 11:59:09 vader-rover kernel: [    3.339935] hub 1-2:1.0: usb_probe_interface
Jan 24 11:59:09 vader-rover kernel: [    3.339935] hub 1-2:1.0: usb_probe_interface - got id
Jan 24 11:59:09 vader-rover kernel: [    3.339965] hub 1-2:1.0: USB hub found
Jan 24 11:59:09 vader-rover kernel: [    3.346588] hub 1-2:1.0: 4 ports detected
Jan 24 11:59:09 vader-rover kernel: [    3.350891] hub 1-2:1.0: standalone hub
Jan 24 11:59:09 vader-rover kernel: [    3.350891] hub 1-2:1.0: individual port power switching
Jan 24 11:59:09 vader-rover kernel: [    3.350921] hub 1-2:1.0: individual port over-current protection
Jan 24 11:59:09 vader-rover kernel: [    3.350921] hub 1-2:1.0: Single TT
Jan 24 11:59:09 vader-rover kernel: [    3.350952] hub 1-2:1.0: TT requires at most 16 FS bit times (1332 ns)
Jan 24 11:59:09 vader-rover kernel: [    3.350952] hub 1-2:1.0: power on to power good time: 100ms
Jan 24 11:59:09 vader-rover kernel: [    3.351226] hub 1-2:1.0: local power source is good
Jan 24 11:59:09 vader-rover kernel: [    3.351257] hub 1-2:1.0: enabling power on all ports
Jan 24 11:59:09 vader-rover kernel: [    3.378295] Registered led device: overo:red:gpio21
Jan 24 11:59:09 vader-rover kernel: [    3.378448] Registered led device: overo:blue:gpio22
Jan 24 11:59:09 vader-rover kernel: [    3.379455] Registered led device: overo:blue:COM
Jan 24 11:59:09 vader-rover kernel: [    3.381439] usbcore: registered new interface driver usbhid
Jan 24 11:59:09 vader-rover kernel: [    3.387451] usbhid: USB HID core driver
Jan 24 11:59:09 vader-rover kernel: [    3.392242] usbcore: registered new interface driver snd-usb-audio
Jan 24 11:59:09 vader-rover kernel: [    3.400329] overo SoC init
Jan 24 11:59:09 vader-rover kernel: [    3.403472] soc-audio soc-audio: ASoC machine overo should use snd_soc_register_card()
Jan 24 11:59:09 vader-rover kernel: [    3.448272] hub 1-2:1.0: port 1: status 0101 change 0001
Jan 24 11:59:09 vader-rover kernel: [    3.448699] hub 1-2:1.0: port 3: status 0101 change 0001
Jan 24 11:59:09 vader-rover kernel: [    3.448974] hub 1-2:1.0: port 4: status 0101 change 0001
Jan 24 11:59:09 vader-rover kernel: [    3.496124] twl4030-codec twl4030-codec: ASoC: Failed to create Capture debugfs file
Jan 24 11:59:09 vader-rover kernel: [    3.508728] asoc: twl4030-hifi <-> omap-mcbsp.2 mapping ok
Jan 24 11:59:09 vader-rover kernel: [    3.519897] oprofile: hardware counters not available
Jan 24 11:59:09 vader-rover kernel: [    3.525238] oprofile: using timer interrupt.
Jan 24 11:59:09 vader-rover kernel: [    3.530883] TCP: cubic registered
Jan 24 11:59:09 vader-rover kernel: [    3.534454] NET: Registered protocol family 17
Jan 24 11:59:09 vader-rover kernel: [    3.539184] NET: Registered protocol family 15
Jan 24 11:59:09 vader-rover kernel: [    3.544036] Key type dns_resolver registered
Jan 24 11:59:09 vader-rover kernel: [    3.552001] usb 1-2: link qh256-0001/de6c6b00 start 1 [1/0 us]
Jan 24 11:59:09 vader-rover kernel: [    3.552093] hub 1-2:1.0: state 7 ports 4 chg 001a evt 0000
Jan 24 11:59:09 vader-rover kernel: [    3.548797] VFP support v0.3: implementor 41 architecture 3 part 30 variant c rev 3
Jan 24 11:59:09 vader-rover kernel: [    3.557525] hub 1-2:1.0: port 1, status 0101, change 0000, 12 Mb/s
Jan 24 11:59:09 vader-rover kernel: [    3.563659] ThumbEE CPU extension supported.
Jan 24 11:59:09 vader-rover kernel: [    3.568267] sr_init: No PMIC hook to init smartreflex
Jan 24 11:59:09 vader-rover kernel: [    3.573913] smartreflex smartreflex.0: omap_sr_probe: SmartReflex driver initialized
Jan 24 11:59:09 vader-rover kernel: [    3.583129] smartreflex smartreflex.1: omap_sr_probe: SmartReflex driver initialized
Jan 24 11:59:09 vader-rover kernel: [    3.600036] clock: disabling unused clocks to save power
Jan 24 11:59:09 vader-rover kernel: [    3.607421] registered taskstats version 1
Jan 24 11:59:09 vader-rover kernel: [    3.612762] fbcvt: 1024x768@60: CVT Name - .786M3-R
Jan 24 11:59:09 vader-rover kernel: [    3.639617] Console: switching to colour frame buffer device 128x48
Jan 24 11:59:09 vader-rover kernel: [    3.643615] usb 1-2.1: new full-speed USB device number 3 using ehci-omap
Jan 24 11:59:09 vader-rover kernel: [    3.670166] VDAC: incomplete constraints, leaving on
Jan 24 11:59:09 vader-rover kernel: [    3.678558] twl_rtc twl_rtc: setting system clock to 2014-01-24 16:58:57 UTC (1390582737)
Jan 24 11:59:09 vader-rover kernel: [    3.687622] ALSA device list:
Jan 24 11:59:09 vader-rover kernel: [    3.690887]   #0: overo
Jan 24 11:59:09 vader-rover kernel: [    3.694366] Freeing init memory: 220K
Jan 24 11:59:09 vader-rover kernel: [    3.710479] mmc0: host does not support reading read-only switch. assuming write-enable.
Jan 24 11:59:09 vader-rover kernel: [    3.730102] mmc0: new high speed SDXC card at address e624
Jan 24 11:59:09 vader-rover kernel: [    3.745117] mmcblk0: mmc0:e624 SU64G 59.4 GiB 
Jan 24 11:59:09 vader-rover kernel: [    3.758666]  mmcblk0: p1 p2
Jan 24 11:59:09 vader-rover kernel: [    3.763000] usb 1-2.1: default language 0x0409
Jan 24 11:59:09 vader-rover kernel: [    3.763488] usb 1-2.1: udev 3, busnum 1, minor = 2
Jan 24 11:59:09 vader-rover kernel: [    3.763519] usb 1-2.1: New USB device found, idVendor=067b, idProduct=2303
Jan 24 11:59:09 vader-rover kernel: [    3.799041] usb 1-2.1: New USB device strings: Mfr=1, Product=2, SerialNumber=0
Jan 24 11:59:09 vader-rover kernel: [    3.819488] usb 1-2.1: Product: USB-Serial Controller D
Jan 24 11:59:09 vader-rover kernel: [    3.831054] usb 1-2.1: Manufacturer: Prolific Technology Inc. 
Jan 24 11:59:09 vader-rover kernel: [    3.845855] usb 1-2.1: usb_probe_device
Jan 24 11:59:09 vader-rover kernel: [    3.845886] usb 1-2.1: configuration #1 chosen from 1 choice
Jan 24 11:59:09 vader-rover kernel: [    3.846282] usb 1-2.1: adding 1-2.1:1.0 (config #1, interface 0)
Jan 24 11:59:09 vader-rover kernel: [    3.848785] mmc1: new SDIO card at address 0001
Jan 24 11:59:09 vader-rover kernel: [    3.854156] hub 1-2:1.0: port 3, status 0101, change 0000, 12 Mb/s
Jan 24 11:59:09 vader-rover kernel: [    3.948516] usb 1-2.3: new high-speed USB device number 4 using ehci-omap
Jan 24 11:59:09 vader-rover kernel: [    3.995147] hub 1-2:1.0: port 3 not reset yet, waiting 10ms
Jan 24 11:59:09 vader-rover kernel: [    4.117431] usb 1-2.3: default language 0x0409
Jan 24 11:59:09 vader-rover kernel: [    4.126190] usb 1-2.3: udev 4, busnum 1, minor = 3
Jan 24 11:59:09 vader-rover kernel: [    4.126220] usb 1-2.3: New USB device found, idVendor=1e10, idProduct=2004
Jan 24 11:59:09 vader-rover kernel: [    4.181213] usb 1-2.3: New USB device strings: Mfr=1, Product=2, SerialNumber=3
Jan 24 11:59:09 vader-rover kernel: [    4.247344] usb 1-2.3: Product: USB 2.0 Digital Imaging Camera
Jan 24 11:59:09 vader-rover kernel: [    4.288848] usb 1-2.3: Manufacturer: Point Grey Research
Jan 24 11:59:09 vader-rover kernel: [    4.330139] usb 1-2.3: SerialNumber: 00BB1D77
Jan 24 11:59:09 vader-rover kernel: [    4.355682] usb 1-2.3: usb_probe_device
Jan 24 11:59:09 vader-rover kernel: [    4.355712] usb 1-2.3: configuration #1 chosen from 1 choice
Jan 24 11:59:09 vader-rover kernel: [    4.356475] usb 1-2.3: adding 1-2.3:1.0 (config #1, interface 0)
Jan 24 11:59:09 vader-rover kernel: [    4.362182] hub 1-2:1.0: port 4, status 0101, change 0000, 12 Mb/s
Jan 24 11:59:09 vader-rover kernel: [    4.448394] usb 1-2.4: new high-speed USB device number 5 using ehci-omap
Jan 24 11:59:09 vader-rover kernel: [    4.589385] usb 1-2.4: udev 5, busnum 1, minor = 4
Jan 24 11:59:09 vader-rover kernel: [    4.589416] usb 1-2.4: New USB device found, idVendor=0409, idProduct=005a
Jan 24 11:59:09 vader-rover kernel: [    4.619934] usb 1-2.4: New USB device strings: Mfr=0, Product=0, SerialNumber=0
Jan 24 11:59:09 vader-rover kernel: [    4.643981] usb 1-2.4: usb_probe_device
Jan 24 11:59:09 vader-rover kernel: [    4.644012] usb 1-2.4: configuration #1 chosen from 1 choice
Jan 24 11:59:09 vader-rover kernel: [    4.644409] usb 1-2.4: adding 1-2.4:1.0 (config #1, interface 0)
Jan 24 11:59:09 vader-rover kernel: [    4.644653] hub 1-2.4:1.0: usb_probe_interface
Jan 24 11:59:09 vader-rover kernel: [    4.644683] hub 1-2.4:1.0: usb_probe_interface - got id
Jan 24 11:59:09 vader-rover kernel: [    4.644714] hub 1-2.4:1.0: USB hub found
