Oct 27 16:50:03 vader-rover kernel: imklog 5.8.6, log source = /proc/kmsg started.
Oct 27 16:50:03 vader-rover rsyslogd: [origin software="rsyslogd" swVersion="5.8.6" x-pid="504" x-info="http://www.rsyslog.com"] start
Oct 27 16:50:03 vader-rover rsyslogd: rsyslogd's groupid changed to 103
Oct 27 16:50:03 vader-rover rsyslogd: rsyslogd's userid changed to 101
Oct 27 16:50:03 vader-rover rsyslogd-2039: Could not open output pipe '/dev/xconsole' [try http://www.rsyslog.com/e/2039 ]
Oct 27 16:50:03 vader-rover kernel: [    0.000000] Booting Linux on physical CPU 0
Oct 27 16:50:03 vader-rover kernel: [    0.000000] Initializing cgroup subsys cpuset
Oct 27 16:50:03 vader-rover kernel: [    0.000000] Initializing cgroup subsys cpu
Oct 27 16:50:03 vader-rover kernel: [    0.000000] Linux version 3.5.0-2-linaro-omap (adam@pine) (gcc version 4.6.3 (Ubuntu/Linaro 4.6.3-1ubuntu5) ) #2~ci+121210190143 PREEMPT Mon Dec 10 11:03:27 PST 2012
Oct 27 16:50:03 vader-rover kernel: [    0.000000] CPU: ARMv7 Processor [413fc082] revision 2 (ARMv7), cr=10c53c7d
Oct 27 16:50:03 vader-rover kernel: [    0.000000] CPU: PIPT / VIPT nonaliasing data cache, VIPT aliasing instruction cache
Oct 27 16:50:03 vader-rover kernel: [    0.000000] Machine: Gumstix Overo
Oct 27 16:50:03 vader-rover kernel: [    0.000000] Reserving 12582912 bytes SDRAM for VRAM
Oct 27 16:50:03 vader-rover kernel: [    0.000000] Memory policy: ECC disabled, Data cache writeback
Oct 27 16:50:03 vader-rover kernel: [    0.000000] On node 0 totalpages: 127744
Oct 27 16:50:03 vader-rover kernel: [    0.000000] free_area_init_node: node 0, pgdat c070b85c, node_mem_map c07a7000
Oct 27 16:50:03 vader-rover kernel: [    0.000000]   Normal zone: 1024 pages used for memmap
Oct 27 16:50:03 vader-rover kernel: [    0.000000]   Normal zone: 0 pages reserved
Oct 27 16:50:03 vader-rover kernel: [    0.000000]   Normal zone: 126720 pages, LIFO batch:31
Oct 27 16:50:03 vader-rover kernel: [    0.000000] OMAP3630 ES1.2 (l2cache iva sgx neon isp 192mhz_clk )
Oct 27 16:50:03 vader-rover kernel: [    0.000000] Clocking rate (Crystal/Core/MPU): 26.0/332/600 MHz
Oct 27 16:50:03 vader-rover kernel: [    0.000000] pcpu-alloc: s0 r0 d32768 u32768 alloc=1*32768
Oct 27 16:50:03 vader-rover kernel: [    0.000000] pcpu-alloc: [0] 0 
Oct 27 16:50:03 vader-rover kernel: [    0.000000] Built 1 zonelists in Zone order, mobility grouping on.  Total pages: 126720
Oct 27 16:50:03 vader-rover kernel: [    0.000000] Kernel command line: console=tty0 console=ttyO2,115200n8 root=/dev/mmcblk0p2 rootwait ro earlyprintk mpurate=720 vram=12M omapdss.def_disp=dvi omapfb.mode=dvi:1024x768MR-16@60
Oct 27 16:50:03 vader-rover kernel: [    0.000000] PID hash table entries: 2048 (order: 1, 8192 bytes)
Oct 27 16:50:03 vader-rover kernel: [    0.000000] Dentry cache hash table entries: 65536 (order: 6, 262144 bytes)
Oct 27 16:50:03 vader-rover kernel: [    0.000000] Inode-cache hash table entries: 32768 (order: 5, 131072 bytes)
Oct 27 16:50:03 vader-rover kernel: [    0.000000] allocated 1048576 bytes of page_cgroup
Oct 27 16:50:03 vader-rover kernel: [    0.000000] please try 'cgroup_disable=memory' option if you don't want memory cgroups
Oct 27 16:50:03 vader-rover kernel: [    0.000000] Memory: 499MB = 499MB total
Oct 27 16:50:03 vader-rover kernel: [    0.000000] Memory: 496084k/496084k available, 28204k reserved, 0K highmem
Oct 27 16:50:03 vader-rover kernel: [    0.000000] Virtual kernel memory layout:
Oct 27 16:50:03 vader-rover kernel: [    0.000000]     vector  : 0xffff0000 - 0xffff1000   (   4 kB)
Oct 27 16:50:03 vader-rover kernel: [    0.000000]     fixmap  : 0xfff00000 - 0xfffe0000   ( 896 kB)
Oct 27 16:50:03 vader-rover kernel: [    0.000000]     vmalloc : 0xe0800000 - 0xff000000   ( 488 MB)
Oct 27 16:50:03 vader-rover kernel: [    0.000000]     lowmem  : 0xc0000000 - 0xe0000000   ( 512 MB)
Oct 27 16:50:03 vader-rover kernel: [    0.000000]     pkmap   : 0xbfe00000 - 0xc0000000   (   2 MB)
Oct 27 16:50:03 vader-rover kernel: [    0.000000]     modules : 0xbf000000 - 0xbfe00000   (  14 MB)
Oct 27 16:50:03 vader-rover kernel: [    0.000000]       .text : 0xc0008000 - 0xc067abfc   (6603 kB)
Oct 27 16:50:03 vader-rover kernel: [    0.000000]       .init : 0xc067b000 - 0xc06b2000   ( 220 kB)
Oct 27 16:50:03 vader-rover kernel: [    0.000000]       .data : 0xc06b2000 - 0xc071b268   ( 421 kB)
Oct 27 16:50:03 vader-rover kernel: [    0.000000]        .bss : 0xc071b28c - 0xc07a6020   ( 556 kB)
Oct 27 16:50:03 vader-rover kernel: [    0.000000] NR_IRQS:474
Oct 27 16:50:03 vader-rover kernel: [    0.000000] IRQ: Found an INTC at 0xfa200000 (revision 4.0) with 96 interrupts
Oct 27 16:50:03 vader-rover kernel: [    0.000000] Total of 96 interrupts on 1 active controller
Oct 27 16:50:03 vader-rover kernel: [    0.000000] OMAP clockevent source: GPTIMER1 at 32768 Hz
Oct 27 16:50:03 vader-rover kernel: [    0.000000] sched_clock: 32 bits at 32kHz, resolution 30517ns, wraps every 131071999ms
Oct 27 16:50:03 vader-rover kernel: [    0.000000] OMAP clocksource: 32k_counter at 32768 Hz
Oct 27 16:50:03 vader-rover kernel: [    0.000000] Console: colour dummy device 80x30
Oct 27 16:50:03 vader-rover kernel: [    0.000000] console [tty0] enabled
Oct 27 16:50:03 vader-rover kernel: [    0.001007] Calibrating delay loop... 597.64 BogoMIPS (lpj=2334720)
Oct 27 16:50:03 vader-rover kernel: [    0.039093] pid_max: default: 32768 minimum: 301
Oct 27 16:50:03 vader-rover kernel: [    0.039306] Security Framework initialized
Oct 27 16:50:03 vader-rover kernel: [    0.039428] Mount-cache hash table entries: 512
Oct 27 16:50:03 vader-rover kernel: [    0.040222] Initializing cgroup subsys debug
Oct 27 16:50:03 vader-rover kernel: [    0.040252] Initializing cgroup subsys cpuacct
Oct 27 16:50:03 vader-rover kernel: [    0.040283] Initializing cgroup subsys memory
Oct 27 16:50:03 vader-rover kernel: [    0.040344] Initializing cgroup subsys devices
Oct 27 16:50:03 vader-rover kernel: [    0.040374] Initializing cgroup subsys freezer
Oct 27 16:50:03 vader-rover kernel: [    0.040405] Initializing cgroup subsys perf_event
Oct 27 16:50:03 vader-rover kernel: [    0.040557] CPU: Testing write buffer coherency: ok
Oct 27 16:50:03 vader-rover kernel: [    0.040863] Setting up static identity map for 0x8046ea98 - 0x8046eaf0
Oct 27 16:50:03 vader-rover kernel: [    0.046020] devtmpfs: initialized
Oct 27 16:50:03 vader-rover kernel: [    0.050872] dummy: 
Oct 27 16:50:03 vader-rover kernel: [    0.051269] NET: Registered protocol family 16
Oct 27 16:50:03 vader-rover kernel: [    0.051727] GPMC revision 5.0
Oct 27 16:50:03 vader-rover kernel: [    0.051788] gpmc: irq-20 could not claim: err -22
Oct 27 16:50:03 vader-rover kernel: [    0.053466] gpiochip_add: registered GPIOs 0 to 31 on device: gpio
Oct 27 16:50:03 vader-rover kernel: [    0.053588] OMAP GPIO hardware version 2.5
Oct 27 16:50:03 vader-rover kernel: [    0.053833] gpiochip_add: registered GPIOs 32 to 63 on device: gpio
Oct 27 16:50:03 vader-rover kernel: [    0.054107] gpiochip_add: registered GPIOs 64 to 95 on device: gpio
Oct 27 16:50:03 vader-rover kernel: [    0.054382] gpiochip_add: registered GPIOs 96 to 127 on device: gpio
Oct 27 16:50:03 vader-rover kernel: [    0.054656] gpiochip_add: registered GPIOs 128 to 159 on device: gpio
Oct 27 16:50:03 vader-rover kernel: [    0.055084] gpiochip_add: registered GPIOs 160 to 191 on device: gpio
Oct 27 16:50:03 vader-rover kernel: [    0.055999] omap_mux_init: Add partition: #1: core, flags: 0
Oct 27 16:50:03 vader-rover kernel: [    0.061004] _omap_mux_get_by_name: Could not find signal uart4_rx.uart4_rx
Oct 27 16:50:03 vader-rover kernel: [    0.066894] Reprogramming SDRC clock to 332000000 Hz
Oct 27 16:50:03 vader-rover kernel: [    0.066925] dpll3_m2_clk rate change failed: -22
Oct 27 16:50:03 vader-rover kernel: [    0.066955] Found NAND on CS0
Oct 27 16:50:03 vader-rover kernel: [    0.066955] Registering NAND on CS0
Oct 27 16:50:03 vader-rover kernel: [    0.068176]  usbhs_omap: alias fck already exists
Oct 27 16:50:03 vader-rover kernel: [    0.075683] hw-breakpoint: debug architecture 0x4 unsupported.
Oct 27 16:50:03 vader-rover kernel: [    0.078765]  omap-mcbsp.2: alias fck already exists
Oct 27 16:50:03 vader-rover kernel: [    0.078979]  omap-mcbsp.3: alias fck already exists
Oct 27 16:50:03 vader-rover kernel: [    0.080047] Switched to new clocking rate (Crystal/Core/MPU): 26.0/332/720 MHz
Oct 27 16:50:03 vader-rover kernel: [    0.080291] OMAP DMA hardware revision 5.0
Oct 27 16:50:03 vader-rover kernel: [    0.087310] bio: create slab <bio-0> at 0
Oct 27 16:50:03 vader-rover kernel: [    0.088012] fixed-dummy: 
Oct 27 16:50:03 vader-rover kernel: [    0.088104] reg-fixed-voltage reg-fixed-voltage.0: fixed-dummy supplying 0uV
Oct 27 16:50:03 vader-rover kernel: [    0.088287] vads7846: override min_uV, 1 -> 3300000
Oct 27 16:50:03 vader-rover kernel: [    0.088287] vads7846: override max_uV, 2147483647 -> 3300000
Oct 27 16:50:03 vader-rover kernel: [    0.088317] vads7846: 3300 mV 
Oct 27 16:50:03 vader-rover kernel: [    0.088409] reg-fixed-voltage reg-fixed-voltage.1: vads7846 supplying 3300000uV
Oct 27 16:50:03 vader-rover kernel: [    0.089019] SCSI subsystem initialized
Oct 27 16:50:03 vader-rover kernel: [    0.089294] usbcore: registered new interface driver usbfs
Oct 27 16:50:03 vader-rover kernel: [    0.089447] usbcore: registered new interface driver hub
Oct 27 16:50:03 vader-rover kernel: [    0.089660] usbcore: registered new device driver usb
Oct 27 16:50:03 vader-rover kernel: [    0.090087] omap_i2c omap_i2c.1: bus 1 rev1.4.0 at 2600 kHz
Oct 27 16:50:03 vader-rover kernel: [    0.092651] twl 1-0048: PIH (irq 7) chaining IRQs 320..328
Oct 27 16:50:03 vader-rover kernel: [    0.092773] twl 1-0048: power (irq 325) chaining IRQs 328..335
Oct 27 16:50:03 vader-rover kernel: [    0.093353] twl4030_gpio twl4030_gpio: gpio (irq 320) chaining IRQs 336..353
Oct 27 16:50:03 vader-rover kernel: [    0.093658] gpiochip_add: registered GPIOs 192 to 211 on device: twl4030
Oct 27 16:50:03 vader-rover kernel: [    0.094390] VUSB1V5: override min_uV, 1 -> 1500000
Oct 27 16:50:03 vader-rover kernel: [    0.094421] VUSB1V5: override max_uV, 2147483647 -> 1500000
Oct 27 16:50:03 vader-rover kernel: [    0.094421] VUSB1V5: 1500 mV normal standby
Oct 27 16:50:03 vader-rover kernel: [    0.094879] VUSB1V8: override min_uV, 1 -> 1800000
Oct 27 16:50:03 vader-rover kernel: [    0.094909] VUSB1V8: override max_uV, 2147483647 -> 1800000
Oct 27 16:50:03 vader-rover kernel: [    0.094909] VUSB1V8: 1800 mV normal standby
Oct 27 16:50:03 vader-rover kernel: [    0.095306] VUSB3V1: override min_uV, 1 -> 3100000
Oct 27 16:50:03 vader-rover kernel: [    0.095336] VUSB3V1: override max_uV, 2147483647 -> 3100000
Oct 27 16:50:03 vader-rover kernel: [    0.095336] VUSB3V1: 3100 mV normal standby
Oct 27 16:50:03 vader-rover kernel: [    0.096771] twl4030_usb twl4030_usb: HW_CONDITIONS 0x10/16; link 0
Oct 27 16:50:03 vader-rover kernel: [    0.097015] twl4030_usb twl4030_usb: Initialized TWL4030 USB module
Oct 27 16:50:03 vader-rover kernel: [    0.097473] vdd_mpu_iva: 600 <--> 1450 mV normal 
Oct 27 16:50:03 vader-rover kernel: [    0.097900] vdd_core: 600 <--> 1450 mV normal 
Oct 27 16:50:03 vader-rover kernel: [    0.098358] VMMC1: 1850 <--> 3150 mV at 3000 mV normal standby
Oct 27 16:50:03 vader-rover kernel: [    0.098876] VDAC: 1800 mV normal standby
Oct 27 16:50:03 vader-rover kernel: [    0.099365] VDVI: 1800 mV normal standby
Oct 27 16:50:03 vader-rover kernel: [    0.109436] omap_i2c omap_i2c.3: bus 3 rev1.4.0 at 400 kHz
Oct 27 16:50:03 vader-rover kernel: [    0.110198] omap-iommu omap-iommu.0: isp registered
Oct 27 16:50:03 vader-rover kernel: [    0.110412] Advanced Linux Sound Architecture Driver Version 1.0.25.
Oct 27 16:50:03 vader-rover kernel: [    0.111236] Switching to clocksource 32k_counter
Oct 27 16:50:03 vader-rover kernel: [    0.135803] usbhs_omap usbhs_omap: xclk60mhsp2_ck set parentfailed error:-22
Oct 27 16:50:03 vader-rover kernel: [    0.136566] NET: Registered protocol family 2
Oct 27 16:50:03 vader-rover kernel: [    0.136871] IP route cache hash table entries: 4096 (order: 2, 16384 bytes)
Oct 27 16:50:03 vader-rover kernel: [    0.137420] TCP established hash table entries: 16384 (order: 5, 131072 bytes)
Oct 27 16:50:03 vader-rover kernel: [    0.137725] TCP bind hash table entries: 16384 (order: 4, 65536 bytes)
Oct 27 16:50:03 vader-rover kernel: [    0.137908] TCP: Hash tables configured (established 16384 bind 16384)
Oct 27 16:50:03 vader-rover kernel: [    0.137939] TCP: reno registered
Oct 27 16:50:03 vader-rover kernel: [    0.137969] UDP hash table entries: 256 (order: 0, 4096 bytes)
Oct 27 16:50:03 vader-rover kernel: [    0.138000] UDP-Lite hash table entries: 256 (order: 0, 4096 bytes)
Oct 27 16:50:03 vader-rover kernel: [    0.138305] NET: Registered protocol family 1
Oct 27 16:50:03 vader-rover kernel: [    0.138824] RPC: Registered named UNIX socket transport module.
Oct 27 16:50:03 vader-rover kernel: [    0.138854] RPC: Registered udp transport module.
Oct 27 16:50:03 vader-rover kernel: [    0.138885] RPC: Registered tcp transport module.
Oct 27 16:50:03 vader-rover kernel: [    0.138916] RPC: Registered tcp NFSv4.1 backchannel transport module.
Oct 27 16:50:03 vader-rover kernel: [    0.139160] Trying to unpack rootfs image as initramfs...
Oct 27 16:50:03 vader-rover kernel: [    0.254241] Freeing initrd memory: 1488K
Oct 27 16:50:03 vader-rover kernel: [    0.256561] audit: initializing netlink socket (disabled)
Oct 27 16:50:03 vader-rover kernel: [    0.256652] type=2000 audit(0.250:1): initialized
Oct 27 16:50:03 vader-rover kernel: [    0.258026] VFS: Disk quotas dquot_6.5.2
Oct 27 16:50:03 vader-rover kernel: [    0.258148] Dquot-cache hash table entries: 1024 (order 0, 4096 bytes)
Oct 27 16:50:03 vader-rover kernel: [    0.258483] NFS: Registering the id_resolver key type
Oct 27 16:50:03 vader-rover kernel: [    0.258575] Key type id_resolver registered
Oct 27 16:50:03 vader-rover kernel: [    0.259033] jffs2: version 2.2. (NAND) (SUMMARY)  Â© 2001-2006 Red Hat, Inc.
Oct 27 16:50:03 vader-rover kernel: [    0.259674] fuse init (API version 7.19)
Oct 27 16:50:03 vader-rover kernel: [    0.260284] msgmni has been set to 971
Oct 27 16:50:03 vader-rover kernel: [    0.261962] Block layer SCSI generic (bsg) driver version 0.4 loaded (major 253)
Oct 27 16:50:03 vader-rover kernel: [    0.261993] io scheduler noop registered
Oct 27 16:50:03 vader-rover kernel: [    0.262023] io scheduler deadline registered (default)
Oct 27 16:50:03 vader-rover kernel: [    0.262786] OMAP DSS rev 2.0
Oct 27 16:50:03 vader-rover kernel: [    0.265747] omap_uart.0: ttyO0 at MMIO 0x4806a000 (irq = 72) is a OMAP UART0
Oct 27 16:50:03 vader-rover kernel: [    0.266235] omap_uart.1: ttyO1 at MMIO 0x4806c000 (irq = 73) is a OMAP UART1
Oct 27 16:50:03 vader-rover kernel: [    0.266662] omap_uart.2: ttyO2 at MMIO 0x49020000 (irq = 74) is a OMAP UART2
Oct 27 16:50:03 vader-rover kernel: [    0.967864] console [ttyO2] enabled
Oct 27 16:50:03 vader-rover kernel: [    0.971984] omap_uart.3: ttyO3 at MMIO 0x49042000 (irq = 80) is a OMAP UART3
Oct 27 16:50:03 vader-rover kernel: [    0.986938] brd: module loaded
Oct 27 16:50:03 vader-rover kernel: [    0.993988] loop: module loaded
Oct 27 16:50:03 vader-rover kernel: [    0.998809] twl4030_madc twl4030_madc: clk disabled, enabling
Oct 27 16:50:03 vader-rover kernel: [    1.006805] NAND device: Manufacturer ID: 0x2c, Chip ID: 0xbc (Micron NAND 512MiB 1,8V 16-bit), page size: 2048, OOB size: 64
Oct 27 16:50:03 vader-rover kernel: [    1.031494] Creating 5 MTD partitions on "omap2-nand.0":
Oct 27 16:50:03 vader-rover kernel: [    1.037292] 0x000000000000-0x000000080000 : "xloader"
Oct 27 16:50:03 vader-rover kernel: [    1.044158] 0x000000080000-0x000000240000 : "uboot"
Oct 27 16:50:03 vader-rover kernel: [    1.051513] 0x000000240000-0x000000280000 : "uboot environment"
Oct 27 16:50:03 vader-rover kernel: [    1.058898] 0x000000280000-0x000000680000 : "linux"
Oct 27 16:50:03 vader-rover kernel: [    1.067749] 0x000000680000-0x000020000000 : "rootfs"
Oct 27 16:50:03 vader-rover kernel: [    1.426300] smsc911x: Driver version 2008-10-21
Oct 27 16:50:03 vader-rover kernel: [    1.431488] smsc911x: Driver version 2008-10-21
Oct 27 16:50:03 vader-rover kernel: [    1.436737] usbcore: registered new interface driver asix
Oct 27 16:50:03 vader-rover kernel: [    1.442535] usbcore: registered new interface driver cdc_ether
Oct 27 16:50:03 vader-rover kernel: [    1.448791] usbcore: registered new interface driver cdc_ncm
Oct 27 16:50:03 vader-rover kernel: [    1.455047] ehci_hcd: USB 2.0 'Enhanced' Host Controller (EHCI) Driver
Oct 27 16:50:03 vader-rover kernel: [    1.461944] ehci_hcd: block sizes: qh 64 qtd 96 itd 160 sitd 96
Oct 27 16:50:03 vader-rover kernel: [    1.462097] ehci-omap ehci-omap.0: failed to get ehci port1 regulator
Oct 27 16:50:03 vader-rover kernel: [    2.462951] ehci-omap ehci-omap.0: phy reset operation timed out
Oct 27 16:50:03 vader-rover kernel: [    2.462982] ehci-omap ehci-omap.0: reset hcs_params 0x1313 dbg=0 cc=1 pcc=3 ordered ports=3
Oct 27 16:50:03 vader-rover kernel: [    2.462982] ehci-omap ehci-omap.0: reset hcc_params 0016 thresh 1 uframes 256/512/1024 park
Oct 27 16:50:03 vader-rover kernel: [    2.463012] ehci-omap ehci-omap.0: reset command 0080b02  park=3 ithresh=8 period=1024 Reset HALT
Oct 27 16:50:03 vader-rover kernel: [    2.463043] ehci-omap ehci-omap.0: OMAP-EHCI Host Controller
Oct 27 16:50:03 vader-rover kernel: [    2.469299] ehci-omap ehci-omap.0: new USB bus registered, assigned bus number 1
Oct 27 16:50:03 vader-rover kernel: [    2.477203] ehci-omap ehci-omap.0: park 0
Oct 27 16:50:03 vader-rover kernel: [    2.477264] ehci-omap ehci-omap.0: irq 77, io mem 0x48064800
Oct 27 16:50:03 vader-rover kernel: [    2.483245] ehci-omap ehci-omap.0: init command 0010005 (park)=0 ithresh=1 period=512 RUN
Oct 27 16:50:03 vader-rover kernel: [    2.494262] ehci-omap ehci-omap.0: USB 2.0 started, EHCI 1.00
Oct 27 16:50:03 vader-rover kernel: [    2.500427] usb usb1: default language 0x0409
Oct 27 16:50:03 vader-rover kernel: [    2.500488] usb usb1: udev 1, busnum 1, minor = 0
Oct 27 16:50:03 vader-rover kernel: [    2.500488] usb usb1: New USB device found, idVendor=1d6b, idProduct=0002
Oct 27 16:50:03 vader-rover kernel: [    2.507659] usb usb1: New USB device strings: Mfr=3, Product=2, SerialNumber=1
Oct 27 16:50:03 vader-rover kernel: [    2.515289] usb usb1: Product: OMAP-EHCI Host Controller
Oct 27 16:50:03 vader-rover kernel: [    2.520874] usb usb1: Manufacturer: Linux 3.5.0-2-linaro-omap ehci_hcd
Oct 27 16:50:03 vader-rover kernel: [    2.527740] usb usb1: SerialNumber: ehci-omap.0
Oct 27 16:50:03 vader-rover kernel: [    2.532989] usb usb1: usb_probe_device
Oct 27 16:50:03 vader-rover kernel: [    2.533020] usb usb1: configuration #1 chosen from 1 choice
Oct 27 16:50:03 vader-rover kernel: [    2.533050] usb usb1: adding 1-0:1.0 (config #1, interface 0)
Oct 27 16:50:03 vader-rover kernel: [    2.533203] hub 1-0:1.0: usb_probe_interface
Oct 27 16:50:03 vader-rover kernel: [    2.533203] hub 1-0:1.0: usb_probe_interface - got id
Oct 27 16:50:03 vader-rover kernel: [    2.533233] hub 1-0:1.0: USB hub found
Oct 27 16:50:03 vader-rover kernel: [    2.537231] hub 1-0:1.0: 3 ports detected
Oct 27 16:50:03 vader-rover kernel: [    2.541473] hub 1-0:1.0: standalone hub
Oct 27 16:50:03 vader-rover kernel: [    2.541503] hub 1-0:1.0: individual port power switching
Oct 27 16:50:03 vader-rover kernel: [    2.541503] hub 1-0:1.0: individual port over-current protection
Oct 27 16:50:03 vader-rover kernel: [    2.541534] hub 1-0:1.0: power on to power good time: 20ms
Oct 27 16:50:03 vader-rover kernel: [    2.541564] hub 1-0:1.0: local power source is good
Oct 27 16:50:03 vader-rover kernel: [    2.541564] hub 1-0:1.0: enabling power on all ports
Oct 27 16:50:03 vader-rover kernel: [    2.541870] ehci-omap ehci-omap.0: ...powerup ports...
Oct 27 16:50:03 vader-rover kernel: [    2.572540] Initializing USB Mass Storage driver...
Oct 27 16:50:03 vader-rover kernel: [    2.577819] usbcore: registered new interface driver usb-storage
Oct 27 16:50:03 vader-rover kernel: [    2.584167] USB Mass Storage support registered.
Oct 27 16:50:03 vader-rover kernel: [    2.589050] musb-hdrc: version 6.0, ?dma?, otg (peripheral+host)
Oct 27 16:50:03 vader-rover kernel: [    2.601043] twl4030_usb twl4030_usb: twl4030_phy_resume
Oct 27 16:50:03 vader-rover kernel: [    2.601287] musb-hdrc: ConfigData=0xde (UTMI-8, dyn FIFOs, bulk combine, bulk split, HB-ISO Rx, HB-ISO Tx, SoftConn)
Oct 27 16:50:03 vader-rover kernel: [    2.601318] musb-hdrc: MHDRC RTL version 1.800 
Oct 27 16:50:03 vader-rover kernel: [    2.601318] musb-hdrc: setup fifo_mode 4
Oct 27 16:50:03 vader-rover kernel: [    2.601348] musb-hdrc: 28/31 max ep, 16384/16384 memory
Oct 27 16:50:03 vader-rover kernel: [    2.601776] musb-hdrc musb-hdrc: USB OTG mode controller at fa0ab000 using DMA, IRQ 92
Oct 27 16:50:03 vader-rover kernel: [    2.612030] twl4030_usb twl4030_usb: twl4030_phy_suspend
Oct 27 16:50:03 vader-rover kernel: [    2.612518] mousedev: PS/2 mouse device common for all mice
Oct 27 16:50:03 vader-rover kernel: [    2.619079] twl_rtc twl_rtc: Enabling TWL-RTC
Oct 27 16:50:03 vader-rover kernel: [    2.626281] twl_rtc twl_rtc: rtc core: registered twl_rtc as rtc0
Oct 27 16:50:03 vader-rover kernel: [    2.633514] i2c /dev entries driver
Oct 27 16:50:03 vader-rover kernel: [    2.638610] voltdm_scale: No voltage scale API registered for vdd_mpu_iva
Oct 27 16:50:03 vader-rover kernel: [    2.645874] ehci-omap ehci-omap.0: GetStatus port:2 status 001803 0  ACK POWER sig=j CSC CONNECT
Oct 27 16:50:03 vader-rover kernel: [    2.645904] hub 1-0:1.0: port 2: status 0501 change 0001
Oct 27 16:50:03 vader-rover kernel: [    2.645965] platform mpu.0: omap_target: unable to scale voltage up.
Oct 27 16:50:03 vader-rover kernel: [    2.652679] cpuidle: using governor ladder
Oct 27 16:50:03 vader-rover kernel: [    2.656982] cpuidle: using governor menu
Oct 27 16:50:03 vader-rover kernel: [    2.661651] omap_hsmmc omap_hsmmc.0: Failed to get debounce clk
Oct 27 16:50:03 vader-rover kernel: [    2.744323] hub 1-0:1.0: state 7 ports 3 chg 0004 evt 0000
Oct 27 16:50:03 vader-rover kernel: [    2.744354] hub 1-0:1.0: port 2, status 0501, change 0000, 480 Mb/s
Oct 27 16:50:03 vader-rover kernel: [    2.806823] ehci-omap ehci-omap.0: port 2 reset complete, port enabled
Oct 27 16:50:03 vader-rover kernel: [    2.806854] ehci-omap ehci-omap.0: GetStatus port:2 status 001005 0  ACK POWER sig=se0 PE CONNECT
Oct 27 16:50:03 vader-rover kernel: [    2.869262] usb 1-2: new high-speed USB device number 2 using ehci-omap
Oct 27 16:50:03 vader-rover kernel: [    2.931793] ehci-omap ehci-omap.0: port 2 reset complete, port enabled
Oct 27 16:50:03 vader-rover kernel: [    2.931823] ehci-omap ehci-omap.0: GetStatus port:2 status 001005 0  ACK POWER sig=se0 PE CONNECT
Oct 27 16:50:03 vader-rover kernel: [    3.027770] usb 1-2: default language 0x0409
Oct 27 16:50:03 vader-rover kernel: [    3.028778] usb 1-2: udev 2, busnum 1, minor = 1
Oct 27 16:50:03 vader-rover kernel: [    3.028778] usb 1-2: New USB device found, idVendor=2109, idProduct=2812
Oct 27 16:50:03 vader-rover kernel: [    3.035858] usb 1-2: New USB device strings: Mfr=1, Product=2, SerialNumber=0
Oct 27 16:50:03 vader-rover kernel: [    3.043945] omap_hsmmc omap_hsmmc.1: Failed to get debounce clk
Oct 27 16:50:03 vader-rover kernel: [    3.050262] usb 1-2: Product: USB2.0 Hub             
Oct 27 16:50:03 vader-rover kernel: [    3.055816] usb 1-2: Manufacturer: VIA Labs, Inc.         
Oct 27 16:50:03 vader-rover kernel: [    3.064605] usb 1-2: usb_probe_device
Oct 27 16:50:03 vader-rover kernel: [    3.064636] usb 1-2: configuration #1 chosen from 1 choice
Oct 27 16:50:03 vader-rover kernel: [    3.064971] usb 1-2: adding 1-2:1.0 (config #1, interface 0)
Oct 27 16:50:03 vader-rover kernel: [    3.065155] hub 1-2:1.0: usb_probe_interface
Oct 27 16:50:03 vader-rover kernel: [    3.065155] hub 1-2:1.0: usb_probe_interface - got id
Oct 27 16:50:03 vader-rover kernel: [    3.065185] hub 1-2:1.0: USB hub found
Oct 27 16:50:03 vader-rover kernel: [    3.069396] hub 1-2:1.0: 4 ports detected
Oct 27 16:50:03 vader-rover kernel: [    3.073944] hub 1-2:1.0: standalone hub
Oct 27 16:50:03 vader-rover kernel: [    3.073944] hub 1-2:1.0: individual port power switching
Oct 27 16:50:03 vader-rover kernel: [    3.073944] hub 1-2:1.0: individual port over-current protection
Oct 27 16:50:03 vader-rover kernel: [    3.073974] hub 1-2:1.0: Single TT
Oct 27 16:50:03 vader-rover kernel: [    3.073974] hub 1-2:1.0: TT requires at most 32 FS bit times (2664 ns)
Oct 27 16:50:03 vader-rover kernel: [    3.074035] hub 1-2:1.0: Port indicators are supported
Oct 27 16:50:03 vader-rover kernel: [    3.074035] hub 1-2:1.0: power on to power good time: 100ms
Oct 27 16:50:03 vader-rover kernel: [    3.074523] hub 1-2:1.0: local power source is good
Oct 27 16:50:03 vader-rover kernel: [    3.074554] hub 1-2:1.0: enabling power on all ports
Oct 27 16:50:03 vader-rover kernel: [    3.096252] Registered led device: overo:red:gpio21
Oct 27 16:50:03 vader-rover kernel: [    3.096374] Registered led device: overo:blue:gpio22
Oct 27 16:50:03 vader-rover kernel: [    3.097259] Registered led device: overo:blue:COM
Oct 27 16:50:03 vader-rover kernel: [    3.098693] usbcore: registered new interface driver usbhid
Oct 27 16:50:03 vader-rover kernel: [    3.104644] usbhid: USB HID core driver
Oct 27 16:50:03 vader-rover kernel: [    3.109283] usbcore: registered new interface driver snd-usb-audio
Oct 27 16:50:03 vader-rover kernel: [    3.116973] overo SoC init
Oct 27 16:50:03 vader-rover kernel: [    3.120056] soc-audio soc-audio: ASoC machine overo should use snd_soc_register_card()
Oct 27 16:50:03 vader-rover kernel: [    3.182067] hub 1-2:1.0: port 1: status 0101 change 0001
Oct 27 16:50:03 vader-rover kernel: [    3.182769] hub 1-2:1.0: port 2: status 0101 change 0001
Oct 27 16:50:03 vader-rover kernel: [    3.183898] hub 1-2:1.0: port 4: status 0101 change 0001
Oct 27 16:50:03 vader-rover kernel: [    3.208740] twl4030-codec twl4030-codec: ASoC: Failed to create Capture debugfs file
Oct 27 16:50:03 vader-rover kernel: [    3.219879] asoc: twl4030-hifi <-> omap-mcbsp.2 mapping ok
Oct 27 16:50:03 vader-rover kernel: [    3.229888] oprofile: hardware counters not available
Oct 27 16:50:03 vader-rover kernel: [    3.235229] oprofile: using timer interrupt.
Oct 27 16:50:03 vader-rover kernel: [    3.240173] TCP: cubic registered
Oct 27 16:50:03 vader-rover kernel: [    3.243652] NET: Registered protocol family 17
Oct 27 16:50:03 vader-rover kernel: [    3.248596] NET: Registered protocol family 15
Oct 27 16:50:03 vader-rover kernel: [    3.253570] Key type dns_resolver registered
Oct 27 16:50:03 vader-rover kernel: [    3.258361] VFP support v0.3: implementor 41 architecture 3 part 30 variant c rev 3
Oct 27 16:50:03 vader-rover kernel: [    3.270935] ThumbEE CPU extension supported.
Oct 27 16:50:03 vader-rover kernel: [    3.275604] sr_init: No PMIC hook to init smartreflex
Oct 27 16:50:03 vader-rover kernel: [    3.281280] smartreflex smartreflex.0: omap_sr_probe: SmartReflex driver initialized
Oct 27 16:50:03 vader-rover kernel: [    3.289642] usb 1-2: link qh256-0001/de5e6740 start 1 [1/0 us]
Oct 27 16:50:03 vader-rover kernel: [    3.289703] hub 1-2:1.0: state 7 ports 4 chg 0016 evt 0000
Oct 27 16:50:03 vader-rover kernel: [    3.289978] smartreflex smartreflex.1: omap_sr_probe: SmartReflex driver initialized
Oct 27 16:50:03 vader-rover kernel: [    3.298248] hub 1-2:1.0: port 1, status 0101, change 0000, 12 Mb/s
Oct 27 16:50:03 vader-rover kernel: [    3.304931] clock: disabling unused clocks to save power
Oct 27 16:50:03 vader-rover kernel: [    3.312103] registered taskstats version 1
Oct 27 16:50:03 vader-rover kernel: [    3.317321] fbcvt: 1024x768@60: CVT Name - .786M3-R
Oct 27 16:50:03 vader-rover kernel: [    3.342132] Console: switching to colour frame buffer device 128x48
Oct 27 16:50:03 vader-rover kernel: [    3.360351] VDAC: incomplete constraints, leaving on
Oct 27 16:50:03 vader-rover kernel: [    3.368103] twl_rtc twl_rtc: setting system clock to 2015-10-27 20:49:52 UTC (1445978992)
Oct 27 16:50:03 vader-rover kernel: [    3.376983] ALSA device list:
Oct 27 16:50:03 vader-rover kernel: [    3.380249]   #0: overo
Oct 27 16:50:03 vader-rover kernel: [    3.383789] Freeing init memory: 220K
Oct 27 16:50:03 vader-rover kernel: [    3.393218] usb 1-2.1: new high-speed USB device number 3 using ehci-omap
Oct 27 16:50:03 vader-rover kernel: [    3.535827] usb 1-2.1: default language 0x0409
Oct 27 16:50:03 vader-rover kernel: [    3.536682] usb 1-2.1: udev 3, busnum 1, minor = 2
Oct 27 16:50:03 vader-rover kernel: [    3.536712] usb 1-2.1: New USB device found, idVendor=2109, idProduct=2812
Oct 27 16:50:03 vader-rover kernel: [    3.566375] usb 1-2.1: New USB device strings: Mfr=1, Product=2, SerialNumber=0
Oct 27 16:50:03 vader-rover kernel: [    3.608795] usb 1-2.1: Product: USB2.0 Hub             
Oct 27 16:50:03 vader-rover kernel: [    3.642791] usb 1-2.1: Manufacturer: VIA Labs, Inc.         
Oct 27 16:50:03 vader-rover kernel: [    3.657745] usb 1-2.1: usb_probe_device
Oct 27 16:50:03 vader-rover kernel: [    3.657775] usb 1-2.1: configuration #1 chosen from 1 choice
Oct 27 16:50:03 vader-rover kernel: [    3.658996] usb 1-2.1: adding 1-2.1:1.0 (config #1, interface 0)
Oct 27 16:50:03 vader-rover kernel: [    3.659393] hub 1-2.1:1.0: usb_probe_interface
Oct 27 16:50:03 vader-rover kernel: [    3.659393] hub 1-2.1:1.0: usb_probe_interface - got id
Oct 27 16:50:03 vader-rover kernel: [    3.659423] hub 1-2.1:1.0: USB hub found
Oct 27 16:50:03 vader-rover kernel: [    3.674804] mmc0: host does not support reading read-only switch. assuming write-enable.
Oct 27 16:50:03 vader-rover kernel: [    3.684692] hub 1-2.1:1.0: 4 ports detected
Oct 27 16:50:03 vader-rover kernel: [    3.689208] hub 1-2.1:1.0: standalone hub
Oct 27 16:50:03 vader-rover kernel: [    3.689208] hub 1-2.1:1.0: individual port power switching
Oct 27 16:50:03 vader-rover kernel: [    3.689208] hub 1-2.1:1.0: individual port over-current protection
Oct 27 16:50:03 vader-rover kernel: [    3.689239] hub 1-2.1:1.0: Single TT
Oct 27 16:50:03 vader-rover kernel: [    3.689239] hub 1-2.1:1.0: TT requires at most 32 FS bit times (2664 ns)
Oct 27 16:50:03 vader-rover kernel: [    3.689270] hub 1-2.1:1.0: Port indicators are supported
Oct 27 16:50:03 vader-rover kernel: [    3.689270] hub 1-2.1:1.0: power on to power good time: 100ms
Oct 27 16:50:03 vader-rover kernel: [    3.702636] hub 1-2.1:1.0: local power source is good
Oct 27 16:50:03 vader-rover kernel: [    3.702667] hub 1-2.1:1.0: enabling power on all ports
Oct 27 16:50:03 vader-rover kernel: [    3.705383] mmc0: new high speed SDXC card at address 59b4
Oct 27 16:50:03 vader-rover kernel: [    3.720611] hub 1-2:1.0: port 2, status 0101, change 0000, 12 Mb/s
Oct 27 16:50:03 vader-rover kernel: [    3.729278] mmcblk0: mmc0:59b4       59.6 GiB 
Oct 27 16:50:03 vader-rover kernel: [    3.743927]  mmcblk0: p1 p2
Oct 27 16:50:03 vader-rover kernel: [    3.815032] usb 1-2.2: new high-speed USB device number 4 using ehci-omap
Oct 27 16:50:03 vader-rover kernel: [    3.826141] hub 1-2.1:1.0: port 1: status 0101 change 0001
Oct 27 16:50:03 vader-rover kernel: [    3.826934] hub 1-2.1:1.0: port 2: status 0101 change 0001
Oct 27 16:50:03 vader-rover kernel: [    3.827667] hub 1-2.1:1.0: port 3: status 0101 change 0001
Oct 27 16:50:03 vader-rover kernel: [    3.828430] hub 1-2.1:1.0: port 4: status 0101 change 0001
Oct 27 16:50:03 vader-rover kernel: [    3.864624] mmc1: new SDIO card at address 0001
Oct 27 16:50:03 vader-rover kernel: [    3.924133] usb 1-2.1: link qh256-0001/de6a56c0 start 2 [1/0 us]
Oct 27 16:50:03 vader-rover kernel: [    3.968383] usb 1-2.2: default language 0x0409
Oct 27 16:50:03 vader-rover kernel: [    3.977111] usb 1-2.2: udev 4, busnum 1, minor = 3
Oct 27 16:50:03 vader-rover kernel: [    3.977142] usb 1-2.2: New USB device found, idVendor=1e10, idProduct=2004
Oct 27 16:50:03 vader-rover kernel: [    4.000885] usb 1-2.2: New USB device strings: Mfr=1, Product=2, SerialNumber=3
Oct 27 16:50:03 vader-rover kernel: [    4.023559] usb 1-2.2: Product: USB 2.0 Digital Imaging Camera
Oct 27 16:50:03 vader-rover kernel: [    4.047119] usb 1-2.2: Manufacturer: Point Grey Research
Oct 27 16:50:03 vader-rover kernel: [    4.064636] usb 1-2.2: SerialNumber: 00BB1D77
Oct 27 16:50:03 vader-rover kernel: [    4.083984] usb 1-2.2: usb_probe_device
Oct 27 16:50:03 vader-rover kernel: [    4.084014] usb 1-2.2: configuration #1 chosen from 1 choice
Oct 27 16:50:03 vader-rover kernel: [    4.084442] usb 1-2.2: adding 1-2.2:1.0 (config #1, interface 0)
Oct 27 16:50:03 vader-rover kernel: [    4.085327] hub 1-2:1.0: port 4, status 0101, change 0000, 12 Mb/s
Oct 27 16:50:03 vader-rover kernel: [    4.182189] usb 1-2.4: new high-speed USB device number 5 using ehci-omap
Oct 27 16:50:03 vader-rover kernel: [    4.331420] usb 1-2.4: default language 0x0409
Oct 27 16:50:03 vader-rover kernel: [    4.332305] usb 1-2.4: udev 5, busnum 1, minor = 4
Oct 27 16:50:03 vader-rover kernel: [    4.332305] usb 1-2.4: New USB device found, idVendor=0bda, idProduct=8178
Oct 27 16:50:03 vader-rover kernel: [    4.352844] usb 1-2.4: New USB device strings: Mfr=1, Product=2, SerialNumber=3
Oct 27 16:50:03 vader-rover kernel: [    4.377746] usb 1-2.4: Product: USB WLAN
Oct 27 16:50:03 vader-rover kernel: [    4.392852] usb 1-2.4: Manufacturer: Realtek
Oct 27 16:50:03 vader-rover kernel: [    4.408386] usb 1-2.4: SerialNumber: 00e04c000001
Oct 27 16:50:03 vader-rover kernel: [    4.427154] usb 1-2.4: usb_probe_device
Oct 27 16:50:03 vader-rover kernel: [    4.427185] usb 1-2.4: configuration #1 chosen from 1 choice
Oct 27 16:50:03 vader-rover kernel: [    4.431854] usb 1-2.4: adding 1-2.4:1.0 (config #1, interface 0)
Oct 27 16:50:03 vader-rover kernel: [    4.432678] hub 1-2:1.0: state 7 ports 4 chg 0000 evt 0010
Oct 27 16:50:03 vader-rover kernel: [    4.433105] hub 1-2.1:1.0: state 7 ports 4 chg 001e evt 0000
Oct 27 16:50:03 vader-rover kernel: [    4.433441] hub 1-2.1:1.0: port 1, status 0101, change 0000, 12 Mb/s
Oct 27 16:50:03 vader-rover kernel: [    4.526092] usb 1-2.1.1: new full-speed USB device number 6 using ehci-omap
Oct 27 16:50:03 vader-rover kernel: [    4.674926] usb 1-2.1.1: default language 0x0409
Oct 27 16:50:03 vader-rover kernel: [    4.675415] usb 1-2.1.1: udev 6, busnum 1, minor = 5
Oct 27 16:50:03 vader-rover kernel: [    4.675445] usb 1-2.1.1: New USB device found, idVendor=067b, idProduct=2303
Oct 27 16:50:03 vader-rover kernel: [    4.696899] usb 1-2.1.1: New USB device strings: Mfr=1, Product=2, SerialNumber=0
Oct 27 16:50:03 vader-rover kernel: [    4.720001] usb 1-2.1.1: Product: USB-Serial Controller D
Oct 27 16:50:03 vader-rover kernel: [    4.739929] usb 1-2.1.1: Manufacturer: Prolific Technology Inc. 
Oct 27 16:50:03 vader-rover kernel: [    4.761016] usb 1-2.1.1: usb_probe_device
Oct 27 16:50:03 vader-rover kernel: [    4.761047] usb 1-2.1.1: configuration #1 chosen from 1 choice
Oct 27 16:50:03 vader-rover kernel: [    4.761444] usb 1-2.1.1: adding 1-2.1.1:1.0 (config #1, interface 0)
Oct 27 16:50:03 vader-rover kernel: [    4.763488] hub 1-2.1:1.0: port 2, status 0101, change 0000, 12 Mb/s
Oct 27 16:50:03 vader-rover kernel: [    4.861968] usb 1-2.1.2: new full-speed USB device number 7 using ehci-omap
Oct 27 16:50:03 vader-rover kernel: [    5.011810] usb 1-2.1.2: skipped 4 descriptors after interface
Oct 27 16:50:03 vader-rover kernel: [    5.012054] usb 1-2.1.2: default language 0x0409
Oct 27 16:50:03 vader-rover kernel: [    5.013305] usb 1-2.1.2: udev 7, busnum 1, minor = 6
Oct 27 16:50:03 vader-rover kernel: [    5.013366] usb 1-2.1.2: New USB device found, idVendor=16c0, idProduct=0483
Oct 27 16:50:03 vader-rover kernel: [    5.025207] usb 1-2.1.2: New USB device strings: Mfr=1, Product=2, SerialNumber=3
Oct 27 16:50:03 vader-rover kernel: [    5.037353] usb 1-2.1.2: Product: USB Serial
Oct 27 16:50:03 vader-rover kernel: [    5.045959] usb 1-2.1.2: Manufacturer: Teensyduino
Oct 27 16:50:03 vader-rover kernel: [    5.055023] usb 1-2.1.2: SerialNumber: 41751
Oct 27 16:50:03 vader-rover kernel: [    5.068267] usb 1-2.1.2: usb_probe_device
Oct 27 16:50:03 vader-rover kernel: [    5.068298] usb 1-2.1.2: configuration #1 chosen from 1 choice
Oct 27 16:50:03 vader-rover kernel: [    5.068908] usb 1-2.1.2: adding 1-2.1.2:1.0 (config #1, interface 0)
Oct 27 16:50:03 vader-rover kernel: [    5.069274] usb 1-2.1.2: adding 1-2.1.2:1.1 (config #1, interface 1)
Oct 27 16:50:03 vader-rover kernel: [    5.072418] hub 1-2.1:1.0: port 3, status 0101, change 0000, 12 Mb/s
Oct 27 16:50:03 vader-rover kernel: [    5.166595] usb 1-2.1.3: new full-speed USB device number 8 using ehci-omap
Oct 27 16:50:03 vader-rover kernel: [    5.314880] usb 1-2.1.3: ep0 maxpacket = 8
Oct 27 16:50:03 vader-rover kernel: [    5.318176] usb 1-2.1.3: default language 0x0409
Oct 27 16:50:03 vader-rover kernel: [    5.322937] usb 1-2.1.3: udev 8, busnum 1, minor = 7
Oct 27 16:50:03 vader-rover kernel: [    5.322937] usb 1-2.1.3: New USB device found, idVendor=0403, idProduct=6001
Oct 27 16:50:03 vader-rover kernel: [    5.334381] usb 1-2.1.3: New USB device strings: Mfr=1, Product=2, SerialNumber=3
Oct 27 16:50:03 vader-rover kernel: [    5.345947] usb 1-2.1.3: Product: FT232R USB UART
Oct 27 16:50:03 vader-rover kernel: [    5.354492] usb 1-2.1.3: Manufacturer: FTDI
Oct 27 16:50:03 vader-rover kernel: [    5.362457] usb 1-2.1.3: SerialNumber: A702LYT7
Oct 27 16:50:03 vader-rover kernel: [    5.371856] usb 1-2.1.3: usb_probe_device
Oct 27 16:50:03 vader-rover kernel: [    5.371887] usb 1-2.1.3: configuration #1 chosen from 1 choice
Oct 27 16:50:03 vader-rover kernel: [    5.372650] usb 1-2.1.3: adding 1-2.1.3:1.0 (config #1, interface 0)
Oct 27 16:50:03 vader-rover kernel: [    5.377227] hub 1-2.1:1.0: port 4, status 0101, change 0000, 12 Mb/s
Oct 27 16:50:03 vader-rover kernel: [    5.471191] usb 1-2.1.4: new high-speed USB device number 9 using ehci-omap
Oct 27 16:50:03 vader-rover kernel: [    5.616851] usb 1-2.1.4: default language 0x0409
Oct 27 16:50:03 vader-rover kernel: [    5.625488] usb 1-2.1.4: udev 9, busnum 1, minor = 8
Oct 27 16:50:03 vader-rover kernel: [    5.625518] usb 1-2.1.4: New USB device found, idVendor=1e10, idProduct=2004
Oct 27 16:50:03 vader-rover kernel: [    5.637298] usb 1-2.1.4: New USB device strings: Mfr=1, Product=2, SerialNumber=3
Oct 27 16:50:03 vader-rover kernel: [    5.648712] usb 1-2.1.4: Product: USB 2.0 Digital Imaging Camera
Oct 27 16:50:03 vader-rover kernel: [    5.658569] usb 1-2.1.4: Manufacturer: Point Grey Research
Oct 27 16:50:03 vader-rover kernel: [    5.667846] usb 1-2.1.4: SerialNumber: 00CAABB3
Oct 27 16:50:03 vader-rover kernel: [    5.677734] usb 1-2.1.4: usb_probe_device
Oct 27 16:50:03 vader-rover kernel: [    5.677764] usb 1-2.1.4: configuration #1 chosen from 1 choice
Oct 27 16:50:03 vader-rover kernel: [    5.678314] usb 1-2.1.4: adding 1-2.1.4:1.0 (config #1, interface 0)
Oct 27 16:50:03 vader-rover kernel: [    5.680145] hub 1-2.1:1.0: state 7 ports 4 chg 0000 evt 0010
Oct 27 16:50:03 vader-rover kernel: [    6.858642] end_request: I/O error, dev mtdblock0, sector 0
Oct 27 16:50:03 vader-rover kernel: [    6.868133] Buffer I/O error on device mtdblock0, logical block 0
Oct 27 16:50:03 vader-rover kernel: [    6.984832] end_request: I/O error, dev mtdblock0, sector 0
Oct 27 16:50:03 vader-rover kernel: [    6.994323] Buffer I/O error on device mtdblock0, logical block 0
Oct 27 16:50:03 vader-rover kernel: [    7.082427] end_request: I/O error, dev mtdblock0, sector 0
Oct 27 16:50:03 vader-rover kernel: [    7.091949] Buffer I/O error on device mtdblock0, logical block 0
Oct 27 16:50:03 vader-rover kernel: [    7.174133] rtl8192cu driver version=v4.0.2_9000.20130911
Oct 27 16:50:03 vader-rover kernel: [    7.174163] build time: May 27 2014 17:22:48
Oct 27 16:50:03 vader-rover kernel: [    7.174285] rtl8192cu 1-2.4:1.0: usb_probe_interface
Oct 27 16:50:03 vader-rover kernel: [    7.174316] rtl8192cu 1-2.4:1.0: usb_probe_interface - got id
Oct 27 16:50:03 vader-rover kernel: [    7.174346] 
Oct 27 16:50:03 vader-rover kernel: [    7.174346] usb_endpoint_descriptor(0):
Oct 27 16:50:03 vader-rover kernel: [    7.174346] bLength=7
Oct 27 16:50:03 vader-rover kernel: [    7.174346] bDescriptorType=5
Oct 27 16:50:03 vader-rover kernel: [    7.174346] bEndpointAddress=81
Oct 27 16:50:03 vader-rover kernel: [    7.174377] wMaxPacketSize=200
Oct 27 16:50:03 vader-rover kernel: [    7.174377] bInterval=0
Oct 27 16:50:03 vader-rover kernel: [    7.174377] RT_usb_endpoint_is_bulk_in = 1
Oct 27 16:50:03 vader-rover kernel: [    7.174377] 
Oct 27 16:50:03 vader-rover kernel: [    7.174377] usb_endpoint_descriptor(1):
Oct 27 16:50:03 vader-rover kernel: [    7.174407] bLength=7
Oct 27 16:50:03 vader-rover kernel: [    7.174407] bDescriptorType=5
Oct 27 16:50:03 vader-rover kernel: [    7.174407] bEndpointAddress=2
Oct 27 16:50:03 vader-rover kernel: [    7.174407] wMaxPacketSize=200
Oct 27 16:50:03 vader-rover kernel: [    7.174407] bInterval=0
Oct 27 16:50:03 vader-rover kernel: [    7.174438] RT_usb_endpoint_is_bulk_out = 2
Oct 27 16:50:03 vader-rover kernel: [    7.174438] 
Oct 27 16:50:03 vader-rover kernel: [    7.174438] usb_endpoint_descriptor(2):
Oct 27 16:50:03 vader-rover kernel: [    7.174438] bLength=7
Oct 27 16:50:03 vader-rover kernel: [    7.174438] bDescriptorType=5
Oct 27 16:50:03 vader-rover kernel: [    7.174438] bEndpointAddress=3
Oct 27 16:50:03 vader-rover kernel: [    7.174468] wMaxPacketSize=200
Oct 27 16:50:03 vader-rover kernel: [    7.174468] bInterval=0
Oct 27 16:50:03 vader-rover kernel: [    7.174468] RT_usb_endpoint_is_bulk_out = 3
Oct 27 16:50:03 vader-rover kernel: [    7.174468] 
Oct 27 16:50:03 vader-rover kernel: [    7.174468] usb_endpoint_descriptor(3):
Oct 27 16:50:03 vader-rover kernel: [    7.174468] bLength=7
Oct 27 16:50:03 vader-rover kernel: [    7.174499] bDescriptorType=5
Oct 27 16:50:03 vader-rover kernel: [    7.174499] bEndpointAddress=84
Oct 27 16:50:03 vader-rover kernel: [    7.174499] wMaxPacketSize=40
Oct 27 16:50:03 vader-rover kernel: [    7.174499] bInterval=1
Oct 27 16:50:03 vader-rover kernel: [    7.174499] RT_usb_endpoint_is_int_in = 4, Interval = 1
Oct 27 16:50:03 vader-rover kernel: [    7.174530] nr_endpoint=4, in_num=2, out_num=2
Oct 27 16:50:03 vader-rover kernel: [    7.174530] 
Oct 27 16:50:03 vader-rover kernel: [    7.174530] USB_SPEED_HIGH
Oct 27 16:50:03 vader-rover kernel: [    7.174591] CHIP TYPE: RTL8188C_8192C
Oct 27 16:50:03 vader-rover kernel: [    7.174621] register rtw_netdev_ops to netdev_ops
Oct 27 16:50:03 vader-rover kernel: [    7.174957] end_request: I/O error, dev mtdblock0, sector 0
Oct 27 16:50:03 vader-rover kernel: [    7.184478] Buffer I/O error on device mtdblock0, logical block 0
Oct 27 16:50:03 vader-rover kernel: [    7.194915] Chip Version ID: VERSION_NORMAL_TSMC_CHIP_92C.
Oct 27 16:50:03 vader-rover kernel: [    7.194946] RF_Type is 2!!
Oct 27 16:50:03 vader-rover kernel: [    7.196289] EEPROM type is E-FUSE
Oct 27 16:50:03 vader-rover kernel: [    7.196289] ====> ReadAdapterInfo8192C
Oct 27 16:50:03 vader-rover kernel: [    7.196594] Boot from EFUSE, Autoload OK !
Oct 27 16:50:03 vader-rover kernel: [    7.300231] end_request: I/O error, dev mtdblock0, sector 0
Oct 27 16:50:03 vader-rover kernel: [    7.309753] Buffer I/O error on device mtdblock0, logical block 0
Oct 27 16:50:03 vader-rover kernel: [    7.418762] end_request: I/O error, dev mtdblock0, sector 0
Oct 27 16:50:03 vader-rover kernel: [    7.428283] Buffer I/O error on device mtdblock0, logical block 0
Oct 27 16:50:03 vader-rover kernel: [    7.519439] EEPROMVID = 0x0bda
Oct 27 16:50:03 vader-rover kernel: [    7.519470] EEPROMPID = 0x8178
Oct 27 16:50:03 vader-rover kernel: [    7.519470] EEPROMCustomerID : 0x00
Oct 27 16:50:03 vader-rover kernel: [    7.519470] EEPROMSubCustomerID: 0x00
Oct 27 16:50:03 vader-rover kernel: [    7.519470] RT_CustomerID: 0x00
Oct 27 16:50:03 vader-rover kernel: [    7.519500] _ReadMACAddress MAC Address from EFUSE = e8:94:f6:14:2e:2f
Oct 27 16:50:03 vader-rover kernel: [    7.519500] EEPROMRegulatory = 0x0
Oct 27 16:50:03 vader-rover kernel: [    7.519500] _ReadBoardType(0)
Oct 27 16:50:03 vader-rover kernel: [    7.519531] BT Coexistance = disable
Oct 27 16:50:03 vader-rover kernel: [    7.519531] mlmepriv.ChannelPlan = 0x02
Oct 27 16:50:03 vader-rover kernel: [    7.519531] _ReadPSSetting...bHWPwrPindetect(0)-bHWPowerdown(0) ,bSupportRemoteWakeup(0)
Oct 27 16:50:03 vader-rover kernel: [    7.519561] ### PS params=>  power_mgnt(0),usbss_enable(0) ###
Oct 27 16:50:03 vader-rover kernel: [    7.519561] ### AntDivCfg(0)
Oct 27 16:50:03 vader-rover kernel: [    7.519561] readAdapterInfo_8192CU(): REPLACEMENT = 1
Oct 27 16:50:03 vader-rover kernel: [    7.519561] <==== ReadAdapterInfo8192C in 328 ms
Oct 27 16:50:03 vader-rover kernel: [    7.520660] rtw_macaddr_cfg MAC Address  = e8:94:f6:14:2e:2f
Oct 27 16:50:03 vader-rover kernel: [    7.520690] bDriverStopped:1, bSurpriseRemoved:0, bup:0, hw_init_completed:0
Oct 27 16:50:03 vader-rover kernel: [    7.521575] _rtw_drv_register_netdev, MAC Address (if1) = e8:94:f6:14:2e:2f
Oct 27 16:50:03 vader-rover kernel: [    7.521820] usbcore: registered new interface driver rtl8192cu
Oct 27 16:50:03 vader-rover kernel: [    7.546539] end_request: I/O error, dev mtdblock0, sector 0
Oct 27 16:50:03 vader-rover kernel: [    7.556060] Buffer I/O error on device mtdblock0, logical block 0
Oct 27 16:50:03 vader-rover kernel: [    7.593627] end_request: I/O error, dev mtdblock0, sector 0
Oct 27 16:50:03 vader-rover kernel: [    7.603118] Buffer I/O error on device mtdblock0, logical block 0
Oct 27 16:50:03 vader-rover kernel: [    7.649444] end_request: I/O error, dev mtdblock0, sector 0
Oct 27 16:50:03 vader-rover kernel: [    7.658996] Buffer I/O error on device mtdblock0, logical block 0
Oct 27 16:50:03 vader-rover kernel: [    7.709960] end_request: I/O error, dev mtdblock0, sector 0
Oct 27 16:50:03 vader-rover kernel: [    7.719543] Buffer I/O error on device mtdblock0, logical block 0
Oct 27 16:50:03 vader-rover kernel: [    7.766479] end_request: I/O error, dev mtdblock0, sector 0
Oct 27 16:50:03 vader-rover kernel: [    7.793548] end_request: I/O error, dev mtdblock0, sector 0
Oct 27 16:50:03 vader-rover kernel: [    7.814788] end_request: I/O error, dev mtdblock0, sector 0
Oct 27 16:50:03 vader-rover kernel: [    7.846160] end_request: I/O error, dev mtdblock0, sector 0
Oct 27 16:50:03 vader-rover kernel: [    7.875335] end_request: I/O error, dev mtdblock0, sector 0
Oct 27 16:50:03 vader-rover kernel: [    7.896545] ads7846 spi1.0: touchscreen, irq 210
Oct 27 16:50:03 vader-rover kernel: [    7.901397] ads7846 spi1.0: no device detected, test read result was 0x00000FFF
Oct 27 16:50:03 vader-rover kernel: [    7.904815] end_request: I/O error, dev mtdblock0, sector 0
Oct 27 16:50:03 vader-rover kernel: [    7.928894] end_request: I/O error, dev mtdblock0, sector 0
Oct 27 16:50:03 vader-rover kernel: [    7.951965] end_request: I/O error, dev mtdblock0, sector 8
Oct 27 16:50:03 vader-rover kernel: [    7.966400] Linux media interface: v0.10
Oct 27 16:50:03 vader-rover kernel: [    7.976074] end_request: I/O error, dev mtdblock0, sector 8
Oct 27 16:50:03 vader-rover kernel: [    8.000518] end_request: I/O error, dev mtdblock0, sector 8
Oct 27 16:50:03 vader-rover kernel: [    8.022521] end_request: I/O error, dev mtdblock0, sector 8
Oct 27 16:50:03 vader-rover kernel: [    8.048248] end_request: I/O error, dev mtdblock0, sector 24
Oct 27 16:50:03 vader-rover kernel: [    8.057891] Linux video capture interface: v2.00
Oct 27 16:50:03 vader-rover kernel: [    8.072631] end_request: I/O error, dev mtdblock0, sector 24
Oct 27 16:50:03 vader-rover kernel: [    8.099121] end_request: I/O error, dev mtdblock0, sector 24
Oct 27 16:50:03 vader-rover kernel: [    8.128082] end_request: I/O error, dev mtdblock0, sector 24
Oct 27 16:50:03 vader-rover kernel: [    8.156707] end_request: I/O error, dev mtdblock0, sector 56
Oct 27 16:50:03 vader-rover kernel: [    8.183410] end_request: I/O error, dev mtdblock0, sector 56
Oct 27 16:50:03 vader-rover kernel: [    8.198089] lib80211: common routines for IEEE802.11 drivers
Oct 27 16:50:03 vader-rover kernel: [    8.198120] lib80211_crypt: registered algorithm 'NULL'
Oct 27 16:50:03 vader-rover kernel: [    8.206939] end_request: I/O error, dev mtdblock0, sector 56
Oct 27 16:50:03 vader-rover kernel: [    8.220550] omap3isp omap3isp: Revision 15.0 found
Oct 27 16:50:03 vader-rover kernel: [    8.220672] omap-iommu omap-iommu.0: isp: version 1.1
Oct 27 16:50:03 vader-rover kernel: [    8.236450] end_request: I/O error, dev mtdblock0, sector 56
Oct 27 16:50:03 vader-rover kernel: [    8.266571] end_request: I/O error, dev mtdblock0, sector 120
Oct 27 16:50:03 vader-rover kernel: [    8.295166] end_request: I/O error, dev mtdblock0, sector 120
Oct 27 16:50:03 vader-rover kernel: [    8.322723] end_request: I/O error, dev mtdblock0, sector 120
Oct 27 16:50:03 vader-rover kernel: [    8.346008] end_request: I/O error, dev mtdblock0, sector 120
Oct 27 16:50:03 vader-rover kernel: [    8.359863] mt9v032 3-005c: Probing MT9V032 at address 0x5c
Oct 27 16:50:03 vader-rover kernel: [    8.360076] mt9v032 3-005c: MT9V032 power up failed
Oct 27 16:50:03 vader-rover kernel: [    8.367980] end_request: I/O error, dev mtdblock0, sector 0
Oct 27 16:50:03 vader-rover kernel: [    8.387542] end_request: I/O error, dev mtdblock0, sector 0
Oct 27 16:50:03 vader-rover kernel: [    8.406768] cfg80211: Calling CRDA to update world regulatory domain
Oct 27 16:50:03 vader-rover kernel: [    8.408569] end_request: I/O error, dev mtdblock0, sector 8
Oct 27 16:50:03 vader-rover kernel: [    8.430786] end_request: I/O error, dev mtdblock0, sector 8
Oct 27 16:50:03 vader-rover kernel: [    8.452148] end_request: I/O error, dev mtdblock0, sector 24
Oct 27 16:50:03 vader-rover kernel: [    8.478240] end_request: I/O error, dev mtdblock0, sector 24
Oct 27 16:50:03 vader-rover kernel: [    8.498626] isp_register_subdev_group: Unable to register subdev mt9v032
Oct 27 16:50:03 vader-rover kernel: [    8.508178] end_request: I/O error, dev mtdblock0, sector 56
Oct 27 16:50:03 vader-rover kernel: [    8.516601] end_request: I/O error, dev mtdblock0, sector 56
Oct 27 16:50:03 vader-rover kernel: [    8.537078] end_request: I/O error, dev mtdblock0, sector 120
Oct 27 16:50:03 vader-rover kernel: [    8.560729] libertas_sdio: Libertas SDIO driver
Oct 27 16:50:03 vader-rover kernel: [    8.560729] libertas_sdio: Copyright Pierre Ossman
Oct 27 16:50:03 vader-rover kernel: [    8.561401] end_request: I/O error, dev mtdblock0, sector 120
Oct 27 16:50:03 vader-rover kernel: [    8.590911] end_request: I/O error, dev mtdblock0, sector 0
Oct 27 16:50:03 vader-rover kernel: [    8.618896] end_request: I/O error, dev mtdblock0, sector 0
Oct 27 16:50:03 vader-rover kernel: [    8.646728] end_request: I/O error, dev mtdblock0, sector 0
Oct 27 16:50:03 vader-rover kernel: [    8.671173] end_request: I/O error, dev mtdblock0, sector 0
Oct 27 16:50:03 vader-rover kernel: [    8.699859] end_request: I/O error, dev mtdblock0, sector 0
Oct 27 16:50:03 vader-rover kernel: [    8.726959] end_request: I/O error, dev mtdblock0, sector 0
Oct 27 16:50:03 vader-rover kernel: [    8.749786] end_request: I/O error, dev mtdblock0, sector 64
Oct 27 16:50:03 vader-rover kernel: [    8.775726] end_request: I/O error, dev mtdblock0, sector 64
Oct 27 16:50:03 vader-rover kernel: [    8.800201] end_request: I/O error, dev mtdblock0, sector 64
Oct 27 16:50:03 vader-rover kernel: [    8.822753] end_request: I/O error, dev mtdblock0, sector 64
Oct 27 16:50:03 vader-rover kernel: [    8.844390] end_request: I/O error, dev mtdblock0, sector 64
Oct 27 16:50:03 vader-rover kernel: [    8.867675] end_request: I/O error, dev mtdblock0, sector 64
Oct 27 16:50:03 vader-rover kernel: [    8.889892] end_request: I/O error, dev mtdblock0, sector 64
Oct 27 16:50:03 vader-rover kernel: [    8.908538] end_request: I/O error, dev mtdblock0, sector 64
Oct 27 16:50:03 vader-rover kernel: [    8.924163] end_request: I/O error, dev mtdblock0, sector 64
Oct 27 16:50:03 vader-rover kernel: [    8.941986] end_request: I/O error, dev mtdblock0, sector 0
Oct 27 16:50:03 vader-rover kernel: [    8.962280] end_request: I/O error, dev mtdblock0, sector 0
Oct 27 16:50:03 vader-rover kernel: [    8.971008] end_request: I/O error, dev mtdblock0, sector 0
Oct 27 16:50:03 vader-rover kernel: [    8.986175] end_request: I/O error, dev mtdblock0, sector 0
Oct 27 16:50:03 vader-rover kernel: [    9.029693] end_request: I/O error, dev mtdblock0, sector 0
Oct 27 16:50:03 vader-rover kernel: [    9.068389] end_request: I/O error, dev mtdblock0, sector 16
Oct 27 16:50:03 vader-rover kernel: [    9.101165] end_request: I/O error, dev mtdblock0, sector 0
Oct 27 16:50:03 vader-rover kernel: [    9.131866] end_request: I/O error, dev mtdblock0, sector 0
Oct 27 16:50:03 vader-rover kernel: [    9.158538] end_request: I/O error, dev mtdblock0, sector 0
Oct 27 16:50:03 vader-rover kernel: [    9.173095] end_request: I/O error, dev mtdblock0, sector 0
Oct 27 16:50:03 vader-rover kernel: [    9.189819] end_request: I/O error, dev mtdblock0, sector 0
Oct 27 16:50:03 vader-rover kernel: [    9.216308] end_request: I/O error, dev mtdblock0, sector 0
Oct 27 16:50:03 vader-rover kernel: [    9.235321] end_request: I/O error, dev mtdblock0, sector 0
Oct 27 16:50:03 vader-rover kernel: [    9.252258] end_request: I/O error, dev mtdblock0, sector 0
Oct 27 16:50:03 vader-rover kernel: [    9.272460] end_request: I/O error, dev mtdblock0, sector 0
Oct 27 16:50:03 vader-rover kernel: [    9.288665] end_request: I/O error, dev mtdblock0, sector 0
Oct 27 16:50:03 vader-rover kernel: [    9.308471] end_request: I/O error, dev mtdblock0, sector 0
Oct 27 16:50:03 vader-rover kernel: [    9.328399] end_request: I/O error, dev mtdblock0, sector 0
Oct 27 16:50:03 vader-rover kernel: [    9.353851] end_request: I/O error, dev mtdblock0, sector 0
Oct 27 16:50:03 vader-rover kernel: [    9.369903] end_request: I/O error, dev mtdblock0, sector 0
Oct 27 16:50:03 vader-rover kernel: [    9.385070] end_request: I/O error, dev mtdblock0, sector 0
Oct 27 16:50:03 vader-rover kernel: [    9.399536] end_request: I/O error, dev mtdblock0, sector 0
Oct 27 16:50:03 vader-rover kernel: [    9.416320] end_request: I/O error, dev mtdblock0, sector 0
Oct 27 16:50:03 vader-rover kernel: [    9.441528] end_request: I/O error, dev mtdblock0, sector 0
Oct 27 16:50:03 vader-rover kernel: [    9.459381] end_request: I/O error, dev mtdblock0, sector 8
Oct 27 16:50:03 vader-rover kernel: [    9.483947] end_request: I/O error, dev mtdblock0, sector 0
Oct 27 16:50:03 vader-rover kernel: [    9.497100] end_request: I/O error, dev mtdblock0, sector 0
Oct 27 16:50:03 vader-rover kernel: [    9.513702] end_request: I/O error, dev mtdblock0, sector 0
Oct 27 16:50:03 vader-rover kernel: [    9.531921] end_request: I/O error, dev mtdblock0, sector 0
Oct 27 16:50:03 vader-rover kernel: [    9.883483] end_request: I/O error, dev mtdblock0, sector 0
Oct 27 16:50:03 vader-rover kernel: [    9.900054] end_request: I/O error, dev mtdblock0, sector 0
Oct 27 16:50:03 vader-rover kernel: [    9.916320] end_request: I/O error, dev mtdblock0, sector 0
Oct 27 16:50:03 vader-rover kernel: [    9.932342] end_request: I/O error, dev mtdblock0, sector 0
Oct 27 16:50:03 vader-rover kernel: [    9.944000] end_request: I/O error, dev mtdblock0, sector 0
Oct 27 16:50:03 vader-rover kernel: [    9.963714] end_request: I/O error, dev mtdblock0, sector 0
Oct 27 16:50:03 vader-rover kernel: [    9.985961] end_request: I/O error, dev mtdblock0, sector 0
Oct 27 16:50:03 vader-rover kernel: [   10.002441] end_request: I/O error, dev mtdblock0, sector 0
Oct 27 16:50:03 vader-rover kernel: [   10.021667] end_request: I/O error, dev mtdblock0, sector 0
Oct 27 16:50:03 vader-rover kernel: [   10.033935] cdc_acm 1-2.1.2:1.0: usb_probe_interface
Oct 27 16:50:03 vader-rover kernel: [   10.033966] cdc_acm 1-2.1.2:1.0: usb_probe_interface - got id
Oct 27 16:50:03 vader-rover kernel: [   10.033996] cdc_acm 1-2.1.2:1.0: This device cannot do calls on its own. It is not a modem.
Oct 27 16:50:03 vader-rover kernel: [   10.044067] end_request: I/O error, dev mtdblock0, sector 0
Oct 27 16:50:03 vader-rover kernel: [   10.055175] end_request: I/O error, dev mtdblock0, sector 0
Oct 27 16:50:03 vader-rover kernel: [   10.072570] end_request: I/O error, dev mtdblock0, sector 0
Oct 27 16:50:03 vader-rover kernel: [   10.088226] end_request: I/O error, dev mtdblock0, sector 0
Oct 27 16:50:03 vader-rover kernel: [   10.107421] end_request: I/O error, dev mtdblock0, sector 0
Oct 27 16:50:03 vader-rover kernel: [   10.126922] end_request: I/O error, dev mtdblock0, sector 0
Oct 27 16:50:03 vader-rover kernel: [   10.140441] end_request: I/O error, dev mtdblock0, sector 0
Oct 27 16:50:03 vader-rover kernel: [   10.150695] end_request: I/O error, dev mtdblock0, sector 0
Oct 27 16:50:03 vader-rover kernel: [   10.166198] end_request: I/O error, dev mtdblock0, sector 8
Oct 27 16:50:03 vader-rover kernel: [   10.187988] end_request: I/O error, dev mtdblock0, sector 8
Oct 27 16:50:03 vader-rover kernel: [   10.199462] end_request: I/O error, dev mtdblock0, sector 8
Oct 27 16:50:03 vader-rover kernel: [   10.219970] end_request: I/O error, dev mtdblock0, sector 8
Oct 27 16:50:03 vader-rover kernel: [   10.232543] end_request: I/O error, dev mtdblock0, sector 24
Oct 27 16:50:03 vader-rover kernel: [   10.252319] end_request: I/O error, dev mtdblock0, sector 24
Oct 27 16:50:03 vader-rover kernel: [   10.267913] end_request: I/O error, dev mtdblock0, sector 24
Oct 27 16:50:03 vader-rover kernel: [   10.283569] end_request: I/O error, dev mtdblock0, sector 24
Oct 27 16:50:03 vader-rover kernel: [   10.296234] end_request: I/O error, dev mtdblock0, sector 56
Oct 27 16:50:03 vader-rover kernel: [   10.314788] end_request: I/O error, dev mtdblock0, sector 56
Oct 27 16:50:03 vader-rover kernel: [   10.328613] end_request: I/O error, dev mtdblock0, sector 56
Oct 27 16:50:03 vader-rover kernel: [   10.349029] end_request: I/O error, dev mtdblock0, sector 56
Oct 27 16:50:03 vader-rover kernel: [   10.371734] end_request: I/O error, dev mtdblock0, sector 120
Oct 27 16:50:03 vader-rover kernel: [   10.387390] end_request: I/O error, dev mtdblock0, sector 120
Oct 27 16:50:03 vader-rover kernel: [   10.406097] end_request: I/O error, dev mtdblock0, sector 120
Oct 27 16:50:03 vader-rover kernel: [   10.417999] cdc_acm 1-2.1.2:1.0: ttyACM0: USB ACM device
Oct 27 16:50:03 vader-rover kernel: [   10.422637] end_request: I/O error, dev mtdblock0, sector 120
Oct 27 16:50:03 vader-rover kernel: [   10.438079] end_request: I/O error, dev mtdblock0, sector 0
Oct 27 16:50:03 vader-rover kernel: [   10.456329] end_request: I/O error, dev mtdblock0, sector 0
Oct 27 16:50:03 vader-rover kernel: [   10.473999] end_request: I/O error, dev mtdblock0, sector 8
Oct 27 16:50:03 vader-rover kernel: [   10.488128] end_request: I/O error, dev mtdblock0, sector 8
Oct 27 16:50:03 vader-rover kernel: [   10.504394] usbcore: registered new interface driver cdc_acm
Oct 27 16:50:03 vader-rover kernel: [   10.504425] cdc_acm: USB Abstract Control Model driver for USB modems and ISDN adapters
Oct 27 16:50:03 vader-rover kernel: [   10.517913] end_request: I/O error, dev mtdblock0, sector 24
Oct 27 16:50:03 vader-rover kernel: [   10.532287] end_request: I/O error, dev mtdblock0, sector 24
Oct 27 16:50:03 vader-rover kernel: [   10.541290] end_request: I/O error, dev mtdblock0, sector 56
Oct 27 16:50:03 vader-rover kernel: [   10.557128] end_request: I/O error, dev mtdblock0, sector 56
Oct 27 16:50:03 vader-rover kernel: [   10.572784] end_request: I/O error, dev mtdblock0, sector 120
Oct 27 16:50:03 vader-rover kernel: [   10.588226] end_request: I/O error, dev mtdblock0, sector 120
Oct 27 16:50:03 vader-rover kernel: [   10.602874] end_request: I/O error, dev mtdblock0, sector 0
Oct 27 16:50:03 vader-rover kernel: [   10.618530] end_request: I/O error, dev mtdblock0, sector 0
Oct 27 16:50:03 vader-rover kernel: [   10.635772] end_request: I/O error, dev mtdblock0, sector 0
Oct 27 16:50:03 vader-rover kernel: [   10.650878] end_request: I/O error, dev mtdblock0, sector 0
Oct 27 16:50:03 vader-rover kernel: [   10.666564] end_request: I/O error, dev mtdblock0, sector 0
Oct 27 16:50:03 vader-rover kernel: [   10.682037] end_request: I/O error, dev mtdblock0, sector 0
Oct 27 16:50:03 vader-rover kernel: [   10.697692] end_request: I/O error, dev mtdblock0, sector 64
Oct 27 16:50:03 vader-rover kernel: [   10.714660] end_request: I/O error, dev mtdblock0, sector 64
Oct 27 16:50:03 vader-rover kernel: [   10.733581] end_request: I/O error, dev mtdblock0, sector 64
Oct 27 16:50:03 vader-rover kernel: [   10.749359] end_request: I/O error, dev mtdblock0, sector 64
Oct 27 16:50:03 vader-rover kernel: [   10.766174] end_request: I/O error, dev mtdblock0, sector 64
Oct 27 16:50:03 vader-rover kernel: [   10.783935] end_request: I/O error, dev mtdblock0, sector 64
Oct 27 16:50:03 vader-rover kernel: [   10.802215] end_request: I/O error, dev mtdblock0, sector 64
Oct 27 16:50:03 vader-rover kernel: [   10.824676] end_request: I/O error, dev mtdblock0, sector 64
Oct 27 16:50:03 vader-rover kernel: [   10.844268] usbcore: registered new interface driver usbserial
Oct 27 16:50:03 vader-rover kernel: [   10.846069] end_request: I/O error, dev mtdblock0, sector 64
Oct 27 16:50:03 vader-rover kernel: [   10.861114] usbcore: registered new interface driver usbserial_generic
Oct 27 16:50:03 vader-rover kernel: [   10.870269] end_request: I/O error, dev mtdblock0, sector 0
Oct 27 16:50:03 vader-rover kernel: [   10.877319] USB Serial support registered for generic
Oct 27 16:50:03 vader-rover kernel: [   10.877349] usbserial: USB Serial Driver core
Oct 27 16:50:03 vader-rover kernel: [   10.885070] end_request: I/O error, dev mtdblock0, sector 0
Oct 27 16:50:03 vader-rover kernel: [   10.904510] end_request: I/O error, dev mtdblock0, sector 0
Oct 27 16:50:03 vader-rover kernel: [   10.922210] end_request: I/O error, dev mtdblock0, sector 0
Oct 27 16:50:03 vader-rover kernel: [   10.944885] end_request: I/O error, dev mtdblock0, sector 0
Oct 27 16:50:03 vader-rover kernel: [   10.956634] usbcore: registered new interface driver pl2303
Oct 27 16:50:03 vader-rover kernel: [   10.957733] USB Serial support registered for pl2303
Oct 27 16:50:03 vader-rover kernel: [   10.957824] pl2303 1-2.1.1:1.0: usb_probe_interface
Oct 27 16:50:03 vader-rover kernel: [   10.957855] pl2303 1-2.1.1:1.0: usb_probe_interface - got id
Oct 27 16:50:03 vader-rover kernel: [   10.957885] pl2303 1-2.1.1:1.0: pl2303 converter detected
Oct 27 16:50:03 vader-rover kernel: [   10.967071] end_request: I/O error, dev mtdblock0, sector 16
Oct 27 16:50:03 vader-rover kernel: [   10.985626] end_request: I/O error, dev mtdblock0, sector 0
Oct 27 16:50:03 vader-rover kernel: [   10.995147] usbcore: registered new interface driver ftdi_sio
Oct 27 16:50:03 vader-rover kernel: [   10.995574] USB Serial support registered for FTDI USB Serial Device
Oct 27 16:50:03 vader-rover kernel: [   10.995971] ftdi_sio 1-2.1.3:1.0: usb_probe_interface
Oct 27 16:50:03 vader-rover kernel: [   10.996002] ftdi_sio 1-2.1.3:1.0: usb_probe_interface - got id
Oct 27 16:50:03 vader-rover kernel: [   10.996032] ftdi_sio 1-2.1.3:1.0: FTDI USB Serial Device converter detected
Oct 27 16:50:03 vader-rover kernel: [   11.008636] end_request: I/O error, dev mtdblock0, sector 0
Oct 27 16:50:03 vader-rover kernel: [   11.018859] usb 1-2.1.3: Detected FT232RL
Oct 27 16:50:03 vader-rover kernel: [   11.018890] usb 1-2.1.3: Number of endpoints 2
Oct 27 16:50:03 vader-rover kernel: [   11.018920] usb 1-2.1.3: Endpoint 1 MaxPacketSize 64
Oct 27 16:50:03 vader-rover kernel: [   11.018920] usb 1-2.1.3: Endpoint 2 MaxPacketSize 64
Oct 27 16:50:03 vader-rover kernel: [   11.018920] usb 1-2.1.3: Setting MaxPacketSize 64
Oct 27 16:50:03 vader-rover kernel: [   11.020233] usb 1-2.1.1: pl2303 converter now attached to ttyUSB0
Oct 27 16:50:03 vader-rover kernel: [   11.029541] usb 1-2.1.3: FTDI USB Serial Device converter now attached to ttyUSB1
Oct 27 16:50:03 vader-rover kernel: [   11.030853] end_request: I/O error, dev mtdblock0, sector 0
Oct 27 16:50:03 vader-rover kernel: [   11.038177] ftdi_sio: v1.6.0:USB FTDI Serial Converters Driver
Oct 27 16:50:03 vader-rover kernel: [   11.054382] end_request: I/O error, dev mtdblock0, sector 0
Oct 27 16:50:03 vader-rover kernel: [   11.072143] end_request: I/O error, dev mtdblock0, sector 0
Oct 27 16:50:03 vader-rover kernel: [   11.095184] end_request: I/O error, dev mtdblock0, sector 0
Oct 27 16:50:03 vader-rover kernel: [   11.107025] end_request: I/O error, dev mtdblock0, sector 0
Oct 27 16:50:03 vader-rover kernel: [   11.126068] end_request: I/O error, dev mtdblock0, sector 0
Oct 27 16:50:03 vader-rover kernel: [   11.142883] end_request: I/O error, dev mtdblock0, sector 0
Oct 27 16:50:03 vader-rover kernel: [   11.164215] end_request: I/O error, dev mtdblock0, sector 0
Oct 27 16:50:03 vader-rover kernel: [   11.184356] end_request: I/O error, dev mtdblock0, sector 0
Oct 27 16:50:03 vader-rover kernel: [   11.200103] end_request: I/O error, dev mtdblock0, sector 0
Oct 27 16:50:03 vader-rover kernel: [   11.220214] end_request: I/O error, dev mtdblock0, sector 0
Oct 27 16:50:03 vader-rover kernel: [   11.238769] end_request: I/O error, dev mtdblock0, sector 0
Oct 27 16:50:03 vader-rover kernel: [   11.259063] end_request: I/O error, dev mtdblock0, sector 0
Oct 27 16:50:03 vader-rover kernel: [   11.280395] end_request: I/O error, dev mtdblock0, sector 0
Oct 27 16:50:03 vader-rover kernel: [   11.299163] end_request: I/O error, dev mtdblock0, sector 0
Oct 27 16:50:03 vader-rover kernel: [   11.299468] end_request: I/O error, dev mtdblock0, sector 0
Oct 27 16:50:03 vader-rover kernel: [   11.299652] end_request: I/O error, dev mtdblock0, sector 8
Oct 27 16:50:03 vader-rover kernel: [   11.299835] end_request: I/O error, dev mtdblock0, sector 0
Oct 27 16:50:03 vader-rover kernel: [   11.299987] end_request: I/O error, dev mtdblock0, sector 0
Oct 27 16:50:03 vader-rover kernel: [   11.300170] end_request: I/O error, dev mtdblock0, sector 0
Oct 27 16:50:03 vader-rover kernel: [   11.300323] end_request: I/O error, dev mtdblock0, sector 0
Oct 27 16:50:03 vader-rover kernel: [   13.863311] NET: Registered protocol family 10
Oct 27 16:50:03 vader-rover kernel: [   14.598480] +871x_drv - drv_open, bup=0
Oct 27 16:50:03 vader-rover kernel: [   14.640106]  ===> FirmwareDownload91C() fw:Rtl819XFwImageArray_TSMC
Oct 27 16:50:03 vader-rover kernel: [   14.640136] FirmwareDownload92C accquire FW from embedded image
Oct 27 16:50:03 vader-rover kernel: [   14.640136] fw_ver=v88, fw_subver=2, sig=0x88c0
Oct 27 16:50:03 vader-rover avahi-daemon[519]: Found user 'avahi' (UID 107) and group 'avahi' (GID 112).
Oct 27 16:50:03 vader-rover kernel: [   14.705474] fw download ok!
Oct 27 16:50:03 vader-rover kernel: [   14.705505] Set RF Chip ID to RF_6052 and RF type to 2.
Oct 27 16:50:03 vader-rover avahi-daemon[519]: Successfully dropped root privileges.
Oct 27 16:50:03 vader-rover avahi-daemon[519]: avahi-daemon 0.6.30 starting up.
Oct 27 16:50:03 vader-rover avahi-daemon[519]: Successfully called chroot().
Oct 27 16:50:03 vader-rover avahi-daemon[519]: Successfully dropped remaining capabilities.
Oct 27 16:50:03 vader-rover avahi-daemon[519]: No service file found in /etc/avahi/services.
Oct 27 16:50:04 vader-rover kernel: [   15.201599] IQK:Start!!!
Oct 27 16:50:04 vader-rover kernel: [   15.225585] Path A IQK Success!!
Oct 27 16:50:04 vader-rover kernel: [   15.230041] libertas_sdio mmc1:0001:1: (unregistered net_device): 00:19:88:25:91:f6, fw 9.70.3p36, cap 0x00000303
Oct 27 16:50:04 vader-rover kernel: [   15.243927] Path B IQK Success!!
Oct 27 16:50:04 vader-rover kernel: [   15.256439] Path A IQK Success!!
Oct 27 16:50:04 vader-rover kernel: [   15.266082] Path B IQK Success!!
Oct 27 16:50:04 vader-rover kernel: [   15.291931] Path A IQK Success!!
Oct 27 16:50:04 vader-rover kernel: [   15.300781] Path B IQK Success!!
Oct 27 16:50:04 vader-rover kernel: [   15.311065] IQK: final_candidate is 1
Oct 27 16:50:04 vader-rover kernel: [   15.311065] IQK: RegE94=fe RegE9C=0 RegEA4=fc RegEAC=3ff RegEB4=103 RegEBC=10 RegEC4=f6 RegECC=3
Oct 27 16:50:04 vader-rover kernel: [   15.311065]  Path A IQ Calibration Success !
Oct 27 16:50:04 vader-rover kernel: [   15.315887] Path B IQ Calibration Success !
Oct 27 16:50:04 vader-rover kernel: [   15.440948] pdmpriv->TxPowerTrackControl = 1
Oct 27 16:50:04 vader-rover kernel: [   15.451080] rtl8192cu_hal_init in 851ms
Oct 27 16:50:04 vader-rover avahi-daemon[519]: Network interface enumeration completed.
Oct 27 16:50:04 vader-rover kernel: [   15.474700] MAC Address = e8:94:f6:14:2e:2f
Oct 27 16:50:04 vader-rover kernel: [   15.475311] -871x_drv - drv_open, bup=1
Oct 27 16:50:04 vader-rover kernel: [   15.475616] IPv6: ADDRCONF(NETDEV_UP): wlan1: link is not ready
Oct 27 16:50:04 vader-rover kernel: [   15.478210] libertas_sdio mmc1:0001:1: wlan0: Marvell WLAN 802.11 adapter
Oct 27 16:50:04 vader-rover avahi-daemon[519]: Registering HINFO record with values 'ARMV7L'/'LINUX'.
Oct 27 16:50:04 vader-rover avahi-daemon[519]: Server startup complete. Host name is vader-rover.local. Local service cookie is 3585792646.
Oct 27 16:50:04 vader-rover kernel: [   15.497497] [rtw_wx_set_pmkid] IW_PMKSA_FLUSH!
Oct 27 16:50:04 vader-rover kernel: [   15.497589] set_mode = IW_MODE_INFRA
Oct 27 16:50:04 vader-rover kernel: [   15.504730] hw_var_set_opmode()-4234 mode = 2
Oct 27 16:50:04 vader-rover kernel: [   15.534606] [rtw_wx_set_pmkid] IW_PMKSA_FLUSH!
Oct 27 16:50:05 vader-rover dhclient: DHCPDISCOVER on wlan1 to 255.255.255.255 port 67 interval 3
Oct 27 16:50:06 vader-rover wpa_supplicant[530]: Trying to associate with 00:22:75:43:1e:48 (SSID='rover-wifi' freq=2462 MHz)
Oct 27 16:50:06 vader-rover kernel: [   16.889862] survey done event(21) band:0 for wlan1
Oct 27 16:50:06 vader-rover kernel: [   16.892120] wpa_set_auth_algs, AUTH_ALG_OPEN_SYSTEM
Oct 27 16:50:06 vader-rover kernel: [   16.892181] set_mode = IW_MODE_INFRA
Oct 27 16:50:06 vader-rover kernel: [   16.892517] =>rtw_wx_set_essid
Oct 27 16:50:06 vader-rover kernel: [   16.892547] ssid=rover-wifi, len=10
Oct 27 16:50:06 vader-rover kernel: [   16.892547] Set SSID under fw_state=0x00000008
Oct 27 16:50:06 vader-rover kernel: [   16.892578] [by_bssid:0][assoc_ssid:rover-wifi][to_roaming:0] new candidate: rover-wifi(00:22:75:43:1e:48, ch11) rssi:-44
Oct 27 16:50:06 vader-rover kernel: [   16.892608] rtw_select_and_join_from_scanned_queue: candidate: rover-wifi(00:22:75:43:1e:48, ch:11)
Oct 27 16:50:06 vader-rover kernel: [   16.892730] link to Ralink AP
Oct 27 16:50:06 vader-rover wpa_supplicant[530]: Association request to the driver failed
Oct 27 16:50:06 vader-rover kernel: [   16.894104] <=rtw_wx_set_essid, ret 0
Oct 27 16:50:06 vader-rover kernel: [   16.894439] Set BSSID under fw_state=0x00000088
Oct 27 16:50:06 vader-rover kernel: [   16.896667] hw_var_set_opmode()-4234 mode = 2
Oct 27 16:50:06 vader-rover kernel: [   16.897491] start_join_set_ch_bw: ch=11, bwmode=0, ch_offset=0
Oct 27 16:50:06 vader-rover kernel: [   17.012268] link to Ralink AP
Oct 27 16:50:06 vader-rover kernel: [   17.016448] OnAuthClient
Oct 27 16:50:06 vader-rover kernel: [   17.016479] network.SupportedRates[0]=82
Oct 27 16:50:06 vader-rover kernel: [   17.016510] network.SupportedRates[1]=84
Oct 27 16:50:06 vader-rover kernel: [   17.016510] network.SupportedRates[2]=8B
Oct 27 16:50:06 vader-rover kernel: [   17.016510] network.SupportedRates[3]=96
Oct 27 16:50:06 vader-rover kernel: [   17.016510] network.SupportedRates[4]=12
Oct 27 16:50:06 vader-rover kernel: [   17.016540] network.SupportedRates[5]=24
Oct 27 16:50:06 vader-rover kernel: [   17.016540] network.SupportedRates[6]=48
Oct 27 16:50:06 vader-rover kernel: [   17.016540] network.SupportedRates[7]=6C
Oct 27 16:50:06 vader-rover kernel: [   17.016540] network.SupportedRates[8]=0C
Oct 27 16:50:06 vader-rover kernel: [   17.016571] network.SupportedRates[9]=18
Oct 27 16:50:06 vader-rover kernel: [   17.016571] network.SupportedRates[10]=30
Oct 27 16:50:06 vader-rover kernel: [   17.016571] network.SupportedRates[11]=60
Oct 27 16:50:06 vader-rover kernel: [   17.016571] bssrate_len = 12
Oct 27 16:50:06 vader-rover kernel: [   17.016601] declare supporting RX STBC
Oct 27 16:50:06 vader-rover wpa_supplicant[530]: Associated with 00:22:75:43:1e:48
Oct 27 16:50:06 vader-rover wpa_supplicant[530]: CTRL-EVENT-CONNECTED - Connection to 00:22:75:43:1e:48 completed (auth) [id=0 id_str=rover]
Oct 27 16:50:06 vader-rover kernel: [   17.025665] OnAssocRsp
Oct 27 16:50:06 vader-rover kernel: [   17.025695] report_join_res(1)
Oct 27 16:50:06 vader-rover kernel: [   17.025726] rtw_joinbss_update_network
Oct 27 16:50:06 vader-rover kernel: [   17.025726] +rtw_update_ht_cap()
Oct 27 16:50:06 vader-rover kernel: [   17.025756] rtw_joinbss_update_stainfo
Oct 27 16:50:06 vader-rover kernel: [   17.025848] HW_VAR_BASIC_RATE: BrateCfg(0x15d)
Oct 27 16:50:06 vader-rover kernel: [   17.026214] IPv6: ADDRCONF(NETDEV_CHANGE): wlan1: link becomes ready
Oct 27 16:50:06 vader-rover kernel: [   17.029357] WMM(0): 0, a42b
Oct 27 16:50:06 vader-rover kernel: [   17.029663] WMM(1): 0, a44f
Oct 27 16:50:06 vader-rover kernel: [   17.029937] WMM(2): 0, 5e4322
Oct 27 16:50:06 vader-rover kernel: [   17.030212] WMM(3): 0, 2f3222
Oct 27 16:50:06 vader-rover kernel: [   17.030212] HTOnAssocRsp
Oct 27 16:50:06 vader-rover kernel: [   17.042572] update raid entry, mask=0xfffffff, arg=0x80
Oct 27 16:50:06 vader-rover kernel: [   17.045806] rtl8192c_set_FwJoinBssReport_cmd mstatus(1)
Oct 27 16:50:06 vader-rover kernel: [   17.047607] SetFwRsvdPagePkt
Oct 27 16:50:06 vader-rover kernel: [   17.047668] Set RSVD page location to Fw.
Oct 27 16:50:06 vader-rover kernel: [   17.050201] =>mlmeext_joinbss_event_callback
Oct 27 16:50:07 vader-rover avahi-daemon[519]: Joining mDNS multicast group on interface wlan1.IPv6 with address fe80::ea94:f6ff:fe14:2e2f.
Oct 27 16:50:07 vader-rover avahi-daemon[519]: New relevant interface wlan1.IPv6 for mDNS.
Oct 27 16:50:07 vader-rover avahi-daemon[519]: Registering new address record for fe80::ea94:f6ff:fe14:2e2f on wlan1.*.
Oct 27 16:50:08 vader-rover dhclient: DHCPDISCOVER on wlan1 to 255.255.255.255 port 67 interval 4
Oct 27 16:50:12 vader-rover dhclient: DHCPDISCOVER on wlan1 to 255.255.255.255 port 67 interval 4
Oct 27 16:50:13 vader-rover avahi-daemon[519]: Leaving mDNS multicast group on interface wlan1.IPv6 with address fe80::ea94:f6ff:fe14:2e2f.
Oct 27 16:50:13 vader-rover avahi-daemon[519]: Joining mDNS multicast group on interface wlan1.IPv6 with address 2002:802e:d6c1:1234:ea94:f6ff:fe14:2e2f.
Oct 27 16:50:13 vader-rover avahi-daemon[519]: Registering new address record for 2002:802e:d6c1:1234:ea94:f6ff:fe14:2e2f on wlan1.*.
Oct 27 16:50:13 vader-rover avahi-daemon[519]: Withdrawing address record for fe80::ea94:f6ff:fe14:2e2f on wlan1.
Oct 27 16:50:16 vader-rover dhclient: DHCPDISCOVER on wlan1 to 255.255.255.255 port 67 interval 11
Oct 27 16:50:17 vader-rover dhclient: DHCPREQUEST of 192.168.2.3 on wlan1 to 255.255.255.255 port 67
Oct 27 16:50:17 vader-rover dhclient: DHCPOFFER of 192.168.2.3 from 192.168.2.1
Oct 27 16:50:20 vader-rover dhclient: DHCPREQUEST of 192.168.2.3 on wlan1 to 255.255.255.255 port 67
Oct 27 16:50:20 vader-rover dhclient: DHCPACK of 192.168.2.3 from 192.168.2.1
Oct 27 16:50:20 vader-rover avahi-daemon[519]: Joining mDNS multicast group on interface wlan1.IPv4 with address 192.168.2.3.
Oct 27 16:50:20 vader-rover avahi-daemon[519]: New relevant interface wlan1.IPv4 for mDNS.
Oct 27 16:50:20 vader-rover avahi-daemon[519]: Registering new address record for 192.168.2.3 on wlan1.IPv4.
Oct 27 16:50:20 vader-rover kernel: [   31.425750] OnAction_back
Oct 27 16:50:20 vader-rover kernel: [   31.425781] OnAction_back, action=0
Oct 27 16:50:20 vader-rover kernel: [   31.425781] issue_action_BA, category=3, action=1, status=0
Oct 27 16:50:20 vader-rover dhclient: bound to 192.168.2.3 -- renewal in 122140254 seconds.
Oct 27 16:50:22 vader-rover anacron[740]: Anacron 2.3 started on 2015-10-27
Oct 27 16:50:22 vader-rover cron[717]: (CRON) INFO (pidfile fd = 3)
Oct 27 16:50:22 vader-rover anacron[740]: Will run job `cron.daily' in 5 min.
Oct 27 16:50:22 vader-rover anacron[740]: Will run job `cron.weekly' in 10 min.
Oct 27 16:50:22 vader-rover anacron[740]: Will run job `cron.monthly' in 15 min.
Oct 27 16:50:22 vader-rover anacron[740]: Jobs will be executed sequentially
Oct 27 16:50:22 vader-rover kernel: [   33.345275] GPIO Event Monitor 0.1 Compiled: Jan 13 2014 at 15:50:49
Oct 27 16:50:22 vader-rover cron[744]: (CRON) STARTUP (fork ok)
Oct 27 16:50:22 vader-rover cron[744]: (CRON) INFO (Running @reboot jobs)
Oct 27 16:50:22 vader-rover dbus[490]: [system] Activating service name='org.freedesktop.ConsoleKit' (using servicehelper)
Oct 27 16:50:22 vader-rover kernel: [   33.607391] pwm: frequency=50 Hz servo=1 servo_min = 10000 servo_max = 20000
Oct 27 16:50:22 vader-rover noip2[768]: v2.1.9 daemon started with NAT enabled
Oct 27 16:50:23 vader-rover dbus[490]: [system] Activating service name='org.freedesktop.PolicyKit1' (using servicehelper)
Oct 27 16:50:23 vader-rover ntpd[861]: ntpd 4.2.6p3@1.2290 Tue Mar  6 15:10:33 UTC 2012 (1)
Oct 27 16:50:23 vader-rover ntpd[864]: proto: precision = 30.517 usec
Oct 27 16:50:23 vader-rover ntpd[864]: ntp_io: estimated max descriptors: 1024, initial socket boundary: 16
Oct 27 16:50:23 vader-rover ntpd[864]: Listen and drop on 0 v4wildcard 0.0.0.0 UDP 123
Oct 27 16:50:23 vader-rover ntpd[864]: Listen and drop on 1 v6wildcard :: UDP 123
Oct 27 16:50:23 vader-rover ntpd[864]: Listen normally on 2 lo 127.0.0.1 UDP 123
Oct 27 16:50:23 vader-rover ntpd[864]: Listen normally on 3 wlan1 192.168.2.3 UDP 123
Oct 27 16:50:23 vader-rover ntpd[864]: Listen normally on 4 wlan1 2002:802e:d6c1:1234:ea94:f6ff:fe14:2e2f UDP 123
Oct 27 16:50:23 vader-rover ntpd[864]: Listen normally on 5 wlan1 fe80::ea94:f6ff:fe14:2e2f UDP 123
Oct 27 16:50:23 vader-rover ntpd[864]: Listen normally on 6 lo ::1 UDP 123
Oct 27 16:50:23 vader-rover ntpd[864]: peers refreshed
Oct 27 16:50:23 vader-rover ntpd[864]: Listening on routing socket on fd #23 for interface updates
Oct 27 16:50:23 vader-rover polkitd[863]: started daemon version 0.104 using authority implementation `local' version `0.104'
Oct 27 16:50:23 vader-rover dbus[490]: [system] Successfully activated service 'org.freedesktop.PolicyKit1'
Oct 27 16:50:23 vader-rover dbus[490]: [system] Successfully activated service 'org.freedesktop.ConsoleKit'
Oct 27 16:50:25 vader-rover ntpdate[685]: the NTP socket is in use, exiting
Oct 27 16:50:25 vader-rover kernel: [   36.275573] OnAction_back
Oct 27 16:50:25 vader-rover kernel: [   36.275604] OnAction_back, action=0
Oct 27 16:50:25 vader-rover kernel: [   36.275604] issue_action_BA, category=3, action=1, status=0
Oct 27 16:50:26 vader-rover noip2[768]: Read from dynupdate.no-ip.com failed (Connection reset by peer)
Oct 27 16:53:53 vader-rover kernel: Kernel logging (proc) stopped.
Oct 27 16:53:53 vader-rover rsyslogd: [origin software="rsyslogd" swVersion="5.8.6" x-pid="504" x-info="http://www.rsyslog.com"] exiting on signal 15.
Oct 27 16:54:44 vader-rover kernel: imklog 5.8.6, log source = /proc/kmsg started.
Oct 27 16:54:44 vader-rover rsyslogd: [origin software="rsyslogd" swVersion="5.8.6" x-pid="490" x-info="http://www.rsyslog.com"] start
Oct 27 16:54:44 vader-rover rsyslogd: rsyslogd's groupid changed to 103
Oct 27 16:54:44 vader-rover rsyslogd: rsyslogd's userid changed to 101
Oct 27 16:54:44 vader-rover rsyslogd-2039: Could not open output pipe '/dev/xconsole' [try http://www.rsyslog.com/e/2039 ]
Oct 27 16:54:44 vader-rover kernel: [    0.000000] Booting Linux on physical CPU 0
Oct 27 16:54:44 vader-rover kernel: [    0.000000] Initializing cgroup subsys cpuset
Oct 27 16:54:44 vader-rover kernel: [    0.000000] Initializing cgroup subsys cpu
Oct 27 16:54:44 vader-rover kernel: [    0.000000] Linux version 3.5.0-2-linaro-omap (adam@pine) (gcc version 4.6.3 (Ubuntu/Linaro 4.6.3-1ubuntu5) ) #2~ci+121210190143 PREEMPT Mon Dec 10 11:03:27 PST 2012
Oct 27 16:54:44 vader-rover kernel: [    0.000000] CPU: ARMv7 Processor [413fc082] revision 2 (ARMv7), cr=10c53c7d
Oct 27 16:54:44 vader-rover kernel: [    0.000000] CPU: PIPT / VIPT nonaliasing data cache, VIPT aliasing instruction cache
Oct 27 16:54:44 vader-rover kernel: [    0.000000] Machine: Gumstix Overo
Oct 27 16:54:44 vader-rover kernel: [    0.000000] Reserving 12582912 bytes SDRAM for VRAM
Oct 27 16:54:44 vader-rover kernel: [    0.000000] Memory policy: ECC disabled, Data cache writeback
Oct 27 16:54:44 vader-rover kernel: [    0.000000] On node 0 totalpages: 127744
Oct 27 16:54:44 vader-rover kernel: [    0.000000] free_area_init_node: node 0, pgdat c070b85c, node_mem_map c07a7000
Oct 27 16:54:44 vader-rover kernel: [    0.000000]   Normal zone: 1024 pages used for memmap
Oct 27 16:54:44 vader-rover kernel: [    0.000000]   Normal zone: 0 pages reserved
Oct 27 16:54:44 vader-rover kernel: [    0.000000]   Normal zone: 126720 pages, LIFO batch:31
Oct 27 16:54:44 vader-rover kernel: [    0.000000] OMAP3630 ES1.2 (l2cache iva sgx neon isp 192mhz_clk )
Oct 27 16:54:44 vader-rover kernel: [    0.000000] Clocking rate (Crystal/Core/MPU): 26.0/332/600 MHz
Oct 27 16:54:44 vader-rover kernel: [    0.000000] pcpu-alloc: s0 r0 d32768 u32768 alloc=1*32768
Oct 27 16:54:44 vader-rover kernel: [    0.000000] pcpu-alloc: [0] 0 
Oct 27 16:54:44 vader-rover kernel: [    0.000000] Built 1 zonelists in Zone order, mobility grouping on.  Total pages: 126720
Oct 27 16:54:44 vader-rover kernel: [    0.000000] Kernel command line: console=tty0 console=ttyO2,115200n8 root=/dev/mmcblk0p2 rootwait ro earlyprintk mpurate=720 vram=12M omapdss.def_disp=dvi omapfb.mode=dvi:1024x768MR-16@60
Oct 27 16:54:44 vader-rover kernel: [    0.000000] PID hash table entries: 2048 (order: 1, 8192 bytes)
Oct 27 16:54:44 vader-rover kernel: [    0.000000] Dentry cache hash table entries: 65536 (order: 6, 262144 bytes)
Oct 27 16:54:44 vader-rover kernel: [    0.000000] Inode-cache hash table entries: 32768 (order: 5, 131072 bytes)
Oct 27 16:54:44 vader-rover kernel: [    0.000000] allocated 1048576 bytes of page_cgroup
Oct 27 16:54:44 vader-rover kernel: [    0.000000] please try 'cgroup_disable=memory' option if you don't want memory cgroups
Oct 27 16:54:44 vader-rover kernel: [    0.000000] Memory: 499MB = 499MB total
Oct 27 16:54:44 vader-rover kernel: [    0.000000] Memory: 496084k/496084k available, 28204k reserved, 0K highmem
Oct 27 16:54:44 vader-rover kernel: [    0.000000] Virtual kernel memory layout:
Oct 27 16:54:44 vader-rover kernel: [    0.000000]     vector  : 0xffff0000 - 0xffff1000   (   4 kB)
Oct 27 16:54:44 vader-rover kernel: [    0.000000]     fixmap  : 0xfff00000 - 0xfffe0000   ( 896 kB)
Oct 27 16:54:44 vader-rover kernel: [    0.000000]     vmalloc : 0xe0800000 - 0xff000000   ( 488 MB)
Oct 27 16:54:44 vader-rover kernel: [    0.000000]     lowmem  : 0xc0000000 - 0xe0000000   ( 512 MB)
Oct 27 16:54:44 vader-rover kernel: [    0.000000]     pkmap   : 0xbfe00000 - 0xc0000000   (   2 MB)
Oct 27 16:54:44 vader-rover kernel: [    0.000000]     modules : 0xbf000000 - 0xbfe00000   (  14 MB)
Oct 27 16:54:44 vader-rover kernel: [    0.000000]       .text : 0xc0008000 - 0xc067abfc   (6603 kB)
Oct 27 16:54:44 vader-rover kernel: [    0.000000]       .init : 0xc067b000 - 0xc06b2000   ( 220 kB)
Oct 27 16:54:44 vader-rover kernel: [    0.000000]       .data : 0xc06b2000 - 0xc071b268   ( 421 kB)
Oct 27 16:54:44 vader-rover kernel: [    0.000000]        .bss : 0xc071b28c - 0xc07a6020   ( 556 kB)
Oct 27 16:54:44 vader-rover kernel: [    0.000000] NR_IRQS:474
Oct 27 16:54:44 vader-rover kernel: [    0.000000] IRQ: Found an INTC at 0xfa200000 (revision 4.0) with 96 interrupts
Oct 27 16:54:44 vader-rover kernel: [    0.000000] Total of 96 interrupts on 1 active controller
Oct 27 16:54:44 vader-rover kernel: [    0.000000] OMAP clockevent source: GPTIMER1 at 32768 Hz
Oct 27 16:54:44 vader-rover kernel: [    0.000000] sched_clock: 32 bits at 32kHz, resolution 30517ns, wraps every 131071999ms
Oct 27 16:54:44 vader-rover kernel: [    0.000000] OMAP clocksource: 32k_counter at 32768 Hz
Oct 27 16:54:44 vader-rover kernel: [    0.000000] Console: colour dummy device 80x30
Oct 27 16:54:44 vader-rover kernel: [    0.000000] console [tty0] enabled
Oct 27 16:54:44 vader-rover kernel: [    0.000976] Calibrating delay loop... 597.64 BogoMIPS (lpj=2334720)
Oct 27 16:54:44 vader-rover kernel: [    0.039093] pid_max: default: 32768 minimum: 301
Oct 27 16:54:44 vader-rover kernel: [    0.039306] Security Framework initialized
Oct 27 16:54:44 vader-rover kernel: [    0.039428] Mount-cache hash table entries: 512
Oct 27 16:54:44 vader-rover kernel: [    0.040222] Initializing cgroup subsys debug
Oct 27 16:54:44 vader-rover kernel: [    0.040283] Initializing cgroup subsys cpuacct
Oct 27 16:54:44 vader-rover kernel: [    0.040283] Initializing cgroup subsys memory
Oct 27 16:54:44 vader-rover kernel: [    0.040374] Initializing cgroup subsys devices
Oct 27 16:54:44 vader-rover kernel: [    0.040405] Initializing cgroup subsys freezer
Oct 27 16:54:44 vader-rover kernel: [    0.040405] Initializing cgroup subsys perf_event
Oct 27 16:54:44 vader-rover kernel: [    0.040557] CPU: Testing write buffer coherency: ok
Oct 27 16:54:44 vader-rover kernel: [    0.040893] Setting up static identity map for 0x8046ea98 - 0x8046eaf0
Oct 27 16:54:44 vader-rover kernel: [    0.046051] devtmpfs: initialized
Oct 27 16:54:44 vader-rover kernel: [    0.050872] dummy: 
Oct 27 16:54:44 vader-rover kernel: [    0.051300] NET: Registered protocol family 16
Oct 27 16:54:44 vader-rover kernel: [    0.051727] GPMC revision 5.0
Oct 27 16:54:44 vader-rover kernel: [    0.051788] gpmc: irq-20 could not claim: err -22
Oct 27 16:54:44 vader-rover kernel: [    0.053466] gpiochip_add: registered GPIOs 0 to 31 on device: gpio
Oct 27 16:54:44 vader-rover kernel: [    0.053588] OMAP GPIO hardware version 2.5
Oct 27 16:54:44 vader-rover kernel: [    0.053833] gpiochip_add: registered GPIOs 32 to 63 on device: gpio
Oct 27 16:54:44 vader-rover kernel: [    0.054107] gpiochip_add: registered GPIOs 64 to 95 on device: gpio
Oct 27 16:54:44 vader-rover kernel: [    0.054382] gpiochip_add: registered GPIOs 96 to 127 on device: gpio
Oct 27 16:54:44 vader-rover kernel: [    0.054779] gpiochip_add: registered GPIOs 128 to 159 on device: gpio
Oct 27 16:54:44 vader-rover kernel: [    0.055084] gpiochip_add: registered GPIOs 160 to 191 on device: gpio
Oct 27 16:54:44 vader-rover kernel: [    0.056030] omap_mux_init: Add partition: #1: core, flags: 0
Oct 27 16:54:44 vader-rover kernel: [    0.061004] _omap_mux_get_by_name: Could not find signal uart4_rx.uart4_rx
Oct 27 16:54:44 vader-rover kernel: [    0.066864] Reprogramming SDRC clock to 332000000 Hz
Oct 27 16:54:44 vader-rover kernel: [    0.066925] dpll3_m2_clk rate change failed: -22
Oct 27 16:54:44 vader-rover kernel: [    0.066925] Found NAND on CS0
Oct 27 16:54:44 vader-rover kernel: [    0.066955] Registering NAND on CS0
Oct 27 16:54:44 vader-rover kernel: [    0.068176]  usbhs_omap: alias fck already exists
Oct 27 16:54:44 vader-rover kernel: [    0.075683] hw-breakpoint: debug architecture 0x4 unsupported.
Oct 27 16:54:44 vader-rover kernel: [    0.078765]  omap-mcbsp.2: alias fck already exists
Oct 27 16:54:44 vader-rover kernel: [    0.078979]  omap-mcbsp.3: alias fck already exists
Oct 27 16:54:44 vader-rover kernel: [    0.080047] Switched to new clocking rate (Crystal/Core/MPU): 26.0/332/720 MHz
Oct 27 16:54:44 vader-rover kernel: [    0.080291] OMAP DMA hardware revision 5.0
Oct 27 16:54:44 vader-rover kernel: [    0.087280] bio: create slab <bio-0> at 0
Oct 27 16:54:44 vader-rover kernel: [    0.087982] fixed-dummy: 
Oct 27 16:54:44 vader-rover kernel: [    0.088073] reg-fixed-voltage reg-fixed-voltage.0: fixed-dummy supplying 0uV
Oct 27 16:54:44 vader-rover kernel: [    0.088256] vads7846: override min_uV, 1 -> 3300000
Oct 27 16:54:44 vader-rover kernel: [    0.088287] vads7846: override max_uV, 2147483647 -> 3300000
Oct 27 16:54:44 vader-rover kernel: [    0.088287] vads7846: 3300 mV 
Oct 27 16:54:44 vader-rover kernel: [    0.088378] reg-fixed-voltage reg-fixed-voltage.1: vads7846 supplying 3300000uV
Oct 27 16:54:44 vader-rover kernel: [    0.088989] SCSI subsystem initialized
Oct 27 16:54:44 vader-rover kernel: [    0.089294] usbcore: registered new interface driver usbfs
Oct 27 16:54:44 vader-rover kernel: [    0.089416] usbcore: registered new interface driver hub
Oct 27 16:54:44 vader-rover kernel: [    0.089660] usbcore: registered new device driver usb
Oct 27 16:54:44 vader-rover kernel: [    0.090087] omap_i2c omap_i2c.1: bus 1 rev1.4.0 at 2600 kHz
Oct 27 16:54:44 vader-rover kernel: [    0.092651] twl 1-0048: PIH (irq 7) chaining IRQs 320..328
Oct 27 16:54:44 vader-rover kernel: [    0.092773] twl 1-0048: power (irq 325) chaining IRQs 328..335
Oct 27 16:54:44 vader-rover kernel: [    0.093353] twl4030_gpio twl4030_gpio: gpio (irq 320) chaining IRQs 336..353
Oct 27 16:54:44 vader-rover kernel: [    0.093688] gpiochip_add: registered GPIOs 192 to 211 on device: twl4030
Oct 27 16:54:44 vader-rover kernel: [    0.094421] VUSB1V5: override min_uV, 1 -> 1500000
Oct 27 16:54:44 vader-rover kernel: [    0.094421] VUSB1V5: override max_uV, 2147483647 -> 1500000
Oct 27 16:54:44 vader-rover kernel: [    0.094451] VUSB1V5: 1500 mV normal standby
Oct 27 16:54:44 vader-rover kernel: [    0.094909] VUSB1V8: override min_uV, 1 -> 1800000
Oct 27 16:54:44 vader-rover kernel: [    0.094909] VUSB1V8: override max_uV, 2147483647 -> 1800000
Oct 27 16:54:44 vader-rover kernel: [    0.094909] VUSB1V8: 1800 mV normal standby
Oct 27 16:54:44 vader-rover kernel: [    0.095336] VUSB3V1: override min_uV, 1 -> 3100000
Oct 27 16:54:44 vader-rover kernel: [    0.095336] VUSB3V1: override max_uV, 2147483647 -> 3100000
Oct 27 16:54:44 vader-rover kernel: [    0.095336] VUSB3V1: 3100 mV normal standby
Oct 27 16:54:44 vader-rover kernel: [    0.096801] twl4030_usb twl4030_usb: HW_CONDITIONS 0x10/16; link 0
Oct 27 16:54:44 vader-rover kernel: [    0.097015] twl4030_usb twl4030_usb: Initialized TWL4030 USB module
Oct 27 16:54:44 vader-rover kernel: [    0.097503] vdd_mpu_iva: 600 <--> 1450 mV normal 
Oct 27 16:54:44 vader-rover kernel: [    0.097900] vdd_core: 600 <--> 1450 mV normal 
Oct 27 16:54:44 vader-rover kernel: [    0.098388] VMMC1: 1850 <--> 3150 mV at 3000 mV normal standby
Oct 27 16:54:44 vader-rover kernel: [    0.098907] VDAC: 1800 mV normal standby
Oct 27 16:54:44 vader-rover kernel: [    0.099395] VDVI: 1800 mV normal standby
Oct 27 16:54:44 vader-rover kernel: [    0.099853] omap_i2c omap_i2c.3: bus 3 rev1.4.0 at 400 kHz
Oct 27 16:54:44 vader-rover kernel: [    0.100585] omap-iommu omap-iommu.0: isp registered
Oct 27 16:54:44 vader-rover kernel: [    0.100769] Advanced Linux Sound Architecture Driver Version 1.0.25.
Oct 27 16:54:44 vader-rover kernel: [    0.101684] Switching to clocksource 32k_counter
Oct 27 16:54:44 vader-rover kernel: [    0.126220] usbhs_omap usbhs_omap: xclk60mhsp2_ck set parentfailed error:-22
Oct 27 16:54:44 vader-rover kernel: [    0.126983] NET: Registered protocol family 2
Oct 27 16:54:44 vader-rover kernel: [    0.127288] IP route cache hash table entries: 4096 (order: 2, 16384 bytes)
Oct 27 16:54:44 vader-rover kernel: [    0.127838] TCP established hash table entries: 16384 (order: 5, 131072 bytes)
Oct 27 16:54:44 vader-rover kernel: [    0.128143] TCP bind hash table entries: 16384 (order: 4, 65536 bytes)
Oct 27 16:54:44 vader-rover kernel: [    0.128356] TCP: Hash tables configured (established 16384 bind 16384)
Oct 27 16:54:44 vader-rover kernel: [    0.128356] TCP: reno registered
Oct 27 16:54:44 vader-rover kernel: [    0.128387] UDP hash table entries: 256 (order: 0, 4096 bytes)
Oct 27 16:54:44 vader-rover kernel: [    0.128448] UDP-Lite hash table entries: 256 (order: 0, 4096 bytes)
Oct 27 16:54:44 vader-rover kernel: [    0.128753] NET: Registered protocol family 1
Oct 27 16:54:44 vader-rover kernel: [    0.129272] RPC: Registered named UNIX socket transport module.
Oct 27 16:54:44 vader-rover kernel: [    0.129302] RPC: Registered udp transport module.
Oct 27 16:54:44 vader-rover kernel: [    0.129302] RPC: Registered tcp transport module.
Oct 27 16:54:44 vader-rover kernel: [    0.129333] RPC: Registered tcp NFSv4.1 backchannel transport module.
Oct 27 16:54:44 vader-rover kernel: [    0.129608] Trying to unpack rootfs image as initramfs...
Oct 27 16:54:44 vader-rover kernel: [    0.244720] Freeing initrd memory: 1488K
Oct 27 16:54:44 vader-rover kernel: [    0.247039] audit: initializing netlink socket (disabled)
Oct 27 16:54:44 vader-rover kernel: [    0.247131] type=2000 audit(0.242:1): initialized
Oct 27 16:54:44 vader-rover kernel: [    0.248504] VFS: Disk quotas dquot_6.5.2
Oct 27 16:54:44 vader-rover kernel: [    0.248626] Dquot-cache hash table entries: 1024 (order 0, 4096 bytes)
Oct 27 16:54:44 vader-rover kernel: [    0.248962] NFS: Registering the id_resolver key type
Oct 27 16:54:44 vader-rover kernel: [    0.249053] Key type id_resolver registered
Oct 27 16:54:44 vader-rover kernel: [    0.249511] jffs2: version 2.2. (NAND) (SUMMARY)  Â© 2001-2006 Red Hat, Inc.
Oct 27 16:54:44 vader-rover kernel: [    0.250152] fuse init (API version 7.19)
Oct 27 16:54:44 vader-rover kernel: [    0.250762] msgmni has been set to 971
Oct 27 16:54:44 vader-rover kernel: [    0.252441] Block layer SCSI generic (bsg) driver version 0.4 loaded (major 253)
Oct 27 16:54:44 vader-rover kernel: [    0.252502] io scheduler noop registered
Oct 27 16:54:44 vader-rover kernel: [    0.252532] io scheduler deadline registered (default)
Oct 27 16:54:44 vader-rover kernel: [    0.253265] OMAP DSS rev 2.0
Oct 27 16:54:44 vader-rover kernel: [    0.256256] omap_uart.0: ttyO0 at MMIO 0x4806a000 (irq = 72) is a OMAP UART0
Oct 27 16:54:44 vader-rover kernel: [    0.256713] omap_uart.1: ttyO1 at MMIO 0x4806c000 (irq = 73) is a OMAP UART1
Oct 27 16:54:44 vader-rover kernel: [    0.257141] omap_uart.2: ttyO2 at MMIO 0x49020000 (irq = 74) is a OMAP UART2
Oct 27 16:54:44 vader-rover kernel: [    0.958099] console [ttyO2] enabled
Oct 27 16:54:44 vader-rover kernel: [    0.962219] omap_uart.3: ttyO3 at MMIO 0x49042000 (irq = 80) is a OMAP UART3
Oct 27 16:54:44 vader-rover kernel: [    0.977172] brd: module loaded
Oct 27 16:54:44 vader-rover kernel: [    0.984191] loop: module loaded
Oct 27 16:54:44 vader-rover kernel: [    0.989624] twl4030_madc twl4030_madc: clk disabled, enabling
Oct 27 16:54:44 vader-rover kernel: [    0.997497] NAND device: Manufacturer ID: 0x2c, Chip ID: 0xbc (Micron NAND 512MiB 1,8V 16-bit), page size: 2048, OOB size: 64
Oct 27 16:54:44 vader-rover kernel: [    1.022277] Creating 5 MTD partitions on "omap2-nand.0":
Oct 27 16:54:44 vader-rover kernel: [    1.028076] 0x000000000000-0x000000080000 : "xloader"
Oct 27 16:54:44 vader-rover kernel: [    1.034942] 0x000000080000-0x000000240000 : "uboot"
Oct 27 16:54:44 vader-rover kernel: [    1.042266] 0x000000240000-0x000000280000 : "uboot environment"
Oct 27 16:54:44 vader-rover kernel: [    1.049652] 0x000000280000-0x000000680000 : "linux"
Oct 27 16:54:44 vader-rover kernel: [    1.058502] 0x000000680000-0x000020000000 : "rootfs"
Oct 27 16:54:44 vader-rover kernel: [    1.417053] smsc911x: Driver version 2008-10-21
Oct 27 16:54:44 vader-rover kernel: [    1.422363] smsc911x: Driver version 2008-10-21
Oct 27 16:54:44 vader-rover kernel: [    1.427551] usbcore: registered new interface driver asix
Oct 27 16:54:44 vader-rover kernel: [    1.433349] usbcore: registered new interface driver cdc_ether
Oct 27 16:54:44 vader-rover kernel: [    1.439575] usbcore: registered new interface driver cdc_ncm
Oct 27 16:54:44 vader-rover kernel: [    1.445861] ehci_hcd: USB 2.0 'Enhanced' Host Controller (EHCI) Driver
Oct 27 16:54:44 vader-rover kernel: [    1.452728] ehci_hcd: block sizes: qh 64 qtd 96 itd 160 sitd 96
Oct 27 16:54:44 vader-rover kernel: [    1.452880] ehci-omap ehci-omap.0: failed to get ehci port1 regulator
Oct 27 16:54:44 vader-rover kernel: [    2.453399] ehci-omap ehci-omap.0: phy reset operation timed out
Oct 27 16:54:44 vader-rover kernel: [    2.453430] ehci-omap ehci-omap.0: reset hcs_params 0x1313 dbg=0 cc=1 pcc=3 ordered ports=3
Oct 27 16:54:44 vader-rover kernel: [    2.453430] ehci-omap ehci-omap.0: reset hcc_params 0016 thresh 1 uframes 256/512/1024 park
Oct 27 16:54:44 vader-rover kernel: [    2.453460] ehci-omap ehci-omap.0: reset command 0080b02  park=3 ithresh=8 period=1024 Reset HALT
Oct 27 16:54:44 vader-rover kernel: [    2.453491] ehci-omap ehci-omap.0: OMAP-EHCI Host Controller
Oct 27 16:54:44 vader-rover kernel: [    2.459686] ehci-omap ehci-omap.0: new USB bus registered, assigned bus number 1
Oct 27 16:54:44 vader-rover kernel: [    2.467590] ehci-omap ehci-omap.0: park 0
Oct 27 16:54:44 vader-rover kernel: [    2.467651] ehci-omap ehci-omap.0: irq 77, io mem 0x48064800
Oct 27 16:54:44 vader-rover kernel: [    2.473632] ehci-omap ehci-omap.0: init command 0010005 (park)=0 ithresh=1 period=512 RUN
Oct 27 16:54:44 vader-rover kernel: [    2.484710] ehci-omap ehci-omap.0: USB 2.0 started, EHCI 1.00
Oct 27 16:54:44 vader-rover kernel: [    2.490875] usb usb1: default language 0x0409
Oct 27 16:54:44 vader-rover kernel: [    2.490905] usb usb1: udev 1, busnum 1, minor = 0
Oct 27 16:54:44 vader-rover kernel: [    2.490905] usb usb1: New USB device found, idVendor=1d6b, idProduct=0002
Oct 27 16:54:44 vader-rover kernel: [    2.498077] usb usb1: New USB device strings: Mfr=3, Product=2, SerialNumber=1
Oct 27 16:54:44 vader-rover kernel: [    2.505706] usb usb1: Product: OMAP-EHCI Host Controller
Oct 27 16:54:44 vader-rover kernel: [    2.511291] usb usb1: Manufacturer: Linux 3.5.0-2-linaro-omap ehci_hcd
Oct 27 16:54:44 vader-rover kernel: [    2.518157] usb usb1: SerialNumber: ehci-omap.0
Oct 27 16:54:44 vader-rover kernel: [    2.523406] usb usb1: usb_probe_device
Oct 27 16:54:44 vader-rover kernel: [    2.523437] usb usb1: configuration #1 chosen from 1 choice
Oct 27 16:54:44 vader-rover kernel: [    2.523498] usb usb1: adding 1-0:1.0 (config #1, interface 0)
Oct 27 16:54:44 vader-rover kernel: [    2.523620] hub 1-0:1.0: usb_probe_interface
Oct 27 16:54:44 vader-rover kernel: [    2.523651] hub 1-0:1.0: usb_probe_interface - got id
Oct 27 16:54:44 vader-rover kernel: [    2.523651] hub 1-0:1.0: USB hub found
Oct 27 16:54:44 vader-rover kernel: [    2.527648] hub 1-0:1.0: 3 ports detected
Oct 27 16:54:44 vader-rover kernel: [    2.531890] hub 1-0:1.0: standalone hub
Oct 27 16:54:44 vader-rover kernel: [    2.531921] hub 1-0:1.0: individual port power switching
Oct 27 16:54:44 vader-rover kernel: [    2.531921] hub 1-0:1.0: individual port over-current protection
Oct 27 16:54:44 vader-rover kernel: [    2.531951] hub 1-0:1.0: power on to power good time: 20ms
Oct 27 16:54:44 vader-rover kernel: [    2.531982] hub 1-0:1.0: local power source is good
