Jun  3 14:58:59 vader-rover kernel: imklog 5.8.6, log source = /proc/kmsg started.
Jun  3 14:58:59 vader-rover rsyslogd: [origin software="rsyslogd" swVersion="5.8.6" x-pid="463" x-info="http://www.rsyslog.com"] start
Jun  3 14:58:59 vader-rover rsyslogd: rsyslogd's groupid changed to 103
Jun  3 14:58:59 vader-rover rsyslogd: rsyslogd's userid changed to 101
Jun  3 14:58:59 vader-rover rsyslogd-2039: Could not open output pipe '/dev/xconsole' [try http://www.rsyslog.com/e/2039 ]
Jun  3 14:58:59 vader-rover kernel: [    0.000000] Booting Linux on physical CPU 0
Jun  3 14:58:59 vader-rover kernel: [    0.000000] Initializing cgroup subsys cpuset
Jun  3 14:58:59 vader-rover kernel: [    0.000000] Initializing cgroup subsys cpu
Jun  3 14:58:59 vader-rover kernel: [    0.000000] Linux version 3.5.0-2-linaro-omap (adam@pine) (gcc version 4.6.3 (Ubuntu/Linaro 4.6.3-1ubuntu5) ) #2~ci+121210190143 PREEMPT Mon Dec 10 11:03:27 PST 2012
Jun  3 14:58:59 vader-rover kernel: [    0.000000] CPU: ARMv7 Processor [413fc082] revision 2 (ARMv7), cr=10c53c7d
Jun  3 14:58:59 vader-rover kernel: [    0.000000] CPU: PIPT / VIPT nonaliasing data cache, VIPT aliasing instruction cache
Jun  3 14:58:59 vader-rover kernel: [    0.000000] Machine: Gumstix Overo
Jun  3 14:58:59 vader-rover kernel: [    0.000000] Reserving 12582912 bytes SDRAM for VRAM
Jun  3 14:58:59 vader-rover kernel: [    0.000000] Memory policy: ECC disabled, Data cache writeback
Jun  3 14:58:59 vader-rover kernel: [    0.000000] On node 0 totalpages: 127744
Jun  3 14:58:59 vader-rover kernel: [    0.000000] free_area_init_node: node 0, pgdat c070b85c, node_mem_map c07a7000
Jun  3 14:58:59 vader-rover kernel: [    0.000000]   Normal zone: 1024 pages used for memmap
Jun  3 14:58:59 vader-rover kernel: [    0.000000]   Normal zone: 0 pages reserved
Jun  3 14:58:59 vader-rover kernel: [    0.000000]   Normal zone: 126720 pages, LIFO batch:31
Jun  3 14:58:59 vader-rover kernel: [    0.000000] OMAP3630 ES1.2 (l2cache iva sgx neon isp 192mhz_clk )
Jun  3 14:58:59 vader-rover kernel: [    0.000000] Clocking rate (Crystal/Core/MPU): 26.0/332/600 MHz
Jun  3 14:58:59 vader-rover kernel: [    0.000000] pcpu-alloc: s0 r0 d32768 u32768 alloc=1*32768
Jun  3 14:58:59 vader-rover kernel: [    0.000000] pcpu-alloc: [0] 0 
Jun  3 14:58:59 vader-rover kernel: [    0.000000] Built 1 zonelists in Zone order, mobility grouping on.  Total pages: 126720
Jun  3 14:58:59 vader-rover kernel: [    0.000000] Kernel command line: console=tty0 console=ttyO2,115200n8 root=/dev/mmcblk0p2 rootwait ro earlyprintk mpurate=720 vram=12M omapdss.def_disp=dvi omapfb.mode=dvi:1024x768MR-16@60
Jun  3 14:58:59 vader-rover kernel: [    0.000000] PID hash table entries: 2048 (order: 1, 8192 bytes)
Jun  3 14:58:59 vader-rover kernel: [    0.000000] Dentry cache hash table entries: 65536 (order: 6, 262144 bytes)
Jun  3 14:58:59 vader-rover kernel: [    0.000000] Inode-cache hash table entries: 32768 (order: 5, 131072 bytes)
Jun  3 14:58:59 vader-rover kernel: [    0.000000] allocated 1048576 bytes of page_cgroup
Jun  3 14:58:59 vader-rover kernel: [    0.000000] please try 'cgroup_disable=memory' option if you don't want memory cgroups
Jun  3 14:58:59 vader-rover kernel: [    0.000000] Memory: 499MB = 499MB total
Jun  3 14:58:59 vader-rover kernel: [    0.000000] Memory: 496084k/496084k available, 28204k reserved, 0K highmem
Jun  3 14:58:59 vader-rover kernel: [    0.000000] Virtual kernel memory layout:
Jun  3 14:58:59 vader-rover kernel: [    0.000000]     vector  : 0xffff0000 - 0xffff1000   (   4 kB)
Jun  3 14:58:59 vader-rover kernel: [    0.000000]     fixmap  : 0xfff00000 - 0xfffe0000   ( 896 kB)
Jun  3 14:58:59 vader-rover kernel: [    0.000000]     vmalloc : 0xe0800000 - 0xff000000   ( 488 MB)
Jun  3 14:58:59 vader-rover kernel: [    0.000000]     lowmem  : 0xc0000000 - 0xe0000000   ( 512 MB)
Jun  3 14:58:59 vader-rover kernel: [    0.000000]     pkmap   : 0xbfe00000 - 0xc0000000   (   2 MB)
Jun  3 14:58:59 vader-rover kernel: [    0.000000]     modules : 0xbf000000 - 0xbfe00000   (  14 MB)
Jun  3 14:58:59 vader-rover kernel: [    0.000000]       .text : 0xc0008000 - 0xc067abfc   (6603 kB)
Jun  3 14:58:59 vader-rover kernel: [    0.000000]       .init : 0xc067b000 - 0xc06b2000   ( 220 kB)
Jun  3 14:58:59 vader-rover kernel: [    0.000000]       .data : 0xc06b2000 - 0xc071b268   ( 421 kB)
Jun  3 14:58:59 vader-rover kernel: [    0.000000]        .bss : 0xc071b28c - 0xc07a6020   ( 556 kB)
Jun  3 14:58:59 vader-rover kernel: [    0.000000] NR_IRQS:474
Jun  3 14:58:59 vader-rover kernel: [    0.000000] IRQ: Found an INTC at 0xfa200000 (revision 4.0) with 96 interrupts
Jun  3 14:58:59 vader-rover kernel: [    0.000000] Total of 96 interrupts on 1 active controller
Jun  3 14:58:59 vader-rover kernel: [    0.000000] OMAP clockevent source: GPTIMER1 at 32768 Hz
Jun  3 14:58:59 vader-rover kernel: [    0.000000] sched_clock: 32 bits at 32kHz, resolution 30517ns, wraps every 131071999ms
Jun  3 14:58:59 vader-rover kernel: [    0.000000] OMAP clocksource: 32k_counter at 32768 Hz
Jun  3 14:58:59 vader-rover kernel: [    0.000000] Console: colour dummy device 80x30
Jun  3 14:58:59 vader-rover kernel: [    0.000000] console [tty0] enabled
Jun  3 14:58:59 vader-rover kernel: [    0.001007] Calibrating delay loop... 597.64 BogoMIPS (lpj=2334720)
Jun  3 14:58:59 vader-rover kernel: [    0.039123] pid_max: default: 32768 minimum: 301
Jun  3 14:58:59 vader-rover kernel: [    0.039337] Security Framework initialized
Jun  3 14:58:59 vader-rover kernel: [    0.039459] Mount-cache hash table entries: 512
Jun  3 14:58:59 vader-rover kernel: [    0.040252] Initializing cgroup subsys debug
Jun  3 14:58:59 vader-rover kernel: [    0.040313] Initializing cgroup subsys cpuacct
Jun  3 14:58:59 vader-rover kernel: [    0.040313] Initializing cgroup subsys memory
Jun  3 14:58:59 vader-rover kernel: [    0.040405] Initializing cgroup subsys devices
Jun  3 14:58:59 vader-rover kernel: [    0.040435] Initializing cgroup subsys freezer
Jun  3 14:58:59 vader-rover kernel: [    0.040435] Initializing cgroup subsys perf_event
Jun  3 14:58:59 vader-rover kernel: [    0.040588] CPU: Testing write buffer coherency: ok
Jun  3 14:58:59 vader-rover kernel: [    0.040893] Setting up static identity map for 0x8046ea98 - 0x8046eaf0
Jun  3 14:58:59 vader-rover kernel: [    0.046051] devtmpfs: initialized
Jun  3 14:58:59 vader-rover kernel: [    0.050903] dummy: 
Jun  3 14:58:59 vader-rover kernel: [    0.051330] NET: Registered protocol family 16
Jun  3 14:58:59 vader-rover kernel: [    0.051757] GPMC revision 5.0
Jun  3 14:58:59 vader-rover kernel: [    0.051818] gpmc: irq-20 could not claim: err -22
Jun  3 14:58:59 vader-rover kernel: [    0.053924] gpiochip_add: registered GPIOs 0 to 31 on device: gpio
Jun  3 14:58:59 vader-rover kernel: [    0.054016] OMAP GPIO hardware version 2.5
Jun  3 14:58:59 vader-rover kernel: [    0.054260] gpiochip_add: registered GPIOs 32 to 63 on device: gpio
Jun  3 14:58:59 vader-rover kernel: [    0.054565] gpiochip_add: registered GPIOs 64 to 95 on device: gpio
Jun  3 14:58:59 vader-rover kernel: [    0.054962] gpiochip_add: registered GPIOs 96 to 127 on device: gpio
Jun  3 14:58:59 vader-rover kernel: [    0.055236] gpiochip_add: registered GPIOs 128 to 159 on device: gpio
Jun  3 14:58:59 vader-rover kernel: [    0.055511] gpiochip_add: registered GPIOs 160 to 191 on device: gpio
Jun  3 14:58:59 vader-rover kernel: [    0.056457] omap_mux_init: Add partition: #1: core, flags: 0
Jun  3 14:58:59 vader-rover kernel: [    0.061462] _omap_mux_get_by_name: Could not find signal uart4_rx.uart4_rx
Jun  3 14:58:59 vader-rover kernel: [    0.067352] Reprogramming SDRC clock to 332000000 Hz
Jun  3 14:58:59 vader-rover kernel: [    0.067382] dpll3_m2_clk rate change failed: -22
Jun  3 14:58:59 vader-rover kernel: [    0.067413] Found NAND on CS0
Jun  3 14:58:59 vader-rover kernel: [    0.067413] Registering NAND on CS0
Jun  3 14:58:59 vader-rover kernel: [    0.068634]  usbhs_omap: alias fck already exists
Jun  3 14:58:59 vader-rover kernel: [    0.076141] hw-breakpoint: debug architecture 0x4 unsupported.
Jun  3 14:58:59 vader-rover kernel: [    0.079193]  omap-mcbsp.2: alias fck already exists
Jun  3 14:58:59 vader-rover kernel: [    0.079437]  omap-mcbsp.3: alias fck already exists
Jun  3 14:58:59 vader-rover kernel: [    0.080505] Switched to new clocking rate (Crystal/Core/MPU): 26.0/332/720 MHz
Jun  3 14:58:59 vader-rover kernel: [    0.080718] OMAP DMA hardware revision 5.0
Jun  3 14:58:59 vader-rover kernel: [    0.087738] bio: create slab <bio-0> at 0
Jun  3 14:58:59 vader-rover kernel: [    0.088439] fixed-dummy: 
Jun  3 14:58:59 vader-rover kernel: [    0.088562] reg-fixed-voltage reg-fixed-voltage.0: fixed-dummy supplying 0uV
Jun  3 14:58:59 vader-rover kernel: [    0.088714] vads7846: override min_uV, 1 -> 3300000
Jun  3 14:58:59 vader-rover kernel: [    0.088745] vads7846: override max_uV, 2147483647 -> 3300000
Jun  3 14:58:59 vader-rover kernel: [    0.088745] vads7846: 3300 mV 
Jun  3 14:58:59 vader-rover kernel: [    0.088867] reg-fixed-voltage reg-fixed-voltage.1: vads7846 supplying 3300000uV
Jun  3 14:58:59 vader-rover kernel: [    0.089477] SCSI subsystem initialized
Jun  3 14:58:59 vader-rover kernel: [    0.089752] usbcore: registered new interface driver usbfs
Jun  3 14:58:59 vader-rover kernel: [    0.089904] usbcore: registered new interface driver hub
Jun  3 14:58:59 vader-rover kernel: [    0.090118] usbcore: registered new device driver usb
Jun  3 14:58:59 vader-rover kernel: [    0.090545] omap_i2c omap_i2c.1: bus 1 rev1.4.0 at 2600 kHz
Jun  3 14:58:59 vader-rover kernel: [    0.093109] twl 1-0048: PIH (irq 7) chaining IRQs 320..328
Jun  3 14:58:59 vader-rover kernel: [    0.093231] twl 1-0048: power (irq 325) chaining IRQs 328..335
Jun  3 14:58:59 vader-rover kernel: [    0.093872] twl4030_gpio twl4030_gpio: gpio (irq 320) chaining IRQs 336..353
Jun  3 14:58:59 vader-rover kernel: [    0.094177] gpiochip_add: registered GPIOs 192 to 211 on device: twl4030
Jun  3 14:58:59 vader-rover kernel: [    0.094879] VUSB1V5: override min_uV, 1 -> 1500000
Jun  3 14:58:59 vader-rover kernel: [    0.094879] VUSB1V5: override max_uV, 2147483647 -> 1500000
Jun  3 14:58:59 vader-rover kernel: [    0.094909] VUSB1V5: 1500 mV normal standby
Jun  3 14:58:59 vader-rover kernel: [    0.095336] VUSB1V8: override min_uV, 1 -> 1800000
Jun  3 14:58:59 vader-rover kernel: [    0.095367] VUSB1V8: override max_uV, 2147483647 -> 1800000
Jun  3 14:58:59 vader-rover kernel: [    0.095367] VUSB1V8: 1800 mV normal standby
Jun  3 14:58:59 vader-rover kernel: [    0.095764] VUSB3V1: override min_uV, 1 -> 3100000
Jun  3 14:58:59 vader-rover kernel: [    0.095794] VUSB3V1: override max_uV, 2147483647 -> 3100000
Jun  3 14:58:59 vader-rover kernel: [    0.095794] VUSB3V1: 3100 mV normal standby
Jun  3 14:58:59 vader-rover kernel: [    0.097259] twl4030_usb twl4030_usb: HW_CONDITIONS 0x10/16; link 0
Jun  3 14:58:59 vader-rover kernel: [    0.097473] twl4030_usb twl4030_usb: Initialized TWL4030 USB module
Jun  3 14:58:59 vader-rover kernel: [    0.097961] vdd_mpu_iva: 600 <--> 1450 mV normal 
Jun  3 14:58:59 vader-rover kernel: [    0.098358] vdd_core: 600 <--> 1450 mV normal 
Jun  3 14:58:59 vader-rover kernel: [    0.098846] VMMC1: 1850 <--> 3150 mV at 3000 mV normal standby
Jun  3 14:58:59 vader-rover kernel: [    0.099334] VDAC: 1800 mV normal standby
Jun  3 14:58:59 vader-rover kernel: [    0.099853] VDVI: 1800 mV normal standby
Jun  3 14:58:59 vader-rover kernel: [    0.109466] omap_i2c omap_i2c.3: bus 3 rev1.4.0 at 400 kHz
Jun  3 14:58:59 vader-rover kernel: [    0.110229] omap-iommu omap-iommu.0: isp registered
Jun  3 14:58:59 vader-rover kernel: [    0.110443] Advanced Linux Sound Architecture Driver Version 1.0.25.
Jun  3 14:58:59 vader-rover kernel: [    0.111267] Switching to clocksource 32k_counter
Jun  3 14:58:59 vader-rover kernel: [    0.135803] usbhs_omap usbhs_omap: xclk60mhsp2_ck set parentfailed error:-22
Jun  3 14:58:59 vader-rover kernel: [    0.136596] NET: Registered protocol family 2
Jun  3 14:58:59 vader-rover kernel: [    0.136901] IP route cache hash table entries: 4096 (order: 2, 16384 bytes)
Jun  3 14:58:59 vader-rover kernel: [    0.137420] TCP established hash table entries: 16384 (order: 5, 131072 bytes)
Jun  3 14:58:59 vader-rover kernel: [    0.137756] TCP bind hash table entries: 16384 (order: 4, 65536 bytes)
Jun  3 14:58:59 vader-rover kernel: [    0.137939] TCP: Hash tables configured (established 16384 bind 16384)
Jun  3 14:58:59 vader-rover kernel: [    0.137969] TCP: reno registered
Jun  3 14:58:59 vader-rover kernel: [    0.137969] UDP hash table entries: 256 (order: 0, 4096 bytes)
Jun  3 14:58:59 vader-rover kernel: [    0.138031] UDP-Lite hash table entries: 256 (order: 0, 4096 bytes)
Jun  3 14:58:59 vader-rover kernel: [    0.138336] NET: Registered protocol family 1
Jun  3 14:58:59 vader-rover kernel: [    0.138854] RPC: Registered named UNIX socket transport module.
Jun  3 14:58:59 vader-rover kernel: [    0.138885] RPC: Registered udp transport module.
Jun  3 14:58:59 vader-rover kernel: [    0.138916] RPC: Registered tcp transport module.
Jun  3 14:58:59 vader-rover kernel: [    0.138916] RPC: Registered tcp NFSv4.1 backchannel transport module.
Jun  3 14:58:59 vader-rover kernel: [    0.139190] Trying to unpack rootfs image as initramfs...
Jun  3 14:58:59 vader-rover kernel: [    0.254211] Freeing initrd memory: 1488K
Jun  3 14:58:59 vader-rover kernel: [    0.256530] audit: initializing netlink socket (disabled)
Jun  3 14:58:59 vader-rover kernel: [    0.256622] type=2000 audit(0.250:1): initialized
Jun  3 14:58:59 vader-rover kernel: [    0.257995] VFS: Disk quotas dquot_6.5.2
Jun  3 14:58:59 vader-rover kernel: [    0.258117] Dquot-cache hash table entries: 1024 (order 0, 4096 bytes)
Jun  3 14:58:59 vader-rover kernel: [    0.258453] NFS: Registering the id_resolver key type
Jun  3 14:58:59 vader-rover kernel: [    0.258544] Key type id_resolver registered
Jun  3 14:58:59 vader-rover kernel: [    0.259002] jffs2: version 2.2. (NAND) (SUMMARY)  Â© 2001-2006 Red Hat, Inc.
Jun  3 14:58:59 vader-rover kernel: [    0.259643] fuse init (API version 7.19)
Jun  3 14:58:59 vader-rover kernel: [    0.260253] msgmni has been set to 971
Jun  3 14:58:59 vader-rover kernel: [    0.261962] Block layer SCSI generic (bsg) driver version 0.4 loaded (major 253)
Jun  3 14:58:59 vader-rover kernel: [    0.261993] io scheduler noop registered
Jun  3 14:58:59 vader-rover kernel: [    0.262023] io scheduler deadline registered (default)
Jun  3 14:58:59 vader-rover kernel: [    0.262786] OMAP DSS rev 2.0
Jun  3 14:58:59 vader-rover kernel: [    0.265747] omap_uart.0: ttyO0 at MMIO 0x4806a000 (irq = 72) is a OMAP UART0
Jun  3 14:58:59 vader-rover kernel: [    0.266235] omap_uart.1: ttyO1 at MMIO 0x4806c000 (irq = 73) is a OMAP UART1
Jun  3 14:58:59 vader-rover kernel: [    0.266632] omap_uart.2: ttyO2 at MMIO 0x49020000 (irq = 74) is a OMAP UART2
Jun  3 14:58:59 vader-rover kernel: [    0.967834] console [ttyO2] enabled
Jun  3 14:58:59 vader-rover kernel: [    0.971954] omap_uart.3: ttyO3 at MMIO 0x49042000 (irq = 80) is a OMAP UART3
Jun  3 14:58:59 vader-rover kernel: [    0.986907] brd: module loaded
Jun  3 14:58:59 vader-rover kernel: [    0.993927] loop: module loaded
Jun  3 14:58:59 vader-rover kernel: [    0.998748] twl4030_madc twl4030_madc: clk disabled, enabling
Jun  3 14:58:59 vader-rover kernel: [    1.006744] NAND device: Manufacturer ID: 0x2c, Chip ID: 0xbc (Micron NAND 512MiB 1,8V 16-bit), page size: 2048, OOB size: 64
Jun  3 14:58:59 vader-rover kernel: [    1.031433] Creating 5 MTD partitions on "omap2-nand.0":
Jun  3 14:58:59 vader-rover kernel: [    1.037200] 0x000000000000-0x000000080000 : "xloader"
Jun  3 14:58:59 vader-rover kernel: [    1.044067] 0x000000080000-0x000000240000 : "uboot"
Jun  3 14:58:59 vader-rover kernel: [    1.051422] 0x000000240000-0x000000280000 : "uboot environment"
Jun  3 14:58:59 vader-rover kernel: [    1.058807] 0x000000280000-0x000000680000 : "linux"
Jun  3 14:58:59 vader-rover kernel: [    1.067657] 0x000000680000-0x000020000000 : "rootfs"
Jun  3 14:58:59 vader-rover kernel: [    1.426239] smsc911x: Driver version 2008-10-21
Jun  3 14:58:59 vader-rover kernel: [    1.431396] smsc911x: Driver version 2008-10-21
Jun  3 14:58:59 vader-rover kernel: [    1.436645] usbcore: registered new interface driver asix
Jun  3 14:58:59 vader-rover kernel: [    1.442474] usbcore: registered new interface driver cdc_ether
Jun  3 14:58:59 vader-rover kernel: [    1.448699] usbcore: registered new interface driver cdc_ncm
Jun  3 14:58:59 vader-rover kernel: [    1.454956] ehci_hcd: USB 2.0 'Enhanced' Host Controller (EHCI) Driver
Jun  3 14:58:59 vader-rover kernel: [    1.461853] ehci_hcd: block sizes: qh 64 qtd 96 itd 160 sitd 96
Jun  3 14:58:59 vader-rover kernel: [    1.462005] ehci-omap ehci-omap.0: failed to get ehci port1 regulator
Jun  3 14:58:59 vader-rover kernel: [    2.462982] ehci-omap ehci-omap.0: phy reset operation timed out
Jun  3 14:58:59 vader-rover kernel: [    2.463012] ehci-omap ehci-omap.0: reset hcs_params 0x1313 dbg=0 cc=1 pcc=3 ordered ports=3
Jun  3 14:58:59 vader-rover kernel: [    2.463012] ehci-omap ehci-omap.0: reset hcc_params 0016 thresh 1 uframes 256/512/1024 park
Jun  3 14:58:59 vader-rover kernel: [    2.463043] ehci-omap ehci-omap.0: reset command 0080b02  park=3 ithresh=8 period=1024 Reset HALT
Jun  3 14:58:59 vader-rover kernel: [    2.463073] ehci-omap ehci-omap.0: OMAP-EHCI Host Controller
Jun  3 14:58:59 vader-rover kernel: [    2.469329] ehci-omap ehci-omap.0: new USB bus registered, assigned bus number 1
Jun  3 14:58:59 vader-rover kernel: [    2.477203] ehci-omap ehci-omap.0: park 0
Jun  3 14:58:59 vader-rover kernel: [    2.477264] ehci-omap ehci-omap.0: irq 77, io mem 0x48064800
Jun  3 14:58:59 vader-rover kernel: [    2.483276] ehci-omap ehci-omap.0: init command 0010005 (park)=0 ithresh=1 period=512 RUN
Jun  3 14:58:59 vader-rover kernel: [    2.494293] ehci-omap ehci-omap.0: USB 2.0 started, EHCI 1.00
Jun  3 14:58:59 vader-rover kernel: [    2.500457] usb usb1: default language 0x0409
Jun  3 14:58:59 vader-rover kernel: [    2.500518] usb usb1: udev 1, busnum 1, minor = 0
Jun  3 14:58:59 vader-rover kernel: [    2.500518] usb usb1: New USB device found, idVendor=1d6b, idProduct=0002
Jun  3 14:58:59 vader-rover kernel: [    2.507690] usb usb1: New USB device strings: Mfr=3, Product=2, SerialNumber=1
Jun  3 14:58:59 vader-rover kernel: [    2.515289] usb usb1: Product: OMAP-EHCI Host Controller
Jun  3 14:58:59 vader-rover kernel: [    2.520874] usb usb1: Manufacturer: Linux 3.5.0-2-linaro-omap ehci_hcd
Jun  3 14:58:59 vader-rover kernel: [    2.527770] usb usb1: SerialNumber: ehci-omap.0
Jun  3 14:58:59 vader-rover kernel: [    2.532989] usb usb1: usb_probe_device
Jun  3 14:58:59 vader-rover kernel: [    2.533020] usb usb1: configuration #1 chosen from 1 choice
Jun  3 14:58:59 vader-rover kernel: [    2.533081] usb usb1: adding 1-0:1.0 (config #1, interface 0)
Jun  3 14:58:59 vader-rover kernel: [    2.533203] hub 1-0:1.0: usb_probe_interface
Jun  3 14:58:59 vader-rover kernel: [    2.533233] hub 1-0:1.0: usb_probe_interface - got id
Jun  3 14:58:59 vader-rover kernel: [    2.533233] hub 1-0:1.0: USB hub found
Jun  3 14:58:59 vader-rover kernel: [    2.537261] hub 1-0:1.0: 3 ports detected
Jun  3 14:58:59 vader-rover kernel: [    2.541503] hub 1-0:1.0: standalone hub
Jun  3 14:58:59 vader-rover kernel: [    2.541503] hub 1-0:1.0: individual port power switching
Jun  3 14:58:59 vader-rover kernel: [    2.541503] hub 1-0:1.0: individual port over-current protection
Jun  3 14:58:59 vader-rover kernel: [    2.541534] hub 1-0:1.0: power on to power good time: 20ms
Jun  3 14:58:59 vader-rover kernel: [    2.541564] hub 1-0:1.0: local power source is good
Jun  3 14:58:59 vader-rover kernel: [    2.541564] hub 1-0:1.0: enabling power on all ports
Jun  3 14:58:59 vader-rover kernel: [    2.541839] ehci-omap ehci-omap.0: ...powerup ports...
Jun  3 14:58:59 vader-rover kernel: [    2.572570] Initializing USB Mass Storage driver...
Jun  3 14:58:59 vader-rover kernel: [    2.577850] usbcore: registered new interface driver usb-storage
Jun  3 14:58:59 vader-rover kernel: [    2.584197] USB Mass Storage support registered.
Jun  3 14:58:59 vader-rover kernel: [    2.589080] musb-hdrc: version 6.0, ?dma?, otg (peripheral+host)
Jun  3 14:58:59 vader-rover kernel: [    2.601013] twl4030_usb twl4030_usb: twl4030_phy_resume
Jun  3 14:58:59 vader-rover kernel: [    2.601257] musb-hdrc: ConfigData=0xde (UTMI-8, dyn FIFOs, bulk combine, bulk split, HB-ISO Rx, HB-ISO Tx, SoftConn)
Jun  3 14:58:59 vader-rover kernel: [    2.601287] musb-hdrc: MHDRC RTL version 1.800 
Jun  3 14:58:59 vader-rover kernel: [    2.601287] musb-hdrc: setup fifo_mode 4
Jun  3 14:58:59 vader-rover kernel: [    2.601318] musb-hdrc: 28/31 max ep, 16384/16384 memory
Jun  3 14:58:59 vader-rover kernel: [    2.601745] musb-hdrc musb-hdrc: USB OTG mode controller at fa0ab000 using DMA, IRQ 92
Jun  3 14:58:59 vader-rover kernel: [    2.611999] twl4030_usb twl4030_usb: twl4030_phy_suspend
Jun  3 14:58:59 vader-rover kernel: [    2.612487] mousedev: PS/2 mouse device common for all mice
Jun  3 14:58:59 vader-rover kernel: [    2.619018] twl_rtc twl_rtc: Enabling TWL-RTC
Jun  3 14:58:59 vader-rover kernel: [    2.626220] twl_rtc twl_rtc: rtc core: registered twl_rtc as rtc0
Jun  3 14:58:59 vader-rover kernel: [    2.633453] i2c /dev entries driver
Jun  3 14:58:59 vader-rover kernel: [    2.638549] voltdm_scale: No voltage scale API registered for vdd_mpu_iva
Jun  3 14:58:59 vader-rover kernel: [    2.645843] hub 1-0:1.0: state 7 ports 3 chg 0000 evt 0000
Jun  3 14:58:59 vader-rover kernel: [    2.645904] platform mpu.0: omap_target: unable to scale voltage up.
Jun  3 14:58:59 vader-rover kernel: [    2.652618] cpuidle: using governor ladder
Jun  3 14:58:59 vader-rover kernel: [    2.656951] cpuidle: using governor menu
Jun  3 14:58:59 vader-rover kernel: [    2.661590] omap_hsmmc omap_hsmmc.0: Failed to get debounce clk
Jun  3 14:58:59 vader-rover kernel: [    3.041351] omap_hsmmc omap_hsmmc.1: Failed to get debounce clk
Jun  3 14:58:59 vader-rover kernel: [    3.088470] Registered led device: overo:red:gpio21
Jun  3 14:58:59 vader-rover kernel: [    3.088592] Registered led device: overo:blue:gpio22
Jun  3 14:58:59 vader-rover kernel: [    3.089263] Registered led device: overo:blue:COM
Jun  3 14:58:59 vader-rover kernel: [    3.090667] usbcore: registered new interface driver usbhid
Jun  3 14:58:59 vader-rover kernel: [    3.096679] usbhid: USB HID core driver
Jun  3 14:58:59 vader-rover kernel: [    3.101684] usbcore: registered new interface driver snd-usb-audio
Jun  3 14:58:59 vader-rover kernel: [    3.109466] overo SoC init
Jun  3 14:58:59 vader-rover kernel: [    3.112518] soc-audio soc-audio: ASoC machine overo should use snd_soc_register_card()
Jun  3 14:58:59 vader-rover kernel: [    3.198547] twl4030-codec twl4030-codec: ASoC: Failed to create Capture debugfs file
Jun  3 14:58:59 vader-rover kernel: [    3.209655] asoc: twl4030-hifi <-> omap-mcbsp.2 mapping ok
Jun  3 14:58:59 vader-rover kernel: [    3.219604] oprofile: hardware counters not available
Jun  3 14:58:59 vader-rover kernel: [    3.224975] oprofile: using timer interrupt.
Jun  3 14:58:59 vader-rover kernel: [    3.229888] TCP: cubic registered
Jun  3 14:58:59 vader-rover kernel: [    3.233367] NET: Registered protocol family 17
Jun  3 14:58:59 vader-rover kernel: [    3.238311] NET: Registered protocol family 15
Jun  3 14:58:59 vader-rover kernel: [    3.243286] Key type dns_resolver registered
Jun  3 14:58:59 vader-rover kernel: [    3.248107] VFP support v0.3: implementor 41 architecture 3 part 30 variant c rev 3
Jun  3 14:58:59 vader-rover kernel: [    3.260742] ThumbEE CPU extension supported.
Jun  3 14:58:59 vader-rover kernel: [    3.265258] sr_init: No PMIC hook to init smartreflex
Jun  3 14:58:59 vader-rover kernel: [    3.271118] smartreflex smartreflex.0: omap_sr_probe: SmartReflex driver initialized
Jun  3 14:58:59 vader-rover kernel: [    3.279602] smartreflex smartreflex.1: omap_sr_probe: SmartReflex driver initialized
Jun  3 14:58:59 vader-rover kernel: [    3.294219] clock: disabling unused clocks to save power
Jun  3 14:58:59 vader-rover kernel: [    3.301330] registered taskstats version 1
Jun  3 14:58:59 vader-rover kernel: [    3.306427] fbcvt: 1024x768@60: CVT Name - .786M3-R
Jun  3 14:58:59 vader-rover kernel: [    3.330841] Console: switching to colour frame buffer device 128x48
Jun  3 14:58:59 vader-rover kernel: [    3.348968] VDAC: incomplete constraints, leaving on
Jun  3 14:58:59 vader-rover kernel: [    3.356903] twl_rtc twl_rtc: setting system clock to 2014-06-03 18:58:49 UTC (1401821929)
Jun  3 14:58:59 vader-rover kernel: [    3.365783] ALSA device list:
Jun  3 14:58:59 vader-rover kernel: [    3.368957]   #0: overo
Jun  3 14:58:59 vader-rover kernel: [    3.372650] Freeing init memory: 220K
Jun  3 14:58:59 vader-rover kernel: [    3.616271] mmc0: host does not support reading read-only switch. assuming write-enable.
Jun  3 14:58:59 vader-rover kernel: [    3.643310] mmc0: new high speed SDXC card at address 59b4
Jun  3 14:58:59 vader-rover kernel: [    3.664001] mmcblk0: mmc0:59b4       59.6 GiB 
Jun  3 14:58:59 vader-rover kernel: [    3.683868]  mmcblk0: p1 p2
Jun  3 14:58:59 vader-rover kernel: [    3.725036] mmc1: new SDIO card at address 0001
Jun  3 14:58:59 vader-rover kernel: [    5.010040] hub 1-0:1.0: hub_suspend
Jun  3 14:58:59 vader-rover kernel: [    5.010070] usb usb1: bus auto-suspend, wakeup 1
Jun  3 14:58:59 vader-rover kernel: [    5.010101] ehci-omap ehci-omap.0: suspend root hub
Jun  3 14:58:59 vader-rover kernel: [    5.912658] end_request: I/O error, dev mtdblock0, sector 0
Jun  3 14:58:59 vader-rover kernel: [    5.918640] Buffer I/O error on device mtdblock0, logical block 0
Jun  3 14:58:59 vader-rover kernel: [    6.003234] end_request: I/O error, dev mtdblock0, sector 0
Jun  3 14:58:59 vader-rover kernel: [    6.009246] Buffer I/O error on device mtdblock0, logical block 0
Jun  3 14:58:59 vader-rover kernel: [    6.066680] end_request: I/O error, dev mtdblock0, sector 0
Jun  3 14:58:59 vader-rover kernel: [    6.072692] Buffer I/O error on device mtdblock0, logical block 0
Jun  3 14:58:59 vader-rover kernel: [    6.155883] end_request: I/O error, dev mtdblock0, sector 0
Jun  3 14:58:59 vader-rover kernel: [    6.165832] Buffer I/O error on device mtdblock0, logical block 0
Jun  3 14:58:59 vader-rover kernel: [    6.230255] rtl8192cu driver version=v4.0.2_9000.20130911
Jun  3 14:58:59 vader-rover kernel: [    6.230255] build time: May 27 2014 17:22:48
Jun  3 14:58:59 vader-rover kernel: [    6.230468] usbcore: registered new interface driver rtl8192cu
Jun  3 14:58:59 vader-rover kernel: [    6.274047] end_request: I/O error, dev mtdblock0, sector 0
Jun  3 14:58:59 vader-rover kernel: [    6.284057] Buffer I/O error on device mtdblock0, logical block 0
Jun  3 14:58:59 vader-rover kernel: [    6.400756] end_request: I/O error, dev mtdblock0, sector 0
Jun  3 14:58:59 vader-rover kernel: [    6.410766] Buffer I/O error on device mtdblock0, logical block 0
Jun  3 14:58:59 vader-rover kernel: [    6.485687] end_request: I/O error, dev mtdblock0, sector 0
Jun  3 14:58:59 vader-rover kernel: [    6.495697] Buffer I/O error on device mtdblock0, logical block 0
Jun  3 14:58:59 vader-rover kernel: [    6.540496] end_request: I/O error, dev mtdblock0, sector 0
Jun  3 14:58:59 vader-rover kernel: [    6.550445] Buffer I/O error on device mtdblock0, logical block 0
Jun  3 14:58:59 vader-rover kernel: [    6.601501] end_request: I/O error, dev mtdblock0, sector 0
Jun  3 14:58:59 vader-rover kernel: [    6.611450] Buffer I/O error on device mtdblock0, logical block 0
Jun  3 14:58:59 vader-rover kernel: [    6.658569] end_request: I/O error, dev mtdblock0, sector 0
Jun  3 14:58:59 vader-rover kernel: [    6.668518] Buffer I/O error on device mtdblock0, logical block 0
Jun  3 14:58:59 vader-rover kernel: [    6.713287] end_request: I/O error, dev mtdblock0, sector 0
Jun  3 14:58:59 vader-rover kernel: [    6.746704] end_request: I/O error, dev mtdblock0, sector 0
Jun  3 14:58:59 vader-rover kernel: [    6.778106] end_request: I/O error, dev mtdblock0, sector 0
Jun  3 14:58:59 vader-rover kernel: [    6.798522] ads7846 spi1.0: touchscreen, irq 210
Jun  3 14:58:59 vader-rover kernel: [    6.799896] ads7846 spi1.0: no device detected, test read result was 0x00000FFF
Jun  3 14:58:59 vader-rover kernel: [    6.807006] end_request: I/O error, dev mtdblock0, sector 0
Jun  3 14:58:59 vader-rover kernel: [    6.830474] end_request: I/O error, dev mtdblock0, sector 0
Jun  3 14:58:59 vader-rover kernel: [    6.845977] Linux media interface: v0.10
Jun  3 14:58:59 vader-rover kernel: [    6.859527] end_request: I/O error, dev mtdblock0, sector 0
Jun  3 14:58:59 vader-rover kernel: [    6.884826] end_request: I/O error, dev mtdblock0, sector 0
Jun  3 14:58:59 vader-rover kernel: [    6.908569] end_request: I/O error, dev mtdblock0, sector 8
Jun  3 14:58:59 vader-rover kernel: [    6.934448] Linux video capture interface: v2.00
Jun  3 14:58:59 vader-rover kernel: [    6.935760] end_request: I/O error, dev mtdblock0, sector 8
Jun  3 14:58:59 vader-rover kernel: [    6.963256] end_request: I/O error, dev mtdblock0, sector 8
Jun  3 14:58:59 vader-rover kernel: [    6.990356] end_request: I/O error, dev mtdblock0, sector 8
Jun  3 14:58:59 vader-rover kernel: [    7.016326] end_request: I/O error, dev mtdblock0, sector 24
Jun  3 14:58:59 vader-rover kernel: [    7.045593] end_request: I/O error, dev mtdblock0, sector 24
Jun  3 14:58:59 vader-rover kernel: [    7.070983] end_request: I/O error, dev mtdblock0, sector 24
Jun  3 14:58:59 vader-rover kernel: [    7.101135] end_request: I/O error, dev mtdblock0, sector 24
Jun  3 14:58:59 vader-rover kernel: [    7.122100] omap3isp omap3isp: Revision 15.0 found
Jun  3 14:58:59 vader-rover kernel: [    7.122222] omap-iommu omap-iommu.0: isp: version 1.1
Jun  3 14:58:59 vader-rover kernel: [    7.130187] end_request: I/O error, dev mtdblock0, sector 56
Jun  3 14:58:59 vader-rover kernel: [    7.156616] end_request: I/O error, dev mtdblock0, sector 56
Jun  3 14:58:59 vader-rover kernel: [    7.182342] end_request: I/O error, dev mtdblock0, sector 56
Jun  3 14:58:59 vader-rover kernel: [    7.213256] end_request: I/O error, dev mtdblock0, sector 56
Jun  3 14:58:59 vader-rover kernel: [    7.241851] end_request: I/O error, dev mtdblock0, sector 120
Jun  3 14:58:59 vader-rover kernel: [    7.253814] mt9v032 3-005c: Probing MT9V032 at address 0x5c
Jun  3 14:58:59 vader-rover kernel: [    7.254028] mt9v032 3-005c: MT9V032 power up failed
Jun  3 14:58:59 vader-rover kernel: [    7.262115] end_request: I/O error, dev mtdblock0, sector 120
Jun  3 14:58:59 vader-rover kernel: [    7.282226] end_request: I/O error, dev mtdblock0, sector 120
Jun  3 14:58:59 vader-rover kernel: [    7.306976] end_request: I/O error, dev mtdblock0, sector 120
Jun  3 14:58:59 vader-rover kernel: [    7.316040] lib80211: common routines for IEEE802.11 drivers
Jun  3 14:58:59 vader-rover kernel: [    7.316070] lib80211_crypt: registered algorithm 'NULL'
Jun  3 14:58:59 vader-rover kernel: [    7.328704] end_request: I/O error, dev mtdblock0, sector 0
Jun  3 14:58:59 vader-rover kernel: [    7.356750] end_request: I/O error, dev mtdblock0, sector 0
Jun  3 14:58:59 vader-rover kernel: [    7.380889] end_request: I/O error, dev mtdblock0, sector 8
Jun  3 14:58:59 vader-rover kernel: [    7.394256] isp_register_subdev_group: Unable to register subdev mt9v032
Jun  3 14:58:59 vader-rover kernel: [    7.404022] end_request: I/O error, dev mtdblock0, sector 8
Jun  3 14:58:59 vader-rover kernel: [    7.423553] end_request: I/O error, dev mtdblock0, sector 24
Jun  3 14:58:59 vader-rover kernel: [    7.452758] end_request: I/O error, dev mtdblock0, sector 24
Jun  3 14:58:59 vader-rover kernel: [    7.480804] end_request: I/O error, dev mtdblock0, sector 56
Jun  3 14:58:59 vader-rover kernel: [    7.506561] end_request: I/O error, dev mtdblock0, sector 56
Jun  3 14:58:59 vader-rover kernel: [    7.531585] end_request: I/O error, dev mtdblock0, sector 120
Jun  3 14:58:59 vader-rover kernel: [    7.560058] cfg80211: Calling CRDA to update world regulatory domain
Jun  3 14:58:59 vader-rover kernel: [    7.560791] end_request: I/O error, dev mtdblock0, sector 120
Jun  3 14:58:59 vader-rover kernel: [    7.586090] end_request: I/O error, dev mtdblock0, sector 0
Jun  3 14:58:59 vader-rover kernel: [    7.607879] end_request: I/O error, dev mtdblock0, sector 0
Jun  3 14:58:59 vader-rover kernel: [    7.632812] end_request: I/O error, dev mtdblock0, sector 0
Jun  3 14:58:59 vader-rover kernel: [    7.657409] end_request: I/O error, dev mtdblock0, sector 0
Jun  3 14:58:59 vader-rover kernel: [    7.683197] end_request: I/O error, dev mtdblock0, sector 0
Jun  3 14:58:59 vader-rover kernel: [    7.705444] end_request: I/O error, dev mtdblock0, sector 0
Jun  3 14:58:59 vader-rover kernel: [    7.724884] libertas_sdio: Libertas SDIO driver
Jun  3 14:58:59 vader-rover kernel: [    7.724914] libertas_sdio: Copyright Pierre Ossman
Jun  3 14:58:59 vader-rover kernel: [    7.730010] end_request: I/O error, dev mtdblock0, sector 64
Jun  3 14:58:59 vader-rover kernel: [    7.757904] end_request: I/O error, dev mtdblock0, sector 64
Jun  3 14:58:59 vader-rover kernel: [    7.774017] end_request: I/O error, dev mtdblock0, sector 64
Jun  3 14:58:59 vader-rover kernel: [    7.798400] end_request: I/O error, dev mtdblock0, sector 64
Jun  3 14:58:59 vader-rover kernel: [    7.813415] end_request: I/O error, dev mtdblock0, sector 64
Jun  3 14:58:59 vader-rover kernel: [    7.831665] end_request: I/O error, dev mtdblock0, sector 64
Jun  3 14:58:59 vader-rover kernel: [    7.853881] end_request: I/O error, dev mtdblock0, sector 64
Jun  3 14:58:59 vader-rover kernel: [    7.868591] end_request: I/O error, dev mtdblock0, sector 64
Jun  3 14:58:59 vader-rover kernel: [    7.884155] end_request: I/O error, dev mtdblock0, sector 64
Jun  3 14:58:59 vader-rover kernel: [    7.902313] end_request: I/O error, dev mtdblock0, sector 0
Jun  3 14:58:59 vader-rover kernel: [    7.940887] end_request: I/O error, dev mtdblock0, sector 0
Jun  3 14:58:59 vader-rover kernel: [    7.982116] end_request: I/O error, dev mtdblock0, sector 0
Jun  3 14:58:59 vader-rover kernel: [    8.015197] end_request: I/O error, dev mtdblock0, sector 0
Jun  3 14:58:59 vader-rover kernel: [    8.045410] end_request: I/O error, dev mtdblock0, sector 0
Jun  3 14:58:59 vader-rover kernel: [    8.066802] end_request: I/O error, dev mtdblock0, sector 16
Jun  3 14:58:59 vader-rover kernel: [    8.088348] end_request: I/O error, dev mtdblock0, sector 0
Jun  3 14:58:59 vader-rover kernel: [    8.105957] end_request: I/O error, dev mtdblock0, sector 0
Jun  3 14:58:59 vader-rover kernel: [    8.126739] end_request: I/O error, dev mtdblock0, sector 0
Jun  3 14:58:59 vader-rover kernel: [    8.148834] end_request: I/O error, dev mtdblock0, sector 0
Jun  3 14:58:59 vader-rover kernel: [    8.168457] end_request: I/O error, dev mtdblock0, sector 0
Jun  3 14:58:59 vader-rover kernel: [    8.184692] end_request: I/O error, dev mtdblock0, sector 0
Jun  3 14:58:59 vader-rover kernel: [    8.204895] end_request: I/O error, dev mtdblock0, sector 0
Jun  3 14:58:59 vader-rover kernel: [    8.225494] end_request: I/O error, dev mtdblock0, sector 0
Jun  3 14:58:59 vader-rover kernel: [    8.244506] end_request: I/O error, dev mtdblock0, sector 0
Jun  3 14:58:59 vader-rover kernel: [    8.261260] end_request: I/O error, dev mtdblock0, sector 0
Jun  3 14:58:59 vader-rover kernel: [    8.285278] end_request: I/O error, dev mtdblock0, sector 0
Jun  3 14:58:59 vader-rover kernel: [    8.312927] end_request: I/O error, dev mtdblock0, sector 0
Jun  3 14:58:59 vader-rover kernel: [    8.338226] end_request: I/O error, dev mtdblock0, sector 0
Jun  3 14:58:59 vader-rover kernel: [    8.351165] end_request: I/O error, dev mtdblock0, sector 0
Jun  3 14:58:59 vader-rover kernel: [    8.373779] end_request: I/O error, dev mtdblock0, sector 0
Jun  3 14:58:59 vader-rover kernel: [    8.399291] end_request: I/O error, dev mtdblock0, sector 0
Jun  3 14:58:59 vader-rover kernel: [    8.421630] end_request: I/O error, dev mtdblock0, sector 0
Jun  3 14:58:59 vader-rover kernel: [    8.443969] end_request: I/O error, dev mtdblock0, sector 0
Jun  3 14:58:59 vader-rover kernel: [    8.471038] end_request: I/O error, dev mtdblock0, sector 8
Jun  3 14:58:59 vader-rover kernel: [    8.487640] end_request: I/O error, dev mtdblock0, sector 0
Jun  3 14:58:59 vader-rover kernel: [    8.508209] end_request: I/O error, dev mtdblock0, sector 0
Jun  3 14:58:59 vader-rover kernel: [    8.523376] end_request: I/O error, dev mtdblock0, sector 0
Jun  3 14:58:59 vader-rover kernel: [    8.541381] end_request: I/O error, dev mtdblock0, sector 0
Jun  3 14:58:59 vader-rover kernel: [    8.875915] end_request: I/O error, dev mtdblock0, sector 0
Jun  3 14:58:59 vader-rover kernel: [    8.889160] end_request: I/O error, dev mtdblock0, sector 0
Jun  3 14:58:59 vader-rover kernel: [    8.905578] end_request: I/O error, dev mtdblock0, sector 0
Jun  3 14:58:59 vader-rover kernel: [    8.919952] end_request: I/O error, dev mtdblock0, sector 0
Jun  3 14:58:59 vader-rover kernel: [    8.932861] end_request: I/O error, dev mtdblock0, sector 0
Jun  3 14:58:59 vader-rover kernel: [    8.951507] end_request: I/O error, dev mtdblock0, sector 0
Jun  3 14:58:59 vader-rover kernel: [    8.967346] end_request: I/O error, dev mtdblock0, sector 0
Jun  3 14:58:59 vader-rover kernel: [    8.984741] end_request: I/O error, dev mtdblock0, sector 0
Jun  3 14:58:59 vader-rover kernel: [    9.003967] end_request: I/O error, dev mtdblock0, sector 0
Jun  3 14:58:59 vader-rover kernel: [    9.023895] end_request: I/O error, dev mtdblock0, sector 0
Jun  3 14:58:59 vader-rover kernel: [    9.033538] end_request: I/O error, dev mtdblock0, sector 0
Jun  3 14:58:59 vader-rover kernel: [    9.049194] end_request: I/O error, dev mtdblock0, sector 0
Jun  3 14:58:59 vader-rover kernel: [    9.064819] end_request: I/O error, dev mtdblock0, sector 0
Jun  3 14:58:59 vader-rover kernel: [    9.076873] end_request: I/O error, dev mtdblock0, sector 0
Jun  3 14:58:59 vader-rover kernel: [    9.097808] end_request: I/O error, dev mtdblock0, sector 0
Jun  3 14:58:59 vader-rover kernel: [    9.113189] end_request: I/O error, dev mtdblock0, sector 0
Jun  3 14:58:59 vader-rover kernel: [    9.135131] end_request: I/O error, dev mtdblock0, sector 0
Jun  3 14:58:59 vader-rover kernel: [    9.152404] end_request: I/O error, dev mtdblock0, sector 8
Jun  3 14:58:59 vader-rover kernel: [    9.172546] end_request: I/O error, dev mtdblock0, sector 8
Jun  3 14:58:59 vader-rover kernel: [    9.201568] end_request: I/O error, dev mtdblock0, sector 8
Jun  3 14:58:59 vader-rover kernel: [    9.218017] end_request: I/O error, dev mtdblock0, sector 8
Jun  3 14:58:59 vader-rover kernel: [    9.233398] end_request: I/O error, dev mtdblock0, sector 24
Jun  3 14:58:59 vader-rover kernel: [    9.252258] end_request: I/O error, dev mtdblock0, sector 24
Jun  3 14:58:59 vader-rover kernel: [    9.274017] end_request: I/O error, dev mtdblock0, sector 24
Jun  3 14:58:59 vader-rover kernel: [    9.295135] end_request: I/O error, dev mtdblock0, sector 24
Jun  3 14:58:59 vader-rover kernel: [    9.317352] end_request: I/O error, dev mtdblock0, sector 56
Jun  3 14:58:59 vader-rover kernel: [    9.338531] end_request: I/O error, dev mtdblock0, sector 56
Jun  3 14:58:59 vader-rover kernel: [    9.360656] end_request: I/O error, dev mtdblock0, sector 56
Jun  3 14:58:59 vader-rover kernel: [    9.374389] end_request: I/O error, dev mtdblock0, sector 56
Jun  3 14:58:59 vader-rover kernel: [    9.398193] end_request: I/O error, dev mtdblock0, sector 120
Jun  3 14:58:59 vader-rover kernel: [    9.409820] end_request: I/O error, dev mtdblock0, sector 120
Jun  3 14:58:59 vader-rover kernel: [    9.430419] end_request: I/O error, dev mtdblock0, sector 120
Jun  3 14:58:59 vader-rover kernel: [    9.447601] end_request: I/O error, dev mtdblock0, sector 120
Jun  3 14:58:59 vader-rover kernel: [    9.465545] end_request: I/O error, dev mtdblock0, sector 0
Jun  3 14:58:59 vader-rover kernel: [    9.489532] end_request: I/O error, dev mtdblock0, sector 0
Jun  3 14:58:59 vader-rover kernel: [    9.509552] end_request: I/O error, dev mtdblock0, sector 8
Jun  3 14:58:59 vader-rover kernel: [    9.531188] end_request: I/O error, dev mtdblock0, sector 8
Jun  3 14:58:59 vader-rover kernel: [    9.549377] end_request: I/O error, dev mtdblock0, sector 24
Jun  3 14:58:59 vader-rover kernel: [    9.563995] end_request: I/O error, dev mtdblock0, sector 24
Jun  3 14:58:59 vader-rover kernel: [    9.583709] end_request: I/O error, dev mtdblock0, sector 56
Jun  3 14:58:59 vader-rover kernel: [    9.606689] end_request: I/O error, dev mtdblock0, sector 56
Jun  3 14:58:59 vader-rover kernel: [    9.627319] end_request: I/O error, dev mtdblock0, sector 120
Jun  3 14:58:59 vader-rover kernel: [    9.638366] end_request: I/O error, dev mtdblock0, sector 120
Jun  3 14:58:59 vader-rover kernel: [    9.652130] end_request: I/O error, dev mtdblock0, sector 0
Jun  3 14:58:59 vader-rover kernel: [    9.652435] end_request: I/O error, dev mtdblock0, sector 0
Jun  3 14:58:59 vader-rover kernel: [    9.652618] end_request: I/O error, dev mtdblock0, sector 0
Jun  3 14:58:59 vader-rover kernel: [    9.652770] end_request: I/O error, dev mtdblock0, sector 0
Jun  3 14:58:59 vader-rover kernel: [    9.652954] end_request: I/O error, dev mtdblock0, sector 0
Jun  3 14:58:59 vader-rover kernel: [    9.653106] end_request: I/O error, dev mtdblock0, sector 0
Jun  3 14:58:59 vader-rover kernel: [    9.653320] end_request: I/O error, dev mtdblock0, sector 64
Jun  3 14:58:59 vader-rover kernel: [    9.653472] end_request: I/O error, dev mtdblock0, sector 64
Jun  3 14:58:59 vader-rover kernel: [    9.655364] end_request: I/O error, dev mtdblock0, sector 64
Jun  3 14:58:59 vader-rover kernel: [    9.655639] end_request: I/O error, dev mtdblock0, sector 64
Jun  3 14:58:59 vader-rover kernel: [    9.655792] end_request: I/O error, dev mtdblock0, sector 64
Jun  3 14:58:59 vader-rover kernel: [    9.655975] end_request: I/O error, dev mtdblock0, sector 64
Jun  3 14:58:59 vader-rover kernel: [    9.656127] end_request: I/O error, dev mtdblock0, sector 64
Jun  3 14:58:59 vader-rover kernel: [    9.656311] end_request: I/O error, dev mtdblock0, sector 64
Jun  3 14:58:59 vader-rover kernel: [    9.656463] end_request: I/O error, dev mtdblock0, sector 64
Jun  3 14:58:59 vader-rover kernel: [    9.656646] end_request: I/O error, dev mtdblock0, sector 0
Jun  3 14:58:59 vader-rover kernel: [    9.656799] end_request: I/O error, dev mtdblock0, sector 0
Jun  3 14:58:59 vader-rover kernel: [    9.656951] end_request: I/O error, dev mtdblock0, sector 0
Jun  3 14:58:59 vader-rover kernel: [    9.657135] end_request: I/O error, dev mtdblock0, sector 0
Jun  3 14:58:59 vader-rover kernel: [    9.659637] end_request: I/O error, dev mtdblock0, sector 0
Jun  3 14:58:59 vader-rover kernel: [    9.662445] end_request: I/O error, dev mtdblock0, sector 16
Jun  3 14:58:59 vader-rover kernel: [    9.662719] end_request: I/O error, dev mtdblock0, sector 0
Jun  3 14:58:59 vader-rover kernel: [    9.662902] end_request: I/O error, dev mtdblock0, sector 0
Jun  3 14:58:59 vader-rover kernel: [    9.663055] end_request: I/O error, dev mtdblock0, sector 0
Jun  3 14:58:59 vader-rover kernel: [    9.663238] end_request: I/O error, dev mtdblock0, sector 0
Jun  3 14:58:59 vader-rover kernel: [    9.663391] end_request: I/O error, dev mtdblock0, sector 0
Jun  3 14:58:59 vader-rover kernel: [    9.663543] end_request: I/O error, dev mtdblock0, sector 0
Jun  3 14:58:59 vader-rover kernel: [    9.663726] end_request: I/O error, dev mtdblock0, sector 0
Jun  3 14:58:59 vader-rover kernel: [    9.663879] end_request: I/O error, dev mtdblock0, sector 0
Jun  3 14:58:59 vader-rover kernel: [    9.664031] end_request: I/O error, dev mtdblock0, sector 0
Jun  3 14:58:59 vader-rover kernel: [    9.664215] end_request: I/O error, dev mtdblock0, sector 0
Jun  3 14:58:59 vader-rover kernel: [    9.664367] end_request: I/O error, dev mtdblock0, sector 0
Jun  3 14:58:59 vader-rover kernel: [    9.664520] end_request: I/O error, dev mtdblock0, sector 0
Jun  3 14:58:59 vader-rover kernel: [    9.664703] end_request: I/O error, dev mtdblock0, sector 0
Jun  3 14:58:59 vader-rover kernel: [    9.664855] end_request: I/O error, dev mtdblock0, sector 0
Jun  3 14:58:59 vader-rover kernel: [    9.665008] end_request: I/O error, dev mtdblock0, sector 0
Jun  3 14:58:59 vader-rover kernel: [    9.665191] end_request: I/O error, dev mtdblock0, sector 0
Jun  3 14:58:59 vader-rover kernel: [    9.667755] end_request: I/O error, dev mtdblock0, sector 0
Jun  3 14:58:59 vader-rover kernel: [    9.668060] end_request: I/O error, dev mtdblock0, sector 0
Jun  3 14:58:59 vader-rover kernel: [    9.668243] end_request: I/O error, dev mtdblock0, sector 8
Jun  3 14:58:59 vader-rover kernel: [    9.668426] end_request: I/O error, dev mtdblock0, sector 0
Jun  3 14:58:59 vader-rover kernel: [    9.668579] end_request: I/O error, dev mtdblock0, sector 0
Jun  3 14:58:59 vader-rover kernel: [    9.668762] end_request: I/O error, dev mtdblock0, sector 0
Jun  3 14:58:59 vader-rover kernel: [    9.668914] end_request: I/O error, dev mtdblock0, sector 0
Jun  3 14:58:59 vader-rover kernel: [   12.074157] libertas_sdio mmc1:0001:1: (unregistered net_device): 00:19:88:25:91:f6, fw 9.70.3p36, cap 0x00000303
Jun  3 14:58:59 vader-rover kernel: [   12.081756] libertas_sdio mmc1:0001:1: wlan0: Marvell WLAN 802.11 adapter
Jun  3 14:58:59 vader-rover kernel: [   13.010375] NET: Registered protocol family 10
Jun  3 14:58:59 vader-rover avahi-daemon[479]: Found user 'avahi' (UID 107) and group 'avahi' (GID 112).
Jun  3 14:58:59 vader-rover avahi-daemon[479]: Successfully dropped root privileges.
Jun  3 14:58:59 vader-rover avahi-daemon[479]: avahi-daemon 0.6.30 starting up.
Jun  3 14:58:59 vader-rover avahi-daemon[479]: Successfully called chroot().
Jun  3 14:58:59 vader-rover avahi-daemon[479]: Successfully dropped remaining capabilities.
Jun  3 14:58:59 vader-rover avahi-daemon[479]: No service file found in /etc/avahi/services.
Jun  3 14:58:59 vader-rover avahi-daemon[479]: Network interface enumeration completed.
Jun  3 14:58:59 vader-rover avahi-daemon[479]: Registering HINFO record with values 'ARMV7L'/'LINUX'.
Jun  3 14:58:59 vader-rover avahi-daemon[479]: Server startup complete. Host name is vader-rover.local. Local service cookie is 186305488.
Jun  3 15:00:59 vader-rover anacron[546]: Anacron 2.3 started on 2014-06-03
Jun  3 15:00:59 vader-rover cron[523]: (CRON) INFO (pidfile fd = 3)
Jun  3 15:00:59 vader-rover anacron[546]: Normal exit (0 jobs run)
Jun  3 15:00:59 vader-rover kernel: [  133.613281] GPIO Event Monitor 0.1 Compiled: Jan 13 2014 at 15:50:49
Jun  3 15:00:59 vader-rover cron[550]: (CRON) STARTUP (fork ok)
Jun  3 15:00:59 vader-rover cron[550]: (CRON) INFO (Running @reboot jobs)
Jun  3 15:00:59 vader-rover dbus[464]: [system] Activating service name='org.freedesktop.ConsoleKit' (using servicehelper)
Jun  3 15:01:00 vader-rover kernel: [  133.903137] pwm: frequency=50 Hz servo=1 servo_min = 10000 servo_max = 20000
Jun  3 15:01:00 vader-rover noip2[581]: v2.1.9 daemon started with NAT enabled
Jun  3 15:01:00 vader-rover noip2[581]: Can't gethostbyname for dynupdate.no-ip.com
Jun  3 15:01:00 vader-rover noip2[581]: Can't get our visible IP address from ip1.dynupdate.no-ip.com
Jun  3 15:01:00 vader-rover dbus[464]: [system] Activating service name='org.freedesktop.PolicyKit1' (using servicehelper)
Jun  3 15:01:00 vader-rover ntpd[673]: ntpd 4.2.6p3@1.2290 Tue Mar  6 15:10:33 UTC 2012 (1)
Jun  3 15:01:00 vader-rover ntpd[675]: proto: precision = 30.517 usec
Jun  3 15:01:00 vader-rover ntpd[675]: ntp_io: estimated max descriptors: 1024, initial socket boundary: 16
Jun  3 15:01:00 vader-rover ntpd[675]: Listen and drop on 0 v4wildcard 0.0.0.0 UDP 123
Jun  3 15:01:00 vader-rover ntpd[675]: Listen and drop on 1 v6wildcard :: UDP 123
Jun  3 15:01:00 vader-rover ntpd[675]: Listen normally on 2 lo 127.0.0.1 UDP 123
Jun  3 15:01:00 vader-rover ntpd[675]: Listen normally on 3 lo ::1 UDP 123
Jun  3 15:01:00 vader-rover ntpd[675]: peers refreshed
Jun  3 15:01:00 vader-rover ntpd[675]: Listening on routing socket on fd #20 for interface updates
Jun  3 15:01:00 vader-rover polkitd[666]: started daemon version 0.104 using authority implementation `local' version `0.104'
Jun  3 15:01:00 vader-rover dbus[464]: [system] Successfully activated service 'org.freedesktop.PolicyKit1'
Jun  3 15:01:00 vader-rover ntpd[675]: Deferring DNS for 0.ubuntu.pool.ntp.org 1
Jun  3 15:01:00 vader-rover ntpd[675]: Deferring DNS for 1.ubuntu.pool.ntp.org 1
Jun  3 15:01:00 vader-rover ntpd[675]: Deferring DNS for 2.ubuntu.pool.ntp.org 1
Jun  3 15:01:00 vader-rover ntpd[675]: Deferring DNS for 3.ubuntu.pool.ntp.org 1
Jun  3 15:01:00 vader-rover ntpd[675]: Deferring DNS for 0.us.pool.ntp.org 1
Jun  3 15:01:00 vader-rover ntpd[675]: Deferring DNS for 1.us.pool.ntp.org 1
Jun  3 15:01:00 vader-rover ntpd[675]: Deferring DNS for 2.us.pool.ntp.org 1
Jun  3 15:01:00 vader-rover ntpd[675]: Deferring DNS for 3.us.pool.ntp.org 1
Jun  3 15:01:00 vader-rover ntpd[675]: Deferring DNS for ntp.ubuntu.com 1
Jun  3 15:01:01 vader-rover ntpd[680]: signal_no_reset: signal 17 had flags 4000000
Jun  3 15:01:01 vader-rover dbus[464]: [system] Successfully activated service 'org.freedesktop.ConsoleKit'
Jun  3 15:01:03 vader-rover ntpd_intres[680]: host name not found: 0.ubuntu.pool.ntp.org
Jun  3 15:01:03 vader-rover ntpd_intres[680]: host name not found: 1.ubuntu.pool.ntp.org
Jun  3 15:01:03 vader-rover ntpd_intres[680]: host name not found: 2.ubuntu.pool.ntp.org
Jun  3 15:01:03 vader-rover ntpd_intres[680]: host name not found: 3.ubuntu.pool.ntp.org
Jun  3 15:01:03 vader-rover ntpd_intres[680]: host name not found: 0.us.pool.ntp.org
Jun  3 15:01:03 vader-rover ntpd_intres[680]: host name not found: 1.us.pool.ntp.org
Jun  3 15:01:03 vader-rover ntpd_intres[680]: host name not found: 2.us.pool.ntp.org
Jun  3 15:01:03 vader-rover ntpd_intres[680]: host name not found: 3.us.pool.ntp.org
Jun  3 15:01:03 vader-rover ntpd_intres[680]: host name not found: ntp.ubuntu.com
Jun  3 15:01:55 vader-rover kernel: [  188.978698] usb usb1: usb wakeup-resume
Jun  3 15:01:55 vader-rover kernel: [  188.978729] usb usb1: usb auto-resume
Jun  3 15:01:55 vader-rover kernel: [  188.978729] ehci-omap ehci-omap.0: resume root hub
Jun  3 15:01:55 vader-rover kernel: [  189.018890] hub 1-0:1.0: hub_resume
Jun  3 15:01:55 vader-rover kernel: [  189.019012] ehci-omap ehci-omap.0: GetStatus port:2 status 001803 0  ACK POWER sig=j CSC CONNECT
Jun  3 15:01:55 vader-rover kernel: [  189.019012] hub 1-0:1.0: port 2: status 0501 change 0001
Jun  3 15:01:55 vader-rover kernel: [  189.128356] hub 1-0:1.0: state 7 ports 3 chg 0004 evt 0000
Jun  3 15:01:55 vader-rover kernel: [  189.128387] hub 1-0:1.0: port 2, status 0501, change 0000, 480 Mb/s
Jun  3 15:01:55 vader-rover kernel: [  189.190795] ehci-omap ehci-omap.0: port 2 reset complete, port enabled
Jun  3 15:01:55 vader-rover kernel: [  189.190826] ehci-omap ehci-omap.0: GetStatus port:2 status 001005 0  ACK POWER sig=se0 PE CONNECT
Jun  3 15:01:55 vader-rover kernel: [  189.253265] usb 1-2: new high-speed USB device number 2 using ehci-omap
Jun  3 15:01:55 vader-rover kernel: [  189.315826] ehci-omap ehci-omap.0: port 2 reset complete, port enabled
Jun  3 15:01:55 vader-rover kernel: [  189.315856] ehci-omap ehci-omap.0: GetStatus port:2 status 001005 0  ACK POWER sig=se0 PE CONNECT
Jun  3 15:01:55 vader-rover kernel: [  189.410675] usb 1-2: default language 0x0409
Jun  3 15:01:55 vader-rover kernel: [  189.410949] usb 1-2: udev 2, busnum 1, minor = 1
Jun  3 15:01:55 vader-rover kernel: [  189.410980] usb 1-2: New USB device found, idVendor=050d, idProduct=0237
Jun  3 15:01:55 vader-rover kernel: [  189.410980] usb 1-2: New USB device strings: Mfr=0, Product=1, SerialNumber=0
Jun  3 15:01:55 vader-rover kernel: [  189.411010] usb 1-2: Product: USB 2.0 Hub [MTT]
Jun  3 15:01:55 vader-rover kernel: [  189.419067] usb 1-2: usb_probe_device
Jun  3 15:01:55 vader-rover kernel: [  189.419097] usb 1-2: configuration #1 chosen from 1 choice
Jun  3 15:01:55 vader-rover kernel: [  189.419433] usb 1-2: adding 1-2:1.0 (config #1, interface 0)
Jun  3 15:01:55 vader-rover kernel: [  189.419647] hub 1-2:1.0: usb_probe_interface
Jun  3 15:01:55 vader-rover kernel: [  189.419647] hub 1-2:1.0: usb_probe_interface - got id
Jun  3 15:01:55 vader-rover kernel: [  189.419677] hub 1-2:1.0: USB hub found
Jun  3 15:01:55 vader-rover kernel: [  189.420074] hub 1-2:1.0: 7 ports detected
Jun  3 15:01:55 vader-rover kernel: [  189.420104] hub 1-2:1.0: standalone hub
Jun  3 15:01:55 vader-rover kernel: [  189.420104] hub 1-2:1.0: ganged power switching
Jun  3 15:01:55 vader-rover kernel: [  189.420135] hub 1-2:1.0: individual port over-current protection
Jun  3 15:01:55 vader-rover kernel: [  189.420410] hub 1-2:1.0: TT per port
Jun  3 15:01:55 vader-rover kernel: [  189.420440] hub 1-2:1.0: TT requires at most 8 FS bit times (666 ns)
Jun  3 15:01:55 vader-rover kernel: [  189.420440] hub 1-2:1.0: Port indicators are supported
Jun  3 15:01:55 vader-rover kernel: [  189.420440] hub 1-2:1.0: power on to power good time: 100ms
Jun  3 15:01:55 vader-rover kernel: [  189.420776] hub 1-2:1.0: local power source is good
Jun  3 15:01:55 vader-rover kernel: [  189.420806] hub 1-2:1.0: enabling power on all ports
Jun  3 15:01:55 vader-rover kernel: [  189.519195] hub 1-2:1.0: port 1: status 0101 change 0001
Jun  3 15:01:55 vader-rover kernel: [  189.519775] hub 1-2:1.0: port 2: status 0101 change 0001
Jun  3 15:01:55 vader-rover kernel: [  189.520538] hub 1-2:1.0: port 4: status 0101 change 0001
Jun  3 15:01:55 vader-rover kernel: [  189.521331] hub 1-2:1.0: port 6: status 0101 change 0001
Jun  3 15:01:55 vader-rover kernel: [  189.521881] hub 1-2:1.0: port 7: status 0101 change 0001
Jun  3 15:01:55 vader-rover kernel: [  189.620483] usb 1-2: link qh256-0001/dedeadc0 start 1 [1/0 us]
Jun  3 15:01:55 vader-rover kernel: [  189.620544] hub 1-2:1.0: state 7 ports 7 chg 00d6 evt 0000
Jun  3 15:01:55 vader-rover kernel: [  189.621032] hub 1-2:1.0: port 1, status 0101, change 0000, 12 Mb/s
Jun  3 15:01:55 vader-rover kernel: [  189.706787] usb 1-2.1: new high-speed USB device number 3 using ehci-omap
Jun  3 15:01:55 vader-rover kernel: [  189.828857] usb 1-2.1: default language 0x0409
Jun  3 15:01:55 vader-rover kernel: [  189.837738] usb 1-2.1: udev 3, busnum 1, minor = 2
Jun  3 15:01:55 vader-rover kernel: [  189.837738] usb 1-2.1: New USB device found, idVendor=1e10, idProduct=2004
Jun  3 15:01:55 vader-rover kernel: [  189.837768] usb 1-2.1: New USB device strings: Mfr=1, Product=2, SerialNumber=3
Jun  3 15:01:55 vader-rover kernel: [  189.837768] usb 1-2.1: Product: USB 2.0 Digital Imaging Camera
Jun  3 15:01:55 vader-rover kernel: [  189.837799] usb 1-2.1: Manufacturer: Point Grey Research
Jun  3 15:01:55 vader-rover kernel: [  189.837799] usb 1-2.1: SerialNumber: 00BB1D77
Jun  3 15:01:55 vader-rover kernel: [  189.838348] usb 1-2.1: usb_probe_device
Jun  3 15:01:55 vader-rover kernel: [  189.838378] usb 1-2.1: configuration #1 chosen from 1 choice
Jun  3 15:01:55 vader-rover kernel: [  189.840484] usb 1-2.1: adding 1-2.1:1.0 (config #1, interface 0)
Jun  3 15:01:55 vader-rover kernel: [  189.842315] hub 1-2:1.0: port 2, status 0101, change 0000, 12 Mb/s
Jun  3 15:01:56 vader-rover mtp-probe: checking bus 1, device 3: "/sys/devices/platform/usbhs_omap/ehci-omap.0/usb1/1-2/1-2.1"
Jun  3 15:01:56 vader-rover mtp-probe: bus: 1, device: 3 was not an MTP device
Jun  3 15:01:56 vader-rover kernel: [  189.925445] usb 1-2.2: new high-speed USB device number 4 using ehci-omap
Jun  3 15:01:56 vader-rover kernel: [  190.044281] usb 1-2.2: default language 0x0409
Jun  3 15:01:56 vader-rover kernel: [  190.045501] usb 1-2.2: udev 4, busnum 1, minor = 3
Jun  3 15:01:56 vader-rover kernel: [  190.045532] usb 1-2.2: New USB device found, idVendor=0bda, idProduct=8178
Jun  3 15:01:56 vader-rover kernel: [  190.045562] usb 1-2.2: New USB device strings: Mfr=1, Product=2, SerialNumber=3
Jun  3 15:01:56 vader-rover kernel: [  190.045562] usb 1-2.2: Product: USB WLAN
Jun  3 15:01:56 vader-rover kernel: [  190.045562] usb 1-2.2: Manufacturer: Realtek
Jun  3 15:01:56 vader-rover kernel: [  190.045593] usb 1-2.2: SerialNumber: 00e04c000001
Jun  3 15:01:56 vader-rover kernel: [  190.046112] usb 1-2.2: usb_probe_device
Jun  3 15:01:56 vader-rover kernel: [  190.046142] usb 1-2.2: configuration #1 chosen from 1 choice
Jun  3 15:01:56 vader-rover kernel: [  190.046691] usb 1-2.2: adding 1-2.2:1.0 (config #1, interface 0)
Jun  3 15:01:56 vader-rover kernel: [  190.046966] rtl8192cu 1-2.2:1.0: usb_probe_interface
Jun  3 15:01:56 vader-rover kernel: [  190.046966] rtl8192cu 1-2.2:1.0: usb_probe_interface - got id
Jun  3 15:01:56 vader-rover kernel: [  190.046997] 
Jun  3 15:01:56 vader-rover kernel: [  190.046997] usb_endpoint_descriptor(0):
Jun  3 15:01:56 vader-rover kernel: [  190.047027] bLength=7
Jun  3 15:01:56 vader-rover kernel: [  190.047027] bDescriptorType=5
Jun  3 15:01:56 vader-rover kernel: [  190.047027] bEndpointAddress=81
Jun  3 15:01:56 vader-rover kernel: [  190.047027] wMaxPacketSize=200
Jun  3 15:01:56 vader-rover kernel: [  190.047027] bInterval=0
Jun  3 15:01:56 vader-rover kernel: [  190.047058] RT_usb_endpoint_is_bulk_in = 1
Jun  3 15:01:56 vader-rover kernel: [  190.047058] 
Jun  3 15:01:56 vader-rover kernel: [  190.047058] usb_endpoint_descriptor(1):
Jun  3 15:01:56 vader-rover kernel: [  190.047058] bLength=7
Jun  3 15:01:56 vader-rover kernel: [  190.047058] bDescriptorType=5
Jun  3 15:01:56 vader-rover kernel: [  190.047058] bEndpointAddress=2
Jun  3 15:01:56 vader-rover kernel: [  190.047088] wMaxPacketSize=200
Jun  3 15:01:56 vader-rover kernel: [  190.047088] bInterval=0
Jun  3 15:01:56 vader-rover kernel: [  190.047088] RT_usb_endpoint_is_bulk_out = 2
Jun  3 15:01:56 vader-rover kernel: [  190.047088] 
Jun  3 15:01:56 vader-rover kernel: [  190.047088] usb_endpoint_descriptor(2):
Jun  3 15:01:56 vader-rover kernel: [  190.047119] bLength=7
Jun  3 15:01:56 vader-rover kernel: [  190.047119] bDescriptorType=5
Jun  3 15:01:56 vader-rover kernel: [  190.047119] bEndpointAddress=3
Jun  3 15:01:56 vader-rover kernel: [  190.047119] wMaxPacketSize=200
Jun  3 15:01:56 vader-rover kernel: [  190.047119] bInterval=0
Jun  3 15:01:56 vader-rover kernel: [  190.047149] RT_usb_endpoint_is_bulk_out = 3
Jun  3 15:01:56 vader-rover kernel: [  190.047149] 
Jun  3 15:01:56 vader-rover kernel: [  190.047149] usb_endpoint_descriptor(3):
Jun  3 15:01:56 vader-rover kernel: [  190.047149] bLength=7
Jun  3 15:01:56 vader-rover kernel: [  190.047149] bDescriptorType=5
Jun  3 15:01:56 vader-rover kernel: [  190.047149] bEndpointAddress=84
Jun  3 15:01:56 vader-rover kernel: [  190.047180] wMaxPacketSize=40
Jun  3 15:01:56 vader-rover kernel: [  190.047180] bInterval=1
Jun  3 15:01:56 vader-rover kernel: [  190.047180] RT_usb_endpoint_is_int_in = 4, Interval = 1
Jun  3 15:01:56 vader-rover kernel: [  190.047180] nr_endpoint=4, in_num=2, out_num=2
Jun  3 15:01:56 vader-rover kernel: [  190.047180] 
Jun  3 15:01:56 vader-rover kernel: [  190.047210] USB_SPEED_HIGH
Jun  3 15:01:56 vader-rover kernel: [  190.047271] CHIP TYPE: RTL8188C_8192C
Jun  3 15:01:56 vader-rover kernel: [  190.047332] register rtw_netdev_ops to netdev_ops
Jun  3 15:01:56 vader-rover kernel: [  190.049682] Chip Version ID: VERSION_NORMAL_TSMC_CHIP_92C.
Jun  3 15:01:56 vader-rover kernel: [  190.049713] RF_Type is 2!!
Jun  3 15:01:56 vader-rover kernel: [  190.054687] EEPROM type is E-FUSE
Jun  3 15:01:56 vader-rover kernel: [  190.054718] ====> ReadAdapterInfo8192C
Jun  3 15:01:56 vader-rover kernel: [  190.055175] Boot from EFUSE, Autoload OK !
Jun  3 15:01:56 vader-rover kernel: [  190.336914] EEPROMVID = 0x0bda
Jun  3 15:01:56 vader-rover kernel: [  190.336914] EEPROMPID = 0x8178
Jun  3 15:01:56 vader-rover kernel: [  190.336944] EEPROMCustomerID : 0x00
Jun  3 15:01:56 vader-rover kernel: [  190.336944] EEPROMSubCustomerID: 0x00
Jun  3 15:01:56 vader-rover kernel: [  190.336944] RT_CustomerID: 0x00
Jun  3 15:01:56 vader-rover kernel: [  190.336975] _ReadMACAddress MAC Address from EFUSE = c0:4a:00:17:ff:56
Jun  3 15:01:56 vader-rover kernel: [  190.336975] EEPROMRegulatory = 0x0
Jun  3 15:01:56 vader-rover kernel: [  190.336975] _ReadBoardType(0)
Jun  3 15:01:56 vader-rover kernel: [  190.336975] BT Coexistance = disable
Jun  3 15:01:56 vader-rover kernel: [  190.337005] mlmepriv.ChannelPlan = 0x02
Jun  3 15:01:56 vader-rover kernel: [  190.337005] _ReadPSSetting...bHWPwrPindetect(0)-bHWPowerdown(0) ,bSupportRemoteWakeup(0)
Jun  3 15:01:56 vader-rover kernel: [  190.337005] ### PS params=>  power_mgnt(0),usbss_enable(0) ###
Jun  3 15:01:56 vader-rover kernel: [  190.337036] ### AntDivCfg(0)
Jun  3 15:01:56 vader-rover kernel: [  190.337036] readAdapterInfo_8192CU(): REPLACEMENT = 1
Jun  3 15:01:56 vader-rover kernel: [  190.337036] <==== ReadAdapterInfo8192C in 281 ms
Jun  3 15:01:56 vader-rover kernel: [  190.338165] rtw_macaddr_cfg MAC Address  = c0:4a:00:17:ff:56
Jun  3 15:01:56 vader-rover kernel: [  190.338165] bDriverStopped:1, bSurpriseRemoved:0, bup:0, hw_init_completed:0
Jun  3 15:01:56 vader-rover kernel: [  190.342651] _rtw_drv_register_netdev, MAC Address (if1) = c0:4a:00:17:ff:56
Jun  3 15:01:56 vader-rover mtp-probe: checking bus 1, device 4: "/sys/devices/platform/usbhs_omap/ehci-omap.0/usb1/1-2/1-2.2"
Jun  3 15:01:56 vader-rover kernel: [  190.353912] hub 1-2:1.0: port 4, status 0101, change 0000, 12 Mb/s
Jun  3 15:01:56 vader-rover mtp-probe: bus: 1, device: 4 was not an MTP device
Jun  3 15:01:56 vader-rover kernel: [  190.433074] usb 1-2.4: new full-speed USB device number 5 using ehci-omap
Jun  3 15:01:56 vader-rover kernel: [  190.551300] usb 1-2.4: default language 0x0409
Jun  3 15:01:56 vader-rover kernel: [  190.551818] usb 1-2.4: udev 5, busnum 1, minor = 4
Jun  3 15:01:56 vader-rover kernel: [  190.551818] usb 1-2.4: New USB device found, idVendor=067b, idProduct=2303
Jun  3 15:01:56 vader-rover kernel: [  190.551849] usb 1-2.4: New USB device strings: Mfr=1, Product=2, SerialNumber=0
Jun  3 15:01:56 vader-rover kernel: [  190.551849] usb 1-2.4: Product: USB-Serial Controller D
Jun  3 15:01:56 vader-rover kernel: [  190.551879] usb 1-2.4: Manufacturer: Prolific Technology Inc. 
Jun  3 15:01:56 vader-rover kernel: [  190.552398] usb 1-2.4: usb_probe_device
Jun  3 15:01:56 vader-rover kernel: [  190.552429] usb 1-2.4: configuration #1 chosen from 1 choice
Jun  3 15:01:56 vader-rover kernel: [  190.555114] usb 1-2.4: adding 1-2.4:1.0 (config #1, interface 0)
Jun  3 15:01:56 vader-rover kernel: [  190.556091] hub 1-2:1.0: port 6, status 0101, change 0000, 12 Mb/s
Jun  3 15:01:56 vader-rover kernel: [  190.561798] +871x_drv - drv_open, bup=0
Jun  3 15:01:56 vader-rover kernel: [  190.567565]  ===> FirmwareDownload91C() fw:Rtl819XFwImageArray_TSMC
Jun  3 15:01:56 vader-rover kernel: [  190.567596] FirmwareDownload92C accquire FW from embedded image
Jun  3 15:01:56 vader-rover kernel: [  190.567596] fw_ver=v88, fw_subver=2, sig=0x88c0
Jun  3 15:01:56 vader-rover mtp-probe: checking bus 1, device 5: "/sys/devices/platform/usbhs_omap/ehci-omap.0/usb1/1-2/1-2.4"
Jun  3 15:01:56 vader-rover mtp-probe: bus: 1, device: 5 was not an MTP device
Jun  3 15:01:56 vader-rover kernel: [  190.605804] fw download ok!
Jun  3 15:01:56 vader-rover kernel: [  190.605834] Set RF Chip ID to RF_6052 and RF type to 2.
Jun  3 15:01:56 vader-rover kernel: [  190.636077] usb 1-2.6: new full-speed USB device number 6 using ehci-omap
Jun  3 15:01:56 vader-rover kernel: [  190.658843] usbcore: registered new interface driver usbserial
Jun  3 15:01:56 vader-rover kernel: [  190.661468] usbcore: registered new interface driver usbserial_generic
Jun  3 15:01:56 vader-rover kernel: [  190.661987] USB Serial support registered for generic
Jun  3 15:01:56 vader-rover kernel: [  190.668975] usbserial: USB Serial Driver core
Jun  3 15:01:56 vader-rover kernel: [  190.688323] usbcore: registered new interface driver pl2303
Jun  3 15:01:56 vader-rover kernel: [  190.695495] USB Serial support registered for pl2303
Jun  3 15:01:56 vader-rover kernel: [  190.695983] pl2303 1-2.4:1.0: usb_probe_interface
Jun  3 15:01:56 vader-rover kernel: [  190.696197] pl2303 1-2.4:1.0: usb_probe_interface - got id
Jun  3 15:01:56 vader-rover kernel: [  190.696258] pl2303 1-2.4:1.0: pl2303 converter detected
Jun  3 15:01:56 vader-rover kernel: [  190.705505] usb 1-2.4: pl2303 converter now attached to ttyUSB0
Jun  3 15:01:56 vader-rover kernel: [  190.753143] usb 1-2.6: ep0 maxpacket = 8
Jun  3 15:01:56 vader-rover kernel: [  190.755157] usb 1-2.6: default language 0x0409
Jun  3 15:01:56 vader-rover kernel: [  190.759674] usb 1-2.6: udev 6, busnum 1, minor = 5
Jun  3 15:01:56 vader-rover kernel: [  190.759704] usb 1-2.6: New USB device found, idVendor=0403, idProduct=6001
Jun  3 15:01:56 vader-rover kernel: [  190.759704] usb 1-2.6: New USB device strings: Mfr=1, Product=2, SerialNumber=3
Jun  3 15:01:56 vader-rover kernel: [  190.759704] usb 1-2.6: Product: FT232R USB UART
Jun  3 15:01:56 vader-rover kernel: [  190.759735] usb 1-2.6: Manufacturer: FTDI
Jun  3 15:01:56 vader-rover kernel: [  190.759735] usb 1-2.6: SerialNumber: A702LYT7
Jun  3 15:01:56 vader-rover kernel: [  190.760345] usb 1-2.6: usb_probe_device
Jun  3 15:01:56 vader-rover kernel: [  190.760375] usb 1-2.6: configuration #1 chosen from 1 choice
Jun  3 15:01:56 vader-rover kernel: [  190.760650] usb 1-2.6: adding 1-2.6:1.0 (config #1, interface 0)
Jun  3 15:01:56 vader-rover kernel: [  190.763732] hub 1-2:1.0: port 7, status 0101, change 0000, 12 Mb/s
Jun  3 15:01:56 vader-rover mtp-probe: checking bus 1, device 6: "/sys/devices/platform/usbhs_omap/ehci-omap.0/usb1/1-2/1-2.6"
Jun  3 15:01:56 vader-rover mtp-probe: bus: 1, device: 6 was not an MTP device
Jun  3 15:01:56 vader-rover kernel: [  190.847198] usb 1-2.7: new high-speed USB device number 7 using ehci-omap
Jun  3 15:01:56 vader-rover kernel: [  190.854248] usbcore: registered new interface driver ftdi_sio
Jun  3 15:01:57 vader-rover kernel: [  190.858612] USB Serial support registered for FTDI USB Serial Device
Jun  3 15:01:57 vader-rover kernel: [  190.858917] ftdi_sio 1-2.6:1.0: usb_probe_interface
Jun  3 15:01:57 vader-rover kernel: [  190.858917] ftdi_sio 1-2.6:1.0: usb_probe_interface - got id
Jun  3 15:01:57 vader-rover kernel: [  190.858978] ftdi_sio 1-2.6:1.0: FTDI USB Serial Device converter detected
Jun  3 15:01:57 vader-rover kernel: [  190.859466] usb 1-2.6: Detected FT232RL
Jun  3 15:01:57 vader-rover kernel: [  190.859466] usb 1-2.6: Number of endpoints 2
Jun  3 15:01:57 vader-rover kernel: [  190.859497] usb 1-2.6: Endpoint 1 MaxPacketSize 64
Jun  3 15:01:57 vader-rover kernel: [  190.859497] usb 1-2.6: Endpoint 2 MaxPacketSize 64
Jun  3 15:01:57 vader-rover kernel: [  190.859527] usb 1-2.6: Setting MaxPacketSize 64
Jun  3 15:01:57 vader-rover kernel: [  190.860900] usb 1-2.6: FTDI USB Serial Device converter now attached to ttyUSB1
Jun  3 15:01:57 vader-rover kernel: [  190.860992] ftdi_sio: v1.6.0:USB FTDI Serial Converters Driver
Jun  3 15:01:57 vader-rover kernel: [  190.969299] usb 1-2.7: default language 0x0409
Jun  3 15:01:57 vader-rover kernel: [  190.978210] usb 1-2.7: udev 7, busnum 1, minor = 6
Jun  3 15:01:57 vader-rover kernel: [  190.978240] usb 1-2.7: New USB device found, idVendor=1e10, idProduct=2004
Jun  3 15:01:57 vader-rover kernel: [  190.978240] usb 1-2.7: New USB device strings: Mfr=1, Product=2, SerialNumber=3
Jun  3 15:01:57 vader-rover kernel: [  190.978271] usb 1-2.7: Product: USB 2.0 Digital Imaging Camera
Jun  3 15:01:57 vader-rover kernel: [  190.978271] usb 1-2.7: Manufacturer: Point Grey Research
Jun  3 15:01:57 vader-rover kernel: [  190.978302] usb 1-2.7: SerialNumber: 00CAABB3
Jun  3 15:01:57 vader-rover kernel: [  190.978820] usb 1-2.7: usb_probe_device
Jun  3 15:01:57 vader-rover kernel: [  190.978851] usb 1-2.7: configuration #1 chosen from 1 choice
Jun  3 15:01:57 vader-rover kernel: [  190.980987] usb 1-2.7: adding 1-2.7:1.0 (config #1, interface 0)
Jun  3 15:01:57 vader-rover kernel: [  190.981597] hub 1-2:1.0: state 7 ports 7 chg 0000 evt 0080
Jun  3 15:01:57 vader-rover mtp-probe: checking bus 1, device 7: "/sys/devices/platform/usbhs_omap/ehci-omap.0/usb1/1-2/1-2.7"
Jun  3 15:01:57 vader-rover mtp-probe: bus: 1, device: 7 was not an MTP device
Jun  3 15:01:57 vader-rover kernel: [  191.061279] IQK:Start!!!
Jun  3 15:01:57 vader-rover kernel: [  191.084777] Path A IQK Success!!
Jun  3 15:01:57 vader-rover kernel: [  191.094024] Path B IQK Success!!
Jun  3 15:01:57 vader-rover kernel: [  191.111022] Path A IQK Success!!
Jun  3 15:01:57 vader-rover kernel: [  191.120422] Path B IQK Success!!
Jun  3 15:01:57 vader-rover kernel: [  191.130645] IQK: final_candidate is 0
Jun  3 15:01:57 vader-rover kernel: [  191.130645] IQK: RegE94=fd RegE9C=3ff RegEA4=fb RegEAC=3fd RegEB4=103 RegEBC=b RegEC4=f8 RegECC=1
Jun  3 15:01:57 vader-rover kernel: [  191.130645]  Path A IQ Calibration Success !
Jun  3 15:01:57 vader-rover kernel: [  191.135070] Path B IQ Calibration Success !
Jun  3 15:01:57 vader-rover kernel: [  191.262023] pdmpriv->TxPowerTrackControl = 1
Jun  3 15:01:57 vader-rover kernel: [  191.272155] rtl8192cu_hal_init in 710ms
Jun  3 15:01:57 vader-rover kernel: [  191.296020] MAC Address = c0:4a:00:17:ff:56
Jun  3 15:01:57 vader-rover kernel: [  191.296508] -871x_drv - drv_open, bup=1
Jun  3 15:01:57 vader-rover kernel: [  191.297119] IPv6: ADDRCONF(NETDEV_UP): wlan1: link is not ready
Jun  3 15:01:57 vader-rover kernel: [  191.297180] [rtw_wx_set_pmkid] IW_PMKSA_FLUSH!
Jun  3 15:01:57 vader-rover kernel: [  191.297241] set_mode = IW_MODE_INFRA
Jun  3 15:01:57 vader-rover kernel: [  191.301910] hw_var_set_opmode()-4234 mode = 2
Jun  3 15:01:57 vader-rover kernel: [  191.317596] [rtw_wx_set_pmkid] IW_PMKSA_FLUSH!
Jun  3 15:01:57 vader-rover kernel: [  191.418182] IW_SCAN_THIS_ESSID, ssid=PAL3.0, len=6
Jun  3 15:01:57 vader-rover dhclient: DHCPREQUEST of 10.184.77.163 on wlan1 to 255.255.255.255 port 67
Jun  3 15:01:58 vader-rover kernel: [  192.680633] survey done event(26) band:0 for wlan1
Jun  3 15:01:58 vader-rover kernel: [  192.684143] wpa_set_auth_algs, AUTH_ALG_OPEN_SYSTEM
Jun  3 15:01:58 vader-rover kernel: [  192.684173] set_mode = IW_MODE_INFRA
Jun  3 15:01:58 vader-rover kernel: [  192.684478] 
Jun  3 15:01:58 vader-rover kernel: [  192.684478]  wpa_ie(length:22):
Jun  3 15:01:58 vader-rover kernel: [  192.684478] 0x30 0x14 0x01 0x00 0x00 0x0f 0xac 0x04 
Jun  3 15:01:58 vader-rover kernel: [  192.684509] 0x01 0x00 0x00 0x0f 0xac 0x04 0x01 0x00 
Jun  3 15:01:58 vader-rover kernel: [  192.684509] 0x00 0x0f 0xac 0x01 0x00 0x00 0x00 0x00 
Jun  3 15:01:58 vader-rover kernel: [  192.685394] SetHwReg8192CU, 5130, RCR= 700060ca 
Jun  3 15:01:58 vader-rover kernel: [  192.685821] =>rtw_wx_set_essid
Jun  3 15:01:58 vader-rover kernel: [  192.685821] ssid=PAL3.0, len=6
Jun  3 15:01:58 vader-rover kernel: [  192.685852] Set SSID under fw_state=0x00000008
Jun  3 15:01:58 vader-rover kernel: [  192.685913] [by_bssid:0][assoc_ssid:PAL3.0][to_roaming:0] new candidate: PAL3.0(f0:25:72:7d:c7:d0, ch1) rssi:-59
Jun  3 15:01:58 vader-rover kernel: [  192.685943] rtw_select_and_join_from_scanned_queue: candidate: PAL3.0(f0:25:72:7d:c7:d0, ch:1)
Jun  3 15:01:58 vader-rover kernel: [  192.685974] link to Cisco AP
Jun  3 15:01:58 vader-rover kernel: [  192.685974] <=rtw_wx_set_essid, ret 0
Jun  3 15:01:58 vader-rover kernel: [  192.686309] Set BSSID under fw_state=0x00000088
Jun  3 15:01:58 vader-rover kernel: [  192.686889] hw_var_set_opmode()-4234 mode = 2
Jun  3 15:01:58 vader-rover kernel: [  192.687774] start_join_set_ch_bw: ch=1, bwmode=0, ch_offset=0
Jun  3 15:01:59 vader-rover kernel: [  193.416961] link to Cisco AP
Jun  3 15:01:59 vader-rover kernel: [  193.421295] OnAuthClient
Jun  3 15:01:59 vader-rover kernel: [  193.421325] network.SupportedRates[0]=8C
Jun  3 15:01:59 vader-rover kernel: [  193.421356] network.SupportedRates[1]=12
Jun  3 15:01:59 vader-rover kernel: [  193.421356] network.SupportedRates[2]=18
Jun  3 15:01:59 vader-rover kernel: [  193.421356] network.SupportedRates[3]=24
Jun  3 15:01:59 vader-rover kernel: [  193.421356] network.SupportedRates[4]=30
Jun  3 15:01:59 vader-rover kernel: [  193.421386] network.SupportedRates[5]=48
Jun  3 15:01:59 vader-rover kernel: [  193.421386] network.SupportedRates[6]=60
Jun  3 15:01:59 vader-rover kernel: [  193.421386] network.SupportedRates[7]=6C
Jun  3 15:01:59 vader-rover kernel: [  193.421386] bssrate_len = 8
Jun  3 15:01:59 vader-rover kernel: [  193.421417] declare supporting RX STBC
Jun  3 15:01:59 vader-rover kernel: [  193.425567] OnAssocRsp
Jun  3 15:01:59 vader-rover kernel: [  193.425628] report_join_res(2)
Jun  3 15:01:59 vader-rover kernel: [  193.425628] rtw_joinbss_update_network
Jun  3 15:01:59 vader-rover kernel: [  193.425628] +rtw_update_ht_cap()
Jun  3 15:01:59 vader-rover kernel: [  193.425659] rtw_joinbss_update_stainfo
Jun  3 15:01:59 vader-rover kernel: [  193.426849] IPv6: ADDRCONF(NETDEV_CHANGE): wlan1: link becomes ready
Jun  3 15:01:59 vader-rover kernel: [  193.427764] HW_VAR_BASIC_RATE: BrateCfg(0x15d)
Jun  3 15:01:59 vader-rover kernel: [  193.430725] WMM(0): 0, a42b
Jun  3 15:01:59 vader-rover kernel: [  193.431152] WMM(1): 0, a44f
Jun  3 15:01:59 vader-rover kernel: [  193.431427] WMM(2): 0, 5e4322
Jun  3 15:01:59 vader-rover kernel: [  193.431701] WMM(3): 0, 2f3222
Jun  3 15:01:59 vader-rover kernel: [  193.431701] HTOnAssocRsp
Jun  3 15:01:59 vader-rover kernel: [  193.454803] update raid entry, mask=0x1ffffff0, arg=0xa0
Jun  3 15:01:59 vader-rover kernel: [  193.458648] rtl8192c_set_FwJoinBssReport_cmd mstatus(1)
Jun  3 15:01:59 vader-rover kernel: [  193.460510] SetFwRsvdPagePkt
Jun  3 15:01:59 vader-rover kernel: [  193.460571] Set RSVD page location to Fw.
Jun  3 15:01:59 vader-rover kernel: [  193.463012] =>mlmeext_joinbss_event_callback
Jun  3 15:01:59 vader-rover kernel: [  193.573638] [rtw_wx_set_pmkid] IW_PMKSA_ADD!
Jun  3 15:01:59 vader-rover kernel: [  193.573669] [rtw_wx_set_pmkid] Use the new entry index = 0 for this PMKID.
Jun  3 15:01:59 vader-rover kernel: [  193.583557] 
Jun  3 15:01:59 vader-rover kernel: [  193.583557]  ~~~~stastakey:unicastkey
Jun  3 15:01:59 vader-rover kernel: [  193.583679]  ~~~~set sta key:groupkey
Jun  3 15:01:59 vader-rover kernel: [  193.583709] ==> rtw_set_key algorithm(4),keyid(2),key_mask(0)
Jun  3 15:01:59 vader-rover kernel: [  193.590759] SetHwReg8192CU, 5126, RCR= 700060ce 
Jun  3 15:02:00 vader-rover ntpd[675]: bind(21) AF_INET6 fe80::c24a:ff:fe17:ff56%3#123 flags 0x11 failed: Cannot assign requested address
Jun  3 15:02:00 vader-rover ntpd[675]: unable to create socket on wlan1 (4) for fe80::c24a:ff:fe17:ff56#123
Jun  3 15:02:00 vader-rover ntpd[675]: failed to init interface for address fe80::c24a:ff:fe17:ff56
Jun  3 15:02:00 vader-rover dhclient: DHCPREQUEST of 10.184.77.163 on wlan1 to 255.255.255.255 port 67
Jun  3 15:02:01 vader-rover avahi-daemon[479]: Joining mDNS multicast group on interface wlan1.IPv6 with address fe80::c24a:ff:fe17:ff56.
Jun  3 15:02:01 vader-rover avahi-daemon[479]: New relevant interface wlan1.IPv6 for mDNS.
Jun  3 15:02:01 vader-rover avahi-daemon[479]: Registering new address record for fe80::c24a:ff:fe17:ff56 on wlan1.*.
Jun  3 15:02:02 vader-rover ntpd[675]: Listen normally on 5 wlan1 fe80::c24a:ff:fe17:ff56 UDP 123
Jun  3 15:02:02 vader-rover ntpd[675]: peers refreshed
Jun  3 15:02:02 vader-rover ntpd[675]: new interface(s) found: waking up resolver
Jun  3 15:02:04 vader-rover dhclient: DHCPREQUEST of 10.184.77.163 on wlan1 to 255.255.255.255 port 67
Jun  3 15:02:04 vader-rover kernel: [  198.528991] OnAction_back
Jun  3 15:02:04 vader-rover kernel: [  198.529022] OnAction_back, action=0
Jun  3 15:02:04 vader-rover kernel: [  198.529022] issue_action_BA, category=3, action=1, status=0
Jun  3 15:02:04 vader-rover dhclient: DHCPNAK from 10.184.192.1
Jun  3 15:02:04 vader-rover avahi-autoipd(wlan1)[864]: Found user 'avahi-autoipd' (UID 106) and group 'avahi-autoipd' (GID 111).
Jun  3 15:02:04 vader-rover avahi-autoipd(wlan1)[864]: Successfully called chroot().
Jun  3 15:02:04 vader-rover avahi-autoipd(wlan1)[864]: Successfully dropped root privileges.
Jun  3 15:02:04 vader-rover avahi-autoipd(wlan1)[864]: Starting with address 169.254.7.58
Jun  3 15:02:04 vader-rover kernel: [  198.645538] netlink: 12 bytes leftover after parsing attributes.
Jun  3 15:02:04 vader-rover kernel: [  198.645568] netlink: 12 bytes leftover after parsing attributes.
Jun  3 15:02:04 vader-rover kernel: [  198.645751] netlink: 12 bytes leftover after parsing attributes.
Jun  3 15:02:04 vader-rover ntpd_intres[680]: host name not found: 0.ubuntu.pool.ntp.org
Jun  3 15:02:04 vader-rover ntpd_intres[680]: host name not found: 1.ubuntu.pool.ntp.org
Jun  3 15:02:04 vader-rover ntpd_intres[680]: host name not found: 2.ubuntu.pool.ntp.org
Jun  3 15:02:04 vader-rover ntpd_intres[680]: host name not found: 3.ubuntu.pool.ntp.org
Jun  3 15:02:04 vader-rover ntpd_intres[680]: host name not found: 0.us.pool.ntp.org
Jun  3 15:02:04 vader-rover ntpd_intres[680]: host name not found: 1.us.pool.ntp.org
Jun  3 15:02:04 vader-rover ntpd_intres[680]: host name not found: 2.us.pool.ntp.org
Jun  3 15:02:04 vader-rover ntpd_intres[680]: host name not found: 3.us.pool.ntp.org
Jun  3 15:02:04 vader-rover ntpd_intres[680]: host name not found: ntp.ubuntu.com
Jun  3 15:02:09 vader-rover avahi-autoipd(wlan1)[864]: Callout BIND, address 169.254.7.58 on interface wlan1
Jun  3 15:02:09 vader-rover avahi-daemon[479]: Joining mDNS multicast group on interface wlan1.IPv4 with address 169.254.7.58.
Jun  3 15:02:09 vader-rover avahi-daemon[479]: New relevant interface wlan1.IPv4 for mDNS.
Jun  3 15:02:09 vader-rover avahi-daemon[479]: Registering new address record for 169.254.7.58 on wlan1.IPv4.
Jun  3 15:02:11 vader-rover ntpd[675]: Listen normally on 6 wlan1:avahi 169.254.7.58 UDP 123
Jun  3 15:02:11 vader-rover ntpd[675]: peers refreshed
Jun  3 15:02:11 vader-rover ntpd[675]: new interface(s) found: waking up resolver
Jun  3 15:02:13 vader-rover avahi-autoipd(wlan1)[864]: Successfully claimed IP address 169.254.7.58
Jun  3 15:02:13 vader-rover avahi-autoipd(wlan1)[864]: Got SIGTERM, quitting.
Jun  3 15:02:13 vader-rover avahi-autoipd(wlan1)[864]: Callout STOP, address 169.254.7.58 on interface wlan1
Jun  3 15:02:13 vader-rover avahi-daemon[479]: Withdrawing address record for 169.254.7.58 on wlan1.
Jun  3 15:02:13 vader-rover avahi-daemon[479]: Leaving mDNS multicast group on interface wlan1.IPv4 with address 169.254.7.58.
Jun  3 15:02:13 vader-rover avahi-daemon[479]: Interface wlan1.IPv4 no longer relevant for mDNS.
Jun  3 15:02:14 vader-rover dhclient: DHCPDISCOVER on wlan1 to 255.255.255.255 port 67 interval 3
Jun  3 15:02:15 vader-rover dhclient: DHCPREQUEST of 10.184.210.147 on wlan1 to 255.255.255.255 port 67
Jun  3 15:02:15 vader-rover dhclient: DHCPOFFER of 10.184.210.147 from 10.184.192.1
Jun  3 15:02:15 vader-rover dhclient: DHCPACK of 10.184.210.147 from 10.184.192.1
Jun  3 15:02:15 vader-rover avahi-daemon[479]: Joining mDNS multicast group on interface wlan1.IPv4 with address 10.184.210.147.
Jun  3 15:02:15 vader-rover avahi-daemon[479]: New relevant interface wlan1.IPv4 for mDNS.
Jun  3 15:02:15 vader-rover avahi-daemon[479]: Registering new address record for 10.184.210.147 on wlan1.IPv4.
Jun  3 15:02:15 vader-rover dhclient: bound to 10.184.210.147 -- renewal in 769 seconds.
Jun  3 15:02:16 vader-rover ntpd[675]: ntpd exiting on signal 15
Jun  3 15:02:24 vader-rover kernel: Kernel logging (proc) stopped.
Jun  3 15:02:24 vader-rover rsyslogd: [origin software="rsyslogd" swVersion="5.8.6" x-pid="463" x-info="http://www.rsyslog.com"] exiting on signal 15.
Jun  3 15:02:49 vader-rover kernel: imklog 5.8.6, log source = /proc/kmsg started.
Jun  3 15:02:49 vader-rover rsyslogd: [origin software="rsyslogd" swVersion="5.8.6" x-pid="521" x-info="http://www.rsyslog.com"] start
Jun  3 15:02:49 vader-rover rsyslogd: rsyslogd's groupid changed to 103
Jun  3 15:02:49 vader-rover rsyslogd: rsyslogd's userid changed to 101
Jun  3 15:02:49 vader-rover rsyslogd-2039: Could not open output pipe '/dev/xconsole' [try http://www.rsyslog.com/e/2039 ]
Jun  3 15:02:49 vader-rover kernel: [    0.000000] Booting Linux on physical CPU 0
Jun  3 15:02:49 vader-rover kernel: [    0.000000] Initializing cgroup subsys cpuset
Jun  3 15:02:49 vader-rover kernel: [    0.000000] Initializing cgroup subsys cpu
Jun  3 15:02:49 vader-rover kernel: [    0.000000] Linux version 3.5.0-2-linaro-omap (adam@pine) (gcc version 4.6.3 (Ubuntu/Linaro 4.6.3-1ubuntu5) ) #2~ci+121210190143 PREEMPT Mon Dec 10 11:03:27 PST 2012
Jun  3 15:02:49 vader-rover kernel: [    0.000000] CPU: ARMv7 Processor [413fc082] revision 2 (ARMv7), cr=10c53c7d
Jun  3 15:02:49 vader-rover kernel: [    0.000000] CPU: PIPT / VIPT nonaliasing data cache, VIPT aliasing instruction cache
Jun  3 15:02:49 vader-rover kernel: [    0.000000] Machine: Gumstix Overo
Jun  3 15:02:49 vader-rover kernel: [    0.000000] Reserving 12582912 bytes SDRAM for VRAM
Jun  3 15:02:49 vader-rover kernel: [    0.000000] Memory policy: ECC disabled, Data cache writeback
Jun  3 15:02:49 vader-rover kernel: [    0.000000] On node 0 totalpages: 127744
Jun  3 15:02:49 vader-rover kernel: [    0.000000] free_area_init_node: node 0, pgdat c070b85c, node_mem_map c07a7000
Jun  3 15:02:49 vader-rover kernel: [    0.000000]   Normal zone: 1024 pages used for memmap
Jun  3 15:02:49 vader-rover kernel: [    0.000000]   Normal zone: 0 pages reserved
Jun  3 15:02:49 vader-rover kernel: [    0.000000]   Normal zone: 126720 pages, LIFO batch:31
Jun  3 15:02:49 vader-rover kernel: [    0.000000] OMAP3630 ES1.2 (l2cache iva sgx neon isp 192mhz_clk )
Jun  3 15:02:49 vader-rover kernel: [    0.000000] Clocking rate (Crystal/Core/MPU): 26.0/332/600 MHz
Jun  3 15:02:49 vader-rover kernel: [    0.000000] pcpu-alloc: s0 r0 d32768 u32768 alloc=1*32768
Jun  3 15:02:49 vader-rover kernel: [    0.000000] pcpu-alloc: [0] 0 
Jun  3 15:02:49 vader-rover kernel: [    0.000000] Built 1 zonelists in Zone order, mobility grouping on.  Total pages: 126720
Jun  3 15:02:49 vader-rover kernel: [    0.000000] Kernel command line: console=tty0 console=ttyO2,115200n8 root=/dev/mmcblk0p2 rootwait ro earlyprintk mpurate=720 vram=12M omapdss.def_disp=dvi omapfb.mode=dvi:1024x768MR-16@60
Jun  3 15:02:49 vader-rover kernel: [    0.000000] PID hash table entries: 2048 (order: 1, 8192 bytes)
Jun  3 15:02:49 vader-rover kernel: [    0.000000] Dentry cache hash table entries: 65536 (order: 6, 262144 bytes)
Jun  3 15:02:49 vader-rover kernel: [    0.000000] Inode-cache hash table entries: 32768 (order: 5, 131072 bytes)
Jun  3 15:02:49 vader-rover kernel: [    0.000000] allocated 1048576 bytes of page_cgroup
Jun  3 15:02:49 vader-rover kernel: [    0.000000] please try 'cgroup_disable=memory' option if you don't want memory cgroups
Jun  3 15:02:49 vader-rover kernel: [    0.000000] Memory: 499MB = 499MB total
Jun  3 15:02:49 vader-rover kernel: [    0.000000] Memory: 496084k/496084k available, 28204k reserved, 0K highmem
Jun  3 15:02:49 vader-rover kernel: [    0.000000] Virtual kernel memory layout:
Jun  3 15:02:49 vader-rover kernel: [    0.000000]     vector  : 0xffff0000 - 0xffff1000   (   4 kB)
Jun  3 15:02:49 vader-rover kernel: [    0.000000]     fixmap  : 0xfff00000 - 0xfffe0000   ( 896 kB)
Jun  3 15:02:49 vader-rover kernel: [    0.000000]     vmalloc : 0xe0800000 - 0xff000000   ( 488 MB)
Jun  3 15:02:49 vader-rover kernel: [    0.000000]     lowmem  : 0xc0000000 - 0xe0000000   ( 512 MB)
Jun  3 15:02:49 vader-rover kernel: [    0.000000]     pkmap   : 0xbfe00000 - 0xc0000000   (   2 MB)
Jun  3 15:02:49 vader-rover kernel: [    0.000000]     modules : 0xbf000000 - 0xbfe00000   (  14 MB)
Jun  3 15:02:49 vader-rover kernel: [    0.000000]       .text : 0xc0008000 - 0xc067abfc   (6603 kB)
Jun  3 15:02:49 vader-rover kernel: [    0.000000]       .init : 0xc067b000 - 0xc06b2000   ( 220 kB)
Jun  3 15:02:49 vader-rover kernel: [    0.000000]       .data : 0xc06b2000 - 0xc071b268   ( 421 kB)
Jun  3 15:02:49 vader-rover kernel: [    0.000000]        .bss : 0xc071b28c - 0xc07a6020   ( 556 kB)
Jun  3 15:02:49 vader-rover kernel: [    0.000000] NR_IRQS:474
Jun  3 15:02:49 vader-rover kernel: [    0.000000] IRQ: Found an INTC at 0xfa200000 (revision 4.0) with 96 interrupts
Jun  3 15:02:49 vader-rover kernel: [    0.000000] Total of 96 interrupts on 1 active controller
Jun  3 15:02:49 vader-rover kernel: [    0.000000] OMAP clockevent source: GPTIMER1 at 32768 Hz
Jun  3 15:02:49 vader-rover kernel: [    0.000000] sched_clock: 32 bits at 32kHz, resolution 30517ns, wraps every 131071999ms
Jun  3 15:02:49 vader-rover kernel: [    0.000000] OMAP clocksource: 32k_counter at 32768 Hz
Jun  3 15:02:49 vader-rover kernel: [    0.000000] Console: colour dummy device 80x30
Jun  3 15:02:49 vader-rover kernel: [    0.000000] console [tty0] enabled
Jun  3 15:02:49 vader-rover kernel: [    0.000976] Calibrating delay loop... 597.64 BogoMIPS (lpj=2334720)
Jun  3 15:02:49 vader-rover kernel: [    0.039093] pid_max: default: 32768 minimum: 301
Jun  3 15:02:49 vader-rover kernel: [    0.039306] Security Framework initialized
Jun  3 15:02:49 vader-rover kernel: [    0.039428] Mount-cache hash table entries: 512
Jun  3 15:02:49 vader-rover kernel: [    0.040222] Initializing cgroup subsys debug
Jun  3 15:02:49 vader-rover kernel: [    0.040283] Initializing cgroup subsys cpuacct
Jun  3 15:02:49 vader-rover kernel: [    0.040283] Initializing cgroup subsys memory
Jun  3 15:02:49 vader-rover kernel: [    0.040374] Initializing cgroup subsys devices
Jun  3 15:02:49 vader-rover kernel: [    0.040405] Initializing cgroup subsys freezer
Jun  3 15:02:49 vader-rover kernel: [    0.040405] Initializing cgroup subsys perf_event
Jun  3 15:02:49 vader-rover kernel: [    0.040557] CPU: Testing write buffer coherency: ok
Jun  3 15:02:49 vader-rover kernel: [    0.040893] Setting up static identity map for 0x8046ea98 - 0x8046eaf0
Jun  3 15:02:49 vader-rover kernel: [    0.046051] devtmpfs: initialized
Jun  3 15:02:49 vader-rover kernel: [    0.050872] dummy: 
Jun  3 15:02:49 vader-rover kernel: [    0.051300] NET: Registered protocol family 16
Jun  3 15:02:49 vader-rover kernel: [    0.051727] GPMC revision 5.0
Jun  3 15:02:49 vader-rover kernel: [    0.051788] gpmc: irq-20 could not claim: err -22
Jun  3 15:02:49 vader-rover kernel: [    0.053894] gpiochip_add: registered GPIOs 0 to 31 on device: gpio
Jun  3 15:02:49 vader-rover kernel: [    0.053985] OMAP GPIO hardware version 2.5
Jun  3 15:02:49 vader-rover kernel: [    0.054229] gpiochip_add: registered GPIOs 32 to 63 on device: gpio
Jun  3 15:02:49 vader-rover kernel: [    0.054504] gpiochip_add: registered GPIOs 64 to 95 on device: gpio
Jun  3 15:02:49 vader-rover kernel: [    0.054931] gpiochip_add: registered GPIOs 96 to 127 on device: gpio
Jun  3 15:02:49 vader-rover kernel: [    0.055206] gpiochip_add: registered GPIOs 128 to 159 on device: gpio
Jun  3 15:02:49 vader-rover kernel: [    0.055480] gpiochip_add: registered GPIOs 160 to 191 on device: gpio
Jun  3 15:02:49 vader-rover kernel: [    0.056427] omap_mux_init: Add partition: #1: core, flags: 0
Jun  3 15:02:49 vader-rover kernel: [    0.061431] _omap_mux_get_by_name: Could not find signal uart4_rx.uart4_rx
Jun  3 15:02:49 vader-rover kernel: [    0.067321] Reprogramming SDRC clock to 332000000 Hz
Jun  3 15:02:49 vader-rover kernel: [    0.067352] dpll3_m2_clk rate change failed: -22
Jun  3 15:02:49 vader-rover kernel: [    0.067382] Found NAND on CS0
Jun  3 15:02:49 vader-rover kernel: [    0.067413] Registering NAND on CS0
Jun  3 15:02:49 vader-rover kernel: [    0.068603]  usbhs_omap: alias fck already exists
Jun  3 15:02:49 vader-rover kernel: [    0.076110] hw-breakpoint: debug architecture 0x4 unsupported.
Jun  3 15:02:49 vader-rover kernel: [    0.079193]  omap-mcbsp.2: alias fck already exists
Jun  3 15:02:49 vader-rover kernel: [    0.079406]  omap-mcbsp.3: alias fck already exists
Jun  3 15:02:49 vader-rover kernel: [    0.080474] Switched to new clocking rate (Crystal/Core/MPU): 26.0/332/720 MHz
Jun  3 15:02:49 vader-rover kernel: [    0.080718] OMAP DMA hardware revision 5.0
Jun  3 15:02:49 vader-rover kernel: [    0.087738] bio: create slab <bio-0> at 0
Jun  3 15:02:49 vader-rover kernel: [    0.088409] fixed-dummy: 
Jun  3 15:02:49 vader-rover kernel: [    0.088531] reg-fixed-voltage reg-fixed-voltage.0: fixed-dummy supplying 0uV
Jun  3 15:02:49 vader-rover kernel: [    0.088684] vads7846: override min_uV, 1 -> 3300000
Jun  3 15:02:49 vader-rover kernel: [    0.088714] vads7846: override max_uV, 2147483647 -> 3300000
Jun  3 15:02:49 vader-rover kernel: [    0.088714] vads7846: 3300 mV 
Jun  3 15:02:49 vader-rover kernel: [    0.088806] reg-fixed-voltage reg-fixed-voltage.1: vads7846 supplying 3300000uV
Jun  3 15:02:49 vader-rover kernel: [    0.089416] SCSI subsystem initialized
Jun  3 15:02:49 vader-rover kernel: [    0.089721] usbcore: registered new interface driver usbfs
Jun  3 15:02:49 vader-rover kernel: [    0.089843] usbcore: registered new interface driver hub
Jun  3 15:02:49 vader-rover kernel: [    0.090057] usbcore: registered new device driver usb
Jun  3 15:02:49 vader-rover kernel: [    0.090484] omap_i2c omap_i2c.1: bus 1 rev1.4.0 at 2600 kHz
Jun  3 15:02:49 vader-rover kernel: [    0.093048] twl 1-0048: PIH (irq 7) chaining IRQs 320..328
Jun  3 15:02:49 vader-rover kernel: [    0.093170] twl 1-0048: power (irq 325) chaining IRQs 328..335
Jun  3 15:02:49 vader-rover kernel: [    0.093811] twl4030_gpio twl4030_gpio: gpio (irq 320) chaining IRQs 336..353
Jun  3 15:02:49 vader-rover kernel: [    0.094116] gpiochip_add: registered GPIOs 192 to 211 on device: twl4030
Jun  3 15:02:49 vader-rover kernel: [    0.094818] VUSB1V5: override min_uV, 1 -> 1500000
Jun  3 15:02:49 vader-rover kernel: [    0.094818] VUSB1V5: override max_uV, 2147483647 -> 1500000
Jun  3 15:02:49 vader-rover kernel: [    0.094848] VUSB1V5: 1500 mV normal standby
Jun  3 15:02:49 vader-rover kernel: [    0.095275] VUSB1V8: override min_uV, 1 -> 1800000
Jun  3 15:02:49 vader-rover kernel: [    0.095306] VUSB1V8: override max_uV, 2147483647 -> 1800000
Jun  3 15:02:49 vader-rover kernel: [    0.095306] VUSB1V8: 1800 mV normal standby
Jun  3 15:02:49 vader-rover kernel: [    0.095703] VUSB3V1: override min_uV, 1 -> 3100000
Jun  3 15:02:49 vader-rover kernel: [    0.095733] VUSB3V1: override max_uV, 2147483647 -> 3100000
Jun  3 15:02:49 vader-rover kernel: [    0.095733] VUSB3V1: 3100 mV normal standby
Jun  3 15:02:49 vader-rover kernel: [    0.097167] twl4030_usb twl4030_usb: HW_CONDITIONS 0x10/16; link 0
Jun  3 15:02:49 vader-rover kernel: [    0.097412] twl4030_usb twl4030_usb: Initialized TWL4030 USB module
Jun  3 15:02:49 vader-rover kernel: [    0.097869] vdd_mpu_iva: 600 <--> 1450 mV normal 
Jun  3 15:02:49 vader-rover kernel: [    0.098266] vdd_core: 600 <--> 1450 mV normal 
Jun  3 15:02:49 vader-rover kernel: [    0.098754] VMMC1: 1850 <--> 3150 mV at 3000 mV normal standby
Jun  3 15:02:49 vader-rover kernel: [    0.099273] VDAC: 1800 mV normal standby
Jun  3 15:02:49 vader-rover kernel: [    0.099761] VDVI: 1800 mV normal standby
Jun  3 15:02:49 vader-rover kernel: [    0.100219] omap_i2c omap_i2c.3: bus 3 rev1.4.0 at 400 kHz
Jun  3 15:02:49 vader-rover kernel: [    0.100952] omap-iommu omap-iommu.0: isp registered
Jun  3 15:02:49 vader-rover kernel: [    0.101165] Advanced Linux Sound Architecture Driver Version 1.0.25.
Jun  3 15:02:49 vader-rover kernel: [    0.102050] Switching to clocksource 32k_counter
Jun  3 15:02:49 vader-rover kernel: [    0.126586] usbhs_omap usbhs_omap: xclk60mhsp2_ck set parentfailed error:-22
Jun  3 15:02:49 vader-rover kernel: [    0.127380] NET: Registered protocol family 2
Jun  3 15:02:49 vader-rover kernel: [    0.127685] IP route cache hash table entries: 4096 (order: 2, 16384 bytes)
Jun  3 15:02:49 vader-rover kernel: [    0.128204] TCP established hash table entries: 16384 (order: 5, 131072 bytes)
Jun  3 15:02:49 vader-rover kernel: [    0.128540] TCP bind hash table entries: 16384 (order: 4, 65536 bytes)
Jun  3 15:02:49 vader-rover kernel: [    0.128723] TCP: Hash tables configured (established 16384 bind 16384)
Jun  3 15:02:49 vader-rover kernel: [    0.128753] TCP: reno registered
Jun  3 15:02:49 vader-rover kernel: [    0.128784] UDP hash table entries: 256 (order: 0, 4096 bytes)
Jun  3 15:02:49 vader-rover kernel: [    0.128814] UDP-Lite hash table entries: 256 (order: 0, 4096 bytes)
Jun  3 15:02:49 vader-rover kernel: [    0.129119] NET: Registered protocol family 1
Jun  3 15:02:49 vader-rover kernel: [    0.129638] RPC: Registered named UNIX socket transport module.
Jun  3 15:02:49 vader-rover kernel: [    0.129669] RPC: Registered udp transport module.
Jun  3 15:02:49 vader-rover kernel: [    0.129699] RPC: Registered tcp transport module.
Jun  3 15:02:49 vader-rover kernel: [    0.129699] RPC: Registered tcp NFSv4.1 backchannel transport module.
Jun  3 15:02:49 vader-rover kernel: [    0.129974] Trying to unpack rootfs image as initramfs...
Jun  3 15:02:49 vader-rover kernel: [    0.245056] Freeing initrd memory: 1488K
Jun  3 15:02:49 vader-rover kernel: [    0.247375] audit: initializing netlink socket (disabled)
Jun  3 15:02:49 vader-rover kernel: [    0.247467] type=2000 audit(0.242:1): initialized
Jun  3 15:02:49 vader-rover kernel: [    0.248840] VFS: Disk quotas dquot_6.5.2
Jun  3 15:02:49 vader-rover kernel: [    0.248962] Dquot-cache hash table entries: 1024 (order 0, 4096 bytes)
Jun  3 15:02:49 vader-rover kernel: [    0.249298] NFS: Registering the id_resolver key type
Jun  3 15:02:49 vader-rover kernel: [    0.249389] Key type id_resolver registered
Jun  3 15:02:49 vader-rover kernel: [    0.249816] jffs2: version 2.2. (NAND) (SUMMARY)  Â© 2001-2006 Red Hat, Inc.
Jun  3 15:02:49 vader-rover kernel: [    0.250488] fuse init (API version 7.19)
Jun  3 15:02:49 vader-rover kernel: [    0.251098] msgmni has been set to 971
Jun  3 15:02:49 vader-rover kernel: [    0.252807] Block layer SCSI generic (bsg) driver version 0.4 loaded (major 253)
Jun  3 15:02:49 vader-rover kernel: [    0.252868] io scheduler noop registered
Jun  3 15:02:49 vader-rover kernel: [    0.252899] io scheduler deadline registered (default)
Jun  3 15:02:49 vader-rover kernel: [    0.253631] OMAP DSS rev 2.0
Jun  3 15:02:49 vader-rover kernel: [    0.256622] omap_uart.0: ttyO0 at MMIO 0x4806a000 (irq = 72) is a OMAP UART0
Jun  3 15:02:49 vader-rover kernel: [    0.257080] omap_uart.1: ttyO1 at MMIO 0x4806c000 (irq = 73) is a OMAP UART1
Jun  3 15:02:49 vader-rover kernel: [    0.257476] omap_uart.2: ttyO2 at MMIO 0x49020000 (irq = 74) is a OMAP UART2
Jun  3 15:02:49 vader-rover kernel: [    0.958740] console [ttyO2] enabled
Jun  3 15:02:49 vader-rover kernel: [    0.962860] omap_uart.3: ttyO3 at MMIO 0x49042000 (irq = 80) is a OMAP UART3
Jun  3 15:02:49 vader-rover kernel: [    0.977813] brd: module loaded
Jun  3 15:02:49 vader-rover kernel: [    0.984832] loop: module loaded
Jun  3 15:02:49 vader-rover kernel: [    0.990264] twl4030_madc twl4030_madc: clk disabled, enabling
Jun  3 15:02:49 vader-rover kernel: [    0.998138] NAND device: Manufacturer ID: 0x2c, Chip ID: 0xbc (Micron NAND 512MiB 1,8V 16-bit), page size: 2048, OOB size: 64
Jun  3 15:02:49 vader-rover kernel: [    1.022949] Creating 5 MTD partitions on "omap2-nand.0":
Jun  3 15:02:49 vader-rover kernel: [    1.028717] 0x000000000000-0x000000080000 : "xloader"
Jun  3 15:02:49 vader-rover kernel: [    1.035583] 0x000000080000-0x000000240000 : "uboot"
Jun  3 15:02:49 vader-rover kernel: [    1.042938] 0x000000240000-0x000000280000 : "uboot environment"
Jun  3 15:02:49 vader-rover kernel: [    1.050323] 0x000000280000-0x000000680000 : "linux"
Jun  3 15:02:49 vader-rover kernel: [    1.059173] 0x000000680000-0x000020000000 : "rootfs"
Jun  3 15:02:49 vader-rover kernel: [    1.417755] smsc911x: Driver version 2008-10-21
Jun  3 15:02:49 vader-rover kernel: [    1.423004] smsc911x: Driver version 2008-10-21
Jun  3 15:02:49 vader-rover kernel: [    1.428192] usbcore: registered new interface driver asix
Jun  3 15:02:49 vader-rover kernel: [    1.434020] usbcore: registered new interface driver cdc_ether
Jun  3 15:02:49 vader-rover kernel: [    1.440246] usbcore: registered new interface driver cdc_ncm
Jun  3 15:02:49 vader-rover kernel: [    1.446533] ehci_hcd: USB 2.0 'Enhanced' Host Controller (EHCI) Driver
Jun  3 15:02:49 vader-rover kernel: [    1.453399] ehci_hcd: block sizes: qh 64 qtd 96 itd 160 sitd 96
Jun  3 15:02:49 vader-rover kernel: [    1.453552] ehci-omap ehci-omap.0: failed to get ehci port1 regulator
Jun  3 15:02:49 vader-rover kernel: [    2.453765] ehci-omap ehci-omap.0: phy reset operation timed out
Jun  3 15:02:49 vader-rover kernel: [    2.453796] ehci-omap ehci-omap.0: reset hcs_params 0x1313 dbg=0 cc=1 pcc=3 ordered ports=3
Jun  3 15:02:49 vader-rover kernel: [    2.453796] ehci-omap ehci-omap.0: reset hcc_params 0016 thresh 1 uframes 256/512/1024 park
Jun  3 15:02:49 vader-rover kernel: [    2.453826] ehci-omap ehci-omap.0: reset command 0080b02  park=3 ithresh=8 period=1024 Reset HALT
Jun  3 15:02:49 vader-rover kernel: [    2.453857] ehci-omap ehci-omap.0: OMAP-EHCI Host Controller
Jun  3 15:02:49 vader-rover kernel: [    2.460083] ehci-omap ehci-omap.0: new USB bus registered, assigned bus number 1
Jun  3 15:02:49 vader-rover kernel: [    2.467956] ehci-omap ehci-omap.0: park 0
Jun  3 15:02:49 vader-rover kernel: [    2.468017] ehci-omap ehci-omap.0: irq 77, io mem 0x48064800
Jun  3 15:02:49 vader-rover kernel: [    2.474029] ehci-omap ehci-omap.0: init command 0010005 (park)=0 ithresh=1 period=512 RUN
Jun  3 15:02:49 vader-rover kernel: [    2.485076] ehci-omap ehci-omap.0: USB 2.0 started, EHCI 1.00
Jun  3 15:02:49 vader-rover kernel: [    2.491241] usb usb1: default language 0x0409
Jun  3 15:02:49 vader-rover kernel: [    2.491271] usb usb1: udev 1, busnum 1, minor = 0
Jun  3 15:02:49 vader-rover kernel: [    2.491302] usb usb1: New USB device found, idVendor=1d6b, idProduct=0002
Jun  3 15:02:49 vader-rover kernel: [    2.498474] usb usb1: New USB device strings: Mfr=3, Product=2, SerialNumber=1
Jun  3 15:02:49 vader-rover kernel: [    2.506072] usb usb1: Product: OMAP-EHCI Host Controller
Jun  3 15:02:49 vader-rover kernel: [    2.511688] usb usb1: Manufacturer: Linux 3.5.0-2-linaro-omap ehci_hcd
Jun  3 15:02:49 vader-rover kernel: [    2.518554] usb usb1: SerialNumber: ehci-omap.0
Jun  3 15:02:49 vader-rover kernel: [    2.523803] usb usb1: usb_probe_device
Jun  3 15:02:49 vader-rover kernel: [    2.523803] usb usb1: configuration #1 chosen from 1 choice
Jun  3 15:02:49 vader-rover kernel: [    2.523864] usb usb1: adding 1-0:1.0 (config #1, interface 0)
Jun  3 15:02:49 vader-rover kernel: [    2.524017] hub 1-0:1.0: usb_probe_interface
Jun  3 15:02:49 vader-rover kernel: [    2.524017] hub 1-0:1.0: usb_probe_interface - got id
Jun  3 15:02:49 vader-rover kernel: [    2.524047] hub 1-0:1.0: USB hub found
