Dec 20 11:39:41 linaro-alip rsyslogd: [origin software="rsyslogd" swVersion="5.8.6" x-pid="473" x-info="http://www.rsyslog.com"] rsyslogd was HUPed
Dec 20 11:39:41 linaro-alip rsyslogd: [origin software="rsyslogd" swVersion="5.8.6" x-pid="473" x-info="http://www.rsyslog.com"] rsyslogd was HUPed
Dec 20 11:39:42 linaro-alip anacron[639]: Job `cron.daily' terminated
Dec 20 11:43:15 linaro-alip kernel: Kernel logging (proc) stopped.
Dec 20 11:43:15 linaro-alip rsyslogd: [origin software="rsyslogd" swVersion="5.8.6" x-pid="473" x-info="http://www.rsyslog.com"] exiting on signal 15.
Dec 20 11:43:55 vader-rover kernel: imklog 5.8.6, log source = /proc/kmsg started.
Dec 20 11:43:55 vader-rover rsyslogd: [origin software="rsyslogd" swVersion="5.8.6" x-pid="451" x-info="http://www.rsyslog.com"] start
Dec 20 11:43:55 vader-rover rsyslogd: rsyslogd's groupid changed to 103
Dec 20 11:43:55 vader-rover rsyslogd: rsyslogd's userid changed to 101
Dec 20 11:43:55 vader-rover kernel: [    0.000000] Booting Linux on physical CPU 0
Dec 20 11:43:55 vader-rover kernel: [    0.000000] Initializing cgroup subsys cpuset
Dec 20 11:43:55 vader-rover kernel: [    0.000000] Initializing cgroup subsys cpu
Dec 20 11:43:55 vader-rover kernel: [    0.000000] Linux version 3.5.0-2-linaro-omap (adam@pine) (gcc version 4.6.3 (Ubuntu/Linaro 4.6.3-1ubuntu5) ) #2~ci+121210190143 PREEMPT Mon Dec 10 11:03:27 PST 2012
Dec 20 11:43:55 vader-rover kernel: [    0.000000] CPU: ARMv7 Processor [413fc082] revision 2 (ARMv7), cr=10c53c7d
Dec 20 11:43:55 vader-rover kernel: [    0.000000] CPU: PIPT / VIPT nonaliasing data cache, VIPT aliasing instruction cache
Dec 20 11:43:55 vader-rover kernel: [    0.000000] Machine: Gumstix Overo
Dec 20 11:43:55 vader-rover kernel: [    0.000000] Reserving 12582912 bytes SDRAM for VRAM
Dec 20 11:43:55 vader-rover kernel: [    0.000000] Memory policy: ECC disabled, Data cache writeback
Dec 20 11:43:55 vader-rover kernel: [    0.000000] On node 0 totalpages: 127744
Dec 20 11:43:55 vader-rover kernel: [    0.000000] free_area_init_node: node 0, pgdat c070b85c, node_mem_map c07a7000
Dec 20 11:43:55 vader-rover kernel: [    0.000000]   Normal zone: 1024 pages used for memmap
Dec 20 11:43:55 vader-rover kernel: [    0.000000]   Normal zone: 0 pages reserved
Dec 20 11:43:55 vader-rover kernel: [    0.000000]   Normal zone: 126720 pages, LIFO batch:31
Dec 20 11:43:55 vader-rover kernel: [    0.000000] OMAP3630 ES1.2 (l2cache iva sgx neon isp 192mhz_clk )
Dec 20 11:43:55 vader-rover kernel: [    0.000000] Clocking rate (Crystal/Core/MPU): 26.0/400/600 MHz
Dec 20 11:43:55 vader-rover kernel: [    0.000000] pcpu-alloc: s0 r0 d32768 u32768 alloc=1*32768
Dec 20 11:43:55 vader-rover kernel: [    0.000000] pcpu-alloc: [0] 0 
Dec 20 11:43:55 vader-rover kernel: [    0.000000] Built 1 zonelists in Zone order, mobility grouping on.  Total pages: 126720
Dec 20 11:43:55 vader-rover kernel: [    0.000000] Kernel command line: console=tty0 console=ttyO2,115200n8 root=/dev/mmcblk0p2 rootwait ro earlyprintk mpurate=500 vram=12M omapdss.def_disp=dvi omapfb.mode=dvi:1024x768MR-16@60
Dec 20 11:43:55 vader-rover kernel: [    0.000000] PID hash table entries: 2048 (order: 1, 8192 bytes)
Dec 20 11:43:55 vader-rover kernel: [    0.000000] Dentry cache hash table entries: 65536 (order: 6, 262144 bytes)
Dec 20 11:43:55 vader-rover kernel: [    0.000000] Inode-cache hash table entries: 32768 (order: 5, 131072 bytes)
Dec 20 11:43:55 vader-rover kernel: [    0.000000] allocated 1048576 bytes of page_cgroup
Dec 20 11:43:55 vader-rover kernel: [    0.000000] please try 'cgroup_disable=memory' option if you don't want memory cgroups
Dec 20 11:43:55 vader-rover kernel: [    0.000000] Memory: 499MB = 499MB total
Dec 20 11:43:55 vader-rover kernel: [    0.000000] Memory: 495744k/495744k available, 28544k reserved, 0K highmem
Dec 20 11:43:55 vader-rover kernel: [    0.000000] Virtual kernel memory layout:
Dec 20 11:43:55 vader-rover kernel: [    0.000000]     vector  : 0xffff0000 - 0xffff1000   (   4 kB)
Dec 20 11:43:55 vader-rover kernel: [    0.000000]     fixmap  : 0xfff00000 - 0xfffe0000   ( 896 kB)
Dec 20 11:43:55 vader-rover kernel: [    0.000000]     vmalloc : 0xe0800000 - 0xff000000   ( 488 MB)
Dec 20 11:43:55 vader-rover kernel: [    0.000000]     lowmem  : 0xc0000000 - 0xe0000000   ( 512 MB)
Dec 20 11:43:55 vader-rover kernel: [    0.000000]     pkmap   : 0xbfe00000 - 0xc0000000   (   2 MB)
Dec 20 11:43:55 vader-rover kernel: [    0.000000]     modules : 0xbf000000 - 0xbfe00000   (  14 MB)
Dec 20 11:43:55 vader-rover kernel: [    0.000000]       .text : 0xc0008000 - 0xc067abfc   (6603 kB)
Dec 20 11:43:55 vader-rover kernel: [    0.000000]       .init : 0xc067b000 - 0xc06b2000   ( 220 kB)
Dec 20 11:43:55 vader-rover kernel: [    0.000000]       .data : 0xc06b2000 - 0xc071b268   ( 421 kB)
Dec 20 11:43:55 vader-rover kernel: [    0.000000]        .bss : 0xc071b28c - 0xc07a6020   ( 556 kB)
Dec 20 11:43:55 vader-rover kernel: [    0.000000] NR_IRQS:474
Dec 20 11:43:55 vader-rover kernel: [    0.000000] IRQ: Found an INTC at 0xfa200000 (revision 4.0) with 96 interrupts
Dec 20 11:43:55 vader-rover kernel: [    0.000000] Total of 96 interrupts on 1 active controller
Dec 20 11:43:55 vader-rover kernel: [    0.000000] OMAP clockevent source: GPTIMER1 at 32768 Hz
Dec 20 11:43:55 vader-rover kernel: [    0.000000] sched_clock: 32 bits at 32kHz, resolution 30517ns, wraps every 131071999ms
Dec 20 11:43:55 vader-rover kernel: [    0.000000] OMAP clocksource: 32k_counter at 32768 Hz
Dec 20 11:43:55 vader-rover kernel: [    0.000000] Console: colour dummy device 80x30
Dec 20 11:43:55 vader-rover kernel: [    0.000000] console [tty0] enabled
Dec 20 11:43:55 vader-rover kernel: [    0.001007] Calibrating delay loop... 597.64 BogoMIPS (lpj=2334720)
Dec 20 11:43:55 vader-rover kernel: [    0.039123] pid_max: default: 32768 minimum: 301
Dec 20 11:43:55 vader-rover kernel: [    0.039306] Security Framework initialized
Dec 20 11:43:55 vader-rover kernel: [    0.039459] Mount-cache hash table entries: 512
Dec 20 11:43:55 vader-rover kernel: [    0.040222] Initializing cgroup subsys debug
Dec 20 11:43:55 vader-rover kernel: [    0.040252] Initializing cgroup subsys cpuacct
Dec 20 11:43:55 vader-rover kernel: [    0.040283] Initializing cgroup subsys memory
Dec 20 11:43:55 vader-rover kernel: [    0.040344] Initializing cgroup subsys devices
Dec 20 11:43:55 vader-rover kernel: [    0.040374] Initializing cgroup subsys freezer
Dec 20 11:43:55 vader-rover kernel: [    0.040405] Initializing cgroup subsys perf_event
Dec 20 11:43:55 vader-rover kernel: [    0.040527] CPU: Testing write buffer coherency: ok
Dec 20 11:43:55 vader-rover kernel: [    0.040832] Setting up static identity map for 0x8046ea98 - 0x8046eaf0
Dec 20 11:43:55 vader-rover kernel: [    0.045837] devtmpfs: initialized
Dec 20 11:43:55 vader-rover kernel: [    0.050567] dummy: 
Dec 20 11:43:55 vader-rover kernel: [    0.050994] NET: Registered protocol family 16
Dec 20 11:43:55 vader-rover kernel: [    0.051422] GPMC revision 5.0
Dec 20 11:43:55 vader-rover kernel: [    0.051483] gpmc: irq-20 could not claim: err -22
Dec 20 11:43:55 vader-rover kernel: [    0.053192] gpiochip_add: registered GPIOs 0 to 31 on device: gpio
Dec 20 11:43:55 vader-rover kernel: [    0.053283] OMAP GPIO hardware version 2.5
Dec 20 11:43:55 vader-rover kernel: [    0.053527] gpiochip_add: registered GPIOs 32 to 63 on device: gpio
Dec 20 11:43:55 vader-rover kernel: [    0.053802] gpiochip_add: registered GPIOs 64 to 95 on device: gpio
Dec 20 11:43:55 vader-rover kernel: [    0.054077] gpiochip_add: registered GPIOs 96 to 127 on device: gpio
Dec 20 11:43:55 vader-rover kernel: [    0.054382] gpiochip_add: registered GPIOs 128 to 159 on device: gpio
Dec 20 11:43:55 vader-rover kernel: [    0.054656] gpiochip_add: registered GPIOs 160 to 191 on device: gpio
Dec 20 11:43:55 vader-rover kernel: [    0.055694] omap_mux_init: Add partition: #1: core, flags: 0
Dec 20 11:43:55 vader-rover kernel: [    0.060638] _omap_mux_get_by_name: Could not find signal uart4_rx.uart4_rx
Dec 20 11:43:55 vader-rover kernel: [    0.066497] Reprogramming SDRC clock to 400000000 Hz
Dec 20 11:43:55 vader-rover kernel: [    0.066558] dpll3_m2_clk rate change failed: -22
Dec 20 11:43:55 vader-rover kernel: [    0.066558] Found NAND on CS0
Dec 20 11:43:55 vader-rover kernel: [    0.066589] Registering NAND on CS0
Dec 20 11:43:55 vader-rover kernel: [    0.067779]  usbhs_omap: alias fck already exists
Dec 20 11:43:55 vader-rover kernel: [    0.075286] hw-breakpoint: debug architecture 0x4 unsupported.
Dec 20 11:43:55 vader-rover kernel: [    0.078338]  omap-mcbsp.2: alias fck already exists
Dec 20 11:43:55 vader-rover kernel: [    0.078552]  omap-mcbsp.3: alias fck already exists
Dec 20 11:43:55 vader-rover kernel: [    0.079650] Switched to new clocking rate (Crystal/Core/MPU): 26.0/400/500 MHz
Dec 20 11:43:55 vader-rover kernel: [    0.079895] OMAP DMA hardware revision 5.0
Dec 20 11:43:55 vader-rover kernel: [    0.089599] bio: create slab <bio-0> at 0
Dec 20 11:43:55 vader-rover kernel: [    0.090484] fixed-dummy: 
Dec 20 11:43:55 vader-rover kernel: [    0.090637] reg-fixed-voltage reg-fixed-voltage.0: fixed-dummy supplying 0uV
Dec 20 11:43:55 vader-rover kernel: [    0.090881] vads7846: override min_uV, 1 -> 3300000
Dec 20 11:43:55 vader-rover kernel: [    0.090881] vads7846: override max_uV, 2147483647 -> 3300000
Dec 20 11:43:55 vader-rover kernel: [    0.090911] vads7846: 3300 mV 
Dec 20 11:43:55 vader-rover kernel: [    0.091033] reg-fixed-voltage reg-fixed-voltage.1: vads7846 supplying 3300000uV
Dec 20 11:43:55 vader-rover kernel: [    0.091857] SCSI subsystem initialized
Dec 20 11:43:55 vader-rover kernel: [    0.092254] usbcore: registered new interface driver usbfs
Dec 20 11:43:55 vader-rover kernel: [    0.092437] usbcore: registered new interface driver hub
Dec 20 11:43:55 vader-rover kernel: [    0.092712] usbcore: registered new device driver usb
Dec 20 11:43:55 vader-rover kernel: [    0.101684] omap_i2c omap_i2c.1: bus 1 rev1.4.0 at 2600 kHz
Dec 20 11:43:55 vader-rover kernel: [    0.104736] twl 1-0048: PIH (irq 7) chaining IRQs 320..328
Dec 20 11:43:55 vader-rover kernel: [    0.104888] twl 1-0048: power (irq 325) chaining IRQs 328..335
Dec 20 11:43:55 vader-rover kernel: [    0.105621] twl4030_gpio twl4030_gpio: gpio (irq 320) chaining IRQs 336..353
Dec 20 11:43:55 vader-rover kernel: [    0.105987] gpiochip_add: registered GPIOs 192 to 211 on device: twl4030
Dec 20 11:43:55 vader-rover kernel: [    0.106933] VUSB1V5: override min_uV, 1 -> 1500000
Dec 20 11:43:55 vader-rover kernel: [    0.106964] VUSB1V5: override max_uV, 2147483647 -> 1500000
Dec 20 11:43:55 vader-rover kernel: [    0.106994] VUSB1V5: 1500 mV normal standby
Dec 20 11:43:55 vader-rover kernel: [    0.107574] VUSB1V8: override min_uV, 1 -> 1800000
Dec 20 11:43:55 vader-rover kernel: [    0.107604] VUSB1V8: override max_uV, 2147483647 -> 1800000
Dec 20 11:43:55 vader-rover kernel: [    0.107604] VUSB1V8: 1800 mV normal standby
Dec 20 11:43:55 vader-rover kernel: [    0.108154] VUSB3V1: override min_uV, 1 -> 3100000
Dec 20 11:43:55 vader-rover kernel: [    0.108184] VUSB3V1: override max_uV, 2147483647 -> 3100000
Dec 20 11:43:55 vader-rover kernel: [    0.108184] VUSB3V1: 3100 mV normal standby
Dec 20 11:43:55 vader-rover kernel: [    0.109985] twl4030_usb twl4030_usb: HW_CONDITIONS 0x10/16; link 0
Dec 20 11:43:55 vader-rover kernel: [    0.110229] twl4030_usb twl4030_usb: Initialized TWL4030 USB module
Dec 20 11:43:55 vader-rover kernel: [    0.110931] vdd_mpu_iva: 600 <--> 1450 mV normal 
Dec 20 11:43:55 vader-rover kernel: [    0.111480] vdd_core: 600 <--> 1450 mV normal 
Dec 20 11:43:55 vader-rover kernel: [    0.112121] VMMC1: 1850 <--> 3150 mV at 3150 mV normal standby
Dec 20 11:43:55 vader-rover kernel: [    0.112792] VDAC: 1800 mV normal standby
Dec 20 11:43:55 vader-rover kernel: [    0.113464] VDVI: 1800 mV normal standby
Dec 20 11:43:55 vader-rover kernel: [    0.125122] omap_i2c omap_i2c.3: bus 3 rev1.4.0 at 400 kHz
Dec 20 11:43:55 vader-rover kernel: [    0.126068] omap-iommu omap-iommu.0: isp registered
Dec 20 11:43:55 vader-rover kernel: [    0.126342] Advanced Linux Sound Architecture Driver Version 1.0.25.
Dec 20 11:43:55 vader-rover kernel: [    0.127441] Switching to clocksource 32k_counter
Dec 20 11:43:55 vader-rover kernel: [    0.160919] usbhs_omap usbhs_omap: xclk60mhsp2_ck set parentfailed error:-22
Dec 20 11:43:55 vader-rover kernel: [    0.161865] NET: Registered protocol family 2
Dec 20 11:43:55 vader-rover kernel: [    0.162231] IP route cache hash table entries: 4096 (order: 2, 16384 bytes)
Dec 20 11:43:55 vader-rover kernel: [    0.162933] TCP established hash table entries: 16384 (order: 5, 131072 bytes)
Dec 20 11:43:55 vader-rover kernel: [    0.163391] TCP bind hash table entries: 16384 (order: 4, 65536 bytes)
Dec 20 11:43:55 vader-rover kernel: [    0.163665] TCP: Hash tables configured (established 16384 bind 16384)
Dec 20 11:43:55 vader-rover kernel: [    0.163696] TCP: reno registered
Dec 20 11:43:55 vader-rover kernel: [    0.163726] UDP hash table entries: 256 (order: 0, 4096 bytes)
Dec 20 11:43:55 vader-rover kernel: [    0.163787] UDP-Lite hash table entries: 256 (order: 0, 4096 bytes)
Dec 20 11:43:55 vader-rover kernel: [    0.164184] NET: Registered protocol family 1
Dec 20 11:43:55 vader-rover kernel: [    0.164825] RPC: Registered named UNIX socket transport module.
Dec 20 11:43:55 vader-rover kernel: [    0.164855] RPC: Registered udp transport module.
Dec 20 11:43:55 vader-rover kernel: [    0.164886] RPC: Registered tcp transport module.
Dec 20 11:43:55 vader-rover kernel: [    0.164916] RPC: Registered tcp NFSv4.1 backchannel transport module.
Dec 20 11:43:55 vader-rover kernel: [    0.165283] Trying to unpack rootfs image as initramfs...
Dec 20 11:43:55 vader-rover kernel: [    0.374877] Freeing initrd memory: 1828K
Dec 20 11:43:55 vader-rover kernel: [    0.377838] audit: initializing netlink socket (disabled)
Dec 20 11:43:55 vader-rover kernel: [    0.377929] type=2000 audit(0.375:1): initialized
Dec 20 11:43:55 vader-rover kernel: [    0.379669] VFS: Disk quotas dquot_6.5.2
Dec 20 11:43:55 vader-rover kernel: [    0.379791] Dquot-cache hash table entries: 1024 (order 0, 4096 bytes)
Dec 20 11:43:55 vader-rover kernel: [    0.380310] NFS: Registering the id_resolver key type
Dec 20 11:43:55 vader-rover kernel: [    0.380401] Key type id_resolver registered
Dec 20 11:43:55 vader-rover kernel: [    0.380981] jffs2: version 2.2. (NAND) (SUMMARY)  Â© 2001-2006 Red Hat, Inc.
Dec 20 11:43:55 vader-rover kernel: [    0.381835] fuse init (API version 7.19)
Dec 20 11:43:55 vader-rover kernel: [    0.382507] msgmni has been set to 971
Dec 20 11:43:55 vader-rover kernel: [    0.384735] Block layer SCSI generic (bsg) driver version 0.4 loaded (major 253)
Dec 20 11:43:55 vader-rover kernel: [    0.384796] io scheduler noop registered
Dec 20 11:43:55 vader-rover kernel: [    0.384826] io scheduler deadline registered (default)
Dec 20 11:43:55 vader-rover kernel: [    0.385955] OMAP DSS rev 2.0
Dec 20 11:43:55 vader-rover kernel: [    0.389801] omap_uart.0: ttyO0 at MMIO 0x4806a000 (irq = 72) is a OMAP UART0
Dec 20 11:43:55 vader-rover kernel: [    0.390411] omap_uart.1: ttyO1 at MMIO 0x4806c000 (irq = 73) is a OMAP UART1
Dec 20 11:43:55 vader-rover kernel: [    0.390991] omap_uart.2: ttyO2 at MMIO 0x49020000 (irq = 74) is a OMAP UART2
Dec 20 11:43:55 vader-rover kernel: [    1.094757] console [ttyO2] enabled
Dec 20 11:43:55 vader-rover kernel: [    1.098999] omap_uart.3: ttyO3 at MMIO 0x49042000 (irq = 80) is a OMAP UART3
Dec 20 11:43:55 vader-rover kernel: [    1.117004] brd: module loaded
Dec 20 11:43:55 vader-rover kernel: [    1.125640] loop: module loaded
Dec 20 11:43:55 vader-rover kernel: [    1.131225] twl4030_madc twl4030_madc: clk disabled, enabling
Dec 20 11:43:55 vader-rover kernel: [    1.139709] NAND device: Manufacturer ID: 0x2c, Chip ID: 0xbc (Micron NAND 512MiB 1,8V 16-bit), page size: 2048, OOB size: 64
Dec 20 11:43:55 vader-rover kernel: [    1.168518] Creating 5 MTD partitions on "omap2-nand.0":
Dec 20 11:43:55 vader-rover kernel: [    1.174194] 0x000000000000-0x000000080000 : "xloader"
Dec 20 11:43:55 vader-rover kernel: [    1.181610] 0x000000080000-0x000000240000 : "uboot"
Dec 20 11:43:55 vader-rover kernel: [    1.189880] 0x000000240000-0x000000280000 : "uboot environment"
Dec 20 11:43:55 vader-rover kernel: [    1.197753] 0x000000280000-0x000000680000 : "linux"
Dec 20 11:43:55 vader-rover kernel: [    1.208282] 0x000000680000-0x000020000000 : "rootfs"
Dec 20 11:43:55 vader-rover kernel: [    1.719726] smsc911x: Driver version 2008-10-21
Dec 20 11:43:55 vader-rover kernel: [    1.725097] smsc911x: Driver version 2008-10-21
Dec 20 11:43:55 vader-rover kernel: [    1.730499] usbcore: registered new interface driver asix
Dec 20 11:43:55 vader-rover kernel: [    1.736297] usbcore: registered new interface driver cdc_ether
Dec 20 11:43:55 vader-rover kernel: [    1.742614] usbcore: registered new interface driver cdc_ncm
Dec 20 11:43:55 vader-rover kernel: [    1.749023] ehci_hcd: USB 2.0 'Enhanced' Host Controller (EHCI) Driver
Dec 20 11:43:55 vader-rover kernel: [    1.755981] ehci_hcd: block sizes: qh 64 qtd 96 itd 160 sitd 96
Dec 20 11:43:55 vader-rover kernel: [    1.756164] ehci-omap ehci-omap.0: failed to get ehci port1 regulator
Dec 20 11:43:55 vader-rover kernel: [    2.760437] ehci-omap ehci-omap.0: phy reset operation timed out
Dec 20 11:43:55 vader-rover kernel: [    2.760467] ehci-omap ehci-omap.0: reset hcs_params 0x1313 dbg=0 cc=1 pcc=3 ordered ports=3
Dec 20 11:43:55 vader-rover kernel: [    2.760498] ehci-omap ehci-omap.0: reset hcc_params 0016 thresh 1 uframes 256/512/1024 park
Dec 20 11:43:55 vader-rover kernel: [    2.760528] ehci-omap ehci-omap.0: reset command 0080b02  park=3 ithresh=8 period=1024 Reset HALT
Dec 20 11:43:55 vader-rover kernel: [    2.760559] ehci-omap ehci-omap.0: OMAP-EHCI Host Controller
Dec 20 11:43:55 vader-rover kernel: [    2.766937] ehci-omap ehci-omap.0: new USB bus registered, assigned bus number 1
Dec 20 11:43:55 vader-rover kernel: [    2.774902] ehci-omap ehci-omap.0: park 0
Dec 20 11:43:55 vader-rover kernel: [    2.774963] ehci-omap ehci-omap.0: irq 77, io mem 0x48064800
Dec 20 11:43:55 vader-rover kernel: [    2.780975] ehci-omap ehci-omap.0: init command 0010005 (park)=0 ithresh=1 period=512 RUN
Dec 20 11:43:55 vader-rover kernel: [    2.791717] ehci-omap ehci-omap.0: USB 2.0 started, EHCI 1.00
Dec 20 11:43:55 vader-rover kernel: [    2.797973] usb usb1: default language 0x0409
Dec 20 11:43:55 vader-rover kernel: [    2.798034] usb usb1: udev 1, busnum 1, minor = 0
Dec 20 11:43:55 vader-rover kernel: [    2.798034] usb usb1: New USB device found, idVendor=1d6b, idProduct=0002
Dec 20 11:43:55 vader-rover kernel: [    2.805267] usb usb1: New USB device strings: Mfr=3, Product=2, SerialNumber=1
Dec 20 11:43:55 vader-rover rsyslogd-2039: Could not open output pipe '/dev/xconsole' [try http://www.rsyslog.com/e/2039 ]
Dec 20 11:43:55 vader-rover kernel: [    2.812927] usb usb1: Product: OMAP-EHCI Host Controller
Dec 20 11:43:55 vader-rover kernel: [    2.818542] usb usb1: Manufacturer: Linux 3.5.0-2-linaro-omap ehci_hcd
Dec 20 11:43:55 vader-rover kernel: [    2.825469] usb usb1: SerialNumber: ehci-omap.0
Dec 20 11:43:55 vader-rover kernel: [    2.830963] usb usb1: usb_probe_device
Dec 20 11:43:55 vader-rover kernel: [    2.830993] usb usb1: configuration #1 chosen from 1 choice
Dec 20 11:43:55 vader-rover kernel: [    2.831054] usb usb1: adding 1-0:1.0 (config #1, interface 0)
Dec 20 11:43:55 vader-rover kernel: [    2.831237] hub 1-0:1.0: usb_probe_interface
Dec 20 11:43:55 vader-rover kernel: [    2.831268] hub 1-0:1.0: usb_probe_interface - got id
Dec 20 11:43:55 vader-rover kernel: [    2.831298] hub 1-0:1.0: USB hub found
Dec 20 11:43:55 vader-rover kernel: [    2.835266] hub 1-0:1.0: 3 ports detected
Dec 20 11:43:55 vader-rover kernel: [    2.839569] hub 1-0:1.0: standalone hub
Dec 20 11:43:55 vader-rover kernel: [    2.839569] hub 1-0:1.0: individual port power switching
Dec 20 11:43:55 vader-rover kernel: [    2.839599] hub 1-0:1.0: individual port over-current protection
Dec 20 11:43:55 vader-rover kernel: [    2.839599] hub 1-0:1.0: power on to power good time: 20ms
Dec 20 11:43:55 vader-rover kernel: [    2.839660] hub 1-0:1.0: local power source is good
Dec 20 11:43:55 vader-rover kernel: [    2.839660] hub 1-0:1.0: enabling power on all ports
Dec 20 11:43:55 vader-rover kernel: [    2.840057] ehci-omap ehci-omap.0: ...powerup ports...
Dec 20 11:43:55 vader-rover kernel: [    2.870056] Initializing USB Mass Storage driver...
Dec 20 11:43:55 vader-rover kernel: [    2.875396] usbcore: registered new interface driver usb-storage
Dec 20 11:43:55 vader-rover kernel: [    2.881774] USB Mass Storage support registered.
Dec 20 11:43:55 vader-rover kernel: [    2.886688] musb-hdrc: version 6.0, ?dma?, otg (peripheral+host)
Dec 20 11:43:55 vader-rover kernel: [    2.899658] twl4030_usb twl4030_usb: twl4030_phy_resume
Dec 20 11:43:55 vader-rover kernel: [    2.899932] musb-hdrc: ConfigData=0xde (UTMI-8, dyn FIFOs, bulk combine, bulk split, HB-ISO Rx, HB-ISO Tx, SoftConn)
Dec 20 11:43:55 vader-rover kernel: [    2.899963] musb-hdrc: MHDRC RTL version 1.800 
Dec 20 11:43:55 vader-rover kernel: [    2.899963] musb-hdrc: setup fifo_mode 4
Dec 20 11:43:55 vader-rover kernel: [    2.899993] musb-hdrc: 28/31 max ep, 16384/16384 memory
Dec 20 11:43:55 vader-rover kernel: [    2.900573] musb-hdrc musb-hdrc: USB OTG mode controller at fa0ab000 using DMA, IRQ 92
Dec 20 11:43:55 vader-rover kernel: [    2.911132] twl4030_usb twl4030_usb: twl4030_phy_suspend
Dec 20 11:43:55 vader-rover kernel: [    2.911804] mousedev: PS/2 mouse device common for all mice
Dec 20 11:43:55 vader-rover kernel: [    2.918579] twl_rtc twl_rtc: Enabling TWL-RTC
Dec 20 11:43:55 vader-rover kernel: [    2.926116] twl_rtc twl_rtc: rtc core: registered twl_rtc as rtc0
Dec 20 11:43:55 vader-rover kernel: [    2.933319] i2c /dev entries driver
Dec 20 11:43:55 vader-rover kernel: [    2.938842] voltdm_scale: No voltage scale API registered for vdd_mpu_iva
Dec 20 11:43:55 vader-rover kernel: [    2.946197] ehci-omap ehci-omap.0: GetStatus port:2 status 001803 0  ACK POWER sig=j CSC CONNECT
Dec 20 11:43:55 vader-rover kernel: [    2.946228] hub 1-0:1.0: port 2: status 0501 change 0001
Dec 20 11:43:55 vader-rover kernel: [    2.946289] platform mpu.0: omap_target: unable to scale voltage up.
Dec 20 11:43:55 vader-rover kernel: [    2.953063] cpuidle: using governor ladder
Dec 20 11:43:55 vader-rover kernel: [    2.957427] cpuidle: using governor menu
Dec 20 11:43:55 vader-rover kernel: [    2.962158] omap_hsmmc omap_hsmmc.0: Failed to get debounce clk
Dec 20 11:43:55 vader-rover kernel: [    3.041748] hub 1-0:1.0: state 7 ports 3 chg 0004 evt 0000
Dec 20 11:43:55 vader-rover kernel: [    3.041809] hub 1-0:1.0: port 2, status 0501, change 0000, 480 Mb/s
Dec 20 11:43:55 vader-rover kernel: [    3.104248] ehci-omap ehci-omap.0: port 2 reset complete, port enabled
Dec 20 11:43:55 vader-rover kernel: [    3.104309] ehci-omap ehci-omap.0: GetStatus port:2 status 001005 0  ACK POWER sig=se0 PE CONNECT
Dec 20 11:43:55 vader-rover kernel: [    3.166717] usb 1-2: new high-speed USB device number 2 using ehci-omap
Dec 20 11:43:55 vader-rover kernel: [    3.229248] ehci-omap ehci-omap.0: port 2 reset complete, port enabled
Dec 20 11:43:55 vader-rover kernel: [    3.229309] ehci-omap ehci-omap.0: GetStatus port:2 status 001005 0  ACK POWER sig=se0 PE CONNECT
Dec 20 11:43:55 vader-rover kernel: [    3.323394] usb 1-2: udev 2, busnum 1, minor = 1
Dec 20 11:43:55 vader-rover kernel: [    3.323425] usb 1-2: New USB device found, idVendor=0409, idProduct=005a
Dec 20 11:43:55 vader-rover kernel: [    3.330505] usb 1-2: New USB device strings: Mfr=0, Product=0, SerialNumber=0
Dec 20 11:43:55 vader-rover kernel: [    3.339141] omap_hsmmc omap_hsmmc.1: Failed to get debounce clk
Dec 20 11:43:55 vader-rover kernel: [    3.345825] usb 1-2: usb_probe_device
Dec 20 11:43:55 vader-rover kernel: [    3.345855] usb 1-2: configuration #1 chosen from 1 choice
Dec 20 11:43:55 vader-rover kernel: [    3.346160] usb 1-2: adding 1-2:1.0 (config #1, interface 0)
Dec 20 11:43:55 vader-rover kernel: [    3.347686] hub 1-2:1.0: usb_probe_interface
Dec 20 11:43:55 vader-rover kernel: [    3.347717] hub 1-2:1.0: usb_probe_interface - got id
Dec 20 11:43:55 vader-rover kernel: [    3.347747] hub 1-2:1.0: USB hub found
Dec 20 11:43:55 vader-rover kernel: [    3.354370] hub 1-2:1.0: 4 ports detected
Dec 20 11:43:55 vader-rover kernel: [    3.358673] hub 1-2:1.0: standalone hub
Dec 20 11:43:55 vader-rover kernel: [    3.358673] hub 1-2:1.0: individual port power switching
Dec 20 11:43:55 vader-rover kernel: [    3.358703] hub 1-2:1.0: individual port over-current protection
Dec 20 11:43:55 vader-rover kernel: [    3.358703] hub 1-2:1.0: Single TT
Dec 20 11:43:55 vader-rover kernel: [    3.358734] hub 1-2:1.0: TT requires at most 16 FS bit times (1332 ns)
Dec 20 11:43:55 vader-rover kernel: [    3.358734] hub 1-2:1.0: power on to power good time: 100ms
Dec 20 11:43:55 vader-rover kernel: [    3.359008] hub 1-2:1.0: local power source is good
Dec 20 11:43:55 vader-rover kernel: [    3.359039] hub 1-2:1.0: enabling power on all ports
Dec 20 11:43:55 vader-rover kernel: [    3.386077] Registered led device: overo:red:gpio21
Dec 20 11:43:55 vader-rover kernel: [    3.386230] Registered led device: overo:blue:gpio22
Dec 20 11:43:55 vader-rover kernel: [    3.387237] Registered led device: overo:blue:COM
Dec 20 11:43:55 vader-rover kernel: [    3.389251] usbcore: registered new interface driver usbhid
Dec 20 11:43:55 vader-rover kernel: [    3.395233] usbhid: USB HID core driver
Dec 20 11:43:55 vader-rover kernel: [    3.400024] usbcore: registered new interface driver snd-usb-audio
Dec 20 11:43:55 vader-rover kernel: [    3.408111] overo SoC init
Dec 20 11:43:55 vader-rover kernel: [    3.411254] soc-audio soc-audio: ASoC machine overo should use snd_soc_register_card()
Dec 20 11:43:55 vader-rover kernel: [    3.456054] hub 1-2:1.0: port 1: status 0101 change 0001
Dec 20 11:43:55 vader-rover kernel: [    3.456359] hub 1-2:1.0: port 2: status 0101 change 0001
Dec 20 11:43:55 vader-rover kernel: [    3.456604] hub 1-2:1.0: port 3: status 0101 change 0001
Dec 20 11:43:55 vader-rover kernel: [    3.456878] hub 1-2:1.0: port 4: status 0101 change 0001
Dec 20 11:43:55 vader-rover kernel: [    3.499053] twl4030-codec twl4030-codec: ASoC: Failed to create Capture debugfs file
Dec 20 11:43:55 vader-rover kernel: [    3.511688] asoc: twl4030-hifi <-> omap-mcbsp.2 mapping ok
Dec 20 11:43:55 vader-rover kernel: [    3.522766] oprofile: hardware counters not available
Dec 20 11:43:55 vader-rover kernel: [    3.528167] oprofile: using timer interrupt.
Dec 20 11:43:55 vader-rover kernel: [    3.533172] TCP: cubic registered
Dec 20 11:43:55 vader-rover kernel: [    3.536895] NET: Registered protocol family 17
Dec 20 11:43:55 vader-rover kernel: [    3.541931] NET: Registered protocol family 15
Dec 20 11:43:55 vader-rover kernel: [    3.546905] Key type dns_resolver registered
Dec 20 11:43:55 vader-rover kernel: [    3.551727] VFP support v0.3: implementor 41 architecture 3 part 30 variant c rev 3
Dec 20 11:43:55 vader-rover kernel: [    3.559967] usb 1-2: link qh256-0001/de6c6b00 start 1 [1/0 us]
Dec 20 11:43:55 vader-rover kernel: [    3.560028] hub 1-2:1.0: state 7 ports 4 chg 001e evt 0000
Dec 20 11:43:55 vader-rover kernel: [    3.560333] hub 1-2:1.0: port 1, status 0101, change 0000, 12 Mb/s
Dec 20 11:43:55 vader-rover kernel: [    3.566711] ThumbEE CPU extension supported.
Dec 20 11:43:55 vader-rover kernel: [    3.571258] sr_init: No PMIC hook to init smartreflex
Dec 20 11:43:55 vader-rover kernel: [    3.576904] smartreflex smartreflex.0: omap_sr_probe: SmartReflex driver initialized
Dec 20 11:43:55 vader-rover kernel: [    3.585540] smartreflex smartreflex.1: omap_sr_probe: SmartReflex driver initialized
Dec 20 11:43:55 vader-rover kernel: [    3.603027] clock: disabling unused clocks to save power
Dec 20 11:43:55 vader-rover kernel: [    3.609863] registered taskstats version 1
Dec 20 11:43:55 vader-rover kernel: [    3.615814] fbcvt: 1024x768@60: CVT Name - .786M3-R
Dec 20 11:43:55 vader-rover kernel: [    3.642669] Console: switching to colour frame buffer device 128x48
Dec 20 11:43:55 vader-rover kernel: [    3.643524] usb 1-2.1: new full-speed USB device number 3 using ehci-omap
Dec 20 11:43:55 vader-rover kernel: [    3.673400] VDAC: incomplete constraints, leaving on
Dec 20 11:43:55 vader-rover kernel: [    3.681030] twl_rtc twl_rtc: setting system clock to 2013-12-20 16:43:44 UTC (1387557824)
Dec 20 11:43:55 vader-rover kernel: [    3.690277] ALSA device list:
Dec 20 11:43:55 vader-rover kernel: [    3.693664]   #0: overo
Dec 20 11:43:55 vader-rover kernel: [    3.697296] Freeing init memory: 220K
Dec 20 11:43:55 vader-rover kernel: [    3.725769] mmc0: host does not support reading read-only switch. assuming write-enable.
Dec 20 11:43:55 vader-rover kernel: [    3.744140] mmc0: new high speed SDXC card at address e624
Dec 20 11:43:55 vader-rover kernel: [    3.760345] mmcblk0: mmc0:e624 SU64G 59.4 GiB 
Dec 20 11:43:55 vader-rover kernel: [    3.766387] usb 1-2.1: default language 0x0409
Dec 20 11:43:55 vader-rover kernel: [    3.766876] usb 1-2.1: udev 3, busnum 1, minor = 2
Dec 20 11:43:55 vader-rover kernel: [    3.766906] usb 1-2.1: New USB device found, idVendor=067b, idProduct=2303
Dec 20 11:43:55 vader-rover kernel: [    3.778381]  mmcblk0: p1 p2
Dec 20 11:43:55 vader-rover kernel: [    3.784545] usb 1-2.1: New USB device strings: Mfr=1, Product=2, SerialNumber=0
Dec 20 11:43:55 vader-rover kernel: [    3.818542] usb 1-2.1: Product: USB-Serial Controller D
Dec 20 11:43:55 vader-rover kernel: [    3.830566] usb 1-2.1: Manufacturer: Prolific Technology Inc. 
Dec 20 11:43:55 vader-rover kernel: [    3.844757] usb 1-2.1: usb_probe_device
Dec 20 11:43:55 vader-rover kernel: [    3.844818] usb 1-2.1: configuration #1 chosen from 1 choice
Dec 20 11:43:55 vader-rover kernel: [    3.845184] usb 1-2.1: adding 1-2.1:1.0 (config #1, interface 0)
Dec 20 11:43:55 vader-rover kernel: [    3.847534] hub 1-2:1.0: port 2, status 0101, change 0000, 12 Mb/s
Dec 20 11:43:55 vader-rover kernel: [    3.849090] mmc1: new SDIO card at address 0001
Dec 20 11:43:55 vader-rover kernel: [    3.932647] usb 1-2.2: new high-speed USB device number 4 using ehci-omap
Dec 20 11:43:55 vader-rover kernel: [    4.086059] usb 1-2.2: default language 0x0409
Dec 20 11:43:55 vader-rover kernel: [    4.094848] usb 1-2.2: udev 4, busnum 1, minor = 3
Dec 20 11:43:55 vader-rover kernel: [    4.094879] usb 1-2.2: New USB device found, idVendor=1e10, idProduct=2004
Dec 20 11:43:55 vader-rover kernel: [    4.146881] usb 1-2.2: New USB device strings: Mfr=1, Product=2, SerialNumber=3
Dec 20 11:43:55 vader-rover kernel: [    4.205841] usb 1-2.2: Product: USB 2.0 Digital Imaging Camera
Dec 20 11:43:55 vader-rover kernel: [    4.252929] usb 1-2.2: Manufacturer: Point Grey Research
Dec 20 11:43:55 vader-rover kernel: [    4.300659] usb 1-2.2: SerialNumber: 00CAABB3
Dec 20 11:43:55 vader-rover kernel: [    4.373046] usb 1-2.2: usb_probe_device
Dec 20 11:43:55 vader-rover kernel: [    4.373077] usb 1-2.2: configuration #1 chosen from 1 choice
Dec 20 11:43:55 vader-rover kernel: [    4.373474] usb 1-2.2: adding 1-2.2:1.0 (config #1, interface 0)
Dec 20 11:43:55 vader-rover kernel: [    4.374389] hub 1-2:1.0: port 3, status 0101, change 0000, 12 Mb/s
Dec 20 11:43:55 vader-rover kernel: [    4.456146] usb 1-2.3: new high-speed USB device number 5 using ehci-omap
Dec 20 11:43:55 vader-rover kernel: [    4.609649] usb 1-2.3: default language 0x0409
Dec 20 11:43:55 vader-rover kernel: [    4.618438] usb 1-2.3: udev 5, busnum 1, minor = 4
Dec 20 11:43:55 vader-rover kernel: [    4.618469] usb 1-2.3: New USB device found, idVendor=1e10, idProduct=2004
Dec 20 11:43:55 vader-rover kernel: [    4.643218] usb 1-2.3: New USB device strings: Mfr=1, Product=2, SerialNumber=3
Dec 20 11:43:55 vader-rover kernel: [    4.674774] usb 1-2.3: Product: USB 2.0 Digital Imaging Camera
Dec 20 11:43:55 vader-rover kernel: [    4.696289] usb 1-2.3: Manufacturer: Point Grey Research
Dec 20 11:43:55 vader-rover kernel: [    4.721557] usb 1-2.3: SerialNumber: 00BB1D77
Dec 20 11:43:55 vader-rover kernel: [    4.744628] usb 1-2.3: usb_probe_device
Dec 20 11:43:55 vader-rover kernel: [    4.744659] usb 1-2.3: configuration #1 chosen from 1 choice
Dec 20 11:43:55 vader-rover kernel: [    4.745147] usb 1-2.3: adding 1-2.3:1.0 (config #1, interface 0)
Dec 20 11:43:55 vader-rover kernel: [    4.746002] hub 1-2:1.0: port 4, status 0101, change 0000, 12 Mb/s
Dec 20 11:43:55 vader-rover kernel: [    4.831146] usb 1-2.4: new high-speed USB device number 6 using ehci-omap
Dec 20 11:43:55 vader-rover kernel: [    4.972259] usb 1-2.4: udev 6, busnum 1, minor = 5
Dec 20 11:43:55 vader-rover kernel: [    4.972290] usb 1-2.4: New USB device found, idVendor=0409, idProduct=005a
Dec 20 11:43:55 vader-rover kernel: [    5.001831] usb 1-2.4: New USB device strings: Mfr=0, Product=0, SerialNumber=0
Dec 20 11:43:55 vader-rover kernel: [    5.042388] usb 1-2.4: usb_probe_device
Dec 20 11:43:55 vader-rover kernel: [    5.042419] usb 1-2.4: configuration #1 chosen from 1 choice
Dec 20 11:43:55 vader-rover kernel: [    5.048797] usb 1-2.4: adding 1-2.4:1.0 (config #1, interface 0)
Dec 20 11:43:55 vader-rover kernel: [    5.049102] hub 1-2.4:1.0: usb_probe_interface
Dec 20 11:43:55 vader-rover kernel: [    5.049133] hub 1-2.4:1.0: usb_probe_interface - got id
Dec 20 11:43:55 vader-rover kernel: [    5.049163] hub 1-2.4:1.0: USB hub found
Dec 20 11:43:55 vader-rover kernel: [    5.068908] hub 1-2.4:1.0: 4 ports detected
Dec 20 11:43:55 vader-rover kernel: [    5.104339] hub 1-2.4:1.0: standalone hub
Dec 20 11:43:55 vader-rover kernel: [    5.104370] hub 1-2.4:1.0: individual port power switching
Dec 20 11:43:55 vader-rover kernel: [    5.104370] hub 1-2.4:1.0: individual port over-current protection
Dec 20 11:43:55 vader-rover kernel: [    5.104400] hub 1-2.4:1.0: Single TT
Dec 20 11:43:55 vader-rover kernel: [    5.104400] hub 1-2.4:1.0: TT requires at most 16 FS bit times (1332 ns)
Dec 20 11:43:55 vader-rover kernel: [    5.104431] hub 1-2.4:1.0: power on to power good time: 100ms
Dec 20 11:43:55 vader-rover kernel: [    5.105377] hub 1-2.4:1.0: local power source is good
Dec 20 11:43:55 vader-rover kernel: [    5.105407] hub 1-2.4:1.0: enabling power on all ports
Dec 20 11:43:55 vader-rover kernel: [    5.106414] hub 1-2:1.0: state 7 ports 4 chg 0000 evt 0010
Dec 20 11:43:55 vader-rover kernel: [    5.169464] EXT3-fs (mmcblk0p2): mounted filesystem with writeback data mode
Dec 20 11:43:55 vader-rover kernel: [    5.182800] kjournald starting.  Commit interval 5 seconds
Dec 20 11:43:55 vader-rover kernel: [    5.206054] hub 1-2.4:1.0: port 1: status 0301 change 0001
Dec 20 11:43:55 vader-rover kernel: [    5.206359] hub 1-2.4:1.0: port 2: status 0301 change 0001
Dec 20 11:43:55 vader-rover kernel: [    5.307708] usb 1-2.4: link qh256-0001/de77a280 start 2 [1/0 us]
Dec 20 11:43:55 vader-rover kernel: [    5.307800] hub 1-2.4:1.0: state 7 ports 4 chg 0006 evt 0000
Dec 20 11:43:55 vader-rover kernel: [    5.308074] hub 1-2.4:1.0: port 1, status 0301, change 0000, 1.5 Mb/s
Dec 20 11:43:55 vader-rover kernel: [    5.393920] usb 1-2.4.1: new low-speed USB device number 7 using ehci-omap
Dec 20 11:43:55 vader-rover kernel: [    5.540161] usb 1-2.4.1: skipped 1 descriptor after interface
Dec 20 11:43:55 vader-rover kernel: [    5.540191] usb 1-2.4.1: skipped 1 descriptor after interface
Dec 20 11:43:55 vader-rover kernel: [    5.541351] usb 1-2.4.1: default language 0x0409
Dec 20 11:43:55 vader-rover kernel: [    5.546661] usb 1-2.4.1: udev 7, busnum 1, minor = 6
Dec 20 11:43:55 vader-rover kernel: [    5.546691] usb 1-2.4.1: New USB device found, idVendor=04d9, idProduct=1702
Dec 20 11:43:55 vader-rover kernel: [    5.561248] usb 1-2.4.1: New USB device strings: Mfr=1, Product=2, SerialNumber=0
Dec 20 11:43:55 vader-rover kernel: [    5.575653] usb 1-2.4.1: Product: USB Keyboard
Dec 20 11:43:55 vader-rover kernel: [    5.587402] usb 1-2.4.1: Manufacturer:  
Dec 20 11:43:55 vader-rover kernel: [    5.599822] usb 1-2.4.1: usb_probe_device
Dec 20 11:43:55 vader-rover kernel: [    5.599853] usb 1-2.4.1: configuration #1 chosen from 1 choice
Dec 20 11:43:55 vader-rover kernel: [    5.601745] usb 1-2.4.1: adding 1-2.4.1:1.0 (config #1, interface 0)
Dec 20 11:43:55 vader-rover kernel: [    5.603332] usbhid 1-2.4.1:1.0: usb_probe_interface
Dec 20 11:43:55 vader-rover kernel: [    5.603363] usbhid 1-2.4.1:1.0: usb_probe_interface - got id
Dec 20 11:43:55 vader-rover kernel: [    5.615203] input:   USB Keyboard as /devices/platform/usbhs_omap/ehci-omap.0/usb1/1-2/1-2.4/1-2.4.1/1-2.4.1:1.0/input/input0
Dec 20 11:43:55 vader-rover kernel: [    5.634368] usb 1-2.4.1: link qh8-0e01/de77ad80 start 3 [1/2 us]
Dec 20 11:43:55 vader-rover kernel: [    5.636138] hid-generic 0003:04D9:1702.0001: input: USB HID v1.10 Keyboard [  USB Keyboard] on usb-ehci-omap.0-2.4.1/input0
Dec 20 11:43:55 vader-rover kernel: [    5.656005] usb 1-2.4.1: adding 1-2.4.1:1.1 (config #1, interface 1)
Dec 20 11:43:55 vader-rover kernel: [    5.657562] usbhid 1-2.4.1:1.1: usb_probe_interface
Dec 20 11:43:55 vader-rover kernel: [    5.657592] usbhid 1-2.4.1:1.1: usb_probe_interface - got id
Dec 20 11:43:55 vader-rover kernel: [    5.678833] input:   USB Keyboard as /devices/platform/usbhs_omap/ehci-omap.0/usb1/1-2/1-2.4/1-2.4.1/1-2.4.1:1.1/input/input1
Dec 20 11:43:55 vader-rover kernel: [    5.698089] usb 1-2.4.1: link qh8-0e01/de77ab00 start 4 [1/2 us]
Dec 20 11:43:55 vader-rover kernel: [    5.699981] hid-generic 0003:04D9:1702.0002: input: USB HID v1.10 Device [  USB Keyboard] on usb-ehci-omap.0-2.4.1/input1
Dec 20 11:43:55 vader-rover kernel: [    5.721069] hub 1-2.4:1.0: port 2, status 0301, change 0000, 1.5 Mb/s
Dec 20 11:43:55 vader-rover kernel: [    5.807861] usb 1-2.4.2: new low-speed USB device number 8 using ehci-omap
Dec 20 11:43:55 vader-rover kernel: [    5.944122] usb 1-2.4.2: skipped 1 descriptor after interface
Dec 20 11:43:55 vader-rover kernel: [    5.944610] usb 1-2.4.2: default language 0x0409
Dec 20 11:43:55 vader-rover kernel: [    5.946472] usb 1-2.4.2: udev 8, busnum 1, minor = 7
Dec 20 11:43:55 vader-rover kernel: [    5.946502] usb 1-2.4.2: New USB device found, idVendor=093a, idProduct=2510
Dec 20 11:43:55 vader-rover kernel: [    5.961791] usb 1-2.4.2: New USB device strings: Mfr=1, Product=2, SerialNumber=0
Dec 20 11:43:55 vader-rover kernel: [    5.980590] usb 1-2.4.2: Product: USB Optical Mouse
Dec 20 11:43:55 vader-rover kernel: [    6.002319] usb 1-2.4.2: Manufacturer: PixArt
Dec 20 11:43:55 vader-rover kernel: [    6.018035] usb 1-2.4.2: usb_probe_device
Dec 20 11:43:55 vader-rover kernel: [    6.018096] usb 1-2.4.2: configuration #1 chosen from 1 choice
Dec 20 11:43:55 vader-rover kernel: [    6.019378] usb 1-2.4.2: adding 1-2.4.2:1.0 (config #1, interface 0)
Dec 20 11:43:55 vader-rover kernel: [    6.019714] usbhid 1-2.4.2:1.0: usb_probe_interface
Dec 20 11:43:55 vader-rover kernel: [    6.019744] usbhid 1-2.4.2:1.0: usb_probe_interface - got id
Dec 20 11:43:55 vader-rover kernel: [    6.028747] input: PixArt USB Optical Mouse as /devices/platform/usbhs_omap/ehci-omap.0/usb1/1-2/1-2.4/1-2.4.2/1-2.4.2:1.0/input/input2
Dec 20 11:43:55 vader-rover kernel: [    6.054595] hid-generic 0003:093A:2510.0003: input: USB HID v1.11 Mouse [PixArt USB Optical Mouse] on usb-ehci-omap.0-2.4.2/input0
Dec 20 11:43:55 vader-rover kernel: [    6.101135] hub 1-2.4:1.0: state 7 ports 4 chg 0000 evt 0004
Dec 20 11:43:55 vader-rover kernel: [    7.231567] end_request: I/O error, dev mtdblock0, sector 0
Dec 20 11:43:55 vader-rover kernel: [    7.243927] Buffer I/O error on device mtdblock0, logical block 0
Dec 20 11:43:55 vader-rover kernel: [    7.379028] end_request: I/O error, dev mtdblock0, sector 0
Dec 20 11:43:55 vader-rover kernel: [    7.391418] Buffer I/O error on device mtdblock0, logical block 0
Dec 20 11:43:55 vader-rover kernel: [    7.502868] end_request: I/O error, dev mtdblock0, sector 0
Dec 20 11:43:55 vader-rover kernel: [    7.515197] Buffer I/O error on device mtdblock0, logical block 0
Dec 20 11:43:55 vader-rover kernel: [    7.589660] end_request: I/O error, dev mtdblock0, sector 0
Dec 20 11:43:55 vader-rover kernel: [    7.602020] Buffer I/O error on device mtdblock0, logical block 0
Dec 20 11:43:55 vader-rover kernel: [    7.733489] end_request: I/O error, dev mtdblock0, sector 0
Dec 20 11:43:55 vader-rover kernel: [    7.745849] Buffer I/O error on device mtdblock0, logical block 0
Dec 20 11:43:55 vader-rover kernel: [    7.872863] end_request: I/O error, dev mtdblock0, sector 0
Dec 20 11:43:55 vader-rover kernel: [    7.885192] Buffer I/O error on device mtdblock0, logical block 0
Dec 20 11:43:55 vader-rover kernel: [    7.960693] end_request: I/O error, dev mtdblock0, sector 0
Dec 20 11:43:55 vader-rover kernel: [    7.973022] Buffer I/O error on device mtdblock0, logical block 0
Dec 20 11:43:55 vader-rover kernel: [    8.034332] end_request: I/O error, dev mtdblock0, sector 0
Dec 20 11:43:55 vader-rover kernel: [    8.046722] Buffer I/O error on device mtdblock0, logical block 0
Dec 20 11:43:55 vader-rover kernel: [    8.111114] end_request: I/O error, dev mtdblock0, sector 0
Dec 20 11:43:55 vader-rover kernel: [    8.123504] Buffer I/O error on device mtdblock0, logical block 0
Dec 20 11:43:55 vader-rover kernel: [    8.182556] end_request: I/O error, dev mtdblock0, sector 0
Dec 20 11:43:55 vader-rover kernel: [    8.194976] Buffer I/O error on device mtdblock0, logical block 0
Dec 20 11:43:55 vader-rover kernel: [    8.255828] end_request: I/O error, dev mtdblock0, sector 0
Dec 20 11:43:55 vader-rover kernel: [    8.292907] ads7846 spi1.0: touchscreen, irq 210
Dec 20 11:43:55 vader-rover kernel: [    8.293670] ads7846 spi1.0: no device detected, test read result was 0x00000FFF
Dec 20 11:43:55 vader-rover kernel: [    8.294372] end_request: I/O error, dev mtdblock0, sector 0
Dec 20 11:43:55 vader-rover kernel: [    8.328277] end_request: I/O error, dev mtdblock0, sector 0
Dec 20 11:43:55 vader-rover kernel: [    8.346618] Linux media interface: v0.10
Dec 20 11:43:55 vader-rover kernel: [    8.370056] end_request: I/O error, dev mtdblock0, sector 0
Dec 20 11:43:55 vader-rover kernel: [    8.393463] end_request: I/O error, dev mtdblock0, sector 0
Dec 20 11:43:55 vader-rover kernel: [    8.426208] end_request: I/O error, dev mtdblock0, sector 0
Dec 20 11:43:55 vader-rover kernel: [    8.443756] Linux video capture interface: v2.00
Dec 20 11:43:55 vader-rover kernel: [    8.463500] end_request: I/O error, dev mtdblock0, sector 0
Dec 20 11:43:55 vader-rover kernel: [    8.503051] end_request: I/O error, dev mtdblock0, sector 8
Dec 20 11:43:55 vader-rover kernel: [    8.535064] end_request: I/O error, dev mtdblock0, sector 8
Dec 20 11:43:55 vader-rover kernel: [    8.571319] end_request: I/O error, dev mtdblock0, sector 8
Dec 20 11:43:55 vader-rover kernel: [    8.611083] end_request: I/O error, dev mtdblock0, sector 8
Dec 20 11:43:55 vader-rover kernel: [    8.643981] omap3isp omap3isp: Revision 15.0 found
Dec 20 11:43:55 vader-rover kernel: [    8.644134] omap-iommu omap-iommu.0: isp: version 1.1
Dec 20 11:43:55 vader-rover kernel: [    8.647247] end_request: I/O error, dev mtdblock0, sector 24
Dec 20 11:43:55 vader-rover kernel: [    8.683929] end_request: I/O error, dev mtdblock0, sector 24
Dec 20 11:43:55 vader-rover kernel: [    8.721740] end_request: I/O error, dev mtdblock0, sector 24
Dec 20 11:43:55 vader-rover kernel: [    8.765411] end_request: I/O error, dev mtdblock0, sector 24
Dec 20 11:43:55 vader-rover kernel: [    8.784606] mt9v032 3-005c: Probing MT9V032 at address 0x5c
Dec 20 11:43:55 vader-rover kernel: [    8.784851] mt9v032 3-005c: MT9V032 power up failed
Dec 20 11:43:55 vader-rover kernel: [    8.795501] end_request: I/O error, dev mtdblock0, sector 56
Dec 20 11:43:55 vader-rover kernel: [    8.827026] end_request: I/O error, dev mtdblock0, sector 56
Dec 20 11:43:55 vader-rover kernel: [    8.859252] end_request: I/O error, dev mtdblock0, sector 56
Dec 20 11:43:55 vader-rover kernel: [    8.870330] lib80211: common routines for IEEE802.11 drivers
Dec 20 11:43:55 vader-rover kernel: [    8.870361] lib80211_crypt: registered algorithm 'NULL'
Dec 20 11:43:55 vader-rover kernel: [    8.888244] end_request: I/O error, dev mtdblock0, sector 56
Dec 20 11:43:55 vader-rover kernel: [    8.923645] end_request: I/O error, dev mtdblock0, sector 120
Dec 20 11:43:55 vader-rover kernel: [    8.938537] isp_register_subdev_group: Unable to register subdev mt9v032
Dec 20 11:43:55 vader-rover kernel: [    8.950866] end_request: I/O error, dev mtdblock0, sector 120
Dec 20 11:43:55 vader-rover kernel: [    8.979705] end_request: I/O error, dev mtdblock0, sector 120
Dec 20 11:43:55 vader-rover kernel: [    9.003112] end_request: I/O error, dev mtdblock0, sector 120
Dec 20 11:43:55 vader-rover kernel: [    9.031799] end_request: I/O error, dev mtdblock0, sector 0
Dec 20 11:43:55 vader-rover kernel: [    9.061340] end_request: I/O error, dev mtdblock0, sector 0
Dec 20 11:43:55 vader-rover kernel: [    9.090118] cfg80211: Calling CRDA to update world regulatory domain
Dec 20 11:43:55 vader-rover kernel: [    9.093658] end_request: I/O error, dev mtdblock0, sector 8
Dec 20 11:43:55 vader-rover kernel: [    9.123809] end_request: I/O error, dev mtdblock0, sector 8
Dec 20 11:43:55 vader-rover kernel: [    9.149353] end_request: I/O error, dev mtdblock0, sector 24
Dec 20 11:43:55 vader-rover kernel: [    9.176757] end_request: I/O error, dev mtdblock0, sector 24
Dec 20 11:43:55 vader-rover kernel: [    9.204071] end_request: I/O error, dev mtdblock0, sector 56
Dec 20 11:43:55 vader-rover kernel: [    9.234161] end_request: I/O error, dev mtdblock0, sector 56
Dec 20 11:43:55 vader-rover kernel: [    9.258544] libertas_sdio: Libertas SDIO driver
Dec 20 11:43:55 vader-rover kernel: [    9.258575] libertas_sdio: Copyright Pierre Ossman
Dec 20 11:43:55 vader-rover kernel: [    9.260925] end_request: I/O error, dev mtdblock0, sector 120
Dec 20 11:43:55 vader-rover kernel: [    9.289916] end_request: I/O error, dev mtdblock0, sector 120
Dec 20 11:43:55 vader-rover kernel: [    9.316162] end_request: I/O error, dev mtdblock0, sector 0
Dec 20 11:43:55 vader-rover kernel: [    9.338867] end_request: I/O error, dev mtdblock0, sector 0
Dec 20 11:43:55 vader-rover kernel: [    9.357330] end_request: I/O error, dev mtdblock0, sector 0
Dec 20 11:43:55 vader-rover kernel: [    9.377899] end_request: I/O error, dev mtdblock0, sector 0
Dec 20 11:43:55 vader-rover kernel: [    9.401397] end_request: I/O error, dev mtdblock0, sector 0
Dec 20 11:43:55 vader-rover kernel: [    9.420104] end_request: I/O error, dev mtdblock0, sector 0
Dec 20 11:43:55 vader-rover kernel: [    9.438171] end_request: I/O error, dev mtdblock0, sector 64
Dec 20 11:43:55 vader-rover kernel: [    9.458465] end_request: I/O error, dev mtdblock0, sector 64
Dec 20 11:43:55 vader-rover kernel: [    9.479461] end_request: I/O error, dev mtdblock0, sector 64
Dec 20 11:43:55 vader-rover kernel: [    9.495086] end_request: I/O error, dev mtdblock0, sector 64
Dec 20 11:43:55 vader-rover kernel: [    9.517120] end_request: I/O error, dev mtdblock0, sector 64
Dec 20 11:43:55 vader-rover kernel: [    9.538940] end_request: I/O error, dev mtdblock0, sector 64
Dec 20 11:43:55 vader-rover kernel: [    9.565460] end_request: I/O error, dev mtdblock0, sector 64
Dec 20 11:43:55 vader-rover kernel: [    9.589782] end_request: I/O error, dev mtdblock0, sector 64
Dec 20 11:43:55 vader-rover kernel: [    9.612121] end_request: I/O error, dev mtdblock0, sector 64
Dec 20 11:43:55 vader-rover kernel: [    9.643524] end_request: I/O error, dev mtdblock0, sector 0
Dec 20 11:43:55 vader-rover kernel: [    9.652740] end_request: I/O error, dev mtdblock0, sector 0
Dec 20 11:43:55 vader-rover kernel: [    9.672454] end_request: I/O error, dev mtdblock0, sector 0
Dec 20 11:43:55 vader-rover kernel: [    9.693298] end_request: I/O error, dev mtdblock0, sector 0
Dec 20 11:43:55 vader-rover kernel: [    9.733825] end_request: I/O error, dev mtdblock0, sector 0
Dec 20 11:43:55 vader-rover kernel: [    9.772613] end_request: I/O error, dev mtdblock0, sector 16
Dec 20 11:43:55 vader-rover kernel: [    9.819793] end_request: I/O error, dev mtdblock0, sector 0
Dec 20 11:43:55 vader-rover kernel: [    9.858276] end_request: I/O error, dev mtdblock0, sector 0
Dec 20 11:43:55 vader-rover kernel: [    9.888244] end_request: I/O error, dev mtdblock0, sector 0
Dec 20 11:43:55 vader-rover kernel: [    9.909210] end_request: I/O error, dev mtdblock0, sector 0
Dec 20 11:43:55 vader-rover kernel: [    9.925445] end_request: I/O error, dev mtdblock0, sector 0
Dec 20 11:43:55 vader-rover kernel: [    9.944763] end_request: I/O error, dev mtdblock0, sector 0
Dec 20 11:43:55 vader-rover kernel: [    9.966461] end_request: I/O error, dev mtdblock0, sector 0
Dec 20 11:43:55 vader-rover kernel: [    9.990875] end_request: I/O error, dev mtdblock0, sector 0
Dec 20 11:43:55 vader-rover kernel: [   10.009094] end_request: I/O error, dev mtdblock0, sector 0
Dec 20 11:43:55 vader-rover kernel: [   10.027801] end_request: I/O error, dev mtdblock0, sector 0
Dec 20 11:43:55 vader-rover kernel: [   10.046417] end_request: I/O error, dev mtdblock0, sector 0
Dec 20 11:43:55 vader-rover kernel: [   10.065338] end_request: I/O error, dev mtdblock0, sector 0
Dec 20 11:43:55 vader-rover kernel: [   10.082580] end_request: I/O error, dev mtdblock0, sector 0
Dec 20 11:43:55 vader-rover kernel: [   10.112304] end_request: I/O error, dev mtdblock0, sector 0
Dec 20 11:43:55 vader-rover kernel: [   10.124176] end_request: I/O error, dev mtdblock0, sector 0
Dec 20 11:43:55 vader-rover kernel: [   10.139770] end_request: I/O error, dev mtdblock0, sector 0
Dec 20 11:43:55 vader-rover kernel: [   10.156188] end_request: I/O error, dev mtdblock0, sector 0
Dec 20 11:43:55 vader-rover kernel: [   10.173034] end_request: I/O error, dev mtdblock0, sector 0
Dec 20 11:43:55 vader-rover kernel: [   10.204467] end_request: I/O error, dev mtdblock0, sector 8
Dec 20 11:43:55 vader-rover kernel: [   10.229431] end_request: I/O error, dev mtdblock0, sector 0
Dec 20 11:43:55 vader-rover kernel: [   10.239501] end_request: I/O error, dev mtdblock0, sector 0
Dec 20 11:43:55 vader-rover kernel: [   10.256683] end_request: I/O error, dev mtdblock0, sector 0
Dec 20 11:43:55 vader-rover kernel: [   10.269958] end_request: I/O error, dev mtdblock0, sector 0
Dec 20 11:43:55 vader-rover kernel: [   10.647857] end_request: I/O error, dev mtdblock0, sector 0
Dec 20 11:43:55 vader-rover kernel: [   10.666137] end_request: I/O error, dev mtdblock0, sector 0
Dec 20 11:43:55 vader-rover kernel: [   10.676544] usbcore: registered new interface driver usbserial
Dec 20 11:43:55 vader-rover kernel: [   10.681945] end_request: I/O error, dev mtdblock0, sector 0
Dec 20 11:43:55 vader-rover kernel: [   10.693481] usbcore: registered new interface driver usbserial_generic
Dec 20 11:43:55 vader-rover kernel: [   10.701568] USB Serial support registered for generic
Dec 20 11:43:55 vader-rover kernel: [   10.701629] usbserial: USB Serial Driver core
Dec 20 11:43:55 vader-rover kernel: [   10.706604] end_request: I/O error, dev mtdblock0, sector 0
Dec 20 11:43:55 vader-rover kernel: [   10.729278] end_request: I/O error, dev mtdblock0, sector 0
Dec 20 11:43:55 vader-rover kernel: [   10.745056] end_request: I/O error, dev mtdblock0, sector 0
Dec 20 11:43:55 vader-rover kernel: [   10.757751] usbcore: registered new interface driver pl2303
Dec 20 11:43:55 vader-rover kernel: [   10.758239] USB Serial support registered for pl2303
Dec 20 11:43:55 vader-rover kernel: [   10.758331] pl2303 1-2.1:1.0: usb_probe_interface
Dec 20 11:43:55 vader-rover kernel: [   10.758361] pl2303 1-2.1:1.0: usb_probe_interface - got id
Dec 20 11:43:55 vader-rover kernel: [   10.758392] pl2303 1-2.1:1.0: pl2303 converter detected
Dec 20 11:43:55 vader-rover kernel: [   10.765838] end_request: I/O error, dev mtdblock0, sector 0
Dec 20 11:43:55 vader-rover kernel: [   10.781341] usb 1-2.1: pl2303 converter now attached to ttyUSB0
Dec 20 11:43:55 vader-rover kernel: [   10.789916] end_request: I/O error, dev mtdblock0, sector 0
Dec 20 11:43:55 vader-rover kernel: [   10.807556] end_request: I/O error, dev mtdblock0, sector 0
Dec 20 11:43:55 vader-rover kernel: [   10.823150] end_request: I/O error, dev mtdblock0, sector 0
Dec 20 11:43:55 vader-rover kernel: [   10.846618] end_request: I/O error, dev mtdblock0, sector 0
Dec 20 11:43:55 vader-rover kernel: [   10.862243] end_request: I/O error, dev mtdblock0, sector 0
Dec 20 11:43:55 vader-rover kernel: [   10.885772] end_request: I/O error, dev mtdblock0, sector 0
Dec 20 11:43:55 vader-rover kernel: [   10.901336] end_request: I/O error, dev mtdblock0, sector 0
Dec 20 11:43:55 vader-rover kernel: [   10.919403] end_request: I/O error, dev mtdblock0, sector 0
Dec 20 11:43:55 vader-rover kernel: [   10.940399] end_request: I/O error, dev mtdblock0, sector 0
Dec 20 11:43:55 vader-rover kernel: [   10.957153] end_request: I/O error, dev mtdblock0, sector 0
Dec 20 11:43:55 vader-rover kernel: [   10.981597] end_request: I/O error, dev mtdblock0, sector 8
Dec 20 11:43:55 vader-rover kernel: [   11.007476] end_request: I/O error, dev mtdblock0, sector 8
Dec 20 11:43:55 vader-rover kernel: [   11.036987] end_request: I/O error, dev mtdblock0, sector 8
Dec 20 11:43:55 vader-rover kernel: [   11.057830] end_request: I/O error, dev mtdblock0, sector 8
Dec 20 11:43:55 vader-rover kernel: [   11.082458] end_request: I/O error, dev mtdblock0, sector 24
Dec 20 11:43:55 vader-rover kernel: [   11.104278] end_request: I/O error, dev mtdblock0, sector 24
Dec 20 11:43:55 vader-rover kernel: [   11.119079] end_request: I/O error, dev mtdblock0, sector 24
Dec 20 11:43:55 vader-rover kernel: [   11.127807] end_request: I/O error, dev mtdblock0, sector 24
Dec 20 11:43:55 vader-rover kernel: [   11.143493] end_request: I/O error, dev mtdblock0, sector 56
Dec 20 11:43:55 vader-rover kernel: [   11.159118] end_request: I/O error, dev mtdblock0, sector 56
Dec 20 11:43:55 vader-rover kernel: [   11.174743] end_request: I/O error, dev mtdblock0, sector 56
Dec 20 11:43:55 vader-rover kernel: [   11.189727] end_request: I/O error, dev mtdblock0, sector 56
Dec 20 11:43:55 vader-rover kernel: [   11.206024] end_request: I/O error, dev mtdblock0, sector 120
Dec 20 11:43:55 vader-rover kernel: [   11.220306] end_request: I/O error, dev mtdblock0, sector 120
Dec 20 11:43:55 vader-rover kernel: [   11.235260] end_request: I/O error, dev mtdblock0, sector 120
Dec 20 11:43:55 vader-rover kernel: [   11.252899] end_request: I/O error, dev mtdblock0, sector 120
Dec 20 11:43:55 vader-rover kernel: [   11.266632] end_request: I/O error, dev mtdblock0, sector 0
Dec 20 11:43:55 vader-rover kernel: [   11.284118] end_request: I/O error, dev mtdblock0, sector 0
Dec 20 11:43:55 vader-rover kernel: [   11.299743] end_request: I/O error, dev mtdblock0, sector 8
Dec 20 11:43:55 vader-rover kernel: [   11.315368] end_request: I/O error, dev mtdblock0, sector 8
Dec 20 11:43:55 vader-rover kernel: [   11.330993] end_request: I/O error, dev mtdblock0, sector 24
Dec 20 11:43:55 vader-rover kernel: [   11.343200] end_request: I/O error, dev mtdblock0, sector 24
Dec 20 11:43:55 vader-rover kernel: [   11.356292] end_request: I/O error, dev mtdblock0, sector 56
Dec 20 11:43:55 vader-rover kernel: [   11.377929] end_request: I/O error, dev mtdblock0, sector 56
Dec 20 11:43:55 vader-rover kernel: [   11.386993] end_request: I/O error, dev mtdblock0, sector 120
Dec 20 11:43:55 vader-rover kernel: [   11.401550] end_request: I/O error, dev mtdblock0, sector 120
Dec 20 11:43:55 vader-rover kernel: [   11.416992] end_request: I/O error, dev mtdblock0, sector 0
Dec 20 11:43:55 vader-rover kernel: [   11.432586] end_request: I/O error, dev mtdblock0, sector 0
Dec 20 11:43:55 vader-rover kernel: [   11.448211] end_request: I/O error, dev mtdblock0, sector 0
Dec 20 11:43:55 vader-rover kernel: [   11.463836] end_request: I/O error, dev mtdblock0, sector 0
Dec 20 11:43:55 vader-rover kernel: [   11.479461] end_request: I/O error, dev mtdblock0, sector 0
Dec 20 11:43:55 vader-rover kernel: [   11.495330] end_request: I/O error, dev mtdblock0, sector 0
Dec 20 11:43:55 vader-rover kernel: [   11.510742] end_request: I/O error, dev mtdblock0, sector 64
Dec 20 11:43:55 vader-rover kernel: [   11.524291] end_request: I/O error, dev mtdblock0, sector 64
Dec 20 11:43:55 vader-rover kernel: [   11.537658] end_request: I/O error, dev mtdblock0, sector 64
Dec 20 11:43:55 vader-rover kernel: [   11.565399] end_request: I/O error, dev mtdblock0, sector 64
Dec 20 11:43:55 vader-rover kernel: [   11.581024] end_request: I/O error, dev mtdblock0, sector 64
Dec 20 11:43:55 vader-rover kernel: [   11.596618] end_request: I/O error, dev mtdblock0, sector 64
Dec 20 11:43:55 vader-rover kernel: [   11.612243] end_request: I/O error, dev mtdblock0, sector 64
Dec 20 11:43:55 vader-rover kernel: [   11.627868] end_request: I/O error, dev mtdblock0, sector 64
Dec 20 11:43:55 vader-rover kernel: [   11.642791] end_request: I/O error, dev mtdblock0, sector 64
Dec 20 11:43:55 vader-rover kernel: [   11.659149] end_request: I/O error, dev mtdblock0, sector 0
Dec 20 11:43:55 vader-rover kernel: [   11.673400] end_request: I/O error, dev mtdblock0, sector 0
Dec 20 11:43:55 vader-rover kernel: [   11.689453] end_request: I/O error, dev mtdblock0, sector 0
Dec 20 11:43:55 vader-rover kernel: [   11.706024] end_request: I/O error, dev mtdblock0, sector 0
Dec 20 11:43:55 vader-rover kernel: [   11.721649] end_request: I/O error, dev mtdblock0, sector 0
Dec 20 11:43:55 vader-rover kernel: [   11.737274] end_request: I/O error, dev mtdblock0, sector 16
Dec 20 11:43:55 vader-rover kernel: [   11.752899] end_request: I/O error, dev mtdblock0, sector 0
Dec 20 11:43:55 vader-rover kernel: [   11.768432] end_request: I/O error, dev mtdblock0, sector 0
Dec 20 11:43:55 vader-rover kernel: [   11.781860] end_request: I/O error, dev mtdblock0, sector 0
Dec 20 11:43:55 vader-rover kernel: [   11.795043] end_request: I/O error, dev mtdblock0, sector 0
Dec 20 11:43:55 vader-rover kernel: [   11.807556] end_request: I/O error, dev mtdblock0, sector 0
Dec 20 11:43:55 vader-rover kernel: [   11.823211] end_request: I/O error, dev mtdblock0, sector 0
Dec 20 11:43:55 vader-rover kernel: [   11.846099] end_request: I/O error, dev mtdblock0, sector 0
Dec 20 11:43:55 vader-rover kernel: [   11.864562] end_request: I/O error, dev mtdblock0, sector 0
Dec 20 11:43:55 vader-rover kernel: [   11.879302] end_request: I/O error, dev mtdblock0, sector 0
Dec 20 11:43:55 vader-rover kernel: [   11.893493] end_request: I/O error, dev mtdblock0, sector 0
Dec 20 11:43:55 vader-rover kernel: [   11.909149] end_request: I/O error, dev mtdblock0, sector 0
Dec 20 11:43:55 vader-rover kernel: [   11.924621] end_request: I/O error, dev mtdblock0, sector 0
Dec 20 11:43:55 vader-rover kernel: [   11.946319] end_request: I/O error, dev mtdblock0, sector 0
Dec 20 11:43:55 vader-rover kernel: [   11.962615] end_request: I/O error, dev mtdblock0, sector 0
Dec 20 11:43:55 vader-rover kernel: [   11.991943] end_request: I/O error, dev mtdblock0, sector 0
Dec 20 11:43:55 vader-rover kernel: [   12.010711] end_request: I/O error, dev mtdblock0, sector 0
Dec 20 11:43:55 vader-rover kernel: [   12.028594] end_request: I/O error, dev mtdblock0, sector 0
Dec 20 11:43:55 vader-rover kernel: [   12.049743] end_request: I/O error, dev mtdblock0, sector 0
Dec 20 11:43:55 vader-rover kernel: [   12.057617] end_request: I/O error, dev mtdblock0, sector 8
Dec 20 11:43:55 vader-rover kernel: [   12.073181] end_request: I/O error, dev mtdblock0, sector 0
Dec 20 11:43:55 vader-rover kernel: [   12.088806] end_request: I/O error, dev mtdblock0, sector 0
Dec 20 11:43:55 vader-rover kernel: [   12.104431] end_request: I/O error, dev mtdblock0, sector 0
Dec 20 11:43:55 vader-rover kernel: [   12.120056] end_request: I/O error, dev mtdblock0, sector 0
Dec 20 11:43:55 vader-rover kernel: [   12.590576] EXT3-fs (mmcblk0p2): using internal journal
Dec 20 11:43:56 vader-rover kernel: [   15.672790] cfg80211: World regulatory domain updated:
Dec 20 11:43:56 vader-rover kernel: [   15.672821] cfg80211:   (start_freq - end_freq @ bandwidth), (max_antenna_gain, max_eirp)
Dec 20 11:43:56 vader-rover kernel: [   15.672821] cfg80211:   (2402000 KHz - 2472000 KHz @ 40000 KHz), (300 mBi, 2000 mBm)
Dec 20 11:43:56 vader-rover kernel: [   15.672851] cfg80211:   (2457000 KHz - 2482000 KHz @ 20000 KHz), (300 mBi, 2000 mBm)
Dec 20 11:43:56 vader-rover kernel: [   15.672851] cfg80211:   (2474000 KHz - 2494000 KHz @ 20000 KHz), (300 mBi, 2000 mBm)
Dec 20 11:43:56 vader-rover kernel: [   15.672882] cfg80211:   (5170000 KHz - 5250000 KHz @ 40000 KHz), (300 mBi, 2000 mBm)
Dec 20 11:43:56 vader-rover kernel: [   15.672882] cfg80211:   (5735000 KHz - 5835000 KHz @ 40000 KHz), (300 mBi, 2000 mBm)
Dec 20 11:43:56 vader-rover kernel: [   16.066497] libertas_sdio mmc1:0001:1: (unregistered net_device): 00:19:88:45:0b:0a, fw 9.70.3p36, cap 0x00000303
Dec 20 11:43:56 vader-rover kernel: [   16.074523] libertas_sdio mmc1:0001:1: wlan0: Marvell WLAN 802.11 adapter
Dec 20 11:43:56 vader-rover kernel: [   16.090301] cfg80211: Calling CRDA for country: US
Dec 20 11:43:57 vader-rover kernel: [   16.410980] cfg80211: Regulatory domain changed to country: US
Dec 20 11:43:57 vader-rover kernel: [   16.411010] cfg80211:   (start_freq - end_freq @ bandwidth), (max_antenna_gain, max_eirp)
Dec 20 11:43:57 vader-rover kernel: [   16.411010] cfg80211:   (2402000 KHz - 2472000 KHz @ 40000 KHz), (300 mBi, 2700 mBm)
Dec 20 11:43:57 vader-rover kernel: [   16.411041] cfg80211:   (5170000 KHz - 5250000 KHz @ 40000 KHz), (300 mBi, 1700 mBm)
Dec 20 11:43:57 vader-rover kernel: [   16.411041] cfg80211:   (5250000 KHz - 5330000 KHz @ 40000 KHz), (300 mBi, 2000 mBm)
Dec 20 11:43:57 vader-rover kernel: [   16.411071] cfg80211:   (5490000 KHz - 5600000 KHz @ 40000 KHz), (300 mBi, 2000 mBm)
Dec 20 11:43:57 vader-rover kernel: [   16.411071] cfg80211:   (5650000 KHz - 5710000 KHz @ 40000 KHz), (300 mBi, 2000 mBm)
Dec 20 11:43:57 vader-rover kernel: [   16.411102] cfg80211:   (5735000 KHz - 5835000 KHz @ 40000 KHz), (300 mBi, 3000 mBm)
Dec 20 11:43:58 vader-rover dhclient: DHCPDISCOVER on wlan0 to 255.255.255.255 port 67 interval 3
Dec 20 11:44:00 vader-rover dhclient: DHCPREQUEST of 192.168.2.7 on wlan0 to 255.255.255.255 port 67
Dec 20 11:44:00 vader-rover dhclient: DHCPOFFER of 192.168.2.7 from 192.168.2.1
Dec 20 11:44:00 vader-rover dhclient: DHCPACK of 192.168.2.7 from 192.168.2.1
Dec 20 11:44:00 vader-rover dhclient: bound to 192.168.2.7 -- renewal in 137115556 seconds.
Dec 20 11:44:01 vader-rover kernel: [   20.610992] NET: Registered protocol family 10
Dec 20 11:44:02 vader-rover anacron[639]: Anacron 2.3 started on 2013-12-20
Dec 20 11:44:02 vader-rover cron[619]: (CRON) INFO (pidfile fd = 3)
Dec 20 11:44:02 vader-rover anacron[639]: Will run job `cron.weekly' in 10 min.
Dec 20 11:44:02 vader-rover anacron[639]: Will run job `cron.monthly' in 15 min.
Dec 20 11:44:02 vader-rover anacron[639]: Jobs will be executed sequentially
Dec 20 11:44:02 vader-rover cron[643]: (CRON) STARTUP (fork ok)
Dec 20 11:44:02 vader-rover ntpd[644]: ntpd 4.2.6p3@1.2290 Tue Mar  6 15:10:33 UTC 2012 (1)
Dec 20 11:44:02 vader-rover ntpd[652]: proto: precision = 30.517 usec
Dec 20 11:44:02 vader-rover ntpd[652]: ntp_io: estimated max descriptors: 1024, initial socket boundary: 16
Dec 20 11:44:02 vader-rover cron[643]: (CRON) INFO (Running @reboot jobs)
Dec 20 11:44:02 vader-rover ntpd[652]: unable to bind to wildcard address 0.0.0.0 - another process may be running - EXITING
Dec 20 11:44:02 vader-rover dbus[450]: [system] Activating service name='org.freedesktop.ConsoleKit' (using servicehelper)
Dec 20 11:44:03 vader-rover dbus[450]: [system] Activating service name='org.freedesktop.PolicyKit1' (using servicehelper)
Dec 20 11:44:03 vader-rover polkitd[770]: started daemon version 0.104 using authority implementation `local' version `0.104'
Dec 20 11:44:04 vader-rover dbus[450]: [system] Successfully activated service 'org.freedesktop.PolicyKit1'
Dec 20 11:44:04 vader-rover dbus[450]: [system] Successfully activated service 'org.freedesktop.ConsoleKit'
Dec 20 11:44:04 vader-rover kernel: [   24.062561] usb 1-2.4.2: link qh8-0e01/de255280 start 5 [1/2 us]
Dec 20 11:44:13 vader-rover ntpdate[598]: no server suitable for synchronization found
Dec 20 11:44:13 vader-rover ntpd[912]: ntpd 4.2.6p3@1.2290 Tue Mar  6 15:10:33 UTC 2012 (1)
Dec 20 11:44:13 vader-rover ntpd[913]: proto: precision = 30.517 usec
Dec 20 11:44:13 vader-rover ntpd[913]: ntp_io: estimated max descriptors: 1024, initial socket boundary: 16
Dec 20 11:44:13 vader-rover ntpd[913]: Listen and drop on 0 v4wildcard 0.0.0.0 UDP 123
Dec 20 11:44:13 vader-rover ntpd[913]: Listen and drop on 1 v6wildcard :: UDP 123
Dec 20 11:44:13 vader-rover ntpd[913]: Listen normally on 2 lo 127.0.0.1 UDP 123
Dec 20 11:44:13 vader-rover ntpd[913]: Listen normally on 3 wlan0 192.168.2.7 UDP 123
Dec 20 11:44:13 vader-rover ntpd[913]: Listen normally on 4 wlan0 2002:802e:d6bc:1234:219:88ff:fe45:b0a UDP 123
Dec 20 11:44:13 vader-rover ntpd[913]: Listen normally on 5 wlan0 fe80::219:88ff:fe45:b0a UDP 123
Dec 20 11:44:13 vader-rover ntpd[913]: Listen normally on 6 lo ::1 UDP 123
Dec 20 11:44:13 vader-rover ntpd[913]: peers refreshed
Dec 20 11:44:13 vader-rover ntpd[913]: Listening on routing socket on fd #23 for interface updates
Dec 20 11:44:16 vader-rover dbus[450]: [system] Activating service name='org.freedesktop.UDisks' (using servicehelper)
Dec 20 11:44:16 vader-rover dbus[450]: [system] Successfully activated service 'org.freedesktop.UDisks'
Dec 20 11:54:02 vader-rover anacron[639]: Job `cron.weekly' started
Dec 20 11:54:02 vader-rover anacron[935]: Updated timestamp for job `cron.weekly' to 2013-12-20
Dec 20 11:54:07 vader-rover anacron[639]: Job `cron.weekly' terminated
Dec 20 11:56:18 vader-rover kernel: [  757.836486] usb 1-2.4.2: unlink qh8-0e01/de255280 start 5 [1/2 us]
Dec 20 11:56:19 vader-rover kernel: [  758.356811] ehci-omap ehci-omap.0: reused qh de255280 schedule
Dec 20 11:56:19 vader-rover kernel: [  758.356842] usb 1-2.4.2: link qh8-0e01/de255280 start 5 [1/2 us]
Dec 20 11:59:02 vader-rover anacron[639]: Job `cron.monthly' started
Dec 20 11:59:02 vader-rover anacron[639]: Job `cron.monthly' terminated
Dec 20 11:59:02 vader-rover anacron[639]: Normal exit (2 jobs run)
Dec 20 11:59:02 vader-rover anacron[1067]: Updated timestamp for job `cron.monthly' to 2013-12-20
Dec 20 12:15:50 vader-rover dbus[450]: [system] Reloaded configuration
Dec 20 12:16:27  dbus[450]: last message repeated 2 times
Dec 20 12:16:34  dbus[450]: last message repeated 3 times
Dec 20 12:16:34 vader-rover avahi-daemon[2005]: Found user 'avahi' (UID 107) and group 'avahi' (GID 112).
Dec 20 12:16:34 vader-rover avahi-daemon[2005]: Successfully dropped root privileges.
Dec 20 12:16:34 vader-rover avahi-daemon[2005]: avahi-daemon 0.6.30 starting up.
Dec 20 12:16:34 vader-rover avahi-daemon[2005]: Successfully called chroot().
Dec 20 12:16:34 vader-rover avahi-daemon[2005]: Successfully dropped remaining capabilities.
Dec 20 12:16:34 vader-rover avahi-daemon[2005]: Loading service file /services/udisks.service.
Dec 20 12:16:34 vader-rover avahi-daemon[2005]: Joining mDNS multicast group on interface wlan0.IPv6 with address 2002:802e:d6bc:1234:219:88ff:fe45:b0a.
Dec 20 12:16:34 vader-rover avahi-daemon[2005]: New relevant interface wlan0.IPv6 for mDNS.
Dec 20 12:16:34 vader-rover avahi-daemon[2005]: Joining mDNS multicast group on interface wlan0.IPv4 with address 192.168.2.7.
Dec 20 12:16:34 vader-rover avahi-daemon[2005]: New relevant interface wlan0.IPv4 for mDNS.
Dec 20 12:16:34 vader-rover avahi-daemon[2005]: Network interface enumeration completed.
Dec 20 12:16:34 vader-rover avahi-daemon[2005]: Registering new address record for 2002:802e:d6bc:1234:219:88ff:fe45:b0a on wlan0.*.
Dec 20 12:16:34 vader-rover avahi-daemon[2005]: Registering new address record for 192.168.2.7 on wlan0.IPv4.
Dec 20 12:16:34 vader-rover avahi-daemon[2005]: Registering HINFO record with values 'ARMV7L'/'LINUX'.
Dec 20 12:16:35 vader-rover avahi-daemon[2005]: Server startup complete. Host name is vader-rover.local. Local service cookie is 2545436641.
Dec 20 12:16:36 vader-rover avahi-daemon[2005]: Service "vader-rover" (/services/udisks.service) successfully established.
Dec 20 12:17:02 vader-rover CRON[2116]: (root) CMD (   cd / && run-parts --report /etc/cron.hourly)
Dec 20 12:21:40 vader-rover kernel: [ 2279.472473] cfg80211: Calling CRDA to update world regulatory domain
Dec 20 12:21:40 vader-rover kernel: [ 2279.595062] cfg80211: World regulatory domain updated:
Dec 20 12:21:40 vader-rover kernel: [ 2279.595123] cfg80211:   (start_freq - end_freq @ bandwidth), (max_antenna_gain, max_eirp)
Dec 20 12:21:40 vader-rover kernel: [ 2279.595123] cfg80211:   (2402000 KHz - 2472000 KHz @ 40000 KHz), (300 mBi, 2000 mBm)
Dec 20 12:21:40 vader-rover kernel: [ 2279.595153] cfg80211:   (2457000 KHz - 2482000 KHz @ 20000 KHz), (300 mBi, 2000 mBm)
Dec 20 12:21:40 vader-rover kernel: [ 2279.595184] cfg80211:   (2474000 KHz - 2494000 KHz @ 20000 KHz), (300 mBi, 2000 mBm)
Dec 20 12:21:40 vader-rover kernel: [ 2279.595214] cfg80211:   (5170000 KHz - 5250000 KHz @ 40000 KHz), (300 mBi, 2000 mBm)
Dec 20 12:21:40 vader-rover kernel: [ 2279.595245] cfg80211:   (5735000 KHz - 5835000 KHz @ 40000 KHz), (300 mBi, 2000 mBm)
Dec 20 12:23:36 vader-rover avahi-daemon[2005]: Registering new address record for fe80::219:88ff:fe45:b0a on wlan0.*.
Dec 20 12:26:36 vader-rover avahi-daemon[2005]: Withdrawing address record for 2002:802e:d6bc:1234:219:88ff:fe45:b0a on wlan0.
Dec 20 12:26:36 vader-rover avahi-daemon[2005]: Leaving mDNS multicast group on interface wlan0.IPv6 with address 2002:802e:d6bc:1234:219:88ff:fe45:b0a.
Dec 20 12:26:36 vader-rover avahi-daemon[2005]: Joining mDNS multicast group on interface wlan0.IPv6 with address fe80::219:88ff:fe45:b0a.
Dec 20 12:26:37 vader-rover ntpd[913]: Deleting interface #4 wlan0, 2002:802e:d6bc:1234:219:88ff:fe45:b0a#123, interface stats: received=0, sent=0, dropped=0, active_time=2544 secs
Dec 20 12:26:37 vader-rover ntpd[913]: peers refreshed
Dec 20 12:37:59 vader-rover kernel: Kernel logging (proc) stopped.
Dec 20 12:37:59 vader-rover rsyslogd: [origin software="rsyslogd" swVersion="5.8.6" x-pid="451" x-info="http://www.rsyslog.com"] exiting on signal 15.
Dec 20 12:38:31 vader-rover kernel: imklog 5.8.6, log source = /proc/kmsg started.
Dec 20 12:38:31 vader-rover rsyslogd: [origin software="rsyslogd" swVersion="5.8.6" x-pid="487" x-info="http://www.rsyslog.com"] start
Dec 20 12:38:31 vader-rover rsyslogd: rsyslogd's groupid changed to 103
Dec 20 12:38:31 vader-rover rsyslogd: rsyslogd's userid changed to 101
Dec 20 12:38:31 vader-rover rsyslogd-2039: Could not open output pipe '/dev/xconsole' [try http://www.rsyslog.com/e/2039 ]
Dec 20 12:38:31 vader-rover kernel: [    0.000000] Booting Linux on physical CPU 0
Dec 20 12:38:31 vader-rover kernel: [    0.000000] Initializing cgroup subsys cpuset
Dec 20 12:38:31 vader-rover kernel: [    0.000000] Initializing cgroup subsys cpu
Dec 20 12:38:31 vader-rover kernel: [    0.000000] Linux version 3.5.0-2-linaro-omap (adam@pine) (gcc version 4.6.3 (Ubuntu/Linaro 4.6.3-1ubuntu5) ) #2~ci+121210190143 PREEMPT Mon Dec 10 11:03:27 PST 2012
Dec 20 12:38:31 vader-rover kernel: [    0.000000] CPU: ARMv7 Processor [413fc082] revision 2 (ARMv7), cr=10c53c7d
Dec 20 12:38:31 vader-rover kernel: [    0.000000] CPU: PIPT / VIPT nonaliasing data cache, VIPT aliasing instruction cache
Dec 20 12:38:31 vader-rover kernel: [    0.000000] Machine: Gumstix Overo
Dec 20 12:38:31 vader-rover kernel: [    0.000000] Reserving 12582912 bytes SDRAM for VRAM
Dec 20 12:38:31 vader-rover kernel: [    0.000000] Memory policy: ECC disabled, Data cache writeback
Dec 20 12:38:31 vader-rover kernel: [    0.000000] On node 0 totalpages: 127744
Dec 20 12:38:31 vader-rover kernel: [    0.000000] free_area_init_node: node 0, pgdat c070b85c, node_mem_map c07a7000
Dec 20 12:38:31 vader-rover kernel: [    0.000000]   Normal zone: 1024 pages used for memmap
Dec 20 12:38:31 vader-rover kernel: [    0.000000]   Normal zone: 0 pages reserved
Dec 20 12:38:31 vader-rover kernel: [    0.000000]   Normal zone: 126720 pages, LIFO batch:31
Dec 20 12:38:31 vader-rover kernel: [    0.000000] OMAP3630 ES1.2 (l2cache iva sgx neon isp 192mhz_clk )
Dec 20 12:38:31 vader-rover kernel: [    0.000000] Clocking rate (Crystal/Core/MPU): 26.0/400/600 MHz
Dec 20 12:38:31 vader-rover kernel: [    0.000000] pcpu-alloc: s0 r0 d32768 u32768 alloc=1*32768
Dec 20 12:38:31 vader-rover kernel: [    0.000000] pcpu-alloc: [0] 0 
Dec 20 12:38:31 vader-rover kernel: [    0.000000] Built 1 zonelists in Zone order, mobility grouping on.  Total pages: 126720
Dec 20 12:38:31 vader-rover kernel: [    0.000000] Kernel command line: console=tty0 console=ttyO2,115200n8 root=/dev/mmcblk0p2 rootwait ro earlyprintk mpurate=500 vram=12M omapdss.def_disp=dvi omapfb.mode=dvi:1024x768MR-16@60
Dec 20 12:38:31 vader-rover kernel: [    0.000000] PID hash table entries: 2048 (order: 1, 8192 bytes)
Dec 20 12:38:31 vader-rover kernel: [    0.000000] Dentry cache hash table entries: 65536 (order: 6, 262144 bytes)
Dec 20 12:38:31 vader-rover kernel: [    0.000000] Inode-cache hash table entries: 32768 (order: 5, 131072 bytes)
Dec 20 12:38:31 vader-rover kernel: [    0.000000] allocated 1048576 bytes of page_cgroup
Dec 20 12:38:31 vader-rover kernel: [    0.000000] please try 'cgroup_disable=memory' option if you don't want memory cgroups
Dec 20 12:38:31 vader-rover kernel: [    0.000000] Memory: 499MB = 499MB total
Dec 20 12:38:31 vader-rover kernel: [    0.000000] Memory: 495744k/495744k available, 28544k reserved, 0K highmem
Dec 20 12:38:31 vader-rover kernel: [    0.000000] Virtual kernel memory layout:
Dec 20 12:38:31 vader-rover kernel: [    0.000000]     vector  : 0xffff0000 - 0xffff1000   (   4 kB)
Dec 20 12:38:31 vader-rover kernel: [    0.000000]     fixmap  : 0xfff00000 - 0xfffe0000   ( 896 kB)
Dec 20 12:38:31 vader-rover kernel: [    0.000000]     vmalloc : 0xe0800000 - 0xff000000   ( 488 MB)
Dec 20 12:38:31 vader-rover kernel: [    0.000000]     lowmem  : 0xc0000000 - 0xe0000000   ( 512 MB)
Dec 20 12:38:31 vader-rover kernel: [    0.000000]     pkmap   : 0xbfe00000 - 0xc0000000   (   2 MB)
Dec 20 12:38:31 vader-rover kernel: [    0.000000]     modules : 0xbf000000 - 0xbfe00000   (  14 MB)
Dec 20 12:38:31 vader-rover kernel: [    0.000000]       .text : 0xc0008000 - 0xc067abfc   (6603 kB)
Dec 20 12:38:31 vader-rover kernel: [    0.000000]       .init : 0xc067b000 - 0xc06b2000   ( 220 kB)
Dec 20 12:38:31 vader-rover kernel: [    0.000000]       .data : 0xc06b2000 - 0xc071b268   ( 421 kB)
Dec 20 12:38:31 vader-rover kernel: [    0.000000]        .bss : 0xc071b28c - 0xc07a6020   ( 556 kB)
Dec 20 12:38:31 vader-rover kernel: [    0.000000] NR_IRQS:474
Dec 20 12:38:31 vader-rover kernel: [    0.000000] IRQ: Found an INTC at 0xfa200000 (revision 4.0) with 96 interrupts
Dec 20 12:38:31 vader-rover kernel: [    0.000000] Total of 96 interrupts on 1 active controller
Dec 20 12:38:31 vader-rover kernel: [    0.000000] OMAP clockevent source: GPTIMER1 at 32768 Hz
Dec 20 12:38:31 vader-rover kernel: [    0.000000] sched_clock: 32 bits at 32kHz, resolution 30517ns, wraps every 131071999ms
Dec 20 12:38:31 vader-rover kernel: [    0.000000] OMAP clocksource: 32k_counter at 32768 Hz
Dec 20 12:38:31 vader-rover kernel: [    0.000000] Console: colour dummy device 80x30
Dec 20 12:38:31 vader-rover kernel: [    0.000000] console [tty0] enabled
Dec 20 12:38:31 vader-rover kernel: [    0.000976] Calibrating delay loop... 597.64 BogoMIPS (lpj=2334720)
Dec 20 12:38:31 vader-rover kernel: [    0.039123] pid_max: default: 32768 minimum: 301
Dec 20 12:38:31 vader-rover kernel: [    0.039306] Security Framework initialized
Dec 20 12:38:31 vader-rover kernel: [    0.039428] Mount-cache hash table entries: 512
Dec 20 12:38:31 vader-rover kernel: [    0.040222] Initializing cgroup subsys debug
Dec 20 12:38:31 vader-rover kernel: [    0.040252] Initializing cgroup subsys cpuacct
Dec 20 12:38:31 vader-rover kernel: [    0.040283] Initializing cgroup subsys memory
Dec 20 12:38:31 vader-rover kernel: [    0.040344] Initializing cgroup subsys devices
Dec 20 12:38:31 vader-rover kernel: [    0.040374] Initializing cgroup subsys freezer
Dec 20 12:38:31 vader-rover kernel: [    0.040405] Initializing cgroup subsys perf_event
Dec 20 12:38:31 vader-rover kernel: [    0.040527] CPU: Testing write buffer coherency: ok
Dec 20 12:38:31 vader-rover kernel: [    0.040832] Setting up static identity map for 0x8046ea98 - 0x8046eaf0
Dec 20 12:38:31 vader-rover kernel: [    0.045837] devtmpfs: initialized
Dec 20 12:38:31 vader-rover kernel: [    0.050567] dummy: 
Dec 20 12:38:31 vader-rover kernel: [    0.050994] NET: Registered protocol family 16
Dec 20 12:38:31 vader-rover kernel: [    0.051422] GPMC revision 5.0
Dec 20 12:38:31 vader-rover kernel: [    0.051483] gpmc: irq-20 could not claim: err -22
Dec 20 12:38:31 vader-rover kernel: [    0.053192] gpiochip_add: registered GPIOs 0 to 31 on device: gpio
Dec 20 12:38:31 vader-rover kernel: [    0.053283] OMAP GPIO hardware version 2.5
Dec 20 12:38:31 vader-rover kernel: [    0.053527] gpiochip_add: registered GPIOs 32 to 63 on device: gpio
Dec 20 12:38:31 vader-rover kernel: [    0.053833] gpiochip_add: registered GPIOs 64 to 95 on device: gpio
Dec 20 12:38:31 vader-rover kernel: [    0.054107] gpiochip_add: registered GPIOs 96 to 127 on device: gpio
Dec 20 12:38:31 vader-rover kernel: [    0.054382] gpiochip_add: registered GPIOs 128 to 159 on device: gpio
Dec 20 12:38:31 vader-rover kernel: [    0.054656] gpiochip_add: registered GPIOs 160 to 191 on device: gpio
Dec 20 12:38:31 vader-rover kernel: [    0.055694] omap_mux_init: Add partition: #1: core, flags: 0
Dec 20 12:38:31 vader-rover kernel: [    0.060668] _omap_mux_get_by_name: Could not find signal uart4_rx.uart4_rx
Dec 20 12:38:31 vader-rover kernel: [    0.066528] Reprogramming SDRC clock to 400000000 Hz
Dec 20 12:38:31 vader-rover kernel: [    0.066558] dpll3_m2_clk rate change failed: -22
Dec 20 12:38:31 vader-rover kernel: [    0.066589] Found NAND on CS0
Dec 20 12:38:31 vader-rover kernel: [    0.066619] Registering NAND on CS0
Dec 20 12:38:31 vader-rover kernel: [    0.067810]  usbhs_omap: alias fck already exists
Dec 20 12:38:31 vader-rover kernel: [    0.075317] hw-breakpoint: debug architecture 0x4 unsupported.
Dec 20 12:38:31 vader-rover kernel: [    0.078369]  omap-mcbsp.2: alias fck already exists
Dec 20 12:38:31 vader-rover kernel: [    0.078582]  omap-mcbsp.3: alias fck already exists
Dec 20 12:38:31 vader-rover kernel: [    0.079681] Switched to new clocking rate (Crystal/Core/MPU): 26.0/400/500 MHz
Dec 20 12:38:31 vader-rover kernel: [    0.079925] OMAP DMA hardware revision 5.0
Dec 20 12:38:31 vader-rover kernel: [    0.089599] bio: create slab <bio-0> at 0
Dec 20 12:38:31 vader-rover kernel: [    0.090515] fixed-dummy: 
Dec 20 12:38:31 vader-rover kernel: [    0.090637] reg-fixed-voltage reg-fixed-voltage.0: fixed-dummy supplying 0uV
Dec 20 12:38:31 vader-rover kernel: [    0.090881] vads7846: override min_uV, 1 -> 3300000
Dec 20 12:38:31 vader-rover kernel: [    0.090881] vads7846: override max_uV, 2147483647 -> 3300000
Dec 20 12:38:31 vader-rover kernel: [    0.090911] vads7846: 3300 mV 
Dec 20 12:38:31 vader-rover kernel: [    0.091033] reg-fixed-voltage reg-fixed-voltage.1: vads7846 supplying 3300000uV
Dec 20 12:38:31 vader-rover kernel: [    0.091857] SCSI subsystem initialized
Dec 20 12:38:31 vader-rover kernel: [    0.092254] usbcore: registered new interface driver usbfs
Dec 20 12:38:31 vader-rover kernel: [    0.092437] usbcore: registered new interface driver hub
Dec 20 12:38:31 vader-rover kernel: [    0.092712] usbcore: registered new device driver usb
Dec 20 12:38:31 vader-rover kernel: [    0.093261] omap_i2c omap_i2c.1: bus 1 rev1.4.0 at 2600 kHz
Dec 20 12:38:31 vader-rover kernel: [    0.096343] twl 1-0048: PIH (irq 7) chaining IRQs 320..328
Dec 20 12:38:31 vader-rover kernel: [    0.096527] twl 1-0048: power (irq 325) chaining IRQs 328..335
Dec 20 12:38:31 vader-rover kernel: [    0.097259] twl4030_gpio twl4030_gpio: gpio (irq 320) chaining IRQs 336..353
Dec 20 12:38:31 vader-rover kernel: [    0.097656] gpiochip_add: registered GPIOs 192 to 211 on device: twl4030
Dec 20 12:38:31 vader-rover kernel: [    0.098602] VUSB1V5: override min_uV, 1 -> 1500000
Dec 20 12:38:31 vader-rover kernel: [    0.098602] VUSB1V5: override max_uV, 2147483647 -> 1500000
Dec 20 12:38:31 vader-rover kernel: [    0.098632] VUSB1V5: 1500 mV normal standby
Dec 20 12:38:31 vader-rover kernel: [    0.099212] VUSB1V8: override min_uV, 1 -> 1800000
Dec 20 12:38:31 vader-rover kernel: [    0.099243] VUSB1V8: override max_uV, 2147483647 -> 1800000
Dec 20 12:38:31 vader-rover kernel: [    0.099273] VUSB1V8: 1800 mV normal standby
Dec 20 12:38:31 vader-rover kernel: [    0.099792] VUSB3V1: override min_uV, 1 -> 3100000
Dec 20 12:38:31 vader-rover kernel: [    0.099822] VUSB3V1: override max_uV, 2147483647 -> 3100000
Dec 20 12:38:31 vader-rover kernel: [    0.099822] VUSB3V1: 3100 mV normal standby
Dec 20 12:38:31 vader-rover kernel: [    0.101623] twl4030_usb twl4030_usb: HW_CONDITIONS 0x10/16; link 0
Dec 20 12:38:31 vader-rover kernel: [    0.101867] twl4030_usb twl4030_usb: Initialized TWL4030 USB module
Dec 20 12:38:31 vader-rover kernel: [    0.102539] vdd_mpu_iva: 600 <--> 1450 mV normal 
Dec 20 12:38:31 vader-rover kernel: [    0.103088] vdd_core: 600 <--> 1450 mV normal 
Dec 20 12:38:31 vader-rover kernel: [    0.103759] VMMC1: 1850 <--> 3150 mV at 3150 mV normal standby
Dec 20 12:38:31 vader-rover kernel: [    0.104431] VDAC: 1800 mV normal standby
Dec 20 12:38:31 vader-rover kernel: [    0.105072] VDVI: 1800 mV normal standby
Dec 20 12:38:31 vader-rover kernel: [    0.117309] omap_i2c omap_i2c.3: bus 3 rev1.4.0 at 400 kHz
Dec 20 12:38:31 vader-rover kernel: [    0.118286] omap-iommu omap-iommu.0: isp registered
Dec 20 12:38:31 vader-rover kernel: [    0.118530] Advanced Linux Sound Architecture Driver Version 1.0.25.
Dec 20 12:38:31 vader-rover kernel: [    0.119628] Switching to clocksource 32k_counter
Dec 20 12:38:31 vader-rover kernel: [    0.153076] usbhs_omap usbhs_omap: xclk60mhsp2_ck set parentfailed error:-22
Dec 20 12:38:31 vader-rover kernel: [    0.154022] NET: Registered protocol family 2
Dec 20 12:38:31 vader-rover kernel: [    0.154388] IP route cache hash table entries: 4096 (order: 2, 16384 bytes)
Dec 20 12:38:31 vader-rover kernel: [    0.155090] TCP established hash table entries: 16384 (order: 5, 131072 bytes)
Dec 20 12:38:31 vader-rover kernel: [    0.155548] TCP bind hash table entries: 16384 (order: 4, 65536 bytes)
Dec 20 12:38:31 vader-rover kernel: [    0.155822] TCP: Hash tables configured (established 16384 bind 16384)
Dec 20 12:38:31 vader-rover kernel: [    0.155853] TCP: reno registered
Dec 20 12:38:31 vader-rover kernel: [    0.155883] UDP hash table entries: 256 (order: 0, 4096 bytes)
Dec 20 12:38:31 vader-rover kernel: [    0.155944] UDP-Lite hash table entries: 256 (order: 0, 4096 bytes)
Dec 20 12:38:31 vader-rover kernel: [    0.156341] NET: Registered protocol family 1
Dec 20 12:38:31 vader-rover kernel: [    0.156982] RPC: Registered named UNIX socket transport module.
Dec 20 12:38:31 vader-rover kernel: [    0.157012] RPC: Registered udp transport module.
Dec 20 12:38:31 vader-rover kernel: [    0.157043] RPC: Registered tcp transport module.
Dec 20 12:38:31 vader-rover kernel: [    0.157073] RPC: Registered tcp NFSv4.1 backchannel transport module.
Dec 20 12:38:31 vader-rover kernel: [    0.157409] Trying to unpack rootfs image as initramfs...
Dec 20 12:38:31 vader-rover kernel: [    0.367034] Freeing initrd memory: 1828K
Dec 20 12:38:31 vader-rover kernel: [    0.369995] audit: initializing netlink socket (disabled)
Dec 20 12:38:31 vader-rover kernel: [    0.370086] type=2000 audit(0.367:1): initialized
Dec 20 12:38:31 vader-rover kernel: [    0.371795] VFS: Disk quotas dquot_6.5.2
Dec 20 12:38:31 vader-rover kernel: [    0.371917] Dquot-cache hash table entries: 1024 (order 0, 4096 bytes)
Dec 20 12:38:31 vader-rover kernel: [    0.372436] NFS: Registering the id_resolver key type
Dec 20 12:38:31 vader-rover kernel: [    0.372528] Key type id_resolver registered
Dec 20 12:38:31 vader-rover kernel: [    0.373107] jffs2: version 2.2. (NAND) (SUMMARY)  Â© 2001-2006 Red Hat, Inc.
Dec 20 12:38:31 vader-rover kernel: [    0.373962] fuse init (API version 7.19)
Dec 20 12:38:31 vader-rover kernel: [    0.374664] msgmni has been set to 971
Dec 20 12:38:31 vader-rover kernel: [    0.376861] Block layer SCSI generic (bsg) driver version 0.4 loaded (major 253)
Dec 20 12:38:31 vader-rover kernel: [    0.376922] io scheduler noop registered
Dec 20 12:38:31 vader-rover kernel: [    0.376953] io scheduler deadline registered (default)
Dec 20 12:38:31 vader-rover kernel: [    0.378082] OMAP DSS rev 2.0
Dec 20 12:38:31 vader-rover kernel: [    0.381927] omap_uart.0: ttyO0 at MMIO 0x4806a000 (irq = 72) is a OMAP UART0
Dec 20 12:38:31 vader-rover kernel: [    0.382537] omap_uart.1: ttyO1 at MMIO 0x4806c000 (irq = 73) is a OMAP UART1
Dec 20 12:38:31 vader-rover kernel: [    0.383117] omap_uart.2: ttyO2 at MMIO 0x49020000 (irq = 74) is a OMAP UART2
Dec 20 12:38:31 vader-rover kernel: [    1.086883] console [ttyO2] enabled
Dec 20 12:38:31 vader-rover kernel: [    1.091156] omap_uart.3: ttyO3 at MMIO 0x49042000 (irq = 80) is a OMAP UART3
Dec 20 12:38:31 vader-rover kernel: [    1.109161] brd: module loaded
Dec 20 12:38:31 vader-rover kernel: [    1.117797] loop: module loaded
Dec 20 12:38:31 vader-rover kernel: [    1.123382] twl4030_madc twl4030_madc: clk disabled, enabling
Dec 20 12:38:31 vader-rover kernel: [    1.131835] NAND device: Manufacturer ID: 0x2c, Chip ID: 0xbc (Micron NAND 512MiB 1,8V 16-bit), page size: 2048, OOB size: 64
Dec 20 12:38:31 vader-rover kernel: [    1.160675] Creating 5 MTD partitions on "omap2-nand.0":
Dec 20 12:38:31 vader-rover kernel: [    1.166320] 0x000000000000-0x000000080000 : "xloader"
Dec 20 12:38:31 vader-rover kernel: [    1.173767] 0x000000080000-0x000000240000 : "uboot"
Dec 20 12:38:31 vader-rover kernel: [    1.182037] 0x000000240000-0x000000280000 : "uboot environment"
Dec 20 12:38:31 vader-rover kernel: [    1.189910] 0x000000280000-0x000000680000 : "linux"
Dec 20 12:38:31 vader-rover kernel: [    1.200408] 0x000000680000-0x000020000000 : "rootfs"
Dec 20 12:38:31 vader-rover kernel: [    1.711883] smsc911x: Driver version 2008-10-21
Dec 20 12:38:31 vader-rover kernel: [    1.717254] smsc911x: Driver version 2008-10-21
Dec 20 12:38:31 vader-rover kernel: [    1.722656] usbcore: registered new interface driver asix
Dec 20 12:38:31 vader-rover kernel: [    1.728424] usbcore: registered new interface driver cdc_ether
Dec 20 12:38:31 vader-rover kernel: [    1.734771] usbcore: registered new interface driver cdc_ncm
Dec 20 12:38:31 vader-rover kernel: [    1.741180] ehci_hcd: USB 2.0 'Enhanced' Host Controller (EHCI) Driver
Dec 20 12:38:31 vader-rover kernel: [    1.748138] ehci_hcd: block sizes: qh 64 qtd 96 itd 160 sitd 96
Dec 20 12:38:31 vader-rover kernel: [    1.748321] ehci-omap ehci-omap.0: failed to get ehci port1 regulator
Dec 20 12:38:31 vader-rover kernel: [    2.752655] ehci-omap ehci-omap.0: phy reset operation timed out
Dec 20 12:38:31 vader-rover kernel: [    2.752685] ehci-omap ehci-omap.0: reset hcs_params 0x1313 dbg=0 cc=1 pcc=3 ordered ports=3
Dec 20 12:38:31 vader-rover kernel: [    2.752716] ehci-omap ehci-omap.0: reset hcc_params 0016 thresh 1 uframes 256/512/1024 park
Dec 20 12:38:31 vader-rover kernel: [    2.752746] ehci-omap ehci-omap.0: reset command 0080b02  park=3 ithresh=8 period=1024 Reset HALT
Dec 20 12:38:31 vader-rover kernel: [    2.752777] ehci-omap ehci-omap.0: OMAP-EHCI Host Controller
Dec 20 12:38:31 vader-rover kernel: [    2.759155] ehci-omap ehci-omap.0: new USB bus registered, assigned bus number 1
Dec 20 12:38:31 vader-rover kernel: [    2.767120] ehci-omap ehci-omap.0: park 0
Dec 20 12:38:31 vader-rover kernel: [    2.767181] ehci-omap ehci-omap.0: irq 77, io mem 0x48064800
Dec 20 12:38:31 vader-rover kernel: [    2.773223] ehci-omap ehci-omap.0: init command 0010005 (park)=0 ithresh=1 period=512 RUN
Dec 20 12:38:31 vader-rover kernel: [    2.783935] ehci-omap ehci-omap.0: USB 2.0 started, EHCI 1.00
Dec 20 12:38:31 vader-rover kernel: [    2.790191] usb usb1: default language 0x0409
Dec 20 12:38:31 vader-rover kernel: [    2.790252] usb usb1: udev 1, busnum 1, minor = 0
Dec 20 12:38:31 vader-rover kernel: [    2.790252] usb usb1: New USB device found, idVendor=1d6b, idProduct=0002
Dec 20 12:38:31 vader-rover kernel: [    2.797485] usb usb1: New USB device strings: Mfr=3, Product=2, SerialNumber=1
Dec 20 12:38:31 vader-rover kernel: [    2.805145] usb usb1: Product: OMAP-EHCI Host Controller
Dec 20 12:38:31 vader-rover kernel: [    2.810760] usb usb1: Manufacturer: Linux 3.5.0-2-linaro-omap ehci_hcd
Dec 20 12:38:31 vader-rover kernel: [    2.817687] usb usb1: SerialNumber: ehci-omap.0
Dec 20 12:38:31 vader-rover kernel: [    2.823181] usb usb1: usb_probe_device
Dec 20 12:38:31 vader-rover kernel: [    2.823211] usb usb1: configuration #1 chosen from 1 choice
Dec 20 12:38:31 vader-rover kernel: [    2.823272] usb usb1: adding 1-0:1.0 (config #1, interface 0)
Dec 20 12:38:31 vader-rover kernel: [    2.823455] hub 1-0:1.0: usb_probe_interface
Dec 20 12:38:31 vader-rover kernel: [    2.823486] hub 1-0:1.0: usb_probe_interface - got id
Dec 20 12:38:31 vader-rover kernel: [    2.823516] hub 1-0:1.0: USB hub found
Dec 20 12:38:31 vader-rover kernel: [    2.827514] hub 1-0:1.0: 3 ports detected
Dec 20 12:38:31 vader-rover kernel: [    2.831787] hub 1-0:1.0: standalone hub
Dec 20 12:38:31 vader-rover kernel: [    2.831817] hub 1-0:1.0: individual port power switching
Dec 20 12:38:31 vader-rover kernel: [    2.831817] hub 1-0:1.0: individual port over-current protection
Dec 20 12:38:31 vader-rover kernel: [    2.831848] hub 1-0:1.0: power on to power good time: 20ms
Dec 20 12:38:31 vader-rover kernel: [    2.831878] hub 1-0:1.0: local power source is good
Dec 20 12:38:31 vader-rover kernel: [    2.831909] hub 1-0:1.0: enabling power on all ports
Dec 20 12:38:31 vader-rover kernel: [    2.832305] ehci-omap ehci-omap.0: ...powerup ports...
Dec 20 12:38:31 vader-rover kernel: [    2.862274] Initializing USB Mass Storage driver...
Dec 20 12:38:31 vader-rover kernel: [    2.867614] usbcore: registered new interface driver usb-storage
Dec 20 12:38:31 vader-rover kernel: [    2.873992] USB Mass Storage support registered.
Dec 20 12:38:31 vader-rover kernel: [    2.878906] musb-hdrc: version 6.0, ?dma?, otg (peripheral+host)
Dec 20 12:38:31 vader-rover kernel: [    2.891845] twl4030_usb twl4030_usb: twl4030_phy_resume
Dec 20 12:38:31 vader-rover kernel: [    2.892120] musb-hdrc: ConfigData=0xde (UTMI-8, dyn FIFOs, bulk combine, bulk split, HB-ISO Rx, HB-ISO Tx, SoftConn)
Dec 20 12:38:31 vader-rover kernel: [    2.892150] musb-hdrc: MHDRC RTL version 1.800 
Dec 20 12:38:31 vader-rover kernel: [    2.892150] musb-hdrc: setup fifo_mode 4
Dec 20 12:38:31 vader-rover kernel: [    2.892181] musb-hdrc: 28/31 max ep, 16384/16384 memory
Dec 20 12:38:31 vader-rover kernel: [    2.892761] musb-hdrc musb-hdrc: USB OTG mode controller at fa0ab000 using DMA, IRQ 92
Dec 20 12:38:31 vader-rover kernel: [    2.903320] twl4030_usb twl4030_usb: twl4030_phy_suspend
Dec 20 12:38:31 vader-rover kernel: [    2.903991] mousedev: PS/2 mouse device common for all mice
Dec 20 12:38:31 vader-rover kernel: [    2.910827] twl_rtc twl_rtc: Enabling TWL-RTC
Dec 20 12:38:31 vader-rover kernel: [    2.918365] twl_rtc twl_rtc: rtc core: registered twl_rtc as rtc0
Dec 20 12:38:31 vader-rover kernel: [    2.925567] i2c /dev entries driver
Dec 20 12:38:31 vader-rover kernel: [    2.931060] voltdm_scale: No voltage scale API registered for vdd_mpu_iva
Dec 20 12:38:31 vader-rover kernel: [    2.938415] ehci-omap ehci-omap.0: GetStatus port:2 status 001803 0  ACK POWER sig=j CSC CONNECT
Dec 20 12:38:31 vader-rover kernel: [    2.938446] hub 1-0:1.0: port 2: status 0501 change 0001
Dec 20 12:38:31 vader-rover kernel: [    2.938507] platform mpu.0: omap_target: unable to scale voltage up.
Dec 20 12:38:31 vader-rover kernel: [    2.945281] cpuidle: using governor ladder
Dec 20 12:38:31 vader-rover kernel: [    2.949645] cpuidle: using governor menu
Dec 20 12:38:31 vader-rover kernel: [    2.954376] omap_hsmmc omap_hsmmc.0: Failed to get debounce clk
Dec 20 12:38:31 vader-rover kernel: [    3.033966] hub 1-0:1.0: state 7 ports 3 chg 0004 evt 0000
Dec 20 12:38:31 vader-rover kernel: [    3.034027] hub 1-0:1.0: port 2, status 0501, change 0000, 480 Mb/s
Dec 20 12:38:31 vader-rover kernel: [    3.096466] ehci-omap ehci-omap.0: port 2 reset complete, port enabled
Dec 20 12:38:31 vader-rover kernel: [    3.096496] ehci-omap ehci-omap.0: GetStatus port:2 status 001005 0  ACK POWER sig=se0 PE CONNECT
Dec 20 12:38:31 vader-rover kernel: [    3.158935] usb 1-2: new high-speed USB device number 2 using ehci-omap
Dec 20 12:38:31 vader-rover kernel: [    3.221496] ehci-omap ehci-omap.0: port 2 reset complete, port enabled
Dec 20 12:38:31 vader-rover kernel: [    3.221527] ehci-omap ehci-omap.0: GetStatus port:2 status 001005 0  ACK POWER sig=se0 PE CONNECT
Dec 20 12:38:31 vader-rover kernel: [    3.315643] usb 1-2: udev 2, busnum 1, minor = 1
Dec 20 12:38:31 vader-rover kernel: [    3.315643] usb 1-2: New USB device found, idVendor=0409, idProduct=005a
Dec 20 12:38:31 vader-rover kernel: [    3.322723] usb 1-2: New USB device strings: Mfr=0, Product=0, SerialNumber=0
Dec 20 12:38:31 vader-rover kernel: [    3.331359] omap_hsmmc omap_hsmmc.1: Failed to get debounce clk
Dec 20 12:38:31 vader-rover kernel: [    3.338043] usb 1-2: usb_probe_device
Dec 20 12:38:31 vader-rover kernel: [    3.338073] usb 1-2: configuration #1 chosen from 1 choice
Dec 20 12:38:31 vader-rover kernel: [    3.338409] usb 1-2: adding 1-2:1.0 (config #1, interface 0)
Dec 20 12:38:31 vader-rover kernel: [    3.339935] hub 1-2:1.0: usb_probe_interface
Dec 20 12:38:31 vader-rover kernel: [    3.339965] hub 1-2:1.0: usb_probe_interface - got id
Dec 20 12:38:31 vader-rover kernel: [    3.339965] hub 1-2:1.0: USB hub found
Dec 20 12:38:31 vader-rover kernel: [    3.346618] hub 1-2:1.0: 4 ports detected
Dec 20 12:38:31 vader-rover kernel: [    3.350891] hub 1-2:1.0: standalone hub
Dec 20 12:38:31 vader-rover kernel: [    3.350921] hub 1-2:1.0: individual port power switching
Dec 20 12:38:31 vader-rover kernel: [    3.350921] hub 1-2:1.0: individual port over-current protection
Dec 20 12:38:31 vader-rover kernel: [    3.350952] hub 1-2:1.0: Single TT
Dec 20 12:38:31 vader-rover kernel: [    3.350952] hub 1-2:1.0: TT requires at most 16 FS bit times (1332 ns)
Dec 20 12:38:31 vader-rover kernel: [    3.350982] hub 1-2:1.0: power on to power good time: 100ms
Dec 20 12:38:31 vader-rover kernel: [    3.351257] hub 1-2:1.0: local power source is good
Dec 20 12:38:31 vader-rover kernel: [    3.351287] hub 1-2:1.0: enabling power on all ports
Dec 20 12:38:31 vader-rover kernel: [    3.378265] Registered led device: overo:red:gpio21
Dec 20 12:38:31 vader-rover kernel: [    3.378448] Registered led device: overo:blue:gpio22
Dec 20 12:38:31 vader-rover kernel: [    3.379455] Registered led device: overo:blue:COM
Dec 20 12:38:31 vader-rover kernel: [    3.381439] usbcore: registered new interface driver usbhid
Dec 20 12:38:31 vader-rover kernel: [    3.387451] usbhid: USB HID core driver
Dec 20 12:38:31 vader-rover kernel: [    3.392242] usbcore: registered new interface driver snd-usb-audio
Dec 20 12:38:31 vader-rover kernel: [    3.400299] overo SoC init
Dec 20 12:38:31 vader-rover kernel: [    3.403472] soc-audio soc-audio: ASoC machine overo should use snd_soc_register_card()
Dec 20 12:38:31 vader-rover kernel: [    3.448272] hub 1-2:1.0: port 1: status 0101 change 0001
Dec 20 12:38:31 vader-rover kernel: [    3.448608] hub 1-2:1.0: port 2: status 0101 change 0001
Dec 20 12:38:31 vader-rover kernel: [    3.448852] hub 1-2:1.0: port 3: status 0101 change 0001
Dec 20 12:38:31 vader-rover kernel: [    3.449096] hub 1-2:1.0: port 4: status 0101 change 0001
Dec 20 12:38:31 vader-rover kernel: [    3.491271] twl4030-codec twl4030-codec: ASoC: Failed to create Capture debugfs file
Dec 20 12:38:31 vader-rover kernel: [    3.503936] asoc: twl4030-hifi <-> omap-mcbsp.2 mapping ok
Dec 20 12:38:31 vader-rover kernel: [    3.514984] oprofile: hardware counters not available
Dec 20 12:38:31 vader-rover kernel: [    3.520385] oprofile: using timer interrupt.
Dec 20 12:38:31 vader-rover kernel: [    3.525390] TCP: cubic registered
Dec 20 12:38:31 vader-rover kernel: [    3.529083] NET: Registered protocol family 17
Dec 20 12:38:31 vader-rover kernel: [    3.534149] NET: Registered protocol family 15
Dec 20 12:38:31 vader-rover kernel: [    3.539154] Key type dns_resolver registered
Dec 20 12:38:31 vader-rover kernel: [    3.543975] VFP support v0.3: implementor 41 architecture 3 part 30 variant c rev 3
Dec 20 12:38:31 vader-rover kernel: [    3.552185] usb 1-2: link qh256-0001/de6c6b00 start 1 [1/0 us]
Dec 20 12:38:31 vader-rover kernel: [    3.552246] hub 1-2:1.0: state 7 ports 4 chg 001e evt 0000
Dec 20 12:38:31 vader-rover kernel: [    3.552551] hub 1-2:1.0: port 1, status 0101, change 0000, 12 Mb/s
Dec 20 12:38:31 vader-rover kernel: [    3.558959] ThumbEE CPU extension supported.
Dec 20 12:38:31 vader-rover kernel: [    3.563507] sr_init: No PMIC hook to init smartreflex
Dec 20 12:38:31 vader-rover kernel: [    3.569152] smartreflex smartreflex.0: omap_sr_probe: SmartReflex driver initialized
Dec 20 12:38:31 vader-rover kernel: [    3.577789] smartreflex smartreflex.1: omap_sr_probe: SmartReflex driver initialized
Dec 20 12:38:31 vader-rover kernel: [    3.595245] clock: disabling unused clocks to save power
Dec 20 12:38:31 vader-rover kernel: [    3.602081] registered taskstats version 1
Dec 20 12:38:31 vader-rover kernel: [    3.608062] fbcvt: 1024x768@60: CVT Name - .786M3-R
Dec 20 12:38:31 vader-rover kernel: [    3.634918] Console: switching to colour frame buffer device 128x48
Dec 20 12:38:31 vader-rover kernel: [    3.635742] usb 1-2.1: new full-speed USB device number 3 using ehci-omap
Dec 20 12:38:31 vader-rover kernel: [    3.665649] VDAC: incomplete constraints, leaving on
Dec 20 12:38:31 vader-rover kernel: [    3.673126] twl_rtc twl_rtc: setting system clock to 2013-12-20 17:38:19 UTC (1387561099)
Dec 20 12:38:31 vader-rover kernel: [    3.682189] ALSA device list:
Dec 20 12:38:31 vader-rover kernel: [    3.685546]   #0: overo
Dec 20 12:38:31 vader-rover kernel: [    3.689422] Freeing init memory: 220K
Dec 20 12:38:31 vader-rover kernel: [    3.717987] mmc0: host does not support reading read-only switch. assuming write-enable.
Dec 20 12:38:31 vader-rover kernel: [    3.736267] mmc0: new high speed SDXC card at address e624
Dec 20 12:38:31 vader-rover kernel: [    3.752471] mmcblk0: mmc0:e624 SU64G 59.4 GiB 
