Mar 13 10:31:10 vader-rover kernel: imklog 5.8.6, log source = /proc/kmsg started.
Mar 13 10:31:10 vader-rover rsyslogd: [origin software="rsyslogd" swVersion="5.8.6" x-pid="510" x-info="http://www.rsyslog.com"] start
Mar 13 10:31:10 vader-rover rsyslogd: rsyslogd's groupid changed to 103
Mar 13 10:31:10 vader-rover rsyslogd: rsyslogd's userid changed to 101
Mar 13 10:31:10 vader-rover rsyslogd-2039: Could not open output pipe '/dev/xconsole' [try http://www.rsyslog.com/e/2039 ]
Mar 13 10:31:10 vader-rover kernel: [    0.000000] Booting Linux on physical CPU 0
Mar 13 10:31:10 vader-rover kernel: [    0.000000] Initializing cgroup subsys cpuset
Mar 13 10:31:10 vader-rover kernel: [    0.000000] Initializing cgroup subsys cpu
Mar 13 10:31:10 vader-rover kernel: [    0.000000] Linux version 3.5.0-2-linaro-omap (adam@pine) (gcc version 4.6.3 (Ubuntu/Linaro 4.6.3-1ubuntu5) ) #2~ci+121210190143 PREEMPT Mon Dec 10 11:03:27 PST 2012
Mar 13 10:31:10 vader-rover kernel: [    0.000000] CPU: ARMv7 Processor [413fc082] revision 2 (ARMv7), cr=10c53c7d
Mar 13 10:31:10 vader-rover kernel: [    0.000000] CPU: PIPT / VIPT nonaliasing data cache, VIPT aliasing instruction cache
Mar 13 10:31:10 vader-rover kernel: [    0.000000] Machine: Gumstix Overo
Mar 13 10:31:10 vader-rover kernel: [    0.000000] Reserving 12582912 bytes SDRAM for VRAM
Mar 13 10:31:10 vader-rover kernel: [    0.000000] Memory policy: ECC disabled, Data cache writeback
Mar 13 10:31:10 vader-rover kernel: [    0.000000] On node 0 totalpages: 127744
Mar 13 10:31:10 vader-rover kernel: [    0.000000] free_area_init_node: node 0, pgdat c070b85c, node_mem_map c07a7000
Mar 13 10:31:10 vader-rover kernel: [    0.000000]   Normal zone: 1024 pages used for memmap
Mar 13 10:31:10 vader-rover kernel: [    0.000000]   Normal zone: 0 pages reserved
Mar 13 10:31:10 vader-rover kernel: [    0.000000]   Normal zone: 126720 pages, LIFO batch:31
Mar 13 10:31:10 vader-rover kernel: [    0.000000] OMAP3630 ES1.2 (l2cache iva sgx neon isp 192mhz_clk )
Mar 13 10:31:10 vader-rover kernel: [    0.000000] Clocking rate (Crystal/Core/MPU): 26.0/332/600 MHz
Mar 13 10:31:10 vader-rover kernel: [    0.000000] pcpu-alloc: s0 r0 d32768 u32768 alloc=1*32768
Mar 13 10:31:10 vader-rover kernel: [    0.000000] pcpu-alloc: [0] 0 
Mar 13 10:31:10 vader-rover kernel: [    0.000000] Built 1 zonelists in Zone order, mobility grouping on.  Total pages: 126720
Mar 13 10:31:10 vader-rover kernel: [    0.000000] Kernel command line: console=tty0 console=ttyO2,115200n8 root=/dev/mmcblk0p2 rootwait ro earlyprintk mpurate=720 vram=12M omapdss.def_disp=dvi omapfb.mode=dvi:1024x768MR-16@60
Mar 13 10:31:10 vader-rover kernel: [    0.000000] PID hash table entries: 2048 (order: 1, 8192 bytes)
Mar 13 10:31:10 vader-rover kernel: [    0.000000] Dentry cache hash table entries: 65536 (order: 6, 262144 bytes)
Mar 13 10:31:10 vader-rover kernel: [    0.000000] Inode-cache hash table entries: 32768 (order: 5, 131072 bytes)
Mar 13 10:31:10 vader-rover kernel: [    0.000000] allocated 1048576 bytes of page_cgroup
Mar 13 10:31:10 vader-rover kernel: [    0.000000] please try 'cgroup_disable=memory' option if you don't want memory cgroups
Mar 13 10:31:10 vader-rover kernel: [    0.000000] Memory: 499MB = 499MB total
Mar 13 10:31:10 vader-rover kernel: [    0.000000] Memory: 495744k/495744k available, 28544k reserved, 0K highmem
Mar 13 10:31:10 vader-rover kernel: [    0.000000] Virtual kernel memory layout:
Mar 13 10:31:10 vader-rover kernel: [    0.000000]     vector  : 0xffff0000 - 0xffff1000   (   4 kB)
Mar 13 10:31:10 vader-rover kernel: [    0.000000]     fixmap  : 0xfff00000 - 0xfffe0000   ( 896 kB)
Mar 13 10:31:10 vader-rover kernel: [    0.000000]     vmalloc : 0xe0800000 - 0xff000000   ( 488 MB)
Mar 13 10:31:10 vader-rover kernel: [    0.000000]     lowmem  : 0xc0000000 - 0xe0000000   ( 512 MB)
Mar 13 10:31:10 vader-rover kernel: [    0.000000]     pkmap   : 0xbfe00000 - 0xc0000000   (   2 MB)
Mar 13 10:31:10 vader-rover kernel: [    0.000000]     modules : 0xbf000000 - 0xbfe00000   (  14 MB)
Mar 13 10:31:10 vader-rover kernel: [    0.000000]       .text : 0xc0008000 - 0xc067abfc   (6603 kB)
Mar 13 10:31:10 vader-rover kernel: [    0.000000]       .init : 0xc067b000 - 0xc06b2000   ( 220 kB)
Mar 13 10:31:10 vader-rover kernel: [    0.000000]       .data : 0xc06b2000 - 0xc071b268   ( 421 kB)
Mar 13 10:31:10 vader-rover kernel: [    0.000000]        .bss : 0xc071b28c - 0xc07a6020   ( 556 kB)
Mar 13 10:31:10 vader-rover kernel: [    0.000000] NR_IRQS:474
Mar 13 10:31:10 vader-rover kernel: [    0.000000] IRQ: Found an INTC at 0xfa200000 (revision 4.0) with 96 interrupts
Mar 13 10:31:10 vader-rover kernel: [    0.000000] Total of 96 interrupts on 1 active controller
Mar 13 10:31:10 vader-rover kernel: [    0.000000] OMAP clockevent source: GPTIMER1 at 32768 Hz
Mar 13 10:31:10 vader-rover kernel: [    0.000000] sched_clock: 32 bits at 32kHz, resolution 30517ns, wraps every 131071999ms
Mar 13 10:31:10 vader-rover kernel: [    0.000000] OMAP clocksource: 32k_counter at 32768 Hz
Mar 13 10:31:10 vader-rover kernel: [    0.000000] Console: colour dummy device 80x30
Mar 13 10:31:10 vader-rover kernel: [    0.000000] console [tty0] enabled
Mar 13 10:31:10 vader-rover kernel: [    0.001007] Calibrating delay loop... 597.64 BogoMIPS (lpj=2334720)
Mar 13 10:31:10 vader-rover kernel: [    0.039123] pid_max: default: 32768 minimum: 301
Mar 13 10:31:10 vader-rover kernel: [    0.039337] Security Framework initialized
Mar 13 10:31:10 vader-rover kernel: [    0.039459] Mount-cache hash table entries: 512
Mar 13 10:31:10 vader-rover kernel: [    0.040252] Initializing cgroup subsys debug
Mar 13 10:31:10 vader-rover kernel: [    0.040313] Initializing cgroup subsys cpuacct
Mar 13 10:31:10 vader-rover kernel: [    0.040313] Initializing cgroup subsys memory
Mar 13 10:31:10 vader-rover kernel: [    0.040405] Initializing cgroup subsys devices
Mar 13 10:31:10 vader-rover kernel: [    0.040435] Initializing cgroup subsys freezer
Mar 13 10:31:10 vader-rover kernel: [    0.040435] Initializing cgroup subsys perf_event
Mar 13 10:31:10 vader-rover kernel: [    0.040588] CPU: Testing write buffer coherency: ok
Mar 13 10:31:10 vader-rover kernel: [    0.040893] Setting up static identity map for 0x8046ea98 - 0x8046eaf0
Mar 13 10:31:10 vader-rover kernel: [    0.046051] devtmpfs: initialized
Mar 13 10:31:10 vader-rover kernel: [    0.050872] dummy: 
Mar 13 10:31:10 vader-rover kernel: [    0.051300] NET: Registered protocol family 16
Mar 13 10:31:10 vader-rover kernel: [    0.051727] GPMC revision 5.0
Mar 13 10:31:10 vader-rover kernel: [    0.051788] gpmc: irq-20 could not claim: err -22
Mar 13 10:31:10 vader-rover kernel: [    0.054077] gpiochip_add: registered GPIOs 0 to 31 on device: gpio
Mar 13 10:31:10 vader-rover kernel: [    0.054168] OMAP GPIO hardware version 2.5
Mar 13 10:31:10 vader-rover kernel: [    0.054412] gpiochip_add: registered GPIOs 32 to 63 on device: gpio
Mar 13 10:31:10 vader-rover kernel: [    0.054809] gpiochip_add: registered GPIOs 64 to 95 on device: gpio
Mar 13 10:31:10 vader-rover kernel: [    0.055114] gpiochip_add: registered GPIOs 96 to 127 on device: gpio
Mar 13 10:31:10 vader-rover kernel: [    0.055389] gpiochip_add: registered GPIOs 128 to 159 on device: gpio
Mar 13 10:31:10 vader-rover kernel: [    0.055694] gpiochip_add: registered GPIOs 160 to 191 on device: gpio
Mar 13 10:31:10 vader-rover kernel: [    0.056610] omap_mux_init: Add partition: #1: core, flags: 0
Mar 13 10:31:10 vader-rover kernel: [    0.061614] _omap_mux_get_by_name: Could not find signal uart4_rx.uart4_rx
Mar 13 10:31:10 vader-rover kernel: [    0.067474] Reprogramming SDRC clock to 332000000 Hz
Mar 13 10:31:10 vader-rover kernel: [    0.067535] dpll3_m2_clk rate change failed: -22
Mar 13 10:31:10 vader-rover kernel: [    0.067565] Found NAND on CS0
Mar 13 10:31:10 vader-rover kernel: [    0.067565] Registering NAND on CS0
Mar 13 10:31:10 vader-rover kernel: [    0.068786]  usbhs_omap: alias fck already exists
Mar 13 10:31:10 vader-rover kernel: [    0.076293] hw-breakpoint: debug architecture 0x4 unsupported.
Mar 13 10:31:10 vader-rover kernel: [    0.079376]  omap-mcbsp.2: alias fck already exists
Mar 13 10:31:10 vader-rover kernel: [    0.079589]  omap-mcbsp.3: alias fck already exists
Mar 13 10:31:10 vader-rover kernel: [    0.080657] Switched to new clocking rate (Crystal/Core/MPU): 26.0/332/720 MHz
Mar 13 10:31:10 vader-rover kernel: [    0.080902] OMAP DMA hardware revision 5.0
Mar 13 10:31:10 vader-rover kernel: [    0.087890] bio: create slab <bio-0> at 0
Mar 13 10:31:10 vader-rover kernel: [    0.088592] fixed-dummy: 
Mar 13 10:31:10 vader-rover kernel: [    0.088684] reg-fixed-voltage reg-fixed-voltage.0: fixed-dummy supplying 0uV
Mar 13 10:31:10 vader-rover kernel: [    0.088867] vads7846: override min_uV, 1 -> 3300000
Mar 13 10:31:10 vader-rover kernel: [    0.088867] vads7846: override max_uV, 2147483647 -> 3300000
Mar 13 10:31:10 vader-rover kernel: [    0.088897] vads7846: 3300 mV 
Mar 13 10:31:10 vader-rover kernel: [    0.088989] reg-fixed-voltage reg-fixed-voltage.1: vads7846 supplying 3300000uV
Mar 13 10:31:10 vader-rover kernel: [    0.089599] SCSI subsystem initialized
Mar 13 10:31:10 vader-rover kernel: [    0.089904] usbcore: registered new interface driver usbfs
Mar 13 10:31:10 vader-rover kernel: [    0.090026] usbcore: registered new interface driver hub
Mar 13 10:31:10 vader-rover kernel: [    0.090240] usbcore: registered new device driver usb
Mar 13 10:31:10 vader-rover kernel: [    0.090698] omap_i2c omap_i2c.1: bus 1 rev1.4.0 at 2600 kHz
Mar 13 10:31:10 vader-rover kernel: [    0.093231] twl 1-0048: PIH (irq 7) chaining IRQs 320..328
Mar 13 10:31:10 vader-rover kernel: [    0.093383] twl 1-0048: power (irq 325) chaining IRQs 328..335
Mar 13 10:31:10 vader-rover kernel: [    0.094024] twl4030_gpio twl4030_gpio: gpio (irq 320) chaining IRQs 336..353
Mar 13 10:31:10 vader-rover kernel: [    0.094329] gpiochip_add: registered GPIOs 192 to 211 on device: twl4030
Mar 13 10:31:10 vader-rover kernel: [    0.095031] VUSB1V5: override min_uV, 1 -> 1500000
Mar 13 10:31:10 vader-rover kernel: [    0.095031] VUSB1V5: override max_uV, 2147483647 -> 1500000
Mar 13 10:31:10 vader-rover kernel: [    0.095062] VUSB1V5: 1500 mV normal standby
Mar 13 10:31:10 vader-rover kernel: [    0.095489] VUSB1V8: override min_uV, 1 -> 1800000
Mar 13 10:31:10 vader-rover kernel: [    0.095520] VUSB1V8: override max_uV, 2147483647 -> 1800000
Mar 13 10:31:10 vader-rover kernel: [    0.095520] VUSB1V8: 1800 mV normal standby
Mar 13 10:31:10 vader-rover kernel: [    0.095916] VUSB3V1: override min_uV, 1 -> 3100000
Mar 13 10:31:10 vader-rover kernel: [    0.095947] VUSB3V1: override max_uV, 2147483647 -> 3100000
Mar 13 10:31:10 vader-rover kernel: [    0.095947] VUSB3V1: 3100 mV normal standby
Mar 13 10:31:10 vader-rover kernel: [    0.097381] twl4030_usb twl4030_usb: HW_CONDITIONS 0x10/16; link 0
Mar 13 10:31:10 vader-rover kernel: [    0.097625] twl4030_usb twl4030_usb: Initialized TWL4030 USB module
Mar 13 10:31:10 vader-rover kernel: [    0.098083] vdd_mpu_iva: 600 <--> 1450 mV normal 
Mar 13 10:31:10 vader-rover kernel: [    0.098510] vdd_core: 600 <--> 1450 mV normal 
Mar 13 10:31:10 vader-rover kernel: [    0.098968] VMMC1: 1850 <--> 3150 mV at 3000 mV normal standby
Mar 13 10:31:10 vader-rover kernel: [    0.099487] VDAC: 1800 mV normal standby
Mar 13 10:31:10 vader-rover kernel: [    0.099975] VDVI: 1800 mV normal standby
Mar 13 10:31:10 vader-rover kernel: [    0.100433] omap_i2c omap_i2c.3: bus 3 rev1.4.0 at 400 kHz
Mar 13 10:31:10 vader-rover kernel: [    0.101196] omap-iommu omap-iommu.0: isp registered
Mar 13 10:31:10 vader-rover kernel: [    0.101379] Advanced Linux Sound Architecture Driver Version 1.0.25.
Mar 13 10:31:10 vader-rover kernel: [    0.102264] Switching to clocksource 32k_counter
Mar 13 10:31:10 vader-rover kernel: [    0.126831] usbhs_omap usbhs_omap: xclk60mhsp2_ck set parentfailed error:-22
Mar 13 10:31:10 vader-rover kernel: [    0.127624] NET: Registered protocol family 2
Mar 13 10:31:10 vader-rover kernel: [    0.127929] IP route cache hash table entries: 4096 (order: 2, 16384 bytes)
Mar 13 10:31:10 vader-rover kernel: [    0.128448] TCP established hash table entries: 16384 (order: 5, 131072 bytes)
Mar 13 10:31:10 vader-rover kernel: [    0.128784] TCP bind hash table entries: 16384 (order: 4, 65536 bytes)
Mar 13 10:31:10 vader-rover kernel: [    0.128967] TCP: Hash tables configured (established 16384 bind 16384)
Mar 13 10:31:10 vader-rover kernel: [    0.128997] TCP: reno registered
Mar 13 10:31:10 vader-rover kernel: [    0.129028] UDP hash table entries: 256 (order: 0, 4096 bytes)
Mar 13 10:31:10 vader-rover kernel: [    0.129058] UDP-Lite hash table entries: 256 (order: 0, 4096 bytes)
Mar 13 10:31:10 vader-rover kernel: [    0.129364] NET: Registered protocol family 1
Mar 13 10:31:10 vader-rover kernel: [    0.129882] RPC: Registered named UNIX socket transport module.
Mar 13 10:31:10 vader-rover kernel: [    0.129913] RPC: Registered udp transport module.
Mar 13 10:31:10 vader-rover kernel: [    0.129943] RPC: Registered tcp transport module.
Mar 13 10:31:10 vader-rover kernel: [    0.129974] RPC: Registered tcp NFSv4.1 backchannel transport module.
Mar 13 10:31:10 vader-rover kernel: [    0.130218] Trying to unpack rootfs image as initramfs...
Mar 13 10:31:10 vader-rover kernel: [    0.279693] Freeing initrd memory: 1828K
Mar 13 10:31:10 vader-rover kernel: [    0.282012] audit: initializing netlink socket (disabled)
Mar 13 10:31:10 vader-rover kernel: [    0.282196] type=2000 audit(0.281:1): initialized
Mar 13 10:31:10 vader-rover kernel: [    0.283569] VFS: Disk quotas dquot_6.5.2
Mar 13 10:31:10 vader-rover kernel: [    0.283691] Dquot-cache hash table entries: 1024 (order 0, 4096 bytes)
Mar 13 10:31:10 vader-rover kernel: [    0.284057] NFS: Registering the id_resolver key type
Mar 13 10:31:10 vader-rover kernel: [    0.284149] Key type id_resolver registered
Mar 13 10:31:10 vader-rover kernel: [    0.284606] jffs2: version 2.2. (NAND) (SUMMARY)  Â© 2001-2006 Red Hat, Inc.
Mar 13 10:31:10 vader-rover kernel: [    0.285247] fuse init (API version 7.19)
Mar 13 10:31:10 vader-rover kernel: [    0.285766] msgmni has been set to 971
Mar 13 10:31:10 vader-rover kernel: [    0.287445] Block layer SCSI generic (bsg) driver version 0.4 loaded (major 253)
Mar 13 10:31:10 vader-rover kernel: [    0.287475] io scheduler noop registered
Mar 13 10:31:10 vader-rover kernel: [    0.287506] io scheduler deadline registered (default)
Mar 13 10:31:10 vader-rover kernel: [    0.288269] OMAP DSS rev 2.0
Mar 13 10:31:10 vader-rover kernel: [    0.291412] omap_uart.0: ttyO0 at MMIO 0x4806a000 (irq = 72) is a OMAP UART0
Mar 13 10:31:10 vader-rover kernel: [    0.291931] omap_uart.1: ttyO1 at MMIO 0x4806c000 (irq = 73) is a OMAP UART1
Mar 13 10:31:10 vader-rover kernel: [    0.292358] omap_uart.2: ttyO2 at MMIO 0x49020000 (irq = 74) is a OMAP UART2
Mar 13 10:31:10 vader-rover kernel: [    0.993286] console [ttyO2] enabled
Mar 13 10:31:10 vader-rover kernel: [    0.997375] omap_uart.3: ttyO3 at MMIO 0x49042000 (irq = 80) is a OMAP UART3
Mar 13 10:31:10 vader-rover kernel: [    1.012298] brd: module loaded
Mar 13 10:31:10 vader-rover kernel: [    1.019378] loop: module loaded
Mar 13 10:31:10 vader-rover kernel: [    1.024810] twl4030_madc twl4030_madc: clk disabled, enabling
Mar 13 10:31:10 vader-rover kernel: [    1.032806] NAND device: Manufacturer ID: 0x2c, Chip ID: 0xbc (Micron NAND 512MiB 1,8V 16-bit), page size: 2048, OOB size: 64
Mar 13 10:31:10 vader-rover kernel: [    1.057647] Creating 5 MTD partitions on "omap2-nand.0":
Mar 13 10:31:10 vader-rover kernel: [    1.063262] 0x000000000000-0x000000080000 : "xloader"
Mar 13 10:31:10 vader-rover kernel: [    1.070190] 0x000000080000-0x000000240000 : "uboot"
Mar 13 10:31:10 vader-rover kernel: [    1.077545] 0x000000240000-0x000000280000 : "uboot environment"
Mar 13 10:31:10 vader-rover kernel: [    1.084899] 0x000000280000-0x000000680000 : "linux"
Mar 13 10:31:10 vader-rover kernel: [    1.093750] 0x000000680000-0x000020000000 : "rootfs"
Mar 13 10:31:10 vader-rover kernel: [    1.452331] smsc911x: Driver version 2008-10-21
Mar 13 10:31:10 vader-rover kernel: [    1.457580] smsc911x: Driver version 2008-10-21
Mar 13 10:31:10 vader-rover kernel: [    1.462768] usbcore: registered new interface driver asix
Mar 13 10:31:10 vader-rover kernel: [    1.468505] usbcore: registered new interface driver cdc_ether
Mar 13 10:31:10 vader-rover kernel: [    1.474761] usbcore: registered new interface driver cdc_ncm
Mar 13 10:31:10 vader-rover kernel: [    1.481048] ehci_hcd: USB 2.0 'Enhanced' Host Controller (EHCI) Driver
Mar 13 10:31:10 vader-rover kernel: [    1.487945] ehci_hcd: block sizes: qh 64 qtd 96 itd 160 sitd 96
Mar 13 10:31:10 vader-rover kernel: [    1.488098] ehci-omap ehci-omap.0: failed to get ehci port1 regulator
Mar 13 10:31:10 vader-rover kernel: [    2.493041] ehci-omap ehci-omap.0: phy reset operation timed out
Mar 13 10:31:10 vader-rover kernel: [    2.493072] ehci-omap ehci-omap.0: reset hcs_params 0x1313 dbg=0 cc=1 pcc=3 ordered ports=3
Mar 13 10:31:10 vader-rover kernel: [    2.493072] ehci-omap ehci-omap.0: reset hcc_params 0016 thresh 1 uframes 256/512/1024 park
Mar 13 10:31:10 vader-rover kernel: [    2.493103] ehci-omap ehci-omap.0: reset command 0080b02  park=3 ithresh=8 period=1024 Reset HALT
Mar 13 10:31:10 vader-rover kernel: [    2.493133] ehci-omap ehci-omap.0: OMAP-EHCI Host Controller
Mar 13 10:31:10 vader-rover kernel: [    2.499389] ehci-omap ehci-omap.0: new USB bus registered, assigned bus number 1
Mar 13 10:31:10 vader-rover kernel: [    2.507263] ehci-omap ehci-omap.0: park 0
Mar 13 10:31:10 vader-rover kernel: [    2.507324] ehci-omap ehci-omap.0: irq 77, io mem 0x48064800
Mar 13 10:31:10 vader-rover kernel: [    2.513305] ehci-omap ehci-omap.0: init command 0010005 (park)=0 ithresh=1 period=512 RUN
Mar 13 10:31:10 vader-rover kernel: [    2.524353] ehci-omap ehci-omap.0: USB 2.0 started, EHCI 1.00
Mar 13 10:31:10 vader-rover kernel: [    2.530548] usb usb1: default language 0x0409
Mar 13 10:31:10 vader-rover kernel: [    2.530578] usb usb1: udev 1, busnum 1, minor = 0
Mar 13 10:31:10 vader-rover kernel: [    2.530578] usb usb1: New USB device found, idVendor=1d6b, idProduct=0002
Mar 13 10:31:10 vader-rover kernel: [    2.537750] usb usb1: New USB device strings: Mfr=3, Product=2, SerialNumber=1
Mar 13 10:31:10 vader-rover kernel: [    2.545379] usb usb1: Product: OMAP-EHCI Host Controller
Mar 13 10:31:10 vader-rover kernel: [    2.550994] usb usb1: Manufacturer: Linux 3.5.0-2-linaro-omap ehci_hcd
Mar 13 10:31:10 vader-rover kernel: [    2.557861] usb usb1: SerialNumber: ehci-omap.0
Mar 13 10:31:10 vader-rover kernel: [    2.563110] usb usb1: usb_probe_device
Mar 13 10:31:10 vader-rover kernel: [    2.563110] usb usb1: configuration #1 chosen from 1 choice
Mar 13 10:31:10 vader-rover kernel: [    2.563171] usb usb1: adding 1-0:1.0 (config #1, interface 0)
Mar 13 10:31:10 vader-rover kernel: [    2.563323] hub 1-0:1.0: usb_probe_interface
Mar 13 10:31:10 vader-rover kernel: [    2.563323] hub 1-0:1.0: usb_probe_interface - got id
Mar 13 10:31:10 vader-rover kernel: [    2.563354] hub 1-0:1.0: USB hub found
Mar 13 10:31:10 vader-rover kernel: [    2.567352] hub 1-0:1.0: 3 ports detected
Mar 13 10:31:10 vader-rover kernel: [    2.571594] hub 1-0:1.0: standalone hub
Mar 13 10:31:10 vader-rover kernel: [    2.571624] hub 1-0:1.0: individual port power switching
Mar 13 10:31:10 vader-rover kernel: [    2.571624] hub 1-0:1.0: individual port over-current protection
Mar 13 10:31:10 vader-rover kernel: [    2.571624] hub 1-0:1.0: power on to power good time: 20ms
Mar 13 10:31:10 vader-rover kernel: [    2.571655] hub 1-0:1.0: local power source is good
Mar 13 10:31:10 vader-rover kernel: [    2.571685] hub 1-0:1.0: enabling power on all ports
Mar 13 10:31:10 vader-rover kernel: [    2.571960] ehci-omap ehci-omap.0: ...powerup ports...
Mar 13 10:31:10 vader-rover kernel: [    2.602630] Initializing USB Mass Storage driver...
Mar 13 10:31:10 vader-rover kernel: [    2.607940] usbcore: registered new interface driver usb-storage
Mar 13 10:31:10 vader-rover kernel: [    2.614288] USB Mass Storage support registered.
Mar 13 10:31:10 vader-rover kernel: [    2.619140] musb-hdrc: version 6.0, ?dma?, otg (peripheral+host)
Mar 13 10:31:10 vader-rover kernel: [    2.631103] twl4030_usb twl4030_usb: twl4030_phy_resume
Mar 13 10:31:10 vader-rover kernel: [    2.631347] musb-hdrc: ConfigData=0xde (UTMI-8, dyn FIFOs, bulk combine, bulk split, HB-ISO Rx, HB-ISO Tx, SoftConn)
Mar 13 10:31:10 vader-rover kernel: [    2.631378] musb-hdrc: MHDRC RTL version 1.800 
Mar 13 10:31:10 vader-rover kernel: [    2.631378] musb-hdrc: setup fifo_mode 4
Mar 13 10:31:10 vader-rover kernel: [    2.631378] musb-hdrc: 28/31 max ep, 16384/16384 memory
Mar 13 10:31:10 vader-rover kernel: [    2.631805] musb-hdrc musb-hdrc: USB OTG mode controller at fa0ab000 using DMA, IRQ 92
Mar 13 10:31:10 vader-rover kernel: [    2.642059] twl4030_usb twl4030_usb: twl4030_phy_suspend
Mar 13 10:31:10 vader-rover kernel: [    2.642578] mousedev: PS/2 mouse device common for all mice
Mar 13 10:31:10 vader-rover kernel: [    2.649139] twl_rtc twl_rtc: Enabling TWL-RTC
Mar 13 10:31:10 vader-rover kernel: [    2.656341] twl_rtc twl_rtc: rtc core: registered twl_rtc as rtc0
Mar 13 10:31:10 vader-rover kernel: [    2.663574] i2c /dev entries driver
Mar 13 10:31:10 vader-rover kernel: [    2.668640] voltdm_scale: No voltage scale API registered for vdd_mpu_iva
Mar 13 10:31:10 vader-rover kernel: [    2.675872] ehci-omap ehci-omap.0: GetStatus port:2 status 001803 0  ACK POWER sig=j CSC CONNECT
Mar 13 10:31:10 vader-rover kernel: [    2.675903] hub 1-0:1.0: port 2: status 0501 change 0001
Mar 13 10:31:10 vader-rover kernel: [    2.675964] platform mpu.0: omap_target: unable to scale voltage up.
Mar 13 10:31:10 vader-rover kernel: [    2.682617] cpuidle: using governor ladder
Mar 13 10:31:10 vader-rover kernel: [    2.686950] cpuidle: using governor menu
Mar 13 10:31:10 vader-rover kernel: [    2.691589] omap_hsmmc omap_hsmmc.0: Failed to get debounce clk
Mar 13 10:31:10 vader-rover kernel: [    2.774414] hub 1-0:1.0: state 7 ports 3 chg 0004 evt 0000
Mar 13 10:31:10 vader-rover kernel: [    2.774444] hub 1-0:1.0: port 2, status 0501, change 0000, 480 Mb/s
Mar 13 10:31:10 vader-rover kernel: [    2.836883] ehci-omap ehci-omap.0: port 2 reset complete, port enabled
Mar 13 10:31:10 vader-rover kernel: [    2.836914] ehci-omap ehci-omap.0: GetStatus port:2 status 001005 0  ACK POWER sig=se0 PE CONNECT
Mar 13 10:31:10 vader-rover kernel: [    2.899353] usb 1-2: new high-speed USB device number 2 using ehci-omap
Mar 13 10:31:10 vader-rover kernel: [    2.961883] ehci-omap ehci-omap.0: port 2 reset complete, port enabled
Mar 13 10:31:10 vader-rover kernel: [    2.961914] ehci-omap ehci-omap.0: GetStatus port:2 status 001005 0  ACK POWER sig=se0 PE CONNECT
Mar 13 10:31:10 vader-rover kernel: [    3.055969] usb 1-2: udev 2, busnum 1, minor = 1
Mar 13 10:31:10 vader-rover kernel: [    3.055999] usb 1-2: New USB device found, idVendor=0409, idProduct=005a
Mar 13 10:31:10 vader-rover kernel: [    3.063049] usb 1-2: New USB device strings: Mfr=0, Product=0, SerialNumber=0
Mar 13 10:31:10 vader-rover kernel: [    3.070953] usb 1-2: usb_probe_device
Mar 13 10:31:10 vader-rover kernel: [    3.070983] usb 1-2: configuration #1 chosen from 1 choice
Mar 13 10:31:10 vader-rover kernel: [    3.071716] omap_hsmmc omap_hsmmc.1: Failed to get debounce clk
Mar 13 10:31:10 vader-rover kernel: [    3.078216] usb 1-2: adding 1-2:1.0 (config #1, interface 0)
Mar 13 10:31:10 vader-rover kernel: [    3.078369] hub 1-2:1.0: usb_probe_interface
Mar 13 10:31:10 vader-rover kernel: [    3.078369] hub 1-2:1.0: usb_probe_interface - got id
Mar 13 10:31:10 vader-rover kernel: [    3.078399] hub 1-2:1.0: USB hub found
Mar 13 10:31:10 vader-rover kernel: [    3.082611] hub 1-2:1.0: 4 ports detected
Mar 13 10:31:10 vader-rover kernel: [    3.087738] hub 1-2:1.0: standalone hub
Mar 13 10:31:10 vader-rover kernel: [    3.087738] hub 1-2:1.0: individual port power switching
Mar 13 10:31:10 vader-rover kernel: [    3.087768] hub 1-2:1.0: individual port over-current protection
Mar 13 10:31:10 vader-rover kernel: [    3.087768] hub 1-2:1.0: Single TT
Mar 13 10:31:10 vader-rover kernel: [    3.087768] hub 1-2:1.0: TT requires at most 16 FS bit times (1332 ns)
Mar 13 10:31:10 vader-rover kernel: [    3.087799] hub 1-2:1.0: power on to power good time: 100ms
Mar 13 10:31:10 vader-rover kernel: [    3.089721] hub 1-2:1.0: local power source is good
Mar 13 10:31:10 vader-rover kernel: [    3.089721] hub 1-2:1.0: enabling power on all ports
Mar 13 10:31:10 vader-rover kernel: [    3.118591] Registered led device: overo:red:gpio21
Mar 13 10:31:10 vader-rover kernel: [    3.118713] Registered led device: overo:blue:gpio22
Mar 13 10:31:10 vader-rover kernel: [    3.119598] Registered led device: overo:blue:COM
Mar 13 10:31:10 vader-rover kernel: [    3.121063] usbcore: registered new interface driver usbhid
Mar 13 10:31:10 vader-rover kernel: [    3.127014] usbhid: USB HID core driver
Mar 13 10:31:10 vader-rover kernel: [    3.131622] usbcore: registered new interface driver snd-usb-audio
Mar 13 10:31:10 vader-rover kernel: [    3.139312] overo SoC init
Mar 13 10:31:10 vader-rover kernel: [    3.142364] soc-audio soc-audio: ASoC machine overo should use snd_soc_register_card()
Mar 13 10:31:10 vader-rover kernel: [    3.188720] hub 1-2:1.0: port 2: status 0101 change 0001
Mar 13 10:31:10 vader-rover kernel: [    3.188964] hub 1-2:1.0: port 3: status 0101 change 0001
Mar 13 10:31:10 vader-rover kernel: [    3.189208] hub 1-2:1.0: port 4: status 0101 change 0001
Mar 13 10:31:10 vader-rover kernel: [    3.235961] twl4030-codec twl4030-codec: ASoC: Failed to create Capture debugfs file
Mar 13 10:31:10 vader-rover kernel: [    3.247497] asoc: twl4030-hifi <-> omap-mcbsp.2 mapping ok
Mar 13 10:31:10 vader-rover kernel: [    3.257080] oprofile: hardware counters not available
Mar 13 10:31:10 vader-rover kernel: [    3.262451] oprofile: using timer interrupt.
Mar 13 10:31:10 vader-rover kernel: [    3.267822] TCP: cubic registered
Mar 13 10:31:10 vader-rover kernel: [    3.271331] NET: Registered protocol family 17
Mar 13 10:31:10 vader-rover kernel: [    3.276062] NET: Registered protocol family 15
Mar 13 10:31:10 vader-rover kernel: [    3.280883] Key type dns_resolver registered
Mar 13 10:31:10 vader-rover kernel: [    3.285583] VFP support v0.3: implementor 41 architecture 3 part 30 variant c rev 3
Mar 13 10:31:10 vader-rover kernel: [    3.293762] usb 1-2: link qh256-0001/de6c6b00 start 1 [1/0 us]
Mar 13 10:31:10 vader-rover kernel: [    3.293823] hub 1-2:1.0: state 7 ports 4 chg 001c evt 0000
Mar 13 10:31:10 vader-rover kernel: [    3.294525] hub 1-2:1.0: port 2, status 0101, change 0000, 12 Mb/s
Mar 13 10:31:10 vader-rover kernel: [    3.299102] ThumbEE CPU extension supported.
Mar 13 10:31:10 vader-rover kernel: [    3.303619] sr_init: No PMIC hook to init smartreflex
Mar 13 10:31:10 vader-rover kernel: [    3.309204] smartreflex smartreflex.0: omap_sr_probe: SmartReflex driver initialized
Mar 13 10:31:10 vader-rover kernel: [    3.318054] smartreflex smartreflex.1: omap_sr_probe: SmartReflex driver initialized
Mar 13 10:31:10 vader-rover kernel: [    3.332916] clock: disabling unused clocks to save power
Mar 13 10:31:10 vader-rover kernel: [    3.339538] registered taskstats version 1
Mar 13 10:31:10 vader-rover kernel: [    3.344970] fbcvt: 1024x768@60: CVT Name - .786M3-R
Mar 13 10:31:10 vader-rover kernel: [    3.369995] Console: switching to colour frame buffer device 128x48
Mar 13 10:31:10 vader-rover kernel: [    3.376220] usb 1-2.2: new high-speed USB device number 3 using ehci-omap
Mar 13 10:31:10 vader-rover kernel: [    3.395538] VDAC: incomplete constraints, leaving on
Mar 13 10:31:10 vader-rover kernel: [    3.403656] twl_rtc twl_rtc: setting system clock to 2014-03-13 14:31:00 UTC (1394721060)
Mar 13 10:31:10 vader-rover kernel: [    3.412536] ALSA device list:
Mar 13 10:31:10 vader-rover kernel: [    3.415863]   #0: overo
Mar 13 10:31:10 vader-rover kernel: [    3.419403] Freeing init memory: 220K
Mar 13 10:31:10 vader-rover kernel: [    3.498382] usb 1-2.2: default language 0x0409
Mar 13 10:31:10 vader-rover kernel: [    3.507293] usb 1-2.2: udev 3, busnum 1, minor = 2
Mar 13 10:31:10 vader-rover kernel: [    3.507324] usb 1-2.2: New USB device found, idVendor=1e10, idProduct=2004
Mar 13 10:31:10 vader-rover kernel: [    3.524475] usb 1-2.2: New USB device strings: Mfr=1, Product=2, SerialNumber=3
Mar 13 10:31:10 vader-rover kernel: [    3.538177] usb 1-2.2: Product: USB 2.0 Digital Imaging Camera
Mar 13 10:31:10 vader-rover kernel: [    3.550994] usb 1-2.2: Manufacturer: Point Grey Research
Mar 13 10:31:10 vader-rover kernel: [    3.561584] usb 1-2.2: SerialNumber: 00BB1D77
Mar 13 10:31:10 vader-rover kernel: [    3.573547] usb 1-2.2: usb_probe_device
Mar 13 10:31:10 vader-rover kernel: [    3.573577] usb 1-2.2: configuration #1 chosen from 1 choice
Mar 13 10:31:10 vader-rover kernel: [    3.573913] usb 1-2.2: adding 1-2.2:1.0 (config #1, interface 0)
Mar 13 10:31:10 vader-rover kernel: [    3.574615] hub 1-2:1.0: port 3, status 0101, change 0000, 12 Mb/s
Mar 13 10:31:10 vader-rover kernel: [    3.616088] mmc0: host does not support reading read-only switch. assuming write-enable.
Mar 13 10:31:10 vader-rover kernel: [    3.642364] mmc0: new high speed SDXC card at address 59b4
Mar 13 10:31:10 vader-rover kernel: [    3.657623] usb 1-2.3: new high-speed USB device number 4 using ehci-omap
Mar 13 10:31:10 vader-rover kernel: [    3.698120] mmcblk0: mmc0:59b4       59.6 GiB 
Mar 13 10:31:10 vader-rover kernel: [    3.727569]  mmcblk0: p1 p2
Mar 13 10:31:10 vader-rover kernel: [    3.786773] mmc1: new SDIO card at address 0001
Mar 13 10:31:10 vader-rover kernel: [    3.818664] usb 1-2.3: default language 0x0409
Mar 13 10:31:10 vader-rover kernel: [    3.827545] usb 1-2.3: udev 4, busnum 1, minor = 3
Mar 13 10:31:10 vader-rover kernel: [    3.827575] usb 1-2.3: New USB device found, idVendor=1e10, idProduct=2004
Mar 13 10:31:10 vader-rover kernel: [    3.865844] usb 1-2.3: New USB device strings: Mfr=1, Product=2, SerialNumber=3
Mar 13 10:31:10 vader-rover kernel: [    3.892272] usb 1-2.3: Product: USB 2.0 Digital Imaging Camera
Mar 13 10:31:10 vader-rover kernel: [    3.930694] usb 1-2.3: Manufacturer: Point Grey Research
Mar 13 10:31:10 vader-rover kernel: [    3.952545] usb 1-2.3: SerialNumber: 00CAABB3
Mar 13 10:31:10 vader-rover kernel: [    3.967895] usb 1-2.3: usb_probe_device
Mar 13 10:31:10 vader-rover kernel: [    3.967926] usb 1-2.3: configuration #1 chosen from 1 choice
Mar 13 10:31:10 vader-rover kernel: [    3.969757] usb 1-2.3: adding 1-2.3:1.0 (config #1, interface 0)
Mar 13 10:31:10 vader-rover kernel: [    3.970489] hub 1-2:1.0: port 4, status 0101, change 0000, 12 Mb/s
Mar 13 10:31:10 vader-rover kernel: [    4.055999] usb 1-2.4: new high-speed USB device number 5 using ehci-omap
Mar 13 10:31:10 vader-rover kernel: [    4.188995] usb 1-2.4: udev 5, busnum 1, minor = 4
Mar 13 10:31:10 vader-rover kernel: [    4.189025] usb 1-2.4: New USB device found, idVendor=0409, idProduct=005a
Mar 13 10:31:10 vader-rover kernel: [    4.209655] usb 1-2.4: New USB device strings: Mfr=0, Product=0, SerialNumber=0
Mar 13 10:31:10 vader-rover kernel: [    4.235839] usb 1-2.4: usb_probe_device
Mar 13 10:31:10 vader-rover kernel: [    4.235870] usb 1-2.4: configuration #1 chosen from 1 choice
Mar 13 10:31:10 vader-rover kernel: [    4.236236] usb 1-2.4: adding 1-2.4:1.0 (config #1, interface 0)
Mar 13 10:31:10 vader-rover kernel: [    4.236419] hub 1-2.4:1.0: usb_probe_interface
Mar 13 10:31:10 vader-rover kernel: [    4.236450] hub 1-2.4:1.0: usb_probe_interface - got id
Mar 13 10:31:10 vader-rover kernel: [    4.236450] hub 1-2.4:1.0: USB hub found
Mar 13 10:31:10 vader-rover kernel: [    4.251251] hub 1-2.4:1.0: 4 ports detected
Mar 13 10:31:10 vader-rover kernel: [    4.268310] hub 1-2.4:1.0: standalone hub
Mar 13 10:31:10 vader-rover kernel: [    4.268341] hub 1-2.4:1.0: individual port power switching
Mar 13 10:31:10 vader-rover kernel: [    4.268341] hub 1-2.4:1.0: individual port over-current protection
Mar 13 10:31:10 vader-rover kernel: [    4.268371] hub 1-2.4:1.0: Single TT
Mar 13 10:31:10 vader-rover kernel: [    4.268371] hub 1-2.4:1.0: TT requires at most 16 FS bit times (1332 ns)
Mar 13 10:31:10 vader-rover kernel: [    4.268371] hub 1-2.4:1.0: power on to power good time: 100ms
Mar 13 10:31:10 vader-rover kernel: [    4.268707] hub 1-2.4:1.0: local power source is good
Mar 13 10:31:10 vader-rover kernel: [    4.268737] hub 1-2.4:1.0: enabling power on all ports
Mar 13 10:31:10 vader-rover kernel: [    4.270690] hub 1-2:1.0: state 7 ports 4 chg 0000 evt 0010
Mar 13 10:31:10 vader-rover kernel: [    4.368530] hub 1-2.4:1.0: port 1: status 0101 change 0001
Mar 13 10:31:10 vader-rover kernel: [    4.469757] usb 1-2.4: link qh256-0001/de0d9e00 start 2 [1/0 us]
Mar 13 10:31:10 vader-rover kernel: [    4.469848] hub 1-2.4:1.0: state 7 ports 4 chg 0002 evt 0000
Mar 13 10:31:10 vader-rover kernel: [    4.470062] hub 1-2.4:1.0: port 1, status 0101, change 0000, 12 Mb/s
Mar 13 10:31:10 vader-rover kernel: [    4.555877] usb 1-2.4.1: new high-speed USB device number 6 using ehci-omap
Mar 13 10:31:10 vader-rover kernel: [    4.699615] usb 1-2.4.1: default language 0x0409
Mar 13 10:31:10 vader-rover kernel: [    4.701354] usb 1-2.4.1: udev 6, busnum 1, minor = 5
Mar 13 10:31:10 vader-rover kernel: [    4.701385] usb 1-2.4.1: New USB device found, idVendor=1286, idProduct=2006
Mar 13 10:31:10 vader-rover kernel: [    4.730438] usb 1-2.4.1: New USB device strings: Mfr=1, Product=2, SerialNumber=0
Mar 13 10:31:10 vader-rover kernel: [    4.753417] usb 1-2.4.1: Product: WN121T v1021
Mar 13 10:31:10 vader-rover kernel: [    4.770507] usb 1-2.4.1: Manufacturer: MARVELL 
Mar 13 10:31:10 vader-rover kernel: [    4.788940] usb 1-2.4.1: usb_probe_device
Mar 13 10:31:10 vader-rover kernel: [    4.788970] usb 1-2.4.1: configuration #1 chosen from 1 choice
Mar 13 10:31:10 vader-rover kernel: [    4.793121] usb 1-2.4.1: adding 1-2.4.1:1.0 (config #1, interface 0)
Mar 13 10:31:10 vader-rover kernel: [    6.341735] end_request: I/O error, dev mtdblock0, sector 0
Mar 13 10:31:10 vader-rover kernel: [    6.351501] Buffer I/O error on device mtdblock0, logical block 0
Mar 13 10:31:10 vader-rover kernel: [    6.469818] end_request: I/O error, dev mtdblock0, sector 0
Mar 13 10:31:10 vader-rover kernel: [    6.479553] Buffer I/O error on device mtdblock0, logical block 0
Mar 13 10:31:10 vader-rover kernel: [    6.555755] end_request: I/O error, dev mtdblock0, sector 0
Mar 13 10:31:10 vader-rover kernel: [    6.565490] Buffer I/O error on device mtdblock0, logical block 0
Mar 13 10:31:10 vader-rover kernel: [    6.651550] end_request: I/O error, dev mtdblock0, sector 0
Mar 13 10:31:10 vader-rover kernel: [    6.661254] Buffer I/O error on device mtdblock0, logical block 0
Mar 13 10:31:10 vader-rover kernel: [    6.758941] end_request: I/O error, dev mtdblock0, sector 0
Mar 13 10:31:10 vader-rover kernel: [    6.768615] Buffer I/O error on device mtdblock0, logical block 0
Mar 13 10:31:10 vader-rover kernel: [    6.848388] end_request: I/O error, dev mtdblock0, sector 0
Mar 13 10:31:10 vader-rover kernel: [    6.858062] Buffer I/O error on device mtdblock0, logical block 0
Mar 13 10:31:10 vader-rover kernel: [    6.912445] end_request: I/O error, dev mtdblock0, sector 0
Mar 13 10:31:10 vader-rover kernel: [    6.922149] Buffer I/O error on device mtdblock0, logical block 0
Mar 13 10:31:10 vader-rover kernel: [    6.971496] end_request: I/O error, dev mtdblock0, sector 0
Mar 13 10:31:10 vader-rover kernel: [    6.981170] Buffer I/O error on device mtdblock0, logical block 0
Mar 13 10:31:10 vader-rover kernel: [    7.040191] end_request: I/O error, dev mtdblock0, sector 0
Mar 13 10:31:10 vader-rover kernel: [    7.049804] Buffer I/O error on device mtdblock0, logical block 0
Mar 13 10:31:10 vader-rover kernel: [    7.090759] end_request: I/O error, dev mtdblock0, sector 0
Mar 13 10:31:10 vader-rover kernel: [    7.100463] Buffer I/O error on device mtdblock0, logical block 0
Mar 13 10:31:10 vader-rover kernel: [    7.147979] end_request: I/O error, dev mtdblock0, sector 0
Mar 13 10:31:10 vader-rover kernel: [    7.179779] end_request: I/O error, dev mtdblock0, sector 0
Mar 13 10:31:10 vader-rover kernel: [    7.199493] ads7846 spi1.0: touchscreen, irq 210
Mar 13 10:31:10 vader-rover kernel: [    7.199737] ads7846 spi1.0: no device detected, test read result was 0x00000FFF
Mar 13 10:31:10 vader-rover kernel: [    7.206481] end_request: I/O error, dev mtdblock0, sector 0
Mar 13 10:31:10 vader-rover kernel: [    7.227661] end_request: I/O error, dev mtdblock0, sector 0
Mar 13 10:31:10 vader-rover kernel: [    7.237792] Linux media interface: v0.10
Mar 13 10:31:10 vader-rover kernel: [    7.257049] end_request: I/O error, dev mtdblock0, sector 0
Mar 13 10:31:10 vader-rover kernel: [    7.282409] end_request: I/O error, dev mtdblock0, sector 0
Mar 13 10:31:10 vader-rover kernel: [    7.300476] Linux video capture interface: v2.00
Mar 13 10:31:10 vader-rover kernel: [    7.309722] end_request: I/O error, dev mtdblock0, sector 0
Mar 13 10:31:10 vader-rover kernel: [    7.337066] end_request: I/O error, dev mtdblock0, sector 8
Mar 13 10:31:10 vader-rover kernel: [    7.365386] end_request: I/O error, dev mtdblock0, sector 8
Mar 13 10:31:10 vader-rover kernel: [    7.392242] end_request: I/O error, dev mtdblock0, sector 8
Mar 13 10:31:10 vader-rover kernel: [    7.421264] end_request: I/O error, dev mtdblock0, sector 8
Mar 13 10:31:10 vader-rover kernel: [    7.446990] omap3isp omap3isp: Revision 15.0 found
Mar 13 10:31:10 vader-rover kernel: [    7.449401] end_request: I/O error, dev mtdblock0, sector 24
Mar 13 10:31:10 vader-rover kernel: [    7.462219] omap-iommu omap-iommu.0: isp: version 1.1
Mar 13 10:31:10 vader-rover kernel: [    7.481414] end_request: I/O error, dev mtdblock0, sector 24
Mar 13 10:31:10 vader-rover kernel: [    7.508911] end_request: I/O error, dev mtdblock0, sector 24
Mar 13 10:31:10 vader-rover kernel: [    7.542083] end_request: I/O error, dev mtdblock0, sector 24
Mar 13 10:31:10 vader-rover kernel: [    7.566802] mt9v032 3-005c: Probing MT9V032 at address 0x5c
Mar 13 10:31:10 vader-rover kernel: [    7.567138] mt9v032 3-005c: MT9V032 power up failed
Mar 13 10:31:10 vader-rover kernel: [    7.575500] end_request: I/O error, dev mtdblock0, sector 56
Mar 13 10:31:10 vader-rover kernel: [    7.590423] end_request: I/O error, dev mtdblock0, sector 56
Mar 13 10:31:10 vader-rover kernel: [    7.615539] end_request: I/O error, dev mtdblock0, sector 56
Mar 13 10:31:10 vader-rover kernel: [    7.637817] end_request: I/O error, dev mtdblock0, sector 56
Mar 13 10:31:10 vader-rover kernel: [    7.662963] lib80211: common routines for IEEE802.11 drivers
Mar 13 10:31:10 vader-rover kernel: [    7.662994] lib80211_crypt: registered algorithm 'NULL'
Mar 13 10:31:10 vader-rover kernel: [    7.663665] end_request: I/O error, dev mtdblock0, sector 120
Mar 13 10:31:10 vader-rover kernel: [    7.688598] end_request: I/O error, dev mtdblock0, sector 120
Mar 13 10:31:10 vader-rover kernel: [    7.711273] isp_register_subdev_group: Unable to register subdev mt9v032
Mar 13 10:31:10 vader-rover kernel: [    7.721343] end_request: I/O error, dev mtdblock0, sector 120
Mar 13 10:31:10 vader-rover kernel: [    7.732940] end_request: I/O error, dev mtdblock0, sector 120
Mar 13 10:31:10 vader-rover kernel: [    7.759887] end_request: I/O error, dev mtdblock0, sector 0
Mar 13 10:31:10 vader-rover kernel: [    7.790283] end_request: I/O error, dev mtdblock0, sector 0
Mar 13 10:31:10 vader-rover kernel: [    7.816650] end_request: I/O error, dev mtdblock0, sector 8
Mar 13 10:31:10 vader-rover kernel: [    7.844757] end_request: I/O error, dev mtdblock0, sector 8
Mar 13 10:31:10 vader-rover kernel: [    7.873962] end_request: I/O error, dev mtdblock0, sector 24
Mar 13 10:31:10 vader-rover kernel: [    7.901489] end_request: I/O error, dev mtdblock0, sector 24
Mar 13 10:31:10 vader-rover kernel: [    7.926849] end_request: I/O error, dev mtdblock0, sector 56
Mar 13 10:31:10 vader-rover kernel: [    7.948913] cfg80211: Calling CRDA to update world regulatory domain
Mar 13 10:31:10 vader-rover kernel: [    7.951049] end_request: I/O error, dev mtdblock0, sector 56
Mar 13 10:31:10 vader-rover kernel: [    7.979980] end_request: I/O error, dev mtdblock0, sector 120
Mar 13 10:31:10 vader-rover kernel: [    8.009307] end_request: I/O error, dev mtdblock0, sector 120
Mar 13 10:31:10 vader-rover kernel: [    8.031097] end_request: I/O error, dev mtdblock0, sector 0
Mar 13 10:31:10 vader-rover kernel: [    8.054168] end_request: I/O error, dev mtdblock0, sector 0
Mar 13 10:31:10 vader-rover kernel: [    8.073730] libertas_sdio: Libertas SDIO driver
Mar 13 10:31:10 vader-rover kernel: [    8.073760] libertas_sdio: Copyright Pierre Ossman
Mar 13 10:31:10 vader-rover kernel: [    8.078704] end_request: I/O error, dev mtdblock0, sector 0
Mar 13 10:31:10 vader-rover kernel: [    8.105987] end_request: I/O error, dev mtdblock0, sector 0
Mar 13 10:31:10 vader-rover kernel: [    8.126129] end_request: I/O error, dev mtdblock0, sector 0
Mar 13 10:31:10 vader-rover kernel: [    8.141052] end_request: I/O error, dev mtdblock0, sector 0
Mar 13 10:31:10 vader-rover kernel: [    8.159057] end_request: I/O error, dev mtdblock0, sector 64
Mar 13 10:31:10 vader-rover kernel: [    8.183685] end_request: I/O error, dev mtdblock0, sector 64
Mar 13 10:31:10 vader-rover kernel: [    8.198364] end_request: I/O error, dev mtdblock0, sector 64
Mar 13 10:31:10 vader-rover kernel: [    8.218597] end_request: I/O error, dev mtdblock0, sector 64
Mar 13 10:31:10 vader-rover kernel: [    8.239105] end_request: I/O error, dev mtdblock0, sector 64
Mar 13 10:31:10 vader-rover kernel: [    8.262908] end_request: I/O error, dev mtdblock0, sector 64
Mar 13 10:31:10 vader-rover kernel: [    8.292022] end_request: I/O error, dev mtdblock0, sector 64
Mar 13 10:31:10 vader-rover kernel: [    8.331176] end_request: I/O error, dev mtdblock0, sector 64
Mar 13 10:31:10 vader-rover kernel: [    8.369323] end_request: I/O error, dev mtdblock0, sector 64
Mar 13 10:31:10 vader-rover kernel: [    8.401916] end_request: I/O error, dev mtdblock0, sector 0
Mar 13 10:31:10 vader-rover kernel: [    8.416625] end_request: I/O error, dev mtdblock0, sector 0
Mar 13 10:31:10 vader-rover kernel: [    8.435760] end_request: I/O error, dev mtdblock0, sector 0
Mar 13 10:31:10 vader-rover kernel: [    8.453796] end_request: I/O error, dev mtdblock0, sector 0
Mar 13 10:31:10 vader-rover kernel: [    8.477813] end_request: I/O error, dev mtdblock0, sector 0
Mar 13 10:31:10 vader-rover kernel: [    8.498382] end_request: I/O error, dev mtdblock0, sector 16
Mar 13 10:31:10 vader-rover kernel: [    8.518707] end_request: I/O error, dev mtdblock0, sector 0
Mar 13 10:31:10 vader-rover kernel: [    8.536407] end_request: I/O error, dev mtdblock0, sector 0
Mar 13 10:31:10 vader-rover kernel: [    8.555816] end_request: I/O error, dev mtdblock0, sector 0
Mar 13 10:31:10 vader-rover kernel: [    8.578918] end_request: I/O error, dev mtdblock0, sector 0
Mar 13 10:31:10 vader-rover kernel: [    8.594879] end_request: I/O error, dev mtdblock0, sector 0
Mar 13 10:31:10 vader-rover kernel: [    8.612945] end_request: I/O error, dev mtdblock0, sector 0
Mar 13 10:31:10 vader-rover kernel: [    8.642059] end_request: I/O error, dev mtdblock0, sector 0
Mar 13 10:31:10 vader-rover kernel: [    8.655639] end_request: I/O error, dev mtdblock0, sector 0
Mar 13 10:31:10 vader-rover kernel: [    8.676544] end_request: I/O error, dev mtdblock0, sector 0
Mar 13 10:31:10 vader-rover kernel: [    8.698028] end_request: I/O error, dev mtdblock0, sector 0
Mar 13 10:31:10 vader-rover kernel: [    8.723052] end_request: I/O error, dev mtdblock0, sector 0
Mar 13 10:31:10 vader-rover kernel: [    8.743927] end_request: I/O error, dev mtdblock0, sector 0
Mar 13 10:31:10 vader-rover kernel: [    8.770172] end_request: I/O error, dev mtdblock0, sector 0
Mar 13 10:31:10 vader-rover kernel: [    8.790161] end_request: I/O error, dev mtdblock0, sector 0
Mar 13 10:31:10 vader-rover kernel: [    8.805969] end_request: I/O error, dev mtdblock0, sector 0
Mar 13 10:31:10 vader-rover kernel: [    8.821411] end_request: I/O error, dev mtdblock0, sector 0
Mar 13 10:31:10 vader-rover kernel: [    8.828460] end_request: I/O error, dev mtdblock0, sector 0
Mar 13 10:31:10 vader-rover kernel: [    8.852691] end_request: I/O error, dev mtdblock0, sector 0
Mar 13 10:31:10 vader-rover kernel: [    8.868774] end_request: I/O error, dev mtdblock0, sector 8
Mar 13 10:31:10 vader-rover kernel: [    8.898712] end_request: I/O error, dev mtdblock0, sector 0
Mar 13 10:31:10 vader-rover kernel: [    8.908020] end_request: I/O error, dev mtdblock0, sector 0
Mar 13 10:31:10 vader-rover kernel: [    8.928771] end_request: I/O error, dev mtdblock0, sector 0
Mar 13 10:31:10 vader-rover kernel: [    8.951965] end_request: I/O error, dev mtdblock0, sector 0
Mar 13 10:31:10 vader-rover kernel: [    9.286529] end_request: I/O error, dev mtdblock0, sector 0
Mar 13 10:31:10 vader-rover kernel: [    9.298950] end_request: I/O error, dev mtdblock0, sector 0
Mar 13 10:31:10 vader-rover kernel: [    9.313629] end_request: I/O error, dev mtdblock0, sector 0
Mar 13 10:31:10 vader-rover kernel: [    9.329254] end_request: I/O error, dev mtdblock0, sector 0
Mar 13 10:31:10 vader-rover kernel: [    9.343688] end_request: I/O error, dev mtdblock0, sector 0
Mar 13 10:31:10 vader-rover kernel: [    9.359619] end_request: I/O error, dev mtdblock0, sector 0
Mar 13 10:31:10 vader-rover kernel: [    9.374359] end_request: I/O error, dev mtdblock0, sector 0
Mar 13 10:31:10 vader-rover kernel: [    9.390594] end_request: I/O error, dev mtdblock0, sector 0
Mar 13 10:31:10 vader-rover kernel: [    9.404541] end_request: I/O error, dev mtdblock0, sector 0
Mar 13 10:31:10 vader-rover kernel: [    9.420562] end_request: I/O error, dev mtdblock0, sector 0
Mar 13 10:31:10 vader-rover kernel: [    9.435546] end_request: I/O error, dev mtdblock0, sector 0
Mar 13 10:31:10 vader-rover kernel: [    9.453948] end_request: I/O error, dev mtdblock0, sector 0
Mar 13 10:31:10 vader-rover kernel: [    9.469879] end_request: I/O error, dev mtdblock0, sector 0
Mar 13 10:31:10 vader-rover kernel: [    9.484222] end_request: I/O error, dev mtdblock0, sector 0
Mar 13 10:31:10 vader-rover kernel: [    9.504547] end_request: I/O error, dev mtdblock0, sector 0
Mar 13 10:31:10 vader-rover kernel: [    9.516723] end_request: I/O error, dev mtdblock0, sector 0
Mar 13 10:31:10 vader-rover kernel: [    9.534057] end_request: I/O error, dev mtdblock0, sector 0
Mar 13 10:31:10 vader-rover kernel: [    9.552429] end_request: I/O error, dev mtdblock0, sector 8
Mar 13 10:31:10 vader-rover kernel: [    9.569854] end_request: I/O error, dev mtdblock0, sector 8
Mar 13 10:31:10 vader-rover kernel: [    9.587066] end_request: I/O error, dev mtdblock0, sector 8
Mar 13 10:31:10 vader-rover kernel: [    9.597625] end_request: I/O error, dev mtdblock0, sector 8
Mar 13 10:31:10 vader-rover kernel: [    9.618408] end_request: I/O error, dev mtdblock0, sector 24
Mar 13 10:31:10 vader-rover kernel: [    9.633636] end_request: I/O error, dev mtdblock0, sector 24
Mar 13 10:31:10 vader-rover kernel: [    9.657409] end_request: I/O error, dev mtdblock0, sector 24
Mar 13 10:31:10 vader-rover kernel: [    9.671783] end_request: I/O error, dev mtdblock0, sector 24
Mar 13 10:31:10 vader-rover kernel: [    9.687683] end_request: I/O error, dev mtdblock0, sector 56
Mar 13 10:31:10 vader-rover kernel: [    9.704864] end_request: I/O error, dev mtdblock0, sector 56
Mar 13 10:31:10 vader-rover kernel: [    9.722778] end_request: I/O error, dev mtdblock0, sector 56
Mar 13 10:31:10 vader-rover kernel: [    9.739349] end_request: I/O error, dev mtdblock0, sector 56
Mar 13 10:31:10 vader-rover kernel: [    9.756866] end_request: I/O error, dev mtdblock0, sector 120
Mar 13 10:31:10 vader-rover kernel: [    9.771240] end_request: I/O error, dev mtdblock0, sector 120
Mar 13 10:31:10 vader-rover kernel: [    9.789428] end_request: I/O error, dev mtdblock0, sector 120
Mar 13 10:31:10 vader-rover kernel: [    9.803405] end_request: I/O error, dev mtdblock0, sector 120
Mar 13 10:31:10 vader-rover kernel: [    9.825225] end_request: I/O error, dev mtdblock0, sector 0
Mar 13 10:31:10 vader-rover kernel: [    9.849365] end_request: I/O error, dev mtdblock0, sector 0
Mar 13 10:31:10 vader-rover kernel: [    9.871276] end_request: I/O error, dev mtdblock0, sector 8
Mar 13 10:31:10 vader-rover kernel: [    9.886322] end_request: I/O error, dev mtdblock0, sector 8
Mar 13 10:31:10 vader-rover kernel: [    9.912261] end_request: I/O error, dev mtdblock0, sector 24
Mar 13 10:31:10 vader-rover kernel: [    9.938598] end_request: I/O error, dev mtdblock0, sector 24
Mar 13 10:31:10 vader-rover kernel: [    9.957977] end_request: I/O error, dev mtdblock0, sector 56
Mar 13 10:31:10 vader-rover kernel: [    9.981781] end_request: I/O error, dev mtdblock0, sector 56
Mar 13 10:31:10 vader-rover kernel: [    9.993896] end_request: I/O error, dev mtdblock0, sector 120
Mar 13 10:31:10 vader-rover kernel: [   10.014434] end_request: I/O error, dev mtdblock0, sector 120
Mar 13 10:31:10 vader-rover kernel: [   10.038635] end_request: I/O error, dev mtdblock0, sector 0
Mar 13 10:31:10 vader-rover kernel: [   10.052764] end_request: I/O error, dev mtdblock0, sector 0
Mar 13 10:31:10 vader-rover kernel: [   10.070495] end_request: I/O error, dev mtdblock0, sector 0
Mar 13 10:31:10 vader-rover kernel: [   10.092041] end_request: I/O error, dev mtdblock0, sector 0
Mar 13 10:31:10 vader-rover kernel: [   10.106506] end_request: I/O error, dev mtdblock0, sector 0
Mar 13 10:31:10 vader-rover kernel: [   10.128143] end_request: I/O error, dev mtdblock0, sector 0
Mar 13 10:31:10 vader-rover kernel: [   10.150054] end_request: I/O error, dev mtdblock0, sector 64
Mar 13 10:31:10 vader-rover kernel: [   10.169311] end_request: I/O error, dev mtdblock0, sector 64
Mar 13 10:31:10 vader-rover kernel: [   10.190521] end_request: I/O error, dev mtdblock0, sector 64
Mar 13 10:31:10 vader-rover kernel: [   10.207336] end_request: I/O error, dev mtdblock0, sector 64
Mar 13 10:31:10 vader-rover kernel: [   10.227691] end_request: I/O error, dev mtdblock0, sector 64
Mar 13 10:31:10 vader-rover kernel: [   10.243316] end_request: I/O error, dev mtdblock0, sector 64
Mar 13 10:31:10 vader-rover kernel: [   10.256408] end_request: I/O error, dev mtdblock0, sector 64
Mar 13 10:31:10 vader-rover kernel: [   10.274200] end_request: I/O error, dev mtdblock0, sector 64
Mar 13 10:31:10 vader-rover kernel: [   10.274627] end_request: I/O error, dev mtdblock0, sector 64
Mar 13 10:31:10 vader-rover kernel: [   10.274810] end_request: I/O error, dev mtdblock0, sector 0
Mar 13 10:31:10 vader-rover kernel: [   10.274963] end_request: I/O error, dev mtdblock0, sector 0
Mar 13 10:31:10 vader-rover kernel: [   10.275146] end_request: I/O error, dev mtdblock0, sector 0
Mar 13 10:31:10 vader-rover kernel: [   10.275299] end_request: I/O error, dev mtdblock0, sector 0
Mar 13 10:31:10 vader-rover kernel: [   10.275482] end_request: I/O error, dev mtdblock0, sector 0
Mar 13 10:31:10 vader-rover kernel: [   10.275665] end_request: I/O error, dev mtdblock0, sector 16
Mar 13 10:31:10 vader-rover kernel: [   10.275848] end_request: I/O error, dev mtdblock0, sector 0
Mar 13 10:31:10 vader-rover kernel: [   10.276000] end_request: I/O error, dev mtdblock0, sector 0
Mar 13 10:31:10 vader-rover kernel: [   10.276153] end_request: I/O error, dev mtdblock0, sector 0
Mar 13 10:31:10 vader-rover kernel: [   10.276336] end_request: I/O error, dev mtdblock0, sector 0
Mar 13 10:31:10 vader-rover kernel: [   10.276489] end_request: I/O error, dev mtdblock0, sector 0
Mar 13 10:31:10 vader-rover kernel: [   10.276641] end_request: I/O error, dev mtdblock0, sector 0
Mar 13 10:31:10 vader-rover kernel: [   10.276824] end_request: I/O error, dev mtdblock0, sector 0
Mar 13 10:31:10 vader-rover kernel: [   10.279205] end_request: I/O error, dev mtdblock0, sector 0
Mar 13 10:31:10 vader-rover kernel: [   10.281585] end_request: I/O error, dev mtdblock0, sector 0
Mar 13 10:31:10 vader-rover kernel: [   10.281860] end_request: I/O error, dev mtdblock0, sector 0
Mar 13 10:31:10 vader-rover kernel: [   10.282012] end_request: I/O error, dev mtdblock0, sector 0
Mar 13 10:31:10 vader-rover kernel: [   10.282287] end_request: I/O error, dev mtdblock0, sector 0
Mar 13 10:31:10 vader-rover kernel: [   10.282470] end_request: I/O error, dev mtdblock0, sector 0
Mar 13 10:31:10 vader-rover kernel: [   10.282623] end_request: I/O error, dev mtdblock0, sector 0
Mar 13 10:31:10 vader-rover kernel: [   10.282806] end_request: I/O error, dev mtdblock0, sector 0
Mar 13 10:31:10 vader-rover kernel: [   10.282958] end_request: I/O error, dev mtdblock0, sector 0
Mar 13 10:31:10 vader-rover kernel: [   10.283111] end_request: I/O error, dev mtdblock0, sector 0
Mar 13 10:31:10 vader-rover kernel: [   10.283294] end_request: I/O error, dev mtdblock0, sector 0
Mar 13 10:31:10 vader-rover kernel: [   10.283447] end_request: I/O error, dev mtdblock0, sector 8
Mar 13 10:31:10 vader-rover kernel: [   10.283630] end_request: I/O error, dev mtdblock0, sector 0
Mar 13 10:31:10 vader-rover kernel: [   10.283905] end_request: I/O error, dev mtdblock0, sector 0
Mar 13 10:31:10 vader-rover kernel: [   10.286254] end_request: I/O error, dev mtdblock0, sector 0
Mar 13 10:31:10 vader-rover kernel: [   10.286529] end_request: I/O error, dev mtdblock0, sector 0
Mar 13 10:31:10 vader-rover kernel: [   11.930084] cfg80211: World regulatory domain updated:
Mar 13 10:31:10 vader-rover kernel: [   11.930114] cfg80211:   (start_freq - end_freq @ bandwidth), (max_antenna_gain, max_eirp)
Mar 13 10:31:10 vader-rover kernel: [   11.930114] cfg80211:   (2402000 KHz - 2472000 KHz @ 40000 KHz), (300 mBi, 2000 mBm)
Mar 13 10:31:10 vader-rover kernel: [   11.930145] cfg80211:   (2457000 KHz - 2482000 KHz @ 20000 KHz), (300 mBi, 2000 mBm)
Mar 13 10:31:10 vader-rover kernel: [   11.930145] cfg80211:   (2474000 KHz - 2494000 KHz @ 20000 KHz), (300 mBi, 2000 mBm)
Mar 13 10:31:10 vader-rover kernel: [   11.930145] cfg80211:   (5170000 KHz - 5250000 KHz @ 40000 KHz), (300 mBi, 2000 mBm)
Mar 13 10:31:10 vader-rover kernel: [   11.930175] cfg80211:   (5735000 KHz - 5835000 KHz @ 40000 KHz), (300 mBi, 2000 mBm)
Mar 13 10:31:10 vader-rover kernel: [   12.767242] libertas_sdio mmc1:0001:1: (unregistered net_device): 00:19:88:45:0b:0a, fw 9.70.3p36, cap 0x00000303
Mar 13 10:31:10 vader-rover kernel: [   12.773132] libertas_sdio mmc1:0001:1: wlan0: Marvell WLAN 802.11 adapter
Mar 13 10:31:10 vader-rover kernel: [   12.773529] cfg80211: Calling CRDA for country: US
Mar 13 10:31:10 vader-rover kernel: [   13.295837] NET: Registered protocol family 10
Mar 13 10:31:10 vader-rover avahi-daemon[523]: Found user 'avahi' (UID 107) and group 'avahi' (GID 112).
Mar 13 10:31:10 vader-rover avahi-daemon[523]: Successfully dropped root privileges.
Mar 13 10:31:10 vader-rover avahi-daemon[523]: avahi-daemon 0.6.30 starting up.
Mar 13 10:31:10 vader-rover avahi-daemon[523]: Successfully called chroot().
Mar 13 10:31:10 vader-rover avahi-daemon[523]: Successfully dropped remaining capabilities.
Mar 13 10:31:10 vader-rover avahi-daemon[523]: No service file found in /etc/avahi/services.
Mar 13 10:31:10 vader-rover avahi-daemon[523]: Network interface enumeration completed.
Mar 13 10:31:10 vader-rover avahi-daemon[523]: Registering HINFO record with values 'ARMV7L'/'LINUX'.
Mar 13 10:31:10 vader-rover avahi-daemon[523]: Server startup complete. Host name is vader-rover.local. Local service cookie is 2714764588.
Mar 13 10:31:11 vader-rover kernel: [   13.909881] cfg80211: Regulatory domain changed to country: US
Mar 13 10:31:11 vader-rover kernel: [   13.909912] cfg80211:   (start_freq - end_freq @ bandwidth), (max_antenna_gain, max_eirp)
Mar 13 10:31:11 vader-rover kernel: [   13.909912] cfg80211:   (2402000 KHz - 2472000 KHz @ 40000 KHz), (300 mBi, 2700 mBm)
Mar 13 10:31:11 vader-rover kernel: [   13.909942] cfg80211:   (5170000 KHz - 5250000 KHz @ 40000 KHz), (300 mBi, 1700 mBm)
Mar 13 10:31:11 vader-rover kernel: [   13.909942] cfg80211:   (5250000 KHz - 5330000 KHz @ 40000 KHz), (300 mBi, 2000 mBm)
Mar 13 10:31:11 vader-rover kernel: [   13.909942] cfg80211:   (5490000 KHz - 5600000 KHz @ 40000 KHz), (300 mBi, 2000 mBm)
Mar 13 10:31:11 vader-rover kernel: [   13.909973] cfg80211:   (5650000 KHz - 5710000 KHz @ 40000 KHz), (300 mBi, 2000 mBm)
Mar 13 10:31:11 vader-rover kernel: [   13.909973] cfg80211:   (5735000 KHz - 5835000 KHz @ 40000 KHz), (300 mBi, 3000 mBm)
Mar 13 10:31:11 vader-rover kernel: [   14.745361] IPv6: ADDRCONF(NETDEV_UP): wlan0: link is not ready
Mar 13 10:31:11 vader-rover kernel: [   14.745574] IPv6: ADDRCONF(NETDEV_CHANGE): wlan0: link becomes ready
Mar 13 10:31:11 vader-rover dhclient: DHCPDISCOVER on wlan0 to 255.255.255.255 port 67 interval 3
Mar 13 10:31:12 vader-rover dhclient: DHCPREQUEST of 192.168.2.7 on wlan0 to 255.255.255.255 port 67
Mar 13 10:31:12 vader-rover dhclient: DHCPOFFER of 192.168.2.7 from 192.168.2.1
Mar 13 10:31:12 vader-rover dhclient: DHCPACK of 192.168.2.7 from 192.168.2.1
Mar 13 10:31:12 vader-rover avahi-daemon[523]: Joining mDNS multicast group on interface wlan0.IPv4 with address 192.168.2.7.
Mar 13 10:31:12 vader-rover avahi-daemon[523]: New relevant interface wlan0.IPv4 for mDNS.
Mar 13 10:31:12 vader-rover avahi-daemon[523]: Registering new address record for 192.168.2.7 on wlan0.IPv4.
Mar 13 10:31:13 vader-rover dhclient: bound to 192.168.2.7 -- renewal in 107259838 seconds.
Mar 13 10:31:13 vader-rover avahi-daemon[523]: Joining mDNS multicast group on interface wlan0.IPv6 with address fe80::219:88ff:fe45:b0a.
Mar 13 10:31:13 vader-rover avahi-daemon[523]: New relevant interface wlan0.IPv6 for mDNS.
Mar 13 10:31:13 vader-rover avahi-daemon[523]: Registering new address record for fe80::219:88ff:fe45:b0a on wlan0.*.
Mar 13 10:31:14 vader-rover avahi-daemon[523]: Leaving mDNS multicast group on interface wlan0.IPv6 with address fe80::219:88ff:fe45:b0a.
Mar 13 10:31:14 vader-rover avahi-daemon[523]: Joining mDNS multicast group on interface wlan0.IPv6 with address 2002:802e:d6bc:1234:219:88ff:fe45:b0a.
Mar 13 10:31:14 vader-rover avahi-daemon[523]: Registering new address record for 2002:802e:d6bc:1234:219:88ff:fe45:b0a on wlan0.*.
Mar 13 10:31:14 vader-rover avahi-daemon[523]: Withdrawing address record for fe80::219:88ff:fe45:b0a on wlan0.
Mar 13 10:31:18 vader-rover anacron[727]: Anacron 2.3 started on 2014-03-13
Mar 13 10:31:18 vader-rover cron[703]: (CRON) INFO (pidfile fd = 3)
Mar 13 10:31:18 vader-rover anacron[727]: Normal exit (0 jobs run)
Mar 13 10:31:18 vader-rover kernel: [   21.099517] GPIO Event Monitor 0.1 Compiled: Jan 13 2014 at 15:50:49
Mar 13 10:31:18 vader-rover cron[730]: (CRON) STARTUP (fork ok)
Mar 13 10:31:18 vader-rover cron[730]: (CRON) INFO (Running @reboot jobs)
Mar 13 10:31:18 vader-rover dbus[494]: [system] Activating service name='org.freedesktop.ConsoleKit' (using servicehelper)
Mar 13 10:31:18 vader-rover kernel: [   21.379425] pwm: frequency=50 Hz servo=1 servo_min = 10000 servo_max = 20000
Mar 13 10:31:18 vader-rover noip2[754]: v2.1.9 daemon started with NAT enabled
Mar 13 10:31:18 vader-rover noip2[754]: vader-rover.no-ip.biz was already set to 128.46.214.188.
Mar 13 10:31:18 vader-rover dbus[494]: [system] Activating service name='org.freedesktop.PolicyKit1' (using servicehelper)
Mar 13 10:31:19 vader-rover ntpd[848]: ntpd 4.2.6p3@1.2290 Tue Mar  6 15:10:33 UTC 2012 (1)
Mar 13 10:31:19 vader-rover ntpd[851]: proto: precision = 30.517 usec
Mar 13 10:31:19 vader-rover ntpd[851]: ntp_io: estimated max descriptors: 1024, initial socket boundary: 16
Mar 13 10:31:19 vader-rover ntpd[851]: unable to bind to wildcard address 0.0.0.0 - another process may be running - EXITING
Mar 13 10:31:19 vader-rover polkitd[849]: started daemon version 0.104 using authority implementation `local' version `0.104'
Mar 13 10:31:19 vader-rover dbus[494]: [system] Successfully activated service 'org.freedesktop.PolicyKit1'
Mar 13 10:31:19 vader-rover dbus[494]: [system] Successfully activated service 'org.freedesktop.ConsoleKit'
Mar 13 10:31:34 vader-rover ntpdate[672]: adjust time server 2607:f058:20::c offset 0.106977 sec
Mar 13 10:31:34 vader-rover ntpd[1010]: ntpd 4.2.6p3@1.2290 Tue Mar  6 15:10:33 UTC 2012 (1)
Mar 13 10:31:34 vader-rover ntpd[1011]: proto: precision = 30.517 usec
Mar 13 10:31:34 vader-rover ntpd[1011]: ntp_io: estimated max descriptors: 1024, initial socket boundary: 16
Mar 13 10:31:34 vader-rover ntpd[1011]: Listen and drop on 0 v4wildcard 0.0.0.0 UDP 123
Mar 13 10:31:34 vader-rover ntpd[1011]: Listen and drop on 1 v6wildcard :: UDP 123
Mar 13 10:31:34 vader-rover ntpd[1011]: Listen normally on 2 lo 127.0.0.1 UDP 123
Mar 13 10:31:34 vader-rover ntpd[1011]: Listen normally on 3 wlan0 192.168.2.7 UDP 123
Mar 13 10:31:34 vader-rover ntpd[1011]: Listen normally on 4 wlan0 2002:802e:d6bc:1234:219:88ff:fe45:b0a UDP 123
Mar 13 10:31:34 vader-rover ntpd[1011]: Listen normally on 5 wlan0 fe80::219:88ff:fe45:b0a UDP 123
Mar 13 10:31:34 vader-rover ntpd[1011]: Listen normally on 6 lo ::1 UDP 123
Mar 13 10:31:34 vader-rover ntpd[1011]: peers refreshed
Mar 13 10:31:34 vader-rover ntpd[1011]: Listening on routing socket on fd #23 for interface updates
Mar 13 11:07:12 vader-rover kernel: [ 2175.419860] hub 1-2.4:1.0: state 7 ports 4 chg 0000 evt 0002
Mar 13 11:07:12 vader-rover kernel: [ 2175.420562] hub 1-2.4:1.0: port 1, status 0100, change 0001, 12 Mb/s
Mar 13 11:07:12 vader-rover kernel: [ 2175.420593] usb 1-2.4.1: USB disconnect, device number 6
Mar 13 11:07:12 vader-rover kernel: [ 2175.420593] usb 1-2.4.1: unregistering device
Mar 13 11:07:12 vader-rover kernel: [ 2175.420623] usb 1-2.4.1: unregistering interface 1-2.4.1:1.0
Mar 13 11:07:12 vader-rover kernel: [ 2175.421020] usb 1-2.4.1: usb_disable_device nuking all URBs
Mar 13 11:07:12 vader-rover kernel: [ 2175.586486] hub 1-2.4:1.0: debounce: port 1: total 100ms stable 100ms status 0x100
Mar 13 11:07:15 vader-rover kernel: [ 2177.836120] hub 1-2.4:1.0: hub_suspend
Mar 13 11:07:15 vader-rover kernel: [ 2177.836212] usb 1-2.4: unlink qh256-0001/de0d9e00 start 2 [1/0 us]
Mar 13 11:07:15 vader-rover kernel: [ 2177.836761] usb 1-2.4: usb auto-suspend, wakeup 1
Mar 13 11:08:23 vader-rover kernel: [ 2246.073944] hub 1-2:1.0: state 7 ports 4 chg 0000 evt 0010
Mar 13 11:08:23 vader-rover kernel: [ 2246.093872] usb 1-2.4: usb wakeup-resume
Mar 13 11:08:23 vader-rover kernel: [ 2246.094207] usb 1-2.4: finish resume
Mar 13 11:08:23 vader-rover kernel: [ 2246.094543] hub 1-2.4:1.0: hub_resume
Mar 13 11:08:23 vader-rover kernel: [ 2246.094787] hub 1-2.4:1.0: port 1: status 0101 change 0001
Mar 13 11:08:23 vader-rover kernel: [ 2246.202972] ehci-omap ehci-omap.0: reused qh de0d9e00 schedule
Mar 13 11:08:23 vader-rover kernel: [ 2246.203033] usb 1-2.4: link qh256-0001/de0d9e00 start 2 [1/0 us]
Mar 13 11:08:23 vader-rover kernel: [ 2246.203094] hub 1-2:1.0: resume on port 4, status 0
Mar 13 11:08:23 vader-rover kernel: [ 2246.203155] hub 1-2.4:1.0: state 7 ports 4 chg 0002 evt 0000
Mar 13 11:08:23 vader-rover kernel: [ 2246.203765] hub 1-2.4:1.0: port 1, status 0101, change 0000, 12 Mb/s
Mar 13 11:08:23 vader-rover kernel: [ 2246.289398] usb 1-2.4.1: new full-speed USB device number 7 using ehci-omap
Mar 13 11:08:23 vader-rover kernel: [ 2246.406036] usb 1-2.4.1: ep0 maxpacket = 8
Mar 13 11:08:23 vader-rover kernel: [ 2246.407592] usb 1-2.4.1: udev 7, busnum 1, minor = 6
Mar 13 11:08:23 vader-rover kernel: [ 2246.407623] usb 1-2.4.1: New USB device found, idVendor=0846, idProduct=4110
Mar 13 11:08:23 vader-rover kernel: [ 2246.407653] usb 1-2.4.1: New USB device strings: Mfr=0, Product=0, SerialNumber=0
Mar 13 11:08:23 vader-rover kernel: [ 2246.413909] usb 1-2.4.1: usb_probe_device
Mar 13 11:08:23 vader-rover kernel: [ 2246.413970] usb 1-2.4.1: configuration #1 chosen from 1 choice
Mar 13 11:08:23 vader-rover kernel: [ 2246.414794] usb 1-2.4.1: adding 1-2.4.1:1.0 (config #1, interface 0)
Mar 13 11:08:23 vader-rover kernel: [ 2246.416229] hub 1-2.4:1.0: state 7 ports 4 chg 0000 evt 0002
Mar 13 11:08:23 vader-rover mtp-probe: checking bus 1, device 7: "/sys/devices/platform/usbhs_omap/ehci-omap.0/usb1/1-2/1-2.4/1-2.4.1"
Mar 13 11:08:23 vader-rover mtp-probe: bus: 1, device: 7 was not an MTP device
Mar 13 11:10:41 vader-rover kernel: [ 2384.569519] hub 1-2.4:1.0: state 7 ports 4 chg 0000 evt 0002
Mar 13 11:10:41 vader-rover kernel: [ 2384.570098] hub 1-2.4:1.0: port 1, status 0100, change 0001, 12 Mb/s
Mar 13 11:10:41 vader-rover kernel: [ 2384.570159] usb 1-2.4.1: USB disconnect, device number 7
Mar 13 11:10:41 vader-rover kernel: [ 2384.570190] usb 1-2.4.1: unregistering device
Mar 13 11:10:41 vader-rover kernel: [ 2384.570220] usb 1-2.4.1: unregistering interface 1-2.4.1:1.0
Mar 13 11:10:41 vader-rover kernel: [ 2384.576416] usb 1-2.4.1: usb_disable_device nuking all URBs
Mar 13 11:10:42 vader-rover kernel: [ 2384.741455] hub 1-2.4:1.0: debounce: port 1: total 100ms stable 100ms status 0x100
Mar 13 11:10:44 vader-rover kernel: [ 2386.834960] hub 1-2.4:1.0: hub_suspend
Mar 13 11:10:44 vader-rover kernel: [ 2386.835052] usb 1-2.4: unlink qh256-0001/de0d9e00 start 2 [1/0 us]
Mar 13 11:10:44 vader-rover kernel: [ 2386.836303] usb 1-2.4: usb auto-suspend, wakeup 1
Mar 13 11:17:01 vader-rover CRON[7809]: (root) CMD (   cd / && run-parts --report /etc/cron.hourly)
Mar 13 11:20:59 vader-rover kernel: [ 3002.290100] hub 1-2:1.0: state 7 ports 4 chg 0000 evt 0010
Mar 13 11:20:59 vader-rover kernel: [ 3002.308227] usb 1-2.4: usb wakeup-resume
Mar 13 11:20:59 vader-rover kernel: [ 3002.308624] usb 1-2.4: finish resume
Mar 13 11:20:59 vader-rover kernel: [ 3002.308929] hub 1-2.4:1.0: hub_resume
Mar 13 11:20:59 vader-rover kernel: [ 3002.309204] hub 1-2.4:1.0: port 1: status 0101 change 0001
Mar 13 11:20:59 vader-rover kernel: [ 3002.417449] ehci-omap ehci-omap.0: reused qh de0d9e00 schedule
Mar 13 11:20:59 vader-rover kernel: [ 3002.417510] usb 1-2.4: link qh256-0001/de0d9e00 start 2 [1/0 us]
Mar 13 11:20:59 vader-rover kernel: [ 3002.417572] hub 1-2:1.0: resume on port 4, status 0
Mar 13 11:20:59 vader-rover kernel: [ 3002.417602] hub 1-2.4:1.0: state 7 ports 4 chg 0002 evt 0000
Mar 13 11:20:59 vader-rover kernel: [ 3002.417938] hub 1-2.4:1.0: port 1, status 0101, change 0000, 12 Mb/s
Mar 13 11:20:59 vader-rover kernel: [ 3002.503784] usb 1-2.4.1: new high-speed USB device number 8 using ehci-omap
Mar 13 11:20:59 vader-rover kernel: [ 3002.632598] usb 1-2.4.1: default language 0x0409
Mar 13 11:20:59 vader-rover kernel: [ 3002.639617] usb 1-2.4.1: udev 8, busnum 1, minor = 7
Mar 13 11:20:59 vader-rover kernel: [ 3002.639648] usb 1-2.4.1: New USB device found, idVendor=148f, idProduct=3070
Mar 13 11:20:59 vader-rover kernel: [ 3002.639678] usb 1-2.4.1: New USB device strings: Mfr=1, Product=2, SerialNumber=3
Mar 13 11:20:59 vader-rover kernel: [ 3002.639709] usb 1-2.4.1: Product: 802.11 n WLAN
Mar 13 11:20:59 vader-rover kernel: [ 3002.639739] usb 1-2.4.1: Manufacturer: Ralink
Mar 13 11:20:59 vader-rover kernel: [ 3002.639770] usb 1-2.4.1: SerialNumber: 1.0
Mar 13 11:20:59 vader-rover kernel: [ 3002.643859] usb 1-2.4.1: usb_probe_device
Mar 13 11:20:59 vader-rover kernel: [ 3002.643920] usb 1-2.4.1: configuration #1 chosen from 1 choice
Mar 13 11:20:59 vader-rover kernel: [ 3002.644927] usb 1-2.4.1: adding 1-2.4.1:1.0 (config #1, interface 0)
Mar 13 11:20:59 vader-rover kernel: [ 3002.650939] hub 1-2.4:1.0: state 7 ports 4 chg 0000 evt 0002
Mar 13 11:20:59 vader-rover mtp-probe: checking bus 1, device 8: "/sys/devices/platform/usbhs_omap/ehci-omap.0/usb1/1-2/1-2.4/1-2.4.1"
Mar 13 11:20:59 vader-rover mtp-probe: bus: 1, device: 8 was not an MTP device
Mar 13 11:21:00 vader-rover kernel: [ 3002.955261] rt2800usb 1-2.4.1:1.0: usb_probe_interface
Mar 13 11:21:00 vader-rover kernel: [ 3002.955352] rt2800usb 1-2.4.1:1.0: usb_probe_interface - got id
Mar 13 11:21:00 vader-rover kernel: [ 3003.034881] usb 1-2.4.1: reset high-speed USB device number 8 using ehci-omap
Mar 13 11:21:00 vader-rover kernel: [ 3003.058898] hub 1-2.4:1.0: state 7 ports 4 chg 0000 evt 0002
Mar 13 11:21:00 vader-rover kernel: [ 3003.195617] ieee80211 phy1: Selected rate control algorithm 'pid'
Mar 13 11:21:00 vader-rover kernel: [ 3003.202789] Registered led device: rt2800usb-phy1::radio
Mar 13 11:21:00 vader-rover kernel: [ 3003.203582] Registered led device: rt2800usb-phy1::assoc
Mar 13 11:21:00 vader-rover kernel: [ 3003.204223] Registered led device: rt2800usb-phy1::quality
Mar 13 11:21:00 vader-rover kernel: [ 3003.212432] usbcore: registered new interface driver rt2800usb
Mar 13 11:22:58 vader-rover kernel: [ 3121.707153] IPv6: ADDRCONF(NETDEV_UP): wlan2: link is not ready
Mar 13 11:22:59 vader-rover dhclient: DHCPDISCOVER on wlan2 to 255.255.255.255 port 67 interval 3
Mar 13 11:23:02 vader-rover dhclient: DHCPDISCOVER on wlan2 to 255.255.255.255 port 67 interval 4
Mar 13 11:23:06 vader-rover dhclient: DHCPDISCOVER on wlan2 to 255.255.255.255 port 67 interval 6
Mar 13 11:23:12 vader-rover dhclient: DHCPDISCOVER on wlan2 to 255.255.255.255 port 67 interval 8
Mar 13 11:23:20 vader-rover dhclient: DHCPDISCOVER on wlan2 to 255.255.255.255 port 67 interval 15
Mar 13 11:23:35 vader-rover dhclient: DHCPDISCOVER on wlan2 to 255.255.255.255 port 67 interval 19
Mar 13 11:23:54 vader-rover dhclient: DHCPDISCOVER on wlan2 to 255.255.255.255 port 67 interval 17
Mar 13 11:24:11 vader-rover dhclient: DHCPDISCOVER on wlan2 to 255.255.255.255 port 67 interval 16
Mar 13 11:24:27 vader-rover dhclient: DHCPDISCOVER on wlan2 to 255.255.255.255 port 67 interval 15
Mar 13 11:24:42 vader-rover dhclient: DHCPDISCOVER on wlan2 to 255.255.255.255 port 67 interval 18
Mar 13 11:25:00 vader-rover dhclient: DHCPDISCOVER on wlan2 to 255.255.255.255 port 67 interval 14
Mar 13 11:25:14 vader-rover dhclient: DHCPDISCOVER on wlan2 to 255.255.255.255 port 67 interval 14
Mar 13 11:25:29 vader-rover dhclient: DHCPDISCOVER on wlan2 to 255.255.255.255 port 67 interval 3
Mar 13 11:25:32 vader-rover dhclient: DHCPDISCOVER on wlan2 to 255.255.255.255 port 67 interval 5
Mar 13 11:25:47  dhclient: last message repeated 2 times
Mar 13 11:25:47 vader-rover dhclient: DHCPDISCOVER on wlan2 to 255.255.255.255 port 67 interval 12
Mar 13 11:25:59 vader-rover dhclient: DHCPDISCOVER on wlan2 to 255.255.255.255 port 67 interval 12
Mar 13 11:26:11 vader-rover dhclient: DHCPDISCOVER on wlan2 to 255.255.255.255 port 67 interval 8
Mar 13 11:26:19 vader-rover dhclient: DHCPDISCOVER on wlan2 to 255.255.255.255 port 67 interval 20
Mar 13 11:26:39 vader-rover dhclient: DHCPDISCOVER on wlan2 to 255.255.255.255 port 67 interval 8
Mar 13 11:26:47 vader-rover dhclient: DHCPDISCOVER on wlan2 to 255.255.255.255 port 67 interval 14
Mar 13 11:27:01 vader-rover dhclient: DHCPDISCOVER on wlan2 to 255.255.255.255 port 67 interval 17
Mar 13 11:27:18 vader-rover dhclient: DHCPDISCOVER on wlan2 to 255.255.255.255 port 67 interval 7
Mar 13 11:27:25 vader-rover dhclient: DHCPDISCOVER on wlan2 to 255.255.255.255 port 67 interval 12
Mar 13 11:27:37 vader-rover dhclient: DHCPDISCOVER on wlan2 to 255.255.255.255 port 67 interval 14
Mar 13 11:27:51 vader-rover dhclient: DHCPDISCOVER on wlan2 to 255.255.255.255 port 67 interval 9
Mar 13 11:28:00 vader-rover dhclient: DHCPDISCOVER on wlan2 to 255.255.255.255 port 67 interval 16
Mar 13 11:28:16 vader-rover dhclient: DHCPDISCOVER on wlan2 to 255.255.255.255 port 67 interval 21
Mar 13 11:28:37 vader-rover dhclient: DHCPDISCOVER on wlan2 to 255.255.255.255 port 67 interval 8
Mar 13 11:28:45 vader-rover dhclient: DHCPDISCOVER on wlan2 to 255.255.255.255 port 67 interval 11
Mar 13 11:28:56 vader-rover dhclient: DHCPDISCOVER on wlan2 to 255.255.255.255 port 67 interval 13
Mar 13 11:29:09 vader-rover dhclient: DHCPDISCOVER on wlan2 to 255.255.255.255 port 67 interval 15
Mar 13 11:29:24 vader-rover dhclient: DHCPDISCOVER on wlan2 to 255.255.255.255 port 67 interval 15
Mar 13 11:29:39 vader-rover dhclient: DHCPDISCOVER on wlan2 to 255.255.255.255 port 67 interval 9
Mar 13 11:38:20 vader-rover kernel: [ 4043.161804] wlan2: authenticate with 00:22:75:43:25:9c
Mar 13 11:38:20 vader-rover kernel: [ 4043.335510] wlan2: send auth to 00:22:75:43:25:9c (try 1/3)
Mar 13 11:38:20 vader-rover kernel: [ 4043.337585] wlan2: authenticated
Mar 13 11:38:20 vader-rover kernel: [ 4043.426208] wlan2: associating with AP with corrupt beacon
Mar 13 11:38:20 vader-rover kernel: [ 4043.427642] wlan2: associate with 00:22:75:43:25:9c (try 1/3)
Mar 13 11:38:20 vader-rover kernel: [ 4043.431427] wlan2: RX AssocResp from 00:22:75:43:25:9c (capab=0x401 status=0 aid=3)
Mar 13 11:38:20 vader-rover kernel: [ 4043.461212] IPv6: ADDRCONF(NETDEV_CHANGE): wlan2: link becomes ready
Mar 13 11:38:20 vader-rover kernel: [ 4043.462768] wlan2: associated
Mar 13 11:38:21 vader-rover avahi-daemon[523]: Joining mDNS multicast group on interface wlan2.IPv6 with address fe80::7edd:90ff:fe0b:2fe2.
Mar 13 11:38:21 vader-rover avahi-daemon[523]: New relevant interface wlan2.IPv6 for mDNS.
Mar 13 11:38:21 vader-rover avahi-daemon[523]: Registering new address record for fe80::7edd:90ff:fe0b:2fe2 on wlan2.*.
Mar 13 11:38:23 vader-rover ntpd[1011]: bind(24) AF_INET6 2002:802e:d6bc:1234:7edd:90ff:fe0b:2fe2#123 flags 0x11 failed: Cannot assign requested address
Mar 13 11:38:23 vader-rover ntpd[1011]: unable to create socket on wlan2 (7) for 2002:802e:d6bc:1234:7edd:90ff:fe0b:2fe2#123
Mar 13 11:38:23 vader-rover ntpd[1011]: failed to init interface for address 2002:802e:d6bc:1234:7edd:90ff:fe0b:2fe2
Mar 13 11:38:23 vader-rover ntpd[1011]: Listen normally on 8 wlan2 fe80::7edd:90ff:fe0b:2fe2 UDP 123
Mar 13 11:38:23 vader-rover ntpd[1011]: peers refreshed
Mar 13 11:38:23 vader-rover ntpd[1011]: new interface(s) found: waking up resolver
Mar 13 11:38:23 vader-rover avahi-daemon[523]: Leaving mDNS multicast group on interface wlan2.IPv6 with address fe80::7edd:90ff:fe0b:2fe2.
Mar 13 11:38:23 vader-rover avahi-daemon[523]: Joining mDNS multicast group on interface wlan2.IPv6 with address 2002:802e:d6bc:1234:7edd:90ff:fe0b:2fe2.
Mar 13 11:38:23 vader-rover avahi-daemon[523]: Registering new address record for 2002:802e:d6bc:1234:7edd:90ff:fe0b:2fe2 on wlan2.*.
Mar 13 11:38:23 vader-rover avahi-daemon[523]: Withdrawing address record for fe80::7edd:90ff:fe0b:2fe2 on wlan2.
Mar 13 11:38:26 vader-rover ntpd[1011]: Listen normally on 9 wlan2 2002:802e:d6bc:1234:7edd:90ff:fe0b:2fe2 UDP 123
Mar 13 11:38:26 vader-rover ntpd[1011]: peers refreshed
Mar 13 11:38:26 vader-rover ntpd[1011]: new interface(s) found: waking up resolver
Mar 13 11:42:10 vader-rover dhclient: DHCPDISCOVER on wlan2 to 255.255.255.255 port 67 interval 3
Mar 13 11:42:12 vader-rover dhclient: DHCPREQUEST of 192.168.2.15 on wlan2 to 255.255.255.255 port 67
Mar 13 11:42:12 vader-rover dhclient: DHCPOFFER of 192.168.2.15 from 192.168.2.1
Mar 13 11:42:15 vader-rover dhclient: DHCPREQUEST of 192.168.2.15 on wlan2 to 255.255.255.255 port 67
Mar 13 11:42:15 vader-rover dhclient: DHCPACK of 192.168.2.15 from 192.168.2.1
Mar 13 11:42:15 vader-rover avahi-daemon[523]: Joining mDNS multicast group on interface wlan2.IPv4 with address 192.168.2.15.
Mar 13 11:42:15 vader-rover avahi-daemon[523]: New relevant interface wlan2.IPv4 for mDNS.
Mar 13 11:42:15 vader-rover avahi-daemon[523]: Registering new address record for 192.168.2.15 on wlan2.IPv4.
Mar 13 11:42:15 vader-rover dhclient: bound to 192.168.2.15 -- renewal in 139165595 seconds.
Mar 13 11:42:17 vader-rover ntpd[1011]: Listen normally on 10 wlan2 192.168.2.15 UDP 123
Mar 13 11:42:17 vader-rover ntpd[1011]: 91.189.89.199 interface 192.168.2.7 -> 192.168.2.15
Mar 13 11:42:17 vader-rover ntpd[1011]: 70.33.227.188 interface 192.168.2.7 -> 192.168.2.15
Mar 13 11:42:17 vader-rover ntpd[1011]: 199.101.96.57 interface 192.168.2.7 -> 192.168.2.15
Mar 13 11:42:17 vader-rover ntpd[1011]: 97.107.134.213 interface 192.168.2.7 -> 192.168.2.15
Mar 13 11:42:17 vader-rover ntpd[1011]: 204.235.61.9 interface 192.168.2.7 -> 192.168.2.15
Mar 13 11:42:17 vader-rover ntpd[1011]: 184.105.182.7 interface 192.168.2.7 -> 192.168.2.15
Mar 13 11:42:17 vader-rover ntpd[1011]: 208.66.134.82 interface 192.168.2.7 -> 192.168.2.15
Mar 13 11:42:17 vader-rover ntpd[1011]: 129.250.35.250 interface 192.168.2.7 -> 192.168.2.15
Mar 13 11:42:17 vader-rover ntpd[1011]: 138.236.128.36 interface 192.168.2.7 -> 192.168.2.15
Mar 13 11:42:17 vader-rover ntpd[1011]: peers refreshed
Mar 13 11:42:17 vader-rover ntpd[1011]: new interface(s) found: waking up resolver
Mar 13 11:44:45 vader-rover kernel: Kernel logging (proc) stopped.
Mar 13 11:44:45 vader-rover rsyslogd: [origin software="rsyslogd" swVersion="5.8.6" x-pid="510" x-info="http://www.rsyslog.com"] exiting on signal 15.
Mar 13 11:45:12 vader-rover kernel: imklog 5.8.6, log source = /proc/kmsg started.
Mar 13 11:45:12 vader-rover rsyslogd: [origin software="rsyslogd" swVersion="5.8.6" x-pid="520" x-info="http://www.rsyslog.com"] start
Mar 13 11:45:12 vader-rover rsyslogd: rsyslogd's groupid changed to 103
Mar 13 11:45:12 vader-rover rsyslogd: rsyslogd's userid changed to 101
Mar 13 11:45:12 vader-rover rsyslogd-2039: Could not open output pipe '/dev/xconsole' [try http://www.rsyslog.com/e/2039 ]
Mar 13 11:45:12 vader-rover kernel: [    0.000000] Booting Linux on physical CPU 0
Mar 13 11:45:12 vader-rover kernel: [    0.000000] Initializing cgroup subsys cpuset
Mar 13 11:45:12 vader-rover kernel: [    0.000000] Initializing cgroup subsys cpu
Mar 13 11:45:12 vader-rover kernel: [    0.000000] Linux version 3.5.0-2-linaro-omap (adam@pine) (gcc version 4.6.3 (Ubuntu/Linaro 4.6.3-1ubuntu5) ) #2~ci+121210190143 PREEMPT Mon Dec 10 11:03:27 PST 2012
Mar 13 11:45:12 vader-rover kernel: [    0.000000] CPU: ARMv7 Processor [413fc082] revision 2 (ARMv7), cr=10c53c7d
Mar 13 11:45:12 vader-rover kernel: [    0.000000] CPU: PIPT / VIPT nonaliasing data cache, VIPT aliasing instruction cache
Mar 13 11:45:12 vader-rover kernel: [    0.000000] Machine: Gumstix Overo
Mar 13 11:45:12 vader-rover kernel: [    0.000000] Reserving 12582912 bytes SDRAM for VRAM
Mar 13 11:45:12 vader-rover kernel: [    0.000000] Memory policy: ECC disabled, Data cache writeback
Mar 13 11:45:12 vader-rover kernel: [    0.000000] On node 0 totalpages: 127744
Mar 13 11:45:12 vader-rover kernel: [    0.000000] free_area_init_node: node 0, pgdat c070b85c, node_mem_map c07a7000
Mar 13 11:45:12 vader-rover kernel: [    0.000000]   Normal zone: 1024 pages used for memmap
Mar 13 11:45:12 vader-rover kernel: [    0.000000]   Normal zone: 0 pages reserved
Mar 13 11:45:12 vader-rover kernel: [    0.000000]   Normal zone: 126720 pages, LIFO batch:31
Mar 13 11:45:12 vader-rover kernel: [    0.000000] OMAP3630 ES1.2 (l2cache iva sgx neon isp 192mhz_clk )
Mar 13 11:45:12 vader-rover kernel: [    0.000000] Clocking rate (Crystal/Core/MPU): 26.0/332/600 MHz
Mar 13 11:45:12 vader-rover kernel: [    0.000000] pcpu-alloc: s0 r0 d32768 u32768 alloc=1*32768
Mar 13 11:45:12 vader-rover kernel: [    0.000000] pcpu-alloc: [0] 0 
Mar 13 11:45:12 vader-rover kernel: [    0.000000] Built 1 zonelists in Zone order, mobility grouping on.  Total pages: 126720
Mar 13 11:45:12 vader-rover kernel: [    0.000000] Kernel command line: console=tty0 console=ttyO2,115200n8 root=/dev/mmcblk0p2 rootwait ro earlyprintk mpurate=720 vram=12M omapdss.def_disp=dvi omapfb.mode=dvi:1024x768MR-16@60
Mar 13 11:45:12 vader-rover kernel: [    0.000000] PID hash table entries: 2048 (order: 1, 8192 bytes)
Mar 13 11:45:12 vader-rover kernel: [    0.000000] Dentry cache hash table entries: 65536 (order: 6, 262144 bytes)
Mar 13 11:45:12 vader-rover kernel: [    0.000000] Inode-cache hash table entries: 32768 (order: 5, 131072 bytes)
Mar 13 11:45:12 vader-rover kernel: [    0.000000] allocated 1048576 bytes of page_cgroup
Mar 13 11:45:12 vader-rover kernel: [    0.000000] please try 'cgroup_disable=memory' option if you don't want memory cgroups
Mar 13 11:45:12 vader-rover kernel: [    0.000000] Memory: 499MB = 499MB total
Mar 13 11:45:12 vader-rover kernel: [    0.000000] Memory: 495744k/495744k available, 28544k reserved, 0K highmem
Mar 13 11:45:12 vader-rover kernel: [    0.000000] Virtual kernel memory layout:
Mar 13 11:45:12 vader-rover kernel: [    0.000000]     vector  : 0xffff0000 - 0xffff1000   (   4 kB)
Mar 13 11:45:12 vader-rover kernel: [    0.000000]     fixmap  : 0xfff00000 - 0xfffe0000   ( 896 kB)
Mar 13 11:45:12 vader-rover kernel: [    0.000000]     vmalloc : 0xe0800000 - 0xff000000   ( 488 MB)
Mar 13 11:45:12 vader-rover kernel: [    0.000000]     lowmem  : 0xc0000000 - 0xe0000000   ( 512 MB)
Mar 13 11:45:12 vader-rover kernel: [    0.000000]     pkmap   : 0xbfe00000 - 0xc0000000   (   2 MB)
Mar 13 11:45:12 vader-rover kernel: [    0.000000]     modules : 0xbf000000 - 0xbfe00000   (  14 MB)
Mar 13 11:45:12 vader-rover kernel: [    0.000000]       .text : 0xc0008000 - 0xc067abfc   (6603 kB)
Mar 13 11:45:12 vader-rover kernel: [    0.000000]       .init : 0xc067b000 - 0xc06b2000   ( 220 kB)
Mar 13 11:45:12 vader-rover kernel: [    0.000000]       .data : 0xc06b2000 - 0xc071b268   ( 421 kB)
Mar 13 11:45:12 vader-rover kernel: [    0.000000]        .bss : 0xc071b28c - 0xc07a6020   ( 556 kB)
Mar 13 11:45:12 vader-rover kernel: [    0.000000] NR_IRQS:474
Mar 13 11:45:12 vader-rover kernel: [    0.000000] IRQ: Found an INTC at 0xfa200000 (revision 4.0) with 96 interrupts
Mar 13 11:45:12 vader-rover kernel: [    0.000000] Total of 96 interrupts on 1 active controller
Mar 13 11:45:12 vader-rover kernel: [    0.000000] OMAP clockevent source: GPTIMER1 at 32768 Hz
Mar 13 11:45:12 vader-rover kernel: [    0.000000] sched_clock: 32 bits at 32kHz, resolution 30517ns, wraps every 131071999ms
Mar 13 11:45:12 vader-rover kernel: [    0.000000] OMAP clocksource: 32k_counter at 32768 Hz
Mar 13 11:45:12 vader-rover kernel: [    0.000000] Console: colour dummy device 80x30
Mar 13 11:45:12 vader-rover kernel: [    0.000000] console [tty0] enabled
Mar 13 11:45:12 vader-rover kernel: [    0.001007] Calibrating delay loop... 597.64 BogoMIPS (lpj=2334720)
Mar 13 11:45:12 vader-rover kernel: [    0.039123] pid_max: default: 32768 minimum: 301
Mar 13 11:45:12 vader-rover kernel: [    0.039337] Security Framework initialized
Mar 13 11:45:12 vader-rover kernel: [    0.039459] Mount-cache hash table entries: 512
Mar 13 11:45:12 vader-rover kernel: [    0.040252] Initializing cgroup subsys debug
Mar 13 11:45:12 vader-rover kernel: [    0.040313] Initializing cgroup subsys cpuacct
Mar 13 11:45:12 vader-rover kernel: [    0.040313] Initializing cgroup subsys memory
Mar 13 11:45:12 vader-rover kernel: [    0.040405] Initializing cgroup subsys devices
Mar 13 11:45:12 vader-rover kernel: [    0.040435] Initializing cgroup subsys freezer
Mar 13 11:45:12 vader-rover kernel: [    0.040435] Initializing cgroup subsys perf_event
Mar 13 11:45:12 vader-rover kernel: [    0.040588] CPU: Testing write buffer coherency: ok
Mar 13 11:45:12 vader-rover kernel: [    0.040893] Setting up static identity map for 0x8046ea98 - 0x8046eaf0
Mar 13 11:45:12 vader-rover kernel: [    0.046081] devtmpfs: initialized
Mar 13 11:45:12 vader-rover kernel: [    0.050903] dummy: 
Mar 13 11:45:12 vader-rover kernel: [    0.051330] NET: Registered protocol family 16
Mar 13 11:45:12 vader-rover kernel: [    0.051757] GPMC revision 5.0
Mar 13 11:45:12 vader-rover kernel: [    0.051818] gpmc: irq-20 could not claim: err -22
Mar 13 11:45:12 vader-rover kernel: [    0.054138] gpiochip_add: registered GPIOs 0 to 31 on device: gpio
Mar 13 11:45:12 vader-rover kernel: [    0.054229] OMAP GPIO hardware version 2.5
Mar 13 11:45:12 vader-rover kernel: [    0.054473] gpiochip_add: registered GPIOs 32 to 63 on device: gpio
Mar 13 11:45:12 vader-rover kernel: [    0.054870] gpiochip_add: registered GPIOs 64 to 95 on device: gpio
Mar 13 11:45:12 vader-rover kernel: [    0.055175] gpiochip_add: registered GPIOs 96 to 127 on device: gpio
Mar 13 11:45:12 vader-rover kernel: [    0.055450] gpiochip_add: registered GPIOs 128 to 159 on device: gpio
Mar 13 11:45:12 vader-rover kernel: [    0.055755] gpiochip_add: registered GPIOs 160 to 191 on device: gpio
Mar 13 11:45:12 vader-rover kernel: [    0.056671] omap_mux_init: Add partition: #1: core, flags: 0
Mar 13 11:45:12 vader-rover kernel: [    0.061676] _omap_mux_get_by_name: Could not find signal uart4_rx.uart4_rx
Mar 13 11:45:12 vader-rover kernel: [    0.067535] Reprogramming SDRC clock to 332000000 Hz
Mar 13 11:45:12 vader-rover kernel: [    0.067596] dpll3_m2_clk rate change failed: -22
Mar 13 11:45:12 vader-rover kernel: [    0.067596] Found NAND on CS0
Mar 13 11:45:12 vader-rover kernel: [    0.067626] Registering NAND on CS0
Mar 13 11:45:12 vader-rover kernel: [    0.068847]  usbhs_omap: alias fck already exists
Mar 13 11:45:12 vader-rover kernel: [    0.076354] hw-breakpoint: debug architecture 0x4 unsupported.
Mar 13 11:45:12 vader-rover kernel: [    0.079406]  omap-mcbsp.2: alias fck already exists
Mar 13 11:45:12 vader-rover kernel: [    0.079620]  omap-mcbsp.3: alias fck already exists
Mar 13 11:45:12 vader-rover kernel: [    0.080718] Switched to new clocking rate (Crystal/Core/MPU): 26.0/332/720 MHz
Mar 13 11:45:12 vader-rover kernel: [    0.080932] OMAP DMA hardware revision 5.0
Mar 13 11:45:12 vader-rover kernel: [    0.087951] bio: create slab <bio-0> at 0
Mar 13 11:45:12 vader-rover kernel: [    0.088653] fixed-dummy: 
Mar 13 11:45:12 vader-rover kernel: [    0.088745] reg-fixed-voltage reg-fixed-voltage.0: fixed-dummy supplying 0uV
Mar 13 11:45:12 vader-rover kernel: [    0.088928] vads7846: override min_uV, 1 -> 3300000
Mar 13 11:45:12 vader-rover kernel: [    0.088958] vads7846: override max_uV, 2147483647 -> 3300000
Mar 13 11:45:12 vader-rover kernel: [    0.088958] vads7846: 3300 mV 
Mar 13 11:45:12 vader-rover kernel: [    0.089050] reg-fixed-voltage reg-fixed-voltage.1: vads7846 supplying 3300000uV
Mar 13 11:45:12 vader-rover kernel: [    0.089660] SCSI subsystem initialized
Mar 13 11:45:12 vader-rover kernel: [    0.089965] usbcore: registered new interface driver usbfs
Mar 13 11:45:12 vader-rover kernel: [    0.090087] usbcore: registered new interface driver hub
Mar 13 11:45:12 vader-rover kernel: [    0.090332] usbcore: registered new device driver usb
Mar 13 11:45:12 vader-rover kernel: [    0.090759] omap_i2c omap_i2c.1: bus 1 rev1.4.0 at 2600 kHz
Mar 13 11:45:12 vader-rover kernel: [    0.093292] twl 1-0048: PIH (irq 7) chaining IRQs 320..328
Mar 13 11:45:12 vader-rover kernel: [    0.093414] twl 1-0048: power (irq 325) chaining IRQs 328..335
Mar 13 11:45:12 vader-rover kernel: [    0.094055] twl4030_gpio twl4030_gpio: gpio (irq 320) chaining IRQs 336..353
Mar 13 11:45:12 vader-rover kernel: [    0.094360] gpiochip_add: registered GPIOs 192 to 211 on device: twl4030
Mar 13 11:45:12 vader-rover kernel: [    0.095031] VUSB1V5: override min_uV, 1 -> 1500000
Mar 13 11:45:12 vader-rover kernel: [    0.095062] VUSB1V5: override max_uV, 2147483647 -> 1500000
Mar 13 11:45:12 vader-rover kernel: [    0.095062] VUSB1V5: 1500 mV normal standby
Mar 13 11:45:12 vader-rover kernel: [    0.095520] VUSB1V8: override min_uV, 1 -> 1800000
Mar 13 11:45:12 vader-rover kernel: [    0.095550] VUSB1V8: override max_uV, 2147483647 -> 1800000
Mar 13 11:45:12 vader-rover kernel: [    0.095550] VUSB1V8: 1800 mV normal standby
Mar 13 11:45:12 vader-rover kernel: [    0.095947] VUSB3V1: override min_uV, 1 -> 3100000
Mar 13 11:45:12 vader-rover kernel: [    0.095977] VUSB3V1: override max_uV, 2147483647 -> 3100000
Mar 13 11:45:12 vader-rover kernel: [    0.095977] VUSB3V1: 3100 mV normal standby
Mar 13 11:45:12 vader-rover kernel: [    0.097412] twl4030_usb twl4030_usb: HW_CONDITIONS 0x10/16; link 0
Mar 13 11:45:12 vader-rover kernel: [    0.097625] twl4030_usb twl4030_usb: Initialized TWL4030 USB module
Mar 13 11:45:12 vader-rover kernel: [    0.098114] vdd_mpu_iva: 600 <--> 1450 mV normal 
Mar 13 11:45:12 vader-rover kernel: [    0.098541] vdd_core: 600 <--> 1450 mV normal 
Mar 13 11:45:12 vader-rover kernel: [    0.099029] VMMC1: 1850 <--> 3150 mV at 3000 mV normal standby
Mar 13 11:45:12 vader-rover kernel: [    0.099517] VDAC: 1800 mV normal standby
Mar 13 11:45:12 vader-rover kernel: [    0.100006] VDVI: 1800 mV normal standby
Mar 13 11:45:12 vader-rover kernel: [    0.100463] omap_i2c omap_i2c.3: bus 3 rev1.4.0 at 400 kHz
Mar 13 11:45:12 vader-rover kernel: [    0.101196] omap-iommu omap-iommu.0: isp registered
Mar 13 11:45:12 vader-rover kernel: [    0.101409] Advanced Linux Sound Architecture Driver Version 1.0.25.
Mar 13 11:45:12 vader-rover kernel: [    0.102294] Switching to clocksource 32k_counter
Mar 13 11:45:12 vader-rover kernel: [    0.126861] usbhs_omap usbhs_omap: xclk60mhsp2_ck set parentfailed error:-22
Mar 13 11:45:12 vader-rover kernel: [    0.127624] NET: Registered protocol family 2
Mar 13 11:45:12 vader-rover kernel: [    0.127929] IP route cache hash table entries: 4096 (order: 2, 16384 bytes)
Mar 13 11:45:12 vader-rover kernel: [    0.128479] TCP established hash table entries: 16384 (order: 5, 131072 bytes)
Mar 13 11:45:12 vader-rover kernel: [    0.128784] TCP bind hash table entries: 16384 (order: 4, 65536 bytes)
Mar 13 11:45:12 vader-rover kernel: [    0.128967] TCP: Hash tables configured (established 16384 bind 16384)
Mar 13 11:45:12 vader-rover kernel: [    0.128997] TCP: reno registered
Mar 13 11:45:12 vader-rover kernel: [    0.129028] UDP hash table entries: 256 (order: 0, 4096 bytes)
Mar 13 11:45:12 vader-rover kernel: [    0.129058] UDP-Lite hash table entries: 256 (order: 0, 4096 bytes)
Mar 13 11:45:12 vader-rover kernel: [    0.129364] NET: Registered protocol family 1
Mar 13 11:45:12 vader-rover kernel: [    0.129882] RPC: Registered named UNIX socket transport module.
Mar 13 11:45:12 vader-rover kernel: [    0.129943] RPC: Registered udp transport module.
Mar 13 11:45:12 vader-rover kernel: [    0.129943] RPC: Registered tcp transport module.
Mar 13 11:45:12 vader-rover kernel: [    0.129974] RPC: Registered tcp NFSv4.1 backchannel transport module.
Mar 13 11:45:12 vader-rover kernel: [    0.130249] Trying to unpack rootfs image as initramfs...
Mar 13 11:45:12 vader-rover kernel: [    0.279663] Freeing initrd memory: 1828K
Mar 13 11:45:12 vader-rover kernel: [    0.281982] audit: initializing netlink socket (disabled)
Mar 13 11:45:12 vader-rover kernel: [    0.282073] type=2000 audit(0.273:1): initialized
Mar 13 11:45:12 vader-rover kernel: [    0.283538] VFS: Disk quotas dquot_6.5.2
Mar 13 11:45:12 vader-rover kernel: [    0.283630] Dquot-cache hash table entries: 1024 (order 0, 4096 bytes)
Mar 13 11:45:12 vader-rover kernel: [    0.284027] NFS: Registering the id_resolver key type
Mar 13 11:45:12 vader-rover kernel: [    0.284118] Key type id_resolver registered
Mar 13 11:45:12 vader-rover kernel: [    0.284545] jffs2: version 2.2. (NAND) (SUMMARY)  Â© 2001-2006 Red Hat, Inc.
Mar 13 11:45:12 vader-rover kernel: [    0.285217] fuse init (API version 7.19)
Mar 13 11:45:12 vader-rover kernel: [    0.285736] msgmni has been set to 971
Mar 13 11:45:12 vader-rover kernel: [    0.287384] Block layer SCSI generic (bsg) driver version 0.4 loaded (major 253)
Mar 13 11:45:12 vader-rover kernel: [    0.287445] io scheduler noop registered
Mar 13 11:45:12 vader-rover kernel: [    0.287475] io scheduler deadline registered (default)
Mar 13 11:45:12 vader-rover kernel: [    0.288208] OMAP DSS rev 2.0
Mar 13 11:45:12 vader-rover kernel: [    0.291381] omap_uart.0: ttyO0 at MMIO 0x4806a000 (irq = 72) is a OMAP UART0
Mar 13 11:45:12 vader-rover kernel: [    0.291870] omap_uart.1: ttyO1 at MMIO 0x4806c000 (irq = 73) is a OMAP UART1
Mar 13 11:45:12 vader-rover kernel: [    0.292297] omap_uart.2: ttyO2 at MMIO 0x49020000 (irq = 74) is a OMAP UART2
Mar 13 11:45:12 vader-rover kernel: [    0.993225] console [ttyO2] enabled
Mar 13 11:45:12 vader-rover kernel: [    0.997283] omap_uart.3: ttyO3 at MMIO 0x49042000 (irq = 80) is a OMAP UART3
Mar 13 11:45:12 vader-rover kernel: [    1.012237] brd: module loaded
Mar 13 11:45:12 vader-rover kernel: [    1.019348] loop: module loaded
Mar 13 11:45:12 vader-rover kernel: [    1.024688] twl4030_madc twl4030_madc: clk disabled, enabling
Mar 13 11:45:12 vader-rover kernel: [    1.032653] NAND device: Manufacturer ID: 0x2c, Chip ID: 0xbc (Micron NAND 512MiB 1,8V 16-bit), page size: 2048, OOB size: 64
Mar 13 11:45:12 vader-rover kernel: [    1.057464] Creating 5 MTD partitions on "omap2-nand.0":
Mar 13 11:45:12 vader-rover kernel: [    1.063079] 0x000000000000-0x000000080000 : "xloader"
Mar 13 11:45:12 vader-rover kernel: [    1.070007] 0x000000080000-0x000000240000 : "uboot"
Mar 13 11:45:12 vader-rover kernel: [    1.077362] 0x000000240000-0x000000280000 : "uboot environment"
Mar 13 11:45:12 vader-rover kernel: [    1.084716] 0x000000280000-0x000000680000 : "linux"
Mar 13 11:45:12 vader-rover kernel: [    1.093566] 0x000000680000-0x000020000000 : "rootfs"
Mar 13 11:45:12 vader-rover kernel: [    1.452148] smsc911x: Driver version 2008-10-21
Mar 13 11:45:12 vader-rover kernel: [    1.457397] smsc911x: Driver version 2008-10-21
Mar 13 11:45:12 vader-rover kernel: [    1.462585] usbcore: registered new interface driver asix
Mar 13 11:45:12 vader-rover kernel: [    1.468353] usbcore: registered new interface driver cdc_ether
Mar 13 11:45:12 vader-rover kernel: [    1.474609] usbcore: registered new interface driver cdc_ncm
Mar 13 11:45:12 vader-rover kernel: [    1.480895] ehci_hcd: USB 2.0 'Enhanced' Host Controller (EHCI) Driver
Mar 13 11:45:12 vader-rover kernel: [    1.487792] ehci_hcd: block sizes: qh 64 qtd 96 itd 160 sitd 96
Mar 13 11:45:12 vader-rover kernel: [    1.487945] ehci-omap ehci-omap.0: failed to get ehci port1 regulator
Mar 13 11:45:12 vader-rover kernel: [    2.493072] ehci-omap ehci-omap.0: phy reset operation timed out
Mar 13 11:45:12 vader-rover kernel: [    2.493103] ehci-omap ehci-omap.0: reset hcs_params 0x1313 dbg=0 cc=1 pcc=3 ordered ports=3
Mar 13 11:45:12 vader-rover kernel: [    2.493103] ehci-omap ehci-omap.0: reset hcc_params 0016 thresh 1 uframes 256/512/1024 park
Mar 13 11:45:12 vader-rover kernel: [    2.493133] ehci-omap ehci-omap.0: reset command 0080b02  park=3 ithresh=8 period=1024 Reset HALT
Mar 13 11:45:12 vader-rover kernel: [    2.493164] ehci-omap ehci-omap.0: OMAP-EHCI Host Controller
Mar 13 11:45:12 vader-rover kernel: [    2.499420] ehci-omap ehci-omap.0: new USB bus registered, assigned bus number 1
Mar 13 11:45:12 vader-rover kernel: [    2.507293] ehci-omap ehci-omap.0: park 0
Mar 13 11:45:12 vader-rover kernel: [    2.507354] ehci-omap ehci-omap.0: irq 77, io mem 0x48064800
Mar 13 11:45:12 vader-rover kernel: [    2.513336] ehci-omap ehci-omap.0: init command 0010005 (park)=0 ithresh=1 period=512 RUN
Mar 13 11:45:12 vader-rover kernel: [    2.524383] ehci-omap ehci-omap.0: USB 2.0 started, EHCI 1.00
Mar 13 11:45:12 vader-rover kernel: [    2.530578] usb usb1: default language 0x0409
Mar 13 11:45:12 vader-rover kernel: [    2.530609] usb usb1: udev 1, busnum 1, minor = 0
Mar 13 11:45:12 vader-rover kernel: [    2.530609] usb usb1: New USB device found, idVendor=1d6b, idProduct=0002
Mar 13 11:45:12 vader-rover kernel: [    2.537780] usb usb1: New USB device strings: Mfr=3, Product=2, SerialNumber=1
Mar 13 11:45:12 vader-rover kernel: [    2.545410] usb usb1: Product: OMAP-EHCI Host Controller
Mar 13 11:45:12 vader-rover kernel: [    2.551025] usb usb1: Manufacturer: Linux 3.5.0-2-linaro-omap ehci_hcd
Mar 13 11:45:12 vader-rover kernel: [    2.557891] usb usb1: SerialNumber: ehci-omap.0
Mar 13 11:45:12 vader-rover kernel: [    2.563140] usb usb1: usb_probe_device
Mar 13 11:45:12 vader-rover kernel: [    2.563140] usb usb1: configuration #1 chosen from 1 choice
Mar 13 11:45:12 vader-rover kernel: [    2.563201] usb usb1: adding 1-0:1.0 (config #1, interface 0)
Mar 13 11:45:12 vader-rover kernel: [    2.563354] hub 1-0:1.0: usb_probe_interface
Mar 13 11:45:12 vader-rover kernel: [    2.563354] hub 1-0:1.0: usb_probe_interface - got id
Mar 13 11:45:12 vader-rover kernel: [    2.563385] hub 1-0:1.0: USB hub found
Mar 13 11:45:12 vader-rover kernel: [    2.567382] hub 1-0:1.0: 3 ports detected
Mar 13 11:45:12 vader-rover kernel: [    2.571624] hub 1-0:1.0: standalone hub
Mar 13 11:45:12 vader-rover kernel: [    2.571624] hub 1-0:1.0: individual port power switching
Mar 13 11:45:12 vader-rover kernel: [    2.571655] hub 1-0:1.0: individual port over-current protection
Mar 13 11:45:12 vader-rover kernel: [    2.571655] hub 1-0:1.0: power on to power good time: 20ms
Mar 13 11:45:12 vader-rover kernel: [    2.571685] hub 1-0:1.0: local power source is good
Mar 13 11:45:12 vader-rover kernel: [    2.571716] hub 1-0:1.0: enabling power on all ports
Mar 13 11:45:12 vader-rover kernel: [    2.571990] ehci-omap ehci-omap.0: ...powerup ports...
Mar 13 11:45:12 vader-rover kernel: [    2.602661] Initializing USB Mass Storage driver...
Mar 13 11:45:12 vader-rover kernel: [    2.607971] usbcore: registered new interface driver usb-storage
Mar 13 11:45:12 vader-rover kernel: [    2.614318] USB Mass Storage support registered.
Mar 13 11:45:12 vader-rover kernel: [    2.619171] musb-hdrc: version 6.0, ?dma?, otg (peripheral+host)
Mar 13 11:45:12 vader-rover kernel: [    2.631134] twl4030_usb twl4030_usb: twl4030_phy_resume
Mar 13 11:45:12 vader-rover kernel: [    2.631378] musb-hdrc: ConfigData=0xde (UTMI-8, dyn FIFOs, bulk combine, bulk split, HB-ISO Rx, HB-ISO Tx, SoftConn)
Mar 13 11:45:12 vader-rover kernel: [    2.631408] musb-hdrc: MHDRC RTL version 1.800 
Mar 13 11:45:12 vader-rover kernel: [    2.631408] musb-hdrc: setup fifo_mode 4
Mar 13 11:45:12 vader-rover kernel: [    2.631439] musb-hdrc: 28/31 max ep, 16384/16384 memory
Mar 13 11:45:12 vader-rover kernel: [    2.631866] musb-hdrc musb-hdrc: USB OTG mode controller at fa0ab000 using DMA, IRQ 92
Mar 13 11:45:12 vader-rover kernel: [    2.642120] twl4030_usb twl4030_usb: twl4030_phy_suspend
Mar 13 11:45:12 vader-rover kernel: [    2.642608] mousedev: PS/2 mouse device common for all mice
Mar 13 11:45:12 vader-rover kernel: [    2.649139] twl_rtc twl_rtc: Enabling TWL-RTC
Mar 13 11:45:12 vader-rover kernel: [    2.656341] twl_rtc twl_rtc: rtc core: registered twl_rtc as rtc0
Mar 13 11:45:12 vader-rover kernel: [    2.663574] i2c /dev entries driver
Mar 13 11:45:12 vader-rover kernel: [    2.668670] voltdm_scale: No voltage scale API registered for vdd_mpu_iva
Mar 13 11:45:12 vader-rover kernel: [    2.675903] ehci-omap ehci-omap.0: GetStatus port:2 status 001803 0  ACK POWER sig=j CSC CONNECT
Mar 13 11:45:12 vader-rover kernel: [    2.675933] hub 1-0:1.0: port 2: status 0501 change 0001
Mar 13 11:45:12 vader-rover kernel: [    2.675994] platform mpu.0: omap_target: unable to scale voltage up.
Mar 13 11:45:12 vader-rover kernel: [    2.682678] cpuidle: using governor ladder
Mar 13 11:45:12 vader-rover kernel: [    2.686981] cpuidle: using governor menu
Mar 13 11:45:12 vader-rover kernel: [    2.691650] omap_hsmmc omap_hsmmc.0: Failed to get debounce clk
Mar 13 11:45:12 vader-rover kernel: [    2.774444] hub 1-0:1.0: state 7 ports 3 chg 0004 evt 0000
