Dec 31 19:02:59 vader-rover kernel: imklog 5.8.6, log source = /proc/kmsg started.
Dec 31 19:02:59 vader-rover rsyslogd: [origin software="rsyslogd" swVersion="5.8.6" x-pid="490" x-info="http://www.rsyslog.com"] start
Dec 31 19:02:59 vader-rover rsyslogd: rsyslogd's groupid changed to 103
Dec 31 19:02:59 vader-rover rsyslogd: rsyslogd's userid changed to 101
Dec 31 19:02:59 vader-rover rsyslogd-2039: Could not open output pipe '/dev/xconsole' [try http://www.rsyslog.com/e/2039 ]
Dec 31 19:02:59 vader-rover kernel: [    0.000000] Booting Linux on physical CPU 0
Dec 31 19:02:59 vader-rover kernel: [    0.000000] Initializing cgroup subsys cpuset
Dec 31 19:02:59 vader-rover kernel: [    0.000000] Initializing cgroup subsys cpu
Dec 31 19:02:59 vader-rover kernel: [    0.000000] Linux version 3.5.0-2-linaro-omap (adam@pine) (gcc version 4.6.3 (Ubuntu/Linaro 4.6.3-1ubuntu5) ) #2~ci+121210190143 PREEMPT Mon Dec 10 11:03:27 PST 2012
Dec 31 19:02:59 vader-rover kernel: [    0.000000] CPU: ARMv7 Processor [413fc082] revision 2 (ARMv7), cr=10c53c7d
Dec 31 19:02:59 vader-rover kernel: [    0.000000] CPU: PIPT / VIPT nonaliasing data cache, VIPT aliasing instruction cache
Dec 31 19:02:59 vader-rover kernel: [    0.000000] Machine: Gumstix Overo
Dec 31 19:02:59 vader-rover kernel: [    0.000000] Reserving 12582912 bytes SDRAM for VRAM
Dec 31 19:02:59 vader-rover kernel: [    0.000000] Memory policy: ECC disabled, Data cache writeback
Dec 31 19:02:59 vader-rover kernel: [    0.000000] On node 0 totalpages: 127744
Dec 31 19:02:59 vader-rover kernel: [    0.000000] free_area_init_node: node 0, pgdat c070b85c, node_mem_map c07a7000
Dec 31 19:02:59 vader-rover kernel: [    0.000000]   Normal zone: 1024 pages used for memmap
Dec 31 19:02:59 vader-rover kernel: [    0.000000]   Normal zone: 0 pages reserved
Dec 31 19:02:59 vader-rover kernel: [    0.000000]   Normal zone: 126720 pages, LIFO batch:31
Dec 31 19:02:59 vader-rover kernel: [    0.000000] OMAP3630 ES1.2 (l2cache iva sgx neon isp 192mhz_clk )
Dec 31 19:02:59 vader-rover kernel: [    0.000000] Clocking rate (Crystal/Core/MPU): 26.0/332/600 MHz
Dec 31 19:02:59 vader-rover kernel: [    0.000000] pcpu-alloc: s0 r0 d32768 u32768 alloc=1*32768
Dec 31 19:02:59 vader-rover kernel: [    0.000000] pcpu-alloc: [0] 0 
Dec 31 19:02:59 vader-rover kernel: [    0.000000] Built 1 zonelists in Zone order, mobility grouping on.  Total pages: 126720
Dec 31 19:02:59 vader-rover kernel: [    0.000000] Kernel command line: console=tty0 console=ttyO2,115200n8 root=/dev/mmcblk0p2 rootwait ro earlyprintk mpurate=720 vram=12M omapdss.def_disp=dvi omapfb.mode=dvi:1024x768MR-16@60
Dec 31 19:02:59 vader-rover kernel: [    0.000000] PID hash table entries: 2048 (order: 1, 8192 bytes)
Dec 31 19:02:59 vader-rover kernel: [    0.000000] Dentry cache hash table entries: 65536 (order: 6, 262144 bytes)
Dec 31 19:02:59 vader-rover kernel: [    0.000000] Inode-cache hash table entries: 32768 (order: 5, 131072 bytes)
Dec 31 19:02:59 vader-rover kernel: [    0.000000] allocated 1048576 bytes of page_cgroup
Dec 31 19:02:59 vader-rover kernel: [    0.000000] please try 'cgroup_disable=memory' option if you don't want memory cgroups
Dec 31 19:02:59 vader-rover kernel: [    0.000000] Memory: 499MB = 499MB total
Dec 31 19:02:59 vader-rover kernel: [    0.000000] Memory: 495744k/495744k available, 28544k reserved, 0K highmem
Dec 31 19:02:59 vader-rover kernel: [    0.000000] Virtual kernel memory layout:
Dec 31 19:02:59 vader-rover kernel: [    0.000000]     vector  : 0xffff0000 - 0xffff1000   (   4 kB)
Dec 31 19:02:59 vader-rover kernel: [    0.000000]     fixmap  : 0xfff00000 - 0xfffe0000   ( 896 kB)
Dec 31 19:02:59 vader-rover kernel: [    0.000000]     vmalloc : 0xe0800000 - 0xff000000   ( 488 MB)
Dec 31 19:02:59 vader-rover kernel: [    0.000000]     lowmem  : 0xc0000000 - 0xe0000000   ( 512 MB)
Dec 31 19:02:59 vader-rover kernel: [    0.000000]     pkmap   : 0xbfe00000 - 0xc0000000   (   2 MB)
Dec 31 19:02:59 vader-rover kernel: [    0.000000]     modules : 0xbf000000 - 0xbfe00000   (  14 MB)
Dec 31 19:02:59 vader-rover kernel: [    0.000000]       .text : 0xc0008000 - 0xc067abfc   (6603 kB)
Dec 31 19:02:59 vader-rover kernel: [    0.000000]       .init : 0xc067b000 - 0xc06b2000   ( 220 kB)
Dec 31 19:02:59 vader-rover kernel: [    0.000000]       .data : 0xc06b2000 - 0xc071b268   ( 421 kB)
Dec 31 19:02:59 vader-rover kernel: [    0.000000]        .bss : 0xc071b28c - 0xc07a6020   ( 556 kB)
Dec 31 19:02:59 vader-rover kernel: [    0.000000] NR_IRQS:474
Dec 31 19:02:59 vader-rover kernel: [    0.000000] IRQ: Found an INTC at 0xfa200000 (revision 4.0) with 96 interrupts
Dec 31 19:02:59 vader-rover kernel: [    0.000000] Total of 96 interrupts on 1 active controller
Dec 31 19:02:59 vader-rover kernel: [    0.000000] OMAP clockevent source: GPTIMER1 at 32768 Hz
Dec 31 19:02:59 vader-rover kernel: [    0.000000] sched_clock: 32 bits at 32kHz, resolution 30517ns, wraps every 131071999ms
Dec 31 19:02:59 vader-rover kernel: [    0.000000] OMAP clocksource: 32k_counter at 32768 Hz
Dec 31 19:02:59 vader-rover kernel: [    0.000000] Console: colour dummy device 80x30
Dec 31 19:02:59 vader-rover kernel: [    0.000000] console [tty0] enabled
Dec 31 19:02:59 vader-rover kernel: [    0.000976] Calibrating delay loop... 597.64 BogoMIPS (lpj=2334720)
Dec 31 19:02:59 vader-rover kernel: [    0.039093] pid_max: default: 32768 minimum: 301
Dec 31 19:02:59 vader-rover kernel: [    0.039306] Security Framework initialized
Dec 31 19:02:59 vader-rover kernel: [    0.039428] Mount-cache hash table entries: 512
Dec 31 19:02:59 vader-rover kernel: [    0.040222] Initializing cgroup subsys debug
Dec 31 19:02:59 vader-rover kernel: [    0.040283] Initializing cgroup subsys cpuacct
Dec 31 19:02:59 vader-rover kernel: [    0.040283] Initializing cgroup subsys memory
Dec 31 19:02:59 vader-rover kernel: [    0.040374] Initializing cgroup subsys devices
Dec 31 19:02:59 vader-rover kernel: [    0.040405] Initializing cgroup subsys freezer
Dec 31 19:02:59 vader-rover kernel: [    0.040405] Initializing cgroup subsys perf_event
Dec 31 19:02:59 vader-rover kernel: [    0.040557] CPU: Testing write buffer coherency: ok
Dec 31 19:02:59 vader-rover kernel: [    0.040893] Setting up static identity map for 0x8046ea98 - 0x8046eaf0
Dec 31 19:02:59 vader-rover kernel: [    0.046020] devtmpfs: initialized
Dec 31 19:02:59 vader-rover kernel: [    0.050872] dummy: 
Dec 31 19:02:59 vader-rover kernel: [    0.051269] NET: Registered protocol family 16
Dec 31 19:02:59 vader-rover kernel: [    0.051727] GPMC revision 5.0
Dec 31 19:02:59 vader-rover kernel: [    0.051788] gpmc: irq-20 could not claim: err -22
Dec 31 19:02:59 vader-rover kernel: [    0.053466] gpiochip_add: registered GPIOs 0 to 31 on device: gpio
Dec 31 19:02:59 vader-rover kernel: [    0.053588] OMAP GPIO hardware version 2.5
Dec 31 19:02:59 vader-rover kernel: [    0.053833] gpiochip_add: registered GPIOs 32 to 63 on device: gpio
Dec 31 19:02:59 vader-rover kernel: [    0.054107] gpiochip_add: registered GPIOs 64 to 95 on device: gpio
Dec 31 19:02:59 vader-rover kernel: [    0.054382] gpiochip_add: registered GPIOs 96 to 127 on device: gpio
Dec 31 19:02:59 vader-rover kernel: [    0.054779] gpiochip_add: registered GPIOs 128 to 159 on device: gpio
Dec 31 19:02:59 vader-rover kernel: [    0.055084] gpiochip_add: registered GPIOs 160 to 191 on device: gpio
Dec 31 19:02:59 vader-rover kernel: [    0.056030] omap_mux_init: Add partition: #1: core, flags: 0
Dec 31 19:02:59 vader-rover kernel: [    0.061035] _omap_mux_get_by_name: Could not find signal uart4_rx.uart4_rx
Dec 31 19:02:59 vader-rover kernel: [    0.066894] Reprogramming SDRC clock to 332000000 Hz
Dec 31 19:02:59 vader-rover kernel: [    0.066955] dpll3_m2_clk rate change failed: -22
Dec 31 19:02:59 vader-rover kernel: [    0.066986] Found NAND on CS0
Dec 31 19:02:59 vader-rover kernel: [    0.066986] Registering NAND on CS0
Dec 31 19:02:59 vader-rover kernel: [    0.068206]  usbhs_omap: alias fck already exists
Dec 31 19:02:59 vader-rover kernel: [    0.075714] hw-breakpoint: debug architecture 0x4 unsupported.
Dec 31 19:02:59 vader-rover kernel: [    0.078796]  omap-mcbsp.2: alias fck already exists
Dec 31 19:02:59 vader-rover kernel: [    0.079010]  omap-mcbsp.3: alias fck already exists
Dec 31 19:02:59 vader-rover kernel: [    0.080108] Switched to new clocking rate (Crystal/Core/MPU): 26.0/332/720 MHz
Dec 31 19:02:59 vader-rover kernel: [    0.080322] OMAP DMA hardware revision 5.0
Dec 31 19:02:59 vader-rover kernel: [    0.087341] bio: create slab <bio-0> at 0
Dec 31 19:02:59 vader-rover kernel: [    0.088043] fixed-dummy: 
Dec 31 19:02:59 vader-rover kernel: [    0.088134] reg-fixed-voltage reg-fixed-voltage.0: fixed-dummy supplying 0uV
Dec 31 19:02:59 vader-rover kernel: [    0.088317] vads7846: override min_uV, 1 -> 3300000
Dec 31 19:02:59 vader-rover kernel: [    0.088317] vads7846: override max_uV, 2147483647 -> 3300000
Dec 31 19:02:59 vader-rover kernel: [    0.088348] vads7846: 3300 mV 
Dec 31 19:02:59 vader-rover kernel: [    0.088439] reg-fixed-voltage reg-fixed-voltage.1: vads7846 supplying 3300000uV
Dec 31 19:02:59 vader-rover kernel: [    0.089050] SCSI subsystem initialized
Dec 31 19:02:59 vader-rover kernel: [    0.089324] usbcore: registered new interface driver usbfs
Dec 31 19:02:59 vader-rover kernel: [    0.089477] usbcore: registered new interface driver hub
Dec 31 19:02:59 vader-rover kernel: [    0.089691] usbcore: registered new device driver usb
Dec 31 19:02:59 vader-rover kernel: [    0.090148] omap_i2c omap_i2c.1: bus 1 rev1.4.0 at 2600 kHz
Dec 31 19:02:59 vader-rover kernel: [    0.092681] twl 1-0048: PIH (irq 7) chaining IRQs 320..328
Dec 31 19:02:59 vader-rover kernel: [    0.092803] twl 1-0048: power (irq 325) chaining IRQs 328..335
Dec 31 19:02:59 vader-rover kernel: [    0.093414] twl4030_gpio twl4030_gpio: gpio (irq 320) chaining IRQs 336..353
Dec 31 19:02:59 vader-rover kernel: [    0.093719] gpiochip_add: registered GPIOs 192 to 211 on device: twl4030
Dec 31 19:02:59 vader-rover kernel: [    0.094451] VUSB1V5: override min_uV, 1 -> 1500000
Dec 31 19:02:59 vader-rover kernel: [    0.094451] VUSB1V5: override max_uV, 2147483647 -> 1500000
Dec 31 19:02:59 vader-rover kernel: [    0.094482] VUSB1V5: 1500 mV normal standby
Dec 31 19:02:59 vader-rover kernel: [    0.094909] VUSB1V8: override min_uV, 1 -> 1800000
Dec 31 19:02:59 vader-rover kernel: [    0.094940] VUSB1V8: override max_uV, 2147483647 -> 1800000
Dec 31 19:02:59 vader-rover kernel: [    0.094940] VUSB1V8: 1800 mV normal standby
Dec 31 19:02:59 vader-rover kernel: [    0.095336] VUSB3V1: override min_uV, 1 -> 3100000
Dec 31 19:02:59 vader-rover kernel: [    0.095367] VUSB3V1: override max_uV, 2147483647 -> 3100000
Dec 31 19:02:59 vader-rover kernel: [    0.095367] VUSB3V1: 3100 mV normal standby
Dec 31 19:02:59 vader-rover kernel: [    0.096801] twl4030_usb twl4030_usb: HW_CONDITIONS 0x10/16; link 0
Dec 31 19:02:59 vader-rover kernel: [    0.097045] twl4030_usb twl4030_usb: Initialized TWL4030 USB module
Dec 31 19:02:59 vader-rover kernel: [    0.097503] vdd_mpu_iva: 600 <--> 1450 mV normal 
Dec 31 19:02:59 vader-rover kernel: [    0.097930] vdd_core: 600 <--> 1450 mV normal 
Dec 31 19:02:59 vader-rover kernel: [    0.098388] VMMC1: 1850 <--> 3150 mV at 3000 mV normal standby
Dec 31 19:02:59 vader-rover kernel: [    0.098907] VDAC: 1800 mV normal standby
Dec 31 19:02:59 vader-rover kernel: [    0.099395] VDVI: 1800 mV normal standby
Dec 31 19:02:59 vader-rover kernel: [    0.099853] omap_i2c omap_i2c.3: bus 3 rev1.4.0 at 400 kHz
Dec 31 19:02:59 vader-rover kernel: [    0.100585] omap-iommu omap-iommu.0: isp registered
Dec 31 19:02:59 vader-rover kernel: [    0.100799] Advanced Linux Sound Architecture Driver Version 1.0.25.
Dec 31 19:02:59 vader-rover kernel: [    0.101684] Switching to clocksource 32k_counter
Dec 31 19:02:59 vader-rover kernel: [    0.126220] usbhs_omap usbhs_omap: xclk60mhsp2_ck set parentfailed error:-22
Dec 31 19:02:59 vader-rover kernel: [    0.127014] NET: Registered protocol family 2
Dec 31 19:02:59 vader-rover kernel: [    0.127288] IP route cache hash table entries: 4096 (order: 2, 16384 bytes)
Dec 31 19:02:59 vader-rover kernel: [    0.127838] TCP established hash table entries: 16384 (order: 5, 131072 bytes)
Dec 31 19:02:59 vader-rover kernel: [    0.128173] TCP bind hash table entries: 16384 (order: 4, 65536 bytes)
Dec 31 19:02:59 vader-rover kernel: [    0.128356] TCP: Hash tables configured (established 16384 bind 16384)
Dec 31 19:02:59 vader-rover kernel: [    0.128387] TCP: reno registered
Dec 31 19:02:59 vader-rover kernel: [    0.128387] UDP hash table entries: 256 (order: 0, 4096 bytes)
Dec 31 19:02:59 vader-rover kernel: [    0.128448] UDP-Lite hash table entries: 256 (order: 0, 4096 bytes)
Dec 31 19:02:59 vader-rover kernel: [    0.128753] NET: Registered protocol family 1
Dec 31 19:02:59 vader-rover kernel: [    0.129272] RPC: Registered named UNIX socket transport module.
Dec 31 19:02:59 vader-rover kernel: [    0.129302] RPC: Registered udp transport module.
Dec 31 19:02:59 vader-rover kernel: [    0.129333] RPC: Registered tcp transport module.
Dec 31 19:02:59 vader-rover kernel: [    0.129333] RPC: Registered tcp NFSv4.1 backchannel transport module.
Dec 31 19:02:59 vader-rover kernel: [    0.129608] Trying to unpack rootfs image as initramfs...
Dec 31 19:02:59 vader-rover kernel: [    0.279022] Freeing initrd memory: 1828K
Dec 31 19:02:59 vader-rover kernel: [    0.281341] audit: initializing netlink socket (disabled)
Dec 31 19:02:59 vader-rover kernel: [    0.281433] type=2000 audit(0.273:1): initialized
Dec 31 19:02:59 vader-rover kernel: [    0.282897] VFS: Disk quotas dquot_6.5.2
Dec 31 19:02:59 vader-rover kernel: [    0.283020] Dquot-cache hash table entries: 1024 (order 0, 4096 bytes)
Dec 31 19:02:59 vader-rover kernel: [    0.283386] NFS: Registering the id_resolver key type
Dec 31 19:02:59 vader-rover kernel: [    0.283477] Key type id_resolver registered
Dec 31 19:02:59 vader-rover kernel: [    0.283905] jffs2: version 2.2. (NAND) (SUMMARY)  Â© 2001-2006 Red Hat, Inc.
Dec 31 19:02:59 vader-rover kernel: [    0.284576] fuse init (API version 7.19)
Dec 31 19:02:59 vader-rover kernel: [    0.285064] msgmni has been set to 971
Dec 31 19:02:59 vader-rover kernel: [    0.286743] Block layer SCSI generic (bsg) driver version 0.4 loaded (major 253)
Dec 31 19:02:59 vader-rover kernel: [    0.286773] io scheduler noop registered
Dec 31 19:02:59 vader-rover kernel: [    0.286804] io scheduler deadline registered (default)
Dec 31 19:02:59 vader-rover kernel: [    0.287567] OMAP DSS rev 2.0
Dec 31 19:02:59 vader-rover kernel: [    0.290710] omap_uart.0: ttyO0 at MMIO 0x4806a000 (irq = 72) is a OMAP UART0
Dec 31 19:02:59 vader-rover kernel: [    0.291168] omap_uart.1: ttyO1 at MMIO 0x4806c000 (irq = 73) is a OMAP UART1
Dec 31 19:02:59 vader-rover kernel: [    0.291595] omap_uart.2: ttyO2 at MMIO 0x49020000 (irq = 74) is a OMAP UART2
Dec 31 19:02:59 vader-rover kernel: [    0.991943] console [ttyO2] enabled
Dec 31 19:02:59 vader-rover kernel: [    0.996032] omap_uart.3: ttyO3 at MMIO 0x49042000 (irq = 80) is a OMAP UART3
Dec 31 19:02:59 vader-rover kernel: [    1.010986] brd: module loaded
Dec 31 19:02:59 vader-rover kernel: [    1.018066] loop: module loaded
Dec 31 19:02:59 vader-rover kernel: [    1.023345] twl4030_madc twl4030_madc: clk disabled, enabling
Dec 31 19:02:59 vader-rover kernel: [    1.031311] NAND device: Manufacturer ID: 0x2c, Chip ID: 0xbc (Micron NAND 512MiB 1,8V 16-bit), page size: 2048, OOB size: 64
Dec 31 19:02:59 vader-rover kernel: [    1.056121] Creating 5 MTD partitions on "omap2-nand.0":
Dec 31 19:02:59 vader-rover kernel: [    1.061737] 0x000000000000-0x000000080000 : "xloader"
Dec 31 19:02:59 vader-rover kernel: [    1.068634] 0x000000080000-0x000000240000 : "uboot"
Dec 31 19:02:59 vader-rover kernel: [    1.075988] 0x000000240000-0x000000280000 : "uboot environment"
Dec 31 19:02:59 vader-rover kernel: [    1.083343] 0x000000280000-0x000000680000 : "linux"
Dec 31 19:02:59 vader-rover kernel: [    1.092193] 0x000000680000-0x000020000000 : "rootfs"
Dec 31 19:02:59 vader-rover kernel: [    1.450805] smsc911x: Driver version 2008-10-21
Dec 31 19:02:59 vader-rover kernel: [    1.456054] smsc911x: Driver version 2008-10-21
Dec 31 19:02:59 vader-rover kernel: [    1.461303] usbcore: registered new interface driver asix
Dec 31 19:02:59 vader-rover kernel: [    1.467041] usbcore: registered new interface driver cdc_ether
Dec 31 19:02:59 vader-rover kernel: [    1.473266] usbcore: registered new interface driver cdc_ncm
Dec 31 19:02:59 vader-rover kernel: [    1.479553] ehci_hcd: USB 2.0 'Enhanced' Host Controller (EHCI) Driver
Dec 31 19:02:59 vader-rover kernel: [    1.486450] ehci_hcd: block sizes: qh 64 qtd 96 itd 160 sitd 96
Dec 31 19:02:59 vader-rover kernel: [    1.486602] ehci-omap ehci-omap.0: failed to get ehci port1 regulator
Dec 31 19:02:59 vader-rover kernel: [    2.492462] ehci-omap ehci-omap.0: phy reset operation timed out
Dec 31 19:02:59 vader-rover kernel: [    2.492492] ehci-omap ehci-omap.0: reset hcs_params 0x1313 dbg=0 cc=1 pcc=3 ordered ports=3
Dec 31 19:02:59 vader-rover kernel: [    2.492492] ehci-omap ehci-omap.0: reset hcc_params 0016 thresh 1 uframes 256/512/1024 park
Dec 31 19:02:59 vader-rover kernel: [    2.492523] ehci-omap ehci-omap.0: reset command 0080b02  park=3 ithresh=8 period=1024 Reset HALT
Dec 31 19:02:59 vader-rover kernel: [    2.492553] ehci-omap ehci-omap.0: OMAP-EHCI Host Controller
Dec 31 19:02:59 vader-rover kernel: [    2.498809] ehci-omap ehci-omap.0: new USB bus registered, assigned bus number 1
Dec 31 19:02:59 vader-rover kernel: [    2.506683] ehci-omap ehci-omap.0: park 0
Dec 31 19:02:59 vader-rover kernel: [    2.506744] ehci-omap ehci-omap.0: irq 77, io mem 0x48064800
Dec 31 19:02:59 vader-rover kernel: [    2.512725] ehci-omap ehci-omap.0: init command 0010005 (park)=0 ithresh=1 period=512 RUN
Dec 31 19:02:59 vader-rover kernel: [    2.523773] ehci-omap ehci-omap.0: USB 2.0 started, EHCI 1.00
Dec 31 19:02:59 vader-rover kernel: [    2.529937] usb usb1: default language 0x0409
Dec 31 19:02:59 vader-rover kernel: [    2.529968] usb usb1: udev 1, busnum 1, minor = 0
Dec 31 19:02:59 vader-rover kernel: [    2.529998] usb usb1: New USB device found, idVendor=1d6b, idProduct=0002
Dec 31 19:02:59 vader-rover kernel: [    2.537139] usb usb1: New USB device strings: Mfr=3, Product=2, SerialNumber=1
Dec 31 19:02:59 vader-rover kernel: [    2.544769] usb usb1: Product: OMAP-EHCI Host Controller
Dec 31 19:02:59 vader-rover kernel: [    2.550354] usb usb1: Manufacturer: Linux 3.5.0-2-linaro-omap ehci_hcd
Dec 31 19:02:59 vader-rover kernel: [    2.557250] usb usb1: SerialNumber: ehci-omap.0
Dec 31 19:02:59 vader-rover kernel: [    2.562469] usb usb1: usb_probe_device
Dec 31 19:02:59 vader-rover kernel: [    2.562500] usb usb1: configuration #1 chosen from 1 choice
Dec 31 19:02:59 vader-rover kernel: [    2.562530] usb usb1: adding 1-0:1.0 (config #1, interface 0)
Dec 31 19:02:59 vader-rover kernel: [    2.562683] hub 1-0:1.0: usb_probe_interface
Dec 31 19:02:59 vader-rover kernel: [    2.562683] hub 1-0:1.0: usb_probe_interface - got id
Dec 31 19:02:59 vader-rover kernel: [    2.562713] hub 1-0:1.0: USB hub found
Dec 31 19:02:59 vader-rover kernel: [    2.566711] hub 1-0:1.0: 3 ports detected
Dec 31 19:02:59 vader-rover kernel: [    2.570953] hub 1-0:1.0: standalone hub
Dec 31 19:02:59 vader-rover kernel: [    2.570983] hub 1-0:1.0: individual port power switching
Dec 31 19:02:59 vader-rover kernel: [    2.570983] hub 1-0:1.0: individual port over-current protection
Dec 31 19:02:59 vader-rover kernel: [    2.570983] hub 1-0:1.0: power on to power good time: 20ms
Dec 31 19:02:59 vader-rover kernel: [    2.571014] hub 1-0:1.0: local power source is good
Dec 31 19:02:59 vader-rover kernel: [    2.571044] hub 1-0:1.0: enabling power on all ports
Dec 31 19:02:59 vader-rover kernel: [    2.571319] ehci-omap ehci-omap.0: ...powerup ports...
Dec 31 19:02:59 vader-rover kernel: [    2.602050] Initializing USB Mass Storage driver...
Dec 31 19:02:59 vader-rover kernel: [    2.607330] usbcore: registered new interface driver usb-storage
Dec 31 19:02:59 vader-rover kernel: [    2.613677] USB Mass Storage support registered.
Dec 31 19:02:59 vader-rover kernel: [    2.618560] musb-hdrc: version 6.0, ?dma?, otg (peripheral+host)
Dec 31 19:02:59 vader-rover kernel: [    2.630493] twl4030_usb twl4030_usb: twl4030_phy_resume
Dec 31 19:02:59 vader-rover kernel: [    2.630737] musb-hdrc: ConfigData=0xde (UTMI-8, dyn FIFOs, bulk combine, bulk split, HB-ISO Rx, HB-ISO Tx, SoftConn)
Dec 31 19:02:59 vader-rover kernel: [    2.630767] musb-hdrc: MHDRC RTL version 1.800 
Dec 31 19:02:59 vader-rover kernel: [    2.630767] musb-hdrc: setup fifo_mode 4
Dec 31 19:02:59 vader-rover kernel: [    2.630798] musb-hdrc: 28/31 max ep, 16384/16384 memory
Dec 31 19:02:59 vader-rover kernel: [    2.631225] musb-hdrc musb-hdrc: USB OTG mode controller at fa0ab000 using DMA, IRQ 92
Dec 31 19:02:59 vader-rover kernel: [    2.641479] twl4030_usb twl4030_usb: twl4030_phy_suspend
Dec 31 19:02:59 vader-rover kernel: [    2.641967] mousedev: PS/2 mouse device common for all mice
Dec 31 19:02:59 vader-rover kernel: [    2.648529] twl_rtc twl_rtc: Enabling TWL-RTC
Dec 31 19:02:59 vader-rover kernel: [    2.655731] twl_rtc twl_rtc: rtc core: registered twl_rtc as rtc0
Dec 31 19:02:59 vader-rover kernel: [    2.662963] i2c /dev entries driver
Dec 31 19:02:59 vader-rover kernel: [    2.668060] voltdm_scale: No voltage scale API registered for vdd_mpu_iva
Dec 31 19:02:59 vader-rover kernel: [    2.675323] ehci-omap ehci-omap.0: GetStatus port:2 status 001803 0  ACK POWER sig=j CSC CONNECT
Dec 31 19:02:59 vader-rover kernel: [    2.675354] hub 1-0:1.0: port 2: status 0501 change 0001
Dec 31 19:02:59 vader-rover kernel: [    2.675384] platform mpu.0: omap_target: unable to scale voltage up.
Dec 31 19:02:59 vader-rover kernel: [    2.682128] cpuidle: using governor ladder
Dec 31 19:02:59 vader-rover kernel: [    2.686431] cpuidle: using governor menu
Dec 31 19:02:59 vader-rover kernel: [    2.691101] omap_hsmmc omap_hsmmc.0: Failed to get debounce clk
Dec 31 19:02:59 vader-rover kernel: [    2.773834] hub 1-0:1.0: state 7 ports 3 chg 0004 evt 0000
Dec 31 19:02:59 vader-rover kernel: [    2.773864] hub 1-0:1.0: port 2, status 0501, change 0000, 480 Mb/s
Dec 31 19:02:59 vader-rover kernel: [    2.836364] ehci-omap ehci-omap.0: port 2 reset complete, port enabled
Dec 31 19:02:59 vader-rover kernel: [    2.836395] ehci-omap ehci-omap.0: GetStatus port:2 status 001005 0  ACK POWER sig=se0 PE CONNECT
Dec 31 19:02:59 vader-rover kernel: [    2.898773] usb 1-2: new high-speed USB device number 2 using ehci-omap
Dec 31 19:02:59 vader-rover kernel: [    2.961303] ehci-omap ehci-omap.0: port 2 reset complete, port enabled
Dec 31 19:02:59 vader-rover kernel: [    2.961303] ehci-omap ehci-omap.0: GetStatus port:2 status 001005 0  ACK POWER sig=se0 PE CONNECT
Dec 31 19:02:59 vader-rover kernel: [    3.055389] usb 1-2: udev 2, busnum 1, minor = 1
Dec 31 19:02:59 vader-rover kernel: [    3.055419] usb 1-2: New USB device found, idVendor=0409, idProduct=005a
Dec 31 19:02:59 vader-rover kernel: [    3.062469] usb 1-2: New USB device strings: Mfr=0, Product=0, SerialNumber=0
Dec 31 19:02:59 vader-rover kernel: [    3.070343] usb 1-2: usb_probe_device
Dec 31 19:02:59 vader-rover kernel: [    3.070373] usb 1-2: configuration #1 chosen from 1 choice
Dec 31 19:02:59 vader-rover kernel: [    3.070556] usb 1-2: adding 1-2:1.0 (config #1, interface 0)
Dec 31 19:02:59 vader-rover kernel: [    3.071136] omap_hsmmc omap_hsmmc.1: Failed to get debounce clk
Dec 31 19:02:59 vader-rover kernel: [    3.077758] hub 1-2:1.0: usb_probe_interface
Dec 31 19:02:59 vader-rover kernel: [    3.077789] hub 1-2:1.0: usb_probe_interface - got id
Dec 31 19:02:59 vader-rover kernel: [    3.077789] hub 1-2:1.0: USB hub found
Dec 31 19:02:59 vader-rover kernel: [    3.082000] hub 1-2:1.0: 4 ports detected
Dec 31 19:02:59 vader-rover kernel: [    3.087127] hub 1-2:1.0: standalone hub
Dec 31 19:02:59 vader-rover kernel: [    3.087127] hub 1-2:1.0: individual port power switching
Dec 31 19:02:59 vader-rover kernel: [    3.087127] hub 1-2:1.0: individual port over-current protection
Dec 31 19:02:59 vader-rover kernel: [    3.087158] hub 1-2:1.0: Single TT
Dec 31 19:02:59 vader-rover kernel: [    3.087158] hub 1-2:1.0: TT requires at most 16 FS bit times (1332 ns)
Dec 31 19:02:59 vader-rover kernel: [    3.087188] hub 1-2:1.0: power on to power good time: 100ms
Dec 31 19:02:59 vader-rover kernel: [    3.089111] hub 1-2:1.0: local power source is good
Dec 31 19:02:59 vader-rover kernel: [    3.089111] hub 1-2:1.0: enabling power on all ports
Dec 31 19:02:59 vader-rover kernel: [    3.118011] Registered led device: overo:red:gpio21
Dec 31 19:02:59 vader-rover kernel: [    3.118133] Registered led device: overo:blue:gpio22
Dec 31 19:02:59 vader-rover kernel: [    3.119018] Registered led device: overo:blue:COM
Dec 31 19:02:59 vader-rover kernel: [    3.120483] usbcore: registered new interface driver usbhid
Dec 31 19:02:59 vader-rover kernel: [    3.126403] usbhid: USB HID core driver
Dec 31 19:02:59 vader-rover kernel: [    3.131011] usbcore: registered new interface driver snd-usb-audio
Dec 31 19:02:59 vader-rover kernel: [    3.138702] overo SoC init
Dec 31 19:02:59 vader-rover kernel: [    3.141754] soc-audio soc-audio: ASoC machine overo should use snd_soc_register_card()
Dec 31 19:02:59 vader-rover kernel: [    3.188110] hub 1-2:1.0: port 2: status 0101 change 0001
Dec 31 19:02:59 vader-rover kernel: [    3.188354] hub 1-2:1.0: port 3: status 0101 change 0001
Dec 31 19:02:59 vader-rover kernel: [    3.188598] hub 1-2:1.0: port 4: status 0101 change 0001
Dec 31 19:02:59 vader-rover kernel: [    3.235351] twl4030-codec twl4030-codec: ASoC: Failed to create Capture debugfs file
Dec 31 19:02:59 vader-rover kernel: [    3.246917] asoc: twl4030-hifi <-> omap-mcbsp.2 mapping ok
Dec 31 19:02:59 vader-rover kernel: [    3.256469] oprofile: hardware counters not available
Dec 31 19:02:59 vader-rover kernel: [    3.261871] oprofile: using timer interrupt.
Dec 31 19:02:59 vader-rover kernel: [    3.267211] TCP: cubic registered
Dec 31 19:02:59 vader-rover kernel: [    3.270721] NET: Registered protocol family 17
Dec 31 19:02:59 vader-rover kernel: [    3.275482] NET: Registered protocol family 15
Dec 31 19:02:59 vader-rover kernel: [    3.280273] Key type dns_resolver registered
Dec 31 19:02:59 vader-rover kernel: [    3.284973] VFP support v0.3: implementor 41 architecture 3 part 30 variant c rev 3
Dec 31 19:02:59 vader-rover kernel: [    3.293151] usb 1-2: link qh256-0001/de6c6b00 start 1 [1/0 us]
Dec 31 19:02:59 vader-rover kernel: [    3.293212] hub 1-2:1.0: state 7 ports 4 chg 001c evt 0000
Dec 31 19:02:59 vader-rover kernel: [    3.293884] hub 1-2:1.0: port 2, status 0101, change 0000, 12 Mb/s
Dec 31 19:02:59 vader-rover kernel: [    3.298522] ThumbEE CPU extension supported.
Dec 31 19:02:59 vader-rover kernel: [    3.303039] sr_init: No PMIC hook to init smartreflex
Dec 31 19:02:59 vader-rover kernel: [    3.308624] smartreflex smartreflex.0: omap_sr_probe: SmartReflex driver initialized
Dec 31 19:02:59 vader-rover kernel: [    3.317504] smartreflex smartreflex.1: omap_sr_probe: SmartReflex driver initialized
Dec 31 19:02:59 vader-rover kernel: [    3.332366] clock: disabling unused clocks to save power
Dec 31 19:02:59 vader-rover kernel: [    3.338958] registered taskstats version 1
Dec 31 19:02:59 vader-rover kernel: [    3.344390] fbcvt: 1024x768@60: CVT Name - .786M3-R
Dec 31 19:02:59 vader-rover kernel: [    3.369384] Console: switching to colour frame buffer device 128x48
Dec 31 19:02:59 vader-rover kernel: [    3.375610] usb 1-2.2: new high-speed USB device number 3 using ehci-omap
Dec 31 19:02:59 vader-rover kernel: [    3.394927] VDAC: incomplete constraints, leaving on
Dec 31 19:02:59 vader-rover kernel: [    3.402801] twl_rtc twl_rtc: setting system clock to 2000-01-01 00:02:49 UTC (946684969)
Dec 31 19:02:59 vader-rover kernel: [    3.411590] ALSA device list:
Dec 31 19:02:59 vader-rover kernel: [    3.414916]   #0: overo
Dec 31 19:02:59 vader-rover kernel: [    3.418457] Freeing init memory: 220K
Dec 31 19:02:59 vader-rover kernel: [    3.497772] usb 1-2.2: default language 0x0409
Dec 31 19:02:59 vader-rover kernel: [    3.506683] usb 1-2.2: udev 3, busnum 1, minor = 2
Dec 31 19:02:59 vader-rover kernel: [    3.506713] usb 1-2.2: New USB device found, idVendor=1e10, idProduct=2004
Dec 31 19:02:59 vader-rover kernel: [    3.523895] usb 1-2.2: New USB device strings: Mfr=1, Product=2, SerialNumber=3
Dec 31 19:02:59 vader-rover kernel: [    3.537963] usb 1-2.2: Product: USB 2.0 Digital Imaging Camera
Dec 31 19:02:59 vader-rover kernel: [    3.550476] usb 1-2.2: Manufacturer: Point Grey Research
Dec 31 19:02:59 vader-rover kernel: [    3.562469] usb 1-2.2: SerialNumber: 00CAABB3
Dec 31 19:02:59 vader-rover kernel: [    3.572937] usb 1-2.2: usb_probe_device
Dec 31 19:02:59 vader-rover kernel: [    3.572967] usb 1-2.2: configuration #1 chosen from 1 choice
Dec 31 19:02:59 vader-rover kernel: [    3.573303] usb 1-2.2: adding 1-2.2:1.0 (config #1, interface 0)
Dec 31 19:02:59 vader-rover kernel: [    3.574005] hub 1-2:1.0: port 3, status 0101, change 0000, 12 Mb/s
Dec 31 19:02:59 vader-rover kernel: [    3.615478] mmc0: host does not support reading read-only switch. assuming write-enable.
Dec 31 19:02:59 vader-rover kernel: [    3.647338] mmc0: new high speed SDXC card at address 59b4
Dec 31 19:02:59 vader-rover kernel: [    3.664672] usb 1-2.3: new high-speed USB device number 4 using ehci-omap
Dec 31 19:02:59 vader-rover kernel: [    3.704315] mmcblk0: mmc0:59b4       59.6 GiB 
Dec 31 19:02:59 vader-rover kernel: [    3.720855]  mmcblk0: p1 p2
Dec 31 19:02:59 vader-rover kernel: [    3.772460] mmc1: new SDIO card at address 0001
Dec 31 19:02:59 vader-rover kernel: [    3.805145] usb 1-2.3: default language 0x0409
Dec 31 19:02:59 vader-rover kernel: [    3.811309] usb 1-2.3: udev 4, busnum 1, minor = 3
Dec 31 19:02:59 vader-rover kernel: [    3.811340] usb 1-2.3: New USB device found, idVendor=1e10, idProduct=2004
Dec 31 19:02:59 vader-rover kernel: [    3.858551] usb 1-2.3: New USB device strings: Mfr=1, Product=2, SerialNumber=3
Dec 31 19:02:59 vader-rover kernel: [    3.890441] usb 1-2.3: Product: USB 2.0 Digital Imaging Camera
Dec 31 19:02:59 vader-rover kernel: [    3.922332] usb 1-2.3: Manufacturer: Point Grey Research
Dec 31 19:02:59 vader-rover kernel: [    3.956909] usb 1-2.3: SerialNumber: 00BB1D77
Dec 31 19:02:59 vader-rover kernel: [    3.969696] usb 1-2.3: usb_probe_device
Dec 31 19:02:59 vader-rover kernel: [    3.969726] usb 1-2.3: configuration #1 chosen from 1 choice
Dec 31 19:02:59 vader-rover kernel: [    3.972473] usb 1-2.3: adding 1-2.3:1.0 (config #1, interface 0)
Dec 31 19:02:59 vader-rover kernel: [    3.973266] hub 1-2:1.0: port 4, status 0101, change 0000, 12 Mb/s
Dec 31 19:02:59 vader-rover kernel: [    4.055267] usb 1-2.4: new high-speed USB device number 5 using ehci-omap
Dec 31 19:02:59 vader-rover kernel: [    4.188507] usb 1-2.4: udev 5, busnum 1, minor = 4
Dec 31 19:02:59 vader-rover kernel: [    4.188537] usb 1-2.4: New USB device found, idVendor=0409, idProduct=005a
Dec 31 19:02:59 vader-rover kernel: [    4.211364] usb 1-2.4: New USB device strings: Mfr=0, Product=0, SerialNumber=0
Dec 31 19:02:59 vader-rover kernel: [    4.234832] usb 1-2.4: usb_probe_device
Dec 31 19:02:59 vader-rover kernel: [    4.234863] usb 1-2.4: configuration #1 chosen from 1 choice
Dec 31 19:02:59 vader-rover kernel: [    4.235260] usb 1-2.4: adding 1-2.4:1.0 (config #1, interface 0)
Dec 31 19:02:59 vader-rover kernel: [    4.235443] hub 1-2.4:1.0: usb_probe_interface
Dec 31 19:02:59 vader-rover kernel: [    4.235443] hub 1-2.4:1.0: usb_probe_interface - got id
Dec 31 19:02:59 vader-rover kernel: [    4.235473] hub 1-2.4:1.0: USB hub found
Dec 31 19:02:59 vader-rover kernel: [    4.252014] hub 1-2.4:1.0: 4 ports detected
Dec 31 19:02:59 vader-rover kernel: [    4.269226] hub 1-2.4:1.0: standalone hub
Dec 31 19:02:59 vader-rover kernel: [    4.269256] hub 1-2.4:1.0: individual port power switching
Dec 31 19:02:59 vader-rover kernel: [    4.269287] hub 1-2.4:1.0: individual port over-current protection
Dec 31 19:02:59 vader-rover kernel: [    4.269287] hub 1-2.4:1.0: Single TT
Dec 31 19:02:59 vader-rover kernel: [    4.269287] hub 1-2.4:1.0: TT requires at most 16 FS bit times (1332 ns)
Dec 31 19:02:59 vader-rover kernel: [    4.269317] hub 1-2.4:1.0: power on to power good time: 100ms
Dec 31 19:02:59 vader-rover kernel: [    4.269592] hub 1-2.4:1.0: local power source is good
Dec 31 19:02:59 vader-rover kernel: [    4.269622] hub 1-2.4:1.0: enabling power on all ports
Dec 31 19:02:59 vader-rover kernel: [    4.270446] hub 1-2:1.0: state 7 ports 4 chg 0000 evt 0010
Dec 31 19:02:59 vader-rover kernel: [    4.368377] usb 1-2.4: link qh256-0001/de0e7d40 start 2 [1/0 us]
Dec 31 19:02:59 vader-rover kernel: [    4.368469] hub 1-2.4:1.0: state 7 ports 4 chg 0000 evt 0000
Dec 31 19:02:59 vader-rover kernel: [    6.260070] end_request: I/O error, dev mtdblock0, sector 0
Dec 31 19:02:59 vader-rover kernel: [    6.269714] Buffer I/O error on device mtdblock0, logical block 0
Dec 31 19:02:59 vader-rover kernel: [    6.376312] end_request: I/O error, dev mtdblock0, sector 0
Dec 31 19:02:59 vader-rover kernel: [    6.385986] Buffer I/O error on device mtdblock0, logical block 0
Dec 31 19:02:59 vader-rover kernel: [    6.461425] end_request: I/O error, dev mtdblock0, sector 0
Dec 31 19:02:59 vader-rover kernel: [    6.471221] Buffer I/O error on device mtdblock0, logical block 0
Dec 31 19:02:59 vader-rover kernel: [    6.549438] end_request: I/O error, dev mtdblock0, sector 0
Dec 31 19:02:59 vader-rover kernel: [    6.559234] Buffer I/O error on device mtdblock0, logical block 0
Dec 31 19:02:59 vader-rover kernel: [    6.664520] end_request: I/O error, dev mtdblock0, sector 0
Dec 31 19:02:59 vader-rover kernel: [    6.674285] Buffer I/O error on device mtdblock0, logical block 0
Dec 31 19:02:59 vader-rover kernel: [    6.736541] end_request: I/O error, dev mtdblock0, sector 0
Dec 31 19:02:59 vader-rover kernel: [    6.746337] Buffer I/O error on device mtdblock0, logical block 0
Dec 31 19:02:59 vader-rover kernel: [    6.771789] end_request: I/O error, dev mtdblock0, sector 0
Dec 31 19:02:59 vader-rover kernel: [    6.781524] Buffer I/O error on device mtdblock0, logical block 0
Dec 31 19:02:59 vader-rover kernel: [    6.793029] end_request: I/O error, dev mtdblock0, sector 0
Dec 31 19:02:59 vader-rover kernel: [    6.802673] Buffer I/O error on device mtdblock0, logical block 0
Dec 31 19:02:59 vader-rover kernel: [    6.814605] end_request: I/O error, dev mtdblock0, sector 0
Dec 31 19:02:59 vader-rover kernel: [    6.824279] Buffer I/O error on device mtdblock0, logical block 0
Dec 31 19:02:59 vader-rover kernel: [    6.835540] end_request: I/O error, dev mtdblock0, sector 0
Dec 31 19:02:59 vader-rover kernel: [    6.845184] Buffer I/O error on device mtdblock0, logical block 0
Dec 31 19:02:59 vader-rover kernel: [    6.856353] end_request: I/O error, dev mtdblock0, sector 0
Dec 31 19:02:59 vader-rover kernel: [    6.866760] end_request: I/O error, dev mtdblock0, sector 0
Dec 31 19:02:59 vader-rover kernel: [    6.877593] end_request: I/O error, dev mtdblock0, sector 0
Dec 31 19:02:59 vader-rover kernel: [    6.888702] end_request: I/O error, dev mtdblock0, sector 0
Dec 31 19:02:59 vader-rover kernel: [    6.898468] end_request: I/O error, dev mtdblock0, sector 0
Dec 31 19:02:59 vader-rover kernel: [    6.910522] end_request: I/O error, dev mtdblock0, sector 0
Dec 31 19:02:59 vader-rover kernel: [    6.920867] end_request: I/O error, dev mtdblock0, sector 0
Dec 31 19:02:59 vader-rover kernel: [    6.930999] end_request: I/O error, dev mtdblock0, sector 8
Dec 31 19:02:59 vader-rover kernel: [    6.941711] end_request: I/O error, dev mtdblock0, sector 8
Dec 31 19:02:59 vader-rover kernel: [    6.952117] end_request: I/O error, dev mtdblock0, sector 8
Dec 31 19:02:59 vader-rover kernel: [    6.962402] end_request: I/O error, dev mtdblock0, sector 8
Dec 31 19:02:59 vader-rover kernel: [    6.972686] end_request: I/O error, dev mtdblock0, sector 24
Dec 31 19:02:59 vader-rover kernel: [    6.982971] end_request: I/O error, dev mtdblock0, sector 24
Dec 31 19:02:59 vader-rover kernel: [    6.993133] end_request: I/O error, dev mtdblock0, sector 24
Dec 31 19:02:59 vader-rover kernel: [    7.003356] end_request: I/O error, dev mtdblock0, sector 24
Dec 31 19:02:59 vader-rover kernel: [    7.012512] hub 1-2.4:1.0: hub_suspend
Dec 31 19:02:59 vader-rover kernel: [    7.012573] usb 1-2.4: unlink qh256-0001/de0e7d40 start 2 [1/0 us]
Dec 31 19:02:59 vader-rover kernel: [    7.014923] usb 1-2.4: usb auto-suspend, wakeup 1
Dec 31 19:02:59 vader-rover kernel: [    7.015136] end_request: I/O error, dev mtdblock0, sector 56
Dec 31 19:02:59 vader-rover kernel: [    7.036163] end_request: I/O error, dev mtdblock0, sector 56
Dec 31 19:02:59 vader-rover kernel: [    7.059509] end_request: I/O error, dev mtdblock0, sector 56
Dec 31 19:02:59 vader-rover kernel: [    7.081481] end_request: I/O error, dev mtdblock0, sector 56
Dec 31 19:02:59 vader-rover kernel: [    7.106384] end_request: I/O error, dev mtdblock0, sector 120
Dec 31 19:02:59 vader-rover kernel: [    7.125549] end_request: I/O error, dev mtdblock0, sector 120
Dec 31 19:02:59 vader-rover kernel: [    7.147918] end_request: I/O error, dev mtdblock0, sector 120
Dec 31 19:02:59 vader-rover kernel: [    7.173309] end_request: I/O error, dev mtdblock0, sector 120
Dec 31 19:02:59 vader-rover kernel: [    7.195007] end_request: I/O error, dev mtdblock0, sector 0
Dec 31 19:02:59 vader-rover kernel: [    7.218475] end_request: I/O error, dev mtdblock0, sector 0
Dec 31 19:02:59 vader-rover kernel: [    7.250030] end_request: I/O error, dev mtdblock0, sector 8
Dec 31 19:02:59 vader-rover kernel: [    7.276611] end_request: I/O error, dev mtdblock0, sector 8
Dec 31 19:02:59 vader-rover kernel: [    7.298950] end_request: I/O error, dev mtdblock0, sector 24
Dec 31 19:02:59 vader-rover kernel: [    7.323577] end_request: I/O error, dev mtdblock0, sector 24
Dec 31 19:02:59 vader-rover kernel: [    7.352386] end_request: I/O error, dev mtdblock0, sector 56
Dec 31 19:02:59 vader-rover kernel: [    7.369873] end_request: I/O error, dev mtdblock0, sector 56
Dec 31 19:02:59 vader-rover kernel: [    7.395721] end_request: I/O error, dev mtdblock0, sector 120
Dec 31 19:02:59 vader-rover kernel: [    7.417694] end_request: I/O error, dev mtdblock0, sector 120
Dec 31 19:02:59 vader-rover kernel: [    7.440399] end_request: I/O error, dev mtdblock0, sector 0
Dec 31 19:02:59 vader-rover kernel: [    7.463989] end_request: I/O error, dev mtdblock0, sector 0
Dec 31 19:02:59 vader-rover kernel: [    7.483917] ads7846 spi1.0: touchscreen, irq 210
Dec 31 19:02:59 vader-rover kernel: [    7.484191] ads7846 spi1.0: no device detected, test read result was 0x00000FFF
Dec 31 19:02:59 vader-rover kernel: [    7.486206] end_request: I/O error, dev mtdblock0, sector 0
Dec 31 19:02:59 vader-rover kernel: [    7.504577] end_request: I/O error, dev mtdblock0, sector 0
Dec 31 19:02:59 vader-rover kernel: [    7.519683] Linux media interface: v0.10
Dec 31 19:02:59 vader-rover kernel: [    7.524688] end_request: I/O error, dev mtdblock0, sector 0
Dec 31 19:02:59 vader-rover kernel: [    7.551635] end_request: I/O error, dev mtdblock0, sector 0
Dec 31 19:02:59 vader-rover kernel: [    7.565399] end_request: I/O error, dev mtdblock0, sector 64
Dec 31 19:02:59 vader-rover kernel: [    7.585144] end_request: I/O error, dev mtdblock0, sector 64
Dec 31 19:02:59 vader-rover kernel: [    7.600128] Linux video capture interface: v2.00
Dec 31 19:02:59 vader-rover kernel: [    7.606079] end_request: I/O error, dev mtdblock0, sector 64
Dec 31 19:02:59 vader-rover kernel: [    7.632812] end_request: I/O error, dev mtdblock0, sector 64
Dec 31 19:02:59 vader-rover kernel: [    7.643127] end_request: I/O error, dev mtdblock0, sector 64
Dec 31 19:02:59 vader-rover kernel: [    7.666412] end_request: I/O error, dev mtdblock0, sector 64
Dec 31 19:02:59 vader-rover kernel: [    7.687072] end_request: I/O error, dev mtdblock0, sector 64
Dec 31 19:02:59 vader-rover kernel: [    7.709899] end_request: I/O error, dev mtdblock0, sector 64
Dec 31 19:02:59 vader-rover kernel: [    7.733825] end_request: I/O error, dev mtdblock0, sector 64
Dec 31 19:02:59 vader-rover kernel: [    7.755554] end_request: I/O error, dev mtdblock0, sector 0
Dec 31 19:02:59 vader-rover kernel: [    7.774902] end_request: I/O error, dev mtdblock0, sector 0
Dec 31 19:02:59 vader-rover kernel: [    7.789703] omap3isp omap3isp: Revision 15.0 found
Dec 31 19:02:59 vader-rover kernel: [    7.792053] omap-iommu omap-iommu.0: isp: version 1.1
Dec 31 19:02:59 vader-rover kernel: [    7.796508] end_request: I/O error, dev mtdblock0, sector 0
Dec 31 19:02:59 vader-rover kernel: [    7.819122] end_request: I/O error, dev mtdblock0, sector 0
Dec 31 19:02:59 vader-rover kernel: [    7.833282] lib80211: common routines for IEEE802.11 drivers
Dec 31 19:02:59 vader-rover kernel: [    7.833282] lib80211_crypt: registered algorithm 'NULL'
Dec 31 19:02:59 vader-rover kernel: [    7.839752] end_request: I/O error, dev mtdblock0, sector 0
Dec 31 19:02:59 vader-rover kernel: [    7.859893] end_request: I/O error, dev mtdblock0, sector 16
Dec 31 19:02:59 vader-rover kernel: [    7.885375] end_request: I/O error, dev mtdblock0, sector 0
Dec 31 19:02:59 vader-rover kernel: [    7.908142] mt9v032 3-005c: Probing MT9V032 at address 0x5c
Dec 31 19:02:59 vader-rover kernel: [    7.908355] mt9v032 3-005c: MT9V032 power up failed
Dec 31 19:02:59 vader-rover kernel: [    7.914703] end_request: I/O error, dev mtdblock0, sector 0
Dec 31 19:02:59 vader-rover kernel: [    7.924224] end_request: I/O error, dev mtdblock0, sector 0
Dec 31 19:02:59 vader-rover kernel: [    7.945831] end_request: I/O error, dev mtdblock0, sector 0
Dec 31 19:02:59 vader-rover kernel: [    7.966186] end_request: I/O error, dev mtdblock0, sector 0
Dec 31 19:02:59 vader-rover kernel: [    7.989776] end_request: I/O error, dev mtdblock0, sector 0
Dec 31 19:02:59 vader-rover kernel: [    8.008392] isp_register_subdev_group: Unable to register subdev mt9v032
Dec 31 19:02:59 vader-rover kernel: [    8.016815] end_request: I/O error, dev mtdblock0, sector 0
Dec 31 19:02:59 vader-rover kernel: [    8.024261] end_request: I/O error, dev mtdblock0, sector 0
Dec 31 19:02:59 vader-rover kernel: [    8.043762] end_request: I/O error, dev mtdblock0, sector 0
Dec 31 19:02:59 vader-rover kernel: [    8.065185] end_request: I/O error, dev mtdblock0, sector 0
Dec 31 19:02:59 vader-rover kernel: [    8.088775] end_request: I/O error, dev mtdblock0, sector 0
Dec 31 19:02:59 vader-rover kernel: [    8.100555] cfg80211: Calling CRDA to update world regulatory domain
Dec 31 19:02:59 vader-rover kernel: [    8.110992] end_request: I/O error, dev mtdblock0, sector 0
Dec 31 19:02:59 vader-rover kernel: [    8.133361] end_request: I/O error, dev mtdblock0, sector 0
Dec 31 19:02:59 vader-rover kernel: [    8.151916] end_request: I/O error, dev mtdblock0, sector 0
Dec 31 19:02:59 vader-rover kernel: [    8.172393] end_request: I/O error, dev mtdblock0, sector 0
Dec 31 19:02:59 vader-rover kernel: [    8.193481] end_request: I/O error, dev mtdblock0, sector 0
Dec 31 19:02:59 vader-rover kernel: [    8.216125] end_request: I/O error, dev mtdblock0, sector 0
Dec 31 19:02:59 vader-rover kernel: [    8.231872] libertas_sdio: Libertas SDIO driver
Dec 31 19:02:59 vader-rover kernel: [    8.231872] libertas_sdio: Copyright Pierre Ossman
Dec 31 19:02:59 vader-rover kernel: [    8.238128] end_request: I/O error, dev mtdblock0, sector 0
Dec 31 19:02:59 vader-rover kernel: [    8.258361] end_request: I/O error, dev mtdblock0, sector 8
Dec 31 19:02:59 vader-rover kernel: [    8.283416] end_request: I/O error, dev mtdblock0, sector 0
Dec 31 19:02:59 vader-rover kernel: [    8.305603] end_request: I/O error, dev mtdblock0, sector 0
Dec 31 19:02:59 vader-rover kernel: [    8.327178] end_request: I/O error, dev mtdblock0, sector 0
Dec 31 19:02:59 vader-rover kernel: [    8.344299] end_request: I/O error, dev mtdblock0, sector 0
Dec 31 19:02:59 vader-rover kernel: [    8.776031] end_request: I/O error, dev mtdblock0, sector 0
Dec 31 19:02:59 vader-rover kernel: [    8.791198] end_request: I/O error, dev mtdblock0, sector 0
Dec 31 19:02:59 vader-rover kernel: [    8.813049] end_request: I/O error, dev mtdblock0, sector 0
Dec 31 19:02:59 vader-rover kernel: [    8.827606] end_request: I/O error, dev mtdblock0, sector 0
Dec 31 19:02:59 vader-rover kernel: [    8.844299] end_request: I/O error, dev mtdblock0, sector 0
Dec 31 19:02:59 vader-rover kernel: [    8.859924] end_request: I/O error, dev mtdblock0, sector 0
Dec 31 19:02:59 vader-rover kernel: [    8.875732] end_request: I/O error, dev mtdblock0, sector 0
Dec 31 19:02:59 vader-rover kernel: [    8.894714] end_request: I/O error, dev mtdblock0, sector 0
Dec 31 19:02:59 vader-rover kernel: [    8.914642] end_request: I/O error, dev mtdblock0, sector 0
Dec 31 19:02:59 vader-rover kernel: [    8.926330] end_request: I/O error, dev mtdblock0, sector 0
Dec 31 19:02:59 vader-rover kernel: [    8.947143] end_request: I/O error, dev mtdblock0, sector 0
Dec 31 19:02:59 vader-rover kernel: [    8.966949] end_request: I/O error, dev mtdblock0, sector 0
Dec 31 19:02:59 vader-rover kernel: [    8.989349] end_request: I/O error, dev mtdblock0, sector 0
Dec 31 19:02:59 vader-rover kernel: [    9.008270] end_request: I/O error, dev mtdblock0, sector 0
Dec 31 19:02:59 vader-rover kernel: [    9.024108] end_request: I/O error, dev mtdblock0, sector 0
Dec 31 19:02:59 vader-rover kernel: [    9.041259] end_request: I/O error, dev mtdblock0, sector 0
Dec 31 19:02:59 vader-rover kernel: [    9.063018] end_request: I/O error, dev mtdblock0, sector 0
Dec 31 19:02:59 vader-rover kernel: [    9.083129] end_request: I/O error, dev mtdblock0, sector 8
Dec 31 19:02:59 vader-rover kernel: [    9.098510] end_request: I/O error, dev mtdblock0, sector 8
Dec 31 19:02:59 vader-rover kernel: [    9.120208] end_request: I/O error, dev mtdblock0, sector 8
Dec 31 19:02:59 vader-rover kernel: [    9.141174] end_request: I/O error, dev mtdblock0, sector 8
Dec 31 19:02:59 vader-rover kernel: [    9.164672] end_request: I/O error, dev mtdblock0, sector 24
Dec 31 19:02:59 vader-rover kernel: [    9.184295] end_request: I/O error, dev mtdblock0, sector 24
Dec 31 19:02:59 vader-rover kernel: [    9.203643] end_request: I/O error, dev mtdblock0, sector 24
Dec 31 19:02:59 vader-rover kernel: [    9.218292] end_request: I/O error, dev mtdblock0, sector 24
Dec 31 19:02:59 vader-rover kernel: [    9.244537] end_request: I/O error, dev mtdblock0, sector 56
Dec 31 19:02:59 vader-rover kernel: [    9.266082] end_request: I/O error, dev mtdblock0, sector 56
Dec 31 19:02:59 vader-rover kernel: [    9.286163] end_request: I/O error, dev mtdblock0, sector 56
Dec 31 19:02:59 vader-rover kernel: [    9.310363] end_request: I/O error, dev mtdblock0, sector 56
Dec 31 19:02:59 vader-rover kernel: [    9.333679] end_request: I/O error, dev mtdblock0, sector 120
Dec 31 19:02:59 vader-rover kernel: [    9.359893] end_request: I/O error, dev mtdblock0, sector 120
Dec 31 19:02:59 vader-rover kernel: [    9.375488] end_request: I/O error, dev mtdblock0, sector 120
Dec 31 19:02:59 vader-rover kernel: [    9.382751] end_request: I/O error, dev mtdblock0, sector 120
Dec 31 19:02:59 vader-rover kernel: [    9.403808] end_request: I/O error, dev mtdblock0, sector 0
Dec 31 19:02:59 vader-rover kernel: [    9.422424] end_request: I/O error, dev mtdblock0, sector 0
Dec 31 19:02:59 vader-rover kernel: [    9.437927] end_request: I/O error, dev mtdblock0, sector 8
Dec 31 19:02:59 vader-rover kernel: [    9.456207] end_request: I/O error, dev mtdblock0, sector 8
Dec 31 19:02:59 vader-rover kernel: [    9.475189] end_request: I/O error, dev mtdblock0, sector 24
Dec 31 19:02:59 vader-rover kernel: [    9.484924] end_request: I/O error, dev mtdblock0, sector 24
Dec 31 19:02:59 vader-rover kernel: [    9.500610] end_request: I/O error, dev mtdblock0, sector 56
Dec 31 19:02:59 vader-rover kernel: [    9.513610] end_request: I/O error, dev mtdblock0, sector 56
Dec 31 19:02:59 vader-rover kernel: [    9.528228] end_request: I/O error, dev mtdblock0, sector 120
Dec 31 19:02:59 vader-rover kernel: [    9.546356] end_request: I/O error, dev mtdblock0, sector 120
Dec 31 19:02:59 vader-rover kernel: [    9.557586] end_request: I/O error, dev mtdblock0, sector 0
Dec 31 19:02:59 vader-rover kernel: [    9.570892] end_request: I/O error, dev mtdblock0, sector 0
Dec 31 19:02:59 vader-rover kernel: [    9.586456] end_request: I/O error, dev mtdblock0, sector 0
Dec 31 19:02:59 vader-rover kernel: [    9.602111] end_request: I/O error, dev mtdblock0, sector 0
Dec 31 19:02:59 vader-rover kernel: [    9.615997] end_request: I/O error, dev mtdblock0, sector 0
Dec 31 19:02:59 vader-rover kernel: [    9.633422] end_request: I/O error, dev mtdblock0, sector 0
Dec 31 19:02:59 vader-rover kernel: [    9.645812] end_request: I/O error, dev mtdblock0, sector 64
Dec 31 19:02:59 vader-rover kernel: [    9.660278] end_request: I/O error, dev mtdblock0, sector 64
Dec 31 19:02:59 vader-rover kernel: [    9.680236] end_request: I/O error, dev mtdblock0, sector 64
Dec 31 19:02:59 vader-rover kernel: [    9.690307] end_request: I/O error, dev mtdblock0, sector 64
Dec 31 19:02:59 vader-rover kernel: [    9.703674] end_request: I/O error, dev mtdblock0, sector 64
Dec 31 19:02:59 vader-rover kernel: [    9.719299] end_request: I/O error, dev mtdblock0, sector 64
Dec 31 19:02:59 vader-rover kernel: [    9.735015] end_request: I/O error, dev mtdblock0, sector 64
Dec 31 19:02:59 vader-rover kernel: [    9.758392] end_request: I/O error, dev mtdblock0, sector 64
Dec 31 19:02:59 vader-rover kernel: [    9.765594] end_request: I/O error, dev mtdblock0, sector 64
Dec 31 19:02:59 vader-rover kernel: [    9.781799] end_request: I/O error, dev mtdblock0, sector 0
Dec 31 19:02:59 vader-rover kernel: [    9.795959] end_request: I/O error, dev mtdblock0, sector 0
Dec 31 19:02:59 vader-rover kernel: [    9.809967] end_request: I/O error, dev mtdblock0, sector 0
Dec 31 19:02:59 vader-rover kernel: [    9.827728] end_request: I/O error, dev mtdblock0, sector 0
Dec 31 19:02:59 vader-rover kernel: [    9.844268] end_request: I/O error, dev mtdblock0, sector 0
Dec 31 19:02:59 vader-rover kernel: [    9.859161] end_request: I/O error, dev mtdblock0, sector 16
Dec 31 19:02:59 vader-rover kernel: [    9.877349] end_request: I/O error, dev mtdblock0, sector 0
Dec 31 19:02:59 vader-rover kernel: [    9.894348] end_request: I/O error, dev mtdblock0, sector 0
Dec 31 19:02:59 vader-rover kernel: [    9.912384] end_request: I/O error, dev mtdblock0, sector 0
Dec 31 19:02:59 vader-rover kernel: [    9.927673] end_request: I/O error, dev mtdblock0, sector 0
Dec 31 19:02:59 vader-rover kernel: [    9.945831] end_request: I/O error, dev mtdblock0, sector 0
Dec 31 19:02:59 vader-rover kernel: [    9.960601] end_request: I/O error, dev mtdblock0, sector 0
Dec 31 19:02:59 vader-rover kernel: [    9.970581] end_request: I/O error, dev mtdblock0, sector 0
Dec 31 19:02:59 vader-rover kernel: [    9.993041] end_request: I/O error, dev mtdblock0, sector 0
Dec 31 19:02:59 vader-rover kernel: [   10.003051] end_request: I/O error, dev mtdblock0, sector 0
Dec 31 19:02:59 vader-rover kernel: [   10.016174] end_request: I/O error, dev mtdblock0, sector 0
Dec 31 19:02:59 vader-rover kernel: [   10.031799] end_request: I/O error, dev mtdblock0, sector 0
Dec 31 19:02:59 vader-rover kernel: [   10.046051] end_request: I/O error, dev mtdblock0, sector 0
Dec 31 19:02:59 vader-rover kernel: [   10.060607] end_request: I/O error, dev mtdblock0, sector 0
Dec 31 19:02:59 vader-rover kernel: [   10.075500] end_request: I/O error, dev mtdblock0, sector 0
Dec 31 19:02:59 vader-rover kernel: [   10.093017] end_request: I/O error, dev mtdblock0, sector 0
Dec 31 19:02:59 vader-rover kernel: [   10.109924] end_request: I/O error, dev mtdblock0, sector 0
Dec 31 19:02:59 vader-rover kernel: [   10.125549] end_request: I/O error, dev mtdblock0, sector 0
Dec 31 19:02:59 vader-rover kernel: [   10.140228] end_request: I/O error, dev mtdblock0, sector 0
Dec 31 19:02:59 vader-rover kernel: [   10.155151] end_request: I/O error, dev mtdblock0, sector 8
Dec 31 19:02:59 vader-rover kernel: [   10.167358] end_request: I/O error, dev mtdblock0, sector 0
Dec 31 19:02:59 vader-rover kernel: [   10.188262] end_request: I/O error, dev mtdblock0, sector 0
Dec 31 19:02:59 vader-rover kernel: [   10.197448] end_request: I/O error, dev mtdblock0, sector 0
Dec 31 19:02:59 vader-rover kernel: [   10.213867] end_request: I/O error, dev mtdblock0, sector 0
Dec 31 19:02:59 vader-rover kernel: [   12.133544] NET: Registered protocol family 10
Dec 31 19:02:59 vader-rover avahi-daemon[513]: Found user 'avahi' (UID 107) and group 'avahi' (GID 112).
Dec 31 19:02:59 vader-rover avahi-daemon[513]: Successfully dropped root privileges.
Dec 31 19:02:59 vader-rover avahi-daemon[513]: avahi-daemon 0.6.30 starting up.
Dec 31 19:02:59 vader-rover avahi-daemon[513]: Successfully called chroot().
Dec 31 19:02:59 vader-rover avahi-daemon[513]: Successfully dropped remaining capabilities.
Dec 31 19:02:59 vader-rover avahi-daemon[513]: Loading service file /services/udisks.service.
Dec 31 19:02:59 vader-rover avahi-daemon[513]: Network interface enumeration completed.
Dec 31 19:02:59 vader-rover avahi-daemon[513]: Registering HINFO record with values 'ARMV7L'/'LINUX'.
Dec 31 19:02:59 vader-rover avahi-daemon[513]: Server startup complete. Host name is vader-rover.local. Local service cookie is 1193210660.
Dec 31 19:02:59 vader-rover avahi-daemon[513]: Service "vader-rover" (/services/udisks.service) successfully established.
Dec 31 19:02:59 vader-rover kernel: [   13.772857] cfg80211: World regulatory domain updated:
Dec 31 19:02:59 vader-rover kernel: [   13.772888] cfg80211:   (start_freq - end_freq @ bandwidth), (max_antenna_gain, max_eirp)
Dec 31 19:02:59 vader-rover kernel: [   13.772888] cfg80211:   (2402000 KHz - 2472000 KHz @ 40000 KHz), (300 mBi, 2000 mBm)
Dec 31 19:02:59 vader-rover kernel: [   13.772888] cfg80211:   (2457000 KHz - 2482000 KHz @ 20000 KHz), (300 mBi, 2000 mBm)
Dec 31 19:02:59 vader-rover kernel: [   13.772918] cfg80211:   (2474000 KHz - 2494000 KHz @ 20000 KHz), (300 mBi, 2000 mBm)
Dec 31 19:02:59 vader-rover kernel: [   13.772918] cfg80211:   (5170000 KHz - 5250000 KHz @ 40000 KHz), (300 mBi, 2000 mBm)
Dec 31 19:02:59 vader-rover kernel: [   13.772918] cfg80211:   (5735000 KHz - 5835000 KHz @ 40000 KHz), (300 mBi, 2000 mBm)
Dec 31 19:03:00 vader-rover kernel: [   14.485961] libertas_sdio mmc1:0001:1: (unregistered net_device): 00:19:88:45:0b:0a, fw 9.70.3p36, cap 0x00000303
Dec 31 19:03:00 vader-rover kernel: [   14.494659] libertas_sdio mmc1:0001:1: wlan0: Marvell WLAN 802.11 adapter
Dec 31 19:03:00 vader-rover kernel: [   14.507659] cfg80211: Calling CRDA for country: US
Dec 31 19:03:00 vader-rover kernel: [   14.779083] cfg80211: Regulatory domain changed to country: US
Dec 31 19:03:00 vader-rover kernel: [   14.779113] cfg80211:   (start_freq - end_freq @ bandwidth), (max_antenna_gain, max_eirp)
Dec 31 19:03:00 vader-rover kernel: [   14.779113] cfg80211:   (2402000 KHz - 2472000 KHz @ 40000 KHz), (300 mBi, 2700 mBm)
Dec 31 19:03:00 vader-rover kernel: [   14.779113] cfg80211:   (5170000 KHz - 5250000 KHz @ 40000 KHz), (300 mBi, 1700 mBm)
Dec 31 19:03:00 vader-rover kernel: [   14.779144] cfg80211:   (5250000 KHz - 5330000 KHz @ 40000 KHz), (300 mBi, 2000 mBm)
Dec 31 19:03:00 vader-rover kernel: [   14.779144] cfg80211:   (5490000 KHz - 5600000 KHz @ 40000 KHz), (300 mBi, 2000 mBm)
Dec 31 19:03:00 vader-rover kernel: [   14.779144] cfg80211:   (5650000 KHz - 5710000 KHz @ 40000 KHz), (300 mBi, 2000 mBm)
Dec 31 19:03:00 vader-rover kernel: [   14.779174] cfg80211:   (5735000 KHz - 5835000 KHz @ 40000 KHz), (300 mBi, 3000 mBm)
Dec 31 19:03:01 vader-rover kernel: [   15.603179] ieee80211 phy0: assoc: bss   (null) not in scan results
Dec 31 19:03:01 vader-rover kernel: [   15.611572] IPv6: ADDRCONF(NETDEV_UP): wlan0: link is not ready
Dec 31 19:03:02 vader-rover dhclient: DHCPREQUEST of 192.168.2.7 on wlan0 to 255.255.255.255 port 67
Dec 31 19:03:16  dhclient: last message repeated 2 times
Dec 31 19:03:16 vader-rover dhclient: DHCPDISCOVER on wlan0 to 255.255.255.255 port 67 interval 3
Dec 31 19:03:19 vader-rover dhclient: DHCPDISCOVER on wlan0 to 255.255.255.255 port 67 interval 7
Dec 31 19:03:26 vader-rover dhclient: DHCPDISCOVER on wlan0 to 255.255.255.255 port 67 interval 11
Dec 31 19:03:37 vader-rover dhclient: DHCPDISCOVER on wlan0 to 255.255.255.255 port 67 interval 17
Dec 31 19:03:54 vader-rover dhclient: DHCPDISCOVER on wlan0 to 255.255.255.255 port 67 interval 12
Dec 31 19:04:06 vader-rover dhclient: DHCPDISCOVER on wlan0 to 255.255.255.255 port 67 interval 7
Dec 31 19:04:13 vader-rover dhclient: DHCPDISCOVER on wlan0 to 255.255.255.255 port 67 interval 13
Dec 31 19:04:26 vader-rover dhclient: DHCPDISCOVER on wlan0 to 255.255.255.255 port 67 interval 16
Dec 31 19:04:42 vader-rover dhclient: DHCPDISCOVER on wlan0 to 255.255.255.255 port 67 interval 21
Dec 31 19:04:59 vader-rover anacron[610]: Anacron 2.3 started on 1999-12-31
Dec 31 19:04:59 vader-rover cron[586]: (CRON) INFO (pidfile fd = 3)
Dec 31 19:04:59 vader-rover anacron[610]: Normal exit (0 jobs run)
Dec 31 19:04:59 vader-rover cron[614]: (CRON) STARTUP (fork ok)
Dec 31 19:04:59 vader-rover cron[614]: (CRON) INFO (Running @reboot jobs)
Dec 31 19:04:59 vader-rover dbus[486]: [system] Activating service name='org.freedesktop.ConsoleKit' (using servicehelper)
Dec 31 19:05:00 vader-rover kernel: [  134.063995] GPIO Event Monitor 0.1 Compiled: Jan 13 2014 at 15:50:49
Dec 31 19:05:00 vader-rover kernel: [  134.253204] pwm: frequency=50 Hz servo=1 servo_min = 10000 servo_max = 20000
Dec 31 19:05:00 vader-rover dbus[486]: [system] Activating service name='org.freedesktop.PolicyKit1' (using servicehelper)
Dec 31 19:05:00 vader-rover noip2[724]: v2.1.9 daemon started with NAT enabled
Dec 31 19:05:00 vader-rover noip2[724]: Can't gethostbyname for dynupdate.no-ip.com
Dec 31 19:05:00 vader-rover noip2[724]: Can't get our visible IP address from ip1.dynupdate.no-ip.com
Dec 31 19:05:00 vader-rover ntpd[744]: ntpd 4.2.6p3@1.2290 Tue Mar  6 15:10:33 UTC 2012 (1)
Dec 31 19:05:00 vader-rover ntpd[745]: proto: precision = 30.517 usec
Dec 31 19:05:00 vader-rover ntpd[745]: ntp_io: estimated max descriptors: 1024, initial socket boundary: 16
Dec 31 19:05:00 vader-rover ntpd[745]: Listen and drop on 0 v4wildcard 0.0.0.0 UDP 123
Dec 31 19:05:00 vader-rover ntpd[745]: Listen and drop on 1 v6wildcard :: UDP 123
Dec 31 19:05:00 vader-rover ntpd[745]: Listen normally on 2 lo 127.0.0.1 UDP 123
Dec 31 19:05:00 vader-rover ntpd[745]: Listen normally on 3 lo ::1 UDP 123
Dec 31 19:05:00 vader-rover ntpd[745]: peers refreshed
Dec 31 19:05:00 vader-rover ntpd[745]: Listening on routing socket on fd #20 for interface updates
Dec 31 19:05:00 vader-rover polkitd[727]: started daemon version 0.104 using authority implementation `local' version `0.104'
Dec 31 19:05:00 vader-rover ntpd[745]: Deferring DNS for 0.us.pool.ntp.org 1
Dec 31 19:05:00 vader-rover dbus[486]: [system] Successfully activated service 'org.freedesktop.PolicyKit1'
Dec 31 19:05:00 vader-rover ntpd[745]: Deferring DNS for 1.us.pool.ntp.org 1
Dec 31 19:05:00 vader-rover ntpd[745]: Deferring DNS for 2.us.pool.ntp.org 1
Dec 31 19:05:00 vader-rover ntpd[745]: Deferring DNS for 3.us.pool.ntp.org 1
Dec 31 19:05:00 vader-rover ntpd[745]: Deferring DNS for ntp.ubuntu.com 1
Dec 31 19:05:00 vader-rover ntpd[749]: signal_no_reset: signal 17 had flags 4000000
Dec 31 19:05:01 vader-rover dbus[486]: [system] Successfully activated service 'org.freedesktop.ConsoleKit'
Dec 31 19:05:01 vader-rover ntpdate[754]: Can't find host us.pool.ntp.org: Name or service not known (-2)
Dec 31 19:05:01 vader-rover ntpdate[754]: no servers can be used, exiting
Dec 31 19:05:02 vader-rover ntpd_intres[749]: host name not found: 0.us.pool.ntp.org
Dec 31 19:05:02 vader-rover ntpd_intres[749]: host name not found: 1.us.pool.ntp.org
Dec 31 19:05:02 vader-rover ntpd_intres[749]: host name not found: 2.us.pool.ntp.org
Dec 31 19:05:02 vader-rover ntpd_intres[749]: host name not found: 3.us.pool.ntp.org
Dec 31 19:05:02 vader-rover ntpd_intres[749]: host name not found: ntp.ubuntu.com
Dec 31 19:05:03 vader-rover dhclient: DHCPDISCOVER on wlan0 to 255.255.255.255 port 67 interval 13
Dec 31 19:05:03 vader-rover saned[840]: saned (AF-indep+IPv6) from sane-backends 1.0.22 starting up
Dec 31 19:05:03 vader-rover saned[840]: do_bindings: [0] bind failed: Address already in use
Dec 31 19:05:03 vader-rover saned[841]: Now daemonized
Dec 31 19:05:03 vader-rover saned[841]: Dropped privileges to uid 110 gid 116
Dec 31 19:05:16 vader-rover dhclient: DHCPDISCOVER on wlan0 to 255.255.255.255 port 67 interval 18
Dec 31 19:05:34 vader-rover dhclient: DHCPDISCOVER on wlan0 to 255.255.255.255 port 67 interval 14
Dec 31 19:05:48 vader-rover dhclient: DHCPDISCOVER on wlan0 to 255.255.255.255 port 67 interval 20
Dec 31 19:06:05 vader-rover ntpd_intres[749]: host name not found: 0.us.pool.ntp.org
Dec 31 19:06:05 vader-rover ntpd_intres[749]: host name not found: 1.us.pool.ntp.org
Dec 31 19:06:05 vader-rover ntpd_intres[749]: host name not found: 2.us.pool.ntp.org
Dec 31 19:06:05 vader-rover ntpd_intres[749]: host name not found: 3.us.pool.ntp.org
Dec 31 19:06:05 vader-rover ntpd_intres[749]: host name not found: ntp.ubuntu.com
Dec 31 19:06:08 vader-rover dhclient: DHCPDISCOVER on wlan0 to 255.255.255.255 port 67 interval 12
Dec 31 19:06:20 vader-rover dhclient: DHCPDISCOVER on wlan0 to 255.255.255.255 port 67 interval 17
Dec 31 19:06:37 vader-rover dhclient: DHCPDISCOVER on wlan0 to 255.255.255.255 port 67 interval 16
Dec 31 19:02:49 vader-rover kernel: imklog 5.8.6, log source = /proc/kmsg started.
Dec 31 19:02:49 vader-rover rsyslogd: [origin software="rsyslogd" swVersion="5.8.6" x-pid="484" x-info="http://www.rsyslog.com"] start
Dec 31 19:02:49 vader-rover rsyslogd: rsyslogd's groupid changed to 103
Dec 31 19:02:49 vader-rover rsyslogd: rsyslogd's userid changed to 101
Dec 31 19:02:49 vader-rover rsyslogd-2039: Could not open output pipe '/dev/xconsole' [try http://www.rsyslog.com/e/2039 ]
Dec 31 19:02:49 vader-rover kernel: [    0.000000] Booting Linux on physical CPU 0
Dec 31 19:02:49 vader-rover kernel: [    0.000000] Initializing cgroup subsys cpuset
Dec 31 19:02:49 vader-rover kernel: [    0.000000] Initializing cgroup subsys cpu
Dec 31 19:02:49 vader-rover kernel: [    0.000000] Linux version 3.5.0-2-linaro-omap (adam@pine) (gcc version 4.6.3 (Ubuntu/Linaro 4.6.3-1ubuntu5) ) #2~ci+121210190143 PREEMPT Mon Dec 10 11:03:27 PST 2012
Dec 31 19:02:49 vader-rover kernel: [    0.000000] CPU: ARMv7 Processor [413fc082] revision 2 (ARMv7), cr=10c53c7d
Dec 31 19:02:49 vader-rover kernel: [    0.000000] CPU: PIPT / VIPT nonaliasing data cache, VIPT aliasing instruction cache
Dec 31 19:02:49 vader-rover kernel: [    0.000000] Machine: Gumstix Overo
Dec 31 19:02:49 vader-rover kernel: [    0.000000] Reserving 12582912 bytes SDRAM for VRAM
Dec 31 19:02:49 vader-rover kernel: [    0.000000] Memory policy: ECC disabled, Data cache writeback
Dec 31 19:02:49 vader-rover kernel: [    0.000000] On node 0 totalpages: 127744
Dec 31 19:02:49 vader-rover kernel: [    0.000000] free_area_init_node: node 0, pgdat c070b85c, node_mem_map c07a7000
Dec 31 19:02:49 vader-rover kernel: [    0.000000]   Normal zone: 1024 pages used for memmap
Dec 31 19:02:49 vader-rover kernel: [    0.000000]   Normal zone: 0 pages reserved
Dec 31 19:02:49 vader-rover kernel: [    0.000000]   Normal zone: 126720 pages, LIFO batch:31
Dec 31 19:02:49 vader-rover kernel: [    0.000000] OMAP3630 ES1.2 (l2cache iva sgx neon isp 192mhz_clk )
Dec 31 19:02:49 vader-rover kernel: [    0.000000] Clocking rate (Crystal/Core/MPU): 26.0/332/600 MHz
Dec 31 19:02:49 vader-rover kernel: [    0.000000] pcpu-alloc: s0 r0 d32768 u32768 alloc=1*32768
Dec 31 19:02:49 vader-rover kernel: [    0.000000] pcpu-alloc: [0] 0 
Dec 31 19:02:49 vader-rover kernel: [    0.000000] Built 1 zonelists in Zone order, mobility grouping on.  Total pages: 126720
Dec 31 19:02:49 vader-rover kernel: [    0.000000] Kernel command line: console=tty0 console=ttyO2,115200n8 root=/dev/mmcblk0p2 rootwait ro earlyprintk mpurate=720 vram=12M omapdss.def_disp=dvi omapfb.mode=dvi:1024x768MR-16@60
Dec 31 19:02:49 vader-rover kernel: [    0.000000] PID hash table entries: 2048 (order: 1, 8192 bytes)
Dec 31 19:02:49 vader-rover kernel: [    0.000000] Dentry cache hash table entries: 65536 (order: 6, 262144 bytes)
Dec 31 19:02:49 vader-rover kernel: [    0.000000] Inode-cache hash table entries: 32768 (order: 5, 131072 bytes)
Dec 31 19:02:49 vader-rover kernel: [    0.000000] allocated 1048576 bytes of page_cgroup
Dec 31 19:02:49 vader-rover kernel: [    0.000000] please try 'cgroup_disable=memory' option if you don't want memory cgroups
Dec 31 19:02:49 vader-rover kernel: [    0.000000] Memory: 499MB = 499MB total
Dec 31 19:02:49 vader-rover kernel: [    0.000000] Memory: 495744k/495744k available, 28544k reserved, 0K highmem
Dec 31 19:02:49 vader-rover kernel: [    0.000000] Virtual kernel memory layout:
Dec 31 19:02:49 vader-rover kernel: [    0.000000]     vector  : 0xffff0000 - 0xffff1000   (   4 kB)
Dec 31 19:02:49 vader-rover kernel: [    0.000000]     fixmap  : 0xfff00000 - 0xfffe0000   ( 896 kB)
Dec 31 19:02:49 vader-rover kernel: [    0.000000]     vmalloc : 0xe0800000 - 0xff000000   ( 488 MB)
Dec 31 19:02:49 vader-rover kernel: [    0.000000]     lowmem  : 0xc0000000 - 0xe0000000   ( 512 MB)
Dec 31 19:02:49 vader-rover kernel: [    0.000000]     pkmap   : 0xbfe00000 - 0xc0000000   (   2 MB)
Dec 31 19:02:49 vader-rover kernel: [    0.000000]     modules : 0xbf000000 - 0xbfe00000   (  14 MB)
Dec 31 19:02:49 vader-rover kernel: [    0.000000]       .text : 0xc0008000 - 0xc067abfc   (6603 kB)
Dec 31 19:02:49 vader-rover kernel: [    0.000000]       .init : 0xc067b000 - 0xc06b2000   ( 220 kB)
Dec 31 19:02:49 vader-rover kernel: [    0.000000]       .data : 0xc06b2000 - 0xc071b268   ( 421 kB)
Dec 31 19:02:49 vader-rover kernel: [    0.000000]        .bss : 0xc071b28c - 0xc07a6020   ( 556 kB)
Dec 31 19:02:49 vader-rover kernel: [    0.000000] NR_IRQS:474
Dec 31 19:02:49 vader-rover kernel: [    0.000000] IRQ: Found an INTC at 0xfa200000 (revision 4.0) with 96 interrupts
Dec 31 19:02:49 vader-rover kernel: [    0.000000] Total of 96 interrupts on 1 active controller
Dec 31 19:02:49 vader-rover kernel: [    0.000000] OMAP clockevent source: GPTIMER1 at 32768 Hz
Dec 31 19:02:49 vader-rover kernel: [    0.000000] sched_clock: 32 bits at 32kHz, resolution 30517ns, wraps every 131071999ms
Dec 31 19:02:49 vader-rover kernel: [    0.000000] OMAP clocksource: 32k_counter at 32768 Hz
Dec 31 19:02:49 vader-rover kernel: [    0.000000] Console: colour dummy device 80x30
Dec 31 19:02:49 vader-rover kernel: [    0.000000] console [tty0] enabled
Dec 31 19:02:49 vader-rover kernel: [    0.000976] Calibrating delay loop... 597.64 BogoMIPS (lpj=2334720)
Dec 31 19:02:49 vader-rover kernel: [    0.039093] pid_max: default: 32768 minimum: 301
Dec 31 19:02:49 vader-rover kernel: [    0.039306] Security Framework initialized
Dec 31 19:02:49 vader-rover kernel: [    0.039428] Mount-cache hash table entries: 512
Dec 31 19:02:49 vader-rover kernel: [    0.040222] Initializing cgroup subsys debug
Dec 31 19:02:49 vader-rover kernel: [    0.040252] Initializing cgroup subsys cpuacct
Dec 31 19:02:49 vader-rover kernel: [    0.040283] Initializing cgroup subsys memory
Dec 31 19:02:49 vader-rover kernel: [    0.040374] Initializing cgroup subsys devices
Dec 31 19:02:49 vader-rover kernel: [    0.040374] Initializing cgroup subsys freezer
Dec 31 19:02:49 vader-rover kernel: [    0.040405] Initializing cgroup subsys perf_event
Dec 31 19:02:49 vader-rover kernel: [    0.040557] CPU: Testing write buffer coherency: ok
Dec 31 19:02:49 vader-rover kernel: [    0.040863] Setting up static identity map for 0x8046ea98 - 0x8046eaf0
Dec 31 19:02:49 vader-rover kernel: [    0.046020] devtmpfs: initialized
Dec 31 19:02:49 vader-rover kernel: [    0.050842] dummy: 
Dec 31 19:02:49 vader-rover kernel: [    0.051269] NET: Registered protocol family 16
Dec 31 19:02:49 vader-rover kernel: [    0.051696] GPMC revision 5.0
Dec 31 19:02:49 vader-rover kernel: [    0.051757] gpmc: irq-20 could not claim: err -22
Dec 31 19:02:49 vader-rover kernel: [    0.053436] gpiochip_add: registered GPIOs 0 to 31 on device: gpio
Dec 31 19:02:49 vader-rover kernel: [    0.053527] OMAP GPIO hardware version 2.5
Dec 31 19:02:49 vader-rover kernel: [    0.053802] gpiochip_add: registered GPIOs 32 to 63 on device: gpio
Dec 31 19:02:49 vader-rover kernel: [    0.054077] gpiochip_add: registered GPIOs 64 to 95 on device: gpio
Dec 31 19:02:49 vader-rover kernel: [    0.054351] gpiochip_add: registered GPIOs 96 to 127 on device: gpio
Dec 31 19:02:49 vader-rover kernel: [    0.054626] gpiochip_add: registered GPIOs 128 to 159 on device: gpio
Dec 31 19:02:49 vader-rover kernel: [    0.055053] gpiochip_add: registered GPIOs 160 to 191 on device: gpio
Dec 31 19:02:49 vader-rover kernel: [    0.055999] omap_mux_init: Add partition: #1: core, flags: 0
Dec 31 19:02:49 vader-rover kernel: [    0.060974] _omap_mux_get_by_name: Could not find signal uart4_rx.uart4_rx
Dec 31 19:02:49 vader-rover kernel: [    0.066864] Reprogramming SDRC clock to 332000000 Hz
Dec 31 19:02:49 vader-rover kernel: [    0.066894] dpll3_m2_clk rate change failed: -22
Dec 31 19:02:49 vader-rover kernel: [    0.066925] Found NAND on CS0
Dec 31 19:02:49 vader-rover kernel: [    0.066955] Registering NAND on CS0
Dec 31 19:02:49 vader-rover kernel: [    0.068145]  usbhs_omap: alias fck already exists
Dec 31 19:02:49 vader-rover kernel: [    0.075683] hw-breakpoint: debug architecture 0x4 unsupported.
Dec 31 19:02:49 vader-rover kernel: [    0.078765]  omap-mcbsp.2: alias fck already exists
Dec 31 19:02:49 vader-rover kernel: [    0.078979]  omap-mcbsp.3: alias fck already exists
Dec 31 19:02:49 vader-rover kernel: [    0.080078] Switched to new clocking rate (Crystal/Core/MPU): 26.0/332/720 MHz
Dec 31 19:02:49 vader-rover kernel: [    0.080291] OMAP DMA hardware revision 5.0
Dec 31 19:02:49 vader-rover kernel: [    0.087280] bio: create slab <bio-0> at 0
Dec 31 19:02:49 vader-rover kernel: [    0.087982] fixed-dummy: 
Dec 31 19:02:49 vader-rover kernel: [    0.088104] reg-fixed-voltage reg-fixed-voltage.0: fixed-dummy supplying 0uV
Dec 31 19:02:49 vader-rover kernel: [    0.088256] vads7846: override min_uV, 1 -> 3300000
Dec 31 19:02:49 vader-rover kernel: [    0.088287] vads7846: override max_uV, 2147483647 -> 3300000
Dec 31 19:02:49 vader-rover kernel: [    0.088287] vads7846: 3300 mV 
Dec 31 19:02:49 vader-rover kernel: [    0.088378] reg-fixed-voltage reg-fixed-voltage.1: vads7846 supplying 3300000uV
Dec 31 19:02:49 vader-rover kernel: [    0.088989] SCSI subsystem initialized
Dec 31 19:02:49 vader-rover kernel: [    0.089294] usbcore: registered new interface driver usbfs
Dec 31 19:02:49 vader-rover kernel: [    0.089416] usbcore: registered new interface driver hub
Dec 31 19:02:49 vader-rover kernel: [    0.089660] usbcore: registered new device driver usb
Dec 31 19:02:49 vader-rover kernel: [    0.090087] omap_i2c omap_i2c.1: bus 1 rev1.4.0 at 2600 kHz
Dec 31 19:02:49 vader-rover kernel: [    0.092651] twl 1-0048: PIH (irq 7) chaining IRQs 320..328
Dec 31 19:02:49 vader-rover kernel: [    0.092773] twl 1-0048: power (irq 325) chaining IRQs 328..335
Dec 31 19:02:49 vader-rover kernel: [    0.093353] twl4030_gpio twl4030_gpio: gpio (irq 320) chaining IRQs 336..353
Dec 31 19:02:49 vader-rover kernel: [    0.093658] gpiochip_add: registered GPIOs 192 to 211 on device: twl4030
Dec 31 19:02:49 vader-rover kernel: [    0.094390] VUSB1V5: override min_uV, 1 -> 1500000
Dec 31 19:02:49 vader-rover kernel: [    0.094421] VUSB1V5: override max_uV, 2147483647 -> 1500000
Dec 31 19:02:49 vader-rover kernel: [    0.094421] VUSB1V5: 1500 mV normal standby
Dec 31 19:02:49 vader-rover kernel: [    0.094879] VUSB1V8: override min_uV, 1 -> 1800000
Dec 31 19:02:49 vader-rover kernel: [    0.094879] VUSB1V8: override max_uV, 2147483647 -> 1800000
Dec 31 19:02:49 vader-rover kernel: [    0.094909] VUSB1V8: 1800 mV normal standby
Dec 31 19:02:49 vader-rover kernel: [    0.095306] VUSB3V1: override min_uV, 1 -> 3100000
Dec 31 19:02:49 vader-rover kernel: [    0.095306] VUSB3V1: override max_uV, 2147483647 -> 3100000
Dec 31 19:02:49 vader-rover kernel: [    0.095336] VUSB3V1: 3100 mV normal standby
Dec 31 19:02:49 vader-rover kernel: [    0.096771] twl4030_usb twl4030_usb: HW_CONDITIONS 0x10/16; link 0
Dec 31 19:02:49 vader-rover kernel: [    0.096984] twl4030_usb twl4030_usb: Initialized TWL4030 USB module
Dec 31 19:02:49 vader-rover kernel: [    0.097473] vdd_mpu_iva: 600 <--> 1450 mV normal 
Dec 31 19:02:49 vader-rover kernel: [    0.097869] vdd_core: 600 <--> 1450 mV normal 
Dec 31 19:02:49 vader-rover kernel: [    0.098358] VMMC1: 1850 <--> 3150 mV at 3000 mV normal standby
Dec 31 19:02:49 vader-rover kernel: [    0.098876] VDAC: 1800 mV normal standby
Dec 31 19:02:49 vader-rover kernel: [    0.099365] VDVI: 1800 mV normal standby
Dec 31 19:02:49 vader-rover kernel: [    0.099822] omap_i2c omap_i2c.3: bus 3 rev1.4.0 at 400 kHz
Dec 31 19:02:49 vader-rover kernel: [    0.100585] omap-iommu omap-iommu.0: isp registered
Dec 31 19:02:49 vader-rover kernel: [    0.100769] Advanced Linux Sound Architecture Driver Version 1.0.25.
Dec 31 19:02:49 vader-rover kernel: [    0.101654] Switching to clocksource 32k_counter
Dec 31 19:02:49 vader-rover kernel: [    0.126190] usbhs_omap usbhs_omap: xclk60mhsp2_ck set parentfailed error:-22
Dec 31 19:02:49 vader-rover kernel: [    0.126953] NET: Registered protocol family 2
Dec 31 19:02:49 vader-rover kernel: [    0.127258] IP route cache hash table entries: 4096 (order: 2, 16384 bytes)
Dec 31 19:02:49 vader-rover kernel: [    0.127807] TCP established hash table entries: 16384 (order: 5, 131072 bytes)
Dec 31 19:02:49 vader-rover kernel: [    0.128112] TCP bind hash table entries: 16384 (order: 4, 65536 bytes)
Dec 31 19:02:49 vader-rover kernel: [    0.128326] TCP: Hash tables configured (established 16384 bind 16384)
Dec 31 19:02:49 vader-rover kernel: [    0.128326] TCP: reno registered
Dec 31 19:02:49 vader-rover kernel: [    0.128356] UDP hash table entries: 256 (order: 0, 4096 bytes)
Dec 31 19:02:49 vader-rover kernel: [    0.128417] UDP-Lite hash table entries: 256 (order: 0, 4096 bytes)
Dec 31 19:02:49 vader-rover kernel: [    0.128692] NET: Registered protocol family 1
Dec 31 19:02:49 vader-rover kernel: [    0.129241] RPC: Registered named UNIX socket transport module.
Dec 31 19:02:49 vader-rover kernel: [    0.129272] RPC: Registered udp transport module.
Dec 31 19:02:49 vader-rover kernel: [    0.129272] RPC: Registered tcp transport module.
Dec 31 19:02:49 vader-rover kernel: [    0.129302] RPC: Registered tcp NFSv4.1 backchannel transport module.
Dec 31 19:02:49 vader-rover kernel: [    0.129577] Trying to unpack rootfs image as initramfs...
Dec 31 19:02:49 vader-rover kernel: [    0.279022] Freeing initrd memory: 1828K
Dec 31 19:02:49 vader-rover kernel: [    0.281372] audit: initializing netlink socket (disabled)
Dec 31 19:02:49 vader-rover kernel: [    0.281463] type=2000 audit(0.273:1): initialized
Dec 31 19:02:49 vader-rover kernel: [    0.282897] VFS: Disk quotas dquot_6.5.2
Dec 31 19:02:49 vader-rover kernel: [    0.283020] Dquot-cache hash table entries: 1024 (order 0, 4096 bytes)
Dec 31 19:02:49 vader-rover kernel: [    0.283386] NFS: Registering the id_resolver key type
Dec 31 19:02:49 vader-rover kernel: [    0.283477] Key type id_resolver registered
Dec 31 19:02:49 vader-rover kernel: [    0.283905] jffs2: version 2.2. (NAND) (SUMMARY)  Â© 2001-2006 Red Hat, Inc.
Dec 31 19:02:49 vader-rover kernel: [    0.284576] fuse init (API version 7.19)
Dec 31 19:02:49 vader-rover kernel: [    0.285064] msgmni has been set to 971
Dec 31 19:02:49 vader-rover kernel: [    0.286773] Block layer SCSI generic (bsg) driver version 0.4 loaded (major 253)
Dec 31 19:02:49 vader-rover kernel: [    0.286834] io scheduler noop registered
Dec 31 19:02:49 vader-rover kernel: [    0.286865] io scheduler deadline registered (default)
Dec 31 19:02:49 vader-rover kernel: [    0.287597] OMAP DSS rev 2.0
Dec 31 19:02:49 vader-rover kernel: [    0.290771] omap_uart.0: ttyO0 at MMIO 0x4806a000 (irq = 72) is a OMAP UART0
Dec 31 19:02:49 vader-rover kernel: [    0.291229] omap_uart.1: ttyO1 at MMIO 0x4806c000 (irq = 73) is a OMAP UART1
Dec 31 19:02:49 vader-rover kernel: [    0.291656] omap_uart.2: ttyO2 at MMIO 0x49020000 (irq = 74) is a OMAP UART2
Dec 31 19:02:49 vader-rover kernel: [    0.992462] console [ttyO2] enabled
Dec 31 19:02:49 vader-rover kernel: [    0.996551] omap_uart.3: ttyO3 at MMIO 0x49042000 (irq = 80) is a OMAP UART3
Dec 31 19:02:49 vader-rover kernel: [    1.011505] brd: module loaded
Dec 31 19:02:49 vader-rover kernel: [    1.018585] loop: module loaded
Dec 31 19:02:49 vader-rover kernel: [    1.023925] twl4030_madc twl4030_madc: clk disabled, enabling
Dec 31 19:02:49 vader-rover kernel: [    1.031890] NAND device: Manufacturer ID: 0x2c, Chip ID: 0xbc (Micron NAND 512MiB 1,8V 16-bit), page size: 2048, OOB size: 64
Dec 31 19:02:49 vader-rover kernel: [    1.056701] Creating 5 MTD partitions on "omap2-nand.0":
Dec 31 19:02:49 vader-rover kernel: [    1.062316] 0x000000000000-0x000000080000 : "xloader"
Dec 31 19:02:49 vader-rover kernel: [    1.069244] 0x000000080000-0x000000240000 : "uboot"
Dec 31 19:02:49 vader-rover kernel: [    1.076599] 0x000000240000-0x000000280000 : "uboot environment"
Dec 31 19:02:49 vader-rover kernel: [    1.083984] 0x000000280000-0x000000680000 : "linux"
Dec 31 19:02:49 vader-rover kernel: [    1.092803] 0x000000680000-0x000020000000 : "rootfs"
Dec 31 19:02:49 vader-rover kernel: [    1.451385] smsc911x: Driver version 2008-10-21
Dec 31 19:02:49 vader-rover kernel: [    1.456634] smsc911x: Driver version 2008-10-21
Dec 31 19:02:49 vader-rover kernel: [    1.461822] usbcore: registered new interface driver asix
Dec 31 19:02:49 vader-rover kernel: [    1.467559] usbcore: registered new interface driver cdc_ether
Dec 31 19:02:49 vader-rover kernel: [    1.473815] usbcore: registered new interface driver cdc_ncm
Dec 31 19:02:49 vader-rover kernel: [    1.480102] ehci_hcd: USB 2.0 'Enhanced' Host Controller (EHCI) Driver
Dec 31 19:02:49 vader-rover kernel: [    1.487030] ehci_hcd: block sizes: qh 64 qtd 96 itd 160 sitd 96
Dec 31 19:02:49 vader-rover kernel: [    1.487152] ehci-omap ehci-omap.0: failed to get ehci port1 regulator
Dec 31 19:02:49 vader-rover kernel: [    2.492431] ehci-omap ehci-omap.0: phy reset operation timed out
Dec 31 19:02:49 vader-rover kernel: [    2.492462] ehci-omap ehci-omap.0: reset hcs_params 0x1313 dbg=0 cc=1 pcc=3 ordered ports=3
Dec 31 19:02:49 vader-rover kernel: [    2.492462] ehci-omap ehci-omap.0: reset hcc_params 0016 thresh 1 uframes 256/512/1024 park
Dec 31 19:02:49 vader-rover kernel: [    2.492492] ehci-omap ehci-omap.0: reset command 0080b02  park=3 ithresh=8 period=1024 Reset HALT
Dec 31 19:02:49 vader-rover kernel: [    2.492523] ehci-omap ehci-omap.0: OMAP-EHCI Host Controller
Dec 31 19:02:49 vader-rover kernel: [    2.498748] ehci-omap ehci-omap.0: new USB bus registered, assigned bus number 1
Dec 31 19:02:49 vader-rover kernel: [    2.506652] ehci-omap ehci-omap.0: park 0
Dec 31 19:02:49 vader-rover kernel: [    2.506713] ehci-omap ehci-omap.0: irq 77, io mem 0x48064800
Dec 31 19:02:49 vader-rover kernel: [    2.512695] ehci-omap ehci-omap.0: init command 0010005 (park)=0 ithresh=1 period=512 RUN
Dec 31 19:02:49 vader-rover kernel: [    2.523742] ehci-omap ehci-omap.0: USB 2.0 started, EHCI 1.00
Dec 31 19:02:49 vader-rover kernel: [    2.529907] usb usb1: default language 0x0409
Dec 31 19:02:49 vader-rover kernel: [    2.529968] usb usb1: udev 1, busnum 1, minor = 0
Dec 31 19:02:49 vader-rover kernel: [    2.529968] usb usb1: New USB device found, idVendor=1d6b, idProduct=0002
Dec 31 19:02:49 vader-rover kernel: [    2.537139] usb usb1: New USB device strings: Mfr=3, Product=2, SerialNumber=1
Dec 31 19:02:49 vader-rover kernel: [    2.544769] usb usb1: Product: OMAP-EHCI Host Controller
Dec 31 19:02:49 vader-rover kernel: [    2.550354] usb usb1: Manufacturer: Linux 3.5.0-2-linaro-omap ehci_hcd
Dec 31 19:02:49 vader-rover kernel: [    2.557220] usb usb1: SerialNumber: ehci-omap.0
Dec 31 19:02:49 vader-rover kernel: [    2.562469] usb usb1: usb_probe_device
Dec 31 19:02:49 vader-rover kernel: [    2.562469] usb usb1: configuration #1 chosen from 1 choice
Dec 31 19:02:49 vader-rover kernel: [    2.562530] usb usb1: adding 1-0:1.0 (config #1, interface 0)
Dec 31 19:02:49 vader-rover kernel: [    2.562683] hub 1-0:1.0: usb_probe_interface
Dec 31 19:02:49 vader-rover kernel: [    2.562683] hub 1-0:1.0: usb_probe_interface - got id
Dec 31 19:02:49 vader-rover kernel: [    2.562713] hub 1-0:1.0: USB hub found
Dec 31 19:02:49 vader-rover kernel: [    2.566711] hub 1-0:1.0: 3 ports detected
Dec 31 19:02:49 vader-rover kernel: [    2.570953] hub 1-0:1.0: standalone hub
Dec 31 19:02:49 vader-rover kernel: [    2.570983] hub 1-0:1.0: individual port power switching
Dec 31 19:02:49 vader-rover kernel: [    2.570983] hub 1-0:1.0: individual port over-current protection
Dec 31 19:02:49 vader-rover kernel: [    2.571014] hub 1-0:1.0: power on to power good time: 20ms
Dec 31 19:02:49 vader-rover kernel: [    2.571044] hub 1-0:1.0: local power source is good
Dec 31 19:02:49 vader-rover kernel: [    2.571044] hub 1-0:1.0: enabling power on all ports
Dec 31 19:02:49 vader-rover kernel: [    2.571350] ehci-omap ehci-omap.0: ...powerup ports...
Dec 31 19:02:49 vader-rover kernel: [    2.602020] Initializing USB Mass Storage driver...
Dec 31 19:02:49 vader-rover kernel: [    2.607299] usbcore: registered new interface driver usb-storage
Dec 31 19:02:49 vader-rover kernel: [    2.613677] USB Mass Storage support registered.
Dec 31 19:02:49 vader-rover kernel: [    2.618530] musb-hdrc: version 6.0, ?dma?, otg (peripheral+host)
Dec 31 19:02:49 vader-rover kernel: [    2.630493] twl4030_usb twl4030_usb: twl4030_phy_resume
Dec 31 19:02:49 vader-rover kernel: [    2.630737] musb-hdrc: ConfigData=0xde (UTMI-8, dyn FIFOs, bulk combine, bulk split, HB-ISO Rx, HB-ISO Tx, SoftConn)
Dec 31 19:02:49 vader-rover kernel: [    2.630767] musb-hdrc: MHDRC RTL version 1.800 
Dec 31 19:02:49 vader-rover kernel: [    2.630767] musb-hdrc: setup fifo_mode 4
Dec 31 19:02:49 vader-rover kernel: [    2.630798] musb-hdrc: 28/31 max ep, 16384/16384 memory
Dec 31 19:02:49 vader-rover kernel: [    2.631225] musb-hdrc musb-hdrc: USB OTG mode controller at fa0ab000 using DMA, IRQ 92
Dec 31 19:02:49 vader-rover kernel: [    2.641479] twl4030_usb twl4030_usb: twl4030_phy_suspend
Dec 31 19:02:49 vader-rover kernel: [    2.641967] mousedev: PS/2 mouse device common for all mice
Dec 31 19:02:49 vader-rover kernel: [    2.648498] twl_rtc twl_rtc: Enabling TWL-RTC
Dec 31 19:02:49 vader-rover kernel: [    2.655700] twl_rtc twl_rtc: rtc core: registered twl_rtc as rtc0
Dec 31 19:02:49 vader-rover kernel: [    2.662933] i2c /dev entries driver
Dec 31 19:02:49 vader-rover kernel: [    2.668029] voltdm_scale: No voltage scale API registered for vdd_mpu_iva
Dec 31 19:02:49 vader-rover kernel: [    2.675262] ehci-omap ehci-omap.0: GetStatus port:2 status 001803 0  ACK POWER sig=j CSC CONNECT
Dec 31 19:02:49 vader-rover kernel: [    2.675292] hub 1-0:1.0: port 2: status 0501 change 0001
Dec 31 19:02:49 vader-rover kernel: [    2.675323] platform mpu.0: omap_target: unable to scale voltage up.
Dec 31 19:02:49 vader-rover kernel: [    2.682067] cpuidle: using governor ladder
Dec 31 19:02:49 vader-rover kernel: [    2.686340] cpuidle: using governor menu
Dec 31 19:02:49 vader-rover kernel: [    2.691009] omap_hsmmc omap_hsmmc.0: Failed to get debounce clk
Dec 31 19:02:49 vader-rover kernel: [    2.773803] hub 1-0:1.0: state 7 ports 3 chg 0004 evt 0000
Dec 31 19:02:49 vader-rover kernel: [    2.773834] hub 1-0:1.0: port 2, status 0501, change 0000, 480 Mb/s
Dec 31 19:02:49 vader-rover kernel: [    2.836273] ehci-omap ehci-omap.0: port 2 reset complete, port enabled
Dec 31 19:02:49 vader-rover kernel: [    2.836303] ehci-omap ehci-omap.0: GetStatus port:2 status 001005 0  ACK POWER sig=se0 PE CONNECT
Dec 31 19:02:49 vader-rover kernel: [    2.898742] usb 1-2: new high-speed USB device number 2 using ehci-omap
Dec 31 19:02:49 vader-rover kernel: [    2.961273] ehci-omap ehci-omap.0: port 2 reset complete, port enabled
Dec 31 19:02:49 vader-rover kernel: [    2.961303] ehci-omap ehci-omap.0: GetStatus port:2 status 001005 0  ACK POWER sig=se0 PE CONNECT
Dec 31 19:02:49 vader-rover kernel: [    3.055358] usb 1-2: udev 2, busnum 1, minor = 1
Dec 31 19:02:49 vader-rover kernel: [    3.055389] usb 1-2: New USB device found, idVendor=0409, idProduct=005a
Dec 31 19:02:49 vader-rover kernel: [    3.062408] usb 1-2: New USB device strings: Mfr=0, Product=0, SerialNumber=0
Dec 31 19:02:49 vader-rover kernel: [    3.070312] usb 1-2: usb_probe_device
Dec 31 19:02:49 vader-rover kernel: [    3.070343] usb 1-2: configuration #1 chosen from 1 choice
Dec 31 19:02:49 vader-rover kernel: [    3.071105] omap_hsmmc omap_hsmmc.1: Failed to get debounce clk
Dec 31 19:02:49 vader-rover kernel: [    3.077575] usb 1-2: adding 1-2:1.0 (config #1, interface 0)
Dec 31 19:02:49 vader-rover kernel: [    3.077728] hub 1-2:1.0: usb_probe_interface
Dec 31 19:02:49 vader-rover kernel: [    3.077758] hub 1-2:1.0: usb_probe_interface - got id
Dec 31 19:02:49 vader-rover kernel: [    3.077789] hub 1-2:1.0: USB hub found
Dec 31 19:02:49 vader-rover kernel: [    3.081970] hub 1-2:1.0: 4 ports detected
Dec 31 19:02:49 vader-rover kernel: [    3.087097] hub 1-2:1.0: standalone hub
Dec 31 19:02:49 vader-rover kernel: [    3.087097] hub 1-2:1.0: individual port power switching
Dec 31 19:02:49 vader-rover kernel: [    3.087127] hub 1-2:1.0: individual port over-current protection
Dec 31 19:02:49 vader-rover kernel: [    3.087127] hub 1-2:1.0: Single TT
Dec 31 19:02:49 vader-rover kernel: [    3.087158] hub 1-2:1.0: TT requires at most 16 FS bit times (1332 ns)
Dec 31 19:02:49 vader-rover kernel: [    3.087158] hub 1-2:1.0: power on to power good time: 100ms
Dec 31 19:02:49 vader-rover kernel: [    3.089080] hub 1-2:1.0: local power source is good
Dec 31 19:02:49 vader-rover kernel: [    3.089111] hub 1-2:1.0: enabling power on all ports
Dec 31 19:02:49 vader-rover kernel: [    3.117980] Registered led device: overo:red:gpio21
Dec 31 19:02:49 vader-rover kernel: [    3.118103] Registered led device: overo:blue:gpio22
Dec 31 19:02:49 vader-rover kernel: [    3.118988] Registered led device: overo:blue:COM
Dec 31 19:02:49 vader-rover kernel: [    3.120452] usbcore: registered new interface driver usbhid
Dec 31 19:02:49 vader-rover kernel: [    3.126373] usbhid: USB HID core driver
Dec 31 19:02:49 vader-rover kernel: [    3.131011] usbcore: registered new interface driver snd-usb-audio
Dec 31 19:02:49 vader-rover kernel: [    3.138702] overo SoC init
Dec 31 19:02:49 vader-rover kernel: [    3.141754] soc-audio soc-audio: ASoC machine overo should use snd_soc_register_card()
Dec 31 19:02:49 vader-rover kernel: [    3.188079] hub 1-2:1.0: port 2: status 0101 change 0001
Dec 31 19:02:49 vader-rover kernel: [    3.188323] hub 1-2:1.0: port 3: status 0101 change 0001
Dec 31 19:02:49 vader-rover kernel: [    3.188568] hub 1-2:1.0: port 4: status 0101 change 0001
Dec 31 19:02:49 vader-rover kernel: [    3.230407] twl4030-codec twl4030-codec: ASoC: Failed to create Capture debugfs file
Dec 31 19:02:49 vader-rover kernel: [    3.241516] asoc: twl4030-hifi <-> omap-mcbsp.2 mapping ok
Dec 31 19:02:49 vader-rover kernel: [    3.251556] oprofile: hardware counters not available
Dec 31 19:02:49 vader-rover kernel: [    3.256866] oprofile: using timer interrupt.
Dec 31 19:02:49 vader-rover kernel: [    3.261810] TCP: cubic registered
Dec 31 19:02:49 vader-rover kernel: [    3.265289] NET: Registered protocol family 17
Dec 31 19:02:49 vader-rover kernel: [    3.270233] NET: Registered protocol family 15
Dec 31 19:02:49 vader-rover kernel: [    3.275238] Key type dns_resolver registered
Dec 31 19:02:49 vader-rover kernel: [    3.280029] VFP support v0.3: implementor 41 architecture 3 part 30 variant c rev 3
Dec 31 19:02:49 vader-rover kernel: [    3.289428] usb 1-2: link qh256-0001/de6c6ac0 start 1 [1/0 us]
Dec 31 19:02:49 vader-rover kernel: [    3.289489] hub 1-2:1.0: state 7 ports 4 chg 001c evt 0000
Dec 31 19:02:49 vader-rover kernel: [    3.289886] hub 1-2:1.0: port 2, status 0101, change 0000, 12 Mb/s
Dec 31 19:02:49 vader-rover kernel: [    3.293029] ThumbEE CPU extension supported.
Dec 31 19:02:49 vader-rover kernel: [    3.297729] sr_init: No PMIC hook to init smartreflex
Dec 31 19:02:49 vader-rover kernel: [    3.303405] smartreflex smartreflex.0: omap_sr_probe: SmartReflex driver initialized
Dec 31 19:02:49 vader-rover kernel: [    3.311950] smartreflex smartreflex.1: omap_sr_probe: SmartReflex driver initialized
Dec 31 19:02:49 vader-rover kernel: [    3.326812] clock: disabling unused clocks to save power
Dec 31 19:02:49 vader-rover kernel: [    3.333923] registered taskstats version 1
Dec 31 19:02:49 vader-rover kernel: [    3.339111] fbcvt: 1024x768@60: CVT Name - .786M3-R
Dec 31 19:02:49 vader-rover kernel: [    3.363616] Console: switching to colour frame buffer device 128x48
Dec 31 19:02:49 vader-rover kernel: [    3.378540] usb 1-2.2: new high-speed USB device number 3 using ehci-omap
Dec 31 19:02:49 vader-rover kernel: [    3.389404] VDAC: incomplete constraints, leaving on
Dec 31 19:02:49 vader-rover kernel: [    3.396972] twl_rtc twl_rtc: setting system clock to 2000-01-01 00:02:39 UTC (946684959)
Dec 31 19:02:49 vader-rover kernel: [    3.405792] ALSA device list:
Dec 31 19:02:49 vader-rover kernel: [    3.409149]   #0: overo
Dec 31 19:02:49 vader-rover kernel: [    3.412780] Freeing init memory: 220K
Dec 31 19:02:49 vader-rover kernel: [    3.506439] usb 1-2.2: default language 0x0409
Dec 31 19:02:49 vader-rover kernel: [    3.514434] usb 1-2.2: udev 3, busnum 1, minor = 2
Dec 31 19:02:49 vader-rover kernel: [    3.514465] usb 1-2.2: New USB device found, idVendor=1e10, idProduct=2004
Dec 31 19:02:49 vader-rover kernel: [    3.530090] usb 1-2.2: New USB device strings: Mfr=1, Product=2, SerialNumber=3
Dec 31 19:02:49 vader-rover kernel: [    3.547576] usb 1-2.2: Product: USB 2.0 Digital Imaging Camera
Dec 31 19:02:49 vader-rover kernel: [    3.555786] usb 1-2.2: Manufacturer: Point Grey Research
Dec 31 19:02:49 vader-rover kernel: [    3.561492] usb 1-2.2: SerialNumber: 00CAABB3
Dec 31 19:02:49 vader-rover kernel: [    3.579467] usb 1-2.2: usb_probe_device
Dec 31 19:02:49 vader-rover kernel: [    3.579498] usb 1-2.2: configuration #1 chosen from 1 choice
Dec 31 19:02:49 vader-rover kernel: [    3.586334] usb 1-2.2: adding 1-2.2:1.0 (config #1, interface 0)
Dec 31 19:02:49 vader-rover kernel: [    3.594360] hub 1-2:1.0: port 3, status 0101, change 0000, 12 Mb/s
Dec 31 19:02:49 vader-rover kernel: [    3.630645] mmc0: host does not support reading read-only switch. assuming write-enable.
Dec 31 19:02:49 vader-rover kernel: [    3.680419] usb 1-2.3: new high-speed USB device number 4 using ehci-omap
Dec 31 19:02:49 vader-rover kernel: [    3.690246] mmc0: new high speed SDXC card at address 59b4
Dec 31 19:02:49 vader-rover kernel: [    3.778564] mmcblk0: mmc0:59b4       59.6 GiB 
Dec 31 19:02:49 vader-rover kernel: [    3.795104]  mmcblk0: p1 p2
Dec 31 19:02:49 vader-rover kernel: [    3.827514] usb 1-2.3: default language 0x0409
Dec 31 19:02:49 vader-rover kernel: [    3.836395] usb 1-2.3: udev 4, busnum 1, minor = 3
Dec 31 19:02:49 vader-rover kernel: [    3.836425] usb 1-2.3: New USB device found, idVendor=1e10, idProduct=2004
Dec 31 19:02:49 vader-rover kernel: [    3.854125] mmc1: new SDIO card at address 0001
Dec 31 19:02:49 vader-rover kernel: [    3.879455] usb 1-2.3: New USB device strings: Mfr=1, Product=2, SerialNumber=3
Dec 31 19:02:49 vader-rover kernel: [    3.912506] usb 1-2.3: Product: USB 2.0 Digital Imaging Camera
Dec 31 19:02:49 vader-rover kernel: [    3.941192] usb 1-2.3: Manufacturer: Point Grey Research
Dec 31 19:02:49 vader-rover kernel: [    3.961334] usb 1-2.3: SerialNumber: 00BB1D77
Dec 31 19:02:49 vader-rover kernel: [    4.005706] usb 1-2.3: usb_probe_device
Dec 31 19:02:49 vader-rover kernel: [    4.005737] usb 1-2.3: configuration #1 chosen from 1 choice
Dec 31 19:02:49 vader-rover kernel: [    4.006042] usb 1-2.3: adding 1-2.3:1.0 (config #1, interface 0)
Dec 31 19:02:49 vader-rover kernel: [    4.038787] hub 1-2:1.0: port 4, status 0101, change 0000, 12 Mb/s
Dec 31 19:02:49 vader-rover kernel: [    4.055297] hub 1-2:1.0: port 4 not reset yet, waiting 10ms
Dec 31 19:02:49 vader-rover kernel: [    4.141265] usb 1-2.4: new high-speed USB device number 5 using ehci-omap
Dec 31 19:02:49 vader-rover kernel: [    4.274505] usb 1-2.4: udev 5, busnum 1, minor = 4
Dec 31 19:02:49 vader-rover kernel: [    4.274536] usb 1-2.4: New USB device found, idVendor=0409, idProduct=005a
Dec 31 19:02:49 vader-rover kernel: [    4.298034] usb 1-2.4: New USB device strings: Mfr=0, Product=0, SerialNumber=0
Dec 31 19:02:49 vader-rover kernel: [    4.328948] usb 1-2.4: usb_probe_device
Dec 31 19:02:49 vader-rover kernel: [    4.328979] usb 1-2.4: configuration #1 chosen from 1 choice
Dec 31 19:02:49 vader-rover kernel: [    4.330139] usb 1-2.4: adding 1-2.4:1.0 (config #1, interface 0)
Dec 31 19:02:49 vader-rover kernel: [    4.330322] hub 1-2.4:1.0: usb_probe_interface
Dec 31 19:02:49 vader-rover kernel: [    4.330352] hub 1-2.4:1.0: usb_probe_interface - got id
Dec 31 19:02:49 vader-rover kernel: [    4.330383] hub 1-2.4:1.0: USB hub found
Dec 31 19:02:49 vader-rover kernel: [    4.351989] hub 1-2.4:1.0: 4 ports detected
Dec 31 19:02:49 vader-rover kernel: [    4.370513] hub 1-2.4:1.0: standalone hub
Dec 31 19:02:49 vader-rover kernel: [    4.370544] hub 1-2.4:1.0: individual port power switching
Dec 31 19:02:49 vader-rover kernel: [    4.370574] hub 1-2.4:1.0: individual port over-current protection
Dec 31 19:02:49 vader-rover kernel: [    4.370574] hub 1-2.4:1.0: Single TT
Dec 31 19:02:49 vader-rover kernel: [    4.370605] hub 1-2.4:1.0: TT requires at most 16 FS bit times (1332 ns)
Dec 31 19:02:49 vader-rover kernel: [    4.370605] hub 1-2.4:1.0: power on to power good time: 100ms
Dec 31 19:02:49 vader-rover kernel: [    4.371093] hub 1-2.4:1.0: local power source is good
Dec 31 19:02:49 vader-rover kernel: [    4.371124] hub 1-2.4:1.0: enabling power on all ports
Dec 31 19:02:49 vader-rover kernel: [    4.470001] usb 1-2.4: link qh256-0001/de097e40 start 2 [1/0 us]
Dec 31 19:02:49 vader-rover kernel: [    4.470062] hub 1-2.4:1.0: state 7 ports 4 chg 0000 evt 0000
Dec 31 19:02:49 vader-rover kernel: [    6.234313] end_request: I/O error, dev mtdblock0, sector 0
Dec 31 19:02:49 vader-rover kernel: [    6.244018] Buffer I/O error on device mtdblock0, logical block 0
Dec 31 19:02:49 vader-rover kernel: [    6.356384] end_request: I/O error, dev mtdblock0, sector 0
Dec 31 19:02:49 vader-rover kernel: [    6.366119] Buffer I/O error on device mtdblock0, logical block 0
Dec 31 19:02:49 vader-rover kernel: [    6.445770] end_request: I/O error, dev mtdblock0, sector 0
Dec 31 19:02:49 vader-rover kernel: [    6.455596] Buffer I/O error on device mtdblock0, logical block 0
Dec 31 19:02:49 vader-rover kernel: [    6.532928] end_request: I/O error, dev mtdblock0, sector 0
Dec 31 19:02:49 vader-rover kernel: [    6.542785] Buffer I/O error on device mtdblock0, logical block 0
Dec 31 19:02:49 vader-rover kernel: [    6.644104] end_request: I/O error, dev mtdblock0, sector 0
Dec 31 19:02:49 vader-rover kernel: [    6.653961] Buffer I/O error on device mtdblock0, logical block 0
Dec 31 19:02:49 vader-rover kernel: [    6.733551] end_request: I/O error, dev mtdblock0, sector 0
Dec 31 19:02:49 vader-rover kernel: [    6.743408] Buffer I/O error on device mtdblock0, logical block 0
Dec 31 19:02:49 vader-rover kernel: [    6.782989] end_request: I/O error, dev mtdblock0, sector 0
Dec 31 19:02:49 vader-rover kernel: [    6.792816] Buffer I/O error on device mtdblock0, logical block 0
Dec 31 19:02:49 vader-rover kernel: [    6.804138] end_request: I/O error, dev mtdblock0, sector 0
Dec 31 19:02:49 vader-rover kernel: [    6.813842] Buffer I/O error on device mtdblock0, logical block 0
Dec 31 19:02:49 vader-rover kernel: [    6.824890] end_request: I/O error, dev mtdblock0, sector 0
Dec 31 19:02:49 vader-rover kernel: [    6.834625] Buffer I/O error on device mtdblock0, logical block 0
Dec 31 19:02:49 vader-rover kernel: [    6.846374] end_request: I/O error, dev mtdblock0, sector 0
Dec 31 19:02:49 vader-rover kernel: [    6.856079] Buffer I/O error on device mtdblock0, logical block 0
Dec 31 19:02:49 vader-rover kernel: [    6.867614] end_request: I/O error, dev mtdblock0, sector 0
Dec 31 19:02:49 vader-rover kernel: [    6.878570] end_request: I/O error, dev mtdblock0, sector 0
Dec 31 19:02:49 vader-rover kernel: [    6.889373] end_request: I/O error, dev mtdblock0, sector 0
Dec 31 19:02:49 vader-rover kernel: [    6.899993] end_request: I/O error, dev mtdblock0, sector 0
Dec 31 19:02:49 vader-rover kernel: [    6.910614] end_request: I/O error, dev mtdblock0, sector 0
Dec 31 19:02:49 vader-rover kernel: [    6.921295] end_request: I/O error, dev mtdblock0, sector 0
Dec 31 19:02:49 vader-rover kernel: [    6.932922] end_request: I/O error, dev mtdblock0, sector 0
Dec 31 19:02:49 vader-rover kernel: [    6.953643] end_request: I/O error, dev mtdblock0, sector 8
Dec 31 19:02:49 vader-rover kernel: [    6.967742] end_request: I/O error, dev mtdblock0, sector 8
Dec 31 19:02:49 vader-rover kernel: [    6.991027] end_request: I/O error, dev mtdblock0, sector 8
Dec 31 19:02:49 vader-rover kernel: [    7.008178] hub 1-2.4:1.0: hub_suspend
Dec 31 19:02:49 vader-rover kernel: [    7.008239] usb 1-2.4: unlink qh256-0001/de097e40 start 2 [1/0 us]
Dec 31 19:02:49 vader-rover kernel: [    7.008697] usb 1-2.4: usb auto-suspend, wakeup 1
Dec 31 19:02:49 vader-rover kernel: [    7.013641] end_request: I/O error, dev mtdblock0, sector 8
Dec 31 19:02:49 vader-rover kernel: [    7.034149] end_request: I/O error, dev mtdblock0, sector 24
Dec 31 19:02:49 vader-rover kernel: [    7.061431] end_request: I/O error, dev mtdblock0, sector 24
Dec 31 19:02:49 vader-rover kernel: [    7.085693] end_request: I/O error, dev mtdblock0, sector 24
Dec 31 19:02:49 vader-rover kernel: [    7.109375] end_request: I/O error, dev mtdblock0, sector 24
Dec 31 19:02:49 vader-rover kernel: [    7.134674] end_request: I/O error, dev mtdblock0, sector 56
Dec 31 19:02:49 vader-rover kernel: [    7.164031] end_request: I/O error, dev mtdblock0, sector 56
Dec 31 19:02:49 vader-rover kernel: [    7.193084] end_request: I/O error, dev mtdblock0, sector 56
Dec 31 19:02:49 vader-rover kernel: [    7.220428] end_request: I/O error, dev mtdblock0, sector 56
