Jul 10 13:11:27 vader-rover kernel: imklog 5.8.6, log source = /proc/kmsg started.
Jul 10 13:11:27 vader-rover rsyslogd: [origin software="rsyslogd" swVersion="5.8.6" x-pid="468" x-info="http://www.rsyslog.com"] start
Jul 10 13:11:27 vader-rover rsyslogd: rsyslogd's groupid changed to 103
Jul 10 13:11:27 vader-rover rsyslogd: rsyslogd's userid changed to 101
Jul 10 13:11:27 vader-rover rsyslogd-2039: Could not open output pipe '/dev/xconsole' [try http://www.rsyslog.com/e/2039 ]
Jul 10 13:11:27 vader-rover kernel: [    0.000000] Booting Linux on physical CPU 0
Jul 10 13:11:27 vader-rover kernel: [    0.000000] Initializing cgroup subsys cpuset
Jul 10 13:11:27 vader-rover kernel: [    0.000000] Initializing cgroup subsys cpu
Jul 10 13:11:27 vader-rover kernel: [    0.000000] Linux version 3.5.0-2-linaro-omap (adam@pine) (gcc version 4.6.3 (Ubuntu/Linaro 4.6.3-1ubuntu5) ) #2~ci+121210190143 PREEMPT Mon Dec 10 11:03:27 PST 2012
Jul 10 13:11:27 vader-rover kernel: [    0.000000] CPU: ARMv7 Processor [413fc082] revision 2 (ARMv7), cr=10c53c7d
Jul 10 13:11:27 vader-rover kernel: [    0.000000] CPU: PIPT / VIPT nonaliasing data cache, VIPT aliasing instruction cache
Jul 10 13:11:27 vader-rover kernel: [    0.000000] Machine: Gumstix Overo
Jul 10 13:11:27 vader-rover kernel: [    0.000000] Reserving 12582912 bytes SDRAM for VRAM
Jul 10 13:11:27 vader-rover kernel: [    0.000000] Memory policy: ECC disabled, Data cache writeback
Jul 10 13:11:27 vader-rover kernel: [    0.000000] On node 0 totalpages: 127744
Jul 10 13:11:27 vader-rover kernel: [    0.000000] free_area_init_node: node 0, pgdat c070b85c, node_mem_map c07a7000
Jul 10 13:11:27 vader-rover kernel: [    0.000000]   Normal zone: 1024 pages used for memmap
Jul 10 13:11:27 vader-rover kernel: [    0.000000]   Normal zone: 0 pages reserved
Jul 10 13:11:27 vader-rover kernel: [    0.000000]   Normal zone: 126720 pages, LIFO batch:31
Jul 10 13:11:27 vader-rover kernel: [    0.000000] OMAP3630 ES1.2 (l2cache iva sgx neon isp 192mhz_clk )
Jul 10 13:11:27 vader-rover kernel: [    0.000000] Clocking rate (Crystal/Core/MPU): 26.0/332/600 MHz
Jul 10 13:11:27 vader-rover kernel: [    0.000000] pcpu-alloc: s0 r0 d32768 u32768 alloc=1*32768
Jul 10 13:11:27 vader-rover kernel: [    0.000000] pcpu-alloc: [0] 0 
Jul 10 13:11:27 vader-rover kernel: [    0.000000] Built 1 zonelists in Zone order, mobility grouping on.  Total pages: 126720
Jul 10 13:11:27 vader-rover kernel: [    0.000000] Kernel command line: console=tty0 console=ttyO2,115200n8 root=/dev/mmcblk0p2 rootwait ro earlyprintk mpurate=720 vram=12M omapdss.def_disp=dvi omapfb.mode=dvi:1024x768MR-16@60
Jul 10 13:11:27 vader-rover kernel: [    0.000000] PID hash table entries: 2048 (order: 1, 8192 bytes)
Jul 10 13:11:27 vader-rover kernel: [    0.000000] Dentry cache hash table entries: 65536 (order: 6, 262144 bytes)
Jul 10 13:11:27 vader-rover kernel: [    0.000000] Inode-cache hash table entries: 32768 (order: 5, 131072 bytes)
Jul 10 13:11:27 vader-rover kernel: [    0.000000] allocated 1048576 bytes of page_cgroup
Jul 10 13:11:27 vader-rover kernel: [    0.000000] please try 'cgroup_disable=memory' option if you don't want memory cgroups
Jul 10 13:11:27 vader-rover kernel: [    0.000000] Memory: 499MB = 499MB total
Jul 10 13:11:27 vader-rover kernel: [    0.000000] Memory: 496084k/496084k available, 28204k reserved, 0K highmem
Jul 10 13:11:27 vader-rover kernel: [    0.000000] Virtual kernel memory layout:
Jul 10 13:11:27 vader-rover kernel: [    0.000000]     vector  : 0xffff0000 - 0xffff1000   (   4 kB)
Jul 10 13:11:27 vader-rover kernel: [    0.000000]     fixmap  : 0xfff00000 - 0xfffe0000   ( 896 kB)
Jul 10 13:11:27 vader-rover kernel: [    0.000000]     vmalloc : 0xe0800000 - 0xff000000   ( 488 MB)
Jul 10 13:11:27 vader-rover kernel: [    0.000000]     lowmem  : 0xc0000000 - 0xe0000000   ( 512 MB)
Jul 10 13:11:27 vader-rover kernel: [    0.000000]     pkmap   : 0xbfe00000 - 0xc0000000   (   2 MB)
Jul 10 13:11:27 vader-rover kernel: [    0.000000]     modules : 0xbf000000 - 0xbfe00000   (  14 MB)
Jul 10 13:11:27 vader-rover kernel: [    0.000000]       .text : 0xc0008000 - 0xc067abfc   (6603 kB)
Jul 10 13:11:27 vader-rover kernel: [    0.000000]       .init : 0xc067b000 - 0xc06b2000   ( 220 kB)
Jul 10 13:11:27 vader-rover kernel: [    0.000000]       .data : 0xc06b2000 - 0xc071b268   ( 421 kB)
Jul 10 13:11:27 vader-rover kernel: [    0.000000]        .bss : 0xc071b28c - 0xc07a6020   ( 556 kB)
Jul 10 13:11:27 vader-rover kernel: [    0.000000] NR_IRQS:474
Jul 10 13:11:27 vader-rover kernel: [    0.000000] IRQ: Found an INTC at 0xfa200000 (revision 4.0) with 96 interrupts
Jul 10 13:11:27 vader-rover kernel: [    0.000000] Total of 96 interrupts on 1 active controller
Jul 10 13:11:27 vader-rover kernel: [    0.000000] OMAP clockevent source: GPTIMER1 at 32768 Hz
Jul 10 13:11:27 vader-rover kernel: [    0.000000] sched_clock: 32 bits at 32kHz, resolution 30517ns, wraps every 131071999ms
Jul 10 13:11:27 vader-rover kernel: [    0.000000] OMAP clocksource: 32k_counter at 32768 Hz
Jul 10 13:11:27 vader-rover kernel: [    0.000000] Console: colour dummy device 80x30
Jul 10 13:11:27 vader-rover kernel: [    0.000000] console [tty0] enabled
Jul 10 13:11:27 vader-rover kernel: [    0.001007] Calibrating delay loop... 597.64 BogoMIPS (lpj=2334720)
Jul 10 13:11:27 vader-rover kernel: [    0.039123] pid_max: default: 32768 minimum: 301
Jul 10 13:11:27 vader-rover kernel: [    0.039337] Security Framework initialized
Jul 10 13:11:27 vader-rover kernel: [    0.039459] Mount-cache hash table entries: 512
Jul 10 13:11:27 vader-rover kernel: [    0.040252] Initializing cgroup subsys debug
Jul 10 13:11:27 vader-rover kernel: [    0.040313] Initializing cgroup subsys cpuacct
Jul 10 13:11:27 vader-rover kernel: [    0.040344] Initializing cgroup subsys memory
Jul 10 13:11:27 vader-rover kernel: [    0.040405] Initializing cgroup subsys devices
Jul 10 13:11:27 vader-rover kernel: [    0.040435] Initializing cgroup subsys freezer
Jul 10 13:11:27 vader-rover kernel: [    0.040435] Initializing cgroup subsys perf_event
Jul 10 13:11:27 vader-rover kernel: [    0.040588] CPU: Testing write buffer coherency: ok
Jul 10 13:11:27 vader-rover kernel: [    0.040924] Setting up static identity map for 0x8046ea98 - 0x8046eaf0
Jul 10 13:11:27 vader-rover kernel: [    0.046081] devtmpfs: initialized
Jul 10 13:11:27 vader-rover kernel: [    0.050903] dummy: 
Jul 10 13:11:27 vader-rover kernel: [    0.051330] NET: Registered protocol family 16
Jul 10 13:11:27 vader-rover kernel: [    0.051757] GPMC revision 5.0
Jul 10 13:11:27 vader-rover kernel: [    0.051818] gpmc: irq-20 could not claim: err -22
Jul 10 13:11:27 vader-rover kernel: [    0.053497] gpiochip_add: registered GPIOs 0 to 31 on device: gpio
Jul 10 13:11:27 vader-rover kernel: [    0.053588] OMAP GPIO hardware version 2.5
Jul 10 13:11:27 vader-rover kernel: [    0.053833] gpiochip_add: registered GPIOs 32 to 63 on device: gpio
Jul 10 13:11:27 vader-rover kernel: [    0.054138] gpiochip_add: registered GPIOs 64 to 95 on device: gpio
Jul 10 13:11:27 vader-rover kernel: [    0.054412] gpiochip_add: registered GPIOs 96 to 127 on device: gpio
Jul 10 13:11:27 vader-rover kernel: [    0.054687] gpiochip_add: registered GPIOs 128 to 159 on device: gpio
Jul 10 13:11:27 vader-rover kernel: [    0.055114] gpiochip_add: registered GPIOs 160 to 191 on device: gpio
Jul 10 13:11:27 vader-rover kernel: [    0.056030] omap_mux_init: Add partition: #1: core, flags: 0
Jul 10 13:11:27 vader-rover kernel: [    0.061035] _omap_mux_get_by_name: Could not find signal uart4_rx.uart4_rx
Jul 10 13:11:27 vader-rover kernel: [    0.066925] Reprogramming SDRC clock to 332000000 Hz
Jul 10 13:11:27 vader-rover kernel: [    0.066955] dpll3_m2_clk rate change failed: -22
Jul 10 13:11:27 vader-rover kernel: [    0.066986] Found NAND on CS0
Jul 10 13:11:27 vader-rover kernel: [    0.067016] Registering NAND on CS0
Jul 10 13:11:27 vader-rover kernel: [    0.068206]  usbhs_omap: alias fck already exists
Jul 10 13:11:27 vader-rover kernel: [    0.075714] hw-breakpoint: debug architecture 0x4 unsupported.
Jul 10 13:11:27 vader-rover kernel: [    0.078796]  omap-mcbsp.2: alias fck already exists
Jul 10 13:11:27 vader-rover kernel: [    0.079040]  omap-mcbsp.3: alias fck already exists
Jul 10 13:11:27 vader-rover kernel: [    0.080108] Switched to new clocking rate (Crystal/Core/MPU): 26.0/332/720 MHz
Jul 10 13:11:27 vader-rover kernel: [    0.080322] OMAP DMA hardware revision 5.0
Jul 10 13:11:27 vader-rover kernel: [    0.087341] bio: create slab <bio-0> at 0
Jul 10 13:11:27 vader-rover kernel: [    0.088043] fixed-dummy: 
Jul 10 13:11:27 vader-rover kernel: [    0.088134] reg-fixed-voltage reg-fixed-voltage.0: fixed-dummy supplying 0uV
Jul 10 13:11:27 vader-rover kernel: [    0.088317] vads7846: override min_uV, 1 -> 3300000
Jul 10 13:11:27 vader-rover kernel: [    0.088317] vads7846: override max_uV, 2147483647 -> 3300000
Jul 10 13:11:27 vader-rover kernel: [    0.088348] vads7846: 3300 mV 
Jul 10 13:11:27 vader-rover kernel: [    0.088439] reg-fixed-voltage reg-fixed-voltage.1: vads7846 supplying 3300000uV
Jul 10 13:11:27 vader-rover kernel: [    0.089050] SCSI subsystem initialized
Jul 10 13:11:27 vader-rover kernel: [    0.089324] usbcore: registered new interface driver usbfs
Jul 10 13:11:27 vader-rover kernel: [    0.089477] usbcore: registered new interface driver hub
Jul 10 13:11:27 vader-rover kernel: [    0.089691] usbcore: registered new device driver usb
Jul 10 13:11:27 vader-rover kernel: [    0.090118] omap_i2c omap_i2c.1: bus 1 rev1.4.0 at 2600 kHz
Jul 10 13:11:27 vader-rover kernel: [    0.092681] twl 1-0048: PIH (irq 7) chaining IRQs 320..328
Jul 10 13:11:27 vader-rover kernel: [    0.092803] twl 1-0048: power (irq 325) chaining IRQs 328..335
Jul 10 13:11:27 vader-rover kernel: [    0.093383] twl4030_gpio twl4030_gpio: gpio (irq 320) chaining IRQs 336..353
Jul 10 13:11:27 vader-rover kernel: [    0.093719] gpiochip_add: registered GPIOs 192 to 211 on device: twl4030
Jul 10 13:11:27 vader-rover kernel: [    0.094421] VUSB1V5: override min_uV, 1 -> 1500000
Jul 10 13:11:27 vader-rover kernel: [    0.094451] VUSB1V5: override max_uV, 2147483647 -> 1500000
Jul 10 13:11:27 vader-rover kernel: [    0.094482] VUSB1V5: 1500 mV normal standby
Jul 10 13:11:27 vader-rover kernel: [    0.094909] VUSB1V8: override min_uV, 1 -> 1800000
Jul 10 13:11:27 vader-rover kernel: [    0.094940] VUSB1V8: override max_uV, 2147483647 -> 1800000
Jul 10 13:11:27 vader-rover kernel: [    0.094940] VUSB1V8: 1800 mV normal standby
Jul 10 13:11:27 vader-rover kernel: [    0.095336] VUSB3V1: override min_uV, 1 -> 3100000
Jul 10 13:11:27 vader-rover kernel: [    0.095367] VUSB3V1: override max_uV, 2147483647 -> 3100000
Jul 10 13:11:27 vader-rover kernel: [    0.095367] VUSB3V1: 3100 mV normal standby
Jul 10 13:11:27 vader-rover kernel: [    0.096801] twl4030_usb twl4030_usb: HW_CONDITIONS 0x10/16; link 0
Jul 10 13:11:27 vader-rover kernel: [    0.097045] twl4030_usb twl4030_usb: Initialized TWL4030 USB module
Jul 10 13:11:27 vader-rover kernel: [    0.097534] vdd_mpu_iva: 600 <--> 1450 mV normal 
Jul 10 13:11:27 vader-rover kernel: [    0.097930] vdd_core: 600 <--> 1450 mV normal 
Jul 10 13:11:27 vader-rover kernel: [    0.098419] VMMC1: 1850 <--> 3150 mV at 3000 mV normal standby
Jul 10 13:11:27 vader-rover kernel: [    0.098907] VDAC: 1800 mV normal standby
Jul 10 13:11:27 vader-rover kernel: [    0.099395] VDVI: 1800 mV normal standby
Jul 10 13:11:27 vader-rover kernel: [    0.109466] omap_i2c omap_i2c.3: bus 3 rev1.4.0 at 400 kHz
Jul 10 13:11:27 vader-rover kernel: [    0.110229] omap-iommu omap-iommu.0: isp registered
Jul 10 13:11:27 vader-rover kernel: [    0.110412] Advanced Linux Sound Architecture Driver Version 1.0.25.
Jul 10 13:11:27 vader-rover kernel: [    0.111267] Switching to clocksource 32k_counter
Jul 10 13:11:27 vader-rover kernel: [    0.135833] usbhs_omap usbhs_omap: xclk60mhsp2_ck set parentfailed error:-22
Jul 10 13:11:27 vader-rover kernel: [    0.136627] NET: Registered protocol family 2
Jul 10 13:11:27 vader-rover kernel: [    0.136901] IP route cache hash table entries: 4096 (order: 2, 16384 bytes)
Jul 10 13:11:27 vader-rover kernel: [    0.137451] TCP established hash table entries: 16384 (order: 5, 131072 bytes)
Jul 10 13:11:27 vader-rover kernel: [    0.137786] TCP bind hash table entries: 16384 (order: 4, 65536 bytes)
Jul 10 13:11:27 vader-rover kernel: [    0.137969] TCP: Hash tables configured (established 16384 bind 16384)
Jul 10 13:11:27 vader-rover kernel: [    0.138000] TCP: reno registered
Jul 10 13:11:27 vader-rover kernel: [    0.138000] UDP hash table entries: 256 (order: 0, 4096 bytes)
Jul 10 13:11:27 vader-rover kernel: [    0.138061] UDP-Lite hash table entries: 256 (order: 0, 4096 bytes)
Jul 10 13:11:27 vader-rover kernel: [    0.138366] NET: Registered protocol family 1
Jul 10 13:11:27 vader-rover kernel: [    0.138885] RPC: Registered named UNIX socket transport module.
Jul 10 13:11:27 vader-rover kernel: [    0.138916] RPC: Registered udp transport module.
Jul 10 13:11:27 vader-rover kernel: [    0.138916] RPC: Registered tcp transport module.
Jul 10 13:11:27 vader-rover kernel: [    0.138946] RPC: Registered tcp NFSv4.1 backchannel transport module.
Jul 10 13:11:27 vader-rover kernel: [    0.139221] Trying to unpack rootfs image as initramfs...
Jul 10 13:11:27 vader-rover kernel: [    0.254302] Freeing initrd memory: 1488K
Jul 10 13:11:27 vader-rover kernel: [    0.256622] audit: initializing netlink socket (disabled)
Jul 10 13:11:27 vader-rover kernel: [    0.256713] type=2000 audit(0.250:1): initialized
Jul 10 13:11:27 vader-rover kernel: [    0.258117] VFS: Disk quotas dquot_6.5.2
Jul 10 13:11:27 vader-rover kernel: [    0.258209] Dquot-cache hash table entries: 1024 (order 0, 4096 bytes)
Jul 10 13:11:27 vader-rover kernel: [    0.258575] NFS: Registering the id_resolver key type
Jul 10 13:11:27 vader-rover kernel: [    0.258666] Key type id_resolver registered
Jul 10 13:11:27 vader-rover kernel: [    0.259094] jffs2: version 2.2. (NAND) (SUMMARY)  Â© 2001-2006 Red Hat, Inc.
Jul 10 13:11:27 vader-rover kernel: [    0.259765] fuse init (API version 7.19)
Jul 10 13:11:27 vader-rover kernel: [    0.260345] msgmni has been set to 971
Jul 10 13:11:27 vader-rover kernel: [    0.262023] Block layer SCSI generic (bsg) driver version 0.4 loaded (major 253)
Jul 10 13:11:27 vader-rover kernel: [    0.262084] io scheduler noop registered
Jul 10 13:11:27 vader-rover kernel: [    0.262115] io scheduler deadline registered (default)
Jul 10 13:11:27 vader-rover kernel: [    0.262847] OMAP DSS rev 2.0
Jul 10 13:11:27 vader-rover kernel: [    0.265747] omap_uart.0: ttyO0 at MMIO 0x4806a000 (irq = 72) is a OMAP UART0
Jul 10 13:11:27 vader-rover kernel: [    0.266296] omap_uart.1: ttyO1 at MMIO 0x4806c000 (irq = 73) is a OMAP UART1
Jul 10 13:11:27 vader-rover kernel: [    0.266754] omap_uart.2: ttyO2 at MMIO 0x49020000 (irq = 74) is a OMAP UART2
Jul 10 13:11:27 vader-rover kernel: [    0.967529] console [ttyO2] enabled
Jul 10 13:11:27 vader-rover kernel: [    0.971649] omap_uart.3: ttyO3 at MMIO 0x49042000 (irq = 80) is a OMAP UART3
Jul 10 13:11:27 vader-rover kernel: [    0.986572] brd: module loaded
Jul 10 13:11:27 vader-rover kernel: [    0.993621] loop: module loaded
Jul 10 13:11:27 vader-rover kernel: [    0.998443] twl4030_madc twl4030_madc: clk disabled, enabling
Jul 10 13:11:27 vader-rover kernel: [    1.006408] NAND device: Manufacturer ID: 0x2c, Chip ID: 0xbc (Micron NAND 512MiB 1,8V 16-bit), page size: 2048, OOB size: 64
Jul 10 13:11:27 vader-rover kernel: [    1.031066] Creating 5 MTD partitions on "omap2-nand.0":
Jul 10 13:11:27 vader-rover kernel: [    1.036834] 0x000000000000-0x000000080000 : "xloader"
Jul 10 13:11:27 vader-rover kernel: [    1.043701] 0x000000080000-0x000000240000 : "uboot"
Jul 10 13:11:27 vader-rover kernel: [    1.051055] 0x000000240000-0x000000280000 : "uboot environment"
Jul 10 13:11:27 vader-rover kernel: [    1.058441] 0x000000280000-0x000000680000 : "linux"
Jul 10 13:11:27 vader-rover kernel: [    1.067291] 0x000000680000-0x000020000000 : "rootfs"
Jul 10 13:11:27 vader-rover kernel: [    1.425872] smsc911x: Driver version 2008-10-21
Jul 10 13:11:27 vader-rover kernel: [    1.431030] smsc911x: Driver version 2008-10-21
Jul 10 13:11:27 vader-rover kernel: [    1.436309] usbcore: registered new interface driver asix
Jul 10 13:11:27 vader-rover kernel: [    1.442077] usbcore: registered new interface driver cdc_ether
Jul 10 13:11:27 vader-rover kernel: [    1.448333] usbcore: registered new interface driver cdc_ncm
Jul 10 13:11:27 vader-rover kernel: [    1.454589] ehci_hcd: USB 2.0 'Enhanced' Host Controller (EHCI) Driver
Jul 10 13:11:27 vader-rover kernel: [    1.461486] ehci_hcd: block sizes: qh 64 qtd 96 itd 160 sitd 96
Jul 10 13:11:27 vader-rover kernel: [    1.461639] ehci-omap ehci-omap.0: failed to get ehci port1 regulator
Jul 10 13:11:27 vader-rover kernel: [    2.462982] ehci-omap ehci-omap.0: phy reset operation timed out
Jul 10 13:11:27 vader-rover kernel: [    2.463012] ehci-omap ehci-omap.0: reset hcs_params 0x1313 dbg=0 cc=1 pcc=3 ordered ports=3
Jul 10 13:11:27 vader-rover kernel: [    2.463012] ehci-omap ehci-omap.0: reset hcc_params 0016 thresh 1 uframes 256/512/1024 park
Jul 10 13:11:27 vader-rover kernel: [    2.463043] ehci-omap ehci-omap.0: reset command 0080b02  park=3 ithresh=8 period=1024 Reset HALT
Jul 10 13:11:27 vader-rover kernel: [    2.463073] ehci-omap ehci-omap.0: OMAP-EHCI Host Controller
Jul 10 13:11:27 vader-rover kernel: [    2.469329] ehci-omap ehci-omap.0: new USB bus registered, assigned bus number 1
Jul 10 13:11:27 vader-rover kernel: [    2.477233] ehci-omap ehci-omap.0: park 0
Jul 10 13:11:27 vader-rover kernel: [    2.477294] ehci-omap ehci-omap.0: irq 77, io mem 0x48064800
Jul 10 13:11:27 vader-rover kernel: [    2.483276] ehci-omap ehci-omap.0: init command 0010005 (park)=0 ithresh=1 period=512 RUN
Jul 10 13:11:27 vader-rover kernel: [    2.494323] ehci-omap ehci-omap.0: USB 2.0 started, EHCI 1.00
Jul 10 13:11:27 vader-rover kernel: [    2.500488] usb usb1: default language 0x0409
Jul 10 13:11:27 vader-rover kernel: [    2.500549] usb usb1: udev 1, busnum 1, minor = 0
Jul 10 13:11:27 vader-rover kernel: [    2.500549] usb usb1: New USB device found, idVendor=1d6b, idProduct=0002
Jul 10 13:11:27 vader-rover kernel: [    2.507720] usb usb1: New USB device strings: Mfr=3, Product=2, SerialNumber=1
Jul 10 13:11:27 vader-rover kernel: [    2.515319] usb usb1: Product: OMAP-EHCI Host Controller
Jul 10 13:11:27 vader-rover kernel: [    2.520935] usb usb1: Manufacturer: Linux 3.5.0-2-linaro-omap ehci_hcd
Jul 10 13:11:27 vader-rover kernel: [    2.527801] usb usb1: SerialNumber: ehci-omap.0
Jul 10 13:11:27 vader-rover kernel: [    2.533020] usb usb1: usb_probe_device
Jul 10 13:11:27 vader-rover kernel: [    2.533050] usb usb1: configuration #1 chosen from 1 choice
Jul 10 13:11:27 vader-rover kernel: [    2.533111] usb usb1: adding 1-0:1.0 (config #1, interface 0)
Jul 10 13:11:27 vader-rover kernel: [    2.533233] hub 1-0:1.0: usb_probe_interface
Jul 10 13:11:27 vader-rover kernel: [    2.533264] hub 1-0:1.0: usb_probe_interface - got id
Jul 10 13:11:27 vader-rover kernel: [    2.533294] hub 1-0:1.0: USB hub found
Jul 10 13:11:27 vader-rover kernel: [    2.537292] hub 1-0:1.0: 3 ports detected
Jul 10 13:11:27 vader-rover kernel: [    2.541534] hub 1-0:1.0: standalone hub
Jul 10 13:11:27 vader-rover kernel: [    2.541534] hub 1-0:1.0: individual port power switching
Jul 10 13:11:27 vader-rover kernel: [    2.541564] hub 1-0:1.0: individual port over-current protection
Jul 10 13:11:27 vader-rover kernel: [    2.541564] hub 1-0:1.0: power on to power good time: 20ms
Jul 10 13:11:27 vader-rover kernel: [    2.541595] hub 1-0:1.0: local power source is good
Jul 10 13:11:27 vader-rover kernel: [    2.541595] hub 1-0:1.0: enabling power on all ports
Jul 10 13:11:27 vader-rover kernel: [    2.541900] ehci-omap ehci-omap.0: ...powerup ports...
Jul 10 13:11:27 vader-rover kernel: [    2.572570] Initializing USB Mass Storage driver...
Jul 10 13:11:27 vader-rover kernel: [    2.577850] usbcore: registered new interface driver usb-storage
Jul 10 13:11:27 vader-rover kernel: [    2.584197] USB Mass Storage support registered.
Jul 10 13:11:27 vader-rover kernel: [    2.589050] musb-hdrc: version 6.0, ?dma?, otg (peripheral+host)
Jul 10 13:11:27 vader-rover kernel: [    2.601013] twl4030_usb twl4030_usb: twl4030_phy_resume
Jul 10 13:11:27 vader-rover kernel: [    2.601257] musb-hdrc: ConfigData=0xde (UTMI-8, dyn FIFOs, bulk combine, bulk split, HB-ISO Rx, HB-ISO Tx, SoftConn)
Jul 10 13:11:27 vader-rover kernel: [    2.601287] musb-hdrc: MHDRC RTL version 1.800 
Jul 10 13:11:27 vader-rover kernel: [    2.601287] musb-hdrc: setup fifo_mode 4
Jul 10 13:11:27 vader-rover kernel: [    2.601318] musb-hdrc: 28/31 max ep, 16384/16384 memory
Jul 10 13:11:27 vader-rover kernel: [    2.601745] musb-hdrc musb-hdrc: USB OTG mode controller at fa0ab000 using DMA, IRQ 92
Jul 10 13:11:27 vader-rover kernel: [    2.611968] twl4030_usb twl4030_usb: twl4030_phy_suspend
Jul 10 13:11:27 vader-rover kernel: [    2.612487] mousedev: PS/2 mouse device common for all mice
Jul 10 13:11:27 vader-rover kernel: [    2.619049] twl_rtc twl_rtc: Enabling TWL-RTC
Jul 10 13:11:27 vader-rover kernel: [    2.626251] twl_rtc twl_rtc: rtc core: registered twl_rtc as rtc0
Jul 10 13:11:27 vader-rover kernel: [    2.633483] i2c /dev entries driver
Jul 10 13:11:27 vader-rover kernel: [    2.638580] voltdm_scale: No voltage scale API registered for vdd_mpu_iva
Jul 10 13:11:27 vader-rover kernel: [    2.645874] ehci-omap ehci-omap.0: GetStatus port:2 status 001803 0  ACK POWER sig=j CSC CONNECT
Jul 10 13:11:27 vader-rover kernel: [    2.645874] hub 1-0:1.0: port 2: status 0501 change 0001
Jul 10 13:11:27 vader-rover kernel: [    2.645935] platform mpu.0: omap_target: unable to scale voltage up.
Jul 10 13:11:27 vader-rover kernel: [    2.652648] cpuidle: using governor ladder
Jul 10 13:11:27 vader-rover kernel: [    2.656951] cpuidle: using governor menu
Jul 10 13:11:27 vader-rover kernel: [    2.661621] omap_hsmmc omap_hsmmc.0: Failed to get debounce clk
Jul 10 13:11:27 vader-rover kernel: [    2.744354] hub 1-0:1.0: state 7 ports 3 chg 0004 evt 0000
Jul 10 13:11:27 vader-rover kernel: [    2.744384] hub 1-0:1.0: port 2, status 0501, change 0000, 480 Mb/s
Jul 10 13:11:27 vader-rover kernel: [    2.806823] ehci-omap ehci-omap.0: port 2 reset complete, port enabled
Jul 10 13:11:27 vader-rover kernel: [    2.806854] ehci-omap ehci-omap.0: GetStatus port:2 status 001005 0  ACK POWER sig=se0 PE CONNECT
Jul 10 13:11:27 vader-rover kernel: [    2.869293] usb 1-2: new high-speed USB device number 2 using ehci-omap
Jul 10 13:11:27 vader-rover kernel: [    2.931823] ehci-omap ehci-omap.0: port 2 reset complete, port enabled
Jul 10 13:11:27 vader-rover kernel: [    2.931823] ehci-omap ehci-omap.0: GetStatus port:2 status 001005 0  ACK POWER sig=se0 PE CONNECT
Jul 10 13:11:27 vader-rover kernel: [    3.026062] usb 1-2: default language 0x0409
Jul 10 13:11:27 vader-rover kernel: [    3.026214] usb 1-2: udev 2, busnum 1, minor = 1
Jul 10 13:11:27 vader-rover kernel: [    3.026214] usb 1-2: New USB device found, idVendor=050d, idProduct=0237
Jul 10 13:11:27 vader-rover kernel: [    3.033294] usb 1-2: New USB device strings: Mfr=0, Product=1, SerialNumber=0
Jul 10 13:11:27 vader-rover kernel: [    3.040802] usb 1-2: Product: USB 2.0 Hub [MTT]
Jul 10 13:11:27 vader-rover kernel: [    3.046081] omap_hsmmc omap_hsmmc.1: Failed to get debounce clk
Jul 10 13:11:27 vader-rover kernel: [    3.052856] usb 1-2: usb_probe_device
Jul 10 13:11:27 vader-rover kernel: [    3.052856] usb 1-2: configuration #1 chosen from 1 choice
Jul 10 13:11:27 vader-rover kernel: [    3.053161] usb 1-2: adding 1-2:1.0 (config #1, interface 0)
Jul 10 13:11:27 vader-rover kernel: [    3.053314] hub 1-2:1.0: usb_probe_interface
Jul 10 13:11:27 vader-rover kernel: [    3.053314] hub 1-2:1.0: usb_probe_interface - got id
Jul 10 13:11:27 vader-rover kernel: [    3.053344] hub 1-2:1.0: USB hub found
Jul 10 13:11:27 vader-rover kernel: [    3.060058] hub 1-2:1.0: 7 ports detected
Jul 10 13:11:27 vader-rover kernel: [    3.064300] hub 1-2:1.0: standalone hub
Jul 10 13:11:27 vader-rover kernel: [    3.064331] hub 1-2:1.0: ganged power switching
Jul 10 13:11:27 vader-rover kernel: [    3.064331] hub 1-2:1.0: individual port over-current protection
Jul 10 13:11:27 vader-rover kernel: [    3.064575] hub 1-2:1.0: TT per port
Jul 10 13:11:27 vader-rover kernel: [    3.064575] hub 1-2:1.0: TT requires at most 8 FS bit times (666 ns)
Jul 10 13:11:27 vader-rover kernel: [    3.064605] hub 1-2:1.0: Port indicators are supported
Jul 10 13:11:27 vader-rover kernel: [    3.064605] hub 1-2:1.0: power on to power good time: 100ms
Jul 10 13:11:27 vader-rover kernel: [    3.064941] hub 1-2:1.0: local power source is good
Jul 10 13:11:27 vader-rover kernel: [    3.064941] hub 1-2:1.0: enabling power on all ports
Jul 10 13:11:27 vader-rover kernel: [    3.104156] Registered led device: overo:red:gpio21
Jul 10 13:11:27 vader-rover kernel: [    3.104278] Registered led device: overo:blue:gpio22
Jul 10 13:11:27 vader-rover kernel: [    3.104949] Registered led device: overo:blue:COM
Jul 10 13:11:27 vader-rover kernel: [    3.106384] usbcore: registered new interface driver usbhid
Jul 10 13:11:27 vader-rover kernel: [    3.112396] usbhid: USB HID core driver
Jul 10 13:11:27 vader-rover kernel: [    3.117431] usbcore: registered new interface driver snd-usb-audio
Jul 10 13:11:27 vader-rover kernel: [    3.125244] overo SoC init
Jul 10 13:11:27 vader-rover kernel: [    3.128295] soc-audio soc-audio: ASoC machine overo should use snd_soc_register_card()
Jul 10 13:11:27 vader-rover kernel: [    3.166351] hub 1-2:1.0: port 1: status 0101 change 0001
Jul 10 13:11:27 vader-rover kernel: [    3.166564] hub 1-2:1.0: port 2: status 0101 change 0001
Jul 10 13:11:27 vader-rover kernel: [    3.166931] hub 1-2:1.0: port 4: status 0101 change 0001
Jul 10 13:11:27 vader-rover kernel: [    3.167175] hub 1-2:1.0: port 5: status 0101 change 0001
Jul 10 13:11:27 vader-rover kernel: [    3.167419] hub 1-2:1.0: port 6: status 0101 change 0001
Jul 10 13:11:27 vader-rover kernel: [    3.167694] hub 1-2:1.0: port 7: status 0101 change 0001
Jul 10 13:11:27 vader-rover kernel: [    3.223632] twl4030-codec twl4030-codec: ASoC: Failed to create Capture debugfs file
Jul 10 13:11:27 vader-rover kernel: [    3.235290] asoc: twl4030-hifi <-> omap-mcbsp.2 mapping ok
Jul 10 13:11:27 vader-rover kernel: [    3.244903] oprofile: hardware counters not available
Jul 10 13:11:27 vader-rover kernel: [    3.250244] oprofile: using timer interrupt.
Jul 10 13:11:27 vader-rover kernel: [    3.255615] TCP: cubic registered
Jul 10 13:11:27 vader-rover kernel: [    3.259124] NET: Registered protocol family 17
Jul 10 13:11:27 vader-rover kernel: [    3.263885] NET: Registered protocol family 15
Jul 10 13:11:27 vader-rover kernel: [    3.268646] usb 1-2: link qh256-0001/de5e8a80 start 1 [1/0 us]
Jul 10 13:11:27 vader-rover kernel: [    3.268707] hub 1-2:1.0: state 7 ports 7 chg 00f6 evt 0000
Jul 10 13:11:27 vader-rover kernel: [    3.268920] Key type dns_resolver registered
Jul 10 13:11:27 vader-rover kernel: [    3.273468] hub 1-2:1.0: port 1, status 0101, change 0000, 12 Mb/s
Jul 10 13:11:27 vader-rover kernel: [    3.273803] VFP support v0.3: implementor 41 architecture 3 part 30 variant c rev 3
Jul 10 13:11:27 vader-rover kernel: [    3.286804] ThumbEE CPU extension supported.
Jul 10 13:11:27 vader-rover kernel: [    3.291442] sr_init: No PMIC hook to init smartreflex
Jul 10 13:11:27 vader-rover kernel: [    3.297027] smartreflex smartreflex.0: omap_sr_probe: SmartReflex driver initialized
Jul 10 13:11:27 vader-rover kernel: [    3.305755] smartreflex smartreflex.1: omap_sr_probe: SmartReflex driver initialized
Jul 10 13:11:27 vader-rover kernel: [    3.320556] clock: disabling unused clocks to save power
Jul 10 13:11:27 vader-rover kernel: [    3.327178] registered taskstats version 1
Jul 10 13:11:27 vader-rover kernel: [    3.332885] fbcvt: 1024x768@60: CVT Name - .786M3-R
Jul 10 13:11:27 vader-rover kernel: [    3.353912] usb 1-2.1: new high-speed USB device number 3 using ehci-omap
Jul 10 13:11:27 vader-rover kernel: [    3.358062] Console: switching to colour frame buffer device 128x48
Jul 10 13:11:27 vader-rover kernel: [    3.383575] VDAC: incomplete constraints, leaving on
Jul 10 13:11:27 vader-rover kernel: [    3.391143] twl_rtc twl_rtc: setting system clock to 2014-07-10 17:11:17 UTC (1405012277)
Jul 10 13:11:27 vader-rover kernel: [    3.400054] ALSA device list:
Jul 10 13:11:27 vader-rover kernel: [    3.403350]   #0: overo
Jul 10 13:11:27 vader-rover kernel: [    3.406890] Freeing init memory: 220K
Jul 10 13:11:27 vader-rover kernel: [    3.476135] usb 1-2.1: default language 0x0409
Jul 10 13:11:27 vader-rover kernel: [    3.485015] usb 1-2.1: udev 3, busnum 1, minor = 2
Jul 10 13:11:27 vader-rover kernel: [    3.485046] usb 1-2.1: New USB device found, idVendor=1e10, idProduct=2004
Jul 10 13:11:27 vader-rover kernel: [    3.492645] mmc0: host does not support reading read-only switch. assuming write-enable.
Jul 10 13:11:27 vader-rover kernel: [    3.509979] usb 1-2.1: New USB device strings: Mfr=1, Product=2, SerialNumber=3
Jul 10 13:11:27 vader-rover kernel: [    3.520599] mmc0: new high speed SDXC card at address 59b4
Jul 10 13:11:27 vader-rover kernel: [    3.533142] usb 1-2.1: Product: USB 2.0 Digital Imaging Camera
Jul 10 13:11:27 vader-rover kernel: [    3.541503] mmcblk0: mmc0:59b4       59.6 GiB 
Jul 10 13:11:27 vader-rover kernel: [    3.552215] usb 1-2.1: Manufacturer: Point Grey Research
Jul 10 13:11:27 vader-rover kernel: [    3.558227]  mmcblk0: p1 p2
Jul 10 13:11:27 vader-rover kernel: [    3.572540] usb 1-2.1: SerialNumber: 00BB1D77
Jul 10 13:11:27 vader-rover kernel: [    3.581298] usb 1-2.1: usb_probe_device
Jul 10 13:11:27 vader-rover kernel: [    3.581329] usb 1-2.1: configuration #1 chosen from 1 choice
Jul 10 13:11:27 vader-rover kernel: [    3.581726] usb 1-2.1: adding 1-2.1:1.0 (config #1, interface 0)
Jul 10 13:11:27 vader-rover kernel: [    3.582366] hub 1-2:1.0: port 2, status 0101, change 0000, 12 Mb/s
Jul 10 13:11:27 vader-rover kernel: [    3.597839] mmc1: new SDIO card at address 0001
Jul 10 13:11:27 vader-rover kernel: [    3.666564] usb 1-2.2: new high-speed USB device number 4 using ehci-omap
Jul 10 13:11:27 vader-rover kernel: [    3.847106] usb 1-2.2: default language 0x0409
Jul 10 13:11:27 vader-rover kernel: [    3.847961] usb 1-2.2: udev 4, busnum 1, minor = 3
Jul 10 13:11:27 vader-rover kernel: [    3.847991] usb 1-2.2: New USB device found, idVendor=0bda, idProduct=8178
Jul 10 13:11:27 vader-rover kernel: [    3.876403] usb 1-2.2: New USB device strings: Mfr=1, Product=2, SerialNumber=3
Jul 10 13:11:27 vader-rover kernel: [    3.906616] usb 1-2.2: Product: USB WLAN
Jul 10 13:11:27 vader-rover kernel: [    3.924041] usb 1-2.2: Manufacturer: Realtek
Jul 10 13:11:27 vader-rover kernel: [    3.941711] usb 1-2.2: SerialNumber: 00e04c000001
Jul 10 13:11:27 vader-rover kernel: [    3.963165] usb 1-2.2: usb_probe_device
Jul 10 13:11:27 vader-rover kernel: [    3.963195] usb 1-2.2: configuration #1 chosen from 1 choice
Jul 10 13:11:27 vader-rover kernel: [    3.963867] usb 1-2.2: adding 1-2.2:1.0 (config #1, interface 0)
Jul 10 13:11:27 vader-rover kernel: [    3.966186] hub 1-2:1.0: port 4, status 0101, change 0000, 12 Mb/s
Jul 10 13:11:27 vader-rover kernel: [    4.049377] usb 1-2.4: new high-speed USB device number 5 using ehci-omap
Jul 10 13:11:27 vader-rover kernel: [    4.194915] usb 1-2.4: default language 0x0409
Jul 10 13:11:27 vader-rover kernel: [    4.203796] usb 1-2.4: udev 5, busnum 1, minor = 4
Jul 10 13:11:27 vader-rover kernel: [    4.203826] usb 1-2.4: New USB device found, idVendor=1e10, idProduct=2004
Jul 10 13:11:27 vader-rover kernel: [    4.227355] usb 1-2.4: New USB device strings: Mfr=1, Product=2, SerialNumber=3
Jul 10 13:11:27 vader-rover kernel: [    4.251922] usb 1-2.4: Product: USB 2.0 Digital Imaging Camera
Jul 10 13:11:27 vader-rover kernel: [    4.269104] usb 1-2.4: Manufacturer: Point Grey Research
Jul 10 13:11:27 vader-rover kernel: [    4.291015] usb 1-2.4: SerialNumber: 00CAABB3
Jul 10 13:11:27 vader-rover kernel: [    4.310485] usb 1-2.4: usb_probe_device
Jul 10 13:11:27 vader-rover kernel: [    4.310516] usb 1-2.4: configuration #1 chosen from 1 choice
Jul 10 13:11:27 vader-rover kernel: [    4.311492] usb 1-2.4: adding 1-2.4:1.0 (config #1, interface 0)
Jul 10 13:11:27 vader-rover kernel: [    4.314331] hub 1-2:1.0: port 5, status 0101, change 0000, 12 Mb/s
Jul 10 13:11:27 vader-rover kernel: [    4.401000] usb 1-2.5: new full-speed USB device number 6 using ehci-omap
Jul 10 13:11:27 vader-rover kernel: [    4.541259] usb 1-2.5: ep0 maxpacket = 8
Jul 10 13:11:27 vader-rover kernel: [    4.543609] usb 1-2.5: default language 0x0409
Jul 10 13:11:27 vader-rover kernel: [    4.548126] usb 1-2.5: udev 6, busnum 1, minor = 5
Jul 10 13:11:27 vader-rover kernel: [    4.548156] usb 1-2.5: New USB device found, idVendor=0403, idProduct=6001
Jul 10 13:11:27 vader-rover kernel: [    4.568389] usb 1-2.5: New USB device strings: Mfr=1, Product=2, SerialNumber=3
Jul 10 13:11:27 vader-rover kernel: [    4.592529] usb 1-2.5: Product: FT232R USB UART
Jul 10 13:11:27 vader-rover kernel: [    4.614624] usb 1-2.5: Manufacturer: FTDI
Jul 10 13:11:27 vader-rover kernel: [    4.623321] usb 1-2.5: SerialNumber: A702LYT7
Jul 10 13:11:27 vader-rover kernel: [    4.634368] usb 1-2.5: usb_probe_device
Jul 10 13:11:27 vader-rover kernel: [    4.634399] usb 1-2.5: configuration #1 chosen from 1 choice
Jul 10 13:11:27 vader-rover kernel: [    4.635925] usb 1-2.5: adding 1-2.5:1.0 (config #1, interface 0)
Jul 10 13:11:27 vader-rover kernel: [    4.639007] hub 1-2:1.0: port 6, status 0101, change 0000, 12 Mb/s
Jul 10 13:11:27 vader-rover kernel: [    4.721313] usb 1-2.6: new full-speed USB device number 7 using ehci-omap
Jul 10 13:11:27 vader-rover kernel: [    4.847503] usb 1-2.6: skipped 4 descriptors after interface
Jul 10 13:11:27 vader-rover kernel: [    4.847717] usb 1-2.6: default language 0x0409
Jul 10 13:11:27 vader-rover kernel: [    4.848236] usb 1-2.6: udev 7, busnum 1, minor = 6
Jul 10 13:11:27 vader-rover kernel: [    4.848236] usb 1-2.6: New USB device found, idVendor=16c0, idProduct=0483
Jul 10 13:11:27 vader-rover kernel: [    4.859771] usb 1-2.6: New USB device strings: Mfr=1, Product=2, SerialNumber=3
Jul 10 13:11:27 vader-rover kernel: [    4.872222] usb 1-2.6: Product: USB Serial
Jul 10 13:11:27 vader-rover kernel: [    4.881286] usb 1-2.6: Manufacturer: Teensyduino
Jul 10 13:11:27 vader-rover kernel: [    4.890716] usb 1-2.6: SerialNumber: 39749
Jul 10 13:11:27 vader-rover kernel: [    4.901367] usb 1-2.6: usb_probe_device
Jul 10 13:11:27 vader-rover kernel: [    4.901397] usb 1-2.6: configuration #1 chosen from 1 choice
Jul 10 13:11:27 vader-rover kernel: [    4.902618] usb 1-2.6: adding 1-2.6:1.0 (config #1, interface 0)
Jul 10 13:11:27 vader-rover kernel: [    4.903991] usb 1-2.6: adding 1-2.6:1.1 (config #1, interface 1)
Jul 10 13:11:27 vader-rover kernel: [    4.908233] hub 1-2:1.0: port 7, status 0101, change 0000, 12 Mb/s
Jul 10 13:11:27 vader-rover kernel: [    4.994659] usb 1-2.7: new full-speed USB device number 8 using ehci-omap
Jul 10 13:11:27 vader-rover kernel: [    5.121429] usb 1-2.7: default language 0x0409
Jul 10 13:11:27 vader-rover kernel: [    5.122070] usb 1-2.7: udev 8, busnum 1, minor = 7
Jul 10 13:11:27 vader-rover kernel: [    5.122070] usb 1-2.7: New USB device found, idVendor=067b, idProduct=2303
Jul 10 13:11:27 vader-rover kernel: [    5.133911] usb 1-2.7: New USB device strings: Mfr=1, Product=2, SerialNumber=0
Jul 10 13:11:27 vader-rover kernel: [    5.145324] usb 1-2.7: Product: USB-Serial Controller D
Jul 10 13:11:27 vader-rover kernel: [    5.154388] usb 1-2.7: Manufacturer: Prolific Technology Inc. 
Jul 10 13:11:27 vader-rover kernel: [    5.165740] usb 1-2.7: usb_probe_device
Jul 10 13:11:27 vader-rover kernel: [    5.165771] usb 1-2.7: configuration #1 chosen from 1 choice
Jul 10 13:11:27 vader-rover kernel: [    5.166351] usb 1-2.7: adding 1-2.7:1.0 (config #1, interface 0)
Jul 10 13:11:27 vader-rover kernel: [    5.169586] hub 1-2:1.0: state 7 ports 7 chg 0000 evt 0080
Jul 10 13:11:27 vader-rover kernel: [    6.280517] end_request: I/O error, dev mtdblock0, sector 0
Jul 10 13:11:27 vader-rover kernel: [    6.290039] Buffer I/O error on device mtdblock0, logical block 0
Jul 10 13:11:27 vader-rover kernel: [    6.387420] end_request: I/O error, dev mtdblock0, sector 0
Jul 10 13:11:27 vader-rover kernel: [    6.396911] Buffer I/O error on device mtdblock0, logical block 0
Jul 10 13:11:27 vader-rover kernel: [    6.509521] end_request: I/O error, dev mtdblock0, sector 0
Jul 10 13:11:27 vader-rover kernel: [    6.519042] Buffer I/O error on device mtdblock0, logical block 0
Jul 10 13:11:27 vader-rover kernel: [    6.591308] rtl8192cu driver version=v4.0.2_9000.20130911
Jul 10 13:11:27 vader-rover kernel: [    6.591308] build time: May 27 2014 17:22:48
Jul 10 13:11:27 vader-rover kernel: [    6.591430] rtl8192cu 1-2.2:1.0: usb_probe_interface
Jul 10 13:11:27 vader-rover kernel: [    6.591461] rtl8192cu 1-2.2:1.0: usb_probe_interface - got id
Jul 10 13:11:27 vader-rover kernel: [    6.591491] 
Jul 10 13:11:27 vader-rover kernel: [    6.591491] usb_endpoint_descriptor(0):
Jul 10 13:11:27 vader-rover kernel: [    6.591491] bLength=7
Jul 10 13:11:27 vader-rover kernel: [    6.591491] bDescriptorType=5
Jul 10 13:11:27 vader-rover kernel: [    6.591491] bEndpointAddress=81
Jul 10 13:11:27 vader-rover kernel: [    6.591522] wMaxPacketSize=200
Jul 10 13:11:27 vader-rover kernel: [    6.591522] bInterval=0
Jul 10 13:11:27 vader-rover kernel: [    6.591522] RT_usb_endpoint_is_bulk_in = 1
Jul 10 13:11:27 vader-rover kernel: [    6.591522] 
Jul 10 13:11:27 vader-rover kernel: [    6.591522] usb_endpoint_descriptor(1):
Jul 10 13:11:27 vader-rover kernel: [    6.591552] bLength=7
Jul 10 13:11:27 vader-rover kernel: [    6.591552] bDescriptorType=5
Jul 10 13:11:27 vader-rover kernel: [    6.591552] bEndpointAddress=2
Jul 10 13:11:27 vader-rover kernel: [    6.591552] wMaxPacketSize=200
Jul 10 13:11:27 vader-rover kernel: [    6.591552] bInterval=0
Jul 10 13:11:27 vader-rover kernel: [    6.592193] RT_usb_endpoint_is_bulk_out = 2
Jul 10 13:11:27 vader-rover kernel: [    6.592254] 
Jul 10 13:11:27 vader-rover kernel: [    6.592254] usb_endpoint_descriptor(2):
Jul 10 13:11:27 vader-rover kernel: [    6.592254] bLength=7
Jul 10 13:11:27 vader-rover kernel: [    6.592285] bDescriptorType=5
Jul 10 13:11:27 vader-rover kernel: [    6.592285] bEndpointAddress=3
Jul 10 13:11:27 vader-rover kernel: [    6.592285] wMaxPacketSize=200
Jul 10 13:11:27 vader-rover kernel: [    6.592285] bInterval=0
Jul 10 13:11:27 vader-rover kernel: [    6.592285] RT_usb_endpoint_is_bulk_out = 3
Jul 10 13:11:27 vader-rover kernel: [    6.592315] 
Jul 10 13:11:27 vader-rover kernel: [    6.592315] usb_endpoint_descriptor(3):
Jul 10 13:11:27 vader-rover kernel: [    6.592315] bLength=7
Jul 10 13:11:27 vader-rover kernel: [    6.592315] bDescriptorType=5
Jul 10 13:11:27 vader-rover kernel: [    6.592315] bEndpointAddress=84
Jul 10 13:11:27 vader-rover kernel: [    6.592346] wMaxPacketSize=40
Jul 10 13:11:27 vader-rover kernel: [    6.592346] bInterval=1
Jul 10 13:11:27 vader-rover kernel: [    6.592346] RT_usb_endpoint_is_int_in = 4, Interval = 1
Jul 10 13:11:27 vader-rover kernel: [    6.592346] nr_endpoint=4, in_num=2, out_num=2
Jul 10 13:11:27 vader-rover kernel: [    6.592346] 
Jul 10 13:11:27 vader-rover kernel: [    6.592346] USB_SPEED_HIGH
Jul 10 13:11:27 vader-rover kernel: [    6.592407] CHIP TYPE: RTL8188C_8192C
Jul 10 13:11:27 vader-rover kernel: [    6.592468] register rtw_netdev_ops to netdev_ops
Jul 10 13:11:27 vader-rover kernel: [    6.594573] Chip Version ID: VERSION_NORMAL_TSMC_CHIP_92C.
Jul 10 13:11:27 vader-rover kernel: [    6.594604] RF_Type is 2!!
Jul 10 13:11:27 vader-rover kernel: [    6.596679] EEPROM type is E-FUSE
Jul 10 13:11:27 vader-rover kernel: [    6.596710] ====> ReadAdapterInfo8192C
Jul 10 13:11:27 vader-rover kernel: [    6.599060] Boot from EFUSE, Autoload OK !
Jul 10 13:11:27 vader-rover kernel: [    6.615631] end_request: I/O error, dev mtdblock0, sector 0
Jul 10 13:11:27 vader-rover kernel: [    6.625183] Buffer I/O error on device mtdblock0, logical block 0
Jul 10 13:11:27 vader-rover kernel: [    6.743011] end_request: I/O error, dev mtdblock0, sector 0
Jul 10 13:11:27 vader-rover kernel: [    6.752502] Buffer I/O error on device mtdblock0, logical block 0
Jul 10 13:11:27 vader-rover kernel: [    6.863342] end_request: I/O error, dev mtdblock0, sector 0
Jul 10 13:11:27 vader-rover kernel: [    6.872802] Buffer I/O error on device mtdblock0, logical block 0
Jul 10 13:11:27 vader-rover kernel: [    6.931030] EEPROMVID = 0x0bda
Jul 10 13:11:27 vader-rover kernel: [    6.931030] EEPROMPID = 0x8178
Jul 10 13:11:27 vader-rover kernel: [    6.931060] EEPROMCustomerID : 0x00
Jul 10 13:11:27 vader-rover kernel: [    6.931060] EEPROMSubCustomerID: 0x00
Jul 10 13:11:27 vader-rover kernel: [    6.931060] RT_CustomerID: 0x00
Jul 10 13:11:27 vader-rover kernel: [    6.931091] _ReadMACAddress MAC Address from EFUSE = c0:4a:00:17:ff:56
Jul 10 13:11:27 vader-rover kernel: [    6.931091] EEPROMRegulatory = 0x0
Jul 10 13:11:27 vader-rover kernel: [    6.931091] _ReadBoardType(0)
Jul 10 13:11:27 vader-rover kernel: [    6.931121] BT Coexistance = disable
Jul 10 13:11:27 vader-rover kernel: [    6.931121] mlmepriv.ChannelPlan = 0x02
Jul 10 13:11:27 vader-rover kernel: [    6.931121] _ReadPSSetting...bHWPwrPindetect(0)-bHWPowerdown(0) ,bSupportRemoteWakeup(0)
Jul 10 13:11:27 vader-rover kernel: [    6.931121] ### PS params=>  power_mgnt(0),usbss_enable(0) ###
Jul 10 13:11:27 vader-rover kernel: [    6.931152] ### AntDivCfg(0)
Jul 10 13:11:27 vader-rover kernel: [    6.931152] readAdapterInfo_8192CU(): REPLACEMENT = 1
Jul 10 13:11:27 vader-rover kernel: [    6.931152] <==== ReadAdapterInfo8192C in 328 ms
Jul 10 13:11:27 vader-rover kernel: [    6.932373] rtw_macaddr_cfg MAC Address  = c0:4a:00:17:ff:56
Jul 10 13:11:27 vader-rover kernel: [    6.932403] bDriverStopped:1, bSurpriseRemoved:0, bup:0, hw_init_completed:0
Jul 10 13:11:27 vader-rover kernel: [    6.933410] _rtw_drv_register_netdev, MAC Address (if1) = c0:4a:00:17:ff:56
Jul 10 13:11:27 vader-rover kernel: [    6.940185] usbcore: registered new interface driver rtl8192cu
Jul 10 13:11:27 vader-rover kernel: [    6.971069] end_request: I/O error, dev mtdblock0, sector 0
Jul 10 13:11:27 vader-rover kernel: [    6.980529] Buffer I/O error on device mtdblock0, logical block 0
Jul 10 13:11:27 vader-rover kernel: [    7.020690] end_request: I/O error, dev mtdblock0, sector 0
Jul 10 13:11:27 vader-rover kernel: [    7.030212] Buffer I/O error on device mtdblock0, logical block 0
Jul 10 13:11:27 vader-rover kernel: [    7.085021] end_request: I/O error, dev mtdblock0, sector 0
Jul 10 13:11:27 vader-rover kernel: [    7.094573] Buffer I/O error on device mtdblock0, logical block 0
Jul 10 13:11:27 vader-rover kernel: [    7.140655] end_request: I/O error, dev mtdblock0, sector 0
Jul 10 13:11:27 vader-rover kernel: [    7.150207] Buffer I/O error on device mtdblock0, logical block 0
Jul 10 13:11:27 vader-rover kernel: [    7.194519] end_request: I/O error, dev mtdblock0, sector 0
Jul 10 13:11:27 vader-rover kernel: [    7.223907] end_request: I/O error, dev mtdblock0, sector 0
Jul 10 13:11:27 vader-rover kernel: [    7.248809] end_request: I/O error, dev mtdblock0, sector 0
Jul 10 13:11:27 vader-rover kernel: [    7.278839] ads7846 spi1.0: touchscreen, irq 210
Jul 10 13:11:27 vader-rover kernel: [    7.279113] ads7846 spi1.0: no device detected, test read result was 0x00000FFF
Jul 10 13:11:27 vader-rover kernel: [    7.281707] end_request: I/O error, dev mtdblock0, sector 0
Jul 10 13:11:27 vader-rover kernel: [    7.305053] end_request: I/O error, dev mtdblock0, sector 0
Jul 10 13:11:27 vader-rover kernel: [    7.330413] end_request: I/O error, dev mtdblock0, sector 0
Jul 10 13:11:27 vader-rover kernel: [    7.342529] Linux media interface: v0.10
Jul 10 13:11:27 vader-rover kernel: [    7.351409] end_request: I/O error, dev mtdblock0, sector 0
Jul 10 13:11:27 vader-rover kernel: [    7.376403] end_request: I/O error, dev mtdblock0, sector 8
Jul 10 13:11:27 vader-rover kernel: [    7.398742] end_request: I/O error, dev mtdblock0, sector 8
Jul 10 13:11:27 vader-rover kernel: [    7.413757] Linux video capture interface: v2.00
Jul 10 13:11:27 vader-rover kernel: [    7.426635] end_request: I/O error, dev mtdblock0, sector 8
Jul 10 13:11:27 vader-rover kernel: [    7.454498] end_request: I/O error, dev mtdblock0, sector 8
Jul 10 13:11:27 vader-rover kernel: [    7.479949] end_request: I/O error, dev mtdblock0, sector 24
Jul 10 13:11:27 vader-rover kernel: [    7.508605] end_request: I/O error, dev mtdblock0, sector 24
Jul 10 13:11:27 vader-rover kernel: [    7.535034] end_request: I/O error, dev mtdblock0, sector 24
Jul 10 13:11:27 vader-rover kernel: [    7.559051] end_request: I/O error, dev mtdblock0, sector 24
Jul 10 13:11:27 vader-rover kernel: [    7.583557] end_request: I/O error, dev mtdblock0, sector 56
Jul 10 13:11:27 vader-rover kernel: [    7.594299] omap3isp omap3isp: Revision 15.0 found
Jul 10 13:11:27 vader-rover kernel: [    7.602203] omap-iommu omap-iommu.0: isp: version 1.1
Jul 10 13:11:27 vader-rover kernel: [    7.604095] end_request: I/O error, dev mtdblock0, sector 56
Jul 10 13:11:27 vader-rover kernel: [    7.633056] end_request: I/O error, dev mtdblock0, sector 56
Jul 10 13:11:27 vader-rover kernel: [    7.662322] end_request: I/O error, dev mtdblock0, sector 56
Jul 10 13:11:27 vader-rover kernel: [    7.687561] end_request: I/O error, dev mtdblock0, sector 120
Jul 10 13:11:27 vader-rover kernel: [    7.697265] mt9v032 3-005c: Probing MT9V032 at address 0x5c
Jul 10 13:11:27 vader-rover kernel: [    7.701141] mt9v032 3-005c: MT9V032 power up failed
Jul 10 13:11:27 vader-rover kernel: [    7.709259] end_request: I/O error, dev mtdblock0, sector 120
Jul 10 13:11:27 vader-rover kernel: [    7.728393] end_request: I/O error, dev mtdblock0, sector 120
Jul 10 13:11:27 vader-rover kernel: [    7.750701] end_request: I/O error, dev mtdblock0, sector 120
Jul 10 13:11:27 vader-rover kernel: [    7.762023] lib80211: common routines for IEEE802.11 drivers
Jul 10 13:11:27 vader-rover kernel: [    7.762054] lib80211_crypt: registered algorithm 'NULL'
Jul 10 13:11:27 vader-rover kernel: [    7.777709] end_request: I/O error, dev mtdblock0, sector 0
Jul 10 13:11:27 vader-rover kernel: [    7.799041] end_request: I/O error, dev mtdblock0, sector 0
Jul 10 13:11:27 vader-rover kernel: [    7.827056] end_request: I/O error, dev mtdblock0, sector 8
Jul 10 13:11:27 vader-rover kernel: [    7.850311] end_request: I/O error, dev mtdblock0, sector 8
Jul 10 13:11:27 vader-rover kernel: [    7.870452] end_request: I/O error, dev mtdblock0, sector 24
Jul 10 13:11:27 vader-rover kernel: [    7.895111] end_request: I/O error, dev mtdblock0, sector 24
Jul 10 13:11:27 vader-rover kernel: [    7.921783] end_request: I/O error, dev mtdblock0, sector 56
Jul 10 13:11:27 vader-rover kernel: [    7.942535] isp_register_subdev_group: Unable to register subdev mt9v032
Jul 10 13:11:27 vader-rover kernel: [    7.952209] end_request: I/O error, dev mtdblock0, sector 56
Jul 10 13:11:27 vader-rover kernel: [    7.965026] end_request: I/O error, dev mtdblock0, sector 120
Jul 10 13:11:27 vader-rover kernel: [    7.981445] cfg80211: Calling CRDA to update world regulatory domain
Jul 10 13:11:27 vader-rover kernel: [    7.990325] end_request: I/O error, dev mtdblock0, sector 120
Jul 10 13:11:27 vader-rover kernel: [    8.019592] end_request: I/O error, dev mtdblock0, sector 0
Jul 10 13:11:27 vader-rover kernel: [    8.044372] end_request: I/O error, dev mtdblock0, sector 0
Jul 10 13:11:27 vader-rover kernel: [    8.071990] end_request: I/O error, dev mtdblock0, sector 0
Jul 10 13:11:27 vader-rover kernel: [    8.097747] end_request: I/O error, dev mtdblock0, sector 0
Jul 10 13:11:27 vader-rover kernel: [    8.116882] end_request: I/O error, dev mtdblock0, sector 0
Jul 10 13:11:27 vader-rover kernel: [    8.141693] end_request: I/O error, dev mtdblock0, sector 0
Jul 10 13:11:27 vader-rover kernel: [    8.164581] end_request: I/O error, dev mtdblock0, sector 64
Jul 10 13:11:27 vader-rover kernel: [    8.181823] libertas_sdio: Libertas SDIO driver
Jul 10 13:11:27 vader-rover kernel: [    8.181854] libertas_sdio: Copyright Pierre Ossman
Jul 10 13:11:27 vader-rover kernel: [    8.189788] end_request: I/O error, dev mtdblock0, sector 64
Jul 10 13:11:27 vader-rover kernel: [    8.214782] end_request: I/O error, dev mtdblock0, sector 64
Jul 10 13:11:27 vader-rover kernel: [    8.238677] end_request: I/O error, dev mtdblock0, sector 64
Jul 10 13:11:27 vader-rover kernel: [    8.261627] end_request: I/O error, dev mtdblock0, sector 64
Jul 10 13:11:27 vader-rover kernel: [    8.283935] end_request: I/O error, dev mtdblock0, sector 64
Jul 10 13:11:27 vader-rover kernel: [    8.307250] end_request: I/O error, dev mtdblock0, sector 64
Jul 10 13:11:27 vader-rover kernel: [    8.322662] end_request: I/O error, dev mtdblock0, sector 64
Jul 10 13:11:27 vader-rover kernel: [    8.338256] end_request: I/O error, dev mtdblock0, sector 64
Jul 10 13:11:27 vader-rover kernel: [    8.353912] end_request: I/O error, dev mtdblock0, sector 0
Jul 10 13:11:27 vader-rover kernel: [    8.368438] end_request: I/O error, dev mtdblock0, sector 0
Jul 10 13:11:27 vader-rover kernel: [    8.386108] end_request: I/O error, dev mtdblock0, sector 0
Jul 10 13:11:27 vader-rover kernel: [    8.407562] end_request: I/O error, dev mtdblock0, sector 0
Jul 10 13:11:27 vader-rover kernel: [    8.440460] end_request: I/O error, dev mtdblock0, sector 0
Jul 10 13:11:27 vader-rover kernel: [    8.475036] end_request: I/O error, dev mtdblock0, sector 16
Jul 10 13:11:27 vader-rover kernel: [    8.515106] end_request: I/O error, dev mtdblock0, sector 0
Jul 10 13:11:27 vader-rover kernel: [    8.549560] end_request: I/O error, dev mtdblock0, sector 0
Jul 10 13:11:27 vader-rover kernel: [    8.575073] end_request: I/O error, dev mtdblock0, sector 0
Jul 10 13:11:27 vader-rover kernel: [    8.589233] end_request: I/O error, dev mtdblock0, sector 0
Jul 10 13:11:27 vader-rover kernel: [    8.609832] end_request: I/O error, dev mtdblock0, sector 0
Jul 10 13:11:27 vader-rover kernel: [    8.627288] end_request: I/O error, dev mtdblock0, sector 0
Jul 10 13:11:27 vader-rover kernel: [    8.648345] end_request: I/O error, dev mtdblock0, sector 0
Jul 10 13:11:27 vader-rover kernel: [    8.665130] end_request: I/O error, dev mtdblock0, sector 0
Jul 10 13:11:27 vader-rover kernel: [    8.689788] end_request: I/O error, dev mtdblock0, sector 0
Jul 10 13:11:27 vader-rover kernel: [    8.705322] end_request: I/O error, dev mtdblock0, sector 0
Jul 10 13:11:27 vader-rover kernel: [    8.728851] end_request: I/O error, dev mtdblock0, sector 0
Jul 10 13:11:27 vader-rover kernel: [    8.745574] end_request: I/O error, dev mtdblock0, sector 0
Jul 10 13:11:27 vader-rover kernel: [    8.767944] end_request: I/O error, dev mtdblock0, sector 0
Jul 10 13:11:27 vader-rover kernel: [    8.785461] end_request: I/O error, dev mtdblock0, sector 0
Jul 10 13:11:27 vader-rover kernel: [    8.806243] end_request: I/O error, dev mtdblock0, sector 0
Jul 10 13:11:27 vader-rover kernel: [    8.821136] end_request: I/O error, dev mtdblock0, sector 0
Jul 10 13:11:27 vader-rover kernel: [    8.837402] end_request: I/O error, dev mtdblock0, sector 0
Jul 10 13:11:27 vader-rover kernel: [    8.853851] end_request: I/O error, dev mtdblock0, sector 0
Jul 10 13:11:27 vader-rover kernel: [    8.867279] end_request: I/O error, dev mtdblock0, sector 8
Jul 10 13:11:27 vader-rover kernel: [    8.891235] end_request: I/O error, dev mtdblock0, sector 0
Jul 10 13:11:27 vader-rover kernel: [    8.908599] end_request: I/O error, dev mtdblock0, sector 0
Jul 10 13:11:27 vader-rover kernel: [    8.925903] end_request: I/O error, dev mtdblock0, sector 0
Jul 10 13:11:27 vader-rover kernel: [    8.939819] end_request: I/O error, dev mtdblock0, sector 0
Jul 10 13:11:27 vader-rover kernel: [    9.297302] end_request: I/O error, dev mtdblock0, sector 0
Jul 10 13:11:27 vader-rover kernel: [    9.310546] end_request: I/O error, dev mtdblock0, sector 0
Jul 10 13:11:27 vader-rover kernel: [    9.325408] cdc_acm 1-2.6:1.0: usb_probe_interface
Jul 10 13:11:27 vader-rover kernel: [    9.325439] cdc_acm 1-2.6:1.0: usb_probe_interface - got id
Jul 10 13:11:27 vader-rover kernel: [    9.325469] cdc_acm 1-2.6:1.0: This device cannot do calls on its own. It is not a modem.
Jul 10 13:11:27 vader-rover kernel: [    9.335388] end_request: I/O error, dev mtdblock0, sector 0
Jul 10 13:11:27 vader-rover kernel: [    9.342773] end_request: I/O error, dev mtdblock0, sector 0
Jul 10 13:11:27 vader-rover kernel: [    9.361663] end_request: I/O error, dev mtdblock0, sector 0
Jul 10 13:11:27 vader-rover kernel: [    9.376983] end_request: I/O error, dev mtdblock0, sector 0
Jul 10 13:11:27 vader-rover kernel: [    9.397918] end_request: I/O error, dev mtdblock0, sector 0
Jul 10 13:11:27 vader-rover kernel: [    9.414489] end_request: I/O error, dev mtdblock0, sector 0
Jul 10 13:11:27 vader-rover kernel: [    9.432006] end_request: I/O error, dev mtdblock0, sector 0
Jul 10 13:11:27 vader-rover kernel: [    9.447021] end_request: I/O error, dev mtdblock0, sector 0
Jul 10 13:11:27 vader-rover kernel: [    9.466156] end_request: I/O error, dev mtdblock0, sector 0
Jul 10 13:11:27 vader-rover kernel: [    9.488372] end_request: I/O error, dev mtdblock0, sector 0
Jul 10 13:11:27 vader-rover kernel: [    9.510131] end_request: I/O error, dev mtdblock0, sector 0
Jul 10 13:11:27 vader-rover kernel: [    9.526428] end_request: I/O error, dev mtdblock0, sector 0
Jul 10 13:11:27 vader-rover kernel: [    9.549438] end_request: I/O error, dev mtdblock0, sector 0
Jul 10 13:11:27 vader-rover kernel: [    9.560943] end_request: I/O error, dev mtdblock0, sector 0
Jul 10 13:11:27 vader-rover kernel: [    9.576080] end_request: I/O error, dev mtdblock0, sector 0
Jul 10 13:11:27 vader-rover kernel: [    9.594604] end_request: I/O error, dev mtdblock0, sector 8
Jul 10 13:11:27 vader-rover kernel: [    9.609191] end_request: I/O error, dev mtdblock0, sector 8
Jul 10 13:11:27 vader-rover kernel: [    9.625122] end_request: I/O error, dev mtdblock0, sector 8
Jul 10 13:11:27 vader-rover kernel: [    9.639648] end_request: I/O error, dev mtdblock0, sector 8
Jul 10 13:11:27 vader-rover kernel: [    9.651184] end_request: I/O error, dev mtdblock0, sector 24
Jul 10 13:11:27 vader-rover kernel: [    9.666473] end_request: I/O error, dev mtdblock0, sector 24
Jul 10 13:11:27 vader-rover kernel: [    9.682006] end_request: I/O error, dev mtdblock0, sector 24
Jul 10 13:11:27 vader-rover kernel: [    9.695312] cdc_acm 1-2.6:1.0: ttyACM0: USB ACM device
Jul 10 13:11:27 vader-rover kernel: [    9.697723] end_request: I/O error, dev mtdblock0, sector 24
Jul 10 13:11:27 vader-rover kernel: [    9.713867] usbcore: registered new interface driver cdc_acm
Jul 10 13:11:27 vader-rover kernel: [    9.713897] cdc_acm: USB Abstract Control Model driver for USB modems and ISDN adapters
Jul 10 13:11:27 vader-rover kernel: [    9.718414] end_request: I/O error, dev mtdblock0, sector 56
Jul 10 13:11:27 vader-rover kernel: [    9.736511] end_request: I/O error, dev mtdblock0, sector 56
Jul 10 13:11:27 vader-rover kernel: [    9.752319] end_request: I/O error, dev mtdblock0, sector 56
Jul 10 13:11:27 vader-rover kernel: [    9.766204] end_request: I/O error, dev mtdblock0, sector 56
Jul 10 13:11:27 vader-rover kernel: [    9.782714] end_request: I/O error, dev mtdblock0, sector 120
Jul 10 13:11:27 vader-rover kernel: [    9.800994] end_request: I/O error, dev mtdblock0, sector 120
Jul 10 13:11:27 vader-rover kernel: [    9.815704] end_request: I/O error, dev mtdblock0, sector 120
Jul 10 13:11:27 vader-rover kernel: [    9.832763] end_request: I/O error, dev mtdblock0, sector 120
Jul 10 13:11:27 vader-rover kernel: [    9.852478] end_request: I/O error, dev mtdblock0, sector 0
Jul 10 13:11:27 vader-rover kernel: [    9.877258] end_request: I/O error, dev mtdblock0, sector 0
Jul 10 13:11:27 vader-rover kernel: [    9.898925] end_request: I/O error, dev mtdblock0, sector 8
Jul 10 13:11:27 vader-rover kernel: [    9.909667] end_request: I/O error, dev mtdblock0, sector 8
Jul 10 13:11:27 vader-rover kernel: [    9.918853] usbcore: registered new interface driver usbserial
Jul 10 13:11:27 vader-rover kernel: [    9.926605] end_request: I/O error, dev mtdblock0, sector 24
Jul 10 13:11:27 vader-rover kernel: [    9.937499] usbcore: registered new interface driver usbserial_generic
Jul 10 13:11:27 vader-rover kernel: [    9.940734] USB Serial support registered for generic
Jul 10 13:11:27 vader-rover kernel: [    9.940795] usbserial: USB Serial Driver core
Jul 10 13:11:27 vader-rover kernel: [    9.947631] end_request: I/O error, dev mtdblock0, sector 24
Jul 10 13:11:27 vader-rover kernel: [    9.962219] end_request: I/O error, dev mtdblock0, sector 56
Jul 10 13:11:27 vader-rover kernel: [    9.978881] end_request: I/O error, dev mtdblock0, sector 56
Jul 10 13:11:27 vader-rover kernel: [    9.998413] end_request: I/O error, dev mtdblock0, sector 120
Jul 10 13:11:27 vader-rover kernel: [   10.019531] end_request: I/O error, dev mtdblock0, sector 120
Jul 10 13:11:27 vader-rover kernel: [   10.033386] usbcore: registered new interface driver pl2303
Jul 10 13:11:27 vader-rover kernel: [   10.036590] end_request: I/O error, dev mtdblock0, sector 0
Jul 10 13:11:27 vader-rover kernel: [   10.050567] USB Serial support registered for pl2303
Jul 10 13:11:27 vader-rover kernel: [   10.050720] pl2303 1-2.7:1.0: usb_probe_interface
Jul 10 13:11:27 vader-rover kernel: [   10.050720] pl2303 1-2.7:1.0: usb_probe_interface - got id
Jul 10 13:11:27 vader-rover kernel: [   10.050781] pl2303 1-2.7:1.0: pl2303 converter detected
Jul 10 13:11:27 vader-rover kernel: [   10.057037] end_request: I/O error, dev mtdblock0, sector 0
Jul 10 13:11:27 vader-rover kernel: [   10.069885] end_request: I/O error, dev mtdblock0, sector 0
Jul 10 13:11:27 vader-rover kernel: [   10.088256] end_request: I/O error, dev mtdblock0, sector 0
Jul 10 13:11:27 vader-rover kernel: [   10.103881] end_request: I/O error, dev mtdblock0, sector 0
Jul 10 13:11:27 vader-rover kernel: [   10.118408] end_request: I/O error, dev mtdblock0, sector 0
Jul 10 13:11:27 vader-rover kernel: [   10.129547] end_request: I/O error, dev mtdblock0, sector 64
Jul 10 13:11:27 vader-rover kernel: [   10.148681] end_request: I/O error, dev mtdblock0, sector 64
Jul 10 13:11:27 vader-rover kernel: [   10.159149] usbcore: registered new interface driver ftdi_sio
Jul 10 13:11:27 vader-rover kernel: [   10.166381] end_request: I/O error, dev mtdblock0, sector 64
Jul 10 13:11:27 vader-rover kernel: [   10.174407] USB Serial support registered for FTDI USB Serial Device
Jul 10 13:11:27 vader-rover kernel: [   10.174682] ftdi_sio 1-2.5:1.0: usb_probe_interface
Jul 10 13:11:27 vader-rover kernel: [   10.174713] ftdi_sio 1-2.5:1.0: usb_probe_interface - got id
Jul 10 13:11:27 vader-rover kernel: [   10.174743] ftdi_sio 1-2.5:1.0: FTDI USB Serial Device converter detected
Jul 10 13:11:27 vader-rover kernel: [   10.181610] end_request: I/O error, dev mtdblock0, sector 64
Jul 10 13:11:27 vader-rover kernel: [   10.204315] end_request: I/O error, dev mtdblock0, sector 64
Jul 10 13:11:27 vader-rover kernel: [   10.212493] usb 1-2.7: pl2303 converter now attached to ttyUSB0
Jul 10 13:11:27 vader-rover kernel: [   10.213439] usb 1-2.5: Detected FT232RL
Jul 10 13:11:27 vader-rover kernel: [   10.213439] usb 1-2.5: Number of endpoints 2
Jul 10 13:11:27 vader-rover kernel: [   10.213470] usb 1-2.5: Endpoint 1 MaxPacketSize 64
Jul 10 13:11:27 vader-rover kernel: [   10.213470] usb 1-2.5: Endpoint 2 MaxPacketSize 64
Jul 10 13:11:27 vader-rover kernel: [   10.213500] usb 1-2.5: Setting MaxPacketSize 64
Jul 10 13:11:27 vader-rover kernel: [   10.221099] end_request: I/O error, dev mtdblock0, sector 64
Jul 10 13:11:27 vader-rover kernel: [   10.235290] end_request: I/O error, dev mtdblock0, sector 64
Jul 10 13:11:27 vader-rover kernel: [   10.246582] usb 1-2.5: FTDI USB Serial Device converter now attached to ttyUSB1
Jul 10 13:11:27 vader-rover kernel: [   10.248931] ftdi_sio: v1.6.0:USB FTDI Serial Converters Driver
Jul 10 13:11:27 vader-rover kernel: [   10.257080] end_request: I/O error, dev mtdblock0, sector 64
Jul 10 13:11:27 vader-rover kernel: [   10.280609] end_request: I/O error, dev mtdblock0, sector 64
Jul 10 13:11:27 vader-rover kernel: [   10.297912] end_request: I/O error, dev mtdblock0, sector 0
Jul 10 13:11:27 vader-rover kernel: [   10.322662] end_request: I/O error, dev mtdblock0, sector 0
Jul 10 13:11:27 vader-rover kernel: [   10.339996] end_request: I/O error, dev mtdblock0, sector 0
Jul 10 13:11:27 vader-rover kernel: [   10.366668] end_request: I/O error, dev mtdblock0, sector 0
Jul 10 13:11:27 vader-rover kernel: [   10.390716] end_request: I/O error, dev mtdblock0, sector 0
Jul 10 13:11:27 vader-rover kernel: [   10.416870] end_request: I/O error, dev mtdblock0, sector 16
Jul 10 13:11:27 vader-rover kernel: [   10.435089] end_request: I/O error, dev mtdblock0, sector 0
Jul 10 13:11:27 vader-rover kernel: [   10.452301] end_request: I/O error, dev mtdblock0, sector 0
Jul 10 13:11:27 vader-rover kernel: [   10.473571] end_request: I/O error, dev mtdblock0, sector 0
Jul 10 13:11:27 vader-rover kernel: [   10.489318] end_request: I/O error, dev mtdblock0, sector 0
Jul 10 13:11:27 vader-rover kernel: [   10.510131] end_request: I/O error, dev mtdblock0, sector 0
Jul 10 13:11:27 vader-rover kernel: [   10.526672] end_request: I/O error, dev mtdblock0, sector 0
Jul 10 13:11:27 vader-rover kernel: [   10.546997] end_request: I/O error, dev mtdblock0, sector 0
Jul 10 13:11:27 vader-rover kernel: [   10.562988] end_request: I/O error, dev mtdblock0, sector 0
Jul 10 13:11:27 vader-rover kernel: [   10.580444] end_request: I/O error, dev mtdblock0, sector 0
Jul 10 13:11:27 vader-rover kernel: [   10.601623] end_request: I/O error, dev mtdblock0, sector 0
Jul 10 13:11:27 vader-rover kernel: [   10.620880] end_request: I/O error, dev mtdblock0, sector 0
Jul 10 13:11:27 vader-rover kernel: [   10.643371] end_request: I/O error, dev mtdblock0, sector 0
Jul 10 13:11:27 vader-rover kernel: [   10.658538] end_request: I/O error, dev mtdblock0, sector 0
Jul 10 13:11:27 vader-rover kernel: [   10.677398] end_request: I/O error, dev mtdblock0, sector 0
Jul 10 13:11:27 vader-rover kernel: [   10.697601] end_request: I/O error, dev mtdblock0, sector 0
Jul 10 13:11:27 vader-rover kernel: [   10.712799] end_request: I/O error, dev mtdblock0, sector 0
Jul 10 13:11:27 vader-rover kernel: [   10.736694] end_request: I/O error, dev mtdblock0, sector 0
Jul 10 13:11:27 vader-rover kernel: [   10.747711] end_request: I/O error, dev mtdblock0, sector 0
Jul 10 13:11:27 vader-rover kernel: [   10.766021] end_request: I/O error, dev mtdblock0, sector 8
Jul 10 13:11:27 vader-rover kernel: [   10.792572] end_request: I/O error, dev mtdblock0, sector 0
Jul 10 13:11:27 vader-rover kernel: [   10.826873] end_request: I/O error, dev mtdblock0, sector 0
Jul 10 13:11:27 vader-rover kernel: [   10.853363] end_request: I/O error, dev mtdblock0, sector 0
Jul 10 13:11:27 vader-rover kernel: [   10.892089] end_request: I/O error, dev mtdblock0, sector 0
Jul 10 13:11:27 vader-rover kernel: [   13.166961] NET: Registered protocol family 10
Jul 10 13:11:27 vader-rover avahi-daemon[491]: Found user 'avahi' (UID 107) and group 'avahi' (GID 112).
Jul 10 13:11:27 vader-rover avahi-daemon[491]: Successfully dropped root privileges.
Jul 10 13:11:27 vader-rover avahi-daemon[491]: avahi-daemon 0.6.30 starting up.
Jul 10 13:11:27 vader-rover avahi-daemon[491]: Successfully called chroot().
Jul 10 13:11:27 vader-rover avahi-daemon[491]: Successfully dropped remaining capabilities.
Jul 10 13:11:27 vader-rover avahi-daemon[491]: No service file found in /etc/avahi/services.
Jul 10 13:11:27 vader-rover avahi-daemon[491]: Network interface enumeration completed.
Jul 10 13:11:27 vader-rover avahi-daemon[491]: Registering HINFO record with values 'ARMV7L'/'LINUX'.
Jul 10 13:11:28 vader-rover avahi-daemon[491]: Server startup complete. Host name is vader-rover.local. Local service cookie is 947058496.
Jul 10 13:11:28 vader-rover kernel: [   13.927551] +871x_drv - drv_open, bup=0
Jul 10 13:11:28 vader-rover kernel: [   13.932769]  ===> FirmwareDownload91C() fw:Rtl819XFwImageArray_TSMC
Jul 10 13:11:28 vader-rover kernel: [   13.932800] FirmwareDownload92C accquire FW from embedded image
Jul 10 13:11:28 vader-rover kernel: [   13.932800] fw_ver=v88, fw_subver=2, sig=0x88c0
Jul 10 13:11:28 vader-rover kernel: [   13.976257] fw download ok!
Jul 10 13:11:28 vader-rover kernel: [   13.976287] Set RF Chip ID to RF_6052 and RF type to 2.
Jul 10 13:11:28 vader-rover kernel: [   14.399841] IQK:Start!!!
Jul 10 13:11:28 vader-rover kernel: [   14.414215] Path A IQK Success!!
Jul 10 13:11:28 vader-rover kernel: [   14.419982] Path B IQK Success!!
Jul 10 13:11:28 vader-rover kernel: [   14.431671] Path A IQK Success!!
Jul 10 13:11:28 vader-rover kernel: [   14.438842] Path B IQK Success!!
Jul 10 13:11:28 vader-rover kernel: [   14.452850] Path A IQK Success!!
Jul 10 13:11:28 vader-rover kernel: [   14.459106] Path B IQK Success!!
Jul 10 13:11:28 vader-rover kernel: [   14.465972] IQK: final_candidate is 1
Jul 10 13:11:28 vader-rover kernel: [   14.465972] IQK: RegE94=fe RegE9C=3ff RegEA4=f9 RegEAC=3fd RegEB4=102 RegEBC=b RegEC4=f9 RegECC=1
Jul 10 13:11:28 vader-rover kernel: [   14.465972]  Path A IQ Calibration Success !
Jul 10 13:11:28 vader-rover kernel: [   14.468353] Path B IQ Calibration Success !
Jul 10 13:11:28 vader-rover kernel: [   14.586364] pdmpriv->TxPowerTrackControl = 1
Jul 10 13:11:28 vader-rover kernel: [   14.592590] rtl8192cu_hal_init in 664ms
Jul 10 13:11:28 vader-rover kernel: [   14.611602] MAC Address = c0:4a:00:17:ff:56
Jul 10 13:11:28 vader-rover kernel: [   14.613769] -871x_drv - drv_open, bup=1
Jul 10 13:11:28 vader-rover kernel: [   14.614105] IPv6: ADDRCONF(NETDEV_UP): wlan1: link is not ready
Jul 10 13:11:28 vader-rover kernel: [   14.614166] [rtw_wx_set_pmkid] IW_PMKSA_FLUSH!
Jul 10 13:11:28 vader-rover kernel: [   14.614227] set_mode = IW_MODE_INFRA
Jul 10 13:11:28 vader-rover kernel: [   14.618896] hw_var_set_opmode()-4234 mode = 2
Jul 10 13:11:28 vader-rover kernel: [   14.647247] [rtw_wx_set_pmkid] IW_PMKSA_FLUSH!
Jul 10 13:11:28 vader-rover kernel: [   14.747802] IW_SCAN_THIS_ESSID, ssid=PAL3.0, len=6
Jul 10 13:11:29 vader-rover dhclient: DHCPDISCOVER on wlan1 to 255.255.255.255 port 67 interval 3
Jul 10 13:11:29 vader-rover kernel: [   14.958770] libertas_sdio mmc1:0001:1: (unregistered net_device): 00:19:88:25:91:f6, fw 9.70.3p36, cap 0x00000303
Jul 10 13:11:29 vader-rover kernel: [   14.968170] libertas_sdio mmc1:0001:1: wlan0: Marvell WLAN 802.11 adapter
Jul 10 13:11:30 vader-rover kernel: [   16.008117] survey done event(36) band:0 for wlan1
Jul 10 13:11:30 vader-rover kernel: [   16.012023] wpa_set_auth_algs, AUTH_ALG_OPEN_SYSTEM
Jul 10 13:11:30 vader-rover kernel: [   16.012084] set_mode = IW_MODE_INFRA
Jul 10 13:11:30 vader-rover kernel: [   16.012451] 
Jul 10 13:11:30 vader-rover kernel: [   16.012451]  wpa_ie(length:22):
Jul 10 13:11:30 vader-rover kernel: [   16.012451] 0x30 0x14 0x01 0x00 0x00 0x0f 0xac 0x04 
Jul 10 13:11:30 vader-rover kernel: [   16.012481] 0x01 0x00 0x00 0x0f 0xac 0x04 0x01 0x00 
Jul 10 13:11:30 vader-rover kernel: [   16.012481] 0x00 0x0f 0xac 0x01 0x00 0x00 0x00 0x00 
Jul 10 13:11:30 vader-rover kernel: [   16.013580] hw_var_set_opmode()-4234 mode = 2
Jul 10 13:11:30 vader-rover kernel: [   16.014923] SetHwReg8192CU, 5130, RCR= 700060ca 
Jul 10 13:11:30 vader-rover kernel: [   16.015167] =>rtw_wx_set_essid
Jul 10 13:11:30 vader-rover kernel: [   16.015167] ssid=PAL3.0, len=6
Jul 10 13:11:30 vader-rover kernel: [   16.015197] Set SSID under fw_state=0x00000008
Jul 10 13:11:30 vader-rover kernel: [   16.015228] [by_bssid:0][assoc_ssid:PAL3.0][to_roaming:0] new candidate: PAL3.0(f0:25:72:7d:10:20, ch1) rssi:-78
Jul 10 13:11:30 vader-rover kernel: [   16.015228] [by_bssid:0][assoc_ssid:PAL3.0][to_roaming:0] new candidate: PAL3.0(f0:25:72:7d:1a:70, ch11) rssi:-58
Jul 10 13:11:30 vader-rover kernel: [   16.015258] rtw_select_and_join_from_scanned_queue: candidate: PAL3.0(f0:25:72:7d:1a:70, ch:11)
Jul 10 13:11:30 vader-rover kernel: [   16.015289] link to Cisco AP
Jul 10 13:11:30 vader-rover kernel: [   16.015319] <=rtw_wx_set_essid, ret 0
Jul 10 13:11:30 vader-rover kernel: [   16.015533] Set BSSID under fw_state=0x00000088
Jul 10 13:11:30 vader-rover kernel: [   16.015747] start_join_set_ch_bw: ch=11, bwmode=0, ch_offset=0
Jul 10 13:11:30 vader-rover kernel: [   16.078308] link to Cisco AP
Jul 10 13:11:30 vader-rover kernel: [   16.082702] OnAuthClient
Jul 10 13:11:30 vader-rover kernel: [   16.082733] network.SupportedRates[0]=8C
Jul 10 13:11:30 vader-rover kernel: [   16.082733] network.SupportedRates[1]=12
Jul 10 13:11:30 vader-rover kernel: [   16.082733] network.SupportedRates[2]=18
Jul 10 13:11:30 vader-rover kernel: [   16.082763] network.SupportedRates[3]=24
Jul 10 13:11:30 vader-rover kernel: [   16.082763] network.SupportedRates[4]=30
Jul 10 13:11:30 vader-rover kernel: [   16.082763] network.SupportedRates[5]=48
Jul 10 13:11:30 vader-rover kernel: [   16.082763] network.SupportedRates[6]=60
Jul 10 13:11:30 vader-rover kernel: [   16.082794] network.SupportedRates[7]=6C
Jul 10 13:11:30 vader-rover kernel: [   16.082794] bssrate_len = 8
Jul 10 13:11:30 vader-rover kernel: [   16.082794] declare supporting RX STBC
Jul 10 13:11:30 vader-rover kernel: [   16.087005] OnAssocRsp
Jul 10 13:11:30 vader-rover kernel: [   16.087036] report_join_res(2)
Jul 10 13:11:30 vader-rover kernel: [   16.087066] rtw_joinbss_update_network
Jul 10 13:11:30 vader-rover kernel: [   16.087066] +rtw_update_ht_cap()
Jul 10 13:11:30 vader-rover kernel: [   16.087097] rtw_joinbss_update_stainfo
Jul 10 13:11:30 vader-rover kernel: [   16.087432] IPv6: ADDRCONF(NETDEV_CHANGE): wlan1: link becomes ready
Jul 10 13:11:30 vader-rover kernel: [   16.090026] HW_VAR_BASIC_RATE: BrateCfg(0x15d)
Jul 10 13:11:30 vader-rover kernel: [   16.093322] WMM(0): 0, a42b
Jul 10 13:11:30 vader-rover kernel: [   16.093597] WMM(1): 0, a44f
Jul 10 13:11:30 vader-rover kernel: [   16.093872] WMM(2): 0, 5e4322
Jul 10 13:11:30 vader-rover kernel: [   16.094146] WMM(3): 0, 2f3222
Jul 10 13:11:30 vader-rover kernel: [   16.094146] HTOnAssocRsp
Jul 10 13:11:30 vader-rover kernel: [   16.111907] update raid entry, mask=0x1ffffff0, arg=0xa0
Jul 10 13:11:30 vader-rover kernel: [   16.120300] rtl8192c_set_FwJoinBssReport_cmd mstatus(1)
Jul 10 13:11:30 vader-rover kernel: [   16.122161] SetFwRsvdPagePkt
Jul 10 13:11:30 vader-rover kernel: [   16.122222] Set RSVD page location to Fw.
Jul 10 13:11:30 vader-rover kernel: [   16.124603] =>mlmeext_joinbss_event_callback
Jul 10 13:11:30 vader-rover kernel: [   16.242675] [rtw_wx_set_pmkid] IW_PMKSA_ADD!
Jul 10 13:11:30 vader-rover kernel: [   16.242706] [rtw_wx_set_pmkid] Use the new entry index = 0 for this PMKID.
Jul 10 13:11:30 vader-rover kernel: [   16.256530] 
Jul 10 13:11:30 vader-rover kernel: [   16.256530]  ~~~~stastakey:unicastkey
Jul 10 13:11:30 vader-rover kernel: [   16.256652]  ~~~~set sta key:groupkey
Jul 10 13:11:30 vader-rover kernel: [   16.256683] ==> rtw_set_key algorithm(4),keyid(2),key_mask(0)
Jul 10 13:11:30 vader-rover kernel: [   16.264007] SetHwReg8192CU, 5126, RCR= 700060ce 
Jul 10 13:11:31 vader-rover avahi-daemon[491]: Joining mDNS multicast group on interface wlan1.IPv6 with address fe80::c24a:ff:fe17:ff56.
Jul 10 13:11:31 vader-rover avahi-daemon[491]: New relevant interface wlan1.IPv6 for mDNS.
Jul 10 13:11:31 vader-rover avahi-daemon[491]: Registering new address record for fe80::c24a:ff:fe17:ff56 on wlan1.*.
Jul 10 13:11:32 vader-rover dhclient: DHCPDISCOVER on wlan1 to 255.255.255.255 port 67 interval 7
Jul 10 13:11:39 vader-rover dhclient: DHCPDISCOVER on wlan1 to 255.255.255.255 port 67 interval 12
Jul 10 13:11:40 vader-rover dhclient: DHCPREQUEST of 10.184.71.162 on wlan1 to 255.255.255.255 port 67
Jul 10 13:11:40 vader-rover dhclient: DHCPOFFER of 10.184.71.162 from 10.184.64.1
Jul 10 13:11:40 vader-rover kernel: [   26.621704] OnAction_back
Jul 10 13:11:40 vader-rover kernel: [   26.621734] OnAction_back, action=0
Jul 10 13:11:40 vader-rover kernel: [   26.621734] issue_action_BA, category=3, action=1, status=0
Jul 10 13:11:40 vader-rover dhclient: DHCPACK of 10.184.71.162 from 10.184.64.1
Jul 10 13:11:40 vader-rover avahi-daemon[491]: Joining mDNS multicast group on interface wlan1.IPv4 with address 10.184.71.162.
Jul 10 13:11:40 vader-rover avahi-daemon[491]: New relevant interface wlan1.IPv4 for mDNS.
Jul 10 13:11:40 vader-rover avahi-daemon[491]: Registering new address record for 10.184.71.162 on wlan1.IPv4.
Jul 10 13:11:41 vader-rover dhclient: bound to 10.184.71.162 -- renewal in 750 seconds.
Jul 10 13:11:43 vader-rover anacron[721]: Anacron 2.3 started on 2014-07-10
Jul 10 13:11:43 vader-rover cron[698]: (CRON) INFO (pidfile fd = 3)
Jul 10 13:11:43 vader-rover anacron[721]: Will run job `cron.daily' in 5 min.
Jul 10 13:11:43 vader-rover anacron[721]: Jobs will be executed sequentially
Jul 10 13:11:43 vader-rover kernel: [   29.081817] GPIO Event Monitor 0.1 Compiled: Jan 13 2014 at 15:50:49
Jul 10 13:11:43 vader-rover cron[725]: (CRON) STARTUP (fork ok)
Jul 10 13:11:43 vader-rover cron[725]: (CRON) INFO (Running @reboot jobs)
Jul 10 13:11:43 vader-rover dbus[471]: [system] Activating service name='org.freedesktop.ConsoleKit' (using servicehelper)
Jul 10 13:11:43 vader-rover kernel: [   29.333709] pwm: frequency=50 Hz servo=1 servo_min = 10000 servo_max = 20000
Jul 10 13:11:43 vader-rover noip2[749]: v2.1.9 daemon started with NAT enabled
Jul 10 13:11:43 vader-rover noip2[749]: vader-rover.no-ip.biz was already set to 128.211.166.1.
Jul 10 13:11:44 vader-rover dbus[471]: [system] Activating service name='org.freedesktop.PolicyKit1' (using servicehelper)
Jul 10 13:11:44 vader-rover ntpd[844]: ntpd 4.2.6p3@1.2290 Tue Mar  6 15:10:33 UTC 2012 (1)
Jul 10 13:11:44 vader-rover ntpd[848]: proto: precision = 30.517 usec
Jul 10 13:11:44 vader-rover ntpd[848]: ntp_io: estimated max descriptors: 1024, initial socket boundary: 16
Jul 10 13:11:44 vader-rover ntpd[848]: unable to bind to wildcard address 0.0.0.0 - another process may be running - EXITING
Jul 10 13:11:44 vader-rover polkitd[846]: started daemon version 0.104 using authority implementation `local' version `0.104'
Jul 10 13:11:44 vader-rover dbus[471]: [system] Successfully activated service 'org.freedesktop.PolicyKit1'
Jul 10 13:11:44 vader-rover dbus[471]: [system] Successfully activated service 'org.freedesktop.ConsoleKit'
Jul 10 13:11:55 vader-rover ntpdate[667]: step time server 64.132.226.3 offset -1.931265 sec
Jul 10 13:11:55 vader-rover ntpd[1014]: ntpd 4.2.6p3@1.2290 Tue Mar  6 15:10:33 UTC 2012 (1)
Jul 10 13:11:55 vader-rover ntpd[1015]: proto: precision = 30.517 usec
Jul 10 13:11:55 vader-rover ntpd[1015]: ntp_io: estimated max descriptors: 1024, initial socket boundary: 16
Jul 10 13:11:55 vader-rover ntpd[1015]: Listen and drop on 0 v4wildcard 0.0.0.0 UDP 123
Jul 10 13:11:55 vader-rover ntpd[1015]: Listen and drop on 1 v6wildcard :: UDP 123
Jul 10 13:11:55 vader-rover ntpd[1015]: Listen normally on 2 lo 127.0.0.1 UDP 123
Jul 10 13:11:55 vader-rover ntpd[1015]: Listen normally on 3 wlan1 10.184.71.162 UDP 123
Jul 10 13:11:55 vader-rover ntpd[1015]: Listen normally on 4 wlan1 fe80::c24a:ff:fe17:ff56 UDP 123
Jul 10 13:11:55 vader-rover ntpd[1015]: Listen normally on 5 lo ::1 UDP 123
Jul 10 13:11:55 vader-rover ntpd[1015]: peers refreshed
Jul 10 13:11:55 vader-rover ntpd[1015]: Listening on routing socket on fd #22 for interface updates
Jul 10 13:17:00 vader-rover kernel: imklog 5.8.6, log source = /proc/kmsg started.
Jul 10 13:17:00 vader-rover rsyslogd: [origin software="rsyslogd" swVersion="5.8.6" x-pid="473" x-info="http://www.rsyslog.com"] start
Jul 10 13:17:00 vader-rover rsyslogd: rsyslogd's groupid changed to 103
Jul 10 13:17:00 vader-rover rsyslogd: rsyslogd's userid changed to 101
Jul 10 13:17:00 vader-rover rsyslogd-2039: Could not open output pipe '/dev/xconsole' [try http://www.rsyslog.com/e/2039 ]
Jul 10 13:17:00 vader-rover kernel: [    0.000000] Booting Linux on physical CPU 0
Jul 10 13:17:00 vader-rover kernel: [    0.000000] Initializing cgroup subsys cpuset
Jul 10 13:17:00 vader-rover kernel: [    0.000000] Initializing cgroup subsys cpu
Jul 10 13:17:00 vader-rover kernel: [    0.000000] Linux version 3.5.0-2-linaro-omap (adam@pine) (gcc version 4.6.3 (Ubuntu/Linaro 4.6.3-1ubuntu5) ) #2~ci+121210190143 PREEMPT Mon Dec 10 11:03:27 PST 2012
Jul 10 13:17:00 vader-rover kernel: [    0.000000] CPU: ARMv7 Processor [413fc082] revision 2 (ARMv7), cr=10c53c7d
Jul 10 13:17:00 vader-rover kernel: [    0.000000] CPU: PIPT / VIPT nonaliasing data cache, VIPT aliasing instruction cache
Jul 10 13:17:00 vader-rover kernel: [    0.000000] Machine: Gumstix Overo
Jul 10 13:17:00 vader-rover kernel: [    0.000000] Reserving 12582912 bytes SDRAM for VRAM
Jul 10 13:17:00 vader-rover kernel: [    0.000000] Memory policy: ECC disabled, Data cache writeback
Jul 10 13:17:00 vader-rover kernel: [    0.000000] On node 0 totalpages: 127744
Jul 10 13:17:00 vader-rover kernel: [    0.000000] free_area_init_node: node 0, pgdat c070b85c, node_mem_map c07a7000
Jul 10 13:17:00 vader-rover kernel: [    0.000000]   Normal zone: 1024 pages used for memmap
Jul 10 13:17:00 vader-rover kernel: [    0.000000]   Normal zone: 0 pages reserved
Jul 10 13:17:00 vader-rover kernel: [    0.000000]   Normal zone: 126720 pages, LIFO batch:31
Jul 10 13:17:00 vader-rover kernel: [    0.000000] OMAP3630 ES1.2 (l2cache iva sgx neon isp 192mhz_clk )
Jul 10 13:17:00 vader-rover kernel: [    0.000000] Clocking rate (Crystal/Core/MPU): 26.0/332/600 MHz
Jul 10 13:17:00 vader-rover kernel: [    0.000000] pcpu-alloc: s0 r0 d32768 u32768 alloc=1*32768
Jul 10 13:17:00 vader-rover kernel: [    0.000000] pcpu-alloc: [0] 0 
Jul 10 13:17:00 vader-rover kernel: [    0.000000] Built 1 zonelists in Zone order, mobility grouping on.  Total pages: 126720
Jul 10 13:17:00 vader-rover kernel: [    0.000000] Kernel command line: console=tty0 console=ttyO2,115200n8 root=/dev/mmcblk0p2 rootwait ro earlyprintk mpurate=720 vram=12M omapdss.def_disp=dvi omapfb.mode=dvi:1024x768MR-16@60
Jul 10 13:17:00 vader-rover kernel: [    0.000000] PID hash table entries: 2048 (order: 1, 8192 bytes)
Jul 10 13:17:00 vader-rover kernel: [    0.000000] Dentry cache hash table entries: 65536 (order: 6, 262144 bytes)
Jul 10 13:17:00 vader-rover kernel: [    0.000000] Inode-cache hash table entries: 32768 (order: 5, 131072 bytes)
Jul 10 13:17:00 vader-rover kernel: [    0.000000] allocated 1048576 bytes of page_cgroup
Jul 10 13:17:00 vader-rover kernel: [    0.000000] please try 'cgroup_disable=memory' option if you don't want memory cgroups
Jul 10 13:17:00 vader-rover kernel: [    0.000000] Memory: 499MB = 499MB total
Jul 10 13:17:00 vader-rover kernel: [    0.000000] Memory: 496084k/496084k available, 28204k reserved, 0K highmem
Jul 10 13:17:00 vader-rover kernel: [    0.000000] Virtual kernel memory layout:
Jul 10 13:17:00 vader-rover kernel: [    0.000000]     vector  : 0xffff0000 - 0xffff1000   (   4 kB)
Jul 10 13:17:00 vader-rover kernel: [    0.000000]     fixmap  : 0xfff00000 - 0xfffe0000   ( 896 kB)
Jul 10 13:17:00 vader-rover kernel: [    0.000000]     vmalloc : 0xe0800000 - 0xff000000   ( 488 MB)
Jul 10 13:17:00 vader-rover kernel: [    0.000000]     lowmem  : 0xc0000000 - 0xe0000000   ( 512 MB)
Jul 10 13:17:00 vader-rover kernel: [    0.000000]     pkmap   : 0xbfe00000 - 0xc0000000   (   2 MB)
Jul 10 13:17:00 vader-rover kernel: [    0.000000]     modules : 0xbf000000 - 0xbfe00000   (  14 MB)
Jul 10 13:17:00 vader-rover kernel: [    0.000000]       .text : 0xc0008000 - 0xc067abfc   (6603 kB)
Jul 10 13:17:00 vader-rover kernel: [    0.000000]       .init : 0xc067b000 - 0xc06b2000   ( 220 kB)
Jul 10 13:17:00 vader-rover kernel: [    0.000000]       .data : 0xc06b2000 - 0xc071b268   ( 421 kB)
Jul 10 13:17:00 vader-rover kernel: [    0.000000]        .bss : 0xc071b28c - 0xc07a6020   ( 556 kB)
Jul 10 13:17:00 vader-rover kernel: [    0.000000] NR_IRQS:474
Jul 10 13:17:00 vader-rover kernel: [    0.000000] IRQ: Found an INTC at 0xfa200000 (revision 4.0) with 96 interrupts
Jul 10 13:17:00 vader-rover kernel: [    0.000000] Total of 96 interrupts on 1 active controller
Jul 10 13:17:00 vader-rover kernel: [    0.000000] OMAP clockevent source: GPTIMER1 at 32768 Hz
Jul 10 13:17:00 vader-rover kernel: [    0.000000] sched_clock: 32 bits at 32kHz, resolution 30517ns, wraps every 131071999ms
Jul 10 13:17:00 vader-rover kernel: [    0.000000] OMAP clocksource: 32k_counter at 32768 Hz
Jul 10 13:17:00 vader-rover kernel: [    0.000000] Console: colour dummy device 80x30
Jul 10 13:17:00 vader-rover kernel: [    0.000000] console [tty0] enabled
Jul 10 13:17:00 vader-rover kernel: [    0.000976] Calibrating delay loop... 597.64 BogoMIPS (lpj=2334720)
Jul 10 13:17:00 vader-rover kernel: [    0.039093] pid_max: default: 32768 minimum: 301
Jul 10 13:17:00 vader-rover kernel: [    0.039306] Security Framework initialized
Jul 10 13:17:00 vader-rover kernel: [    0.039428] Mount-cache hash table entries: 512
Jul 10 13:17:00 vader-rover kernel: [    0.040222] Initializing cgroup subsys debug
Jul 10 13:17:00 vader-rover kernel: [    0.040283] Initializing cgroup subsys cpuacct
Jul 10 13:17:00 vader-rover kernel: [    0.040283] Initializing cgroup subsys memory
Jul 10 13:17:00 vader-rover kernel: [    0.040374] Initializing cgroup subsys devices
Jul 10 13:17:00 vader-rover kernel: [    0.040405] Initializing cgroup subsys freezer
Jul 10 13:17:00 vader-rover kernel: [    0.040405] Initializing cgroup subsys perf_event
Jul 10 13:17:00 vader-rover kernel: [    0.040557] CPU: Testing write buffer coherency: ok
Jul 10 13:17:00 vader-rover kernel: [    0.040893] Setting up static identity map for 0x8046ea98 - 0x8046eaf0
Jul 10 13:17:00 vader-rover kernel: [    0.046020] devtmpfs: initialized
Jul 10 13:17:00 vader-rover kernel: [    0.050872] dummy: 
Jul 10 13:17:00 vader-rover kernel: [    0.051300] NET: Registered protocol family 16
Jul 10 13:17:00 vader-rover kernel: [    0.051727] GPMC revision 5.0
Jul 10 13:17:00 vader-rover kernel: [    0.051788] gpmc: irq-20 could not claim: err -22
Jul 10 13:17:00 vader-rover kernel: [    0.053497] gpiochip_add: registered GPIOs 0 to 31 on device: gpio
Jul 10 13:17:00 vader-rover kernel: [    0.053588] OMAP GPIO hardware version 2.5
Jul 10 13:17:00 vader-rover kernel: [    0.053833] gpiochip_add: registered GPIOs 32 to 63 on device: gpio
Jul 10 13:17:00 vader-rover kernel: [    0.054107] gpiochip_add: registered GPIOs 64 to 95 on device: gpio
Jul 10 13:17:00 vader-rover kernel: [    0.054382] gpiochip_add: registered GPIOs 96 to 127 on device: gpio
Jul 10 13:17:00 vader-rover kernel: [    0.054779] gpiochip_add: registered GPIOs 128 to 159 on device: gpio
Jul 10 13:17:00 vader-rover kernel: [    0.055084] gpiochip_add: registered GPIOs 160 to 191 on device: gpio
Jul 10 13:17:00 vader-rover kernel: [    0.056030] omap_mux_init: Add partition: #1: core, flags: 0
Jul 10 13:17:00 vader-rover kernel: [    0.061004] _omap_mux_get_by_name: Could not find signal uart4_rx.uart4_rx
Jul 10 13:17:00 vader-rover kernel: [    0.066894] Reprogramming SDRC clock to 332000000 Hz
Jul 10 13:17:00 vader-rover kernel: [    0.066925] dpll3_m2_clk rate change failed: -22
Jul 10 13:17:00 vader-rover kernel: [    0.066955] Found NAND on CS0
Jul 10 13:17:00 vader-rover kernel: [    0.066986] Registering NAND on CS0
Jul 10 13:17:00 vader-rover kernel: [    0.068176]  usbhs_omap: alias fck already exists
Jul 10 13:17:00 vader-rover kernel: [    0.075683] hw-breakpoint: debug architecture 0x4 unsupported.
Jul 10 13:17:00 vader-rover kernel: [    0.078765]  omap-mcbsp.2: alias fck already exists
Jul 10 13:17:00 vader-rover kernel: [    0.078979]  omap-mcbsp.3: alias fck already exists
Jul 10 13:17:00 vader-rover kernel: [    0.080047] Switched to new clocking rate (Crystal/Core/MPU): 26.0/332/720 MHz
Jul 10 13:17:00 vader-rover kernel: [    0.080291] OMAP DMA hardware revision 5.0
Jul 10 13:17:00 vader-rover kernel: [    0.087310] bio: create slab <bio-0> at 0
Jul 10 13:17:00 vader-rover kernel: [    0.088012] fixed-dummy: 
Jul 10 13:17:00 vader-rover kernel: [    0.088104] reg-fixed-voltage reg-fixed-voltage.0: fixed-dummy supplying 0uV
Jul 10 13:17:00 vader-rover kernel: [    0.088287] vads7846: override min_uV, 1 -> 3300000
Jul 10 13:17:00 vader-rover kernel: [    0.088287] vads7846: override max_uV, 2147483647 -> 3300000
Jul 10 13:17:00 vader-rover kernel: [    0.088317] vads7846: 3300 mV 
Jul 10 13:17:00 vader-rover kernel: [    0.088409] reg-fixed-voltage reg-fixed-voltage.1: vads7846 supplying 3300000uV
Jul 10 13:17:00 vader-rover kernel: [    0.089019] SCSI subsystem initialized
Jul 10 13:17:00 vader-rover kernel: [    0.089324] usbcore: registered new interface driver usbfs
Jul 10 13:17:00 vader-rover kernel: [    0.089447] usbcore: registered new interface driver hub
Jul 10 13:17:00 vader-rover kernel: [    0.089660] usbcore: registered new device driver usb
Jul 10 13:17:00 vader-rover kernel: [    0.090087] omap_i2c omap_i2c.1: bus 1 rev1.4.0 at 2600 kHz
Jul 10 13:17:00 vader-rover kernel: [    0.092651] twl 1-0048: PIH (irq 7) chaining IRQs 320..328
Jul 10 13:17:00 vader-rover kernel: [    0.092773] twl 1-0048: power (irq 325) chaining IRQs 328..335
Jul 10 13:17:00 vader-rover kernel: [    0.093353] twl4030_gpio twl4030_gpio: gpio (irq 320) chaining IRQs 336..353
Jul 10 13:17:00 vader-rover kernel: [    0.093658] gpiochip_add: registered GPIOs 192 to 211 on device: twl4030
Jul 10 13:17:00 vader-rover kernel: [    0.094390] VUSB1V5: override min_uV, 1 -> 1500000
Jul 10 13:17:00 vader-rover kernel: [    0.094421] VUSB1V5: override max_uV, 2147483647 -> 1500000
Jul 10 13:17:00 vader-rover kernel: [    0.094421] VUSB1V5: 1500 mV normal standby
Jul 10 13:17:00 vader-rover kernel: [    0.094879] VUSB1V8: override min_uV, 1 -> 1800000
Jul 10 13:17:00 vader-rover kernel: [    0.094909] VUSB1V8: override max_uV, 2147483647 -> 1800000
Jul 10 13:17:00 vader-rover kernel: [    0.094909] VUSB1V8: 1800 mV normal standby
Jul 10 13:17:00 vader-rover kernel: [    0.095306] VUSB3V1: override min_uV, 1 -> 3100000
Jul 10 13:17:00 vader-rover kernel: [    0.095336] VUSB3V1: override max_uV, 2147483647 -> 3100000
Jul 10 13:17:00 vader-rover kernel: [    0.095336] VUSB3V1: 3100 mV normal standby
Jul 10 13:17:00 vader-rover kernel: [    0.096771] twl4030_usb twl4030_usb: HW_CONDITIONS 0x10/16; link 0
Jul 10 13:17:00 vader-rover kernel: [    0.096984] twl4030_usb twl4030_usb: Initialized TWL4030 USB module
Jul 10 13:17:00 vader-rover kernel: [    0.097473] vdd_mpu_iva: 600 <--> 1450 mV normal 
Jul 10 13:17:00 vader-rover kernel: [    0.097900] vdd_core: 600 <--> 1450 mV normal 
Jul 10 13:17:00 vader-rover kernel: [    0.098358] VMMC1: 1850 <--> 3150 mV at 3000 mV normal standby
Jul 10 13:17:00 vader-rover kernel: [    0.098876] VDAC: 1800 mV normal standby
Jul 10 13:17:00 vader-rover kernel: [    0.099395] VDVI: 1800 mV normal standby
Jul 10 13:17:00 vader-rover kernel: [    0.099853] omap_i2c omap_i2c.3: bus 3 rev1.4.0 at 400 kHz
Jul 10 13:17:00 vader-rover kernel: [    0.100585] omap-iommu omap-iommu.0: isp registered
Jul 10 13:17:00 vader-rover kernel: [    0.100769] Advanced Linux Sound Architecture Driver Version 1.0.25.
Jul 10 13:17:00 vader-rover kernel: [    0.101654] Switching to clocksource 32k_counter
Jul 10 13:17:00 vader-rover kernel: [    0.126159] usbhs_omap usbhs_omap: xclk60mhsp2_ck set parentfailed error:-22
Jul 10 13:17:00 vader-rover kernel: [    0.126922] NET: Registered protocol family 2
Jul 10 13:17:00 vader-rover kernel: [    0.127227] IP route cache hash table entries: 4096 (order: 2, 16384 bytes)
Jul 10 13:17:00 vader-rover kernel: [    0.127777] TCP established hash table entries: 16384 (order: 5, 131072 bytes)
Jul 10 13:17:00 vader-rover kernel: [    0.128082] TCP bind hash table entries: 16384 (order: 4, 65536 bytes)
Jul 10 13:17:00 vader-rover kernel: [    0.128265] TCP: Hash tables configured (established 16384 bind 16384)
Jul 10 13:17:00 vader-rover kernel: [    0.128295] TCP: reno registered
Jul 10 13:17:00 vader-rover kernel: [    0.128326] UDP hash table entries: 256 (order: 0, 4096 bytes)
Jul 10 13:17:00 vader-rover kernel: [    0.128387] UDP-Lite hash table entries: 256 (order: 0, 4096 bytes)
Jul 10 13:17:00 vader-rover kernel: [    0.128662] NET: Registered protocol family 1
Jul 10 13:17:00 vader-rover kernel: [    0.129180] RPC: Registered named UNIX socket transport module.
Jul 10 13:17:00 vader-rover kernel: [    0.129211] RPC: Registered udp transport module.
Jul 10 13:17:00 vader-rover kernel: [    0.129241] RPC: Registered tcp transport module.
Jul 10 13:17:00 vader-rover kernel: [    0.129272] RPC: Registered tcp NFSv4.1 backchannel transport module.
Jul 10 13:17:00 vader-rover kernel: [    0.129516] Trying to unpack rootfs image as initramfs...
Jul 10 13:17:00 vader-rover kernel: [    0.244537] Freeing initrd memory: 1488K
Jul 10 13:17:00 vader-rover kernel: [    0.246887] audit: initializing netlink socket (disabled)
Jul 10 13:17:00 vader-rover kernel: [    0.246978] type=2000 audit(0.242:1): initialized
Jul 10 13:17:00 vader-rover kernel: [    0.248352] VFS: Disk quotas dquot_6.5.2
Jul 10 13:17:00 vader-rover kernel: [    0.248474] Dquot-cache hash table entries: 1024 (order 0, 4096 bytes)
Jul 10 13:17:00 vader-rover kernel: [    0.248809] NFS: Registering the id_resolver key type
Jul 10 13:17:00 vader-rover kernel: [    0.248901] Key type id_resolver registered
Jul 10 13:17:00 vader-rover kernel: [    0.249359] jffs2: version 2.2. (NAND) (SUMMARY)  Â© 2001-2006 Red Hat, Inc.
Jul 10 13:17:00 vader-rover kernel: [    0.250000] fuse init (API version 7.19)
Jul 10 13:17:00 vader-rover kernel: [    0.250610] msgmni has been set to 971
Jul 10 13:17:00 vader-rover kernel: [    0.252288] Block layer SCSI generic (bsg) driver version 0.4 loaded (major 253)
Jul 10 13:17:00 vader-rover kernel: [    0.252349] io scheduler noop registered
Jul 10 13:17:00 vader-rover kernel: [    0.252349] io scheduler deadline registered (default)
Jul 10 13:17:00 vader-rover kernel: [    0.253112] OMAP DSS rev 2.0
Jul 10 13:17:00 vader-rover kernel: [    0.256072] omap_uart.0: ttyO0 at MMIO 0x4806a000 (irq = 72) is a OMAP UART0
Jul 10 13:17:00 vader-rover kernel: [    0.256530] omap_uart.1: ttyO1 at MMIO 0x4806c000 (irq = 73) is a OMAP UART1
Jul 10 13:17:00 vader-rover kernel: [    0.256958] omap_uart.2: ttyO2 at MMIO 0x49020000 (irq = 74) is a OMAP UART2
Jul 10 13:17:00 vader-rover kernel: [    0.958221] console [ttyO2] enabled
Jul 10 13:17:00 vader-rover kernel: [    0.962341] omap_uart.3: ttyO3 at MMIO 0x49042000 (irq = 80) is a OMAP UART3
Jul 10 13:17:00 vader-rover kernel: [    0.977294] brd: module loaded
Jul 10 13:17:00 vader-rover kernel: [    0.984313] loop: module loaded
Jul 10 13:17:00 vader-rover kernel: [    0.989746] twl4030_madc twl4030_madc: clk disabled, enabling
Jul 10 13:17:00 vader-rover kernel: [    0.997619] NAND device: Manufacturer ID: 0x2c, Chip ID: 0xbc (Micron NAND 512MiB 1,8V 16-bit), page size: 2048, OOB size: 64
Jul 10 13:17:00 vader-rover kernel: [    1.022399] Creating 5 MTD partitions on "omap2-nand.0":
Jul 10 13:17:00 vader-rover kernel: [    1.028198] 0x000000000000-0x000000080000 : "xloader"
Jul 10 13:17:00 vader-rover kernel: [    1.035064] 0x000000080000-0x000000240000 : "uboot"
Jul 10 13:17:00 vader-rover kernel: [    1.042419] 0x000000240000-0x000000280000 : "uboot environment"
Jul 10 13:17:00 vader-rover kernel: [    1.049804] 0x000000280000-0x000000680000 : "linux"
Jul 10 13:17:00 vader-rover kernel: [    1.058624] 0x000000680000-0x000020000000 : "rootfs"
Jul 10 13:17:00 vader-rover kernel: [    1.417175] smsc911x: Driver version 2008-10-21
Jul 10 13:17:00 vader-rover kernel: [    1.422454] smsc911x: Driver version 2008-10-21
Jul 10 13:17:00 vader-rover kernel: [    1.427642] usbcore: registered new interface driver asix
Jul 10 13:17:00 vader-rover kernel: [    1.433441] usbcore: registered new interface driver cdc_ether
Jul 10 13:17:00 vader-rover kernel: [    1.439697] usbcore: registered new interface driver cdc_ncm
Jul 10 13:17:00 vader-rover kernel: [    1.445983] ehci_hcd: USB 2.0 'Enhanced' Host Controller (EHCI) Driver
Jul 10 13:17:00 vader-rover kernel: [    1.452850] ehci_hcd: block sizes: qh 64 qtd 96 itd 160 sitd 96
Jul 10 13:17:00 vader-rover kernel: [    1.452972] ehci-omap ehci-omap.0: failed to get ehci port1 regulator
Jul 10 13:17:00 vader-rover kernel: [    2.453369] ehci-omap ehci-omap.0: phy reset operation timed out
Jul 10 13:17:00 vader-rover kernel: [    2.453399] ehci-omap ehci-omap.0: reset hcs_params 0x1313 dbg=0 cc=1 pcc=3 ordered ports=3
Jul 10 13:17:00 vader-rover kernel: [    2.453399] ehci-omap ehci-omap.0: reset hcc_params 0016 thresh 1 uframes 256/512/1024 park
Jul 10 13:17:00 vader-rover kernel: [    2.453430] ehci-omap ehci-omap.0: reset command 0080b02  park=3 ithresh=8 period=1024 Reset HALT
Jul 10 13:17:00 vader-rover kernel: [    2.453460] ehci-omap ehci-omap.0: OMAP-EHCI Host Controller
Jul 10 13:17:00 vader-rover kernel: [    2.459686] ehci-omap ehci-omap.0: new USB bus registered, assigned bus number 1
Jul 10 13:17:00 vader-rover kernel: [    2.467559] ehci-omap ehci-omap.0: park 0
Jul 10 13:17:00 vader-rover kernel: [    2.467620] ehci-omap ehci-omap.0: irq 77, io mem 0x48064800
Jul 10 13:17:00 vader-rover kernel: [    2.473632] ehci-omap ehci-omap.0: init command 0010005 (park)=0 ithresh=1 period=512 RUN
Jul 10 13:17:00 vader-rover kernel: [    2.484680] ehci-omap ehci-omap.0: USB 2.0 started, EHCI 1.00
Jul 10 13:17:00 vader-rover kernel: [    2.490844] usb usb1: default language 0x0409
Jul 10 13:17:00 vader-rover kernel: [    2.490875] usb usb1: udev 1, busnum 1, minor = 0
Jul 10 13:17:00 vader-rover kernel: [    2.490875] usb usb1: New USB device found, idVendor=1d6b, idProduct=0002
Jul 10 13:17:00 vader-rover kernel: [    2.498046] usb usb1: New USB device strings: Mfr=3, Product=2, SerialNumber=1
Jul 10 13:17:00 vader-rover kernel: [    2.505645] usb usb1: Product: OMAP-EHCI Host Controller
Jul 10 13:17:00 vader-rover kernel: [    2.511260] usb usb1: Manufacturer: Linux 3.5.0-2-linaro-omap ehci_hcd
Jul 10 13:17:00 vader-rover kernel: [    2.518127] usb usb1: SerialNumber: ehci-omap.0
Jul 10 13:17:00 vader-rover kernel: [    2.523376] usb usb1: usb_probe_device
Jul 10 13:17:00 vader-rover kernel: [    2.523406] usb usb1: configuration #1 chosen from 1 choice
Jul 10 13:17:00 vader-rover kernel: [    2.523437] usb usb1: adding 1-0:1.0 (config #1, interface 0)
Jul 10 13:17:00 vader-rover kernel: [    2.523590] hub 1-0:1.0: usb_probe_interface
Jul 10 13:17:00 vader-rover kernel: [    2.523590] hub 1-0:1.0: usb_probe_interface - got id
Jul 10 13:17:00 vader-rover kernel: [    2.523620] hub 1-0:1.0: USB hub found
Jul 10 13:17:00 vader-rover kernel: [    2.527618] hub 1-0:1.0: 3 ports detected
Jul 10 13:17:00 vader-rover kernel: [    2.531860] hub 1-0:1.0: standalone hub
Jul 10 13:17:00 vader-rover kernel: [    2.531890] hub 1-0:1.0: individual port power switching
Jul 10 13:17:00 vader-rover kernel: [    2.531890] hub 1-0:1.0: individual port over-current protection
Jul 10 13:17:00 vader-rover kernel: [    2.531921] hub 1-0:1.0: power on to power good time: 20ms
Jul 10 13:17:00 vader-rover kernel: [    2.531921] hub 1-0:1.0: local power source is good
Jul 10 13:17:00 vader-rover kernel: [    2.531951] hub 1-0:1.0: enabling power on all ports
Jul 10 13:17:00 vader-rover kernel: [    2.532226] ehci-omap ehci-omap.0: ...powerup ports...
Jul 10 13:17:00 vader-rover kernel: [    2.562957] Initializing USB Mass Storage driver...
Jul 10 13:17:00 vader-rover kernel: [    2.568237] usbcore: registered new interface driver usb-storage
Jul 10 13:17:00 vader-rover kernel: [    2.574584] USB Mass Storage support registered.
Jul 10 13:17:00 vader-rover kernel: [    2.579437] musb-hdrc: version 6.0, ?dma?, otg (peripheral+host)
Jul 10 13:17:00 vader-rover kernel: [    2.591400] twl4030_usb twl4030_usb: twl4030_phy_resume
Jul 10 13:17:00 vader-rover kernel: [    2.591644] musb-hdrc: ConfigData=0xde (UTMI-8, dyn FIFOs, bulk combine, bulk split, HB-ISO Rx, HB-ISO Tx, SoftConn)
Jul 10 13:17:00 vader-rover kernel: [    2.591674] musb-hdrc: MHDRC RTL version 1.800 
Jul 10 13:17:00 vader-rover kernel: [    2.591674] musb-hdrc: setup fifo_mode 4
Jul 10 13:17:00 vader-rover kernel: [    2.591705] musb-hdrc: 28/31 max ep, 16384/16384 memory
Jul 10 13:17:00 vader-rover kernel: [    2.592102] musb-hdrc musb-hdrc: USB OTG mode controller at fa0ab000 using DMA, IRQ 92
Jul 10 13:17:00 vader-rover kernel: [    2.602386] twl4030_usb twl4030_usb: twl4030_phy_suspend
Jul 10 13:17:00 vader-rover kernel: [    2.602874] mousedev: PS/2 mouse device common for all mice
Jul 10 13:17:00 vader-rover kernel: [    2.609436] twl_rtc twl_rtc: Enabling TWL-RTC
Jul 10 13:17:00 vader-rover kernel: [    2.616638] twl_rtc twl_rtc: rtc core: registered twl_rtc as rtc0
Jul 10 13:17:00 vader-rover kernel: [    2.623901] i2c /dev entries driver
Jul 10 13:17:00 vader-rover kernel: [    2.628967] voltdm_scale: No voltage scale API registered for vdd_mpu_iva
Jul 10 13:17:00 vader-rover kernel: [    2.636260] ehci-omap ehci-omap.0: GetStatus port:2 status 001803 0  ACK POWER sig=j CSC CONNECT
Jul 10 13:17:00 vader-rover kernel: [    2.636260] hub 1-0:1.0: port 2: status 0501 change 0001
Jul 10 13:17:00 vader-rover kernel: [    2.636322] platform mpu.0: omap_target: unable to scale voltage up.
Jul 10 13:17:00 vader-rover kernel: [    2.643035] cpuidle: using governor ladder
Jul 10 13:17:00 vader-rover kernel: [    2.647338] cpuidle: using governor menu
Jul 10 13:17:00 vader-rover kernel: [    2.652008] omap_hsmmc omap_hsmmc.0: Failed to get debounce clk
Jul 10 13:17:00 vader-rover kernel: [    2.734741] hub 1-0:1.0: state 7 ports 3 chg 0004 evt 0000
Jul 10 13:17:00 vader-rover kernel: [    2.734771] hub 1-0:1.0: port 2, status 0501, change 0000, 480 Mb/s
Jul 10 13:17:00 vader-rover kernel: [    2.797210] ehci-omap ehci-omap.0: port 2 reset complete, port enabled
Jul 10 13:17:00 vader-rover kernel: [    2.797241] ehci-omap ehci-omap.0: GetStatus port:2 status 001005 0  ACK POWER sig=se0 PE CONNECT
Jul 10 13:17:00 vader-rover kernel: [    2.859680] usb 1-2: new high-speed USB device number 2 using ehci-omap
Jul 10 13:17:00 vader-rover kernel: [    2.922180] ehci-omap ehci-omap.0: port 2 reset complete, port enabled
Jul 10 13:17:00 vader-rover kernel: [    2.922210] ehci-omap ehci-omap.0: GetStatus port:2 status 001005 0  ACK POWER sig=se0 PE CONNECT
Jul 10 13:17:00 vader-rover kernel: [    3.016418] usb 1-2: default language 0x0409
Jul 10 13:17:00 vader-rover kernel: [    3.016540] usb 1-2: udev 2, busnum 1, minor = 1
Jul 10 13:17:00 vader-rover kernel: [    3.016540] usb 1-2: New USB device found, idVendor=050d, idProduct=0237
