Dec 31 19:00:22 vader-rover kernel: imklog 5.8.6, log source = /proc/kmsg started.
Dec 31 19:00:22 vader-rover rsyslogd: [origin software="rsyslogd" swVersion="5.8.6" x-pid="425" x-info="http://www.rsyslog.com"] start
Dec 31 19:00:22 vader-rover rsyslogd: rsyslogd's groupid changed to 103
Dec 31 19:00:22 vader-rover rsyslogd: rsyslogd's userid changed to 101
Dec 31 19:00:22 vader-rover rsyslogd-2039: Could not open output pipe '/dev/xconsole' [try http://www.rsyslog.com/e/2039 ]
Dec 31 19:00:22 vader-rover kernel: [    0.000000] Booting Linux on physical CPU 0
Dec 31 19:00:22 vader-rover kernel: [    0.000000] Initializing cgroup subsys cpuset
Dec 31 19:00:22 vader-rover kernel: [    0.000000] Initializing cgroup subsys cpu
Dec 31 19:00:22 vader-rover kernel: [    0.000000] Linux version 3.5.0-2-linaro-omap (adam@pine) (gcc version 4.6.3 (Ubuntu/Linaro 4.6.3-1ubuntu5) ) #2~ci+121210190143 PREEMPT Mon Dec 10 11:03:27 PST 2012
Dec 31 19:00:22 vader-rover kernel: [    0.000000] CPU: ARMv7 Processor [413fc082] revision 2 (ARMv7), cr=10c53c7d
Dec 31 19:00:22 vader-rover kernel: [    0.000000] CPU: PIPT / VIPT nonaliasing data cache, VIPT aliasing instruction cache
Dec 31 19:00:22 vader-rover kernel: [    0.000000] Machine: Gumstix Overo
Dec 31 19:00:22 vader-rover kernel: [    0.000000] Reserving 12582912 bytes SDRAM for VRAM
Dec 31 19:00:22 vader-rover kernel: [    0.000000] Memory policy: ECC disabled, Data cache writeback
Dec 31 19:00:22 vader-rover kernel: [    0.000000] On node 0 totalpages: 127744
Dec 31 19:00:22 vader-rover kernel: [    0.000000] free_area_init_node: node 0, pgdat c070b85c, node_mem_map c07a7000
Dec 31 19:00:22 vader-rover kernel: [    0.000000]   Normal zone: 1024 pages used for memmap
Dec 31 19:00:22 vader-rover kernel: [    0.000000]   Normal zone: 0 pages reserved
Dec 31 19:00:22 vader-rover kernel: [    0.000000]   Normal zone: 126720 pages, LIFO batch:31
Dec 31 19:00:22 vader-rover kernel: [    0.000000] OMAP3630 ES1.2 (l2cache iva sgx neon isp 192mhz_clk )
Dec 31 19:00:22 vader-rover kernel: [    0.000000] Clocking rate (Crystal/Core/MPU): 26.0/400/600 MHz
Dec 31 19:00:22 vader-rover kernel: [    0.000000] pcpu-alloc: s0 r0 d32768 u32768 alloc=1*32768
Dec 31 19:00:22 vader-rover kernel: [    0.000000] pcpu-alloc: [0] 0 
Dec 31 19:00:22 vader-rover kernel: [    0.000000] Built 1 zonelists in Zone order, mobility grouping on.  Total pages: 126720
Dec 31 19:00:22 vader-rover kernel: [    0.000000] Kernel command line: console=tty0 console=ttyO2,115200n8 root=/dev/mmcblk0p2 rootwait ro earlyprintk mpurate=500 vram=12M omapdss.def_disp=dvi omapfb.mode=dvi:1024x768MR-16@60
Dec 31 19:00:22 vader-rover kernel: [    0.000000] PID hash table entries: 2048 (order: 1, 8192 bytes)
Dec 31 19:00:22 vader-rover kernel: [    0.000000] Dentry cache hash table entries: 65536 (order: 6, 262144 bytes)
Dec 31 19:00:22 vader-rover kernel: [    0.000000] Inode-cache hash table entries: 32768 (order: 5, 131072 bytes)
Dec 31 19:00:22 vader-rover kernel: [    0.000000] allocated 1048576 bytes of page_cgroup
Dec 31 19:00:22 vader-rover kernel: [    0.000000] please try 'cgroup_disable=memory' option if you don't want memory cgroups
Dec 31 19:00:22 vader-rover kernel: [    0.000000] Memory: 499MB = 499MB total
Dec 31 19:00:22 vader-rover kernel: [    0.000000] Memory: 495744k/495744k available, 28544k reserved, 0K highmem
Dec 31 19:00:22 vader-rover kernel: [    0.000000] Virtual kernel memory layout:
Dec 31 19:00:22 vader-rover kernel: [    0.000000]     vector  : 0xffff0000 - 0xffff1000   (   4 kB)
Dec 31 19:00:22 vader-rover kernel: [    0.000000]     fixmap  : 0xfff00000 - 0xfffe0000   ( 896 kB)
Dec 31 19:00:22 vader-rover kernel: [    0.000000]     vmalloc : 0xe0800000 - 0xff000000   ( 488 MB)
Dec 31 19:00:22 vader-rover kernel: [    0.000000]     lowmem  : 0xc0000000 - 0xe0000000   ( 512 MB)
Dec 31 19:00:22 vader-rover kernel: [    0.000000]     pkmap   : 0xbfe00000 - 0xc0000000   (   2 MB)
Dec 31 19:00:22 vader-rover kernel: [    0.000000]     modules : 0xbf000000 - 0xbfe00000   (  14 MB)
Dec 31 19:00:22 vader-rover kernel: [    0.000000]       .text : 0xc0008000 - 0xc067abfc   (6603 kB)
Dec 31 19:00:22 vader-rover kernel: [    0.000000]       .init : 0xc067b000 - 0xc06b2000   ( 220 kB)
Dec 31 19:00:22 vader-rover kernel: [    0.000000]       .data : 0xc06b2000 - 0xc071b268   ( 421 kB)
Dec 31 19:00:22 vader-rover kernel: [    0.000000]        .bss : 0xc071b28c - 0xc07a6020   ( 556 kB)
Dec 31 19:00:22 vader-rover kernel: [    0.000000] NR_IRQS:474
Dec 31 19:00:22 vader-rover kernel: [    0.000000] IRQ: Found an INTC at 0xfa200000 (revision 4.0) with 96 interrupts
Dec 31 19:00:22 vader-rover kernel: [    0.000000] Total of 96 interrupts on 1 active controller
Dec 31 19:00:22 vader-rover kernel: [    0.000000] OMAP clockevent source: GPTIMER1 at 32768 Hz
Dec 31 19:00:22 vader-rover kernel: [    0.000000] sched_clock: 32 bits at 32kHz, resolution 30517ns, wraps every 131071999ms
Dec 31 19:00:22 vader-rover kernel: [    0.000000] OMAP clocksource: 32k_counter at 32768 Hz
Dec 31 19:00:22 vader-rover kernel: [    0.000000] Console: colour dummy device 80x30
Dec 31 19:00:22 vader-rover kernel: [    0.000000] console [tty0] enabled
Dec 31 19:00:22 vader-rover kernel: [    0.000976] Calibrating delay loop... 597.64 BogoMIPS (lpj=2334720)
Dec 31 19:00:22 vader-rover kernel: [    0.039123] pid_max: default: 32768 minimum: 301
Dec 31 19:00:22 vader-rover kernel: [    0.039306] Security Framework initialized
Dec 31 19:00:22 vader-rover kernel: [    0.039428] Mount-cache hash table entries: 512
Dec 31 19:00:22 vader-rover kernel: [    0.040222] Initializing cgroup subsys debug
Dec 31 19:00:22 vader-rover kernel: [    0.040252] Initializing cgroup subsys cpuacct
Dec 31 19:00:22 vader-rover kernel: [    0.040283] Initializing cgroup subsys memory
Dec 31 19:00:22 vader-rover kernel: [    0.040344] Initializing cgroup subsys devices
Dec 31 19:00:22 vader-rover kernel: [    0.040374] Initializing cgroup subsys freezer
Dec 31 19:00:22 vader-rover kernel: [    0.040405] Initializing cgroup subsys perf_event
Dec 31 19:00:22 vader-rover kernel: [    0.040527] CPU: Testing write buffer coherency: ok
Dec 31 19:00:22 vader-rover kernel: [    0.040832] Setting up static identity map for 0x8046ea98 - 0x8046eaf0
Dec 31 19:00:22 vader-rover kernel: [    0.045837] devtmpfs: initialized
Dec 31 19:00:22 vader-rover kernel: [    0.050567] dummy: 
Dec 31 19:00:22 vader-rover kernel: [    0.050964] NET: Registered protocol family 16
Dec 31 19:00:22 vader-rover kernel: [    0.051391] GPMC revision 5.0
Dec 31 19:00:22 vader-rover kernel: [    0.051483] gpmc: irq-20 could not claim: err -22
Dec 31 19:00:22 vader-rover kernel: [    0.053131] gpiochip_add: registered GPIOs 0 to 31 on device: gpio
Dec 31 19:00:22 vader-rover kernel: [    0.053253] OMAP GPIO hardware version 2.5
Dec 31 19:00:22 vader-rover kernel: [    0.053497] gpiochip_add: registered GPIOs 32 to 63 on device: gpio
Dec 31 19:00:22 vader-rover kernel: [    0.053771] gpiochip_add: registered GPIOs 64 to 95 on device: gpio
Dec 31 19:00:22 vader-rover kernel: [    0.054046] gpiochip_add: registered GPIOs 96 to 127 on device: gpio
Dec 31 19:00:22 vader-rover kernel: [    0.054321] gpiochip_add: registered GPIOs 128 to 159 on device: gpio
Dec 31 19:00:22 vader-rover kernel: [    0.054595] gpiochip_add: registered GPIOs 160 to 191 on device: gpio
Dec 31 19:00:22 vader-rover kernel: [    0.055664] omap_mux_init: Add partition: #1: core, flags: 0
Dec 31 19:00:22 vader-rover kernel: [    0.060607] _omap_mux_get_by_name: Could not find signal uart4_rx.uart4_rx
Dec 31 19:00:22 vader-rover kernel: [    0.066467] Reprogramming SDRC clock to 400000000 Hz
Dec 31 19:00:22 vader-rover kernel: [    0.066497] dpll3_m2_clk rate change failed: -22
Dec 31 19:00:22 vader-rover kernel: [    0.066528] Found NAND on CS0
Dec 31 19:00:22 vader-rover kernel: [    0.066558] Registering NAND on CS0
Dec 31 19:00:22 vader-rover kernel: [    0.067749]  usbhs_omap: alias fck already exists
Dec 31 19:00:22 vader-rover kernel: [    0.075256] hw-breakpoint: debug architecture 0x4 unsupported.
Dec 31 19:00:22 vader-rover kernel: [    0.078308]  omap-mcbsp.2: alias fck already exists
Dec 31 19:00:22 vader-rover kernel: [    0.078521]  omap-mcbsp.3: alias fck already exists
Dec 31 19:00:22 vader-rover kernel: [    0.079620] Switched to new clocking rate (Crystal/Core/MPU): 26.0/400/500 MHz
Dec 31 19:00:22 vader-rover kernel: [    0.079864] OMAP DMA hardware revision 5.0
Dec 31 19:00:22 vader-rover kernel: [    0.089569] bio: create slab <bio-0> at 0
Dec 31 19:00:22 vader-rover kernel: [    0.090454] fixed-dummy: 
Dec 31 19:00:22 vader-rover kernel: [    0.090576] reg-fixed-voltage reg-fixed-voltage.0: fixed-dummy supplying 0uV
Dec 31 19:00:22 vader-rover kernel: [    0.090820] vads7846: override min_uV, 1 -> 3300000
Dec 31 19:00:22 vader-rover kernel: [    0.090850] vads7846: override max_uV, 2147483647 -> 3300000
Dec 31 19:00:22 vader-rover kernel: [    0.090850] vads7846: 3300 mV 
Dec 31 19:00:22 vader-rover kernel: [    0.091003] reg-fixed-voltage reg-fixed-voltage.1: vads7846 supplying 3300000uV
Dec 31 19:00:22 vader-rover kernel: [    0.091827] SCSI subsystem initialized
Dec 31 19:00:22 vader-rover kernel: [    0.092224] usbcore: registered new interface driver usbfs
Dec 31 19:00:22 vader-rover kernel: [    0.092407] usbcore: registered new interface driver hub
Dec 31 19:00:22 vader-rover kernel: [    0.092681] usbcore: registered new device driver usb
Dec 31 19:00:22 vader-rover kernel: [    0.101684] omap_i2c omap_i2c.1: bus 1 rev1.4.0 at 2600 kHz
Dec 31 19:00:22 vader-rover kernel: [    0.104705] twl 1-0048: PIH (irq 7) chaining IRQs 320..328
Dec 31 19:00:22 vader-rover kernel: [    0.104888] twl 1-0048: power (irq 325) chaining IRQs 328..335
Dec 31 19:00:22 vader-rover kernel: [    0.105621] twl4030_gpio twl4030_gpio: gpio (irq 320) chaining IRQs 336..353
Dec 31 19:00:22 vader-rover kernel: [    0.105987] gpiochip_add: registered GPIOs 192 to 211 on device: twl4030
Dec 31 19:00:22 vader-rover kernel: [    0.106933] VUSB1V5: override min_uV, 1 -> 1500000
Dec 31 19:00:22 vader-rover kernel: [    0.106964] VUSB1V5: override max_uV, 2147483647 -> 1500000
Dec 31 19:00:22 vader-rover kernel: [    0.106994] VUSB1V5: 1500 mV normal standby
Dec 31 19:00:22 vader-rover kernel: [    0.107574] VUSB1V8: override min_uV, 1 -> 1800000
Dec 31 19:00:22 vader-rover kernel: [    0.107604] VUSB1V8: override max_uV, 2147483647 -> 1800000
Dec 31 19:00:22 vader-rover kernel: [    0.107604] VUSB1V8: 1800 mV normal standby
Dec 31 19:00:22 vader-rover kernel: [    0.108154] VUSB3V1: override min_uV, 1 -> 3100000
Dec 31 19:00:22 vader-rover kernel: [    0.108184] VUSB3V1: override max_uV, 2147483647 -> 3100000
Dec 31 19:00:22 vader-rover kernel: [    0.108184] VUSB3V1: 3100 mV normal standby
Dec 31 19:00:22 vader-rover kernel: [    0.109985] twl4030_usb twl4030_usb: HW_CONDITIONS 0x10/16; link 0
Dec 31 19:00:22 vader-rover kernel: [    0.110229] twl4030_usb twl4030_usb: Initialized TWL4030 USB module
Dec 31 19:00:22 vader-rover kernel: [    0.110931] vdd_mpu_iva: 600 <--> 1450 mV normal 
Dec 31 19:00:22 vader-rover kernel: [    0.111480] vdd_core: 600 <--> 1450 mV normal 
Dec 31 19:00:22 vader-rover kernel: [    0.112121] VMMC1: 1850 <--> 3150 mV at 3150 mV normal standby
Dec 31 19:00:22 vader-rover kernel: [    0.112792] VDAC: 1800 mV normal standby
Dec 31 19:00:22 vader-rover kernel: [    0.113464] VDVI: 1800 mV normal standby
Dec 31 19:00:22 vader-rover kernel: [    0.125122] omap_i2c omap_i2c.3: bus 3 rev1.4.0 at 400 kHz
Dec 31 19:00:22 vader-rover kernel: [    0.126068] omap-iommu omap-iommu.0: isp registered
Dec 31 19:00:22 vader-rover kernel: [    0.126342] Advanced Linux Sound Architecture Driver Version 1.0.25.
Dec 31 19:00:22 vader-rover kernel: [    0.127441] Switching to clocksource 32k_counter
Dec 31 19:00:22 vader-rover kernel: [    0.160919] usbhs_omap usbhs_omap: xclk60mhsp2_ck set parentfailed error:-22
Dec 31 19:00:22 vader-rover kernel: [    0.161865] NET: Registered protocol family 2
Dec 31 19:00:22 vader-rover kernel: [    0.162231] IP route cache hash table entries: 4096 (order: 2, 16384 bytes)
Dec 31 19:00:22 vader-rover kernel: [    0.162933] TCP established hash table entries: 16384 (order: 5, 131072 bytes)
Dec 31 19:00:22 vader-rover kernel: [    0.163391] TCP bind hash table entries: 16384 (order: 4, 65536 bytes)
Dec 31 19:00:22 vader-rover kernel: [    0.163665] TCP: Hash tables configured (established 16384 bind 16384)
Dec 31 19:00:22 vader-rover kernel: [    0.163696] TCP: reno registered
Dec 31 19:00:22 vader-rover kernel: [    0.163726] UDP hash table entries: 256 (order: 0, 4096 bytes)
Dec 31 19:00:22 vader-rover kernel: [    0.163787] UDP-Lite hash table entries: 256 (order: 0, 4096 bytes)
Dec 31 19:00:22 vader-rover kernel: [    0.164184] NET: Registered protocol family 1
Dec 31 19:00:22 vader-rover kernel: [    0.164825] RPC: Registered named UNIX socket transport module.
Dec 31 19:00:22 vader-rover kernel: [    0.164855] RPC: Registered udp transport module.
Dec 31 19:00:22 vader-rover kernel: [    0.164886] RPC: Registered tcp transport module.
Dec 31 19:00:22 vader-rover kernel: [    0.164916] RPC: Registered tcp NFSv4.1 backchannel transport module.
Dec 31 19:00:22 vader-rover kernel: [    0.165252] Trying to unpack rootfs image as initramfs...
Dec 31 19:00:22 vader-rover kernel: [    0.375396] Freeing initrd memory: 1828K
Dec 31 19:00:22 vader-rover kernel: [    0.378387] audit: initializing netlink socket (disabled)
Dec 31 19:00:22 vader-rover kernel: [    0.378479] type=2000 audit(0.375:1): initialized
Dec 31 19:00:22 vader-rover kernel: [    0.380218] VFS: Disk quotas dquot_6.5.2
Dec 31 19:00:22 vader-rover kernel: [    0.380340] Dquot-cache hash table entries: 1024 (order 0, 4096 bytes)
Dec 31 19:00:22 vader-rover kernel: [    0.380828] NFS: Registering the id_resolver key type
Dec 31 19:00:22 vader-rover kernel: [    0.380920] Key type id_resolver registered
Dec 31 19:00:22 vader-rover kernel: [    0.381500] jffs2: version 2.2. (NAND) (SUMMARY)  Â© 2001-2006 Red Hat, Inc.
Dec 31 19:00:22 vader-rover kernel: [    0.382354] fuse init (API version 7.19)
Dec 31 19:00:22 vader-rover kernel: [    0.383026] msgmni has been set to 971
Dec 31 19:00:22 vader-rover kernel: [    0.385253] Block layer SCSI generic (bsg) driver version 0.4 loaded (major 253)
Dec 31 19:00:22 vader-rover kernel: [    0.385314] io scheduler noop registered
Dec 31 19:00:22 vader-rover kernel: [    0.385345] io scheduler deadline registered (default)
Dec 31 19:00:22 vader-rover kernel: [    0.386444] OMAP DSS rev 2.0
Dec 31 19:00:22 vader-rover kernel: [    0.390289] omap_uart.0: ttyO0 at MMIO 0x4806a000 (irq = 72) is a OMAP UART0
Dec 31 19:00:22 vader-rover kernel: [    0.390899] omap_uart.1: ttyO1 at MMIO 0x4806c000 (irq = 73) is a OMAP UART1
Dec 31 19:00:22 vader-rover kernel: [    0.391510] omap_uart.2: ttyO2 at MMIO 0x49020000 (irq = 74) is a OMAP UART2
Dec 31 19:00:22 vader-rover kernel: [    1.095245] console [ttyO2] enabled
Dec 31 19:00:22 vader-rover kernel: [    1.099517] omap_uart.3: ttyO3 at MMIO 0x49042000 (irq = 80) is a OMAP UART3
Dec 31 19:00:22 vader-rover kernel: [    1.117492] brd: module loaded
Dec 31 19:00:22 vader-rover kernel: [    1.126129] loop: module loaded
Dec 31 19:00:22 vader-rover kernel: [    1.131713] twl4030_madc twl4030_madc: clk disabled, enabling
Dec 31 19:00:22 vader-rover kernel: [    1.140167] NAND device: Manufacturer ID: 0x2c, Chip ID: 0xbc (Micron NAND 512MiB 1,8V 16-bit), page size: 2048, OOB size: 64
Dec 31 19:00:22 vader-rover kernel: [    1.168945] Creating 5 MTD partitions on "omap2-nand.0":
Dec 31 19:00:22 vader-rover kernel: [    1.174743] 0x000000000000-0x000000080000 : "xloader"
Dec 31 19:00:22 vader-rover kernel: [    1.182037] 0x000000080000-0x000000240000 : "uboot"
Dec 31 19:00:22 vader-rover kernel: [    1.190399] 0x000000240000-0x000000280000 : "uboot environment"
Dec 31 19:00:22 vader-rover kernel: [    1.198242] 0x000000280000-0x000000680000 : "linux"
Dec 31 19:00:22 vader-rover kernel: [    1.208740] 0x000000680000-0x000020000000 : "rootfs"
Dec 31 19:00:22 vader-rover kernel: [    1.720184] smsc911x: Driver version 2008-10-21
Dec 31 19:00:22 vader-rover kernel: [    1.725585] smsc911x: Driver version 2008-10-21
Dec 31 19:00:22 vader-rover kernel: [    1.730957] usbcore: registered new interface driver asix
Dec 31 19:00:22 vader-rover kernel: [    1.736755] usbcore: registered new interface driver cdc_ether
Dec 31 19:00:22 vader-rover kernel: [    1.743103] usbcore: registered new interface driver cdc_ncm
Dec 31 19:00:22 vader-rover kernel: [    1.749511] ehci_hcd: USB 2.0 'Enhanced' Host Controller (EHCI) Driver
Dec 31 19:00:22 vader-rover kernel: [    1.756469] ehci_hcd: block sizes: qh 64 qtd 96 itd 160 sitd 96
Dec 31 19:00:22 vader-rover kernel: [    1.756652] ehci-omap ehci-omap.0: failed to get ehci port1 regulator
Dec 31 19:00:22 vader-rover kernel: [    2.760437] ehci-omap ehci-omap.0: phy reset operation timed out
Dec 31 19:00:22 vader-rover kernel: [    2.760467] ehci-omap ehci-omap.0: reset hcs_params 0x1313 dbg=0 cc=1 pcc=3 ordered ports=3
Dec 31 19:00:22 vader-rover kernel: [    2.760498] ehci-omap ehci-omap.0: reset hcc_params 0016 thresh 1 uframes 256/512/1024 park
Dec 31 19:00:22 vader-rover kernel: [    2.760528] ehci-omap ehci-omap.0: reset command 0080b02  park=3 ithresh=8 period=1024 Reset HALT
Dec 31 19:00:22 vader-rover kernel: [    2.760559] ehci-omap ehci-omap.0: OMAP-EHCI Host Controller
Dec 31 19:00:22 vader-rover kernel: [    2.766937] ehci-omap ehci-omap.0: new USB bus registered, assigned bus number 1
Dec 31 19:00:22 vader-rover kernel: [    2.774902] ehci-omap ehci-omap.0: park 0
Dec 31 19:00:22 vader-rover kernel: [    2.774963] ehci-omap ehci-omap.0: irq 77, io mem 0x48064800
Dec 31 19:00:22 vader-rover kernel: [    2.781005] ehci-omap ehci-omap.0: init command 0010005 (park)=0 ithresh=1 period=512 RUN
Dec 31 19:00:22 vader-rover kernel: [    2.791717] ehci-omap ehci-omap.0: USB 2.0 started, EHCI 1.00
Dec 31 19:00:22 vader-rover kernel: [    2.797943] usb usb1: default language 0x0409
Dec 31 19:00:22 vader-rover kernel: [    2.798004] usb usb1: udev 1, busnum 1, minor = 0
Dec 31 19:00:22 vader-rover kernel: [    2.798034] usb usb1: New USB device found, idVendor=1d6b, idProduct=0002
Dec 31 19:00:22 vader-rover kernel: [    2.805236] usb usb1: New USB device strings: Mfr=3, Product=2, SerialNumber=1
Dec 31 19:00:22 vader-rover kernel: [    2.812896] usb usb1: Product: OMAP-EHCI Host Controller
Dec 31 19:00:22 vader-rover kernel: [    2.818542] usb usb1: Manufacturer: Linux 3.5.0-2-linaro-omap ehci_hcd
Dec 31 19:00:22 vader-rover kernel: [    2.825439] usb usb1: SerialNumber: ehci-omap.0
Dec 31 19:00:22 vader-rover kernel: [    2.830932] usb usb1: usb_probe_device
Dec 31 19:00:22 vader-rover kernel: [    2.830963] usb usb1: configuration #1 chosen from 1 choice
Dec 31 19:00:22 vader-rover kernel: [    2.831024] usb usb1: adding 1-0:1.0 (config #1, interface 0)
Dec 31 19:00:22 vader-rover kernel: [    2.831237] hub 1-0:1.0: usb_probe_interface
Dec 31 19:00:22 vader-rover kernel: [    2.831268] hub 1-0:1.0: usb_probe_interface - got id
Dec 31 19:00:22 vader-rover kernel: [    2.831268] hub 1-0:1.0: USB hub found
Dec 31 19:00:22 vader-rover kernel: [    2.835266] hub 1-0:1.0: 3 ports detected
Dec 31 19:00:22 vader-rover kernel: [    2.839569] hub 1-0:1.0: standalone hub
Dec 31 19:00:22 vader-rover kernel: [    2.839569] hub 1-0:1.0: individual port power switching
Dec 31 19:00:22 vader-rover kernel: [    2.839599] hub 1-0:1.0: individual port over-current protection
Dec 31 19:00:22 vader-rover kernel: [    2.839599] hub 1-0:1.0: power on to power good time: 20ms
Dec 31 19:00:22 vader-rover kernel: [    2.839630] hub 1-0:1.0: local power source is good
Dec 31 19:00:22 vader-rover kernel: [    2.839660] hub 1-0:1.0: enabling power on all ports
Dec 31 19:00:22 vader-rover kernel: [    2.840057] ehci-omap ehci-omap.0: ...powerup ports...
Dec 31 19:00:22 vader-rover kernel: [    2.870056] Initializing USB Mass Storage driver...
Dec 31 19:00:22 vader-rover kernel: [    2.875396] usbcore: registered new interface driver usb-storage
Dec 31 19:00:22 vader-rover kernel: [    2.881774] USB Mass Storage support registered.
Dec 31 19:00:22 vader-rover kernel: [    2.886688] musb-hdrc: version 6.0, ?dma?, otg (peripheral+host)
Dec 31 19:00:22 vader-rover kernel: [    2.899627] twl4030_usb twl4030_usb: twl4030_phy_resume
Dec 31 19:00:22 vader-rover kernel: [    2.899902] musb-hdrc: ConfigData=0xde (UTMI-8, dyn FIFOs, bulk combine, bulk split, HB-ISO Rx, HB-ISO Tx, SoftConn)
Dec 31 19:00:22 vader-rover kernel: [    2.899932] musb-hdrc: MHDRC RTL version 1.800 
Dec 31 19:00:22 vader-rover kernel: [    2.899932] musb-hdrc: setup fifo_mode 4
Dec 31 19:00:22 vader-rover kernel: [    2.899963] musb-hdrc: 28/31 max ep, 16384/16384 memory
Dec 31 19:00:22 vader-rover kernel: [    2.900543] musb-hdrc musb-hdrc: USB OTG mode controller at fa0ab000 using DMA, IRQ 92
Dec 31 19:00:22 vader-rover kernel: [    2.911132] twl4030_usb twl4030_usb: twl4030_phy_suspend
Dec 31 19:00:22 vader-rover kernel: [    2.911804] mousedev: PS/2 mouse device common for all mice
Dec 31 19:00:22 vader-rover kernel: [    2.918426] twl_rtc twl_rtc: Power up reset detected.
Dec 31 19:00:22 vader-rover kernel: [    2.923950] twl_rtc twl_rtc: Enabling TWL-RTC
Dec 31 19:00:22 vader-rover kernel: [    2.931518] twl_rtc twl_rtc: rtc core: registered twl_rtc as rtc0
Dec 31 19:00:22 vader-rover kernel: [    2.938720] i2c /dev entries driver
Dec 31 19:00:22 vader-rover kernel: [    2.942535] ehci-omap ehci-omap.0: GetStatus port:2 status 001803 0  ACK POWER sig=j CSC CONNECT
Dec 31 19:00:22 vader-rover kernel: [    2.942565] hub 1-0:1.0: port 2: status 0501 change 0001
Dec 31 19:00:22 vader-rover kernel: [    2.944549] voltdm_scale: No voltage scale API registered for vdd_mpu_iva
Dec 31 19:00:22 vader-rover kernel: [    2.951812] platform mpu.0: omap_target: unable to scale voltage up.
Dec 31 19:00:22 vader-rover kernel: [    2.958557] cpuidle: using governor ladder
Dec 31 19:00:22 vader-rover kernel: [    2.962890] cpuidle: using governor menu
Dec 31 19:00:22 vader-rover kernel: [    2.967620] omap_hsmmc omap_hsmmc.0: Failed to get debounce clk
Dec 31 19:00:22 vader-rover kernel: [    3.041778] hub 1-0:1.0: state 7 ports 3 chg 0004 evt 0000
Dec 31 19:00:22 vader-rover kernel: [    3.041839] hub 1-0:1.0: port 2, status 0501, change 0000, 480 Mb/s
Dec 31 19:00:22 vader-rover kernel: [    3.104278] ehci-omap ehci-omap.0: port 2 reset complete, port enabled
Dec 31 19:00:22 vader-rover kernel: [    3.104309] ehci-omap ehci-omap.0: GetStatus port:2 status 001005 0  ACK POWER sig=se0 PE CONNECT
Dec 31 19:00:22 vader-rover kernel: [    3.166717] usb 1-2: new high-speed USB device number 2 using ehci-omap
Dec 31 19:00:22 vader-rover kernel: [    3.229278] ehci-omap ehci-omap.0: port 2 reset complete, port enabled
Dec 31 19:00:22 vader-rover kernel: [    3.229309] ehci-omap ehci-omap.0: GetStatus port:2 status 001005 0  ACK POWER sig=se0 PE CONNECT
Dec 31 19:00:22 vader-rover kernel: [    3.323669] usb 1-2: udev 2, busnum 1, minor = 1
Dec 31 19:00:22 vader-rover kernel: [    3.323669] usb 1-2: New USB device found, idVendor=0409, idProduct=005a
Dec 31 19:00:22 vader-rover kernel: [    3.330810] usb 1-2: New USB device strings: Mfr=0, Product=0, SerialNumber=0
Dec 31 19:00:22 vader-rover kernel: [    3.338897] usb 1-2: usb_probe_device
Dec 31 19:00:22 vader-rover kernel: [    3.338928] usb 1-2: configuration #1 chosen from 1 choice
Dec 31 19:00:22 vader-rover kernel: [    3.339233] usb 1-2: adding 1-2:1.0 (config #1, interface 0)
Dec 31 19:00:22 vader-rover kernel: [    3.339416] hub 1-2:1.0: usb_probe_interface
Dec 31 19:00:22 vader-rover kernel: [    3.339447] hub 1-2:1.0: usb_probe_interface - got id
Dec 31 19:00:22 vader-rover kernel: [    3.339477] hub 1-2:1.0: USB hub found
Dec 31 19:00:22 vader-rover kernel: [    3.343627] hub 1-2:1.0: 4 ports detected
Dec 31 19:00:22 vader-rover kernel: [    3.348480] omap_hsmmc omap_hsmmc.1: Failed to get debounce clk
Dec 31 19:00:22 vader-rover kernel: [    3.354888] hub 1-2:1.0: standalone hub
Dec 31 19:00:22 vader-rover kernel: [    3.354919] hub 1-2:1.0: individual port power switching
Dec 31 19:00:22 vader-rover kernel: [    3.354919] hub 1-2:1.0: individual port over-current protection
Dec 31 19:00:22 vader-rover kernel: [    3.354949] hub 1-2:1.0: Single TT
Dec 31 19:00:22 vader-rover kernel: [    3.354980] hub 1-2:1.0: TT requires at most 16 FS bit times (1332 ns)
Dec 31 19:00:22 vader-rover kernel: [    3.354980] hub 1-2:1.0: power on to power good time: 100ms
Dec 31 19:00:22 vader-rover kernel: [    3.355255] hub 1-2:1.0: local power source is good
Dec 31 19:00:22 vader-rover kernel: [    3.355285] hub 1-2:1.0: enabling power on all ports
Dec 31 19:00:22 vader-rover kernel: [    3.401672] Registered led device: overo:red:gpio21
Dec 31 19:00:22 vader-rover kernel: [    3.401824] Registered led device: overo:blue:gpio22
Dec 31 19:00:22 vader-rover kernel: [    3.402648] Registered led device: overo:blue:COM
Dec 31 19:00:22 vader-rover kernel: [    3.404632] usbcore: registered new interface driver usbhid
Dec 31 19:00:22 vader-rover kernel: [    3.410736] usbhid: USB HID core driver
Dec 31 19:00:22 vader-rover kernel: [    3.416046] usbcore: registered new interface driver snd-usb-audio
Dec 31 19:00:22 vader-rover kernel: [    3.424224] overo SoC init
Dec 31 19:00:22 vader-rover kernel: [    3.427368] soc-audio soc-audio: ASoC machine overo should use snd_soc_register_card()
Dec 31 19:00:22 vader-rover kernel: [    3.455932] hub 1-2:1.0: port 1: status 0101 change 0001
Dec 31 19:00:22 vader-rover kernel: [    3.456268] hub 1-2:1.0: port 2: status 0101 change 0001
Dec 31 19:00:22 vader-rover kernel: [    3.456665] hub 1-2:1.0: port 3: status 0101 change 0001
Dec 31 19:00:22 vader-rover kernel: [    3.456878] hub 1-2:1.0: port 4: status 0101 change 0001
Dec 31 19:00:22 vader-rover kernel: [    3.522064] twl4030-codec twl4030-codec: ASoC: Failed to create Capture debugfs file
Dec 31 19:00:22 vader-rover kernel: [    3.534790] asoc: twl4030-hifi <-> omap-mcbsp.2 mapping ok
Dec 31 19:00:22 vader-rover kernel: [    3.545837] oprofile: hardware counters not available
Dec 31 19:00:22 vader-rover kernel: [    3.551391] oprofile: using timer interrupt.
Dec 31 19:00:22 vader-rover kernel: [    3.556793] TCP: cubic registered
Dec 31 19:00:22 vader-rover kernel: [    3.560455] usb 1-2: link qh256-0001/de6c6b00 start 1 [1/0 us]
Dec 31 19:00:22 vader-rover kernel: [    3.560516] hub 1-2:1.0: state 7 ports 4 chg 001e evt 0000
Dec 31 19:00:22 vader-rover kernel: [    3.560577] NET: Registered protocol family 17
Dec 31 19:00:22 vader-rover kernel: [    3.565429] hub 1-2:1.0: port 1, status 0101, change 0000, 12 Mb/s
Dec 31 19:00:22 vader-rover kernel: [    3.565551] NET: Registered protocol family 15
Dec 31 19:00:22 vader-rover kernel: [    3.570465] Key type dns_resolver registered
Dec 31 19:00:22 vader-rover kernel: [    3.575683] VFP support v0.3: implementor 41 architecture 3 part 30 variant c rev 3
Dec 31 19:00:22 vader-rover kernel: [    3.589965] ThumbEE CPU extension supported.
Dec 31 19:00:22 vader-rover kernel: [    3.594482] sr_init: No PMIC hook to init smartreflex
Dec 31 19:00:22 vader-rover kernel: [    3.600524] smartreflex smartreflex.0: omap_sr_probe: SmartReflex driver initialized
Dec 31 19:00:22 vader-rover kernel: [    3.609252] smartreflex smartreflex.1: omap_sr_probe: SmartReflex driver initialized
Dec 31 19:00:22 vader-rover kernel: [    3.626037] clock: disabling unused clocks to save power
Dec 31 19:00:22 vader-rover kernel: [    3.633453] registered taskstats version 1
Dec 31 19:00:22 vader-rover kernel: [    3.638763] fbcvt: 1024x768@60: CVT Name - .786M3-R
Dec 31 19:00:22 vader-rover kernel: [    3.651733] usb 1-2.1: new full-speed USB device number 3 using ehci-omap
Dec 31 19:00:22 vader-rover kernel: [    3.671813] Console: switching to colour frame buffer device 128x48
Dec 31 19:00:22 vader-rover kernel: [    3.694854] VDAC: incomplete constraints, leaving on
Dec 31 19:00:22 vader-rover kernel: [    3.702484] twl_rtc twl_rtc: setting system clock to 2000-01-01 00:00:11 UTC (946684811)
Dec 31 19:00:22 vader-rover kernel: [    3.711639] ALSA device list:
Dec 31 19:00:22 vader-rover kernel: [    3.715057]   #0: overo
Dec 31 19:00:22 vader-rover kernel: [    3.718688] Freeing init memory: 220K
Dec 31 19:00:22 vader-rover kernel: [    3.785064] usb 1-2.1: default language 0x0409
Dec 31 19:00:22 vader-rover kernel: [    3.785522] usb 1-2.1: udev 3, busnum 1, minor = 2
Dec 31 19:00:22 vader-rover kernel: [    3.785552] usb 1-2.1: New USB device found, idVendor=067b, idProduct=2303
Dec 31 19:00:22 vader-rover kernel: [    3.799682] usb 1-2.1: New USB device strings: Mfr=1, Product=2, SerialNumber=0
Dec 31 19:00:22 vader-rover kernel: [    3.815521] usb 1-2.1: Product: USB-Serial Controller D
Dec 31 19:00:22 vader-rover kernel: [    3.821197] usb 1-2.1: Manufacturer: Prolific Technology Inc. 
Dec 31 19:00:22 vader-rover kernel: [    3.847198] usb 1-2.1: usb_probe_device
Dec 31 19:00:22 vader-rover kernel: [    3.847229] usb 1-2.1: configuration #1 chosen from 1 choice
Dec 31 19:00:22 vader-rover kernel: [    3.847564] usb 1-2.1: adding 1-2.1:1.0 (config #1, interface 0)
Dec 31 19:00:22 vader-rover kernel: [    3.848510] hub 1-2:1.0: port 2, status 0101, change 0000, 12 Mb/s
Dec 31 19:00:22 vader-rover kernel: [    3.869598] mmc0: host does not support reading read-only switch. assuming write-enable.
Dec 31 19:00:22 vader-rover kernel: [    3.888397] mmc0: new high speed SDXC card at address 59b4
Dec 31 19:00:22 vader-rover kernel: [    3.900817] mmcblk0: mmc0:59b4       59.6 GiB 
Dec 31 19:00:22 vader-rover kernel: [    3.914154]  mmcblk0: p1 p2
Dec 31 19:00:22 vader-rover kernel: [    3.940551] usb 1-2.2: new high-speed USB device number 4 using ehci-omap
Dec 31 19:00:22 vader-rover kernel: [    3.962707] mmc1: new SDIO card at address 0001
Dec 31 19:00:22 vader-rover kernel: [    4.070434] usb 1-2.2: default language 0x0409
Dec 31 19:00:22 vader-rover kernel: [    4.079315] usb 1-2.2: udev 4, busnum 1, minor = 3
Dec 31 19:00:22 vader-rover kernel: [    4.079376] usb 1-2.2: New USB device found, idVendor=1e10, idProduct=2004
Dec 31 19:00:22 vader-rover kernel: [    4.101928] usb 1-2.2: New USB device strings: Mfr=1, Product=2, SerialNumber=3
Dec 31 19:00:22 vader-rover kernel: [    4.159027] usb 1-2.2: Product: USB 2.0 Digital Imaging Camera
Dec 31 19:00:22 vader-rover kernel: [    4.211883] usb 1-2.2: Manufacturer: Point Grey Research
Dec 31 19:00:22 vader-rover kernel: [    4.266021] usb 1-2.2: SerialNumber: 00CAABB3
Dec 31 19:00:22 vader-rover kernel: [    4.334167] usb 1-2.2: usb_probe_device
Dec 31 19:00:22 vader-rover kernel: [    4.334197] usb 1-2.2: configuration #1 chosen from 1 choice
Dec 31 19:00:22 vader-rover mtp-probe: checking bus 1, device 10: "/sys/devices/platform/usbhs_omap/ehci-omap.0/usb1/1-2/1-2.4/1-2.4.3/1-2.4.3.2"
Dec 31 19:00:22 vader-rover kernel: [    4.334594] usb 1-2.2: adding 1-2.2:1.0 (config #1, interface 0)
Dec 31 19:00:22 vader-rover kernel: [    4.432464] hub 1-2:1.0: port 3, status 0101, change 0000, 12 Mb/s
Dec 31 19:00:22 vader-rover kernel: [    4.518768] usb 1-2.3: new high-speed USB device number 5 using ehci-omap
Dec 31 19:00:22 vader-rover kernel: [    4.664184] usb 1-2.3: default language 0x0409
Dec 31 19:00:22 vader-rover kernel: [    4.673065] usb 1-2.3: udev 5, busnum 1, minor = 4
Dec 31 19:00:22 vader-rover kernel: [    4.673095] usb 1-2.3: New USB device found, idVendor=1e10, idProduct=2004
Dec 31 19:00:22 vader-rover kernel: [    4.700988] usb 1-2.3: New USB device strings: Mfr=1, Product=2, SerialNumber=3
Dec 31 19:00:22 vader-rover kernel: [    4.732971] usb 1-2.3: Product: USB 2.0 Digital Imaging Camera
Dec 31 19:00:22 vader-rover kernel: [    4.760559] usb 1-2.3: Manufacturer: Point Grey Research
Dec 31 19:00:22 vader-rover kernel: [    4.783966] usb 1-2.3: SerialNumber: 00BB1D77
Dec 31 19:00:22 vader-rover kernel: [    4.808044] usb 1-2.3: usb_probe_device
Dec 31 19:00:22 vader-rover kernel: [    4.808074] usb 1-2.3: configuration #1 chosen from 1 choice
Dec 31 19:00:22 vader-rover kernel: [    4.808563] usb 1-2.3: adding 1-2.3:1.0 (config #1, interface 0)
Dec 31 19:00:22 vader-rover kernel: [    4.809387] hub 1-2:1.0: port 4, status 0101, change 0000, 12 Mb/s
Dec 31 19:00:22 vader-rover kernel: [    4.893646] usb 1-2.4: new high-speed USB device number 6 using ehci-omap
Dec 31 19:00:22 vader-rover kernel: [    4.940612] hub 1-2:1.0: port 4 not reset yet, waiting 10ms
Dec 31 19:00:22 vader-rover kernel: [    5.058013] usb 1-2.4: udev 6, busnum 1, minor = 5
Dec 31 19:00:22 vader-rover kernel: [    5.058044] usb 1-2.4: New USB device found, idVendor=0409, idProduct=005a
Dec 31 19:00:22 vader-rover kernel: [    5.085113] usb 1-2.4: New USB device strings: Mfr=0, Product=0, SerialNumber=0
Dec 31 19:00:22 vader-rover kernel: [    5.128417] usb 1-2.4: usb_probe_device
Dec 31 19:00:22 vader-rover kernel: [    5.128448] usb 1-2.4: configuration #1 chosen from 1 choice
Dec 31 19:00:22 vader-rover kernel: [    5.130126] usb 1-2.4: adding 1-2.4:1.0 (config #1, interface 0)
Dec 31 19:00:22 vader-rover kernel: [    5.130371] hub 1-2.4:1.0: usb_probe_interface
Dec 31 19:00:22 vader-rover kernel: [    5.130401] hub 1-2.4:1.0: usb_probe_interface - got id
Dec 31 19:00:22 vader-rover kernel: [    5.130432] hub 1-2.4:1.0: USB hub found
Dec 31 19:00:22 vader-rover kernel: [    5.166778] hub 1-2.4:1.0: 4 ports detected
Dec 31 19:00:22 vader-rover kernel: [    5.194793] hub 1-2.4:1.0: standalone hub
Dec 31 19:00:22 vader-rover kernel: [    5.194824] hub 1-2.4:1.0: individual port power switching
Dec 31 19:00:22 vader-rover kernel: [    5.194854] hub 1-2.4:1.0: individual port over-current protection
Dec 31 19:00:22 vader-rover kernel: [    5.194854] hub 1-2.4:1.0: Single TT
Dec 31 19:00:22 vader-rover kernel: [    5.194885] hub 1-2.4:1.0: TT requires at most 16 FS bit times (1332 ns)
Dec 31 19:00:22 vader-rover kernel: [    5.194915] hub 1-2.4:1.0: power on to power good time: 100ms
Dec 31 19:00:22 vader-rover kernel: [    5.196777] hub 1-2.4:1.0: local power source is good
Dec 31 19:00:22 vader-rover kernel: [    5.196838] hub 1-2.4:1.0: enabling power on all ports
Dec 31 19:00:22 vader-rover kernel: [    5.197784] hub 1-2:1.0: state 7 ports 4 chg 0000 evt 0010
Dec 31 19:00:22 vader-rover kernel: [    5.214019] EXT3-fs (mmcblk0p2): mounted filesystem with writeback data mode
Dec 31 19:00:22 vader-rover kernel: [    5.227142] kjournald starting.  Commit interval 5 seconds
Dec 31 19:00:22 vader-rover kernel: [    5.292236] hub 1-2.4:1.0: port 2: status 0101 change 0001
Dec 31 19:00:22 vader-rover kernel: [    5.292602] hub 1-2.4:1.0: port 3: status 0101 change 0001
Dec 31 19:00:22 vader-rover kernel: [    5.394927] usb 1-2.4: link qh256-0001/de78f200 start 2 [1/0 us]
Dec 31 19:00:22 vader-rover kernel: [    5.395050] hub 1-2.4:1.0: state 7 ports 4 chg 000c evt 0000
Dec 31 19:00:22 vader-rover kernel: [    5.395324] hub 1-2.4:1.0: port 2, status 0101, change 0000, 12 Mb/s
Dec 31 19:00:22 vader-rover kernel: [    5.479736] usb 1-2.4.2: new full-speed USB device number 7 using ehci-omap
Dec 31 19:00:22 vader-rover kernel: [    5.511016] hub 1-2.4:1.0: port 2 not reset yet, waiting 10ms
Dec 31 19:00:22 vader-rover kernel: [    5.627716] usb 1-2.4.2: ep0 maxpacket = 8
Dec 31 19:00:22 vader-rover kernel: [    5.630401] usb 1-2.4.2: default language 0x0409
Dec 31 19:00:22 vader-rover kernel: [    5.635437] usb 1-2.4.2: udev 7, busnum 1, minor = 6
Dec 31 19:00:22 vader-rover kernel: [    5.635467] usb 1-2.4.2: New USB device found, idVendor=0403, idProduct=6001
Dec 31 19:00:22 vader-rover kernel: [    5.649475] usb 1-2.4.2: New USB device strings: Mfr=1, Product=2, SerialNumber=3
Dec 31 19:00:22 vader-rover kernel: [    5.664215] usb 1-2.4.2: Product: FT232R USB UART
Dec 31 19:00:22 vader-rover kernel: [    5.676300] usb 1-2.4.2: Manufacturer: FTDI
Dec 31 19:00:22 vader-rover kernel: [    5.687713] usb 1-2.4.2: SerialNumber: A702LYT7
Dec 31 19:00:22 vader-rover kernel: [    5.702331] usb 1-2.4.2: usb_probe_device
Dec 31 19:00:22 vader-rover kernel: [    5.702362] usb 1-2.4.2: configuration #1 chosen from 1 choice
Dec 31 19:00:22 vader-rover kernel: [    5.704254] usb 1-2.4.2: adding 1-2.4.2:1.0 (config #1, interface 0)
Dec 31 19:00:22 vader-rover kernel: [    5.710632] hub 1-2.4:1.0: port 3, status 0101, change 0000, 12 Mb/s
Dec 31 19:00:22 vader-rover kernel: [    5.791992] usb 1-2.4.3: new high-speed USB device number 8 using ehci-omap
Dec 31 19:00:22 vader-rover kernel: [    5.925476] usb 1-2.4.3: udev 8, busnum 1, minor = 7
Dec 31 19:00:22 vader-rover kernel: [    5.925537] usb 1-2.4.3: New USB device found, idVendor=0424, idProduct=2514
Dec 31 19:00:22 vader-rover kernel: [    5.946289] usb 1-2.4.3: New USB device strings: Mfr=0, Product=0, SerialNumber=0
Dec 31 19:00:22 vader-rover kernel: [    5.961791] usb 1-2.4.3: usb_probe_device
Dec 31 19:00:22 vader-rover kernel: [    5.961822] usb 1-2.4.3: configuration #1 chosen from 1 choice
Dec 31 19:00:22 vader-rover kernel: [    5.964965] usb 1-2.4.3: adding 1-2.4.3:1.0 (config #1, interface 0)
Dec 31 19:00:22 vader-rover kernel: [    5.965209] hub 1-2.4.3:1.0: usb_probe_interface
Dec 31 19:00:22 vader-rover kernel: [    5.965240] hub 1-2.4.3:1.0: usb_probe_interface - got id
Dec 31 19:00:22 vader-rover kernel: [    5.965270] hub 1-2.4.3:1.0: USB hub found
Dec 31 19:00:22 vader-rover kernel: [    5.975921] hub 1-2.4.3:1.0: 4 ports detected
Dec 31 19:00:22 vader-rover kernel: [    5.985778] hub 1-2.4.3:1.0: compound device; port removable status: FRRR
Dec 31 19:00:22 vader-rover kernel: [    5.985809] hub 1-2.4.3:1.0: individual port power switching
Dec 31 19:00:22 vader-rover kernel: [    5.985839] hub 1-2.4.3:1.0: individual port over-current protection
Dec 31 19:00:22 vader-rover kernel: [    5.986175] hub 1-2.4.3:1.0: TT per port
Dec 31 19:00:22 vader-rover kernel: [    5.986206] hub 1-2.4.3:1.0: TT requires at most 8 FS bit times (666 ns)
Dec 31 19:00:22 vader-rover kernel: [    5.986206] hub 1-2.4.3:1.0: power on to power good time: 100ms
Dec 31 19:00:22 vader-rover kernel: [    5.987945] hub 1-2.4.3:1.0: local power source is good
Dec 31 19:00:22 vader-rover kernel: [    5.987976] hub 1-2.4.3:1.0: enabling power on all ports
Dec 31 19:00:22 vader-rover kernel: [    5.989318] hub 1-2.4:1.0: state 7 ports 4 chg 0000 evt 0008
Dec 31 19:00:22 vader-rover kernel: [    6.098297] hub 1-2.4.3:1.0: port 1: status 0101 change 0001
Dec 31 19:00:22 vader-rover kernel: [    6.098571] hub 1-2.4.3:1.0: port 2: status 0101 change 0001
Dec 31 19:00:22 vader-rover kernel: [    6.198211] usb 1-2.4.3: link qh256-0001/de78fc00 start 3 [1/0 us]
Dec 31 19:00:22 vader-rover kernel: [    6.198303] hub 1-2.4.3:1.0: state 7 ports 4 chg 0006 evt 0000
Dec 31 19:00:22 vader-rover kernel: [    6.198577] hub 1-2.4.3:1.0: port 1, status 0101, change 0000, 12 Mb/s
Dec 31 19:00:22 vader-rover kernel: [    6.284240] usb 1-2.4.3.1: new full-speed USB device number 9 using ehci-omap
Dec 31 19:00:22 vader-rover kernel: [    6.417968] usb 1-2.4.3.1: skipped 1 descriptor after interface
Dec 31 19:00:22 vader-rover kernel: [    6.418334] usb 1-2.4.3.1: default language 0x0409
Dec 31 19:00:22 vader-rover kernel: [    6.419189] usb 1-2.4.3.1: udev 9, busnum 1, minor = 8
Dec 31 19:00:22 vader-rover kernel: [    6.419189] usb 1-2.4.3.1: New USB device found, idVendor=0eef, idProduct=0001
Dec 31 19:00:22 vader-rover kernel: [    6.436828] usb 1-2.4.3.1: New USB device strings: Mfr=1, Product=2, SerialNumber=0
Dec 31 19:00:22 vader-rover kernel: [    6.466400] usb 1-2.4.3.1: Product: USB TouchController
Dec 31 19:00:22 vader-rover kernel: [    6.518310] usb 1-2.4.3.1: Manufacturer: eGalax Inc.
Dec 31 19:00:22 vader-rover kernel: [    6.571502] usb 1-2.4.3.1: usb_probe_device
Dec 31 19:00:22 vader-rover kernel: [    6.571533] usb 1-2.4.3.1: configuration #1 chosen from 1 choice
Dec 31 19:00:22 vader-rover kernel: [    6.573059] usb 1-2.4.3.1: adding 1-2.4.3.1:1.0 (config #1, interface 0)
Dec 31 19:00:22 vader-rover kernel: [    6.573364] usbhid 1-2.4.3.1:1.0: usb_probe_interface
Dec 31 19:00:22 vader-rover kernel: [    6.573394] usbhid 1-2.4.3.1:1.0: usb_probe_interface - got id
Dec 31 19:00:22 vader-rover kernel: [    6.581939] input: eGalax Inc. USB TouchController as /devices/platform/usbhs_omap/ehci-omap.0/usb1/1-2/1-2.4/1-2.4.3/1-2.4.3.1/1-2.4.3.1:1.0/input/input0
Dec 31 19:00:22 vader-rover kernel: [    6.624389] input: eGalax Inc. USB TouchController as /devices/platform/usbhs_omap/ehci-omap.0/usb1/1-2/1-2.4/1-2.4.3/1-2.4.3.1/1-2.4.3.1:1.0/input/input1
Dec 31 19:00:22 vader-rover kernel: [    6.761627] hid-generic 0003:0EEF:0001.0001: input: USB HID v2.10 Pointer [eGalax Inc. USB TouchController] on usb-ehci-omap.0-2.4.3.1/input0
Dec 31 19:00:22 vader-rover kernel: [    6.797302] hub 1-2.4.3:1.0: port 2, status 0101, change 0000, 12 Mb/s
Dec 31 19:00:22 vader-rover kernel: [    6.878234] usb 1-2.4.3.2: new high-speed USB device number 10 using ehci-omap
Dec 31 19:00:22 vader-rover kernel: [    7.027984] usb 1-2.4.3.2: skipped 1 descriptor after interface
Dec 31 19:00:22 vader-rover kernel: [    7.028442] usb 1-2.4.3.2: default language 0x0409
Dec 31 19:00:22 vader-rover kernel: [    7.030456] usb 1-2.4.3.2: udev 10, busnum 1, minor = 9
Dec 31 19:00:22 vader-rover kernel: [    7.030487] usb 1-2.4.3.2: New USB device found, idVendor=17e9, idProduct=03cc
Dec 31 19:00:22 vader-rover kernel: [    7.053741] usb 1-2.4.3.2: New USB device strings: Mfr=1, Product=2, SerialNumber=3
Dec 31 19:00:22 vader-rover kernel: [    7.072784] usb 1-2.4.3.2: Product: USB Monitor
Dec 31 19:00:22 vader-rover kernel: [    7.095031] usb 1-2.4.3.2: Manufacturer: DisplayLink
Dec 31 19:00:22 vader-rover kernel: [    7.125732] usb 1-2.4.3.2: SerialNumber: 71560052
Dec 31 19:00:22 vader-rover kernel: [    7.139404] usb 1-2.4.3.2: usb_probe_device
Dec 31 19:00:22 vader-rover kernel: [    7.139434] usb 1-2.4.3.2: configuration #1 chosen from 1 choice
Dec 31 19:00:22 vader-rover kernel: [    7.140380] usb 1-2.4.3.2: adding 1-2.4.3.2:1.0 (config #1, interface 0)
Dec 31 19:00:22 vader-rover kernel: [    7.141845] hub 1-2.4.3:1.0: state 7 ports 4 chg 0000 evt 0002
Dec 31 19:00:22 vader-rover kernel: [    7.545898] end_request: I/O error, dev mtdblock0, sector 0
Dec 31 19:00:22 vader-rover kernel: [    7.557708] Buffer I/O error on device mtdblock0, logical block 0
Dec 31 19:00:22 vader-rover kernel: [    7.687652] end_request: I/O error, dev mtdblock0, sector 0
Dec 31 19:00:22 vader-rover kernel: [    7.699462] Buffer I/O error on device mtdblock0, logical block 0
Dec 31 19:00:22 vader-rover kernel: [    7.805816] end_request: I/O error, dev mtdblock0, sector 0
Dec 31 19:00:22 vader-rover kernel: [    7.817657] Buffer I/O error on device mtdblock0, logical block 0
Dec 31 19:00:22 vader-rover kernel: [    7.901397] end_request: I/O error, dev mtdblock0, sector 0
Dec 31 19:00:22 vader-rover kernel: [    7.913269] Buffer I/O error on device mtdblock0, logical block 0
Dec 31 19:00:22 vader-rover kernel: [    8.034667] end_request: I/O error, dev mtdblock0, sector 0
Dec 31 19:00:22 vader-rover kernel: [    8.046508] Buffer I/O error on device mtdblock0, logical block 0
Dec 31 19:00:22 vader-rover kernel: [    8.166961] end_request: I/O error, dev mtdblock0, sector 0
Dec 31 19:00:22 vader-rover kernel: [    8.178894] Buffer I/O error on device mtdblock0, logical block 0
Dec 31 19:00:22 vader-rover kernel: [    8.261352] end_request: I/O error, dev mtdblock0, sector 0
Dec 31 19:00:22 vader-rover kernel: [    8.273284] Buffer I/O error on device mtdblock0, logical block 0
Dec 31 19:00:22 vader-rover kernel: [    8.308135] end_request: I/O error, dev mtdblock0, sector 0
Dec 31 19:00:22 vader-rover kernel: [    8.320098] Buffer I/O error on device mtdblock0, logical block 0
Dec 31 19:00:22 vader-rover kernel: [    8.333801] end_request: I/O error, dev mtdblock0, sector 0
Dec 31 19:00:22 vader-rover kernel: [    8.345794] Buffer I/O error on device mtdblock0, logical block 0
Dec 31 19:00:22 vader-rover kernel: [    8.359466] end_request: I/O error, dev mtdblock0, sector 0
Dec 31 19:00:22 vader-rover kernel: [    8.371398] Buffer I/O error on device mtdblock0, logical block 0
Dec 31 19:00:22 vader-rover kernel: [    8.385925] end_request: I/O error, dev mtdblock0, sector 0
Dec 31 19:00:22 vader-rover kernel: [    8.399353] end_request: I/O error, dev mtdblock0, sector 0
Dec 31 19:00:22 vader-rover kernel: [    8.412689] end_request: I/O error, dev mtdblock0, sector 0
Dec 31 19:00:22 vader-rover kernel: [    8.426025] end_request: I/O error, dev mtdblock0, sector 0
Dec 31 19:00:22 vader-rover kernel: [    8.439208] end_request: I/O error, dev mtdblock0, sector 0
Dec 31 19:00:22 vader-rover kernel: [    8.452514] end_request: I/O error, dev mtdblock0, sector 0
Dec 31 19:00:22 vader-rover kernel: [    8.465789] end_request: I/O error, dev mtdblock0, sector 0
Dec 31 19:00:22 vader-rover kernel: [    8.480316] end_request: I/O error, dev mtdblock0, sector 8
Dec 31 19:00:22 vader-rover kernel: [    8.496337] end_request: I/O error, dev mtdblock0, sector 8
Dec 31 19:00:22 vader-rover kernel: [    8.526306] end_request: I/O error, dev mtdblock0, sector 8
Dec 31 19:00:22 vader-rover kernel: [    8.557556] end_request: I/O error, dev mtdblock0, sector 8
Dec 31 19:00:22 vader-rover kernel: [    8.577941] end_request: I/O error, dev mtdblock0, sector 24
Dec 31 19:00:22 vader-rover kernel: [    8.603942] end_request: I/O error, dev mtdblock0, sector 24
Dec 31 19:00:22 vader-rover kernel: [    8.635864] end_request: I/O error, dev mtdblock0, sector 24
Dec 31 19:00:22 vader-rover kernel: [    8.663513] end_request: I/O error, dev mtdblock0, sector 24
Dec 31 19:00:22 vader-rover kernel: [    8.695037] end_request: I/O error, dev mtdblock0, sector 56
Dec 31 19:00:22 vader-rover kernel: [    8.723266] end_request: I/O error, dev mtdblock0, sector 56
Dec 31 19:00:22 vader-rover kernel: [    8.751220] end_request: I/O error, dev mtdblock0, sector 56
Dec 31 19:00:22 vader-rover kernel: [    8.791870] end_request: I/O error, dev mtdblock0, sector 56
Dec 31 19:00:22 vader-rover kernel: [    8.821380] end_request: I/O error, dev mtdblock0, sector 120
Dec 31 19:00:22 vader-rover kernel: [    8.854461] end_request: I/O error, dev mtdblock0, sector 120
Dec 31 19:00:22 vader-rover kernel: [    8.870788] end_request: I/O error, dev mtdblock0, sector 120
Dec 31 19:00:22 vader-rover kernel: [    8.903015] end_request: I/O error, dev mtdblock0, sector 120
Dec 31 19:00:22 vader-rover kernel: [    8.924926] end_request: I/O error, dev mtdblock0, sector 0
Dec 31 19:00:22 vader-rover kernel: [    8.954925] end_request: I/O error, dev mtdblock0, sector 0
Dec 31 19:00:22 vader-rover kernel: [    8.985626] end_request: I/O error, dev mtdblock0, sector 8
Dec 31 19:00:22 vader-rover kernel: [    9.010681] end_request: I/O error, dev mtdblock0, sector 8
Dec 31 19:00:22 vader-rover kernel: [    9.034881] ads7846 spi1.0: touchscreen, irq 210
Dec 31 19:00:22 vader-rover kernel: [    9.035186] ads7846 spi1.0: no device detected, test read result was 0x00000FFF
Dec 31 19:00:22 vader-rover kernel: [    9.040649] end_request: I/O error, dev mtdblock0, sector 24
Dec 31 19:00:22 vader-rover kernel: [    9.065612] end_request: I/O error, dev mtdblock0, sector 24
Dec 31 19:00:22 vader-rover kernel: [    9.089019] end_request: I/O error, dev mtdblock0, sector 56
Dec 31 19:00:22 vader-rover kernel: [    9.103881] Linux media interface: v0.10
Dec 31 19:00:22 vader-rover kernel: [    9.118713] end_request: I/O error, dev mtdblock0, sector 56
Dec 31 19:00:22 vader-rover kernel: [    9.135681] end_request: I/O error, dev mtdblock0, sector 120
Dec 31 19:00:22 vader-rover kernel: [    9.159179] end_request: I/O error, dev mtdblock0, sector 120
Dec 31 19:00:22 vader-rover kernel: [    9.181396] end_request: I/O error, dev mtdblock0, sector 0
Dec 31 19:00:22 vader-rover kernel: [    9.206176] end_request: I/O error, dev mtdblock0, sector 0
Dec 31 19:00:22 vader-rover kernel: [    9.215332] Linux video capture interface: v2.00
Dec 31 19:00:22 vader-rover kernel: [    9.229431] end_request: I/O error, dev mtdblock0, sector 0
Dec 31 19:00:22 vader-rover kernel: [    9.245330] end_request: I/O error, dev mtdblock0, sector 0
Dec 31 19:00:22 vader-rover kernel: [    9.274383] end_request: I/O error, dev mtdblock0, sector 0
Dec 31 19:00:22 vader-rover kernel: [    9.296600] end_request: I/O error, dev mtdblock0, sector 0
Dec 31 19:00:22 vader-rover kernel: [    9.325988] end_request: I/O error, dev mtdblock0, sector 64
Dec 31 19:00:22 vader-rover kernel: [    9.350524] end_request: I/O error, dev mtdblock0, sector 64
Dec 31 19:00:22 vader-rover kernel: [    9.375885] end_request: I/O error, dev mtdblock0, sector 64
Dec 31 19:00:22 vader-rover kernel: [    9.400024] end_request: I/O error, dev mtdblock0, sector 64
Dec 31 19:00:22 vader-rover kernel: [    9.421936] end_request: I/O error, dev mtdblock0, sector 64
Dec 31 19:00:22 vader-rover kernel: [    9.444885] end_request: I/O error, dev mtdblock0, sector 64
Dec 31 19:00:22 vader-rover kernel: [    9.461151] omap3isp omap3isp: Revision 15.0 found
Dec 31 19:00:22 vader-rover kernel: [    9.461303] omap-iommu omap-iommu.0: isp: version 1.1
Dec 31 19:00:22 vader-rover kernel: [    9.467681] end_request: I/O error, dev mtdblock0, sector 64
Dec 31 19:00:22 vader-rover kernel: [    9.494567] end_request: I/O error, dev mtdblock0, sector 64
Dec 31 19:00:22 vader-rover kernel: [    9.505920] lib80211: common routines for IEEE802.11 drivers
Dec 31 19:00:22 vader-rover kernel: [    9.505950] lib80211_crypt: registered algorithm 'NULL'
Dec 31 19:00:22 vader-rover kernel: [    9.510498] end_request: I/O error, dev mtdblock0, sector 64
Dec 31 19:00:22 vader-rover kernel: [    9.541961] end_request: I/O error, dev mtdblock0, sector 0
Dec 31 19:00:22 vader-rover kernel: [    9.565307] end_request: I/O error, dev mtdblock0, sector 0
Dec 31 19:00:22 vader-rover kernel: [    9.593750] mt9v032 3-005c: Probing MT9V032 at address 0x5c
Dec 31 19:00:22 vader-rover kernel: [    9.595123] end_request: I/O error, dev mtdblock0, sector 0
Dec 31 19:00:22 vader-rover kernel: [    9.617980] end_request: I/O error, dev mtdblock0, sector 0
Dec 31 19:00:22 vader-rover kernel: [    9.636383] end_request: I/O error, dev mtdblock0, sector 0
Dec 31 19:00:22 vader-rover kernel: [    9.660858] end_request: I/O error, dev mtdblock0, sector 16
Dec 31 19:00:22 vader-rover kernel: [    9.679260] end_request: I/O error, dev mtdblock0, sector 0
Dec 31 19:00:22 vader-rover kernel: [    9.693450] end_request: I/O error, dev mtdblock0, sector 0
Dec 31 19:00:22 vader-rover kernel: [    9.717559] end_request: I/O error, dev mtdblock0, sector 0
Dec 31 19:00:22 vader-rover kernel: [    9.737243] end_request: I/O error, dev mtdblock0, sector 0
Dec 31 19:00:22 vader-rover kernel: [    9.760192] end_request: I/O error, dev mtdblock0, sector 0
Dec 31 19:00:22 vader-rover kernel: [    9.781219] end_request: I/O error, dev mtdblock0, sector 0
Dec 31 19:00:22 vader-rover kernel: [    9.795104] cfg80211: Calling CRDA to update world regulatory domain
Dec 31 19:00:22 vader-rover kernel: [    9.807556] end_request: I/O error, dev mtdblock0, sector 0
Dec 31 19:00:22 vader-rover kernel: [    9.830993] end_request: I/O error, dev mtdblock0, sector 0
Dec 31 19:00:22 vader-rover kernel: [    9.855224] end_request: I/O error, dev mtdblock0, sector 0
Dec 31 19:00:22 vader-rover kernel: [    9.872619] end_request: I/O error, dev mtdblock0, sector 0
Dec 31 19:00:22 vader-rover kernel: [    9.894866] end_request: I/O error, dev mtdblock0, sector 0
Dec 31 19:00:22 vader-rover kernel: [    9.918609] end_request: I/O error, dev mtdblock0, sector 0
Dec 31 19:00:22 vader-rover kernel: [    9.940429] end_request: I/O error, dev mtdblock0, sector 0
Dec 31 19:00:22 vader-rover kernel: [    9.947875] libertas_sdio: Libertas SDIO driver
Dec 31 19:00:22 vader-rover kernel: [    9.947906] libertas_sdio: Copyright Pierre Ossman
Dec 31 19:00:22 vader-rover kernel: [    9.959381] end_request: I/O error, dev mtdblock0, sector 0
Dec 31 19:00:22 vader-rover kernel: [    9.979431] end_request: I/O error, dev mtdblock0, sector 0
Dec 31 19:00:22 vader-rover kernel: [   10.003082] end_request: I/O error, dev mtdblock0, sector 0
Dec 31 19:00:22 vader-rover kernel: [   10.028228] end_request: I/O error, dev mtdblock0, sector 0
Dec 31 19:00:22 vader-rover kernel: [   10.043243] end_request: I/O error, dev mtdblock0, sector 0
Dec 31 19:00:22 vader-rover kernel: [   10.065368] end_request: I/O error, dev mtdblock0, sector 8
Dec 31 19:00:22 vader-rover kernel: [   10.087951] end_request: I/O error, dev mtdblock0, sector 0
Dec 31 19:00:22 vader-rover kernel: [   10.101989] end_request: I/O error, dev mtdblock0, sector 0
Dec 31 19:00:22 vader-rover kernel: [   10.118591] end_request: I/O error, dev mtdblock0, sector 0
Dec 31 19:00:22 vader-rover kernel: [   10.143676] end_request: I/O error, dev mtdblock0, sector 0
Dec 31 19:00:22 vader-rover kernel: [   10.563262] end_request: I/O error, dev mtdblock0, sector 0
Dec 31 19:00:22 vader-rover kernel: [   10.586547] end_request: I/O error, dev mtdblock0, sector 0
Dec 31 19:00:22 vader-rover kernel: [   10.594451] omap_i2c omap_i2c.3: controller timed out
Dec 31 19:00:22 vader-rover kernel: [   10.613433] end_request: I/O error, dev mtdblock0, sector 0
Dec 31 19:00:22 vader-rover kernel: [   10.635711] end_request: I/O error, dev mtdblock0, sector 0
Dec 31 19:00:22 vader-rover kernel: [   10.659149] end_request: I/O error, dev mtdblock0, sector 0
Dec 31 19:00:22 vader-rover kernel: [   10.672393] end_request: I/O error, dev mtdblock0, sector 0
Dec 31 19:00:22 vader-rover kernel: [   10.690368] end_request: I/O error, dev mtdblock0, sector 0
Dec 31 19:00:22 vader-rover kernel: [   10.706176] end_request: I/O error, dev mtdblock0, sector 0
Dec 31 19:00:22 vader-rover kernel: [   10.720428] end_request: I/O error, dev mtdblock0, sector 0
Dec 31 19:00:22 vader-rover kernel: [   10.737274] end_request: I/O error, dev mtdblock0, sector 0
Dec 31 19:00:22 vader-rover kernel: [   10.745056] mt9v032 3-005c: MT9V032 power up failed
Dec 31 19:00:22 vader-rover kernel: [   10.752349] end_request: I/O error, dev mtdblock0, sector 0
Dec 31 19:00:22 vader-rover kernel: [   10.768463] end_request: I/O error, dev mtdblock0, sector 0
Dec 31 19:00:22 vader-rover kernel: [   10.786773] end_request: I/O error, dev mtdblock0, sector 0
Dec 31 19:00:22 vader-rover kernel: [   10.802337] end_request: I/O error, dev mtdblock0, sector 0
Dec 31 19:00:22 vader-rover kernel: [   10.823211] end_request: I/O error, dev mtdblock0, sector 0
Dec 31 19:00:22 vader-rover kernel: [   10.837738] end_request: I/O error, dev mtdblock0, sector 0
Dec 31 19:00:22 vader-rover kernel: [   10.864196] end_request: I/O error, dev mtdblock0, sector 0
Dec 31 19:00:22 vader-rover kernel: [   10.887115] end_request: I/O error, dev mtdblock0, sector 8
Dec 31 19:00:22 vader-rover kernel: [   10.898101] isp_register_subdev_group: Unable to register subdev mt9v032
Dec 31 19:00:22 vader-rover kernel: [   10.907287] end_request: I/O error, dev mtdblock0, sector 8
Dec 31 19:00:22 vader-rover kernel: [   10.921936] end_request: I/O error, dev mtdblock0, sector 8
Dec 31 19:00:22 vader-rover kernel: [   10.940521] end_request: I/O error, dev mtdblock0, sector 8
Dec 31 19:00:22 vader-rover kernel: [   10.959228] end_request: I/O error, dev mtdblock0, sector 24
Dec 31 19:00:22 vader-rover kernel: [   10.984710] end_request: I/O error, dev mtdblock0, sector 24
Dec 31 19:00:22 vader-rover kernel: [   10.997894] end_request: I/O error, dev mtdblock0, sector 24
Dec 31 19:00:22 vader-rover kernel: [   11.026306] end_request: I/O error, dev mtdblock0, sector 24
Dec 31 19:00:22 vader-rover kernel: [   11.037445] end_request: I/O error, dev mtdblock0, sector 56
Dec 31 19:00:22 vader-rover kernel: [   11.062774] end_request: I/O error, dev mtdblock0, sector 56
Dec 31 19:00:22 vader-rover kernel: [   11.088775] end_request: I/O error, dev mtdblock0, sector 56
Dec 31 19:00:22 vader-rover kernel: [   11.103668] end_request: I/O error, dev mtdblock0, sector 56
Dec 31 19:00:22 vader-rover kernel: [   11.128540] end_request: I/O error, dev mtdblock0, sector 120
Dec 31 19:00:22 vader-rover kernel: [   11.151306] end_request: I/O error, dev mtdblock0, sector 120
Dec 31 19:00:22 vader-rover kernel: [   11.170471] end_request: I/O error, dev mtdblock0, sector 120
Dec 31 19:00:22 vader-rover kernel: [   11.198425] end_request: I/O error, dev mtdblock0, sector 120
Dec 31 19:00:22 vader-rover kernel: [   11.228210] end_request: I/O error, dev mtdblock0, sector 0
Dec 31 19:00:22 vader-rover kernel: [   11.245056] end_request: I/O error, dev mtdblock0, sector 0
Dec 31 19:00:22 vader-rover kernel: [   11.266784] end_request: I/O error, dev mtdblock0, sector 8
Dec 31 19:00:22 vader-rover kernel: [   11.300109] end_request: I/O error, dev mtdblock0, sector 8
Dec 31 19:00:22 vader-rover kernel: [   11.315368] end_request: I/O error, dev mtdblock0, sector 24
Dec 31 19:00:22 vader-rover kernel: [   11.331024] end_request: I/O error, dev mtdblock0, sector 24
Dec 31 19:00:22 vader-rover kernel: [   11.346618] end_request: I/O error, dev mtdblock0, sector 56
Dec 31 19:00:22 vader-rover kernel: [   11.368835] end_request: I/O error, dev mtdblock0, sector 56
Dec 31 19:00:22 vader-rover kernel: [   11.390838] end_request: I/O error, dev mtdblock0, sector 120
Dec 31 19:00:22 vader-rover kernel: [   11.409088] end_request: I/O error, dev mtdblock0, sector 120
Dec 31 19:00:22 vader-rover kernel: [   11.440338] end_request: I/O error, dev mtdblock0, sector 0
Dec 31 19:00:22 vader-rover kernel: [   11.456146] end_request: I/O error, dev mtdblock0, sector 0
Dec 31 19:00:22 vader-rover kernel: [   11.471618] end_request: I/O error, dev mtdblock0, sector 0
Dec 31 19:00:22 vader-rover kernel: [   11.487243] end_request: I/O error, dev mtdblock0, sector 0
Dec 31 19:00:22 vader-rover kernel: [   11.510559] end_request: I/O error, dev mtdblock0, sector 0
Dec 31 19:00:22 vader-rover kernel: [   11.530334] end_request: I/O error, dev mtdblock0, sector 0
Dec 31 19:00:22 vader-rover kernel: [   11.549957] end_request: I/O error, dev mtdblock0, sector 64
Dec 31 19:00:22 vader-rover kernel: [   11.573028] end_request: I/O error, dev mtdblock0, sector 64
Dec 31 19:00:22 vader-rover kernel: [   11.592468] end_request: I/O error, dev mtdblock0, sector 64
Dec 31 19:00:22 vader-rover kernel: [   11.608245] end_request: I/O error, dev mtdblock0, sector 64
Dec 31 19:00:22 vader-rover kernel: [   11.626922] end_request: I/O error, dev mtdblock0, sector 64
Dec 31 19:00:22 vader-rover kernel: [   11.651336] end_request: I/O error, dev mtdblock0, sector 64
Dec 31 19:00:22 vader-rover kernel: [   11.666900] end_request: I/O error, dev mtdblock0, sector 64
Dec 31 19:00:22 vader-rover kernel: [   11.681488] end_request: I/O error, dev mtdblock0, sector 64
Dec 31 19:00:22 vader-rover kernel: [   11.697326] end_request: I/O error, dev mtdblock0, sector 64
Dec 31 19:00:22 vader-rover kernel: [   11.713897] end_request: I/O error, dev mtdblock0, sector 0
Dec 31 19:00:22 vader-rover kernel: [   11.731384] end_request: I/O error, dev mtdblock0, sector 0
Dec 31 19:00:22 vader-rover kernel: [   11.750274] end_request: I/O error, dev mtdblock0, sector 0
Dec 31 19:00:22 vader-rover kernel: [   11.771331] end_request: I/O error, dev mtdblock0, sector 0
Dec 31 19:00:22 vader-rover kernel: [   11.790283] end_request: I/O error, dev mtdblock0, sector 0
Dec 31 19:00:22 vader-rover kernel: [   11.807250] end_request: I/O error, dev mtdblock0, sector 16
Dec 31 19:00:22 vader-rover kernel: [   11.825317] end_request: I/O error, dev mtdblock0, sector 0
Dec 31 19:00:22 vader-rover kernel: [   11.838806] end_request: I/O error, dev mtdblock0, sector 0
Dec 31 19:00:22 vader-rover kernel: [   11.855651] end_request: I/O error, dev mtdblock0, sector 0
Dec 31 19:00:22 vader-rover kernel: [   11.875488] end_request: I/O error, dev mtdblock0, sector 0
Dec 31 19:00:22 vader-rover kernel: [   11.885681] end_request: I/O error, dev mtdblock0, sector 0
Dec 31 19:00:22 vader-rover kernel: [   11.901306] end_request: I/O error, dev mtdblock0, sector 0
Dec 31 19:00:22 vader-rover kernel: [   11.916961] end_request: I/O error, dev mtdblock0, sector 0
Dec 31 19:00:22 vader-rover kernel: [   11.932556] end_request: I/O error, dev mtdblock0, sector 0
Dec 31 19:00:22 vader-rover kernel: [   11.948211] end_request: I/O error, dev mtdblock0, sector 0
Dec 31 19:00:22 vader-rover kernel: [   11.963745] end_request: I/O error, dev mtdblock0, sector 0
Dec 31 19:00:22 vader-rover kernel: [   11.979461] end_request: I/O error, dev mtdblock0, sector 0
Dec 31 19:00:22 vader-rover kernel: [   11.995086] end_request: I/O error, dev mtdblock0, sector 0
Dec 31 19:00:22 vader-rover kernel: [   12.011718] end_request: I/O error, dev mtdblock0, sector 0
Dec 31 19:00:22 vader-rover kernel: [   12.034210] end_request: I/O error, dev mtdblock0, sector 0
Dec 31 19:00:22 vader-rover kernel: [   12.043762] end_request: I/O error, dev mtdblock0, sector 0
Dec 31 19:00:22 vader-rover kernel: [   12.065368] end_request: I/O error, dev mtdblock0, sector 0
Dec 31 19:00:22 vader-rover kernel: [   12.080993] end_request: I/O error, dev mtdblock0, sector 0
Dec 31 19:00:22 vader-rover kernel: [   12.088806] end_request: I/O error, dev mtdblock0, sector 0
Dec 31 19:00:22 vader-rover kernel: [   12.104461] end_request: I/O error, dev mtdblock0, sector 8
Dec 31 19:00:22 vader-rover kernel: [   12.120056] end_request: I/O error, dev mtdblock0, sector 0
Dec 31 19:00:22 vader-rover kernel: [   12.135681] end_request: I/O error, dev mtdblock0, sector 0
Dec 31 19:00:22 vader-rover kernel: [   12.151336] end_request: I/O error, dev mtdblock0, sector 0
Dec 31 19:00:22 vader-rover kernel: [   12.164764] end_request: I/O error, dev mtdblock0, sector 0
Dec 31 19:00:22 vader-rover kernel: [   12.601928] EXT3-fs (mmcblk0p2): using internal journal
Dec 31 19:00:22 vader-rover kernel: [   13.023132] hub 1-2.4:1.0: state 7 ports 4 chg 0000 evt 0002
Dec 31 19:00:22 vader-rover kernel: [   13.023529] hub 1-2.4:1.0: port 1, status 0101, change 0001, 12 Mb/s
Dec 31 19:00:22 vader-rover kernel: [   13.174865] hub 1-2.4:1.0: debounce: port 1: total 100ms stable 100ms status 0x101
Dec 31 19:00:22 vader-rover kernel: [   13.260803] usb 1-2.4.1: new high-speed USB device number 11 using ehci-omap
Dec 31 19:00:22 vader-rover kernel: [   13.384704] usb 1-2.4.1: default language 0x0409
Dec 31 19:00:22 vader-rover kernel: [   13.387786] usb 1-2.4.1: udev 11, busnum 1, minor = 10
Dec 31 19:00:22 vader-rover kernel: [   13.387817] usb 1-2.4.1: New USB device found, idVendor=10a9, idProduct=606f
Dec 31 19:00:22 vader-rover kernel: [   13.387847] usb 1-2.4.1: New USB device strings: Mfr=1, Product=2, SerialNumber=3
Dec 31 19:00:22 vader-rover kernel: [   13.387847] usb 1-2.4.1: Product: PANTECH UML295
Dec 31 19:00:22 vader-rover kernel: [   13.387878] usb 1-2.4.1: Manufacturer: Pantech, Incorporated
Dec 31 19:00:22 vader-rover kernel: [   13.387878] usb 1-2.4.1: SerialNumber: UML2950123456789ABCDEF
Dec 31 19:00:22 vader-rover kernel: [   13.388610] usb 1-2.4.1: usb_probe_device
Dec 31 19:00:22 vader-rover kernel: [   13.388641] usb 1-2.4.1: configuration #1 chosen from 1 choice
Dec 31 19:00:22 vader-rover kernel: [   13.408691] usb 1-2.4.1: adding 1-2.4.1:1.0 (config #1, interface 0)
Dec 31 19:00:22 vader-rover kernel: [   13.409393] usb-storage 1-2.4.1:1.0: usb_probe_interface
Dec 31 19:00:22 vader-rover kernel: [   13.409454] usb-storage 1-2.4.1:1.0: usb_probe_interface - got id
Dec 31 19:00:22 vader-rover kernel: [   13.419097] scsi0 : usb-storage 1-2.4.1:1.0
Dec 31 19:00:22 vader-rover kernel: [   13.420288] hub 1-2.4:1.0: state 7 ports 4 chg 0000 evt 0002
Dec 31 19:00:22 vader-rover kernel: [   14.327087] NET: Registered protocol family 10
Dec 31 19:00:22 vader-rover kernel: [   14.348754] usbcore: registered new interface driver usbserial
Dec 31 19:00:22 vader-rover kernel: [   14.355499] usbcore: registered new interface driver usbserial_generic
Dec 31 19:00:22 vader-rover kernel: [   14.370422] USB Serial support registered for generic
Dec 31 19:00:22 vader-rover kernel: [   14.370483] usbserial: USB Serial Driver core
Dec 31 19:00:22 vader-rover kernel: [   14.425689] scsi 0:0:0:0: CD-ROM            PANTECH  CD-ROM           0000 PQ: 0 ANSI: 2
Dec 31 19:00:22 vader-rover kernel: [   14.649810] usbcore: registered new interface driver pl2303
Dec 31 19:00:22 vader-rover kernel: [   14.652099] USB Serial support registered for pl2303
Dec 31 19:00:22 vader-rover kernel: [   14.652221] pl2303 1-2.1:1.0: usb_probe_interface
Dec 31 19:00:22 vader-rover kernel: [   14.652252] pl2303 1-2.1:1.0: usb_probe_interface - got id
Dec 31 19:00:22 vader-rover kernel: [   14.652282] pl2303 1-2.1:1.0: pl2303 converter detected
Dec 31 19:00:22 vader-rover kernel: [   14.750457] usb 1-2.1: pl2303 converter now attached to ttyUSB0
Dec 31 19:00:22 vader-rover kernel: [   14.860046] usbcore: registered new interface driver ftdi_sio
Dec 31 19:00:22 vader-rover kernel: [   14.864410] USB Serial support registered for FTDI USB Serial Device
Dec 31 19:00:22 vader-rover kernel: [   14.864837] ftdi_sio 1-2.4.2:1.0: usb_probe_interface
Dec 31 19:00:22 vader-rover kernel: [   14.864868] ftdi_sio 1-2.4.2:1.0: usb_probe_interface - got id
Dec 31 19:00:22 vader-rover mtp-probe: bus: 1, device: 9 was not an MTP device
Dec 31 19:00:22 vader-rover kernel: [   14.898651] ftdi_sio 1-2.4.2:1.0: FTDI USB Serial Device converter detected
Dec 31 19:00:22 vader-rover kernel: [   14.899749] usb 1-2.4.2: Detected FT232RL
Dec 31 19:00:22 vader-rover kernel: [   14.899780] usb 1-2.4.2: Number of endpoints 2
Dec 31 19:00:22 vader-rover kernel: [   14.899810] usb 1-2.4.2: Endpoint 1 MaxPacketSize 64
Dec 31 19:00:22 vader-rover kernel: [   14.899810] usb 1-2.4.2: Endpoint 2 MaxPacketSize 64
Dec 31 19:00:22 vader-rover kernel: [   14.899841] usb 1-2.4.2: Setting MaxPacketSize 64
Dec 31 19:00:22 vader-rover kernel: [   14.935974] usb 1-2.4.2: FTDI USB Serial Device converter now attached to ttyUSB1
Dec 31 19:00:22 vader-rover kernel: [   14.941741] ftdi_sio: v1.6.0:USB FTDI Serial Converters Driver
Dec 31 19:00:22 vader-rover avahi-daemon[441]: Found user 'avahi' (UID 107) and group 'avahi' (GID 112).
Dec 31 19:00:22 vader-rover avahi-daemon[441]: Successfully dropped root privileges.
Dec 31 19:00:22 vader-rover avahi-daemon[441]: avahi-daemon 0.6.30 starting up.
Dec 31 19:00:22 vader-rover avahi-daemon[441]: Successfully called chroot().
Dec 31 19:00:22 vader-rover avahi-daemon[441]: Successfully dropped remaining capabilities.
Dec 31 19:00:22 vader-rover avahi-daemon[441]: Loading service file /services/udisks.service.
Dec 31 19:00:22 vader-rover avahi-daemon[441]: Network interface enumeration completed.
Dec 31 19:00:22 vader-rover avahi-daemon[441]: Registering HINFO record with values 'ARMV7L'/'LINUX'.
Dec 31 19:00:22 vader-rover avahi-daemon[441]: Server startup complete. Host name is vader-rover.local. Local service cookie is 4026254064.
Dec 31 19:00:22 vader-rover avahi-daemon[441]: Service "vader-rover" (/services/udisks.service) successfully established.
Dec 31 19:00:22 vader-rover mtp-probe: bus: 1, device: 10 was not an MTP device
Dec 31 19:00:23 vader-rover failsafe: Failsafe of 120 seconds reached.
Dec 31 19:00:24 vader-rover rpcbind: Cannot open '/run/rpcbind/rpcbind.xdr' file for reading, errno 2 (No such file or directory)
Dec 31 19:00:24 vader-rover rpcbind: Cannot open '/run/rpcbind/portmap.xdr' file for reading, errno 2 (No such file or directory)
Dec 31 19:00:25 vader-rover mtp-probe: checking bus 1, device 11: "/sys/devices/platform/usbhs_omap/ehci-omap.0/usb1/1-2/1-2.4/1-2.4.1"
Dec 31 19:00:25 vader-rover mtp-probe: bus: 1, device: 11 was not an MTP device
Dec 31 19:00:25 vader-rover kernel: [   17.629760] cfg80211: World regulatory domain updated:
Dec 31 19:00:25 vader-rover kernel: [   17.629791] cfg80211:   (start_freq - end_freq @ bandwidth), (max_antenna_gain, max_eirp)
Dec 31 19:00:25 vader-rover kernel: [   17.629791] cfg80211:   (2402000 KHz - 2472000 KHz @ 40000 KHz), (300 mBi, 2000 mBm)
Dec 31 19:00:25 vader-rover kernel: [   17.629821] cfg80211:   (2457000 KHz - 2482000 KHz @ 20000 KHz), (300 mBi, 2000 mBm)
Dec 31 19:00:25 vader-rover kernel: [   17.629821] cfg80211:   (2474000 KHz - 2494000 KHz @ 20000 KHz), (300 mBi, 2000 mBm)
Dec 31 19:00:25 vader-rover kernel: [   17.629852] cfg80211:   (5170000 KHz - 5250000 KHz @ 40000 KHz), (300 mBi, 2000 mBm)
Dec 31 19:00:25 vader-rover kernel: [   17.629852] cfg80211:   (5735000 KHz - 5835000 KHz @ 40000 KHz), (300 mBi, 2000 mBm)
Dec 31 19:00:25 vader-rover kernel: [   17.806701] sr0: scsi3-mmc drive: 24x/24x xa/form2 caddy
Dec 31 19:00:25 vader-rover kernel: [   17.806732] cdrom: Uniform CD-ROM driver Revision: 3.20
Dec 31 19:00:25 vader-rover kernel: [   17.815826] sr 0:0:0:0: Attached scsi CD-ROM sr0
Dec 31 19:00:26 vader-rover kernel: [   18.214904] libertas_sdio mmc1:0001:1: (unregistered net_device): 00:19:88:45:0b:0a, fw 9.70.3p36, cap 0x00000303
Dec 31 19:00:26 vader-rover kernel: [   18.223937] libertas_sdio mmc1:0001:1: wlan0: Marvell WLAN 802.11 adapter
Dec 31 19:00:26 vader-rover kernel: [   18.240478] cfg80211: Calling CRDA for country: US
Dec 31 19:00:26 vader-rover kernel: [   18.583099] cfg80211: Regulatory domain changed to country: US
Dec 31 19:00:26 vader-rover kernel: [   18.583129] cfg80211:   (start_freq - end_freq @ bandwidth), (max_antenna_gain, max_eirp)
Dec 31 19:00:26 vader-rover kernel: [   18.583129] cfg80211:   (2402000 KHz - 2472000 KHz @ 40000 KHz), (300 mBi, 2700 mBm)
Dec 31 19:00:26 vader-rover kernel: [   18.583160] cfg80211:   (5170000 KHz - 5250000 KHz @ 40000 KHz), (300 mBi, 1700 mBm)
Dec 31 19:00:26 vader-rover kernel: [   18.583160] cfg80211:   (5250000 KHz - 5330000 KHz @ 40000 KHz), (300 mBi, 2000 mBm)
Dec 31 19:00:26 vader-rover kernel: [   18.583190] cfg80211:   (5490000 KHz - 5600000 KHz @ 40000 KHz), (300 mBi, 2000 mBm)
Dec 31 19:00:26 vader-rover kernel: [   18.583190] cfg80211:   (5650000 KHz - 5710000 KHz @ 40000 KHz), (300 mBi, 2000 mBm)
Dec 31 19:00:26 vader-rover kernel: [   18.583221] cfg80211:   (5735000 KHz - 5835000 KHz @ 40000 KHz), (300 mBi, 3000 mBm)
Dec 31 19:00:27 vader-rover kernel: [   19.409667] IPv6: ADDRCONF(NETDEV_UP): wlan0: link is not ready
Dec 31 19:00:27 vader-rover kernel: [   19.409973] IPv6: ADDRCONF(NETDEV_CHANGE): wlan0: link becomes ready
Dec 31 19:00:27 vader-rover dhclient: DHCPREQUEST of 192.168.2.7 on wlan0 to 255.255.255.255 port 67
Dec 31 19:00:27 vader-rover dhclient: DHCPACK of 192.168.2.7 from 192.168.2.1
Dec 31 19:00:27 vader-rover avahi-daemon[441]: Joining mDNS multicast group on interface wlan0.IPv4 with address 192.168.2.7.
Dec 31 19:00:27 vader-rover avahi-daemon[441]: New relevant interface wlan0.IPv4 for mDNS.
Dec 31 19:00:27 vader-rover avahi-daemon[441]: Registering new address record for 192.168.2.7 on wlan0.IPv4.
Dec 31 19:00:28 vader-rover dhclient: bound to 192.168.2.7 -- renewal in 141294292 seconds.
Dec 31 19:00:28 vader-rover avahi-daemon[441]: Joining mDNS multicast group on interface wlan0.IPv6 with address fe80::219:88ff:fe45:b0a.
Dec 31 19:00:28 vader-rover avahi-daemon[441]: New relevant interface wlan0.IPv6 for mDNS.
Dec 31 19:00:28 vader-rover avahi-daemon[441]: Registering new address record for fe80::219:88ff:fe45:b0a on wlan0.*.
Dec 31 19:00:29 vader-rover avahi-daemon[441]: Leaving mDNS multicast group on interface wlan0.IPv6 with address fe80::219:88ff:fe45:b0a.
Dec 31 19:00:29 vader-rover avahi-daemon[441]: Joining mDNS multicast group on interface wlan0.IPv6 with address 2002:802e:d6bc:1234:219:88ff:fe45:b0a.
Dec 31 19:00:29 vader-rover avahi-daemon[441]: Registering new address record for 2002:802e:d6bc:1234:219:88ff:fe45:b0a on wlan0.*.
Dec 31 19:00:29 vader-rover avahi-daemon[441]: Withdrawing address record for fe80::219:88ff:fe45:b0a on wlan0.
Dec 31 19:00:30 vader-rover anacron[770]: Anacron 2.3 started on 1999-12-31
Dec 31 19:00:30 vader-rover cron[746]: (CRON) INFO (pidfile fd = 3)
Dec 31 19:00:30 vader-rover anacron[770]: Will run job `cron.weekly' in 10 min.
Dec 31 19:00:30 vader-rover anacron[770]: Jobs will be executed sequentially
Dec 31 19:00:30 vader-rover cron[774]: (CRON) STARTUP (fork ok)
Dec 31 19:00:30 vader-rover cron[774]: (CRON) INFO (Running @reboot jobs)
Dec 31 19:00:30 vader-rover dbus[426]: [system] Activating service name='org.freedesktop.ConsoleKit' (using servicehelper)
Dec 31 19:00:31 vader-rover kernel: [   23.500671] GPIO Event Monitor 0.1 Compiled: Jan 13 2014 at 15:50:49
Dec 31 19:00:31 vader-rover kernel: [   23.732208] pwm: frequency=50 Hz servo=1 servo_min = 10000 servo_max = 20000
Dec 31 19:00:31 vader-rover noip2[883]: v2.1.9 daemon started with NAT enabled
Dec 31 19:00:31 vader-rover dbus[426]: [system] Activating service name='org.freedesktop.PolicyKit1' (using servicehelper)
Dec 31 19:00:31 vader-rover noip2[883]: vader-rover.no-ip.biz was already set to 128.46.214.188.
Dec 31 19:00:32 vader-rover kernel: [   24.286773] hub 1-2.4:1.0: state 7 ports 4 chg 0000 evt 0002
Dec 31 19:00:32 vader-rover kernel: [   24.287872] hub 1-2.4:1.0: port 1, status 0100, change 0001, 12 Mb/s
Dec 31 19:00:32 vader-rover kernel: [   24.287902] usb 1-2.4.1: USB disconnect, device number 11
Dec 31 19:00:32 vader-rover kernel: [   24.287933] usb 1-2.4.1: unregistering device
Dec 31 19:00:32 vader-rover kernel: [   24.287963] usb 1-2.4.1: unregistering interface 1-2.4.1:1.0
Dec 31 19:00:32 vader-rover kernel: [   24.304656] usb 1-2.4.1: usb_disable_device nuking all URBs
Dec 31 19:00:32 vader-rover ntpd[905]: ntpd 4.2.6p3@1.2290 Tue Mar  6 15:10:33 UTC 2012 (1)
Dec 31 19:00:32 vader-rover polkitd[888]: started daemon version 0.104 using authority implementation `local' version `0.104'
Dec 31 19:00:32 vader-rover ntpd[906]: proto: precision = 30.517 usec
Dec 31 19:00:32 vader-rover ntpd[906]: ntp_io: estimated max descriptors: 1024, initial socket boundary: 16
Dec 31 19:00:32 vader-rover ntpd[906]: unable to bind to wildcard address 0.0.0.0 - another process may be running - EXITING
Dec 31 19:00:32 vader-rover dbus[426]: [system] Successfully activated service 'org.freedesktop.PolicyKit1'
Dec 31 19:00:32 vader-rover kernel: [   24.589111] hub 1-2.4:1.0: debounce: port 1: total 175ms stable 100ms status 0x101
Dec 31 19:00:32 vader-rover kernel: [   24.674804] usb 1-2.4.1: new high-speed USB device number 12 using ehci-omap
Dec 31 19:00:32 vader-rover dbus[426]: [system] Successfully activated service 'org.freedesktop.ConsoleKit'
Dec 31 19:00:32 vader-rover kernel: [   24.796173] usb 1-2.4.1: skipped 3 descriptors after interface
Dec 31 19:00:32 vader-rover kernel: [   24.796203] usb 1-2.4.1: skipped 1 descriptor after interface
Dec 31 19:00:32 vader-rover kernel: [   24.796234] usb 1-2.4.1: skipped 1 descriptor after interface
Dec 31 19:00:32 vader-rover kernel: [   24.796234] usb 1-2.4.1: skipped 1 descriptor after endpoint
Dec 31 19:00:32 vader-rover kernel: [   24.796264] usb 1-2.4.1: skipped 4 descriptors after interface
Dec 31 19:00:32 vader-rover kernel: [   24.796295] usb 1-2.4.1: skipped 1 descriptor after endpoint
Dec 31 19:00:32 vader-rover kernel: [   24.796295] usb 1-2.4.1: skipped 4 descriptors after interface
Dec 31 19:00:32 vader-rover kernel: [   24.796508] usb 1-2.4.1: default language 0x0409
Dec 31 19:00:32 vader-rover kernel: [   24.797271] usb 1-2.4.1: udev 12, busnum 1, minor = 11
Dec 31 19:00:32 vader-rover kernel: [   24.797302] usb 1-2.4.1: New USB device found, idVendor=10a9, idProduct=6064
Dec 31 19:00:32 vader-rover kernel: [   24.797332] usb 1-2.4.1: New USB device strings: Mfr=1, Product=2, SerialNumber=3
Dec 31 19:00:32 vader-rover kernel: [   24.797332] usb 1-2.4.1: Product: PANTECH UML295
Dec 31 19:00:32 vader-rover kernel: [   24.797363] usb 1-2.4.1: Manufacturer: Pantech, Incorporated
Dec 31 19:00:32 vader-rover kernel: [   24.797363] usb 1-2.4.1: SerialNumber: UML295695770648
Dec 31 19:00:32 vader-rover kernel: [   24.798065] usb 1-2.4.1: usb_probe_device
Dec 31 19:00:32 vader-rover kernel: [   24.798095] usb 1-2.4.1: configuration #1 chosen from 1 choice
Dec 31 19:00:32 vader-rover kernel: [   24.815246] usb 1-2.4.1: adding 1-2.4.1:1.0 (config #1, interface 0)
Dec 31 19:00:32 vader-rover kernel: [   24.816223] cdc_ether 1-2.4.1:1.0: usb_probe_interface
Dec 31 19:00:32 vader-rover kernel: [   24.816253] cdc_ether 1-2.4.1:1.0: usb_probe_interface - got id
Dec 31 19:00:32 vader-rover kernel: [   24.828094] cdc_ether 1-2.4.1:1.0: eth0: register 'cdc_ether' at usb-ehci-omap.0-2.4.1, CDC Ethernet Device, d0:57:85:96:2f:d5
Dec 31 19:00:32 vader-rover kernel: [   24.828369] usb 1-2.4.1: adding 1-2.4.1:1.1 (config #1, interface 1)
Dec 31 19:00:32 vader-rover kernel: [   24.829498] usb 1-2.4.1: adding 1-2.4.1:1.2 (config #1, interface 2)
Dec 31 19:00:32 vader-rover kernel: [   24.830108] usbhid 1-2.4.1:1.2: usb_probe_interface
Dec 31 19:00:32 vader-rover kernel: [   24.830139] usbhid 1-2.4.1:1.2: usb_probe_interface - got id
Dec 31 19:00:32 vader-rover kernel: [   24.840332] hid-generic 0003:10A9:6064.0002: claimed by neither input, hiddev nor hidraw
Dec 31 19:00:32 vader-rover kernel: [   24.870513] usb 1-2.4.1: adding 1-2.4.1:1.3 (config #1, interface 3)
Dec 31 19:00:32 vader-rover kernel: [   24.873229] usbhid 1-2.4.1:1.3: usb_probe_interface
Dec 31 19:00:32 vader-rover kernel: [   24.873260] usbhid 1-2.4.1:1.3: usb_probe_interface - got id
Dec 31 19:00:32 vader-rover kernel: [   24.878814] hid-generic 0003:10A9:6064.0003: claimed by neither input, hiddev nor hidraw
Dec 31 19:00:32 vader-rover kernel: [   24.917938] usb 1-2.4.1: adding 1-2.4.1:1.4 (config #1, interface 4)
Dec 31 19:00:32 vader-rover kernel: [   24.920410] usb 1-2.4.1: adding 1-2.4.1:1.5 (config #1, interface 5)
Dec 31 19:00:32 vader-rover kernel: [   24.926727] usb 1-2.4.1: adding 1-2.4.1:1.6 (config #1, interface 6)
Dec 31 19:00:32 vader-rover kernel: [   24.934997] usb 1-2.4.1: adding 1-2.4.1:1.7 (config #1, interface 7)
Dec 31 19:00:32 vader-rover mtp-probe: checking bus 1, device 12: "/sys/devices/platform/usbhs_omap/ehci-omap.0/usb1/1-2/1-2.4/1-2.4.1"
Dec 31 19:00:32 vader-rover mtp-probe: bus: 1, device: 12 was not an MTP device
Dec 31 19:00:33 vader-rover kernel: [   25.547241] cdc_acm 1-2.4.1:1.4: usb_probe_interface
Dec 31 19:00:33 vader-rover kernel: [   25.557586] cdc_acm 1-2.4.1:1.4: usb_probe_interface - got id
Dec 31 19:00:33 vader-rover kernel: [   25.557647] cdc_acm 1-2.4.1:1.4: This device cannot do calls on its own. It is not a modem.
Dec 31 19:00:33 vader-rover kernel: [   25.630187] cdc_acm 1-2.4.1:1.4: ttyACM0: USB ACM device
Dec 31 19:00:33 vader-rover kernel: [   25.641326] cdc_acm 1-2.4.1:1.6: usb_probe_interface
Dec 31 19:00:33 vader-rover kernel: [   25.641357] cdc_acm 1-2.4.1:1.6: usb_probe_interface - got id
Dec 31 19:00:33 vader-rover kernel: [   25.641387] cdc_acm 1-2.4.1:1.6: This device cannot do calls on its own. It is not a modem.
Dec 31 19:00:33 vader-rover kernel: [   25.718536] cdc_acm 1-2.4.1:1.6: ttyACM1: USB ACM device
Dec 31 19:00:33 vader-rover kernel: [   25.727691] usbcore: registered new interface driver cdc_acm
Dec 31 19:00:33 vader-rover kernel: [   25.727722] cdc_acm: USB Abstract Control Model driver for USB modems and ISDN adapters
Dec 31 19:00:33 vader-rover kernel: [   26.067169] usb 1-2.4.3.1: link qh2-0e01/deec0440 start 0 [1/2 us]
Dec 31 19:00:34 vader-rover kernel: [   26.832000] usb 1-2.4.3.1: unlink qh2-0e01/deec0440 start 0 [1/2 us]
Dec 31 19:00:35 vader-rover kernel: [   27.421936] ehci-omap ehci-omap.0: reused qh deec0440 schedule
Dec 31 19:00:35 vader-rover kernel: [   27.421997] usb 1-2.4.3.1: link qh2-0e01/deec0440 start 0 [1/2 us]
Dec 31 19:00:35 vader-rover kernel: [   27.878814] usb 1-2.4.3.1: unlink qh2-0e01/deec0440 start 0 [1/2 us]
Feb 12 15:45:18 vader-rover ntpdate[914]: step time server 134.121.64.62 offset 445553077.218182 sec
Mar 27 13:29:56 vader-rover ntpdate[700]: step time server 2600:3c01::f03c:91ff:fe96:13c5 offset 445553077.215731 sec
Mar 27 13:29:56 vader-rover saned[1034]: saned (AF-indep+IPv6) from sane-backends 1.0.22 starting up
Mar 27 13:29:56 vader-rover saned[1034]: do_bindings: [0] bind failed: Address already in use
Mar 27 13:29:56 vader-rover saned[1039]: Now daemonized
Mar 27 13:29:56 vader-rover saned[1039]: Dropped privileges to uid 110 gid 116
Mar 27 13:29:56 vader-rover ntpd[1047]: ntpd 4.2.6p3@1.2290 Tue Mar  6 15:10:33 UTC 2012 (1)
Mar 27 13:29:56 vader-rover ntpd[1049]: proto: precision = 30.517 usec
Mar 27 13:29:56 vader-rover ntpd[1049]: ntp_io: estimated max descriptors: 1024, initial socket boundary: 16
Mar 27 13:29:56 vader-rover ntpd[1049]: Listen and drop on 0 v4wildcard 0.0.0.0 UDP 123
Mar 27 13:29:56 vader-rover ntpd[1049]: Listen and drop on 1 v6wildcard :: UDP 123
Mar 27 13:29:56 vader-rover ntpd[1049]: Listen normally on 2 lo 127.0.0.1 UDP 123
Mar 27 13:29:56 vader-rover ntpd[1049]: Listen normally on 3 wlan0 192.168.2.7 UDP 123
Mar 27 13:29:56 vader-rover ntpd[1049]: Listen normally on 4 wlan0 2002:802e:d6bc:1234:219:88ff:fe45:b0a UDP 123
Mar 27 13:29:56 vader-rover ntpd[1049]: Listen normally on 5 wlan0 fe80::219:88ff:fe45:b0a UDP 123
Mar 27 13:29:56 vader-rover ntpd[1049]: Listen normally on 6 lo ::1 UDP 123
Mar 27 13:29:56 vader-rover ntpd[1049]: peers refreshed
Mar 27 13:29:56 vader-rover ntpd[1049]: Listening on routing socket on fd #23 for interface updates
Mar 27 13:31:26 vader-rover kernel: Kernel logging (proc) stopped.
Mar 27 13:31:26 vader-rover rsyslogd: [origin software="rsyslogd" swVersion="5.8.6" x-pid="425" x-info="http://www.rsyslog.com"] exiting on signal 15.
Mar 27 13:31:53 vader-rover kernel: imklog 5.8.6, log source = /proc/kmsg started.
Mar 27 13:31:53 vader-rover rsyslogd: [origin software="rsyslogd" swVersion="5.8.6" x-pid="493" x-info="http://www.rsyslog.com"] start
Mar 27 13:31:53 vader-rover rsyslogd: rsyslogd's groupid changed to 103
Mar 27 13:31:53 vader-rover rsyslogd: rsyslogd's userid changed to 101
Mar 27 13:31:53 vader-rover rsyslogd-2039: Could not open output pipe '/dev/xconsole' [try http://www.rsyslog.com/e/2039 ]
Mar 27 13:31:53 vader-rover kernel: [    0.000000] Booting Linux on physical CPU 0
Mar 27 13:31:53 vader-rover kernel: [    0.000000] Initializing cgroup subsys cpuset
Mar 27 13:31:53 vader-rover kernel: [    0.000000] Initializing cgroup subsys cpu
Mar 27 13:31:53 vader-rover kernel: [    0.000000] Linux version 3.5.0-2-linaro-omap (adam@pine) (gcc version 4.6.3 (Ubuntu/Linaro 4.6.3-1ubuntu5) ) #2~ci+121210190143 PREEMPT Mon Dec 10 11:03:27 PST 2012
Mar 27 13:31:53 vader-rover kernel: [    0.000000] CPU: ARMv7 Processor [413fc082] revision 2 (ARMv7), cr=10c53c7d
Mar 27 13:31:53 vader-rover kernel: [    0.000000] CPU: PIPT / VIPT nonaliasing data cache, VIPT aliasing instruction cache
Mar 27 13:31:53 vader-rover kernel: [    0.000000] Machine: Gumstix Overo
Mar 27 13:31:53 vader-rover kernel: [    0.000000] Reserving 12582912 bytes SDRAM for VRAM
Mar 27 13:31:53 vader-rover kernel: [    0.000000] Memory policy: ECC disabled, Data cache writeback
Mar 27 13:31:53 vader-rover kernel: [    0.000000] On node 0 totalpages: 127744
Mar 27 13:31:53 vader-rover kernel: [    0.000000] free_area_init_node: node 0, pgdat c070b85c, node_mem_map c07a7000
Mar 27 13:31:53 vader-rover kernel: [    0.000000]   Normal zone: 1024 pages used for memmap
Mar 27 13:31:53 vader-rover kernel: [    0.000000]   Normal zone: 0 pages reserved
Mar 27 13:31:53 vader-rover kernel: [    0.000000]   Normal zone: 126720 pages, LIFO batch:31
Mar 27 13:31:53 vader-rover kernel: [    0.000000] OMAP3630 ES1.2 (l2cache iva sgx neon isp 192mhz_clk )
Mar 27 13:31:53 vader-rover kernel: [    0.000000] Clocking rate (Crystal/Core/MPU): 26.0/400/600 MHz
Mar 27 13:31:53 vader-rover kernel: [    0.000000] pcpu-alloc: s0 r0 d32768 u32768 alloc=1*32768
Mar 27 13:31:53 vader-rover kernel: [    0.000000] pcpu-alloc: [0] 0 
Mar 27 13:31:53 vader-rover kernel: [    0.000000] Built 1 zonelists in Zone order, mobility grouping on.  Total pages: 126720
Mar 27 13:31:53 vader-rover kernel: [    0.000000] Kernel command line: console=tty0 console=ttyO2,115200n8 root=/dev/mmcblk0p2 rootwait ro earlyprintk mpurate=500 vram=12M omapdss.def_disp=dvi omapfb.mode=dvi:1024x768MR-16@60
Mar 27 13:31:53 vader-rover kernel: [    0.000000] PID hash table entries: 2048 (order: 1, 8192 bytes)
Mar 27 13:31:53 vader-rover kernel: [    0.000000] Dentry cache hash table entries: 65536 (order: 6, 262144 bytes)
Mar 27 13:31:53 vader-rover kernel: [    0.000000] Inode-cache hash table entries: 32768 (order: 5, 131072 bytes)
Mar 27 13:31:53 vader-rover kernel: [    0.000000] allocated 1048576 bytes of page_cgroup
Mar 27 13:31:53 vader-rover kernel: [    0.000000] please try 'cgroup_disable=memory' option if you don't want memory cgroups
Mar 27 13:31:53 vader-rover kernel: [    0.000000] Memory: 499MB = 499MB total
Mar 27 13:31:53 vader-rover kernel: [    0.000000] Memory: 495744k/495744k available, 28544k reserved, 0K highmem
Mar 27 13:31:53 vader-rover kernel: [    0.000000] Virtual kernel memory layout:
Mar 27 13:31:53 vader-rover kernel: [    0.000000]     vector  : 0xffff0000 - 0xffff1000   (   4 kB)
Mar 27 13:31:53 vader-rover kernel: [    0.000000]     fixmap  : 0xfff00000 - 0xfffe0000   ( 896 kB)
Mar 27 13:31:53 vader-rover kernel: [    0.000000]     vmalloc : 0xe0800000 - 0xff000000   ( 488 MB)
Mar 27 13:31:53 vader-rover kernel: [    0.000000]     lowmem  : 0xc0000000 - 0xe0000000   ( 512 MB)
Mar 27 13:31:53 vader-rover kernel: [    0.000000]     pkmap   : 0xbfe00000 - 0xc0000000   (   2 MB)
Mar 27 13:31:53 vader-rover kernel: [    0.000000]     modules : 0xbf000000 - 0xbfe00000   (  14 MB)
Mar 27 13:31:53 vader-rover kernel: [    0.000000]       .text : 0xc0008000 - 0xc067abfc   (6603 kB)
Mar 27 13:31:53 vader-rover kernel: [    0.000000]       .init : 0xc067b000 - 0xc06b2000   ( 220 kB)
Mar 27 13:31:53 vader-rover kernel: [    0.000000]       .data : 0xc06b2000 - 0xc071b268   ( 421 kB)
Mar 27 13:31:53 vader-rover kernel: [    0.000000]        .bss : 0xc071b28c - 0xc07a6020   ( 556 kB)
Mar 27 13:31:53 vader-rover kernel: [    0.000000] NR_IRQS:474
Mar 27 13:31:53 vader-rover kernel: [    0.000000] IRQ: Found an INTC at 0xfa200000 (revision 4.0) with 96 interrupts
Mar 27 13:31:53 vader-rover kernel: [    0.000000] Total of 96 interrupts on 1 active controller
Mar 27 13:31:53 vader-rover kernel: [    0.000000] OMAP clockevent source: GPTIMER1 at 32768 Hz
Mar 27 13:31:53 vader-rover kernel: [    0.000000] sched_clock: 32 bits at 32kHz, resolution 30517ns, wraps every 131071999ms
Mar 27 13:31:53 vader-rover kernel: [    0.000000] OMAP clocksource: 32k_counter at 32768 Hz
Mar 27 13:31:53 vader-rover kernel: [    0.000000] Console: colour dummy device 80x30
Mar 27 13:31:53 vader-rover kernel: [    0.000000] console [tty0] enabled
Mar 27 13:31:53 vader-rover kernel: [    0.000976] Calibrating delay loop... 597.64 BogoMIPS (lpj=2334720)
Mar 27 13:31:53 vader-rover kernel: [    0.039123] pid_max: default: 32768 minimum: 301
Mar 27 13:31:53 vader-rover kernel: [    0.039306] Security Framework initialized
Mar 27 13:31:53 vader-rover kernel: [    0.039459] Mount-cache hash table entries: 512
Mar 27 13:31:53 vader-rover kernel: [    0.040222] Initializing cgroup subsys debug
Mar 27 13:31:53 vader-rover kernel: [    0.040252] Initializing cgroup subsys cpuacct
Mar 27 13:31:53 vader-rover kernel: [    0.040283] Initializing cgroup subsys memory
Mar 27 13:31:53 vader-rover kernel: [    0.040344] Initializing cgroup subsys devices
Mar 27 13:31:53 vader-rover kernel: [    0.040374] Initializing cgroup subsys freezer
Mar 27 13:31:53 vader-rover kernel: [    0.040405] Initializing cgroup subsys perf_event
Mar 27 13:31:53 vader-rover kernel: [    0.040527] CPU: Testing write buffer coherency: ok
Mar 27 13:31:53 vader-rover kernel: [    0.040832] Setting up static identity map for 0x8046ea98 - 0x8046eaf0
Mar 27 13:31:53 vader-rover kernel: [    0.045837] devtmpfs: initialized
Mar 27 13:31:53 vader-rover kernel: [    0.050567] dummy: 
Mar 27 13:31:53 vader-rover kernel: [    0.050964] NET: Registered protocol family 16
Mar 27 13:31:53 vader-rover kernel: [    0.051391] GPMC revision 5.0
Mar 27 13:31:53 vader-rover kernel: [    0.051452] gpmc: irq-20 could not claim: err -22
Mar 27 13:31:53 vader-rover kernel: [    0.053131] gpiochip_add: registered GPIOs 0 to 31 on device: gpio
Mar 27 13:31:53 vader-rover kernel: [    0.053222] OMAP GPIO hardware version 2.5
Mar 27 13:31:53 vader-rover kernel: [    0.053497] gpiochip_add: registered GPIOs 32 to 63 on device: gpio
Mar 27 13:31:53 vader-rover kernel: [    0.053771] gpiochip_add: registered GPIOs 64 to 95 on device: gpio
Mar 27 13:31:53 vader-rover kernel: [    0.054046] gpiochip_add: registered GPIOs 96 to 127 on device: gpio
Mar 27 13:31:53 vader-rover kernel: [    0.054321] gpiochip_add: registered GPIOs 128 to 159 on device: gpio
Mar 27 13:31:53 vader-rover kernel: [    0.054595] gpiochip_add: registered GPIOs 160 to 191 on device: gpio
Mar 27 13:31:53 vader-rover kernel: [    0.055664] omap_mux_init: Add partition: #1: core, flags: 0
Mar 27 13:31:53 vader-rover kernel: [    0.060607] _omap_mux_get_by_name: Could not find signal uart4_rx.uart4_rx
Mar 27 13:31:53 vader-rover kernel: [    0.066467] Reprogramming SDRC clock to 400000000 Hz
Mar 27 13:31:53 vader-rover kernel: [    0.066497] dpll3_m2_clk rate change failed: -22
Mar 27 13:31:53 vader-rover kernel: [    0.066528] Found NAND on CS0
Mar 27 13:31:53 vader-rover kernel: [    0.066558] Registering NAND on CS0
Mar 27 13:31:53 vader-rover kernel: [    0.067749]  usbhs_omap: alias fck already exists
Mar 27 13:31:53 vader-rover kernel: [    0.075256] hw-breakpoint: debug architecture 0x4 unsupported.
Mar 27 13:31:53 vader-rover kernel: [    0.078308]  omap-mcbsp.2: alias fck already exists
Mar 27 13:31:53 vader-rover kernel: [    0.078521]  omap-mcbsp.3: alias fck already exists
Mar 27 13:31:53 vader-rover kernel: [    0.079620] Switched to new clocking rate (Crystal/Core/MPU): 26.0/400/500 MHz
Mar 27 13:31:53 vader-rover kernel: [    0.079864] OMAP DMA hardware revision 5.0
Mar 27 13:31:53 vader-rover kernel: [    0.089599] bio: create slab <bio-0> at 0
Mar 27 13:31:53 vader-rover kernel: [    0.090454] fixed-dummy: 
Mar 27 13:31:53 vader-rover kernel: [    0.090606] reg-fixed-voltage reg-fixed-voltage.0: fixed-dummy supplying 0uV
Mar 27 13:31:53 vader-rover kernel: [    0.090820] vads7846: override min_uV, 1 -> 3300000
Mar 27 13:31:53 vader-rover kernel: [    0.090850] vads7846: override max_uV, 2147483647 -> 3300000
Mar 27 13:31:53 vader-rover kernel: [    0.090881] vads7846: 3300 mV 
Mar 27 13:31:53 vader-rover kernel: [    0.091003] reg-fixed-voltage reg-fixed-voltage.1: vads7846 supplying 3300000uV
Mar 27 13:31:53 vader-rover kernel: [    0.091827] SCSI subsystem initialized
Mar 27 13:31:53 vader-rover kernel: [    0.092224] usbcore: registered new interface driver usbfs
Mar 27 13:31:53 vader-rover kernel: [    0.092407] usbcore: registered new interface driver hub
Mar 27 13:31:53 vader-rover kernel: [    0.092712] usbcore: registered new device driver usb
Mar 27 13:31:53 vader-rover kernel: [    0.101715] omap_i2c omap_i2c.1: bus 1 rev1.4.0 at 2600 kHz
Mar 27 13:31:53 vader-rover kernel: [    0.104705] twl 1-0048: PIH (irq 7) chaining IRQs 320..328
Mar 27 13:31:53 vader-rover kernel: [    0.104888] twl 1-0048: power (irq 325) chaining IRQs 328..335
Mar 27 13:31:53 vader-rover kernel: [    0.105621] twl4030_gpio twl4030_gpio: gpio (irq 320) chaining IRQs 336..353
Mar 27 13:31:53 vader-rover kernel: [    0.105987] gpiochip_add: registered GPIOs 192 to 211 on device: twl4030
Mar 27 13:31:53 vader-rover kernel: [    0.106933] VUSB1V5: override min_uV, 1 -> 1500000
Mar 27 13:31:53 vader-rover kernel: [    0.106964] VUSB1V5: override max_uV, 2147483647 -> 1500000
Mar 27 13:31:53 vader-rover kernel: [    0.106994] VUSB1V5: 1500 mV normal standby
Mar 27 13:31:53 vader-rover kernel: [    0.107574] VUSB1V8: override min_uV, 1 -> 1800000
Mar 27 13:31:53 vader-rover kernel: [    0.107604] VUSB1V8: override max_uV, 2147483647 -> 1800000
Mar 27 13:31:53 vader-rover kernel: [    0.107604] VUSB1V8: 1800 mV normal standby
Mar 27 13:31:53 vader-rover kernel: [    0.108154] VUSB3V1: override min_uV, 1 -> 3100000
Mar 27 13:31:53 vader-rover kernel: [    0.108184] VUSB3V1: override max_uV, 2147483647 -> 3100000
Mar 27 13:31:53 vader-rover kernel: [    0.108184] VUSB3V1: 3100 mV normal standby
Mar 27 13:31:53 vader-rover kernel: [    0.109985] twl4030_usb twl4030_usb: HW_CONDITIONS 0x10/16; link 0
Mar 27 13:31:53 vader-rover kernel: [    0.110229] twl4030_usb twl4030_usb: Initialized TWL4030 USB module
Mar 27 13:31:53 vader-rover kernel: [    0.110931] vdd_mpu_iva: 600 <--> 1450 mV normal 
Mar 27 13:31:53 vader-rover kernel: [    0.111480] vdd_core: 600 <--> 1450 mV normal 
Mar 27 13:31:53 vader-rover kernel: [    0.112121] VMMC1: 1850 <--> 3150 mV at 3150 mV normal standby
Mar 27 13:31:53 vader-rover kernel: [    0.112792] VDAC: 1800 mV normal standby
Mar 27 13:31:53 vader-rover kernel: [    0.113433] VDVI: 1800 mV normal standby
Mar 27 13:31:53 vader-rover kernel: [    0.125122] omap_i2c omap_i2c.3: bus 3 rev1.4.0 at 400 kHz
Mar 27 13:31:53 vader-rover kernel: [    0.126098] omap-iommu omap-iommu.0: isp registered
Mar 27 13:31:53 vader-rover kernel: [    0.126342] Advanced Linux Sound Architecture Driver Version 1.0.25.
Mar 27 13:31:53 vader-rover kernel: [    0.127441] Switching to clocksource 32k_counter
Mar 27 13:31:53 vader-rover kernel: [    0.160919] usbhs_omap usbhs_omap: xclk60mhsp2_ck set parentfailed error:-22
Mar 27 13:31:53 vader-rover kernel: [    0.161834] NET: Registered protocol family 2
Mar 27 13:31:53 vader-rover kernel: [    0.162231] IP route cache hash table entries: 4096 (order: 2, 16384 bytes)
Mar 27 13:31:53 vader-rover kernel: [    0.162902] TCP established hash table entries: 16384 (order: 5, 131072 bytes)
Mar 27 13:31:53 vader-rover kernel: [    0.163360] TCP bind hash table entries: 16384 (order: 4, 65536 bytes)
Mar 27 13:31:53 vader-rover kernel: [    0.163635] TCP: Hash tables configured (established 16384 bind 16384)
Mar 27 13:31:53 vader-rover kernel: [    0.163665] TCP: reno registered
Mar 27 13:31:53 vader-rover kernel: [    0.163696] UDP hash table entries: 256 (order: 0, 4096 bytes)
Mar 27 13:31:53 vader-rover kernel: [    0.163787] UDP-Lite hash table entries: 256 (order: 0, 4096 bytes)
Mar 27 13:31:53 vader-rover kernel: [    0.164184] NET: Registered protocol family 1
Mar 27 13:31:53 vader-rover kernel: [    0.164794] RPC: Registered named UNIX socket transport module.
Mar 27 13:31:53 vader-rover kernel: [    0.164855] RPC: Registered udp transport module.
Mar 27 13:31:53 vader-rover kernel: [    0.164886] RPC: Registered tcp transport module.
Mar 27 13:31:53 vader-rover kernel: [    0.164916] RPC: Registered tcp NFSv4.1 backchannel transport module.
Mar 27 13:31:53 vader-rover kernel: [    0.165252] Trying to unpack rootfs image as initramfs...
Mar 27 13:31:53 vader-rover kernel: [    0.375427] Freeing initrd memory: 1828K
Mar 27 13:31:53 vader-rover kernel: [    0.378417] audit: initializing netlink socket (disabled)
Mar 27 13:31:53 vader-rover kernel: [    0.378509] type=2000 audit(0.375:1): initialized
Mar 27 13:31:53 vader-rover kernel: [    0.380249] VFS: Disk quotas dquot_6.5.2
Mar 27 13:31:53 vader-rover kernel: [    0.380401] Dquot-cache hash table entries: 1024 (order 0, 4096 bytes)
Mar 27 13:31:53 vader-rover kernel: [    0.380859] NFS: Registering the id_resolver key type
Mar 27 13:31:53 vader-rover kernel: [    0.380981] Key type id_resolver registered
Mar 27 13:31:53 vader-rover kernel: [    0.381561] jffs2: version 2.2. (NAND) (SUMMARY)  Â© 2001-2006 Red Hat, Inc.
Mar 27 13:31:53 vader-rover kernel: [    0.382415] fuse init (API version 7.19)
Mar 27 13:31:53 vader-rover kernel: [    0.383087] msgmni has been set to 971
Mar 27 13:31:53 vader-rover kernel: [    0.385314] Block layer SCSI generic (bsg) driver version 0.4 loaded (major 253)
Mar 27 13:31:53 vader-rover kernel: [    0.385375] io scheduler noop registered
Mar 27 13:31:53 vader-rover kernel: [    0.385406] io scheduler deadline registered (default)
Mar 27 13:31:53 vader-rover kernel: [    0.386505] OMAP DSS rev 2.0
Mar 27 13:31:53 vader-rover kernel: [    0.390350] omap_uart.0: ttyO0 at MMIO 0x4806a000 (irq = 72) is a OMAP UART0
Mar 27 13:31:53 vader-rover kernel: [    0.390991] omap_uart.1: ttyO1 at MMIO 0x4806c000 (irq = 73) is a OMAP UART1
Mar 27 13:31:53 vader-rover kernel: [    0.391540] omap_uart.2: ttyO2 at MMIO 0x49020000 (irq = 74) is a OMAP UART2
Mar 27 13:31:53 vader-rover kernel: [    1.095306] console [ttyO2] enabled
Mar 27 13:31:53 vader-rover kernel: [    1.099548] omap_uart.3: ttyO3 at MMIO 0x49042000 (irq = 80) is a OMAP UART3
Mar 27 13:31:53 vader-rover kernel: [    1.117553] brd: module loaded
Mar 27 13:31:53 vader-rover kernel: [    1.126190] loop: module loaded
Mar 27 13:31:53 vader-rover kernel: [    1.131774] twl4030_madc twl4030_madc: clk disabled, enabling
Mar 27 13:31:53 vader-rover kernel: [    1.140289] NAND device: Manufacturer ID: 0x2c, Chip ID: 0xbc (Micron NAND 512MiB 1,8V 16-bit), page size: 2048, OOB size: 64
Mar 27 13:31:53 vader-rover kernel: [    1.169036] Creating 5 MTD partitions on "omap2-nand.0":
Mar 27 13:31:53 vader-rover kernel: [    1.174804] 0x000000000000-0x000000080000 : "xloader"
Mar 27 13:31:53 vader-rover kernel: [    1.182128] 0x000000080000-0x000000240000 : "uboot"
Mar 27 13:31:53 vader-rover kernel: [    1.190460] 0x000000240000-0x000000280000 : "uboot environment"
Mar 27 13:31:53 vader-rover kernel: [    1.198333] 0x000000280000-0x000000680000 : "linux"
Mar 27 13:31:53 vader-rover kernel: [    1.208831] 0x000000680000-0x000020000000 : "rootfs"
Mar 27 13:31:53 vader-rover kernel: [    1.720275] smsc911x: Driver version 2008-10-21
Mar 27 13:31:53 vader-rover kernel: [    1.725677] smsc911x: Driver version 2008-10-21
Mar 27 13:31:53 vader-rover kernel: [    1.731048] usbcore: registered new interface driver asix
Mar 27 13:31:53 vader-rover kernel: [    1.736846] usbcore: registered new interface driver cdc_ether
Mar 27 13:31:53 vader-rover kernel: [    1.743194] usbcore: registered new interface driver cdc_ncm
Mar 27 13:31:53 vader-rover kernel: [    1.749603] ehci_hcd: USB 2.0 'Enhanced' Host Controller (EHCI) Driver
Mar 27 13:31:53 vader-rover kernel: [    1.756530] ehci_hcd: block sizes: qh 64 qtd 96 itd 160 sitd 96
Mar 27 13:31:53 vader-rover kernel: [    1.756744] ehci-omap ehci-omap.0: failed to get ehci port1 regulator
Mar 27 13:31:53 vader-rover kernel: [    2.760467] ehci-omap ehci-omap.0: phy reset operation timed out
Mar 27 13:31:53 vader-rover kernel: [    2.760498] ehci-omap ehci-omap.0: reset hcs_params 0x1313 dbg=0 cc=1 pcc=3 ordered ports=3
Mar 27 13:31:53 vader-rover kernel: [    2.760528] ehci-omap ehci-omap.0: reset hcc_params 0016 thresh 1 uframes 256/512/1024 park
Mar 27 13:31:53 vader-rover kernel: [    2.760559] ehci-omap ehci-omap.0: reset command 0080b02  park=3 ithresh=8 period=1024 Reset HALT
Mar 27 13:31:53 vader-rover kernel: [    2.760589] ehci-omap ehci-omap.0: OMAP-EHCI Host Controller
Mar 27 13:31:53 vader-rover kernel: [    2.766967] ehci-omap ehci-omap.0: new USB bus registered, assigned bus number 1
Mar 27 13:31:53 vader-rover kernel: [    2.774932] ehci-omap ehci-omap.0: park 0
