Jul 10 13:46:09 vader-rover kernel: imklog 5.8.6, log source = /proc/kmsg started.
Jul 10 13:46:09 vader-rover rsyslogd: [origin software="rsyslogd" swVersion="5.8.6" x-pid="472" x-info="http://www.rsyslog.com"] start
Jul 10 13:46:09 vader-rover rsyslogd: rsyslogd's groupid changed to 103
Jul 10 13:46:09 vader-rover rsyslogd: rsyslogd's userid changed to 101
Jul 10 13:46:09 vader-rover rsyslogd-2039: Could not open output pipe '/dev/xconsole' [try http://www.rsyslog.com/e/2039 ]
Jul 10 13:46:09 vader-rover kernel: [    0.000000] Booting Linux on physical CPU 0
Jul 10 13:46:09 vader-rover kernel: [    0.000000] Initializing cgroup subsys cpuset
Jul 10 13:46:09 vader-rover kernel: [    0.000000] Initializing cgroup subsys cpu
Jul 10 13:46:09 vader-rover kernel: [    0.000000] Linux version 3.5.0-2-linaro-omap (adam@pine) (gcc version 4.6.3 (Ubuntu/Linaro 4.6.3-1ubuntu5) ) #2~ci+121210190143 PREEMPT Mon Dec 10 11:03:27 PST 2012
Jul 10 13:46:09 vader-rover kernel: [    0.000000] CPU: ARMv7 Processor [413fc082] revision 2 (ARMv7), cr=10c53c7d
Jul 10 13:46:09 vader-rover kernel: [    0.000000] CPU: PIPT / VIPT nonaliasing data cache, VIPT aliasing instruction cache
Jul 10 13:46:09 vader-rover kernel: [    0.000000] Machine: Gumstix Overo
Jul 10 13:46:09 vader-rover kernel: [    0.000000] Reserving 12582912 bytes SDRAM for VRAM
Jul 10 13:46:09 vader-rover kernel: [    0.000000] Memory policy: ECC disabled, Data cache writeback
Jul 10 13:46:09 vader-rover kernel: [    0.000000] On node 0 totalpages: 127744
Jul 10 13:46:09 vader-rover kernel: [    0.000000] free_area_init_node: node 0, pgdat c070b85c, node_mem_map c07a7000
Jul 10 13:46:09 vader-rover kernel: [    0.000000]   Normal zone: 1024 pages used for memmap
Jul 10 13:46:09 vader-rover kernel: [    0.000000]   Normal zone: 0 pages reserved
Jul 10 13:46:09 vader-rover kernel: [    0.000000]   Normal zone: 126720 pages, LIFO batch:31
Jul 10 13:46:09 vader-rover kernel: [    0.000000] OMAP3630 ES1.2 (l2cache iva sgx neon isp 192mhz_clk )
Jul 10 13:46:09 vader-rover kernel: [    0.000000] Clocking rate (Crystal/Core/MPU): 26.0/332/600 MHz
Jul 10 13:46:09 vader-rover kernel: [    0.000000] pcpu-alloc: s0 r0 d32768 u32768 alloc=1*32768
Jul 10 13:46:09 vader-rover kernel: [    0.000000] pcpu-alloc: [0] 0 
Jul 10 13:46:09 vader-rover kernel: [    0.000000] Built 1 zonelists in Zone order, mobility grouping on.  Total pages: 126720
Jul 10 13:46:09 vader-rover kernel: [    0.000000] Kernel command line: console=tty0 console=ttyO2,115200n8 root=/dev/mmcblk0p2 rootwait ro earlyprintk mpurate=720 vram=12M omapdss.def_disp=dvi omapfb.mode=dvi:1024x768MR-16@60
Jul 10 13:46:09 vader-rover kernel: [    0.000000] PID hash table entries: 2048 (order: 1, 8192 bytes)
Jul 10 13:46:09 vader-rover kernel: [    0.000000] Dentry cache hash table entries: 65536 (order: 6, 262144 bytes)
Jul 10 13:46:09 vader-rover kernel: [    0.000000] Inode-cache hash table entries: 32768 (order: 5, 131072 bytes)
Jul 10 13:46:09 vader-rover kernel: [    0.000000] allocated 1048576 bytes of page_cgroup
Jul 10 13:46:09 vader-rover kernel: [    0.000000] please try 'cgroup_disable=memory' option if you don't want memory cgroups
Jul 10 13:46:09 vader-rover kernel: [    0.000000] Memory: 499MB = 499MB total
Jul 10 13:46:09 vader-rover kernel: [    0.000000] Memory: 496084k/496084k available, 28204k reserved, 0K highmem
Jul 10 13:46:09 vader-rover kernel: [    0.000000] Virtual kernel memory layout:
Jul 10 13:46:09 vader-rover kernel: [    0.000000]     vector  : 0xffff0000 - 0xffff1000   (   4 kB)
Jul 10 13:46:09 vader-rover kernel: [    0.000000]     fixmap  : 0xfff00000 - 0xfffe0000   ( 896 kB)
Jul 10 13:46:09 vader-rover kernel: [    0.000000]     vmalloc : 0xe0800000 - 0xff000000   ( 488 MB)
Jul 10 13:46:09 vader-rover kernel: [    0.000000]     lowmem  : 0xc0000000 - 0xe0000000   ( 512 MB)
Jul 10 13:46:09 vader-rover kernel: [    0.000000]     pkmap   : 0xbfe00000 - 0xc0000000   (   2 MB)
Jul 10 13:46:09 vader-rover kernel: [    0.000000]     modules : 0xbf000000 - 0xbfe00000   (  14 MB)
Jul 10 13:46:09 vader-rover kernel: [    0.000000]       .text : 0xc0008000 - 0xc067abfc   (6603 kB)
Jul 10 13:46:09 vader-rover kernel: [    0.000000]       .init : 0xc067b000 - 0xc06b2000   ( 220 kB)
Jul 10 13:46:09 vader-rover kernel: [    0.000000]       .data : 0xc06b2000 - 0xc071b268   ( 421 kB)
Jul 10 13:46:09 vader-rover kernel: [    0.000000]        .bss : 0xc071b28c - 0xc07a6020   ( 556 kB)
Jul 10 13:46:09 vader-rover kernel: [    0.000000] NR_IRQS:474
Jul 10 13:46:09 vader-rover kernel: [    0.000000] IRQ: Found an INTC at 0xfa200000 (revision 4.0) with 96 interrupts
Jul 10 13:46:09 vader-rover kernel: [    0.000000] Total of 96 interrupts on 1 active controller
Jul 10 13:46:09 vader-rover kernel: [    0.000000] OMAP clockevent source: GPTIMER1 at 32768 Hz
Jul 10 13:46:09 vader-rover kernel: [    0.000000] sched_clock: 32 bits at 32kHz, resolution 30517ns, wraps every 131071999ms
Jul 10 13:46:09 vader-rover kernel: [    0.000000] OMAP clocksource: 32k_counter at 32768 Hz
Jul 10 13:46:09 vader-rover kernel: [    0.000000] Console: colour dummy device 80x30
Jul 10 13:46:09 vader-rover kernel: [    0.000000] console [tty0] enabled
Jul 10 13:46:09 vader-rover kernel: [    0.001007] Calibrating delay loop... 597.64 BogoMIPS (lpj=2334720)
Jul 10 13:46:09 vader-rover kernel: [    0.039123] pid_max: default: 32768 minimum: 301
Jul 10 13:46:09 vader-rover kernel: [    0.039306] Security Framework initialized
Jul 10 13:46:09 vader-rover kernel: [    0.039459] Mount-cache hash table entries: 512
Jul 10 13:46:09 vader-rover kernel: [    0.040252] Initializing cgroup subsys debug
Jul 10 13:46:09 vader-rover kernel: [    0.040283] Initializing cgroup subsys cpuacct
Jul 10 13:46:09 vader-rover kernel: [    0.040313] Initializing cgroup subsys memory
Jul 10 13:46:09 vader-rover kernel: [    0.040405] Initializing cgroup subsys devices
Jul 10 13:46:09 vader-rover kernel: [    0.040405] Initializing cgroup subsys freezer
Jul 10 13:46:09 vader-rover kernel: [    0.040435] Initializing cgroup subsys perf_event
Jul 10 13:46:09 vader-rover kernel: [    0.040588] CPU: Testing write buffer coherency: ok
Jul 10 13:46:09 vader-rover kernel: [    0.040893] Setting up static identity map for 0x8046ea98 - 0x8046eaf0
Jul 10 13:46:09 vader-rover kernel: [    0.046081] devtmpfs: initialized
Jul 10 13:46:09 vader-rover kernel: [    0.050903] dummy: 
Jul 10 13:46:09 vader-rover kernel: [    0.051330] NET: Registered protocol family 16
Jul 10 13:46:09 vader-rover kernel: [    0.051757] GPMC revision 5.0
Jul 10 13:46:09 vader-rover kernel: [    0.051818] gpmc: irq-20 could not claim: err -22
Jul 10 13:46:09 vader-rover kernel: [    0.053527] gpiochip_add: registered GPIOs 0 to 31 on device: gpio
Jul 10 13:46:09 vader-rover kernel: [    0.053619] OMAP GPIO hardware version 2.5
Jul 10 13:46:09 vader-rover kernel: [    0.053863] gpiochip_add: registered GPIOs 32 to 63 on device: gpio
Jul 10 13:46:09 vader-rover kernel: [    0.054138] gpiochip_add: registered GPIOs 64 to 95 on device: gpio
Jul 10 13:46:09 vader-rover kernel: [    0.054412] gpiochip_add: registered GPIOs 96 to 127 on device: gpio
Jul 10 13:46:09 vader-rover kernel: [    0.054809] gpiochip_add: registered GPIOs 128 to 159 on device: gpio
Jul 10 13:46:09 vader-rover kernel: [    0.055114] gpiochip_add: registered GPIOs 160 to 191 on device: gpio
Jul 10 13:46:09 vader-rover kernel: [    0.056060] omap_mux_init: Add partition: #1: core, flags: 0
Jul 10 13:46:09 vader-rover kernel: [    0.061065] _omap_mux_get_by_name: Could not find signal uart4_rx.uart4_rx
Jul 10 13:46:09 vader-rover kernel: [    0.066925] Reprogramming SDRC clock to 332000000 Hz
Jul 10 13:46:09 vader-rover kernel: [    0.066986] dpll3_m2_clk rate change failed: -22
Jul 10 13:46:09 vader-rover kernel: [    0.067016] Found NAND on CS0
Jul 10 13:46:09 vader-rover kernel: [    0.067016] Registering NAND on CS0
Jul 10 13:46:09 vader-rover kernel: [    0.068237]  usbhs_omap: alias fck already exists
Jul 10 13:46:09 vader-rover kernel: [    0.075714] hw-breakpoint: debug architecture 0x4 unsupported.
Jul 10 13:46:09 vader-rover kernel: [    0.078796]  omap-mcbsp.2: alias fck already exists
Jul 10 13:46:09 vader-rover kernel: [    0.079010]  omap-mcbsp.3: alias fck already exists
Jul 10 13:46:09 vader-rover kernel: [    0.080078] Switched to new clocking rate (Crystal/Core/MPU): 26.0/332/720 MHz
Jul 10 13:46:09 vader-rover kernel: [    0.080322] OMAP DMA hardware revision 5.0
Jul 10 13:46:09 vader-rover kernel: [    0.087341] bio: create slab <bio-0> at 0
Jul 10 13:46:09 vader-rover kernel: [    0.088043] fixed-dummy: 
Jul 10 13:46:09 vader-rover kernel: [    0.088134] reg-fixed-voltage reg-fixed-voltage.0: fixed-dummy supplying 0uV
Jul 10 13:46:09 vader-rover kernel: [    0.088317] vads7846: override min_uV, 1 -> 3300000
Jul 10 13:46:09 vader-rover kernel: [    0.088317] vads7846: override max_uV, 2147483647 -> 3300000
Jul 10 13:46:09 vader-rover kernel: [    0.088317] vads7846: 3300 mV 
Jul 10 13:46:09 vader-rover kernel: [    0.088439] reg-fixed-voltage reg-fixed-voltage.1: vads7846 supplying 3300000uV
Jul 10 13:46:09 vader-rover kernel: [    0.089050] SCSI subsystem initialized
Jul 10 13:46:09 vader-rover kernel: [    0.089355] usbcore: registered new interface driver usbfs
Jul 10 13:46:09 vader-rover kernel: [    0.089477] usbcore: registered new interface driver hub
Jul 10 13:46:09 vader-rover kernel: [    0.089691] usbcore: registered new device driver usb
Jul 10 13:46:09 vader-rover kernel: [    0.090118] omap_i2c omap_i2c.1: bus 1 rev1.4.0 at 2600 kHz
Jul 10 13:46:09 vader-rover kernel: [    0.092681] twl 1-0048: PIH (irq 7) chaining IRQs 320..328
Jul 10 13:46:09 vader-rover kernel: [    0.092834] twl 1-0048: power (irq 325) chaining IRQs 328..335
Jul 10 13:46:09 vader-rover kernel: [    0.093414] twl4030_gpio twl4030_gpio: gpio (irq 320) chaining IRQs 336..353
Jul 10 13:46:09 vader-rover kernel: [    0.093719] gpiochip_add: registered GPIOs 192 to 211 on device: twl4030
Jul 10 13:46:09 vader-rover kernel: [    0.094451] VUSB1V5: override min_uV, 1 -> 1500000
Jul 10 13:46:09 vader-rover kernel: [    0.094451] VUSB1V5: override max_uV, 2147483647 -> 1500000
Jul 10 13:46:09 vader-rover kernel: [    0.094482] VUSB1V5: 1500 mV normal standby
Jul 10 13:46:09 vader-rover kernel: [    0.094909] VUSB1V8: override min_uV, 1 -> 1800000
Jul 10 13:46:09 vader-rover kernel: [    0.094940] VUSB1V8: override max_uV, 2147483647 -> 1800000
Jul 10 13:46:09 vader-rover kernel: [    0.094940] VUSB1V8: 1800 mV normal standby
Jul 10 13:46:09 vader-rover kernel: [    0.095336] VUSB3V1: override min_uV, 1 -> 3100000
Jul 10 13:46:09 vader-rover kernel: [    0.095367] VUSB3V1: override max_uV, 2147483647 -> 3100000
Jul 10 13:46:09 vader-rover kernel: [    0.095367] VUSB3V1: 3100 mV normal standby
Jul 10 13:46:09 vader-rover kernel: [    0.096832] twl4030_usb twl4030_usb: HW_CONDITIONS 0x10/16; link 0
Jul 10 13:46:09 vader-rover kernel: [    0.097045] twl4030_usb twl4030_usb: Initialized TWL4030 USB module
Jul 10 13:46:09 vader-rover kernel: [    0.097534] vdd_mpu_iva: 600 <--> 1450 mV normal 
Jul 10 13:46:09 vader-rover kernel: [    0.097930] vdd_core: 600 <--> 1450 mV normal 
Jul 10 13:46:09 vader-rover kernel: [    0.098419] VMMC1: 1850 <--> 3150 mV at 3000 mV normal standby
Jul 10 13:46:09 vader-rover kernel: [    0.098937] VDAC: 1800 mV normal standby
Jul 10 13:46:09 vader-rover kernel: [    0.099426] VDVI: 1800 mV normal standby
Jul 10 13:46:09 vader-rover kernel: [    0.099884] omap_i2c omap_i2c.3: bus 3 rev1.4.0 at 400 kHz
Jul 10 13:46:09 vader-rover kernel: [    0.100616] omap-iommu omap-iommu.0: isp registered
Jul 10 13:46:09 vader-rover kernel: [    0.100799] Advanced Linux Sound Architecture Driver Version 1.0.25.
Jul 10 13:46:09 vader-rover kernel: [    0.101715] Switching to clocksource 32k_counter
Jul 10 13:46:09 vader-rover kernel: [    0.126220] usbhs_omap usbhs_omap: xclk60mhsp2_ck set parentfailed error:-22
Jul 10 13:46:09 vader-rover kernel: [    0.127014] NET: Registered protocol family 2
Jul 10 13:46:09 vader-rover kernel: [    0.127319] IP route cache hash table entries: 4096 (order: 2, 16384 bytes)
Jul 10 13:46:09 vader-rover kernel: [    0.127868] TCP established hash table entries: 16384 (order: 5, 131072 bytes)
Jul 10 13:46:09 vader-rover kernel: [    0.128173] TCP bind hash table entries: 16384 (order: 4, 65536 bytes)
Jul 10 13:46:09 vader-rover kernel: [    0.128387] TCP: Hash tables configured (established 16384 bind 16384)
Jul 10 13:46:09 vader-rover kernel: [    0.128387] TCP: reno registered
Jul 10 13:46:09 vader-rover kernel: [    0.128417] UDP hash table entries: 256 (order: 0, 4096 bytes)
Jul 10 13:46:09 vader-rover kernel: [    0.128479] UDP-Lite hash table entries: 256 (order: 0, 4096 bytes)
Jul 10 13:46:09 vader-rover kernel: [    0.128753] NET: Registered protocol family 1
Jul 10 13:46:09 vader-rover kernel: [    0.129302] RPC: Registered named UNIX socket transport module.
Jul 10 13:46:09 vader-rover kernel: [    0.129333] RPC: Registered udp transport module.
Jul 10 13:46:09 vader-rover kernel: [    0.129333] RPC: Registered tcp transport module.
Jul 10 13:46:09 vader-rover kernel: [    0.129364] RPC: Registered tcp NFSv4.1 backchannel transport module.
Jul 10 13:46:09 vader-rover kernel: [    0.129638] Trying to unpack rootfs image as initramfs...
Jul 10 13:46:09 vader-rover kernel: [    0.244689] Freeing initrd memory: 1488K
Jul 10 13:46:09 vader-rover kernel: [    0.247009] audit: initializing netlink socket (disabled)
Jul 10 13:46:09 vader-rover kernel: [    0.247100] type=2000 audit(0.242:1): initialized
Jul 10 13:46:09 vader-rover kernel: [    0.248474] VFS: Disk quotas dquot_6.5.2
Jul 10 13:46:09 vader-rover kernel: [    0.248596] Dquot-cache hash table entries: 1024 (order 0, 4096 bytes)
Jul 10 13:46:09 vader-rover kernel: [    0.248962] NFS: Registering the id_resolver key type
Jul 10 13:46:09 vader-rover kernel: [    0.249053] Key type id_resolver registered
Jul 10 13:46:09 vader-rover kernel: [    0.249481] jffs2: version 2.2. (NAND) (SUMMARY)  Â© 2001-2006 Red Hat, Inc.
Jul 10 13:46:09 vader-rover kernel: [    0.250152] fuse init (API version 7.19)
Jul 10 13:46:09 vader-rover kernel: [    0.250732] msgmni has been set to 971
Jul 10 13:46:09 vader-rover kernel: [    0.252441] Block layer SCSI generic (bsg) driver version 0.4 loaded (major 253)
Jul 10 13:46:09 vader-rover kernel: [    0.252471] io scheduler noop registered
Jul 10 13:46:09 vader-rover kernel: [    0.252502] io scheduler deadline registered (default)
Jul 10 13:46:09 vader-rover kernel: [    0.253265] OMAP DSS rev 2.0
Jul 10 13:46:09 vader-rover kernel: [    0.256164] omap_uart.0: ttyO0 at MMIO 0x4806a000 (irq = 72) is a OMAP UART0
Jul 10 13:46:09 vader-rover kernel: [    0.256713] omap_uart.1: ttyO1 at MMIO 0x4806c000 (irq = 73) is a OMAP UART1
Jul 10 13:46:09 vader-rover kernel: [    0.257171] omap_uart.2: ttyO2 at MMIO 0x49020000 (irq = 74) is a OMAP UART2
Jul 10 13:46:09 vader-rover kernel: [    0.958374] console [ttyO2] enabled
Jul 10 13:46:09 vader-rover kernel: [    0.962493] omap_uart.3: ttyO3 at MMIO 0x49042000 (irq = 80) is a OMAP UART3
Jul 10 13:46:09 vader-rover kernel: [    0.977447] brd: module loaded
Jul 10 13:46:09 vader-rover kernel: [    0.984497] loop: module loaded
Jul 10 13:46:09 vader-rover kernel: [    0.989929] twl4030_madc twl4030_madc: clk disabled, enabling
Jul 10 13:46:09 vader-rover kernel: [    0.997772] NAND device: Manufacturer ID: 0x2c, Chip ID: 0xbc (Micron NAND 512MiB 1,8V 16-bit), page size: 2048, OOB size: 64
Jul 10 13:46:09 vader-rover kernel: [    1.022583] Creating 5 MTD partitions on "omap2-nand.0":
Jul 10 13:46:09 vader-rover kernel: [    1.028350] 0x000000000000-0x000000080000 : "xloader"
Jul 10 13:46:09 vader-rover kernel: [    1.035217] 0x000000080000-0x000000240000 : "uboot"
Jul 10 13:46:09 vader-rover kernel: [    1.042572] 0x000000240000-0x000000280000 : "uboot environment"
Jul 10 13:46:09 vader-rover kernel: [    1.049957] 0x000000280000-0x000000680000 : "linux"
Jul 10 13:46:09 vader-rover kernel: [    1.058807] 0x000000680000-0x000020000000 : "rootfs"
Jul 10 13:46:09 vader-rover kernel: [    1.417358] smsc911x: Driver version 2008-10-21
Jul 10 13:46:09 vader-rover kernel: [    1.422637] smsc911x: Driver version 2008-10-21
Jul 10 13:46:09 vader-rover kernel: [    1.427795] usbcore: registered new interface driver asix
Jul 10 13:46:09 vader-rover kernel: [    1.433624] usbcore: registered new interface driver cdc_ether
Jul 10 13:46:09 vader-rover kernel: [    1.439849] usbcore: registered new interface driver cdc_ncm
Jul 10 13:46:09 vader-rover kernel: [    1.446166] ehci_hcd: USB 2.0 'Enhanced' Host Controller (EHCI) Driver
Jul 10 13:46:09 vader-rover kernel: [    1.453033] ehci_hcd: block sizes: qh 64 qtd 96 itd 160 sitd 96
Jul 10 13:46:09 vader-rover kernel: [    1.453155] ehci-omap ehci-omap.0: failed to get ehci port1 regulator
Jul 10 13:46:09 vader-rover kernel: [    2.453430] ehci-omap ehci-omap.0: phy reset operation timed out
Jul 10 13:46:09 vader-rover kernel: [    2.453460] ehci-omap ehci-omap.0: reset hcs_params 0x1313 dbg=0 cc=1 pcc=3 ordered ports=3
Jul 10 13:46:09 vader-rover kernel: [    2.453460] ehci-omap ehci-omap.0: reset hcc_params 0016 thresh 1 uframes 256/512/1024 park
Jul 10 13:46:09 vader-rover kernel: [    2.453491] ehci-omap ehci-omap.0: reset command 0080b02  park=3 ithresh=8 period=1024 Reset HALT
Jul 10 13:46:09 vader-rover kernel: [    2.453521] ehci-omap ehci-omap.0: OMAP-EHCI Host Controller
Jul 10 13:46:09 vader-rover kernel: [    2.459747] ehci-omap ehci-omap.0: new USB bus registered, assigned bus number 1
Jul 10 13:46:09 vader-rover kernel: [    2.467620] ehci-omap ehci-omap.0: park 0
Jul 10 13:46:09 vader-rover kernel: [    2.467681] ehci-omap ehci-omap.0: irq 77, io mem 0x48064800
Jul 10 13:46:09 vader-rover kernel: [    2.473693] ehci-omap ehci-omap.0: init command 0010005 (park)=0 ithresh=1 period=512 RUN
Jul 10 13:46:09 vader-rover kernel: [    2.484741] ehci-omap ehci-omap.0: USB 2.0 started, EHCI 1.00
Jul 10 13:46:09 vader-rover kernel: [    2.490905] usb usb1: default language 0x0409
Jul 10 13:46:09 vader-rover kernel: [    2.490936] usb usb1: udev 1, busnum 1, minor = 0
Jul 10 13:46:09 vader-rover kernel: [    2.490966] usb usb1: New USB device found, idVendor=1d6b, idProduct=0002
Jul 10 13:46:09 vader-rover kernel: [    2.498107] usb usb1: New USB device strings: Mfr=3, Product=2, SerialNumber=1
Jul 10 13:46:09 vader-rover kernel: [    2.505737] usb usb1: Product: OMAP-EHCI Host Controller
Jul 10 13:46:09 vader-rover kernel: [    2.511352] usb usb1: Manufacturer: Linux 3.5.0-2-linaro-omap ehci_hcd
Jul 10 13:46:09 vader-rover kernel: [    2.518218] usb usb1: SerialNumber: ehci-omap.0
Jul 10 13:46:09 vader-rover kernel: [    2.523437] usb usb1: usb_probe_device
Jul 10 13:46:09 vader-rover kernel: [    2.523468] usb usb1: configuration #1 chosen from 1 choice
Jul 10 13:46:09 vader-rover kernel: [    2.523529] usb usb1: adding 1-0:1.0 (config #1, interface 0)
Jul 10 13:46:09 vader-rover kernel: [    2.523651] hub 1-0:1.0: usb_probe_interface
Jul 10 13:46:09 vader-rover kernel: [    2.523681] hub 1-0:1.0: usb_probe_interface - got id
Jul 10 13:46:09 vader-rover kernel: [    2.523681] hub 1-0:1.0: USB hub found
Jul 10 13:46:09 vader-rover kernel: [    2.527709] hub 1-0:1.0: 3 ports detected
Jul 10 13:46:09 vader-rover kernel: [    2.531921] hub 1-0:1.0: standalone hub
Jul 10 13:46:09 vader-rover kernel: [    2.531951] hub 1-0:1.0: individual port power switching
Jul 10 13:46:09 vader-rover kernel: [    2.531951] hub 1-0:1.0: individual port over-current protection
Jul 10 13:46:09 vader-rover kernel: [    2.531982] hub 1-0:1.0: power on to power good time: 20ms
Jul 10 13:46:09 vader-rover kernel: [    2.532012] hub 1-0:1.0: local power source is good
Jul 10 13:46:09 vader-rover kernel: [    2.532012] hub 1-0:1.0: enabling power on all ports
Jul 10 13:46:09 vader-rover kernel: [    2.532318] ehci-omap ehci-omap.0: ...powerup ports...
Jul 10 13:46:09 vader-rover kernel: [    2.563018] Initializing USB Mass Storage driver...
Jul 10 13:46:09 vader-rover kernel: [    2.568298] usbcore: registered new interface driver usb-storage
Jul 10 13:46:09 vader-rover kernel: [    2.574645] USB Mass Storage support registered.
Jul 10 13:46:09 vader-rover kernel: [    2.579528] musb-hdrc: version 6.0, ?dma?, otg (peripheral+host)
Jul 10 13:46:09 vader-rover kernel: [    2.591491] twl4030_usb twl4030_usb: twl4030_phy_resume
Jul 10 13:46:09 vader-rover kernel: [    2.591735] musb-hdrc: ConfigData=0xde (UTMI-8, dyn FIFOs, bulk combine, bulk split, HB-ISO Rx, HB-ISO Tx, SoftConn)
Jul 10 13:46:09 vader-rover kernel: [    2.591766] musb-hdrc: MHDRC RTL version 1.800 
Jul 10 13:46:09 vader-rover kernel: [    2.591766] musb-hdrc: setup fifo_mode 4
Jul 10 13:46:09 vader-rover kernel: [    2.591796] musb-hdrc: 28/31 max ep, 16384/16384 memory
Jul 10 13:46:09 vader-rover kernel: [    2.592193] musb-hdrc musb-hdrc: USB OTG mode controller at fa0ab000 using DMA, IRQ 92
Jul 10 13:46:09 vader-rover kernel: [    2.602478] twl4030_usb twl4030_usb: twl4030_phy_suspend
Jul 10 13:46:09 vader-rover kernel: [    2.602966] mousedev: PS/2 mouse device common for all mice
Jul 10 13:46:09 vader-rover kernel: [    2.609497] twl_rtc twl_rtc: Enabling TWL-RTC
Jul 10 13:46:09 vader-rover kernel: [    2.616729] twl_rtc twl_rtc: rtc core: registered twl_rtc as rtc0
Jul 10 13:46:09 vader-rover kernel: [    2.623962] i2c /dev entries driver
Jul 10 13:46:09 vader-rover kernel: [    2.629058] voltdm_scale: No voltage scale API registered for vdd_mpu_iva
Jul 10 13:46:09 vader-rover kernel: [    2.636322] ehci-omap ehci-omap.0: GetStatus port:2 status 001803 0  ACK POWER sig=j CSC CONNECT
Jul 10 13:46:09 vader-rover kernel: [    2.636352] hub 1-0:1.0: port 2: status 0501 change 0001
Jul 10 13:46:09 vader-rover kernel: [    2.636413] platform mpu.0: omap_target: unable to scale voltage up.
Jul 10 13:46:09 vader-rover kernel: [    2.643127] cpuidle: using governor ladder
Jul 10 13:46:09 vader-rover kernel: [    2.647430] cpuidle: using governor menu
Jul 10 13:46:09 vader-rover kernel: [    2.652099] omap_hsmmc omap_hsmmc.0: Failed to get debounce clk
Jul 10 13:46:09 vader-rover kernel: [    2.734802] hub 1-0:1.0: state 7 ports 3 chg 0004 evt 0000
Jul 10 13:46:09 vader-rover kernel: [    2.734832] hub 1-0:1.0: port 2, status 0501, change 0000, 480 Mb/s
Jul 10 13:46:09 vader-rover kernel: [    2.797271] ehci-omap ehci-omap.0: port 2 reset complete, port enabled
Jul 10 13:46:09 vader-rover kernel: [    2.797302] ehci-omap ehci-omap.0: GetStatus port:2 status 001005 0  ACK POWER sig=se0 PE CONNECT
Jul 10 13:46:09 vader-rover kernel: [    2.859741] usb 1-2: new high-speed USB device number 2 using ehci-omap
Jul 10 13:46:09 vader-rover kernel: [    2.922241] ehci-omap ehci-omap.0: port 2 reset complete, port enabled
Jul 10 13:46:09 vader-rover kernel: [    2.922271] ehci-omap ehci-omap.0: GetStatus port:2 status 001005 0  ACK POWER sig=se0 PE CONNECT
Jul 10 13:46:09 vader-rover kernel: [    3.016479] usb 1-2: default language 0x0409
Jul 10 13:46:09 vader-rover kernel: [    3.016601] usb 1-2: udev 2, busnum 1, minor = 1
Jul 10 13:46:09 vader-rover kernel: [    3.016601] usb 1-2: New USB device found, idVendor=050d, idProduct=0237
Jul 10 13:46:09 vader-rover kernel: [    3.023651] usb 1-2: New USB device strings: Mfr=0, Product=1, SerialNumber=0
Jul 10 13:46:09 vader-rover kernel: [    3.031188] usb 1-2: Product: USB 2.0 Hub [MTT]
Jul 10 13:46:09 vader-rover kernel: [    3.036560] omap_hsmmc omap_hsmmc.1: Failed to get debounce clk
Jul 10 13:46:09 vader-rover kernel: [    3.043304] usb 1-2: usb_probe_device
Jul 10 13:46:09 vader-rover kernel: [    3.043334] usb 1-2: configuration #1 chosen from 1 choice
Jul 10 13:46:09 vader-rover kernel: [    3.043518] usb 1-2: adding 1-2:1.0 (config #1, interface 0)
Jul 10 13:46:09 vader-rover kernel: [    3.043670] hub 1-2:1.0: usb_probe_interface
Jul 10 13:46:09 vader-rover kernel: [    3.043701] hub 1-2:1.0: usb_probe_interface - got id
Jul 10 13:46:09 vader-rover kernel: [    3.043731] hub 1-2:1.0: USB hub found
Jul 10 13:46:09 vader-rover kernel: [    3.050598] hub 1-2:1.0: 7 ports detected
Jul 10 13:46:09 vader-rover kernel: [    3.054840] hub 1-2:1.0: standalone hub
Jul 10 13:46:09 vader-rover kernel: [    3.054870] hub 1-2:1.0: ganged power switching
Jul 10 13:46:09 vader-rover kernel: [    3.054870] hub 1-2:1.0: individual port over-current protection
Jul 10 13:46:09 vader-rover kernel: [    3.055175] hub 1-2:1.0: TT per port
Jul 10 13:46:09 vader-rover kernel: [    3.055206] hub 1-2:1.0: TT requires at most 8 FS bit times (666 ns)
Jul 10 13:46:09 vader-rover kernel: [    3.055206] hub 1-2:1.0: Port indicators are supported
Jul 10 13:46:09 vader-rover kernel: [    3.055236] hub 1-2:1.0: power on to power good time: 100ms
Jul 10 13:46:09 vader-rover kernel: [    3.055480] hub 1-2:1.0: local power source is good
Jul 10 13:46:09 vader-rover kernel: [    3.055511] hub 1-2:1.0: enabling power on all ports
Jul 10 13:46:09 vader-rover kernel: [    3.094573] Registered led device: overo:red:gpio21
Jul 10 13:46:09 vader-rover kernel: [    3.094696] Registered led device: overo:blue:gpio22
Jul 10 13:46:09 vader-rover kernel: [    3.095367] Registered led device: overo:blue:COM
Jul 10 13:46:09 vader-rover kernel: [    3.096801] usbcore: registered new interface driver usbhid
Jul 10 13:46:09 vader-rover kernel: [    3.102813] usbhid: USB HID core driver
Jul 10 13:46:09 vader-rover kernel: [    3.107879] usbcore: registered new interface driver snd-usb-audio
Jul 10 13:46:09 vader-rover kernel: [    3.115661] overo SoC init
Jul 10 13:46:09 vader-rover kernel: [    3.118743] soc-audio soc-audio: ASoC machine overo should use snd_soc_register_card()
Jul 10 13:46:09 vader-rover kernel: [    3.156738] hub 1-2:1.0: port 1: status 0101 change 0001
Jul 10 13:46:09 vader-rover kernel: [    3.156951] hub 1-2:1.0: port 2: status 0101 change 0001
Jul 10 13:46:09 vader-rover kernel: [    3.157318] hub 1-2:1.0: port 4: status 0101 change 0001
Jul 10 13:46:09 vader-rover kernel: [    3.157562] hub 1-2:1.0: port 5: status 0101 change 0001
Jul 10 13:46:09 vader-rover kernel: [    3.157806] hub 1-2:1.0: port 6: status 0101 change 0001
Jul 10 13:46:09 vader-rover kernel: [    3.158081] hub 1-2:1.0: port 7: status 0101 change 0001
Jul 10 13:46:09 vader-rover kernel: [    3.209503] twl4030-codec twl4030-codec: ASoC: Failed to create Capture debugfs file
Jul 10 13:46:09 vader-rover kernel: [    3.221160] asoc: twl4030-hifi <-> omap-mcbsp.2 mapping ok
Jul 10 13:46:09 vader-rover kernel: [    3.230743] oprofile: hardware counters not available
Jul 10 13:46:09 vader-rover kernel: [    3.236114] oprofile: using timer interrupt.
Jul 10 13:46:09 vader-rover kernel: [    3.240997] TCP: cubic registered
Jul 10 13:46:09 vader-rover kernel: [    3.244689] NET: Registered protocol family 17
Jul 10 13:46:09 vader-rover kernel: [    3.249572] NET: Registered protocol family 15
Jul 10 13:46:09 vader-rover kernel: [    3.254516] Key type dns_resolver registered
Jul 10 13:46:09 vader-rover kernel: [    3.259124] usb 1-2: link qh256-0001/de5e8a80 start 1 [1/0 us]
Jul 10 13:46:09 vader-rover kernel: [    3.259155] hub 1-2:1.0: state 7 ports 7 chg 00f6 evt 0000
Jul 10 13:46:09 vader-rover kernel: [    3.262512] hub 1-2:1.0: port 1, status 0101, change 0000, 12 Mb/s
Jul 10 13:46:09 vader-rover kernel: [    3.259399] VFP support v0.3: implementor 41 architecture 3 part 30 variant c rev 3
Jul 10 13:46:09 vader-rover kernel: [    3.272186] ThumbEE CPU extension supported.
Jul 10 13:46:09 vader-rover kernel: [    3.276885] sr_init: No PMIC hook to init smartreflex
Jul 10 13:46:09 vader-rover kernel: [    3.282714] smartreflex smartreflex.0: omap_sr_probe: SmartReflex driver initialized
Jul 10 13:46:09 vader-rover kernel: [    3.291259] smartreflex smartreflex.1: omap_sr_probe: SmartReflex driver initialized
Jul 10 13:46:09 vader-rover kernel: [    3.306610] clock: disabling unused clocks to save power
Jul 10 13:46:09 vader-rover kernel: [    3.313201] registered taskstats version 1
Jul 10 13:46:09 vader-rover kernel: [    3.318328] fbcvt: 1024x768@60: CVT Name - .786M3-R
Jul 10 13:46:09 vader-rover kernel: [    3.342864] Console: switching to colour frame buffer device 128x48
Jul 10 13:46:09 vader-rover kernel: [    3.357788] usb 1-2.1: new high-speed USB device number 3 using ehci-omap
Jul 10 13:46:09 vader-rover kernel: [    3.368621] VDAC: incomplete constraints, leaving on
Jul 10 13:46:09 vader-rover kernel: [    3.376098] twl_rtc twl_rtc: setting system clock to 2014-07-10 17:45:59 UTC (1405014359)
Jul 10 13:46:09 vader-rover kernel: [    3.385192] ALSA device list:
Jul 10 13:46:09 vader-rover kernel: [    3.388519]   #0: overo
Jul 10 13:46:09 vader-rover kernel: [    3.391937] Freeing init memory: 220K
Jul 10 13:46:09 vader-rover kernel: [    3.482147] usb 1-2.1: default language 0x0409
Jul 10 13:46:09 vader-rover kernel: [    3.491027] usb 1-2.1: udev 3, busnum 1, minor = 2
Jul 10 13:46:09 vader-rover kernel: [    3.491058] usb 1-2.1: New USB device found, idVendor=1e10, idProduct=2004
Jul 10 13:46:09 vader-rover kernel: [    3.503936] usb 1-2.1: New USB device strings: Mfr=1, Product=2, SerialNumber=3
Jul 10 13:46:09 vader-rover kernel: [    3.520996] usb 1-2.1: Product: USB 2.0 Digital Imaging Camera
Jul 10 13:46:09 vader-rover kernel: [    3.531921] usb 1-2.1: Manufacturer: Point Grey Research
Jul 10 13:46:09 vader-rover kernel: [    3.547424] usb 1-2.1: SerialNumber: 00BB1D77
Jul 10 13:46:09 vader-rover kernel: [    3.552642] usb 1-2.1: usb_probe_device
Jul 10 13:46:09 vader-rover kernel: [    3.552673] usb 1-2.1: configuration #1 chosen from 1 choice
Jul 10 13:46:09 vader-rover kernel: [    3.553039] usb 1-2.1: adding 1-2.1:1.0 (config #1, interface 0)
Jul 10 13:46:09 vader-rover kernel: [    3.555328] hub 1-2:1.0: port 2, status 0101, change 0000, 12 Mb/s
Jul 10 13:46:09 vader-rover kernel: [    3.591125] mmc0: host does not support reading read-only switch. assuming write-enable.
Jul 10 13:46:09 vader-rover kernel: [    3.624023] mmc0: new high speed SDXC card at address 59b4
Jul 10 13:46:09 vader-rover kernel: [    3.641387] usb 1-2.2: new high-speed USB device number 4 using ehci-omap
Jul 10 13:46:09 vader-rover kernel: [    3.680236] mmcblk0: mmc0:59b4       59.6 GiB 
Jul 10 13:46:09 vader-rover kernel: [    3.689575]  mmcblk0: p1 p2
Jul 10 13:46:09 vader-rover kernel: [    3.736816] mmc1: new SDIO card at address 0001
Jul 10 13:46:09 vader-rover kernel: [    3.790740] usb 1-2.2: default language 0x0409
Jul 10 13:46:09 vader-rover kernel: [    3.791595] usb 1-2.2: udev 4, busnum 1, minor = 3
Jul 10 13:46:09 vader-rover kernel: [    3.791625] usb 1-2.2: New USB device found, idVendor=0bda, idProduct=8178
Jul 10 13:46:09 vader-rover kernel: [    3.826263] usb 1-2.2: New USB device strings: Mfr=1, Product=2, SerialNumber=3
Jul 10 13:46:09 vader-rover kernel: [    3.859863] usb 1-2.2: Product: USB WLAN
Jul 10 13:46:09 vader-rover kernel: [    3.873596] usb 1-2.2: Manufacturer: Realtek
Jul 10 13:46:09 vader-rover kernel: [    3.891052] usb 1-2.2: SerialNumber: 00e04c000001
Jul 10 13:46:09 vader-rover kernel: [    3.909637] usb 1-2.2: usb_probe_device
Jul 10 13:46:09 vader-rover kernel: [    3.909667] usb 1-2.2: configuration #1 chosen from 1 choice
Jul 10 13:46:09 vader-rover kernel: [    3.910125] usb 1-2.2: adding 1-2.2:1.0 (config #1, interface 0)
Jul 10 13:46:09 vader-rover kernel: [    3.913665] hub 1-2:1.0: port 4, status 0101, change 0000, 12 Mb/s
Jul 10 13:46:09 vader-rover kernel: [    3.993011] usb 1-2.4: new high-speed USB device number 5 using ehci-omap
Jul 10 13:46:09 vader-rover kernel: [    4.130645] usb 1-2.4: default language 0x0409
Jul 10 13:46:09 vader-rover kernel: [    4.139526] usb 1-2.4: udev 5, busnum 1, minor = 4
Jul 10 13:46:09 vader-rover kernel: [    4.139556] usb 1-2.4: New USB device found, idVendor=1e10, idProduct=2004
Jul 10 13:46:09 vader-rover kernel: [    4.163177] usb 1-2.4: New USB device strings: Mfr=1, Product=2, SerialNumber=3
Jul 10 13:46:09 vader-rover kernel: [    4.186004] usb 1-2.4: Product: USB 2.0 Digital Imaging Camera
Jul 10 13:46:09 vader-rover kernel: [    4.208709] usb 1-2.4: Manufacturer: Point Grey Research
Jul 10 13:46:09 vader-rover kernel: [    4.231353] usb 1-2.4: SerialNumber: 00CAABB3
Jul 10 13:46:09 vader-rover kernel: [    4.252868] usb 1-2.4: usb_probe_device
Jul 10 13:46:09 vader-rover kernel: [    4.252899] usb 1-2.4: configuration #1 chosen from 1 choice
Jul 10 13:46:09 vader-rover kernel: [    4.253997] usb 1-2.4: adding 1-2.4:1.0 (config #1, interface 0)
Jul 10 13:46:09 vader-rover kernel: [    4.256378] hub 1-2:1.0: port 5, status 0101, change 0000, 12 Mb/s
Jul 10 13:46:09 vader-rover kernel: [    4.336608] usb 1-2.5: new full-speed USB device number 6 using ehci-omap
Jul 10 13:46:09 vader-rover kernel: [    4.476959] usb 1-2.5: ep0 maxpacket = 8
Jul 10 13:46:09 vader-rover kernel: [    4.479339] usb 1-2.5: default language 0x0409
Jul 10 13:46:09 vader-rover kernel: [    4.483886] usb 1-2.5: udev 6, busnum 1, minor = 5
Jul 10 13:46:09 vader-rover kernel: [    4.483917] usb 1-2.5: New USB device found, idVendor=0403, idProduct=6001
Jul 10 13:46:09 vader-rover kernel: [    4.504821] usb 1-2.5: New USB device strings: Mfr=1, Product=2, SerialNumber=3
Jul 10 13:46:09 vader-rover kernel: [    4.540405] usb 1-2.5: Product: FT232R USB UART
Jul 10 13:46:09 vader-rover kernel: [    4.571899] usb 1-2.5: Manufacturer: FTDI
Jul 10 13:46:09 vader-rover kernel: [    4.594421] usb 1-2.5: SerialNumber: A702LYT7
Jul 10 13:46:09 vader-rover kernel: [    4.622192] usb 1-2.5: usb_probe_device
Jul 10 13:46:09 vader-rover kernel: [    4.622222] usb 1-2.5: configuration #1 chosen from 1 choice
Jul 10 13:46:09 vader-rover kernel: [    4.622711] usb 1-2.5: adding 1-2.5:1.0 (config #1, interface 0)
Jul 10 13:46:09 vader-rover kernel: [    4.625854] hub 1-2:1.0: port 6, status 0101, change 0000, 12 Mb/s
Jul 10 13:46:09 vader-rover kernel: [    4.711608] usb 1-2.6: new full-speed USB device number 7 using ehci-omap
Jul 10 13:46:09 vader-rover kernel: [    4.846466] usb 1-2.6: skipped 4 descriptors after interface
Jul 10 13:46:09 vader-rover kernel: [    4.846801] usb 1-2.6: default language 0x0409
Jul 10 13:46:09 vader-rover kernel: [    4.847778] usb 1-2.6: udev 7, busnum 1, minor = 6
Jul 10 13:46:09 vader-rover kernel: [    4.847808] usb 1-2.6: New USB device found, idVendor=16c0, idProduct=0483
Jul 10 13:46:09 vader-rover kernel: [    4.858856] usb 1-2.6: New USB device strings: Mfr=1, Product=2, SerialNumber=3
Jul 10 13:46:09 vader-rover kernel: [    4.871276] usb 1-2.6: Product: USB Serial
Jul 10 13:46:09 vader-rover kernel: [    4.879394] usb 1-2.6: Manufacturer: Teensyduino
Jul 10 13:46:09 vader-rover kernel: [    4.887878] usb 1-2.6: SerialNumber: 39749
Jul 10 13:46:09 vader-rover kernel: [    4.896270] usb 1-2.6: usb_probe_device
Jul 10 13:46:09 vader-rover kernel: [    4.896301] usb 1-2.6: configuration #1 chosen from 1 choice
Jul 10 13:46:09 vader-rover kernel: [    4.896575] usb 1-2.6: adding 1-2.6:1.0 (config #1, interface 0)
Jul 10 13:46:09 vader-rover kernel: [    4.896911] usb 1-2.6: adding 1-2.6:1.1 (config #1, interface 1)
Jul 10 13:46:09 vader-rover kernel: [    4.897796] hub 1-2:1.0: port 7, status 0101, change 0000, 12 Mb/s
Jul 10 13:46:09 vader-rover kernel: [    4.985137] usb 1-2.7: new full-speed USB device number 8 using ehci-omap
Jul 10 13:46:09 vader-rover kernel: [    5.111114] usb 1-2.7: default language 0x0409
Jul 10 13:46:09 vader-rover kernel: [    5.111602] usb 1-2.7: udev 8, busnum 1, minor = 7
Jul 10 13:46:09 vader-rover kernel: [    5.111602] usb 1-2.7: New USB device found, idVendor=067b, idProduct=2303
Jul 10 13:46:09 vader-rover kernel: [    5.133270] usb 1-2.7: New USB device strings: Mfr=1, Product=2, SerialNumber=0
Jul 10 13:46:09 vader-rover kernel: [    5.157012] usb 1-2.7: Product: USB-Serial Controller D
Jul 10 13:46:09 vader-rover kernel: [    5.166778] usb 1-2.7: Manufacturer: Prolific Technology Inc. 
Jul 10 13:46:09 vader-rover kernel: [    5.189300] usb 1-2.7: usb_probe_device
Jul 10 13:46:09 vader-rover kernel: [    5.189331] usb 1-2.7: configuration #1 chosen from 1 choice
Jul 10 13:46:09 vader-rover kernel: [    5.190734] usb 1-2.7: adding 1-2.7:1.0 (config #1, interface 0)
Jul 10 13:46:09 vader-rover kernel: [    5.191741] hub 1-2:1.0: state 7 ports 7 chg 0000 evt 0080
Jul 10 13:46:09 vader-rover kernel: [    6.319152] end_request: I/O error, dev mtdblock0, sector 0
Jul 10 13:46:09 vader-rover kernel: [    6.328643] Buffer I/O error on device mtdblock0, logical block 0
Jul 10 13:46:09 vader-rover kernel: [    6.440246] end_request: I/O error, dev mtdblock0, sector 0
Jul 10 13:46:09 vader-rover kernel: [    6.449707] Buffer I/O error on device mtdblock0, logical block 0
Jul 10 13:46:09 vader-rover kernel: [    6.539611] end_request: I/O error, dev mtdblock0, sector 0
Jul 10 13:46:09 vader-rover kernel: [    6.549072] Buffer I/O error on device mtdblock0, logical block 0
Jul 10 13:46:09 vader-rover kernel: [    6.641693] end_request: I/O error, dev mtdblock0, sector 0
Jul 10 13:46:09 vader-rover kernel: [    6.651153] Buffer I/O error on device mtdblock0, logical block 0
Jul 10 13:46:09 vader-rover kernel: [    6.665283] rtl8192cu driver version=v4.0.2_9000.20130911
Jul 10 13:46:09 vader-rover kernel: [    6.665313] build time: May 27 2014 17:22:48
Jul 10 13:46:09 vader-rover kernel: [    6.665435] rtl8192cu 1-2.2:1.0: usb_probe_interface
Jul 10 13:46:09 vader-rover kernel: [    6.665466] rtl8192cu 1-2.2:1.0: usb_probe_interface - got id
Jul 10 13:46:09 vader-rover kernel: [    6.665466] 
Jul 10 13:46:09 vader-rover kernel: [    6.665466] usb_endpoint_descriptor(0):
Jul 10 13:46:09 vader-rover kernel: [    6.665496] bLength=7
Jul 10 13:46:09 vader-rover kernel: [    6.665496] bDescriptorType=5
Jul 10 13:46:09 vader-rover kernel: [    6.665496] bEndpointAddress=81
Jul 10 13:46:09 vader-rover kernel: [    6.665496] wMaxPacketSize=200
Jul 10 13:46:09 vader-rover kernel: [    6.665527] bInterval=0
Jul 10 13:46:09 vader-rover kernel: [    6.665527] RT_usb_endpoint_is_bulk_in = 1
Jul 10 13:46:09 vader-rover kernel: [    6.665527] 
Jul 10 13:46:09 vader-rover kernel: [    6.665527] usb_endpoint_descriptor(1):
Jul 10 13:46:09 vader-rover kernel: [    6.665527] bLength=7
Jul 10 13:46:09 vader-rover kernel: [    6.665527] bDescriptorType=5
Jul 10 13:46:09 vader-rover kernel: [    6.665557] bEndpointAddress=2
Jul 10 13:46:09 vader-rover kernel: [    6.665557] wMaxPacketSize=200
Jul 10 13:46:09 vader-rover kernel: [    6.665557] bInterval=0
Jul 10 13:46:09 vader-rover kernel: [    6.665557] RT_usb_endpoint_is_bulk_out = 2
Jul 10 13:46:09 vader-rover kernel: [    6.665557] 
Jul 10 13:46:09 vader-rover kernel: [    6.665557] usb_endpoint_descriptor(2):
Jul 10 13:46:09 vader-rover kernel: [    6.665588] bLength=7
Jul 10 13:46:09 vader-rover kernel: [    6.665588] bDescriptorType=5
Jul 10 13:46:09 vader-rover kernel: [    6.665588] bEndpointAddress=3
Jul 10 13:46:09 vader-rover kernel: [    6.665588] wMaxPacketSize=200
Jul 10 13:46:09 vader-rover kernel: [    6.665618] bInterval=0
Jul 10 13:46:09 vader-rover kernel: [    6.665618] RT_usb_endpoint_is_bulk_out = 3
Jul 10 13:46:09 vader-rover kernel: [    6.665618] 
Jul 10 13:46:09 vader-rover kernel: [    6.665618] usb_endpoint_descriptor(3):
Jul 10 13:46:09 vader-rover kernel: [    6.665618] bLength=7
Jul 10 13:46:09 vader-rover kernel: [    6.665618] bDescriptorType=5
Jul 10 13:46:09 vader-rover kernel: [    6.665649] bEndpointAddress=84
Jul 10 13:46:09 vader-rover kernel: [    6.665649] wMaxPacketSize=40
Jul 10 13:46:09 vader-rover kernel: [    6.665649] bInterval=1
Jul 10 13:46:09 vader-rover kernel: [    6.665649] RT_usb_endpoint_is_int_in = 4, Interval = 1
Jul 10 13:46:09 vader-rover kernel: [    6.665649] nr_endpoint=4, in_num=2, out_num=2
Jul 10 13:46:09 vader-rover kernel: [    6.665649] 
Jul 10 13:46:09 vader-rover kernel: [    6.665679] USB_SPEED_HIGH
Jul 10 13:46:09 vader-rover kernel: [    6.665710] CHIP TYPE: RTL8188C_8192C
Jul 10 13:46:09 vader-rover kernel: [    6.665771] register rtw_netdev_ops to netdev_ops
Jul 10 13:46:09 vader-rover kernel: [    6.668060] Chip Version ID: VERSION_NORMAL_TSMC_CHIP_92C.
Jul 10 13:46:09 vader-rover kernel: [    6.668060] RF_Type is 2!!
Jul 10 13:46:09 vader-rover kernel: [    6.669372] EEPROM type is E-FUSE
Jul 10 13:46:09 vader-rover kernel: [    6.669403] ====> ReadAdapterInfo8192C
Jul 10 13:46:09 vader-rover kernel: [    6.669769] Boot from EFUSE, Autoload OK !
Jul 10 13:46:09 vader-rover kernel: [    6.764099] end_request: I/O error, dev mtdblock0, sector 0
Jul 10 13:46:09 vader-rover kernel: [    6.773620] Buffer I/O error on device mtdblock0, logical block 0
Jul 10 13:46:09 vader-rover kernel: [    6.881500] end_request: I/O error, dev mtdblock0, sector 0
Jul 10 13:46:09 vader-rover kernel: [    6.891052] Buffer I/O error on device mtdblock0, logical block 0
Jul 10 13:46:09 vader-rover kernel: [    6.980163] EEPROMVID = 0x0bda
Jul 10 13:46:09 vader-rover kernel: [    6.980194] EEPROMPID = 0x8178
Jul 10 13:46:09 vader-rover kernel: [    6.980194] EEPROMCustomerID : 0x00
Jul 10 13:46:09 vader-rover kernel: [    6.980224] EEPROMSubCustomerID: 0x00
Jul 10 13:46:09 vader-rover kernel: [    6.980224] RT_CustomerID: 0x00
Jul 10 13:46:09 vader-rover kernel: [    6.980224] _ReadMACAddress MAC Address from EFUSE = c0:4a:00:17:ff:56
Jul 10 13:46:09 vader-rover kernel: [    6.980255] EEPROMRegulatory = 0x0
Jul 10 13:46:09 vader-rover kernel: [    6.980255] _ReadBoardType(0)
Jul 10 13:46:09 vader-rover kernel: [    6.980255] BT Coexistance = disable
Jul 10 13:46:09 vader-rover kernel: [    6.980255] mlmepriv.ChannelPlan = 0x02
Jul 10 13:46:09 vader-rover kernel: [    6.980285] _ReadPSSetting...bHWPwrPindetect(0)-bHWPowerdown(0) ,bSupportRemoteWakeup(0)
Jul 10 13:46:09 vader-rover kernel: [    6.980285] ### PS params=>  power_mgnt(0),usbss_enable(0) ###
Jul 10 13:46:09 vader-rover kernel: [    6.980285] ### AntDivCfg(0)
Jul 10 13:46:09 vader-rover kernel: [    6.980316] readAdapterInfo_8192CU(): REPLACEMENT = 1
Jul 10 13:46:09 vader-rover kernel: [    6.980316] <==== ReadAdapterInfo8192C in 312 ms
Jul 10 13:46:09 vader-rover kernel: [    6.981384] rtw_macaddr_cfg MAC Address  = c0:4a:00:17:ff:56
Jul 10 13:46:09 vader-rover kernel: [    6.981414] bDriverStopped:1, bSurpriseRemoved:0, bup:0, hw_init_completed:0
Jul 10 13:46:09 vader-rover kernel: [    6.982421] _rtw_drv_register_netdev, MAC Address (if1) = c0:4a:00:17:ff:56
Jul 10 13:46:09 vader-rover kernel: [    6.988769] usbcore: registered new interface driver rtl8192cu
Jul 10 13:46:09 vader-rover kernel: [    7.008514] end_request: I/O error, dev mtdblock0, sector 0
Jul 10 13:46:09 vader-rover kernel: [    7.018066] Buffer I/O error on device mtdblock0, logical block 0
Jul 10 13:46:09 vader-rover kernel: [    7.065826] end_request: I/O error, dev mtdblock0, sector 0
Jul 10 13:46:09 vader-rover kernel: [    7.075347] Buffer I/O error on device mtdblock0, logical block 0
Jul 10 13:46:09 vader-rover kernel: [    7.122863] end_request: I/O error, dev mtdblock0, sector 0
Jul 10 13:46:09 vader-rover kernel: [    7.132385] Buffer I/O error on device mtdblock0, logical block 0
Jul 10 13:46:09 vader-rover kernel: [    7.188079] end_request: I/O error, dev mtdblock0, sector 0
Jul 10 13:46:09 vader-rover kernel: [    7.197631] Buffer I/O error on device mtdblock0, logical block 0
Jul 10 13:46:09 vader-rover kernel: [    7.242858] end_request: I/O error, dev mtdblock0, sector 0
Jul 10 13:46:09 vader-rover kernel: [    7.265502] end_request: I/O error, dev mtdblock0, sector 0
Jul 10 13:46:09 vader-rover kernel: [    7.291778] end_request: I/O error, dev mtdblock0, sector 0
Jul 10 13:46:09 vader-rover kernel: [    7.318084] ads7846 spi1.0: touchscreen, irq 210
Jul 10 13:46:09 vader-rover kernel: [    7.318328] ads7846 spi1.0: no device detected, test read result was 0x00000FFF
Jul 10 13:46:09 vader-rover kernel: [    7.320281] end_request: I/O error, dev mtdblock0, sector 0
Jul 10 13:46:09 vader-rover kernel: [    7.349639] end_request: I/O error, dev mtdblock0, sector 0
Jul 10 13:46:09 vader-rover kernel: [    7.373199] Linux media interface: v0.10
Jul 10 13:46:09 vader-rover kernel: [    7.374420] end_request: I/O error, dev mtdblock0, sector 0
Jul 10 13:46:09 vader-rover kernel: [    7.398986] end_request: I/O error, dev mtdblock0, sector 0
Jul 10 13:46:09 vader-rover kernel: [    7.422607] end_request: I/O error, dev mtdblock0, sector 8
Jul 10 13:46:09 vader-rover kernel: [    7.444213] end_request: I/O error, dev mtdblock0, sector 8
Jul 10 13:46:09 vader-rover kernel: [    7.467956] Linux video capture interface: v2.00
Jul 10 13:46:09 vader-rover kernel: [    7.477081] end_request: I/O error, dev mtdblock0, sector 8
Jul 10 13:46:09 vader-rover kernel: [    7.491943] end_request: I/O error, dev mtdblock0, sector 8
Jul 10 13:46:09 vader-rover kernel: [    7.521484] end_request: I/O error, dev mtdblock0, sector 24
Jul 10 13:46:09 vader-rover kernel: [    7.548065] end_request: I/O error, dev mtdblock0, sector 24
Jul 10 13:46:09 vader-rover kernel: [    7.577026] end_request: I/O error, dev mtdblock0, sector 24
Jul 10 13:46:09 vader-rover kernel: [    7.605499] end_request: I/O error, dev mtdblock0, sector 24
Jul 10 13:46:09 vader-rover kernel: [    7.633392] end_request: I/O error, dev mtdblock0, sector 56
Jul 10 13:46:09 vader-rover kernel: [    7.657775] omap3isp omap3isp: Revision 15.0 found
Jul 10 13:46:09 vader-rover kernel: [    7.660919] omap-iommu omap-iommu.0: isp: version 1.1
Jul 10 13:46:09 vader-rover kernel: [    7.663391] end_request: I/O error, dev mtdblock0, sector 56
Jul 10 13:46:09 vader-rover kernel: [    7.690765] end_request: I/O error, dev mtdblock0, sector 56
Jul 10 13:46:09 vader-rover kernel: [    7.703857] lib80211: common routines for IEEE802.11 drivers
Jul 10 13:46:09 vader-rover kernel: [    7.703887] lib80211_crypt: registered algorithm 'NULL'
Jul 10 13:46:09 vader-rover kernel: [    7.717468] end_request: I/O error, dev mtdblock0, sector 56
Jul 10 13:46:09 vader-rover kernel: [    7.739379] end_request: I/O error, dev mtdblock0, sector 120
Jul 10 13:46:09 vader-rover kernel: [    7.766204] end_request: I/O error, dev mtdblock0, sector 120
Jul 10 13:46:09 vader-rover kernel: [    7.791900] end_request: I/O error, dev mtdblock0, sector 120
Jul 10 13:46:09 vader-rover kernel: [    7.822052] end_request: I/O error, dev mtdblock0, sector 120
Jul 10 13:46:09 vader-rover kernel: [    7.831604] mt9v032 3-005c: Probing MT9V032 at address 0x5c
Jul 10 13:46:09 vader-rover kernel: [    7.831817] mt9v032 3-005c: MT9V032 power up failed
Jul 10 13:46:09 vader-rover kernel: [    7.839691] end_request: I/O error, dev mtdblock0, sector 0
Jul 10 13:46:09 vader-rover kernel: [    7.858917] end_request: I/O error, dev mtdblock0, sector 0
Jul 10 13:46:09 vader-rover kernel: [    7.883392] end_request: I/O error, dev mtdblock0, sector 8
Jul 10 13:46:09 vader-rover kernel: [    7.906646] end_request: I/O error, dev mtdblock0, sector 8
Jul 10 13:46:09 vader-rover kernel: [    7.923400] isp_register_subdev_group: Unable to register subdev mt9v032
Jul 10 13:46:09 vader-rover kernel: [    7.933288] end_request: I/O error, dev mtdblock0, sector 24
Jul 10 13:46:09 vader-rover kernel: [    7.946960] end_request: I/O error, dev mtdblock0, sector 24
Jul 10 13:46:09 vader-rover kernel: [    7.970306] cfg80211: Calling CRDA to update world regulatory domain
Jul 10 13:46:09 vader-rover kernel: [    7.975952] end_request: I/O error, dev mtdblock0, sector 56
Jul 10 13:46:09 vader-rover kernel: [    8.001312] end_request: I/O error, dev mtdblock0, sector 56
Jul 10 13:46:09 vader-rover kernel: [    8.028961] end_request: I/O error, dev mtdblock0, sector 120
Jul 10 13:46:09 vader-rover kernel: [    8.056823] end_request: I/O error, dev mtdblock0, sector 120
Jul 10 13:46:09 vader-rover kernel: [    8.084289] end_request: I/O error, dev mtdblock0, sector 0
Jul 10 13:46:09 vader-rover kernel: [    8.108825] end_request: I/O error, dev mtdblock0, sector 0
Jul 10 13:46:09 vader-rover kernel: [    8.134460] end_request: I/O error, dev mtdblock0, sector 0
Jul 10 13:46:09 vader-rover kernel: [    8.148284] libertas_sdio: Libertas SDIO driver
Jul 10 13:46:09 vader-rover kernel: [    8.148315] libertas_sdio: Copyright Pierre Ossman
Jul 10 13:46:09 vader-rover kernel: [    8.156860] end_request: I/O error, dev mtdblock0, sector 0
Jul 10 13:46:09 vader-rover kernel: [    8.182098] end_request: I/O error, dev mtdblock0, sector 0
Jul 10 13:46:09 vader-rover kernel: [    8.210449] end_request: I/O error, dev mtdblock0, sector 0
Jul 10 13:46:09 vader-rover kernel: [    8.234863] end_request: I/O error, dev mtdblock0, sector 64
Jul 10 13:46:09 vader-rover kernel: [    8.255706] end_request: I/O error, dev mtdblock0, sector 64
Jul 10 13:46:09 vader-rover kernel: [    8.279113] end_request: I/O error, dev mtdblock0, sector 64
Jul 10 13:46:09 vader-rover kernel: [    8.299499] end_request: I/O error, dev mtdblock0, sector 64
Jul 10 13:46:09 vader-rover kernel: [    8.319885] end_request: I/O error, dev mtdblock0, sector 64
Jul 10 13:46:09 vader-rover kernel: [    8.336517] end_request: I/O error, dev mtdblock0, sector 64
Jul 10 13:46:09 vader-rover kernel: [    8.352172] end_request: I/O error, dev mtdblock0, sector 64
Jul 10 13:46:09 vader-rover kernel: [    8.375244] end_request: I/O error, dev mtdblock0, sector 64
Jul 10 13:46:09 vader-rover kernel: [    8.391235] end_request: I/O error, dev mtdblock0, sector 64
Jul 10 13:46:09 vader-rover kernel: [    8.404541] end_request: I/O error, dev mtdblock0, sector 0
Jul 10 13:46:09 vader-rover kernel: [    8.422424] end_request: I/O error, dev mtdblock0, sector 0
Jul 10 13:46:09 vader-rover kernel: [    8.440856] end_request: I/O error, dev mtdblock0, sector 0
Jul 10 13:46:09 vader-rover kernel: [    8.462738] end_request: I/O error, dev mtdblock0, sector 0
Jul 10 13:46:09 vader-rover kernel: [    8.507934] end_request: I/O error, dev mtdblock0, sector 0
Jul 10 13:46:09 vader-rover kernel: [    8.546020] end_request: I/O error, dev mtdblock0, sector 16
Jul 10 13:46:09 vader-rover kernel: [    8.582366] end_request: I/O error, dev mtdblock0, sector 0
Jul 10 13:46:09 vader-rover kernel: [    8.607147] end_request: I/O error, dev mtdblock0, sector 0
Jul 10 13:46:09 vader-rover kernel: [    8.627960] end_request: I/O error, dev mtdblock0, sector 0
Jul 10 13:46:09 vader-rover kernel: [    8.644104] end_request: I/O error, dev mtdblock0, sector 0
Jul 10 13:46:09 vader-rover kernel: [    8.661529] end_request: I/O error, dev mtdblock0, sector 0
Jul 10 13:46:09 vader-rover kernel: [    8.684356] end_request: I/O error, dev mtdblock0, sector 0
Jul 10 13:46:09 vader-rover kernel: [    8.706359] end_request: I/O error, dev mtdblock0, sector 0
Jul 10 13:46:09 vader-rover kernel: [    8.724639] end_request: I/O error, dev mtdblock0, sector 0
Jul 10 13:46:09 vader-rover kernel: [    8.746612] end_request: I/O error, dev mtdblock0, sector 0
Jul 10 13:46:09 vader-rover kernel: [    8.764038] end_request: I/O error, dev mtdblock0, sector 0
Jul 10 13:46:09 vader-rover kernel: [    8.779235] end_request: I/O error, dev mtdblock0, sector 0
Jul 10 13:46:09 vader-rover kernel: [    8.801239] end_request: I/O error, dev mtdblock0, sector 0
Jul 10 13:46:09 vader-rover kernel: [    8.825927] end_request: I/O error, dev mtdblock0, sector 0
Jul 10 13:46:09 vader-rover kernel: [    8.844299] end_request: I/O error, dev mtdblock0, sector 0
Jul 10 13:46:09 vader-rover kernel: [    8.859924] end_request: I/O error, dev mtdblock0, sector 0
Jul 10 13:46:09 vader-rover kernel: [    8.875579] end_request: I/O error, dev mtdblock0, sector 0
Jul 10 13:46:09 vader-rover kernel: [    8.889984] end_request: I/O error, dev mtdblock0, sector 0
Jul 10 13:46:09 vader-rover kernel: [    8.914581] end_request: I/O error, dev mtdblock0, sector 0
Jul 10 13:46:09 vader-rover kernel: [    8.922546] end_request: I/O error, dev mtdblock0, sector 8
Jul 10 13:46:09 vader-rover kernel: [    8.938079] end_request: I/O error, dev mtdblock0, sector 0
Jul 10 13:46:09 vader-rover kernel: [    8.956329] end_request: I/O error, dev mtdblock0, sector 0
Jul 10 13:46:09 vader-rover kernel: [    8.976043] end_request: I/O error, dev mtdblock0, sector 0
Jul 10 13:46:09 vader-rover kernel: [    8.991027] end_request: I/O error, dev mtdblock0, sector 0
Jul 10 13:46:09 vader-rover kernel: [    9.331604] cdc_acm 1-2.6:1.0: usb_probe_interface
Jul 10 13:46:09 vader-rover kernel: [    9.331634] cdc_acm 1-2.6:1.0: usb_probe_interface - got id
Jul 10 13:46:09 vader-rover kernel: [    9.331665] cdc_acm 1-2.6:1.0: This device cannot do calls on its own. It is not a modem.
Jul 10 13:46:09 vader-rover kernel: [    9.350494] end_request: I/O error, dev mtdblock0, sector 0
Jul 10 13:46:09 vader-rover kernel: [    9.370758] end_request: I/O error, dev mtdblock0, sector 0
Jul 10 13:46:09 vader-rover kernel: [    9.388793] end_request: I/O error, dev mtdblock0, sector 0
Jul 10 13:46:09 vader-rover kernel: [    9.404205] end_request: I/O error, dev mtdblock0, sector 0
Jul 10 13:46:09 vader-rover kernel: [    9.426574] end_request: I/O error, dev mtdblock0, sector 0
Jul 10 13:46:09 vader-rover kernel: [    9.446075] end_request: I/O error, dev mtdblock0, sector 0
Jul 10 13:46:09 vader-rover kernel: [    9.469360] end_request: I/O error, dev mtdblock0, sector 0
Jul 10 13:46:09 vader-rover kernel: [    9.482940] end_request: I/O error, dev mtdblock0, sector 0
Jul 10 13:46:09 vader-rover kernel: [    9.500579] end_request: I/O error, dev mtdblock0, sector 0
Jul 10 13:46:09 vader-rover kernel: [    9.521392] end_request: I/O error, dev mtdblock0, sector 0
Jul 10 13:46:09 vader-rover kernel: [    9.533325] end_request: I/O error, dev mtdblock0, sector 0
Jul 10 13:46:09 vader-rover kernel: [    9.556091] end_request: I/O error, dev mtdblock0, sector 0
Jul 10 13:46:09 vader-rover kernel: [    9.576080] end_request: I/O error, dev mtdblock0, sector 0
Jul 10 13:46:09 vader-rover kernel: [    9.591339] end_request: I/O error, dev mtdblock0, sector 0
Jul 10 13:46:09 vader-rover kernel: [    9.607513] end_request: I/O error, dev mtdblock0, sector 0
Jul 10 13:46:09 vader-rover kernel: [    9.622253] end_request: I/O error, dev mtdblock0, sector 0
Jul 10 13:46:09 vader-rover kernel: [    9.632141] cdc_acm 1-2.6:1.0: ttyACM0: USB ACM device
Jul 10 13:46:09 vader-rover kernel: [    9.637451] end_request: I/O error, dev mtdblock0, sector 0
Jul 10 13:46:09 vader-rover kernel: [    9.650207] usbcore: registered new interface driver cdc_acm
Jul 10 13:46:09 vader-rover kernel: [    9.650238] cdc_acm: USB Abstract Control Model driver for USB modems and ISDN adapters
Jul 10 13:46:09 vader-rover kernel: [    9.657257] end_request: I/O error, dev mtdblock0, sector 8
Jul 10 13:46:09 vader-rover kernel: [    9.678771] end_request: I/O error, dev mtdblock0, sector 8
Jul 10 13:46:09 vader-rover kernel: [    9.692993] end_request: I/O error, dev mtdblock0, sector 8
Jul 10 13:46:09 vader-rover kernel: [    9.710266] end_request: I/O error, dev mtdblock0, sector 8
Jul 10 13:46:09 vader-rover kernel: [    9.725524] end_request: I/O error, dev mtdblock0, sector 24
Jul 10 13:46:09 vader-rover kernel: [    9.743347] end_request: I/O error, dev mtdblock0, sector 24
Jul 10 13:46:09 vader-rover kernel: [    9.757904] end_request: I/O error, dev mtdblock0, sector 24
Jul 10 13:46:09 vader-rover kernel: [    9.774017] end_request: I/O error, dev mtdblock0, sector 24
Jul 10 13:46:09 vader-rover kernel: [    9.793914] end_request: I/O error, dev mtdblock0, sector 56
Jul 10 13:46:09 vader-rover kernel: [    9.811401] end_request: I/O error, dev mtdblock0, sector 56
Jul 10 13:46:09 vader-rover kernel: [    9.827117] end_request: I/O error, dev mtdblock0, sector 56
Jul 10 13:46:09 vader-rover kernel: [    9.843902] end_request: I/O error, dev mtdblock0, sector 56
Jul 10 13:46:09 vader-rover kernel: [    9.860076] end_request: I/O error, dev mtdblock0, sector 120
Jul 10 13:46:09 vader-rover kernel: [    9.875579] end_request: I/O error, dev mtdblock0, sector 120
Jul 10 13:46:09 vader-rover kernel: [    9.891754] usbcore: registered new interface driver usbserial
Jul 10 13:46:09 vader-rover kernel: [    9.894500] usbcore: registered new interface driver usbserial_generic
Jul 10 13:46:09 vader-rover kernel: [    9.895080] end_request: I/O error, dev mtdblock0, sector 120
Jul 10 13:46:09 vader-rover kernel: [    9.906677] USB Serial support registered for generic
Jul 10 13:46:09 vader-rover kernel: [    9.906738] usbserial: USB Serial Driver core
Jul 10 13:46:09 vader-rover kernel: [    9.908172] usbcore: registered new interface driver pl2303
Jul 10 13:46:09 vader-rover kernel: [    9.909423] USB Serial support registered for pl2303
Jul 10 13:46:09 vader-rover kernel: [    9.909545] pl2303 1-2.7:1.0: usb_probe_interface
Jul 10 13:46:09 vader-rover kernel: [    9.909545] pl2303 1-2.7:1.0: usb_probe_interface - got id
Jul 10 13:46:09 vader-rover kernel: [    9.909576] pl2303 1-2.7:1.0: pl2303 converter detected
Jul 10 13:46:09 vader-rover kernel: [    9.911865] end_request: I/O error, dev mtdblock0, sector 120
Jul 10 13:46:09 vader-rover kernel: [    9.930847] end_request: I/O error, dev mtdblock0, sector 0
Jul 10 13:46:09 vader-rover kernel: [    9.938446] usb 1-2.7: pl2303 converter now attached to ttyUSB0
Jul 10 13:46:09 vader-rover kernel: [    9.949981] end_request: I/O error, dev mtdblock0, sector 0
Jul 10 13:46:09 vader-rover kernel: [    9.965667] end_request: I/O error, dev mtdblock0, sector 8
Jul 10 13:46:09 vader-rover kernel: [    9.984436] end_request: I/O error, dev mtdblock0, sector 8
Jul 10 13:46:09 vader-rover kernel: [    9.999206] end_request: I/O error, dev mtdblock0, sector 24
Jul 10 13:46:09 vader-rover kernel: [   10.016204] end_request: I/O error, dev mtdblock0, sector 24
Jul 10 13:46:09 vader-rover kernel: [   10.038543] end_request: I/O error, dev mtdblock0, sector 56
Jul 10 13:46:09 vader-rover kernel: [   10.047393] end_request: I/O error, dev mtdblock0, sector 56
Jul 10 13:46:09 vader-rover kernel: [   10.067108] end_request: I/O error, dev mtdblock0, sector 120
Jul 10 13:46:09 vader-rover kernel: [   10.083221] end_request: I/O error, dev mtdblock0, sector 120
Jul 10 13:46:09 vader-rover kernel: [   10.102142] end_request: I/O error, dev mtdblock0, sector 0
Jul 10 13:46:09 vader-rover kernel: [   10.117034] end_request: I/O error, dev mtdblock0, sector 0
Jul 10 13:46:09 vader-rover kernel: [   10.127349] usbcore: registered new interface driver ftdi_sio
Jul 10 13:46:09 vader-rover kernel: [   10.135772] end_request: I/O error, dev mtdblock0, sector 0
Jul 10 13:46:09 vader-rover kernel: [   10.144927] USB Serial support registered for FTDI USB Serial Device
Jul 10 13:46:09 vader-rover kernel: [   10.145233] ftdi_sio 1-2.5:1.0: usb_probe_interface
Jul 10 13:46:09 vader-rover kernel: [   10.145233] ftdi_sio 1-2.5:1.0: usb_probe_interface - got id
Jul 10 13:46:09 vader-rover kernel: [   10.145294] ftdi_sio 1-2.5:1.0: FTDI USB Serial Device converter detected
Jul 10 13:46:09 vader-rover kernel: [   10.151580] end_request: I/O error, dev mtdblock0, sector 0
Jul 10 13:46:09 vader-rover kernel: [   10.159271] usb 1-2.5: Detected FT232RL
Jul 10 13:46:09 vader-rover kernel: [   10.159301] usb 1-2.5: Number of endpoints 2
Jul 10 13:46:09 vader-rover kernel: [   10.159301] usb 1-2.5: Endpoint 1 MaxPacketSize 64
Jul 10 13:46:09 vader-rover kernel: [   10.159332] usb 1-2.5: Endpoint 2 MaxPacketSize 64
Jul 10 13:46:09 vader-rover kernel: [   10.159332] usb 1-2.5: Setting MaxPacketSize 64
Jul 10 13:46:09 vader-rover kernel: [   10.164764] usb 1-2.5: FTDI USB Serial Device converter now attached to ttyUSB1
Jul 10 13:46:09 vader-rover kernel: [   10.166046] end_request: I/O error, dev mtdblock0, sector 0
Jul 10 13:46:09 vader-rover kernel: [   10.175292] ftdi_sio: v1.6.0:USB FTDI Serial Converters Driver
Jul 10 13:46:09 vader-rover kernel: [   10.184631] end_request: I/O error, dev mtdblock0, sector 0
Jul 10 13:46:09 vader-rover kernel: [   10.202362] end_request: I/O error, dev mtdblock0, sector 64
Jul 10 13:46:09 vader-rover kernel: [   10.219451] end_request: I/O error, dev mtdblock0, sector 64
Jul 10 13:46:09 vader-rover kernel: [   10.233093] end_request: I/O error, dev mtdblock0, sector 64
Jul 10 13:46:09 vader-rover kernel: [   10.250579] end_request: I/O error, dev mtdblock0, sector 64
Jul 10 13:46:09 vader-rover kernel: [   10.267395] end_request: I/O error, dev mtdblock0, sector 64
Jul 10 13:46:09 vader-rover kernel: [   10.287963] end_request: I/O error, dev mtdblock0, sector 64
Jul 10 13:46:09 vader-rover kernel: [   10.297393] end_request: I/O error, dev mtdblock0, sector 64
Jul 10 13:46:09 vader-rover kernel: [   10.320861] end_request: I/O error, dev mtdblock0, sector 64
Jul 10 13:46:09 vader-rover kernel: [   10.338684] end_request: I/O error, dev mtdblock0, sector 64
Jul 10 13:46:09 vader-rover kernel: [   10.356750] end_request: I/O error, dev mtdblock0, sector 0
Jul 10 13:46:09 vader-rover kernel: [   10.374755] end_request: I/O error, dev mtdblock0, sector 0
Jul 10 13:46:09 vader-rover kernel: [   10.394989] end_request: I/O error, dev mtdblock0, sector 0
Jul 10 13:46:09 vader-rover kernel: [   10.411895] end_request: I/O error, dev mtdblock0, sector 0
Jul 10 13:46:09 vader-rover kernel: [   10.439147] end_request: I/O error, dev mtdblock0, sector 0
Jul 10 13:46:09 vader-rover kernel: [   10.457550] end_request: I/O error, dev mtdblock0, sector 16
Jul 10 13:46:09 vader-rover kernel: [   10.484161] end_request: I/O error, dev mtdblock0, sector 0
Jul 10 13:46:09 vader-rover kernel: [   10.496459] end_request: I/O error, dev mtdblock0, sector 0
Jul 10 13:46:09 vader-rover kernel: [   10.516204] end_request: I/O error, dev mtdblock0, sector 0
Jul 10 13:46:09 vader-rover kernel: [   10.533081] end_request: I/O error, dev mtdblock0, sector 0
Jul 10 13:46:09 vader-rover kernel: [   10.554656] end_request: I/O error, dev mtdblock0, sector 0
Jul 10 13:46:09 vader-rover kernel: [   10.578338] end_request: I/O error, dev mtdblock0, sector 0
Jul 10 13:46:09 vader-rover kernel: [   10.597595] end_request: I/O error, dev mtdblock0, sector 0
Jul 10 13:46:09 vader-rover kernel: [   10.611816] end_request: I/O error, dev mtdblock0, sector 0
Jul 10 13:46:09 vader-rover kernel: [   10.631408] end_request: I/O error, dev mtdblock0, sector 0
Jul 10 13:46:09 vader-rover kernel: [   10.652008] end_request: I/O error, dev mtdblock0, sector 0
Jul 10 13:46:09 vader-rover kernel: [   10.671783] end_request: I/O error, dev mtdblock0, sector 0
Jul 10 13:46:09 vader-rover kernel: [   10.688232] end_request: I/O error, dev mtdblock0, sector 0
Jul 10 13:46:09 vader-rover kernel: [   10.707000] end_request: I/O error, dev mtdblock0, sector 0
Jul 10 13:46:09 vader-rover kernel: [   10.726562] end_request: I/O error, dev mtdblock0, sector 0
Jul 10 13:46:09 vader-rover kernel: [   10.740844] end_request: I/O error, dev mtdblock0, sector 0
Jul 10 13:46:09 vader-rover kernel: [   10.758605] end_request: I/O error, dev mtdblock0, sector 0
Jul 10 13:46:09 vader-rover kernel: [   10.780761] end_request: I/O error, dev mtdblock0, sector 0
Jul 10 13:46:09 vader-rover kernel: [   10.799987] end_request: I/O error, dev mtdblock0, sector 0
Jul 10 13:46:09 vader-rover kernel: [   10.819854] end_request: I/O error, dev mtdblock0, sector 8
Jul 10 13:46:09 vader-rover kernel: [   10.836120] end_request: I/O error, dev mtdblock0, sector 0
Jul 10 13:46:09 vader-rover kernel: [   10.855712] end_request: I/O error, dev mtdblock0, sector 0
Jul 10 13:46:09 vader-rover kernel: [   10.873901] end_request: I/O error, dev mtdblock0, sector 0
Jul 10 13:46:09 vader-rover kernel: [   10.874206] end_request: I/O error, dev mtdblock0, sector 0
Jul 10 13:46:09 vader-rover kernel: [   13.181243] NET: Registered protocol family 10
Jul 10 13:46:09 vader-rover avahi-daemon[491]: Found user 'avahi' (UID 107) and group 'avahi' (GID 112).
Jul 10 13:46:10 vader-rover avahi-daemon[491]: Successfully dropped root privileges.
Jul 10 13:46:10 vader-rover avahi-daemon[491]: avahi-daemon 0.6.30 starting up.
Jul 10 13:46:10 vader-rover avahi-daemon[491]: Successfully called chroot().
Jul 10 13:46:10 vader-rover avahi-daemon[491]: Successfully dropped remaining capabilities.
Jul 10 13:46:10 vader-rover avahi-daemon[491]: No service file found in /etc/avahi/services.
Jul 10 13:46:10 vader-rover avahi-daemon[491]: Network interface enumeration completed.
Jul 10 13:46:10 vader-rover avahi-daemon[491]: Registering HINFO record with values 'ARMV7L'/'LINUX'.
Jul 10 13:46:10 vader-rover avahi-daemon[491]: Server startup complete. Host name is vader-rover.local. Local service cookie is 580142716.
Jul 10 13:46:10 vader-rover kernel: [   13.947204] +871x_drv - drv_open, bup=0
Jul 10 13:46:10 vader-rover kernel: [   13.957092]  ===> FirmwareDownload91C() fw:Rtl819XFwImageArray_TSMC
Jul 10 13:46:10 vader-rover kernel: [   13.957122] FirmwareDownload92C accquire FW from embedded image
Jul 10 13:46:10 vader-rover kernel: [   13.957122] fw_ver=v88, fw_subver=2, sig=0x88c0
Jul 10 13:46:10 vader-rover kernel: [   13.995574] fw download ok!
Jul 10 13:46:10 vader-rover kernel: [   13.995605] Set RF Chip ID to RF_6052 and RF type to 2.
Jul 10 13:46:10 vader-rover kernel: [   14.414550] IQK:Start!!!
Jul 10 13:46:10 vader-rover kernel: [   14.427398] Path A IQK Success!!
Jul 10 13:46:10 vader-rover kernel: [   14.433044] Path B IQK Success!!
Jul 10 13:46:10 vader-rover kernel: [   14.443878] Path A IQK Success!!
Jul 10 13:46:10 vader-rover kernel: [   14.449615] Path B IQK Success!!
Jul 10 13:46:10 vader-rover kernel: [   14.455902] IQK: final_candidate is 0
Jul 10 13:46:10 vader-rover kernel: [   14.455932] IQK: RegE94=fe RegE9C=3fe RegEA4=f9 RegEAC=3fe RegEB4=102 RegEBC=a RegEC4=f9 RegECC=1
Jul 10 13:46:10 vader-rover kernel: [   14.455932]  Path A IQ Calibration Success !
Jul 10 13:46:10 vader-rover kernel: [   14.458526] Path B IQ Calibration Success !
Jul 10 13:46:10 vader-rover kernel: [   14.577911] pdmpriv->TxPowerTrackControl = 1
Jul 10 13:46:10 vader-rover kernel: [   14.584411] rtl8192cu_hal_init in 632ms
Jul 10 13:46:10 vader-rover kernel: [   14.601776] MAC Address = c0:4a:00:17:ff:56
Jul 10 13:46:10 vader-rover kernel: [   14.604339] -871x_drv - drv_open, bup=1
Jul 10 13:46:10 vader-rover kernel: [   14.604644] IPv6: ADDRCONF(NETDEV_UP): wlan1: link is not ready
Jul 10 13:46:10 vader-rover kernel: [   14.604705] [rtw_wx_set_pmkid] IW_PMKSA_FLUSH!
Jul 10 13:46:10 vader-rover kernel: [   14.604766] set_mode = IW_MODE_INFRA
Jul 10 13:46:10 vader-rover kernel: [   14.609405] hw_var_set_opmode()-4234 mode = 2
Jul 10 13:46:10 vader-rover kernel: [   14.637725] [rtw_wx_set_pmkid] IW_PMKSA_FLUSH!
Jul 10 13:46:10 vader-rover kernel: [   14.738281] IW_SCAN_THIS_ESSID, ssid=PAL3.0, len=6
Jul 10 13:46:11 vader-rover kernel: [   14.886322] libertas_sdio mmc1:0001:1: (unregistered net_device): 00:19:88:25:91:f6, fw 9.70.3p36, cap 0x00000303
Jul 10 13:46:11 vader-rover kernel: [   14.895324] libertas_sdio mmc1:0001:1: wlan0: Marvell WLAN 802.11 adapter
Jul 10 13:46:11 vader-rover dhclient: DHCPREQUEST of 10.184.71.162 on wlan1 to 255.255.255.255 port 67
Jul 10 13:46:12 vader-rover kernel: [   16.006164] survey done event(32) band:0 for wlan1
Jul 10 13:46:12 vader-rover kernel: [   16.009765] wpa_set_auth_algs, AUTH_ALG_OPEN_SYSTEM
Jul 10 13:46:12 vader-rover kernel: [   16.009796] set_mode = IW_MODE_INFRA
Jul 10 13:46:12 vader-rover kernel: [   16.010009] 
Jul 10 13:46:12 vader-rover kernel: [   16.010009]  wpa_ie(length:22):
Jul 10 13:46:12 vader-rover kernel: [   16.010040] 0x30 0x14 0x01 0x00 0x00 0x0f 0xac 0x04 
Jul 10 13:46:12 vader-rover kernel: [   16.010040] 0x01 0x00 0x00 0x0f 0xac 0x04 0x01 0x00 
Jul 10 13:46:12 vader-rover kernel: [   16.010070] 0x00 0x0f 0xac 0x01 0x00 0x00 0x00 0x00 
Jul 10 13:46:12 vader-rover kernel: [   16.011138] SetHwReg8192CU, 5130, RCR= 700060ca 
Jul 10 13:46:12 vader-rover kernel: [   16.011444] =>rtw_wx_set_essid
Jul 10 13:46:12 vader-rover kernel: [   16.011444] ssid=PAL3.0, len=6
Jul 10 13:46:12 vader-rover kernel: [   16.011474] Set SSID under fw_state=0x00000008
Jul 10 13:46:12 vader-rover kernel: [   16.011474] [by_bssid:0][assoc_ssid:PAL3.0][to_roaming:0] new candidate: PAL3.0(f0:25:72:7d:c7:d0, ch1) rssi:-54
Jul 10 13:46:12 vader-rover kernel: [   16.011505] rtw_select_and_join_from_scanned_queue: candidate: PAL3.0(f0:25:72:7d:c7:d0, ch:1)
Jul 10 13:46:12 vader-rover kernel: [   16.011535] link to Cisco AP
Jul 10 13:46:12 vader-rover kernel: [   16.011566] <=rtw_wx_set_essid, ret 0
Jul 10 13:46:12 vader-rover kernel: [   16.011749] Set BSSID under fw_state=0x00000088
Jul 10 13:46:12 vader-rover kernel: [   16.012847] hw_var_set_opmode()-4234 mode = 2
Jul 10 13:46:12 vader-rover kernel: [   16.013671] start_join_set_ch_bw: ch=1, bwmode=0, ch_offset=0
Jul 10 13:46:12 vader-rover kernel: [   16.523986] rtw_ack_tx_polling timeout
Jul 10 13:46:12 vader-rover kernel: [   16.824829] link to Cisco AP
Jul 10 13:46:12 vader-rover kernel: [   16.829315] OnAuthClient
Jul 10 13:46:12 vader-rover kernel: [   16.829345] network.SupportedRates[0]=8C
Jul 10 13:46:12 vader-rover kernel: [   16.829376] network.SupportedRates[1]=12
Jul 10 13:46:12 vader-rover kernel: [   16.829376] network.SupportedRates[2]=18
Jul 10 13:46:12 vader-rover kernel: [   16.829376] network.SupportedRates[3]=24
Jul 10 13:46:12 vader-rover kernel: [   16.829376] network.SupportedRates[4]=30
Jul 10 13:46:12 vader-rover kernel: [   16.829406] network.SupportedRates[5]=48
Jul 10 13:46:12 vader-rover kernel: [   16.829406] network.SupportedRates[6]=60
Jul 10 13:46:12 vader-rover kernel: [   16.829406] network.SupportedRates[7]=6C
Jul 10 13:46:12 vader-rover kernel: [   16.829406] bssrate_len = 8
Jul 10 13:46:12 vader-rover kernel: [   16.829437] declare supporting RX STBC
Jul 10 13:46:12 vader-rover kernel: [   16.833557] OnAssocRsp
Jul 10 13:46:12 vader-rover kernel: [   16.833587] report_join_res(4)
Jul 10 13:46:12 vader-rover kernel: [   16.833587] rtw_joinbss_update_network
Jul 10 13:46:12 vader-rover kernel: [   16.833587] +rtw_update_ht_cap()
Jul 10 13:46:12 vader-rover kernel: [   16.833618] rtw_joinbss_update_stainfo
Jul 10 13:46:12 vader-rover kernel: [   16.834472] IPv6: ADDRCONF(NETDEV_CHANGE): wlan1: link becomes ready
Jul 10 13:46:12 vader-rover kernel: [   16.834899] HW_VAR_BASIC_RATE: BrateCfg(0x15d)
Jul 10 13:46:12 vader-rover kernel: [   16.837554] WMM(0): 0, a42b
Jul 10 13:46:12 vader-rover kernel: [   16.837829] WMM(1): 0, a44f
Jul 10 13:46:12 vader-rover kernel: [   16.838134] WMM(2): 0, 5e4322
Jul 10 13:46:12 vader-rover kernel: [   16.838409] WMM(3): 0, 2f3222
Jul 10 13:46:12 vader-rover kernel: [   16.838409] HTOnAssocRsp
Jul 10 13:46:12 vader-rover kernel: [   16.853515] update raid entry, mask=0x1ffffff0, arg=0xa0
Jul 10 13:46:12 vader-rover kernel: [   16.856689] rtl8192c_set_FwJoinBssReport_cmd mstatus(1)
Jul 10 13:46:12 vader-rover kernel: [   16.858520] SetFwRsvdPagePkt
Jul 10 13:46:12 vader-rover kernel: [   16.858581] Set RSVD page location to Fw.
Jul 10 13:46:12 vader-rover kernel: [   16.861389] =>mlmeext_joinbss_event_callback
Jul 10 13:46:14 vader-rover avahi-daemon[491]: Joining mDNS multicast group on interface wlan1.IPv6 with address fe80::c24a:ff:fe17:ff56.
Jul 10 13:46:14 vader-rover avahi-daemon[491]: New relevant interface wlan1.IPv6 for mDNS.
Jul 10 13:46:14 vader-rover avahi-daemon[491]: Registering new address record for fe80::c24a:ff:fe17:ff56 on wlan1.*.
Jul 10 13:46:14 vader-rover kernel: [   18.078582] rtw_aes_decrypt:rx bc/mc packets,but didn't install group key!!!!!!!!!!
Jul 10 13:46:14 vader-rover kernel: [   18.182739] rtw_aes_decrypt:rx bc/mc packets,but didn't install group key!!!!!!!!!!
Jul 10 13:46:14 vader-rover dhclient: DHCPREQUEST of 10.184.71.162 on wlan1 to 255.255.255.255 port 67
Jul 10 13:46:14 vader-rover kernel: [   18.391845] rtw_aes_decrypt:rx bc/mc packets,but didn't install group key!!!!!!!!!!
Jul 10 13:46:14 vader-rover kernel: [   18.496124] rtw_aes_decrypt:rx bc/mc packets,but didn't install group key!!!!!!!!!!
Jul 10 13:46:16 vader-rover kernel: [   20.062896] rtw_aes_decrypt:rx bc/mc packets,but didn't install group key!!!!!!!!!!
Jul 10 13:46:16 vader-rover kernel: [   20.167388] rtw_aes_decrypt:rx bc/mc packets,but didn't install group key!!!!!!!!!!
Jul 10 13:46:17 vader-rover kernel: [   21.003051] rtw_aes_decrypt:rx bc/mc packets,but didn't install group key!!!!!!!!!!
Jul 10 13:46:17 vader-rover kernel: [   21.038513] [rtw_wx_set_pmkid] IW_PMKSA_ADD!
Jul 10 13:46:17 vader-rover kernel: [   21.038543] [rtw_wx_set_pmkid] Use the new entry index = 0 for this PMKID.
Jul 10 13:46:17 vader-rover kernel: [   21.049163] 
Jul 10 13:46:17 vader-rover kernel: [   21.049163]  ~~~~stastakey:unicastkey
Jul 10 13:46:17 vader-rover kernel: [   21.049285]  ~~~~set sta key:groupkey
Jul 10 13:46:17 vader-rover kernel: [   21.049316] ==> rtw_set_key algorithm(4),keyid(2),key_mask(0)
Jul 10 13:46:17 vader-rover kernel: [   21.056640] SetHwReg8192CU, 5126, RCR= 700060ce 
Jul 10 13:46:18 vader-rover dhclient: DHCPREQUEST of 10.184.71.162 on wlan1 to 255.255.255.255 port 67
Jul 10 13:46:18 vader-rover dhclient: DHCPACK of 10.184.71.162 from 10.184.64.1
Jul 10 13:46:18 vader-rover kernel: [   22.504730] OnAction_back
Jul 10 13:46:18 vader-rover kernel: [   22.504760] OnAction_back, action=0
Jul 10 13:46:18 vader-rover kernel: [   22.504791] issue_action_BA, category=3, action=1, status=0
Jul 10 13:46:18 vader-rover avahi-daemon[491]: Joining mDNS multicast group on interface wlan1.IPv4 with address 10.184.71.162.
Jul 10 13:46:18 vader-rover avahi-daemon[491]: New relevant interface wlan1.IPv4 for mDNS.
Jul 10 13:46:18 vader-rover avahi-daemon[491]: Registering new address record for 10.184.71.162 on wlan1.IPv4.
Jul 10 13:46:19 vader-rover dhclient: bound to 10.184.71.162 -- renewal in 845 seconds.
Jul 10 13:46:20 vader-rover anacron[717]: Anacron 2.3 started on 2014-07-10
Jul 10 13:46:21 vader-rover cron[695]: (CRON) INFO (pidfile fd = 3)
Jul 10 13:46:21 vader-rover anacron[717]: Normal exit (0 jobs run)
Jul 10 13:46:21 vader-rover kernel: [   24.922119] GPIO Event Monitor 0.1 Compiled: Jan 13 2014 at 15:50:49
Jul 10 13:46:21 vader-rover cron[721]: (CRON) STARTUP (fork ok)
Jul 10 13:46:21 vader-rover cron[721]: (CRON) INFO (Running @reboot jobs)
Jul 10 13:46:21 vader-rover dbus[470]: [system] Activating service name='org.freedesktop.ConsoleKit' (using servicehelper)
Jul 10 13:46:21 vader-rover kernel: [   25.210662] pwm: frequency=50 Hz servo=1 servo_min = 10000 servo_max = 20000
Jul 10 13:46:21 vader-rover noip2[746]: v2.1.9 daemon started with NAT enabled
Jul 10 13:46:21 vader-rover noip2[746]: vader-rover.no-ip.biz was already set to 128.211.166.1.
Jul 10 13:46:21 vader-rover ntpd[839]: ntpd 4.2.6p3@1.2290 Tue Mar  6 15:10:33 UTC 2012 (1)
Jul 10 13:46:21 vader-rover dbus[470]: [system] Activating service name='org.freedesktop.PolicyKit1' (using servicehelper)
Jul 10 13:46:21 vader-rover ntpd[840]: proto: precision = 30.517 usec
Jul 10 13:46:21 vader-rover ntpd[840]: ntp_io: estimated max descriptors: 1024, initial socket boundary: 16
Jul 10 13:46:21 vader-rover ntpd[840]: unable to bind to wildcard address 0.0.0.0 - another process may be running - EXITING
Jul 10 13:46:22 vader-rover polkitd[843]: started daemon version 0.104 using authority implementation `local' version `0.104'
Jul 10 13:46:22 vader-rover dbus[470]: [system] Successfully activated service 'org.freedesktop.PolicyKit1'
Jul 10 13:46:22 vader-rover dbus[470]: [system] Successfully activated service 'org.freedesktop.ConsoleKit'
Jul 10 13:46:35 vader-rover ntpdate[663]: adjust time server 128.10.19.24 offset -0.003826 sec
Jul 10 13:46:35 vader-rover ntpd[1025]: ntpd 4.2.6p3@1.2290 Tue Mar  6 15:10:33 UTC 2012 (1)
Jul 10 13:46:35 vader-rover ntpd[1026]: proto: precision = 30.517 usec
Jul 10 13:46:35 vader-rover ntpd[1026]: ntp_io: estimated max descriptors: 1024, initial socket boundary: 16
Jul 10 13:46:35 vader-rover ntpd[1026]: Listen and drop on 0 v4wildcard 0.0.0.0 UDP 123
Jul 10 13:46:35 vader-rover ntpd[1026]: Listen and drop on 1 v6wildcard :: UDP 123
Jul 10 13:46:35 vader-rover ntpd[1026]: Listen normally on 2 lo 127.0.0.1 UDP 123
Jul 10 13:46:35 vader-rover ntpd[1026]: Listen normally on 3 wlan1 10.184.71.162 UDP 123
Jul 10 13:46:35 vader-rover ntpd[1026]: Listen normally on 4 wlan1 fe80::c24a:ff:fe17:ff56 UDP 123
Jul 10 13:46:35 vader-rover ntpd[1026]: Listen normally on 5 lo ::1 UDP 123
Jul 10 13:46:35 vader-rover ntpd[1026]: peers refreshed
Jul 10 13:46:35 vader-rover ntpd[1026]: Listening on routing socket on fd #22 for interface updates
Jul 10 13:46:45 vader-rover kernel: [   49.111785] usb 1-2.6: link qh64-0e01/de774780 start 2 [1/2 us]
Jul 10 13:46:57 vader-rover kernel: [   61.493530]  ~~~~set sta key:groupkey
Jul 10 13:46:57 vader-rover kernel: [   61.493560] ==> rtw_set_key algorithm(4),keyid(1),key_mask(0)
Jul 10 13:46:57 vader-rover kernel: [   61.496978] SetHwReg8192CU, 5126, RCR= 700060ce 
Jul 10 13:47:02 vader-rover kernel: [   66.824340] rtw_issue_addbareq_cmd, p=0
Jul 10 13:47:02 vader-rover kernel: [   66.824462] issue_action_BA, category=3, action=0, status=0
Jul 10 13:47:02 vader-rover kernel: [   66.824493] BA_starting_seqctrl = 866 for TID=0
Jul 10 13:47:02 vader-rover kernel: [   66.829895] OnAction_back
Jul 10 13:47:02 vader-rover kernel: [   66.829956] OnAction_back, action=1
Jul 10 13:47:02 vader-rover kernel: [   66.829986] agg_enable for TID=0
Jul 10 13:47:40 vader-rover kernel: [  104.493286] rtw_issue_addbareq_cmd, p=6
Jul 10 13:47:40 vader-rover kernel: [  104.493408] issue_action_BA, category=3, action=0, status=6
Jul 10 13:47:40 vader-rover kernel: [  104.493408] BA_starting_seqctrl = 11 for TID=6
Jul 10 13:47:40 vader-rover kernel: [  104.496215] OnAction_back
Jul 10 13:47:40 vader-rover kernel: [  104.496246] OnAction_back, action=1
Jul 10 13:47:40 vader-rover kernel: [  104.496246] agg_enable for TID=6
Jul 10 13:48:12 vader-rover kernel: [  136.292694] ehci-omap ehci-omap.0: detected DataBufferErr for urb de04b7c0 ep3out len 1574, qtd ffde1ea0 [qh de400900]
Jul 10 13:51:55 vader-rover kernel: [  359.243896] usb 1-2.4: usbfs: usb_submit_urb returned -121
Jul 10 13:56:00 vader-rover kernel: [  603.967041] ehci-omap ehci-omap.0: detected DataBufferErr for urb de04b7c0 ep3out len 4734, qtd ffde1180 [qh de400900]
Jul 10 14:00:24 vader-rover dhclient: DHCPREQUEST of 10.184.71.162 on wlan1 to 128.210.224.242 port 67
Jul 10 14:00:24 vader-rover dhclient: DHCPACK of 10.184.71.162 from 128.210.224.242
Jul 10 14:00:24 vader-rover dhclient: bound to 10.184.71.162 -- renewal in 800 seconds.
Jul 10 14:06:41 vader-rover kernel: imklog 5.8.6, log source = /proc/kmsg started.
Jul 10 14:06:41 vader-rover rsyslogd: [origin software="rsyslogd" swVersion="5.8.6" x-pid="676" x-info="http://www.rsyslog.com"] start
Jul 10 14:06:41 vader-rover rsyslogd: rsyslogd's groupid changed to 103
Jul 10 14:06:42 vader-rover rsyslogd: rsyslogd's userid changed to 101
Jul 10 14:06:41 vader-rover rsyslogd-2039: Could not open output pipe '/dev/xconsole' [try http://www.rsyslog.com/e/2039 ]
Jul 10 14:06:42 vader-rover kernel: [    0.000000] Booting Linux on physical CPU 0
Jul 10 14:06:42 vader-rover kernel: [    0.000000] Initializing cgroup subsys cpuset
Jul 10 14:06:42 vader-rover kernel: [    0.000000] Initializing cgroup subsys cpu
Jul 10 14:06:42 vader-rover kernel: [    0.000000] Linux version 3.5.0-2-linaro-omap (adam@pine) (gcc version 4.6.3 (Ubuntu/Linaro 4.6.3-1ubuntu5) ) #2~ci+121210190143 PREEMPT Mon Dec 10 11:03:27 PST 2012
Jul 10 14:06:42 vader-rover kernel: [    0.000000] CPU: ARMv7 Processor [413fc082] revision 2 (ARMv7), cr=10c53c7d
Jul 10 14:06:42 vader-rover kernel: [    0.000000] CPU: PIPT / VIPT nonaliasing data cache, VIPT aliasing instruction cache
Jul 10 14:06:42 vader-rover kernel: [    0.000000] Machine: Gumstix Overo
Jul 10 14:06:42 vader-rover kernel: [    0.000000] Reserving 12582912 bytes SDRAM for VRAM
Jul 10 14:06:42 vader-rover kernel: [    0.000000] Memory policy: ECC disabled, Data cache writeback
Jul 10 14:06:42 vader-rover kernel: [    0.000000] On node 0 totalpages: 127744
Jul 10 14:06:42 vader-rover kernel: [    0.000000] free_area_init_node: node 0, pgdat c070b85c, node_mem_map c07a7000
Jul 10 14:06:42 vader-rover kernel: [    0.000000]   Normal zone: 1024 pages used for memmap
Jul 10 14:06:42 vader-rover kernel: [    0.000000]   Normal zone: 0 pages reserved
Jul 10 14:06:42 vader-rover kernel: [    0.000000]   Normal zone: 126720 pages, LIFO batch:31
Jul 10 14:06:42 vader-rover kernel: [    0.000000] OMAP3630 ES1.2 (l2cache iva sgx neon isp 192mhz_clk )
Jul 10 14:06:42 vader-rover kernel: [    0.000000] Clocking rate (Crystal/Core/MPU): 26.0/332/600 MHz
Jul 10 14:06:42 vader-rover kernel: [    0.000000] pcpu-alloc: s0 r0 d32768 u32768 alloc=1*32768
Jul 10 14:06:42 vader-rover kernel: [    0.000000] pcpu-alloc: [0] 0 
Jul 10 14:06:42 vader-rover kernel: [    0.000000] Built 1 zonelists in Zone order, mobility grouping on.  Total pages: 126720
Jul 10 14:06:42 vader-rover kernel: [    0.000000] Kernel command line: console=tty0 console=ttyO2,115200n8 root=/dev/mmcblk0p2 rootwait ro earlyprintk mpurate=720 vram=12M omapdss.def_disp=dvi omapfb.mode=dvi:1024x768MR-16@60
Jul 10 14:06:42 vader-rover kernel: [    0.000000] PID hash table entries: 2048 (order: 1, 8192 bytes)
Jul 10 14:06:42 vader-rover kernel: [    0.000000] Dentry cache hash table entries: 65536 (order: 6, 262144 bytes)
Jul 10 14:06:42 vader-rover kernel: [    0.000000] Inode-cache hash table entries: 32768 (order: 5, 131072 bytes)
Jul 10 14:06:42 vader-rover kernel: [    0.000000] allocated 1048576 bytes of page_cgroup
Jul 10 14:06:42 vader-rover kernel: [    0.000000] please try 'cgroup_disable=memory' option if you don't want memory cgroups
Jul 10 14:06:42 vader-rover kernel: [    0.000000] Memory: 499MB = 499MB total
Jul 10 14:06:42 vader-rover kernel: [    0.000000] Memory: 496084k/496084k available, 28204k reserved, 0K highmem
Jul 10 14:06:42 vader-rover kernel: [    0.000000] Virtual kernel memory layout:
Jul 10 14:06:42 vader-rover kernel: [    0.000000]     vector  : 0xffff0000 - 0xffff1000   (   4 kB)
Jul 10 14:06:42 vader-rover kernel: [    0.000000]     fixmap  : 0xfff00000 - 0xfffe0000   ( 896 kB)
Jul 10 14:06:42 vader-rover kernel: [    0.000000]     vmalloc : 0xe0800000 - 0xff000000   ( 488 MB)
Jul 10 14:06:42 vader-rover kernel: [    0.000000]     lowmem  : 0xc0000000 - 0xe0000000   ( 512 MB)
Jul 10 14:06:42 vader-rover kernel: [    0.000000]     pkmap   : 0xbfe00000 - 0xc0000000   (   2 MB)
Jul 10 14:06:42 vader-rover kernel: [    0.000000]     modules : 0xbf000000 - 0xbfe00000   (  14 MB)
Jul 10 14:06:42 vader-rover kernel: [    0.000000]       .text : 0xc0008000 - 0xc067abfc   (6603 kB)
Jul 10 14:06:42 vader-rover kernel: [    0.000000]       .init : 0xc067b000 - 0xc06b2000   ( 220 kB)
Jul 10 14:06:42 vader-rover kernel: [    0.000000]       .data : 0xc06b2000 - 0xc071b268   ( 421 kB)
Jul 10 14:06:42 vader-rover kernel: [    0.000000]        .bss : 0xc071b28c - 0xc07a6020   ( 556 kB)
Jul 10 14:06:42 vader-rover kernel: [    0.000000] NR_IRQS:474
Jul 10 14:06:42 vader-rover kernel: [    0.000000] IRQ: Found an INTC at 0xfa200000 (revision 4.0) with 96 interrupts
Jul 10 14:06:42 vader-rover kernel: [    0.000000] Total of 96 interrupts on 1 active controller
Jul 10 14:06:42 vader-rover kernel: [    0.000000] OMAP clockevent source: GPTIMER1 at 32768 Hz
Jul 10 14:06:42 vader-rover kernel: [    0.000000] sched_clock: 32 bits at 32kHz, resolution 30517ns, wraps every 131071999ms
Jul 10 14:06:42 vader-rover kernel: [    0.000000] OMAP clocksource: 32k_counter at 32768 Hz
Jul 10 14:06:42 vader-rover kernel: [    0.000000] Console: colour dummy device 80x30
Jul 10 14:06:42 vader-rover kernel: [    0.000000] console [tty0] enabled
Jul 10 14:06:42 vader-rover kernel: [    0.001007] Calibrating delay loop... 597.64 BogoMIPS (lpj=2334720)
Jul 10 14:06:42 vader-rover kernel: [    0.039123] pid_max: default: 32768 minimum: 301
Jul 10 14:06:42 vader-rover kernel: [    0.039337] Security Framework initialized
Jul 10 14:06:42 vader-rover kernel: [    0.039459] Mount-cache hash table entries: 512
Jul 10 14:06:42 vader-rover kernel: [    0.040252] Initializing cgroup subsys debug
Jul 10 14:06:42 vader-rover kernel: [    0.040313] Initializing cgroup subsys cpuacct
Jul 10 14:06:42 vader-rover kernel: [    0.040313] Initializing cgroup subsys memory
Jul 10 14:06:42 vader-rover kernel: [    0.040405] Initializing cgroup subsys devices
Jul 10 14:06:42 vader-rover kernel: [    0.040435] Initializing cgroup subsys freezer
Jul 10 14:06:42 vader-rover kernel: [    0.040435] Initializing cgroup subsys perf_event
Jul 10 14:06:42 vader-rover kernel: [    0.040588] CPU: Testing write buffer coherency: ok
Jul 10 14:06:42 vader-rover kernel: [    0.040924] Setting up static identity map for 0x8046ea98 - 0x8046eaf0
Jul 10 14:06:42 vader-rover kernel: [    0.046081] devtmpfs: initialized
Jul 10 14:06:42 vader-rover kernel: [    0.050903] dummy: 
Jul 10 14:06:42 vader-rover kernel: [    0.051330] NET: Registered protocol family 16
Jul 10 14:06:42 vader-rover kernel: [    0.051757] GPMC revision 5.0
Jul 10 14:06:42 vader-rover kernel: [    0.051818] gpmc: irq-20 could not claim: err -22
Jul 10 14:06:42 vader-rover kernel: [    0.053497] gpiochip_add: registered GPIOs 0 to 31 on device: gpio
Jul 10 14:06:42 vader-rover kernel: [    0.053619] OMAP GPIO hardware version 2.5
Jul 10 14:06:42 vader-rover kernel: [    0.053863] gpiochip_add: registered GPIOs 32 to 63 on device: gpio
Jul 10 14:06:42 vader-rover kernel: [    0.054138] gpiochip_add: registered GPIOs 64 to 95 on device: gpio
Jul 10 14:06:42 vader-rover kernel: [    0.054412] gpiochip_add: registered GPIOs 96 to 127 on device: gpio
Jul 10 14:06:42 vader-rover kernel: [    0.054687] gpiochip_add: registered GPIOs 128 to 159 on device: gpio
Jul 10 14:06:42 vader-rover kernel: [    0.055114] gpiochip_add: registered GPIOs 160 to 191 on device: gpio
Jul 10 14:06:42 vader-rover kernel: [    0.056060] omap_mux_init: Add partition: #1: core, flags: 0
Jul 10 14:06:42 vader-rover kernel: [    0.061065] _omap_mux_get_by_name: Could not find signal uart4_rx.uart4_rx
Jul 10 14:06:42 vader-rover kernel: [    0.066925] Reprogramming SDRC clock to 332000000 Hz
Jul 10 14:06:42 vader-rover kernel: [    0.066955] dpll3_m2_clk rate change failed: -22
Jul 10 14:06:42 vader-rover kernel: [    0.066986] Found NAND on CS0
Jul 10 14:06:42 vader-rover kernel: [    0.067016] Registering NAND on CS0
Jul 10 14:06:42 vader-rover kernel: [    0.068206]  usbhs_omap: alias fck already exists
Jul 10 14:06:42 vader-rover kernel: [    0.075714] hw-breakpoint: debug architecture 0x4 unsupported.
Jul 10 14:06:42 vader-rover kernel: [    0.078796]  omap-mcbsp.2: alias fck already exists
Jul 10 14:06:42 vader-rover kernel: [    0.079010]  omap-mcbsp.3: alias fck already exists
Jul 10 14:06:42 vader-rover kernel: [    0.080108] Switched to new clocking rate (Crystal/Core/MPU): 26.0/332/720 MHz
Jul 10 14:06:42 vader-rover kernel: [    0.080322] OMAP DMA hardware revision 5.0
Jul 10 14:06:42 vader-rover kernel: [    0.087341] bio: create slab <bio-0> at 0
Jul 10 14:06:42 vader-rover kernel: [    0.088043] fixed-dummy: 
Jul 10 14:06:42 vader-rover kernel: [    0.088134] reg-fixed-voltage reg-fixed-voltage.0: fixed-dummy supplying 0uV
Jul 10 14:06:42 vader-rover kernel: [    0.088317] vads7846: override min_uV, 1 -> 3300000
Jul 10 14:06:42 vader-rover kernel: [    0.088348] vads7846: override max_uV, 2147483647 -> 3300000
Jul 10 14:06:42 vader-rover kernel: [    0.088348] vads7846: 3300 mV 
Jul 10 14:06:42 vader-rover kernel: [    0.088439] reg-fixed-voltage reg-fixed-voltage.1: vads7846 supplying 3300000uV
Jul 10 14:06:42 vader-rover kernel: [    0.089050] SCSI subsystem initialized
Jul 10 14:06:42 vader-rover kernel: [    0.089355] usbcore: registered new interface driver usbfs
Jul 10 14:06:42 vader-rover kernel: [    0.089477] usbcore: registered new interface driver hub
Jul 10 14:06:42 vader-rover kernel: [    0.089721] usbcore: registered new device driver usb
Jul 10 14:06:42 vader-rover kernel: [    0.090148] omap_i2c omap_i2c.1: bus 1 rev1.4.0 at 2600 kHz
Jul 10 14:06:42 vader-rover kernel: [    0.092712] twl 1-0048: PIH (irq 7) chaining IRQs 320..328
Jul 10 14:06:42 vader-rover kernel: [    0.092834] twl 1-0048: power (irq 325) chaining IRQs 328..335
Jul 10 14:06:42 vader-rover kernel: [    0.093414] twl4030_gpio twl4030_gpio: gpio (irq 320) chaining IRQs 336..353
Jul 10 14:06:42 vader-rover kernel: [    0.093749] gpiochip_add: registered GPIOs 192 to 211 on device: twl4030
Jul 10 14:06:42 vader-rover kernel: [    0.094451] VUSB1V5: override min_uV, 1 -> 1500000
Jul 10 14:06:42 vader-rover kernel: [    0.094482] VUSB1V5: override max_uV, 2147483647 -> 1500000
Jul 10 14:06:42 vader-rover kernel: [    0.094482] VUSB1V5: 1500 mV normal standby
Jul 10 14:06:42 vader-rover kernel: [    0.094940] VUSB1V8: override min_uV, 1 -> 1800000
Jul 10 14:06:42 vader-rover kernel: [    0.094970] VUSB1V8: override max_uV, 2147483647 -> 1800000
Jul 10 14:06:42 vader-rover kernel: [    0.094970] VUSB1V8: 1800 mV normal standby
Jul 10 14:06:42 vader-rover kernel: [    0.095367] VUSB3V1: override min_uV, 1 -> 3100000
Jul 10 14:06:42 vader-rover kernel: [    0.095397] VUSB3V1: override max_uV, 2147483647 -> 3100000
Jul 10 14:06:42 vader-rover kernel: [    0.095397] VUSB3V1: 3100 mV normal standby
Jul 10 14:06:42 vader-rover kernel: [    0.096832] twl4030_usb twl4030_usb: HW_CONDITIONS 0x10/16; link 0
Jul 10 14:06:42 vader-rover kernel: [    0.097045] twl4030_usb twl4030_usb: Initialized TWL4030 USB module
Jul 10 14:06:42 vader-rover kernel: [    0.097534] vdd_mpu_iva: 600 <--> 1450 mV normal 
Jul 10 14:06:42 vader-rover kernel: [    0.097930] vdd_core: 600 <--> 1450 mV normal 
Jul 10 14:06:42 vader-rover kernel: [    0.098419] VMMC1: 1850 <--> 3150 mV at 3000 mV normal standby
Jul 10 14:06:42 vader-rover kernel: [    0.098937] VDAC: 1800 mV normal standby
Jul 10 14:06:42 vader-rover kernel: [    0.099426] VDVI: 1800 mV normal standby
Jul 10 14:06:42 vader-rover kernel: [    0.109466] omap_i2c omap_i2c.3: bus 3 rev1.4.0 at 400 kHz
Jul 10 14:06:42 vader-rover kernel: [    0.110229] omap-iommu omap-iommu.0: isp registered
Jul 10 14:06:42 vader-rover kernel: [    0.110412] Advanced Linux Sound Architecture Driver Version 1.0.25.
Jul 10 14:06:42 vader-rover kernel: [    0.111236] Switching to clocksource 32k_counter
Jul 10 14:06:42 vader-rover kernel: [    0.135864] usbhs_omap usbhs_omap: xclk60mhsp2_ck set parentfailed error:-22
Jul 10 14:06:42 vader-rover kernel: [    0.136627] NET: Registered protocol family 2
Jul 10 14:06:42 vader-rover kernel: [    0.136932] IP route cache hash table entries: 4096 (order: 2, 16384 bytes)
Jul 10 14:06:42 vader-rover kernel: [    0.137481] TCP established hash table entries: 16384 (order: 5, 131072 bytes)
Jul 10 14:06:42 vader-rover kernel: [    0.137786] TCP bind hash table entries: 16384 (order: 4, 65536 bytes)
Jul 10 14:06:42 vader-rover kernel: [    0.138000] TCP: Hash tables configured (established 16384 bind 16384)
Jul 10 14:06:42 vader-rover kernel: [    0.138000] TCP: reno registered
Jul 10 14:06:42 vader-rover kernel: [    0.138031] UDP hash table entries: 256 (order: 0, 4096 bytes)
Jul 10 14:06:42 vader-rover kernel: [    0.138092] UDP-Lite hash table entries: 256 (order: 0, 4096 bytes)
Jul 10 14:06:42 vader-rover kernel: [    0.138366] NET: Registered protocol family 1
Jul 10 14:06:42 vader-rover kernel: [    0.138885] RPC: Registered named UNIX socket transport module.
Jul 10 14:06:42 vader-rover kernel: [    0.138946] RPC: Registered udp transport module.
Jul 10 14:06:42 vader-rover kernel: [    0.138946] RPC: Registered tcp transport module.
Jul 10 14:06:42 vader-rover kernel: [    0.138977] RPC: Registered tcp NFSv4.1 backchannel transport module.
Jul 10 14:06:42 vader-rover kernel: [    0.139221] Trying to unpack rootfs image as initramfs...
Jul 10 14:06:42 vader-rover kernel: [    0.254333] Freeing initrd memory: 1488K
Jul 10 14:06:42 vader-rover kernel: [    0.256683] audit: initializing netlink socket (disabled)
Jul 10 14:06:42 vader-rover kernel: [    0.256774] type=2000 audit(0.250:1): initialized
Jul 10 14:06:42 vader-rover kernel: [    0.258148] VFS: Disk quotas dquot_6.5.2
Jul 10 14:06:42 vader-rover kernel: [    0.258239] Dquot-cache hash table entries: 1024 (order 0, 4096 bytes)
Jul 10 14:06:42 vader-rover kernel: [    0.258605] NFS: Registering the id_resolver key type
Jul 10 14:06:42 vader-rover kernel: [    0.258697] Key type id_resolver registered
Jul 10 14:06:42 vader-rover kernel: [    0.259155] jffs2: version 2.2. (NAND) (SUMMARY)  Â© 2001-2006 Red Hat, Inc.
Jul 10 14:06:42 vader-rover kernel: [    0.259796] fuse init (API version 7.19)
Jul 10 14:06:42 vader-rover kernel: [    0.260406] msgmni has been set to 971
Jul 10 14:06:42 vader-rover kernel: [    0.262084] Block layer SCSI generic (bsg) driver version 0.4 loaded (major 253)
Jul 10 14:06:42 vader-rover kernel: [    0.262145] io scheduler noop registered
Jul 10 14:06:42 vader-rover kernel: [    0.262145] io scheduler deadline registered (default)
Jul 10 14:06:42 vader-rover kernel: [    0.262908] OMAP DSS rev 2.0
Jul 10 14:06:42 vader-rover kernel: [    0.265899] omap_uart.0: ttyO0 at MMIO 0x4806a000 (irq = 72) is a OMAP UART0
Jul 10 14:06:42 vader-rover kernel: [    0.266387] omap_uart.1: ttyO1 at MMIO 0x4806c000 (irq = 73) is a OMAP UART1
Jul 10 14:06:42 vader-rover kernel: [    0.266815] omap_uart.2: ttyO2 at MMIO 0x49020000 (irq = 74) is a OMAP UART2
Jul 10 14:06:42 vader-rover kernel: [    0.968048] console [ttyO2] enabled
Jul 10 14:06:42 vader-rover kernel: [    0.972198] omap_uart.3: ttyO3 at MMIO 0x49042000 (irq = 80) is a OMAP UART3
Jul 10 14:06:42 vader-rover kernel: [    0.987121] brd: module loaded
Jul 10 14:06:42 vader-rover kernel: [    0.994171] loop: module loaded
Jul 10 14:06:42 vader-rover kernel: [    0.998992] twl4030_madc twl4030_madc: clk disabled, enabling
Jul 10 14:06:42 vader-rover kernel: [    1.006988] NAND device: Manufacturer ID: 0x2c, Chip ID: 0xbc (Micron NAND 512MiB 1,8V 16-bit), page size: 2048, OOB size: 64
Jul 10 14:06:42 vader-rover kernel: [    1.031707] Creating 5 MTD partitions on "omap2-nand.0":
Jul 10 14:06:42 vader-rover kernel: [    1.037475] 0x000000000000-0x000000080000 : "xloader"
Jul 10 14:06:42 vader-rover kernel: [    1.044342] 0x000000080000-0x000000240000 : "uboot"
Jul 10 14:06:42 vader-rover kernel: [    1.051727] 0x000000240000-0x000000280000 : "uboot environment"
Jul 10 14:06:42 vader-rover kernel: [    1.059082] 0x000000280000-0x000000680000 : "linux"
Jul 10 14:06:42 vader-rover kernel: [    1.067932] 0x000000680000-0x000020000000 : "rootfs"
Jul 10 14:06:42 vader-rover kernel: [    1.426513] smsc911x: Driver version 2008-10-21
Jul 10 14:06:42 vader-rover kernel: [    1.431671] smsc911x: Driver version 2008-10-21
Jul 10 14:06:42 vader-rover kernel: [    1.436920] usbcore: registered new interface driver asix
Jul 10 14:06:42 vader-rover kernel: [    1.442718] usbcore: registered new interface driver cdc_ether
Jul 10 14:06:42 vader-rover kernel: [    1.448974] usbcore: registered new interface driver cdc_ncm
Jul 10 14:06:42 vader-rover kernel: [    1.455261] ehci_hcd: USB 2.0 'Enhanced' Host Controller (EHCI) Driver
Jul 10 14:06:42 vader-rover kernel: [    1.462127] ehci_hcd: block sizes: qh 64 qtd 96 itd 160 sitd 96
Jul 10 14:06:42 vader-rover kernel: [    1.462280] ehci-omap ehci-omap.0: failed to get ehci port1 regulator
Jul 10 14:06:42 vader-rover kernel: [    2.462982] ehci-omap ehci-omap.0: phy reset operation timed out
Jul 10 14:06:42 vader-rover kernel: [    2.463012] ehci-omap ehci-omap.0: reset hcs_params 0x1313 dbg=0 cc=1 pcc=3 ordered ports=3
Jul 10 14:06:42 vader-rover kernel: [    2.463012] ehci-omap ehci-omap.0: reset hcc_params 0016 thresh 1 uframes 256/512/1024 park
Jul 10 14:06:42 vader-rover kernel: [    2.463043] ehci-omap ehci-omap.0: reset command 0080b02  park=3 ithresh=8 period=1024 Reset HALT
Jul 10 14:06:42 vader-rover kernel: [    2.463073] ehci-omap ehci-omap.0: OMAP-EHCI Host Controller
Jul 10 14:06:42 vader-rover kernel: [    2.469299] ehci-omap ehci-omap.0: new USB bus registered, assigned bus number 1
Jul 10 14:06:42 vader-rover kernel: [    2.477203] ehci-omap ehci-omap.0: park 0
Jul 10 14:06:42 vader-rover kernel: [    2.477264] ehci-omap ehci-omap.0: irq 77, io mem 0x48064800
Jul 10 14:06:42 vader-rover kernel: [    2.483245] ehci-omap ehci-omap.0: init command 0010005 (park)=0 ithresh=1 period=512 RUN
Jul 10 14:06:42 vader-rover kernel: [    2.494323] ehci-omap ehci-omap.0: USB 2.0 started, EHCI 1.00
Jul 10 14:06:42 vader-rover kernel: [    2.500488] usb usb1: default language 0x0409
Jul 10 14:06:42 vader-rover kernel: [    2.500549] usb usb1: udev 1, busnum 1, minor = 0
Jul 10 14:06:42 vader-rover kernel: [    2.500549] usb usb1: New USB device found, idVendor=1d6b, idProduct=0002
Jul 10 14:06:42 vader-rover kernel: [    2.507720] usb usb1: New USB device strings: Mfr=3, Product=2, SerialNumber=1
Jul 10 14:06:42 vader-rover kernel: [    2.515319] usb usb1: Product: OMAP-EHCI Host Controller
Jul 10 14:06:42 vader-rover kernel: [    2.520935] usb usb1: Manufacturer: Linux 3.5.0-2-linaro-omap ehci_hcd
Jul 10 14:06:42 vader-rover kernel: [    2.527801] usb usb1: SerialNumber: ehci-omap.0
Jul 10 14:06:42 vader-rover kernel: [    2.533020] usb usb1: usb_probe_device
Jul 10 14:06:42 vader-rover kernel: [    2.533050] usb usb1: configuration #1 chosen from 1 choice
Jul 10 14:06:42 vader-rover kernel: [    2.533111] usb usb1: adding 1-0:1.0 (config #1, interface 0)
Jul 10 14:06:42 vader-rover kernel: [    2.533233] hub 1-0:1.0: usb_probe_interface
Jul 10 14:06:42 vader-rover kernel: [    2.533264] hub 1-0:1.0: usb_probe_interface - got id
Jul 10 14:06:42 vader-rover kernel: [    2.533325] hub 1-0:1.0: USB hub found
Jul 10 14:06:42 vader-rover kernel: [    2.537292] hub 1-0:1.0: 3 ports detected
Jul 10 14:06:42 vader-rover kernel: [    2.541534] hub 1-0:1.0: standalone hub
Jul 10 14:06:42 vader-rover kernel: [    2.541534] hub 1-0:1.0: individual port power switching
Jul 10 14:06:42 vader-rover kernel: [    2.541564] hub 1-0:1.0: individual port over-current protection
Jul 10 14:06:42 vader-rover kernel: [    2.541564] hub 1-0:1.0: power on to power good time: 20ms
Jul 10 14:06:42 vader-rover kernel: [    2.541595] hub 1-0:1.0: local power source is good
Jul 10 14:06:42 vader-rover kernel: [    2.541595] hub 1-0:1.0: enabling power on all ports
Jul 10 14:06:42 vader-rover kernel: [    2.541900] ehci-omap ehci-omap.0: ...powerup ports...
Jul 10 14:06:42 vader-rover kernel: [    2.572570] Initializing USB Mass Storage driver...
Jul 10 14:06:42 vader-rover kernel: [    2.577850] usbcore: registered new interface driver usb-storage
Jul 10 14:06:42 vader-rover kernel: [    2.584197] USB Mass Storage support registered.
Jul 10 14:06:42 vader-rover kernel: [    2.589050] musb-hdrc: version 6.0, ?dma?, otg (peripheral+host)
Jul 10 14:06:42 vader-rover kernel: [    2.601013] twl4030_usb twl4030_usb: twl4030_phy_resume
Jul 10 14:06:42 vader-rover kernel: [    2.601257] musb-hdrc: ConfigData=0xde (UTMI-8, dyn FIFOs, bulk combine, bulk split, HB-ISO Rx, HB-ISO Tx, SoftConn)
Jul 10 14:06:42 vader-rover kernel: [    2.601287] musb-hdrc: MHDRC RTL version 1.800 
Jul 10 14:06:42 vader-rover kernel: [    2.601287] musb-hdrc: setup fifo_mode 4
Jul 10 14:06:42 vader-rover kernel: [    2.601318] musb-hdrc: 28/31 max ep, 16384/16384 memory
