Dec 31 19:00:22 vader-rover kernel: imklog 5.8.6, log source = /proc/kmsg started.
Dec 31 19:00:22 vader-rover rsyslogd: [origin software="rsyslogd" swVersion="5.8.6" x-pid="484" x-info="http://www.rsyslog.com"] start
Dec 31 19:00:22 vader-rover rsyslogd: rsyslogd's groupid changed to 103
Dec 31 19:00:22 vader-rover rsyslogd: rsyslogd's userid changed to 101
Dec 31 19:00:22 vader-rover rsyslogd-2039: Could not open output pipe '/dev/xconsole' [try http://www.rsyslog.com/e/2039 ]
Dec 31 19:00:22 vader-rover kernel: [    0.000000] Booting Linux on physical CPU 0
Dec 31 19:00:22 vader-rover kernel: [    0.000000] Initializing cgroup subsys cpuset
Dec 31 19:00:22 vader-rover kernel: [    0.000000] Initializing cgroup subsys cpu
Dec 31 19:00:22 vader-rover kernel: [    0.000000] Linux version 3.5.0-2-linaro-omap (adam@pine) (gcc version 4.6.3 (Ubuntu/Linaro 4.6.3-1ubuntu5) ) #2~ci+121210190143 PREEMPT Mon Dec 10 11:03:27 PST 2012
Dec 31 19:00:22 vader-rover kernel: [    0.000000] CPU: ARMv7 Processor [413fc082] revision 2 (ARMv7), cr=10c53c7d
Dec 31 19:00:22 vader-rover kernel: [    0.000000] CPU: PIPT / VIPT nonaliasing data cache, VIPT aliasing instruction cache
Dec 31 19:00:22 vader-rover kernel: [    0.000000] Machine: Gumstix Overo
Dec 31 19:00:22 vader-rover kernel: [    0.000000] Reserving 12582912 bytes SDRAM for VRAM
Dec 31 19:00:22 vader-rover kernel: [    0.000000] Memory policy: ECC disabled, Data cache writeback
Dec 31 19:00:22 vader-rover kernel: [    0.000000] On node 0 totalpages: 127744
Dec 31 19:00:22 vader-rover kernel: [    0.000000] free_area_init_node: node 0, pgdat c070b85c, node_mem_map c07a7000
Dec 31 19:00:22 vader-rover kernel: [    0.000000]   Normal zone: 1024 pages used for memmap
Dec 31 19:00:22 vader-rover kernel: [    0.000000]   Normal zone: 0 pages reserved
Dec 31 19:00:22 vader-rover kernel: [    0.000000]   Normal zone: 126720 pages, LIFO batch:31
Dec 31 19:00:22 vader-rover kernel: [    0.000000] OMAP3630 ES1.2 (l2cache iva sgx neon isp 192mhz_clk )
Dec 31 19:00:22 vader-rover kernel: [    0.000000] Clocking rate (Crystal/Core/MPU): 26.0/332/600 MHz
Dec 31 19:00:22 vader-rover kernel: [    0.000000] pcpu-alloc: s0 r0 d32768 u32768 alloc=1*32768
Dec 31 19:00:22 vader-rover kernel: [    0.000000] pcpu-alloc: [0] 0 
Dec 31 19:00:22 vader-rover kernel: [    0.000000] Built 1 zonelists in Zone order, mobility grouping on.  Total pages: 126720
Dec 31 19:00:22 vader-rover kernel: [    0.000000] Kernel command line: console=tty0 console=ttyO2,115200n8 root=/dev/mmcblk0p2 rootwait ro earlyprintk mpurate=720 vram=12M omapdss.def_disp=dvi omapfb.mode=dvi:1024x768MR-16@60
Dec 31 19:00:22 vader-rover kernel: [    0.000000] PID hash table entries: 2048 (order: 1, 8192 bytes)
Dec 31 19:00:22 vader-rover kernel: [    0.000000] Dentry cache hash table entries: 65536 (order: 6, 262144 bytes)
Dec 31 19:00:22 vader-rover kernel: [    0.000000] Inode-cache hash table entries: 32768 (order: 5, 131072 bytes)
Dec 31 19:00:22 vader-rover kernel: [    0.000000] allocated 1048576 bytes of page_cgroup
Dec 31 19:00:22 vader-rover kernel: [    0.000000] please try 'cgroup_disable=memory' option if you don't want memory cgroups
Dec 31 19:00:22 vader-rover kernel: [    0.000000] Memory: 499MB = 499MB total
Dec 31 19:00:22 vader-rover kernel: [    0.000000] Memory: 495744k/495744k available, 28544k reserved, 0K highmem
Dec 31 19:00:22 vader-rover kernel: [    0.000000] Virtual kernel memory layout:
Dec 31 19:00:22 vader-rover kernel: [    0.000000]     vector  : 0xffff0000 - 0xffff1000   (   4 kB)
Dec 31 19:00:22 vader-rover kernel: [    0.000000]     fixmap  : 0xfff00000 - 0xfffe0000   ( 896 kB)
Dec 31 19:00:22 vader-rover kernel: [    0.000000]     vmalloc : 0xe0800000 - 0xff000000   ( 488 MB)
Dec 31 19:00:22 vader-rover kernel: [    0.000000]     lowmem  : 0xc0000000 - 0xe0000000   ( 512 MB)
Dec 31 19:00:22 vader-rover kernel: [    0.000000]     pkmap   : 0xbfe00000 - 0xc0000000   (   2 MB)
Dec 31 19:00:22 vader-rover kernel: [    0.000000]     modules : 0xbf000000 - 0xbfe00000   (  14 MB)
Dec 31 19:00:22 vader-rover kernel: [    0.000000]       .text : 0xc0008000 - 0xc067abfc   (6603 kB)
Dec 31 19:00:22 vader-rover kernel: [    0.000000]       .init : 0xc067b000 - 0xc06b2000   ( 220 kB)
Dec 31 19:00:22 vader-rover kernel: [    0.000000]       .data : 0xc06b2000 - 0xc071b268   ( 421 kB)
Dec 31 19:00:22 vader-rover kernel: [    0.000000]        .bss : 0xc071b28c - 0xc07a6020   ( 556 kB)
Dec 31 19:00:22 vader-rover kernel: [    0.000000] NR_IRQS:474
Dec 31 19:00:22 vader-rover kernel: [    0.000000] IRQ: Found an INTC at 0xfa200000 (revision 4.0) with 96 interrupts
Dec 31 19:00:22 vader-rover kernel: [    0.000000] Total of 96 interrupts on 1 active controller
Dec 31 19:00:22 vader-rover kernel: [    0.000000] OMAP clockevent source: GPTIMER1 at 32768 Hz
Dec 31 19:00:22 vader-rover kernel: [    0.000000] sched_clock: 32 bits at 32kHz, resolution 30517ns, wraps every 131071999ms
Dec 31 19:00:22 vader-rover kernel: [    0.000000] OMAP clocksource: 32k_counter at 32768 Hz
Dec 31 19:00:22 vader-rover kernel: [    0.000000] Console: colour dummy device 80x30
Dec 31 19:00:22 vader-rover kernel: [    0.000000] console [tty0] enabled
Dec 31 19:00:22 vader-rover kernel: [    0.001007] Calibrating delay loop... 597.64 BogoMIPS (lpj=2334720)
Dec 31 19:00:22 vader-rover kernel: [    0.039123] pid_max: default: 32768 minimum: 301
Dec 31 19:00:22 vader-rover kernel: [    0.039337] Security Framework initialized
Dec 31 19:00:22 vader-rover kernel: [    0.039459] Mount-cache hash table entries: 512
Dec 31 19:00:22 vader-rover kernel: [    0.040252] Initializing cgroup subsys debug
Dec 31 19:00:22 vader-rover kernel: [    0.040313] Initializing cgroup subsys cpuacct
Dec 31 19:00:22 vader-rover kernel: [    0.040313] Initializing cgroup subsys memory
Dec 31 19:00:22 vader-rover kernel: [    0.040405] Initializing cgroup subsys devices
Dec 31 19:00:22 vader-rover kernel: [    0.040435] Initializing cgroup subsys freezer
Dec 31 19:00:22 vader-rover kernel: [    0.040435] Initializing cgroup subsys perf_event
Dec 31 19:00:22 vader-rover kernel: [    0.040588] CPU: Testing write buffer coherency: ok
Dec 31 19:00:22 vader-rover kernel: [    0.040924] Setting up static identity map for 0x8046ea98 - 0x8046eaf0
Dec 31 19:00:22 vader-rover kernel: [    0.046081] devtmpfs: initialized
Dec 31 19:00:22 vader-rover kernel: [    0.050933] dummy: 
Dec 31 19:00:22 vader-rover kernel: [    0.051361] NET: Registered protocol family 16
Dec 31 19:00:22 vader-rover kernel: [    0.051788] GPMC revision 5.0
Dec 31 19:00:22 vader-rover kernel: [    0.051849] gpmc: irq-20 could not claim: err -22
Dec 31 19:00:22 vader-rover kernel: [    0.053558] gpiochip_add: registered GPIOs 0 to 31 on device: gpio
Dec 31 19:00:22 vader-rover kernel: [    0.053649] OMAP GPIO hardware version 2.5
Dec 31 19:00:22 vader-rover kernel: [    0.053894] gpiochip_add: registered GPIOs 32 to 63 on device: gpio
Dec 31 19:00:22 vader-rover kernel: [    0.054168] gpiochip_add: registered GPIOs 64 to 95 on device: gpio
Dec 31 19:00:22 vader-rover kernel: [    0.054473] gpiochip_add: registered GPIOs 96 to 127 on device: gpio
Dec 31 19:00:22 vader-rover kernel: [    0.054870] gpiochip_add: registered GPIOs 128 to 159 on device: gpio
Dec 31 19:00:22 vader-rover kernel: [    0.055145] gpiochip_add: registered GPIOs 160 to 191 on device: gpio
Dec 31 19:00:22 vader-rover kernel: [    0.056091] omap_mux_init: Add partition: #1: core, flags: 0
Dec 31 19:00:22 vader-rover kernel: [    0.061096] _omap_mux_get_by_name: Could not find signal uart4_rx.uart4_rx
Dec 31 19:00:22 vader-rover kernel: [    0.066955] Reprogramming SDRC clock to 332000000 Hz
Dec 31 19:00:22 vader-rover kernel: [    0.066986] dpll3_m2_clk rate change failed: -22
Dec 31 19:00:22 vader-rover kernel: [    0.067016] Found NAND on CS0
Dec 31 19:00:22 vader-rover kernel: [    0.067047] Registering NAND on CS0
Dec 31 19:00:22 vader-rover kernel: [    0.068237]  usbhs_omap: alias fck already exists
Dec 31 19:00:22 vader-rover kernel: [    0.075775] hw-breakpoint: debug architecture 0x4 unsupported.
Dec 31 19:00:22 vader-rover kernel: [    0.078826]  omap-mcbsp.2: alias fck already exists
Dec 31 19:00:22 vader-rover kernel: [    0.079071]  omap-mcbsp.3: alias fck already exists
Dec 31 19:00:22 vader-rover kernel: [    0.080139] Switched to new clocking rate (Crystal/Core/MPU): 26.0/332/720 MHz
Dec 31 19:00:22 vader-rover kernel: [    0.080352] OMAP DMA hardware revision 5.0
Dec 31 19:00:22 vader-rover kernel: [    0.087371] bio: create slab <bio-0> at 0
Dec 31 19:00:22 vader-rover kernel: [    0.088073] fixed-dummy: 
Dec 31 19:00:22 vader-rover kernel: [    0.088195] reg-fixed-voltage reg-fixed-voltage.0: fixed-dummy supplying 0uV
Dec 31 19:00:22 vader-rover kernel: [    0.088348] vads7846: override min_uV, 1 -> 3300000
Dec 31 19:00:22 vader-rover kernel: [    0.088378] vads7846: override max_uV, 2147483647 -> 3300000
Dec 31 19:00:22 vader-rover kernel: [    0.088378] vads7846: 3300 mV 
Dec 31 19:00:22 vader-rover kernel: [    0.088470] reg-fixed-voltage reg-fixed-voltage.1: vads7846 supplying 3300000uV
Dec 31 19:00:22 vader-rover kernel: [    0.089080] SCSI subsystem initialized
Dec 31 19:00:22 vader-rover kernel: [    0.089385] usbcore: registered new interface driver usbfs
Dec 31 19:00:22 vader-rover kernel: [    0.089508] usbcore: registered new interface driver hub
Dec 31 19:00:22 vader-rover kernel: [    0.089752] usbcore: registered new device driver usb
Dec 31 19:00:22 vader-rover kernel: [    0.090179] omap_i2c omap_i2c.1: bus 1 rev1.4.0 at 2600 kHz
Dec 31 19:00:22 vader-rover kernel: [    0.092712] twl 1-0048: PIH (irq 7) chaining IRQs 320..328
Dec 31 19:00:22 vader-rover kernel: [    0.092864] twl 1-0048: power (irq 325) chaining IRQs 328..335
Dec 31 19:00:22 vader-rover kernel: [    0.093444] twl4030_gpio twl4030_gpio: gpio (irq 320) chaining IRQs 336..353
Dec 31 19:00:22 vader-rover kernel: [    0.093811] gpiochip_add: registered GPIOs 192 to 211 on device: twl4030
Dec 31 19:00:22 vader-rover kernel: [    0.094482] VUSB1V5: override min_uV, 1 -> 1500000
Dec 31 19:00:22 vader-rover kernel: [    0.094512] VUSB1V5: override max_uV, 2147483647 -> 1500000
Dec 31 19:00:22 vader-rover kernel: [    0.094512] VUSB1V5: 1500 mV normal standby
Dec 31 19:00:22 vader-rover kernel: [    0.094970] VUSB1V8: override min_uV, 1 -> 1800000
Dec 31 19:00:22 vader-rover kernel: [    0.095001] VUSB1V8: override max_uV, 2147483647 -> 1800000
Dec 31 19:00:22 vader-rover kernel: [    0.095001] VUSB1V8: 1800 mV normal standby
Dec 31 19:00:22 vader-rover kernel: [    0.095397] VUSB3V1: override min_uV, 1 -> 3100000
Dec 31 19:00:22 vader-rover kernel: [    0.095397] VUSB3V1: override max_uV, 2147483647 -> 3100000
Dec 31 19:00:22 vader-rover kernel: [    0.095428] VUSB3V1: 3100 mV normal standby
Dec 31 19:00:22 vader-rover kernel: [    0.096862] twl4030_usb twl4030_usb: HW_CONDITIONS 0x10/16; link 0
Dec 31 19:00:22 vader-rover kernel: [    0.097106] twl4030_usb twl4030_usb: Initialized TWL4030 USB module
Dec 31 19:00:22 vader-rover kernel: [    0.097595] vdd_mpu_iva: 600 <--> 1450 mV normal 
Dec 31 19:00:22 vader-rover kernel: [    0.097991] vdd_core: 600 <--> 1450 mV normal 
Dec 31 19:00:22 vader-rover kernel: [    0.098449] VMMC1: 1850 <--> 3150 mV at 3000 mV normal standby
Dec 31 19:00:22 vader-rover kernel: [    0.098968] VDAC: 1800 mV normal standby
Dec 31 19:00:22 vader-rover kernel: [    0.099456] VDVI: 1800 mV normal standby
Dec 31 19:00:22 vader-rover kernel: [    0.099914] omap_i2c omap_i2c.3: bus 3 rev1.4.0 at 400 kHz
Dec 31 19:00:22 vader-rover kernel: [    0.100677] omap-iommu omap-iommu.0: isp registered
Dec 31 19:00:22 vader-rover kernel: [    0.100860] Advanced Linux Sound Architecture Driver Version 1.0.25.
Dec 31 19:00:22 vader-rover kernel: [    0.101745] Switching to clocksource 32k_counter
Dec 31 19:00:22 vader-rover kernel: [    0.126251] usbhs_omap usbhs_omap: xclk60mhsp2_ck set parentfailed error:-22
Dec 31 19:00:22 vader-rover kernel: [    0.127044] NET: Registered protocol family 2
Dec 31 19:00:22 vader-rover kernel: [    0.127319] IP route cache hash table entries: 4096 (order: 2, 16384 bytes)
Dec 31 19:00:22 vader-rover kernel: [    0.127868] TCP established hash table entries: 16384 (order: 5, 131072 bytes)
Dec 31 19:00:22 vader-rover kernel: [    0.128204] TCP bind hash table entries: 16384 (order: 4, 65536 bytes)
Dec 31 19:00:22 vader-rover kernel: [    0.128387] TCP: Hash tables configured (established 16384 bind 16384)
Dec 31 19:00:22 vader-rover kernel: [    0.128417] TCP: reno registered
Dec 31 19:00:22 vader-rover kernel: [    0.128417] UDP hash table entries: 256 (order: 0, 4096 bytes)
Dec 31 19:00:22 vader-rover kernel: [    0.128479] UDP-Lite hash table entries: 256 (order: 0, 4096 bytes)
Dec 31 19:00:22 vader-rover kernel: [    0.128784] NET: Registered protocol family 1
Dec 31 19:00:22 vader-rover kernel: [    0.129272] RPC: Registered named UNIX socket transport module.
Dec 31 19:00:22 vader-rover kernel: [    0.129333] RPC: Registered udp transport module.
Dec 31 19:00:22 vader-rover kernel: [    0.129333] RPC: Registered tcp transport module.
Dec 31 19:00:22 vader-rover kernel: [    0.129364] RPC: Registered tcp NFSv4.1 backchannel transport module.
Dec 31 19:00:22 vader-rover kernel: [    0.129638] Trying to unpack rootfs image as initramfs...
Dec 31 19:00:22 vader-rover kernel: [    0.279083] Freeing initrd memory: 1828K
Dec 31 19:00:22 vader-rover kernel: [    0.281433] audit: initializing netlink socket (disabled)
Dec 31 19:00:22 vader-rover kernel: [    0.281524] type=2000 audit(0.273:1): initialized
Dec 31 19:00:22 vader-rover kernel: [    0.283020] VFS: Disk quotas dquot_6.5.2
Dec 31 19:00:22 vader-rover kernel: [    0.283111] Dquot-cache hash table entries: 1024 (order 0, 4096 bytes)
Dec 31 19:00:22 vader-rover kernel: [    0.283508] NFS: Registering the id_resolver key type
Dec 31 19:00:22 vader-rover kernel: [    0.283599] Key type id_resolver registered
Dec 31 19:00:22 vader-rover kernel: [    0.284027] jffs2: version 2.2. (NAND) (SUMMARY)  Â© 2001-2006 Red Hat, Inc.
Dec 31 19:00:22 vader-rover kernel: [    0.284698] fuse init (API version 7.19)
Dec 31 19:00:22 vader-rover kernel: [    0.285186] msgmni has been set to 971
Dec 31 19:00:22 vader-rover kernel: [    0.286865] Block layer SCSI generic (bsg) driver version 0.4 loaded (major 253)
Dec 31 19:00:22 vader-rover kernel: [    0.286926] io scheduler noop registered
Dec 31 19:00:22 vader-rover kernel: [    0.286926] io scheduler deadline registered (default)
Dec 31 19:00:22 vader-rover kernel: [    0.287689] OMAP DSS rev 2.0
Dec 31 19:00:22 vader-rover kernel: [    0.290832] omap_uart.0: ttyO0 at MMIO 0x4806a000 (irq = 72) is a OMAP UART0
Dec 31 19:00:22 vader-rover kernel: [    0.291320] omap_uart.1: ttyO1 at MMIO 0x4806c000 (irq = 73) is a OMAP UART1
Dec 31 19:00:22 vader-rover kernel: [    0.291748] omap_uart.2: ttyO2 at MMIO 0x49020000 (irq = 74) is a OMAP UART2
Dec 31 19:00:22 vader-rover kernel: [    0.992401] console [ttyO2] enabled
Dec 31 19:00:22 vader-rover kernel: [    0.996490] omap_uart.3: ttyO3 at MMIO 0x49042000 (irq = 80) is a OMAP UART3
Dec 31 19:00:22 vader-rover kernel: [    1.011413] brd: module loaded
Dec 31 19:00:22 vader-rover kernel: [    1.018524] loop: module loaded
Dec 31 19:00:22 vader-rover kernel: [    1.023803] twl4030_madc twl4030_madc: clk disabled, enabling
Dec 31 19:00:22 vader-rover kernel: [    1.031768] NAND device: Manufacturer ID: 0x2c, Chip ID: 0xbc (Micron NAND 512MiB 1,8V 16-bit), page size: 2048, OOB size: 64
Dec 31 19:00:22 vader-rover kernel: [    1.056579] Creating 5 MTD partitions on "omap2-nand.0":
Dec 31 19:00:22 vader-rover kernel: [    1.062225] 0x000000000000-0x000000080000 : "xloader"
Dec 31 19:00:22 vader-rover kernel: [    1.069122] 0x000000080000-0x000000240000 : "uboot"
Dec 31 19:00:22 vader-rover kernel: [    1.076477] 0x000000240000-0x000000280000 : "uboot environment"
Dec 31 19:00:22 vader-rover kernel: [    1.083862] 0x000000280000-0x000000680000 : "linux"
Dec 31 19:00:22 vader-rover kernel: [    1.092681] 0x000000680000-0x000020000000 : "rootfs"
Dec 31 19:00:22 vader-rover kernel: [    1.451263] smsc911x: Driver version 2008-10-21
Dec 31 19:00:22 vader-rover kernel: [    1.456512] smsc911x: Driver version 2008-10-21
Dec 31 19:00:22 vader-rover kernel: [    1.461730] usbcore: registered new interface driver asix
Dec 31 19:00:22 vader-rover kernel: [    1.467468] usbcore: registered new interface driver cdc_ether
Dec 31 19:00:22 vader-rover kernel: [    1.473724] usbcore: registered new interface driver cdc_ncm
Dec 31 19:00:22 vader-rover kernel: [    1.480010] ehci_hcd: USB 2.0 'Enhanced' Host Controller (EHCI) Driver
Dec 31 19:00:22 vader-rover kernel: [    1.486907] ehci_hcd: block sizes: qh 64 qtd 96 itd 160 sitd 96
Dec 31 19:00:22 vader-rover kernel: [    1.487060] ehci-omap ehci-omap.0: failed to get ehci port1 regulator
Dec 31 19:00:22 vader-rover kernel: [    2.492523] ehci-omap ehci-omap.0: phy reset operation timed out
Dec 31 19:00:22 vader-rover kernel: [    2.492553] ehci-omap ehci-omap.0: reset hcs_params 0x1313 dbg=0 cc=1 pcc=3 ordered ports=3
Dec 31 19:00:22 vader-rover kernel: [    2.492553] ehci-omap ehci-omap.0: reset hcc_params 0016 thresh 1 uframes 256/512/1024 park
Dec 31 19:00:22 vader-rover kernel: [    2.492584] ehci-omap ehci-omap.0: reset command 0080b02  park=3 ithresh=8 period=1024 Reset HALT
Dec 31 19:00:22 vader-rover kernel: [    2.492614] ehci-omap ehci-omap.0: OMAP-EHCI Host Controller
Dec 31 19:00:22 vader-rover kernel: [    2.498870] ehci-omap ehci-omap.0: new USB bus registered, assigned bus number 1
Dec 31 19:00:22 vader-rover kernel: [    2.506744] ehci-omap ehci-omap.0: park 0
Dec 31 19:00:22 vader-rover kernel: [    2.506805] ehci-omap ehci-omap.0: irq 77, io mem 0x48064800
Dec 31 19:00:22 vader-rover kernel: [    2.512786] ehci-omap ehci-omap.0: init command 0010005 (park)=0 ithresh=1 period=512 RUN
Dec 31 19:00:22 vader-rover kernel: [    2.523834] ehci-omap ehci-omap.0: USB 2.0 started, EHCI 1.00
Dec 31 19:00:22 vader-rover kernel: [    2.530029] usb usb1: default language 0x0409
Dec 31 19:00:22 vader-rover kernel: [    2.530059] usb usb1: udev 1, busnum 1, minor = 0
Dec 31 19:00:22 vader-rover kernel: [    2.530059] usb usb1: New USB device found, idVendor=1d6b, idProduct=0002
Dec 31 19:00:22 vader-rover kernel: [    2.537231] usb usb1: New USB device strings: Mfr=3, Product=2, SerialNumber=1
Dec 31 19:00:22 vader-rover kernel: [    2.544860] usb usb1: Product: OMAP-EHCI Host Controller
Dec 31 19:00:22 vader-rover kernel: [    2.550445] usb usb1: Manufacturer: Linux 3.5.0-2-linaro-omap ehci_hcd
Dec 31 19:00:22 vader-rover kernel: [    2.557312] usb usb1: SerialNumber: ehci-omap.0
Dec 31 19:00:22 vader-rover kernel: [    2.562561] usb usb1: usb_probe_device
Dec 31 19:00:22 vader-rover kernel: [    2.562591] usb usb1: configuration #1 chosen from 1 choice
Dec 31 19:00:22 vader-rover kernel: [    2.562622] usb usb1: adding 1-0:1.0 (config #1, interface 0)
Dec 31 19:00:22 vader-rover kernel: [    2.562774] hub 1-0:1.0: usb_probe_interface
Dec 31 19:00:22 vader-rover kernel: [    2.562774] hub 1-0:1.0: usb_probe_interface - got id
Dec 31 19:00:22 vader-rover kernel: [    2.562805] hub 1-0:1.0: USB hub found
Dec 31 19:00:22 vader-rover kernel: [    2.566802] hub 1-0:1.0: 3 ports detected
Dec 31 19:00:22 vader-rover kernel: [    2.571044] hub 1-0:1.0: standalone hub
Dec 31 19:00:22 vader-rover kernel: [    2.571044] hub 1-0:1.0: individual port power switching
Dec 31 19:00:22 vader-rover kernel: [    2.571075] hub 1-0:1.0: individual port over-current protection
Dec 31 19:00:22 vader-rover kernel: [    2.571075] hub 1-0:1.0: power on to power good time: 20ms
Dec 31 19:00:22 vader-rover kernel: [    2.571105] hub 1-0:1.0: local power source is good
Dec 31 19:00:22 vader-rover kernel: [    2.571136] hub 1-0:1.0: enabling power on all ports
Dec 31 19:00:22 vader-rover kernel: [    2.571411] ehci-omap ehci-omap.0: ...powerup ports...
Dec 31 19:00:22 vader-rover kernel: [    2.602111] Initializing USB Mass Storage driver...
Dec 31 19:00:22 vader-rover kernel: [    2.607421] usbcore: registered new interface driver usb-storage
Dec 31 19:00:22 vader-rover kernel: [    2.613769] USB Mass Storage support registered.
Dec 31 19:00:22 vader-rover kernel: [    2.618621] musb-hdrc: version 6.0, ?dma?, otg (peripheral+host)
Dec 31 19:00:22 vader-rover kernel: [    2.630615] twl4030_usb twl4030_usb: twl4030_phy_resume
Dec 31 19:00:22 vader-rover kernel: [    2.630859] musb-hdrc: ConfigData=0xde (UTMI-8, dyn FIFOs, bulk combine, bulk split, HB-ISO Rx, HB-ISO Tx, SoftConn)
Dec 31 19:00:22 vader-rover kernel: [    2.630889] musb-hdrc: MHDRC RTL version 1.800 
Dec 31 19:00:22 vader-rover kernel: [    2.630889] musb-hdrc: setup fifo_mode 4
Dec 31 19:00:22 vader-rover kernel: [    2.630920] musb-hdrc: 28/31 max ep, 16384/16384 memory
Dec 31 19:00:22 vader-rover kernel: [    2.631347] musb-hdrc musb-hdrc: USB OTG mode controller at fa0ab000 using DMA, IRQ 92
Dec 31 19:00:22 vader-rover kernel: [    2.641601] twl4030_usb twl4030_usb: twl4030_phy_suspend
Dec 31 19:00:22 vader-rover kernel: [    2.642089] mousedev: PS/2 mouse device common for all mice
Dec 31 19:00:22 vader-rover kernel: [    2.648498] twl_rtc twl_rtc: Power up reset detected.
Dec 31 19:00:22 vader-rover kernel: [    2.654022] twl_rtc twl_rtc: Enabling TWL-RTC
Dec 31 19:00:22 vader-rover kernel: [    2.661193] twl_rtc twl_rtc: rtc core: registered twl_rtc as rtc0
Dec 31 19:00:22 vader-rover kernel: [    2.668212] i2c /dev entries driver
Dec 31 19:00:22 vader-rover kernel: [    2.672332] ehci-omap ehci-omap.0: GetStatus port:2 status 001803 0  ACK POWER sig=j CSC CONNECT
Dec 31 19:00:22 vader-rover kernel: [    2.672332] hub 1-0:1.0: port 2: status 0501 change 0001
Dec 31 19:00:22 vader-rover kernel: [    2.673492] voltdm_scale: No voltage scale API registered for vdd_mpu_iva
Dec 31 19:00:22 vader-rover kernel: [    2.680633] platform mpu.0: omap_target: unable to scale voltage up.
Dec 31 19:00:22 vader-rover kernel: [    2.687286] cpuidle: using governor ladder
Dec 31 19:00:22 vader-rover kernel: [    2.691589] cpuidle: using governor menu
Dec 31 19:00:22 vader-rover kernel: [    2.696228] omap_hsmmc omap_hsmmc.0: Failed to get debounce clk
Dec 31 19:00:22 vader-rover kernel: [    2.773864] hub 1-0:1.0: state 7 ports 3 chg 0004 evt 0000
Dec 31 19:00:22 vader-rover kernel: [    2.773925] hub 1-0:1.0: port 2, status 0501, change 0000, 480 Mb/s
Dec 31 19:00:22 vader-rover kernel: [    2.836364] ehci-omap ehci-omap.0: port 2 reset complete, port enabled
Dec 31 19:00:22 vader-rover kernel: [    2.836395] ehci-omap ehci-omap.0: GetStatus port:2 status 001005 0  ACK POWER sig=se0 PE CONNECT
Dec 31 19:00:22 vader-rover kernel: [    2.898834] usb 1-2: new high-speed USB device number 2 using ehci-omap
Dec 31 19:00:22 vader-rover kernel: [    2.961364] ehci-omap ehci-omap.0: port 2 reset complete, port enabled
Dec 31 19:00:22 vader-rover kernel: [    2.961395] ehci-omap ehci-omap.0: GetStatus port:2 status 001005 0  ACK POWER sig=se0 PE CONNECT
Dec 31 19:00:22 vader-rover kernel: [    3.055816] usb 1-2: udev 2, busnum 1, minor = 1
Dec 31 19:00:22 vader-rover kernel: [    3.055847] usb 1-2: New USB device found, idVendor=0409, idProduct=005a
Dec 31 19:00:22 vader-rover kernel: [    3.062927] usb 1-2: New USB device strings: Mfr=0, Product=0, SerialNumber=0
Dec 31 19:00:22 vader-rover kernel: [    3.070861] usb 1-2: usb_probe_device
Dec 31 19:00:22 vader-rover kernel: [    3.070861] usb 1-2: configuration #1 chosen from 1 choice
Dec 31 19:00:22 vader-rover kernel: [    3.071105] usb 1-2: adding 1-2:1.0 (config #1, interface 0)
Dec 31 19:00:22 vader-rover kernel: [    3.071258] hub 1-2:1.0: usb_probe_interface
Dec 31 19:00:22 vader-rover kernel: [    3.071258] hub 1-2:1.0: usb_probe_interface - got id
Dec 31 19:00:22 vader-rover kernel: [    3.071289] hub 1-2:1.0: USB hub found
Dec 31 19:00:22 vader-rover kernel: [    3.075439] hub 1-2:1.0: 4 ports detected
Dec 31 19:00:22 vader-rover kernel: [    3.080230] omap_hsmmc omap_hsmmc.1: Failed to get debounce clk
Dec 31 19:00:22 vader-rover kernel: [    3.086578] hub 1-2:1.0: standalone hub
Dec 31 19:00:22 vader-rover kernel: [    3.086578] hub 1-2:1.0: individual port power switching
Dec 31 19:00:22 vader-rover kernel: [    3.086578] hub 1-2:1.0: individual port over-current protection
Dec 31 19:00:22 vader-rover kernel: [    3.086608] hub 1-2:1.0: Single TT
Dec 31 19:00:22 vader-rover kernel: [    3.086608] hub 1-2:1.0: TT requires at most 16 FS bit times (1332 ns)
Dec 31 19:00:22 vader-rover kernel: [    3.086639] hub 1-2:1.0: power on to power good time: 100ms
Dec 31 19:00:22 vader-rover kernel: [    3.086914] hub 1-2:1.0: local power source is good
Dec 31 19:00:22 vader-rover kernel: [    3.086944] hub 1-2:1.0: enabling power on all ports
Dec 31 19:00:22 vader-rover kernel: [    3.133697] Registered led device: overo:red:gpio21
Dec 31 19:00:22 vader-rover kernel: [    3.133819] Registered led device: overo:blue:gpio22
Dec 31 19:00:22 vader-rover kernel: [    3.134460] Registered led device: overo:blue:COM
Dec 31 19:00:22 vader-rover kernel: [    3.135925] usbcore: registered new interface driver usbhid
Dec 31 19:00:22 vader-rover kernel: [    3.141937] usbhid: USB HID core driver
Dec 31 19:00:22 vader-rover kernel: [    3.147003] usbcore: registered new interface driver snd-usb-audio
Dec 31 19:00:22 vader-rover kernel: [    3.154754] overo SoC init
Dec 31 19:00:22 vader-rover kernel: [    3.157806] soc-audio soc-audio: ASoC machine overo should use snd_soc_register_card()
Dec 31 19:00:22 vader-rover kernel: [    3.188171] hub 1-2:1.0: port 2: status 0101 change 0001
Dec 31 19:00:22 vader-rover kernel: [    3.188537] hub 1-2:1.0: port 3: status 0101 change 0001
Dec 31 19:00:22 vader-rover kernel: [    3.188812] hub 1-2:1.0: port 4: status 0101 change 0001
Dec 31 19:00:22 vader-rover kernel: [    3.248016] twl4030-codec twl4030-codec: ASoC: Failed to create Capture debugfs file
Dec 31 19:00:22 vader-rover kernel: [    3.259704] asoc: twl4030-hifi <-> omap-mcbsp.2 mapping ok
Dec 31 19:00:22 vader-rover kernel: [    3.269256] oprofile: hardware counters not available
Dec 31 19:00:22 vader-rover kernel: [    3.274627] oprofile: using timer interrupt.
Dec 31 19:00:22 vader-rover kernel: [    3.279510] TCP: cubic registered
Dec 31 19:00:22 vader-rover kernel: [    3.283172] NET: Registered protocol family 17
Dec 31 19:00:22 vader-rover kernel: [    3.288085] NET: Registered protocol family 15
Dec 31 19:00:22 vader-rover kernel: [    3.292907] usb 1-2: link qh256-0001/de6c7ac0 start 1 [1/0 us]
Dec 31 19:00:22 vader-rover kernel: [    3.292968] hub 1-2:1.0: state 7 ports 4 chg 001c evt 0000
Dec 31 19:00:22 vader-rover kernel: [    3.293182] Key type dns_resolver registered
Dec 31 19:00:22 vader-rover kernel: [    3.297790] hub 1-2:1.0: port 2, status 0101, change 0000, 12 Mb/s
Dec 31 19:00:22 vader-rover kernel: [    3.298095] VFP support v0.3: implementor 41 architecture 3 part 30 variant c rev 3
Dec 31 19:00:22 vader-rover kernel: [    3.310638] ThumbEE CPU extension supported.
Dec 31 19:00:22 vader-rover kernel: [    3.315399] sr_init: No PMIC hook to init smartreflex
Dec 31 19:00:22 vader-rover kernel: [    3.321350] smartreflex smartreflex.0: omap_sr_probe: SmartReflex driver initialized
Dec 31 19:00:22 vader-rover kernel: [    3.329711] smartreflex smartreflex.1: omap_sr_probe: SmartReflex driver initialized
Dec 31 19:00:22 vader-rover kernel: [    3.344970] clock: disabling unused clocks to save power
Dec 31 19:00:22 vader-rover kernel: [    3.351470] registered taskstats version 1
Dec 31 19:00:22 vader-rover kernel: [    3.356658] fbcvt: 1024x768@60: CVT Name - .786M3-R
Dec 31 19:00:22 vader-rover kernel: [    3.381195] Console: switching to colour frame buffer device 128x48
Dec 31 19:00:22 vader-rover kernel: [    3.383453] usb 1-2.2: new high-speed USB device number 3 using ehci-omap
Dec 31 19:00:22 vader-rover kernel: [    3.406951] VDAC: incomplete constraints, leaving on
Dec 31 19:00:22 vader-rover kernel: [    3.414672] twl_rtc twl_rtc: setting system clock to 2000-01-01 00:00:12 UTC (946684812)
Dec 31 19:00:22 vader-rover kernel: [    3.423614] ALSA device list:
Dec 31 19:00:22 vader-rover kernel: [    3.426940]   #0: overo
Dec 31 19:00:22 vader-rover kernel: [    3.430328] Freeing init memory: 220K
Dec 31 19:00:22 vader-rover kernel: [    3.505615] usb 1-2.2: default language 0x0409
Dec 31 19:00:22 vader-rover kernel: [    3.514526] usb 1-2.2: udev 3, busnum 1, minor = 2
Dec 31 19:00:22 vader-rover kernel: [    3.514556] usb 1-2.2: New USB device found, idVendor=1e10, idProduct=2004
Dec 31 19:00:22 vader-rover kernel: [    3.530395] usb 1-2.2: New USB device strings: Mfr=1, Product=2, SerialNumber=3
Dec 31 19:00:22 vader-rover kernel: [    3.545349] usb 1-2.2: Product: USB 2.0 Digital Imaging Camera
Dec 31 19:00:22 vader-rover kernel: [    3.557250] usb 1-2.2: Manufacturer: Point Grey Research
Dec 31 19:00:22 vader-rover kernel: [    3.568328] usb 1-2.2: SerialNumber: 00CAABB3
Dec 31 19:00:22 vader-rover kernel: [    3.579437] usb 1-2.2: usb_probe_device
Dec 31 19:00:22 vader-rover kernel: [    3.579467] usb 1-2.2: configuration #1 chosen from 1 choice
Dec 31 19:00:22 vader-rover kernel: [    3.579864] usb 1-2.2: adding 1-2.2:1.0 (config #1, interface 0)
Dec 31 19:00:22 vader-rover kernel: [    3.585388] hub 1-2:1.0: port 3, status 0101, change 0000, 12 Mb/s
Dec 31 19:00:22 vader-rover kernel: [    3.645996] mmc0: host does not support reading read-only switch. assuming write-enable.
Dec 31 19:00:22 vader-rover kernel: [    3.664855] usb 1-2.3: new high-speed USB device number 4 using ehci-omap
Dec 31 19:00:22 vader-rover kernel: [    3.706176] mmc0: new high speed SDXC card at address 59b4
Dec 31 19:00:22 vader-rover kernel: [    3.740997] mmcblk0: mmc0:59b4       59.6 GiB 
Dec 31 19:00:22 vader-rover kernel: [    3.763610]  mmcblk0: p1 p2
Dec 31 19:00:22 vader-rover kernel: [    3.825988] usb 1-2.3: default language 0x0409
Dec 31 19:00:22 vader-rover kernel: [    3.827575] mmc1: new SDIO card at address 0001
Dec 31 19:00:22 vader-rover kernel: [    3.836944] usb 1-2.3: udev 4, busnum 1, minor = 3
Dec 31 19:00:22 vader-rover kernel: [    3.836975] usb 1-2.3: New USB device found, idVendor=1e10, idProduct=2004
Dec 31 19:00:22 vader-rover kernel: [    3.875488] usb 1-2.3: New USB device strings: Mfr=1, Product=2, SerialNumber=3
Dec 31 19:00:22 vader-rover kernel: [    3.906738] usb 1-2.3: Product: USB 2.0 Digital Imaging Camera
Dec 31 19:00:22 vader-rover kernel: [    3.940887] usb 1-2.3: Manufacturer: Point Grey Research
Dec 31 19:00:22 vader-rover kernel: [    3.969299] usb 1-2.3: SerialNumber: 00BB1D77
Dec 31 19:00:22 vader-rover kernel: [    3.984649] usb 1-2.3: usb_probe_device
Dec 31 19:00:22 vader-rover kernel: [    3.984680] usb 1-2.3: configuration #1 chosen from 1 choice
Dec 31 19:00:22 vader-rover kernel: [    3.987091] usb 1-2.3: adding 1-2.3:1.0 (config #1, interface 0)
Dec 31 19:00:22 vader-rover kernel: [    3.987823] hub 1-2:1.0: port 4, status 0101, change 0000, 12 Mb/s
Dec 31 19:00:22 vader-rover kernel: [    4.070953] usb 1-2.4: new high-speed USB device number 5 using ehci-omap
Dec 31 19:00:22 vader-rover kernel: [    4.110107] hub 1-2:1.0: port 4 not reset yet, waiting 10ms
Dec 31 19:00:22 vader-rover kernel: [    4.227691] usb 1-2.4: udev 5, busnum 1, minor = 4
Dec 31 19:00:22 vader-rover kernel: [    4.227722] usb 1-2.4: New USB device found, idVendor=0409, idProduct=005a
Dec 31 19:00:22 vader-rover kernel: [    4.249481] usb 1-2.4: New USB device strings: Mfr=0, Product=0, SerialNumber=0
Dec 31 19:00:22 vader-rover kernel: [    4.275787] usb 1-2.4: usb_probe_device
Dec 31 19:00:22 vader-rover kernel: [    4.275817] usb 1-2.4: configuration #1 chosen from 1 choice
Dec 31 19:00:22 vader-rover kernel: [    4.277008] usb 1-2.4: adding 1-2.4:1.0 (config #1, interface 0)
Dec 31 19:00:22 vader-rover kernel: [    4.277191] hub 1-2.4:1.0: usb_probe_interface
Dec 31 19:00:22 vader-rover kernel: [    4.277191] hub 1-2.4:1.0: usb_probe_interface - got id
Dec 31 19:00:22 vader-rover kernel: [    4.277221] hub 1-2.4:1.0: USB hub found
Dec 31 19:00:22 vader-rover kernel: [    4.296051] hub 1-2.4:1.0: 4 ports detected
Dec 31 19:00:22 vader-rover kernel: [    4.316223] hub 1-2.4:1.0: standalone hub
Dec 31 19:00:22 vader-rover kernel: [    4.316253] hub 1-2.4:1.0: individual port power switching
Dec 31 19:00:22 vader-rover kernel: [    4.316284] hub 1-2.4:1.0: individual port over-current protection
Dec 31 19:00:22 vader-rover kernel: [    4.316284] hub 1-2.4:1.0: Single TT
Dec 31 19:00:22 vader-rover kernel: [    4.316314] hub 1-2.4:1.0: TT requires at most 16 FS bit times (1332 ns)
Dec 31 19:00:22 vader-rover kernel: [    4.316314] hub 1-2.4:1.0: power on to power good time: 100ms
Dec 31 19:00:22 vader-rover kernel: [    4.317199] hub 1-2.4:1.0: local power source is good
Dec 31 19:00:22 vader-rover kernel: [    4.317230] hub 1-2.4:1.0: enabling power on all ports
Dec 31 19:00:22 vader-rover kernel: [    4.319671] hub 1-2:1.0: state 7 ports 4 chg 0000 evt 0010
Dec 31 19:00:22 vader-rover kernel: [    4.415191] usb 1-2.4: link qh256-0001/de7adb40 start 2 [1/0 us]
Dec 31 19:00:22 vader-rover kernel: [    4.415283] hub 1-2.4:1.0: state 7 ports 4 chg 0000 evt 0000
Dec 31 19:00:22 vader-rover kernel: [    6.263244] end_request: I/O error, dev mtdblock0, sector 0
Dec 31 19:00:22 vader-rover kernel: [    6.272857] Buffer I/O error on device mtdblock0, logical block 0
Dec 31 19:00:22 vader-rover kernel: [    6.384613] end_request: I/O error, dev mtdblock0, sector 0
Dec 31 19:00:22 vader-rover kernel: [    6.394287] Buffer I/O error on device mtdblock0, logical block 0
Dec 31 19:00:22 vader-rover kernel: [    6.484893] end_request: I/O error, dev mtdblock0, sector 0
Dec 31 19:00:22 vader-rover kernel: [    6.494689] Buffer I/O error on device mtdblock0, logical block 0
Dec 31 19:00:22 vader-rover kernel: [    6.571990] end_request: I/O error, dev mtdblock0, sector 0
Dec 31 19:00:22 vader-rover kernel: [    6.581756] Buffer I/O error on device mtdblock0, logical block 0
Dec 31 19:00:22 vader-rover kernel: [    6.670135] end_request: I/O error, dev mtdblock0, sector 0
Dec 31 19:00:22 vader-rover kernel: [    6.679901] Buffer I/O error on device mtdblock0, logical block 0
Dec 31 19:00:22 vader-rover kernel: [    6.766693] end_request: I/O error, dev mtdblock0, sector 0
Dec 31 19:00:22 vader-rover kernel: [    6.776458] Buffer I/O error on device mtdblock0, logical block 0
Dec 31 19:00:22 vader-rover kernel: [    6.816131] end_request: I/O error, dev mtdblock0, sector 0
Dec 31 19:00:22 vader-rover kernel: [    6.825866] Buffer I/O error on device mtdblock0, logical block 0
Dec 31 19:00:22 vader-rover kernel: [    6.838623] end_request: I/O error, dev mtdblock0, sector 0
Dec 31 19:00:22 vader-rover kernel: [    6.848297] Buffer I/O error on device mtdblock0, logical block 0
Dec 31 19:00:22 vader-rover kernel: [    6.867797] end_request: I/O error, dev mtdblock0, sector 0
Dec 31 19:00:22 vader-rover kernel: [    6.877502] Buffer I/O error on device mtdblock0, logical block 0
Dec 31 19:00:22 vader-rover kernel: [    6.912933] end_request: I/O error, dev mtdblock0, sector 0
Dec 31 19:00:22 vader-rover kernel: [    6.922637] Buffer I/O error on device mtdblock0, logical block 0
Dec 31 19:00:22 vader-rover kernel: [    6.951354] end_request: I/O error, dev mtdblock0, sector 0
Dec 31 19:00:22 vader-rover kernel: [    6.982086] end_request: I/O error, dev mtdblock0, sector 0
Dec 31 19:00:22 vader-rover kernel: [    7.005920] end_request: I/O error, dev mtdblock0, sector 0
Dec 31 19:00:22 vader-rover kernel: [    7.015808] hub 1-2.4:1.0: hub_suspend
Dec 31 19:00:22 vader-rover kernel: [    7.015838] usb 1-2.4: unlink qh256-0001/de7adb40 start 2 [1/0 us]
Dec 31 19:00:22 vader-rover kernel: [    7.016357] usb 1-2.4: usb auto-suspend, wakeup 1
Dec 31 19:00:22 vader-rover kernel: [    7.030029] end_request: I/O error, dev mtdblock0, sector 0
Dec 31 19:00:22 vader-rover kernel: [    7.062377] end_request: I/O error, dev mtdblock0, sector 0
Dec 31 19:00:22 vader-rover kernel: [    7.094268] end_request: I/O error, dev mtdblock0, sector 0
Dec 31 19:00:22 vader-rover kernel: [    7.128662] end_request: I/O error, dev mtdblock0, sector 0
Dec 31 19:00:22 vader-rover kernel: [    7.150939] end_request: I/O error, dev mtdblock0, sector 8
Dec 31 19:00:22 vader-rover kernel: [    7.180297] end_request: I/O error, dev mtdblock0, sector 8
Dec 31 19:00:22 vader-rover kernel: [    7.203735] end_request: I/O error, dev mtdblock0, sector 8
Dec 31 19:00:22 vader-rover kernel: [    7.227172] end_request: I/O error, dev mtdblock0, sector 8
Dec 31 19:00:22 vader-rover kernel: [    7.253784] end_request: I/O error, dev mtdblock0, sector 24
Dec 31 19:00:22 vader-rover kernel: [    7.285156] end_request: I/O error, dev mtdblock0, sector 24
Dec 31 19:00:22 vader-rover kernel: [    7.307922] end_request: I/O error, dev mtdblock0, sector 24
Dec 31 19:00:22 vader-rover kernel: [    7.326599] ads7846 spi1.0: touchscreen, irq 210
Dec 31 19:00:22 vader-rover kernel: [    7.326873] ads7846 spi1.0: no device detected, test read result was 0x00000FFF
Dec 31 19:00:22 vader-rover kernel: [    7.336547] end_request: I/O error, dev mtdblock0, sector 24
Dec 31 19:00:22 vader-rover kernel: [    7.350250] Linux media interface: v0.10
Dec 31 19:00:22 vader-rover kernel: [    7.356384] end_request: I/O error, dev mtdblock0, sector 56
Dec 31 19:00:22 vader-rover kernel: [    7.382965] end_request: I/O error, dev mtdblock0, sector 56
Dec 31 19:00:22 vader-rover kernel: [    7.401489] end_request: I/O error, dev mtdblock0, sector 56
Dec 31 19:00:22 vader-rover kernel: [    7.429260] end_request: I/O error, dev mtdblock0, sector 56
Dec 31 19:00:22 vader-rover kernel: [    7.441589] Linux video capture interface: v2.00
Dec 31 19:00:22 vader-rover kernel: [    7.453613] end_request: I/O error, dev mtdblock0, sector 120
Dec 31 19:00:22 vader-rover kernel: [    7.480987] end_request: I/O error, dev mtdblock0, sector 120
Dec 31 19:00:22 vader-rover kernel: [    7.503204] end_request: I/O error, dev mtdblock0, sector 120
Dec 31 19:00:22 vader-rover kernel: [    7.529937] end_request: I/O error, dev mtdblock0, sector 120
Dec 31 19:00:22 vader-rover kernel: [    7.555572] end_request: I/O error, dev mtdblock0, sector 0
Dec 31 19:00:22 vader-rover kernel: [    7.583068] end_request: I/O error, dev mtdblock0, sector 0
Dec 31 19:00:22 vader-rover kernel: [    7.609222] end_request: I/O error, dev mtdblock0, sector 8
Dec 31 19:00:22 vader-rover kernel: [    7.618438] omap3isp omap3isp: Revision 15.0 found
Dec 31 19:00:22 vader-rover kernel: [    7.618560] omap-iommu omap-iommu.0: isp: version 1.1
Dec 31 19:00:22 vader-rover kernel: [    7.632720] end_request: I/O error, dev mtdblock0, sector 8
Dec 31 19:00:22 vader-rover kernel: [    7.661468] end_request: I/O error, dev mtdblock0, sector 24
Dec 31 19:00:22 vader-rover kernel: [    7.682678] end_request: I/O error, dev mtdblock0, sector 24
Dec 31 19:00:22 vader-rover kernel: [    7.711608] end_request: I/O error, dev mtdblock0, sector 56
Dec 31 19:00:22 vader-rover kernel: [    7.719970] lib80211: common routines for IEEE802.11 drivers
Dec 31 19:00:22 vader-rover kernel: [    7.720001] lib80211_crypt: registered algorithm 'NULL'
Dec 31 19:00:22 vader-rover kernel: [    7.734405] mt9v032 3-005c: Probing MT9V032 at address 0x5c
Dec 31 19:00:22 vader-rover kernel: [    7.734588] mt9v032 3-005c: MT9V032 power up failed
Dec 31 19:00:22 vader-rover kernel: [    7.742065] end_request: I/O error, dev mtdblock0, sector 56
Dec 31 19:00:22 vader-rover kernel: [    7.755859] end_request: I/O error, dev mtdblock0, sector 120
Dec 31 19:00:22 vader-rover kernel: [    7.782104] end_request: I/O error, dev mtdblock0, sector 120
Dec 31 19:00:22 vader-rover kernel: [    7.807006] end_request: I/O error, dev mtdblock0, sector 0
Dec 31 19:00:22 vader-rover kernel: [    7.825561] end_request: I/O error, dev mtdblock0, sector 0
Dec 31 19:00:22 vader-rover kernel: [    7.846832] isp_register_subdev_group: Unable to register subdev mt9v032
Dec 31 19:00:22 vader-rover kernel: [    7.856018] end_request: I/O error, dev mtdblock0, sector 0
Dec 31 19:00:22 vader-rover kernel: [    7.867858] end_request: I/O error, dev mtdblock0, sector 0
Dec 31 19:00:22 vader-rover kernel: [    7.886352] end_request: I/O error, dev mtdblock0, sector 0
Dec 31 19:00:22 vader-rover kernel: [    7.910614] end_request: I/O error, dev mtdblock0, sector 0
Dec 31 19:00:22 vader-rover kernel: [    7.936828] end_request: I/O error, dev mtdblock0, sector 64
Dec 31 19:00:22 vader-rover kernel: [    7.954498] end_request: I/O error, dev mtdblock0, sector 64
Dec 31 19:00:22 vader-rover kernel: [    7.967559] cfg80211: Calling CRDA to update world regulatory domain
Dec 31 19:00:22 vader-rover kernel: [    7.984619] end_request: I/O error, dev mtdblock0, sector 64
Dec 31 19:00:22 vader-rover kernel: [    8.000579] end_request: I/O error, dev mtdblock0, sector 64
Dec 31 19:00:22 vader-rover kernel: [    8.026885] end_request: I/O error, dev mtdblock0, sector 64
Dec 31 19:00:22 vader-rover kernel: [    8.049255] end_request: I/O error, dev mtdblock0, sector 64
Dec 31 19:00:22 vader-rover kernel: [    8.068969] end_request: I/O error, dev mtdblock0, sector 64
Dec 31 19:00:22 vader-rover kernel: [    8.082702] libertas_sdio: Libertas SDIO driver
Dec 31 19:00:22 vader-rover kernel: [    8.082733] libertas_sdio: Copyright Pierre Ossman
Dec 31 19:00:22 vader-rover kernel: [    8.090148] end_request: I/O error, dev mtdblock0, sector 64
Dec 31 19:00:22 vader-rover kernel: [    8.109283] end_request: I/O error, dev mtdblock0, sector 64
Dec 31 19:00:22 vader-rover kernel: [    8.136352] end_request: I/O error, dev mtdblock0, sector 0
Dec 31 19:00:22 vader-rover kernel: [    8.158447] end_request: I/O error, dev mtdblock0, sector 0
Dec 31 19:00:22 vader-rover kernel: [    8.174346] end_request: I/O error, dev mtdblock0, sector 0
Dec 31 19:00:22 vader-rover kernel: [    8.196014] end_request: I/O error, dev mtdblock0, sector 0
Dec 31 19:00:22 vader-rover kernel: [    8.210754] end_request: I/O error, dev mtdblock0, sector 0
Dec 31 19:00:22 vader-rover kernel: [    8.227203] end_request: I/O error, dev mtdblock0, sector 16
Dec 31 19:00:22 vader-rover kernel: [    8.242706] end_request: I/O error, dev mtdblock0, sector 0
Dec 31 19:00:22 vader-rover kernel: [    8.262512] end_request: I/O error, dev mtdblock0, sector 0
Dec 31 19:00:22 vader-rover kernel: [    8.281860] end_request: I/O error, dev mtdblock0, sector 0
Dec 31 19:00:22 vader-rover kernel: [    8.297454] end_request: I/O error, dev mtdblock0, sector 0
Dec 31 19:00:22 vader-rover kernel: [    8.311370] end_request: I/O error, dev mtdblock0, sector 0
Dec 31 19:00:22 vader-rover kernel: [    8.327819] end_request: I/O error, dev mtdblock0, sector 0
Dec 31 19:00:22 vader-rover kernel: [    8.357116] end_request: I/O error, dev mtdblock0, sector 0
Dec 31 19:00:22 vader-rover kernel: [    8.391204] end_request: I/O error, dev mtdblock0, sector 0
Dec 31 19:00:22 vader-rover kernel: [    8.438079] end_request: I/O error, dev mtdblock0, sector 0
Dec 31 19:00:22 vader-rover kernel: [    8.472442] end_request: I/O error, dev mtdblock0, sector 0
Dec 31 19:00:22 vader-rover kernel: [    8.508239] end_request: I/O error, dev mtdblock0, sector 0
Dec 31 19:00:22 vader-rover kernel: [    8.534759] end_request: I/O error, dev mtdblock0, sector 0
Dec 31 19:00:22 vader-rover kernel: [    8.556091] end_request: I/O error, dev mtdblock0, sector 0
Dec 31 19:00:22 vader-rover kernel: [    8.576568] end_request: I/O error, dev mtdblock0, sector 0
Dec 31 19:00:22 vader-rover kernel: [    8.598358] end_request: I/O error, dev mtdblock0, sector 0
Dec 31 19:00:22 vader-rover kernel: [    8.621643] end_request: I/O error, dev mtdblock0, sector 0
Dec 31 19:00:22 vader-rover kernel: [    8.640167] end_request: I/O error, dev mtdblock0, sector 0
Dec 31 19:00:22 vader-rover kernel: [    8.656341] end_request: I/O error, dev mtdblock0, sector 0
Dec 31 19:00:22 vader-rover kernel: [    8.679443] end_request: I/O error, dev mtdblock0, sector 8
Dec 31 19:00:22 vader-rover kernel: [    8.696533] end_request: I/O error, dev mtdblock0, sector 0
Dec 31 19:00:22 vader-rover kernel: [    8.719360] end_request: I/O error, dev mtdblock0, sector 0
Dec 31 19:00:22 vader-rover kernel: [    8.734985] end_request: I/O error, dev mtdblock0, sector 0
Dec 31 19:00:22 vader-rover kernel: [    8.745178] end_request: I/O error, dev mtdblock0, sector 0
Dec 31 19:00:22 vader-rover kernel: [    9.108306] end_request: I/O error, dev mtdblock0, sector 0
Dec 31 19:00:22 vader-rover kernel: [    9.126739] end_request: I/O error, dev mtdblock0, sector 0
Dec 31 19:00:22 vader-rover kernel: [    9.148284] end_request: I/O error, dev mtdblock0, sector 0
Dec 31 19:00:22 vader-rover kernel: [    9.171356] end_request: I/O error, dev mtdblock0, sector 0
Dec 31 19:00:22 vader-rover kernel: [    9.195922] end_request: I/O error, dev mtdblock0, sector 0
Dec 31 19:00:22 vader-rover kernel: [    9.211517] end_request: I/O error, dev mtdblock0, sector 0
Dec 31 19:00:22 vader-rover kernel: [    9.219268] end_request: I/O error, dev mtdblock0, sector 0
Dec 31 19:00:22 vader-rover kernel: [    9.236724] end_request: I/O error, dev mtdblock0, sector 0
Dec 31 19:00:22 vader-rover kernel: [    9.261260] end_request: I/O error, dev mtdblock0, sector 0
Dec 31 19:00:22 vader-rover kernel: [    9.281829] end_request: I/O error, dev mtdblock0, sector 0
Dec 31 19:00:22 vader-rover kernel: [    9.298217] end_request: I/O error, dev mtdblock0, sector 0
Dec 31 19:00:22 vader-rover kernel: [    9.315216] end_request: I/O error, dev mtdblock0, sector 0
Dec 31 19:00:22 vader-rover kernel: [    9.334716] end_request: I/O error, dev mtdblock0, sector 0
Dec 31 19:00:22 vader-rover kernel: [    9.352172] end_request: I/O error, dev mtdblock0, sector 0
Dec 31 19:00:22 vader-rover kernel: [    9.367065] end_request: I/O error, dev mtdblock0, sector 0
Dec 31 19:00:22 vader-rover kernel: [    9.380676] end_request: I/O error, dev mtdblock0, sector 0
Dec 31 19:00:22 vader-rover kernel: [    9.391204] end_request: I/O error, dev mtdblock0, sector 0
Dec 31 19:00:22 vader-rover kernel: [    9.406829] end_request: I/O error, dev mtdblock0, sector 8
Dec 31 19:00:22 vader-rover kernel: [    9.422485] end_request: I/O error, dev mtdblock0, sector 8
Dec 31 19:00:22 vader-rover kernel: [    9.437591] end_request: I/O error, dev mtdblock0, sector 8
Dec 31 19:00:22 vader-rover kernel: [    9.453918] end_request: I/O error, dev mtdblock0, sector 8
Dec 31 19:00:22 vader-rover kernel: [    9.469360] end_request: I/O error, dev mtdblock0, sector 24
Dec 31 19:00:22 vader-rover kernel: [    9.482910] end_request: I/O error, dev mtdblock0, sector 24
Dec 31 19:00:22 vader-rover kernel: [    9.497436] end_request: I/O error, dev mtdblock0, sector 24
Dec 31 19:00:22 vader-rover kernel: [    9.514068] end_request: I/O error, dev mtdblock0, sector 24
Dec 31 19:00:22 vader-rover kernel: [    9.531524] end_request: I/O error, dev mtdblock0, sector 56
Dec 31 19:00:22 vader-rover kernel: [    9.547637] end_request: I/O error, dev mtdblock0, sector 56
Dec 31 19:00:22 vader-rover kernel: [    9.563140] end_request: I/O error, dev mtdblock0, sector 56
Dec 31 19:00:22 vader-rover kernel: [    9.578704] end_request: I/O error, dev mtdblock0, sector 56
Dec 31 19:00:22 vader-rover kernel: [    9.596862] end_request: I/O error, dev mtdblock0, sector 120
Dec 31 19:00:22 vader-rover kernel: [    9.613555] end_request: I/O error, dev mtdblock0, sector 120
Dec 31 19:00:22 vader-rover kernel: [    9.629119] end_request: I/O error, dev mtdblock0, sector 120
Dec 31 19:00:22 vader-rover kernel: [    9.645812] end_request: I/O error, dev mtdblock0, sector 120
Dec 31 19:00:22 vader-rover kernel: [    9.659698] end_request: I/O error, dev mtdblock0, sector 0
Dec 31 19:00:22 vader-rover kernel: [    9.674987] end_request: I/O error, dev mtdblock0, sector 0
Dec 31 19:00:22 vader-rover kernel: [    9.695983] end_request: I/O error, dev mtdblock0, sector 8
Dec 31 19:00:22 vader-rover kernel: [    9.703674] end_request: I/O error, dev mtdblock0, sector 8
Dec 31 19:00:22 vader-rover kernel: [    9.719360] end_request: I/O error, dev mtdblock0, sector 24
Dec 31 19:00:22 vader-rover kernel: [    9.735198] end_request: I/O error, dev mtdblock0, sector 24
Dec 31 19:00:22 vader-rover kernel: [    9.746429] end_request: I/O error, dev mtdblock0, sector 56
Dec 31 19:00:22 vader-rover kernel: [    9.766235] end_request: I/O error, dev mtdblock0, sector 56
Dec 31 19:00:22 vader-rover kernel: [    9.779571] end_request: I/O error, dev mtdblock0, sector 120
Dec 31 19:00:22 vader-rover kernel: [    9.793701] end_request: I/O error, dev mtdblock0, sector 120
Dec 31 19:00:22 vader-rover kernel: [    9.813140] end_request: I/O error, dev mtdblock0, sector 0
Dec 31 19:00:22 vader-rover kernel: [    9.826507] end_request: I/O error, dev mtdblock0, sector 0
Dec 31 19:00:22 vader-rover kernel: [    9.837768] end_request: I/O error, dev mtdblock0, sector 0
Dec 31 19:00:22 vader-rover kernel: [    9.852203] end_request: I/O error, dev mtdblock0, sector 0
Dec 31 19:00:22 vader-rover kernel: [    9.868469] end_request: I/O error, dev mtdblock0, sector 0
Dec 31 19:00:22 vader-rover kernel: [    9.882812] end_request: I/O error, dev mtdblock0, sector 0
Dec 31 19:00:22 vader-rover kernel: [    9.897613] end_request: I/O error, dev mtdblock0, sector 64
Dec 31 19:00:22 vader-rover kernel: [    9.914672] end_request: I/O error, dev mtdblock0, sector 64
Dec 31 19:00:22 vader-rover kernel: [    9.930328] end_request: I/O error, dev mtdblock0, sector 64
Dec 31 19:00:22 vader-rover kernel: [    9.945922] end_request: I/O error, dev mtdblock0, sector 64
Dec 31 19:00:22 vader-rover kernel: [    9.961547] end_request: I/O error, dev mtdblock0, sector 64
Dec 31 19:00:22 vader-rover kernel: [    9.970184] end_request: I/O error, dev mtdblock0, sector 64
Dec 31 19:00:22 vader-rover kernel: [    9.991088] end_request: I/O error, dev mtdblock0, sector 64
Dec 31 19:00:22 vader-rover kernel: [   10.008514] end_request: I/O error, dev mtdblock0, sector 64
Dec 31 19:00:22 vader-rover kernel: [   10.023651] end_request: I/O error, dev mtdblock0, sector 64
Dec 31 19:00:22 vader-rover kernel: [   10.041534] end_request: I/O error, dev mtdblock0, sector 0
Dec 31 19:00:22 vader-rover kernel: [   10.055267] end_request: I/O error, dev mtdblock0, sector 0
Dec 31 19:00:22 vader-rover kernel: [   10.074401] end_request: I/O error, dev mtdblock0, sector 0
Dec 31 19:00:22 vader-rover kernel: [   10.091857] end_request: I/O error, dev mtdblock0, sector 0
Dec 31 19:00:22 vader-rover kernel: [   10.106170] end_request: I/O error, dev mtdblock0, sector 0
Dec 31 19:00:22 vader-rover kernel: [   10.120483] end_request: I/O error, dev mtdblock0, sector 16
Dec 31 19:00:22 vader-rover kernel: [   10.142639] end_request: I/O error, dev mtdblock0, sector 0
Dec 31 19:00:22 vader-rover kernel: [   10.159912] end_request: I/O error, dev mtdblock0, sector 0
Dec 31 19:00:22 vader-rover kernel: [   10.178466] end_request: I/O error, dev mtdblock0, sector 0
Dec 31 19:00:22 vader-rover kernel: [   10.196533] end_request: I/O error, dev mtdblock0, sector 0
Dec 31 19:00:22 vader-rover kernel: [   10.213043] end_request: I/O error, dev mtdblock0, sector 0
Dec 31 19:00:22 vader-rover kernel: [   10.227203] end_request: I/O error, dev mtdblock0, sector 0
Dec 31 19:00:22 vader-rover kernel: [   10.242797] end_request: I/O error, dev mtdblock0, sector 0
Dec 31 19:00:22 vader-rover kernel: [   10.257141] end_request: I/O error, dev mtdblock0, sector 0
Dec 31 19:00:22 vader-rover kernel: [   10.272094] end_request: I/O error, dev mtdblock0, sector 0
Dec 31 19:00:22 vader-rover kernel: [   10.286163] end_request: I/O error, dev mtdblock0, sector 0
Dec 31 19:00:22 vader-rover kernel: [   10.300689] end_request: I/O error, dev mtdblock0, sector 0
Dec 31 19:00:22 vader-rover kernel: [   10.315032] end_request: I/O error, dev mtdblock0, sector 0
Dec 31 19:00:22 vader-rover kernel: [   10.334930] end_request: I/O error, dev mtdblock0, sector 0
Dec 31 19:00:22 vader-rover kernel: [   10.347869] end_request: I/O error, dev mtdblock0, sector 0
Dec 31 19:00:22 vader-rover kernel: [   10.362274] end_request: I/O error, dev mtdblock0, sector 0
Dec 31 19:00:22 vader-rover kernel: [   10.375610] end_request: I/O error, dev mtdblock0, sector 0
Dec 31 19:00:22 vader-rover kernel: [   10.391387] end_request: I/O error, dev mtdblock0, sector 0
Dec 31 19:00:22 vader-rover kernel: [   10.412017] end_request: I/O error, dev mtdblock0, sector 0
Dec 31 19:00:22 vader-rover kernel: [   10.423126] end_request: I/O error, dev mtdblock0, sector 8
Dec 31 19:00:22 vader-rover kernel: [   10.444702] end_request: I/O error, dev mtdblock0, sector 0
Dec 31 19:00:22 vader-rover kernel: [   10.459411] end_request: I/O error, dev mtdblock0, sector 0
Dec 31 19:00:22 vader-rover kernel: [   10.480133] end_request: I/O error, dev mtdblock0, sector 0
Dec 31 19:00:22 vader-rover kernel: [   10.500518] end_request: I/O error, dev mtdblock0, sector 0
Dec 31 19:00:22 vader-rover kernel: [   12.027221] NET: Registered protocol family 10
Dec 31 19:00:22 vader-rover avahi-daemon[507]: Found user 'avahi' (UID 107) and group 'avahi' (GID 112).
Dec 31 19:00:22 vader-rover avahi-daemon[507]: Successfully dropped root privileges.
Dec 31 19:00:22 vader-rover avahi-daemon[507]: avahi-daemon 0.6.30 starting up.
Dec 31 19:00:22 vader-rover avahi-daemon[507]: Successfully called chroot().
Dec 31 19:00:22 vader-rover avahi-daemon[507]: Successfully dropped remaining capabilities.
Dec 31 19:00:22 vader-rover avahi-daemon[507]: Loading service file /services/udisks.service.
Dec 31 19:00:22 vader-rover avahi-daemon[507]: Network interface enumeration completed.
Dec 31 19:00:22 vader-rover avahi-daemon[507]: Registering HINFO record with values 'ARMV7L'/'LINUX'.
Dec 31 19:00:22 vader-rover avahi-daemon[507]: Server startup complete. Host name is vader-rover.local. Local service cookie is 4026254064.
Dec 31 19:00:22 vader-rover avahi-daemon[507]: Service "vader-rover" (/services/udisks.service) successfully established.
Dec 31 19:00:22 vader-rover kernel: [   13.820251] cfg80211: World regulatory domain updated:
Dec 31 19:00:22 vader-rover kernel: [   13.820281] cfg80211:   (start_freq - end_freq @ bandwidth), (max_antenna_gain, max_eirp)
Dec 31 19:00:22 vader-rover kernel: [   13.820281] cfg80211:   (2402000 KHz - 2472000 KHz @ 40000 KHz), (300 mBi, 2000 mBm)
Dec 31 19:00:22 vader-rover kernel: [   13.820281] cfg80211:   (2457000 KHz - 2482000 KHz @ 20000 KHz), (300 mBi, 2000 mBm)
Dec 31 19:00:22 vader-rover kernel: [   13.820312] cfg80211:   (2474000 KHz - 2494000 KHz @ 20000 KHz), (300 mBi, 2000 mBm)
Dec 31 19:00:22 vader-rover kernel: [   13.820312] cfg80211:   (5170000 KHz - 5250000 KHz @ 40000 KHz), (300 mBi, 2000 mBm)
Dec 31 19:00:22 vader-rover kernel: [   13.820312] cfg80211:   (5735000 KHz - 5835000 KHz @ 40000 KHz), (300 mBi, 2000 mBm)
Dec 31 19:00:23 vader-rover kernel: [   14.487365] libertas_sdio mmc1:0001:1: (unregistered net_device): 00:19:88:45:0b:0a, fw 9.70.3p36, cap 0x00000303
Dec 31 19:00:23 vader-rover kernel: [   14.495117] libertas_sdio mmc1:0001:1: wlan0: Marvell WLAN 802.11 adapter
Dec 31 19:00:23 vader-rover kernel: [   14.495544] cfg80211: Calling CRDA for country: US
Dec 31 19:00:23 vader-rover kernel: [   14.779998] cfg80211: Regulatory domain changed to country: US
Dec 31 19:00:23 vader-rover kernel: [   14.779998] cfg80211:   (start_freq - end_freq @ bandwidth), (max_antenna_gain, max_eirp)
Dec 31 19:00:23 vader-rover kernel: [   14.780029] cfg80211:   (2402000 KHz - 2472000 KHz @ 40000 KHz), (300 mBi, 2700 mBm)
Dec 31 19:00:23 vader-rover kernel: [   14.780029] cfg80211:   (5170000 KHz - 5250000 KHz @ 40000 KHz), (300 mBi, 1700 mBm)
Dec 31 19:00:23 vader-rover kernel: [   14.780059] cfg80211:   (5250000 KHz - 5330000 KHz @ 40000 KHz), (300 mBi, 2000 mBm)
Dec 31 19:00:23 vader-rover kernel: [   14.780059] cfg80211:   (5490000 KHz - 5600000 KHz @ 40000 KHz), (300 mBi, 2000 mBm)
Dec 31 19:00:23 vader-rover kernel: [   14.780059] cfg80211:   (5650000 KHz - 5710000 KHz @ 40000 KHz), (300 mBi, 2000 mBm)
Dec 31 19:00:23 vader-rover kernel: [   14.780090] cfg80211:   (5735000 KHz - 5835000 KHz @ 40000 KHz), (300 mBi, 3000 mBm)
Dec 31 19:00:24 vader-rover kernel: [   15.625488] IPv6: ADDRCONF(NETDEV_UP): wlan0: link is not ready
Dec 31 19:00:24 vader-rover kernel: [   15.625701] IPv6: ADDRCONF(NETDEV_CHANGE): wlan0: link becomes ready
Dec 31 19:00:24 vader-rover dhclient: DHCPREQUEST of 192.168.2.7 on wlan0 to 255.255.255.255 port 67
Dec 31 19:00:24 vader-rover dhclient: DHCPACK of 192.168.2.7 from 192.168.2.1
Dec 31 19:00:24 vader-rover avahi-daemon[507]: Joining mDNS multicast group on interface wlan0.IPv4 with address 192.168.2.7.
Dec 31 19:00:24 vader-rover avahi-daemon[507]: New relevant interface wlan0.IPv4 for mDNS.
Dec 31 19:00:24 vader-rover avahi-daemon[507]: Registering new address record for 192.168.2.7 on wlan0.IPv4.
Dec 31 19:00:25 vader-rover dhclient: bound to 192.168.2.7 -- renewal in 126909171 seconds.
Dec 31 19:00:26 vader-rover avahi-daemon[507]: Joining mDNS multicast group on interface wlan0.IPv6 with address 2002:802e:d6bc:1234:219:88ff:fe45:b0a.
Dec 31 19:00:26 vader-rover avahi-daemon[507]: New relevant interface wlan0.IPv6 for mDNS.
Dec 31 19:00:26 vader-rover avahi-daemon[507]: Registering new address record for 2002:802e:d6bc:1234:219:88ff:fe45:b0a on wlan0.*.
Dec 31 19:00:27 vader-rover anacron[737]: Anacron 2.3 started on 1999-12-31
Dec 31 19:00:27 vader-rover cron[713]: (CRON) INFO (pidfile fd = 3)
Dec 31 19:00:27 vader-rover anacron[737]: Normal exit (0 jobs run)
Dec 31 19:00:27 vader-rover cron[741]: (CRON) STARTUP (fork ok)
Dec 31 19:00:27 vader-rover cron[741]: (CRON) INFO (Running @reboot jobs)
Dec 31 19:00:27 vader-rover dbus[481]: [system] Activating service name='org.freedesktop.ConsoleKit' (using servicehelper)
Dec 31 19:00:28 vader-rover kernel: [   19.007659] GPIO Event Monitor 0.1 Compiled: Jan 13 2014 at 15:50:49
Dec 31 19:00:28 vader-rover kernel: [   19.204711] pwm: frequency=50 Hz servo=1 servo_min = 10000 servo_max = 20000
Dec 31 19:00:28 vader-rover dbus[481]: [system] Activating service name='org.freedesktop.PolicyKit1' (using servicehelper)
Dec 31 19:00:28 vader-rover noip2[852]: v2.1.9 daemon started with NAT enabled
Dec 31 19:00:28 vader-rover noip2[852]: vader-rover.no-ip.biz was already set to 128.46.214.188.
Dec 31 19:00:28 vader-rover ntpd[871]: ntpd 4.2.6p3@1.2290 Tue Mar  6 15:10:33 UTC 2012 (1)
Dec 31 19:00:28 vader-rover ntpd[872]: proto: precision = 30.517 usec
Dec 31 19:00:28 vader-rover ntpd[872]: ntp_io: estimated max descriptors: 1024, initial socket boundary: 16
Dec 31 19:00:28 vader-rover polkitd[853]: started daemon version 0.104 using authority implementation `local' version `0.104'
Dec 31 19:00:28 vader-rover ntpd[872]: unable to bind to wildcard address 0.0.0.0 - another process may be running - EXITING
Dec 31 19:00:28 vader-rover dbus[481]: [system] Successfully activated service 'org.freedesktop.PolicyKit1'
Dec 31 19:00:28 vader-rover dbus[481]: [system] Successfully activated service 'org.freedesktop.ConsoleKit'
Apr 28 18:08:58 vader-rover ntpdate[679]: step time server 2607:f058:20::c offset 446943849.606899 sec
Apr 28 18:08:58 vader-rover ntpd[987]: ntpd 4.2.6p3@1.2290 Tue Mar  6 15:10:33 UTC 2012 (1)
Apr 28 18:08:58 vader-rover ntpd[988]: proto: precision = 30.517 usec
Apr 28 18:08:58 vader-rover ntpd[988]: ntp_io: estimated max descriptors: 1024, initial socket boundary: 16
Apr 28 18:08:58 vader-rover ntpd[988]: Listen and drop on 0 v4wildcard 0.0.0.0 UDP 123
Apr 28 18:08:58 vader-rover ntpd[988]: Listen and drop on 1 v6wildcard :: UDP 123
Apr 28 18:08:58 vader-rover ntpd[988]: Listen normally on 2 lo 127.0.0.1 UDP 123
Apr 28 18:08:58 vader-rover ntpd[988]: Listen normally on 3 wlan0 192.168.2.7 UDP 123
Apr 28 18:08:58 vader-rover ntpd[988]: Listen normally on 4 wlan0 2002:802e:d6bc:1234:219:88ff:fe45:b0a UDP 123
Apr 28 18:08:58 vader-rover ntpd[988]: Listen normally on 5 wlan0 fe80::219:88ff:fe45:b0a UDP 123
Apr 28 18:08:58 vader-rover ntpd[988]: Listen normally on 6 lo ::1 UDP 123
Apr 28 18:08:58 vader-rover ntpd[988]: peers refreshed
Apr 28 18:08:58 vader-rover ntpd[988]: Listening on routing socket on fd #23 for interface updates
Apr 28 18:08:59 vader-rover saned[993]: saned (AF-indep+IPv6) from sane-backends 1.0.22 starting up
Apr 28 18:08:59 vader-rover saned[993]: do_bindings: [0] bind failed: Address already in use
Apr 28 18:08:59 vader-rover saned[994]: Now daemonized
Apr 28 18:08:59 vader-rover saned[994]: Dropped privileges to uid 110 gid 116
Apr 28 18:12:34 vader-rover kernel: Kernel logging (proc) stopped.
Apr 28 18:12:34 vader-rover rsyslogd: [origin software="rsyslogd" swVersion="5.8.6" x-pid="484" x-info="http://www.rsyslog.com"] exiting on signal 15.
Dec 31 19:00:22 vader-rover kernel: imklog 5.8.6, log source = /proc/kmsg started.
Dec 31 19:00:22 vader-rover rsyslogd: [origin software="rsyslogd" swVersion="5.8.6" x-pid="496" x-info="http://www.rsyslog.com"] start
Dec 31 19:00:22 vader-rover rsyslogd: rsyslogd's groupid changed to 103
Dec 31 19:00:22 vader-rover rsyslogd: rsyslogd's userid changed to 101
Dec 31 19:00:22 vader-rover rsyslogd-2039: Could not open output pipe '/dev/xconsole' [try http://www.rsyslog.com/e/2039 ]
Dec 31 19:00:22 vader-rover kernel: [    0.000000] Booting Linux on physical CPU 0
Dec 31 19:00:22 vader-rover kernel: [    0.000000] Initializing cgroup subsys cpuset
Dec 31 19:00:22 vader-rover kernel: [    0.000000] Initializing cgroup subsys cpu
Dec 31 19:00:22 vader-rover kernel: [    0.000000] Linux version 3.5.0-2-linaro-omap (adam@pine) (gcc version 4.6.3 (Ubuntu/Linaro 4.6.3-1ubuntu5) ) #2~ci+121210190143 PREEMPT Mon Dec 10 11:03:27 PST 2012
Dec 31 19:00:22 vader-rover kernel: [    0.000000] CPU: ARMv7 Processor [413fc082] revision 2 (ARMv7), cr=10c53c7d
Dec 31 19:00:22 vader-rover kernel: [    0.000000] CPU: PIPT / VIPT nonaliasing data cache, VIPT aliasing instruction cache
Dec 31 19:00:22 vader-rover kernel: [    0.000000] Machine: Gumstix Overo
Dec 31 19:00:22 vader-rover kernel: [    0.000000] Reserving 12582912 bytes SDRAM for VRAM
Dec 31 19:00:22 vader-rover kernel: [    0.000000] Memory policy: ECC disabled, Data cache writeback
Dec 31 19:00:22 vader-rover kernel: [    0.000000] On node 0 totalpages: 127744
Dec 31 19:00:22 vader-rover kernel: [    0.000000] free_area_init_node: node 0, pgdat c070b85c, node_mem_map c07a7000
Dec 31 19:00:22 vader-rover kernel: [    0.000000]   Normal zone: 1024 pages used for memmap
Dec 31 19:00:22 vader-rover kernel: [    0.000000]   Normal zone: 0 pages reserved
Dec 31 19:00:22 vader-rover kernel: [    0.000000]   Normal zone: 126720 pages, LIFO batch:31
Dec 31 19:00:22 vader-rover kernel: [    0.000000] OMAP3630 ES1.2 (l2cache iva sgx neon isp 192mhz_clk )
Dec 31 19:00:22 vader-rover kernel: [    0.000000] Clocking rate (Crystal/Core/MPU): 26.0/332/600 MHz
Dec 31 19:00:22 vader-rover kernel: [    0.000000] pcpu-alloc: s0 r0 d32768 u32768 alloc=1*32768
Dec 31 19:00:22 vader-rover kernel: [    0.000000] pcpu-alloc: [0] 0 
Dec 31 19:00:22 vader-rover kernel: [    0.000000] Built 1 zonelists in Zone order, mobility grouping on.  Total pages: 126720
Dec 31 19:00:22 vader-rover kernel: [    0.000000] Kernel command line: console=tty0 console=ttyO2,115200n8 root=/dev/mmcblk0p2 rootwait ro earlyprintk mpurate=720 vram=12M omapdss.def_disp=dvi omapfb.mode=dvi:1024x768MR-16@60
Dec 31 19:00:22 vader-rover kernel: [    0.000000] PID hash table entries: 2048 (order: 1, 8192 bytes)
Dec 31 19:00:22 vader-rover kernel: [    0.000000] Dentry cache hash table entries: 65536 (order: 6, 262144 bytes)
Dec 31 19:00:22 vader-rover kernel: [    0.000000] Inode-cache hash table entries: 32768 (order: 5, 131072 bytes)
Dec 31 19:00:22 vader-rover kernel: [    0.000000] allocated 1048576 bytes of page_cgroup
Dec 31 19:00:22 vader-rover kernel: [    0.000000] please try 'cgroup_disable=memory' option if you don't want memory cgroups
Dec 31 19:00:22 vader-rover kernel: [    0.000000] Memory: 499MB = 499MB total
Dec 31 19:00:22 vader-rover kernel: [    0.000000] Memory: 495744k/495744k available, 28544k reserved, 0K highmem
Dec 31 19:00:22 vader-rover kernel: [    0.000000] Virtual kernel memory layout:
Dec 31 19:00:22 vader-rover kernel: [    0.000000]     vector  : 0xffff0000 - 0xffff1000   (   4 kB)
Dec 31 19:00:22 vader-rover kernel: [    0.000000]     fixmap  : 0xfff00000 - 0xfffe0000   ( 896 kB)
Dec 31 19:00:22 vader-rover kernel: [    0.000000]     vmalloc : 0xe0800000 - 0xff000000   ( 488 MB)
Dec 31 19:00:22 vader-rover kernel: [    0.000000]     lowmem  : 0xc0000000 - 0xe0000000   ( 512 MB)
Dec 31 19:00:22 vader-rover kernel: [    0.000000]     pkmap   : 0xbfe00000 - 0xc0000000   (   2 MB)
Dec 31 19:00:22 vader-rover kernel: [    0.000000]     modules : 0xbf000000 - 0xbfe00000   (  14 MB)
Dec 31 19:00:22 vader-rover kernel: [    0.000000]       .text : 0xc0008000 - 0xc067abfc   (6603 kB)
Dec 31 19:00:22 vader-rover kernel: [    0.000000]       .init : 0xc067b000 - 0xc06b2000   ( 220 kB)
Dec 31 19:00:22 vader-rover kernel: [    0.000000]       .data : 0xc06b2000 - 0xc071b268   ( 421 kB)
Dec 31 19:00:22 vader-rover kernel: [    0.000000]        .bss : 0xc071b28c - 0xc07a6020   ( 556 kB)
Dec 31 19:00:22 vader-rover kernel: [    0.000000] NR_IRQS:474
Dec 31 19:00:22 vader-rover kernel: [    0.000000] IRQ: Found an INTC at 0xfa200000 (revision 4.0) with 96 interrupts
Dec 31 19:00:22 vader-rover kernel: [    0.000000] Total of 96 interrupts on 1 active controller
Dec 31 19:00:22 vader-rover kernel: [    0.000000] OMAP clockevent source: GPTIMER1 at 32768 Hz
Dec 31 19:00:22 vader-rover kernel: [    0.000000] sched_clock: 32 bits at 32kHz, resolution 30517ns, wraps every 131071999ms
Dec 31 19:00:22 vader-rover kernel: [    0.000000] OMAP clocksource: 32k_counter at 32768 Hz
Dec 31 19:00:22 vader-rover kernel: [    0.000000] Console: colour dummy device 80x30
Dec 31 19:00:22 vader-rover kernel: [    0.000000] console [tty0] enabled
Dec 31 19:00:22 vader-rover kernel: [    0.001007] Calibrating delay loop... 597.64 BogoMIPS (lpj=2334720)
Dec 31 19:00:22 vader-rover kernel: [    0.039093] pid_max: default: 32768 minimum: 301
Dec 31 19:00:22 vader-rover kernel: [    0.039306] Security Framework initialized
Dec 31 19:00:22 vader-rover kernel: [    0.039428] Mount-cache hash table entries: 512
Dec 31 19:00:22 vader-rover kernel: [    0.040222] Initializing cgroup subsys debug
Dec 31 19:00:22 vader-rover kernel: [    0.040283] Initializing cgroup subsys cpuacct
Dec 31 19:00:22 vader-rover kernel: [    0.040283] Initializing cgroup subsys memory
Dec 31 19:00:22 vader-rover kernel: [    0.040374] Initializing cgroup subsys devices
Dec 31 19:00:22 vader-rover kernel: [    0.040405] Initializing cgroup subsys freezer
Dec 31 19:00:22 vader-rover kernel: [    0.040405] Initializing cgroup subsys perf_event
Dec 31 19:00:22 vader-rover kernel: [    0.040557] CPU: Testing write buffer coherency: ok
Dec 31 19:00:22 vader-rover kernel: [    0.040893] Setting up static identity map for 0x8046ea98 - 0x8046eaf0
Dec 31 19:00:22 vader-rover kernel: [    0.046020] devtmpfs: initialized
Dec 31 19:00:22 vader-rover kernel: [    0.050872] dummy: 
Dec 31 19:00:22 vader-rover kernel: [    0.051269] NET: Registered protocol family 16
Dec 31 19:00:22 vader-rover kernel: [    0.051727] GPMC revision 5.0
Dec 31 19:00:22 vader-rover kernel: [    0.051788] gpmc: irq-20 could not claim: err -22
Dec 31 19:00:22 vader-rover kernel: [    0.053466] gpiochip_add: registered GPIOs 0 to 31 on device: gpio
Dec 31 19:00:22 vader-rover kernel: [    0.053558] OMAP GPIO hardware version 2.5
Dec 31 19:00:22 vader-rover kernel: [    0.053833] gpiochip_add: registered GPIOs 32 to 63 on device: gpio
Dec 31 19:00:22 vader-rover kernel: [    0.054107] gpiochip_add: registered GPIOs 64 to 95 on device: gpio
Dec 31 19:00:22 vader-rover kernel: [    0.054382] gpiochip_add: registered GPIOs 96 to 127 on device: gpio
Dec 31 19:00:22 vader-rover kernel: [    0.054656] gpiochip_add: registered GPIOs 128 to 159 on device: gpio
Dec 31 19:00:22 vader-rover kernel: [    0.055084] gpiochip_add: registered GPIOs 160 to 191 on device: gpio
Dec 31 19:00:22 vader-rover kernel: [    0.056030] omap_mux_init: Add partition: #1: core, flags: 0
Dec 31 19:00:22 vader-rover kernel: [    0.061035] _omap_mux_get_by_name: Could not find signal uart4_rx.uart4_rx
Dec 31 19:00:22 vader-rover kernel: [    0.066894] Reprogramming SDRC clock to 332000000 Hz
Dec 31 19:00:22 vader-rover kernel: [    0.066925] dpll3_m2_clk rate change failed: -22
Dec 31 19:00:22 vader-rover kernel: [    0.066955] Found NAND on CS0
Dec 31 19:00:22 vader-rover kernel: [    0.066986] Registering NAND on CS0
Dec 31 19:00:22 vader-rover kernel: [    0.068176]  usbhs_omap: alias fck already exists
Dec 31 19:00:22 vader-rover kernel: [    0.075714] hw-breakpoint: debug architecture 0x4 unsupported.
Dec 31 19:00:22 vader-rover kernel: [    0.078765]  omap-mcbsp.2: alias fck already exists
Dec 31 19:00:22 vader-rover kernel: [    0.078979]  omap-mcbsp.3: alias fck already exists
Dec 31 19:00:22 vader-rover kernel: [    0.080078] Switched to new clocking rate (Crystal/Core/MPU): 26.0/332/720 MHz
Dec 31 19:00:22 vader-rover kernel: [    0.080291] OMAP DMA hardware revision 5.0
Dec 31 19:00:22 vader-rover kernel: [    0.087310] bio: create slab <bio-0> at 0
Dec 31 19:00:22 vader-rover kernel: [    0.088012] fixed-dummy: 
Dec 31 19:00:22 vader-rover kernel: [    0.088134] reg-fixed-voltage reg-fixed-voltage.0: fixed-dummy supplying 0uV
Dec 31 19:00:22 vader-rover kernel: [    0.088287] vads7846: override min_uV, 1 -> 3300000
Dec 31 19:00:22 vader-rover kernel: [    0.088317] vads7846: override max_uV, 2147483647 -> 3300000
Dec 31 19:00:22 vader-rover kernel: [    0.088317] vads7846: 3300 mV 
Dec 31 19:00:22 vader-rover kernel: [    0.088439] reg-fixed-voltage reg-fixed-voltage.1: vads7846 supplying 3300000uV
Dec 31 19:00:22 vader-rover kernel: [    0.089050] SCSI subsystem initialized
Dec 31 19:00:22 vader-rover kernel: [    0.089324] usbcore: registered new interface driver usbfs
Dec 31 19:00:22 vader-rover kernel: [    0.089477] usbcore: registered new interface driver hub
Dec 31 19:00:22 vader-rover kernel: [    0.089691] usbcore: registered new device driver usb
Dec 31 19:00:22 vader-rover kernel: [    0.090118] omap_i2c omap_i2c.1: bus 1 rev1.4.0 at 2600 kHz
Dec 31 19:00:22 vader-rover kernel: [    0.092681] twl 1-0048: PIH (irq 7) chaining IRQs 320..328
Dec 31 19:00:22 vader-rover kernel: [    0.092803] twl 1-0048: power (irq 325) chaining IRQs 328..335
Dec 31 19:00:22 vader-rover kernel: [    0.093383] twl4030_gpio twl4030_gpio: gpio (irq 320) chaining IRQs 336..353
Dec 31 19:00:22 vader-rover kernel: [    0.093719] gpiochip_add: registered GPIOs 192 to 211 on device: twl4030
Dec 31 19:00:22 vader-rover kernel: [    0.094451] VUSB1V5: override min_uV, 1 -> 1500000
Dec 31 19:00:22 vader-rover kernel: [    0.094451] VUSB1V5: override max_uV, 2147483647 -> 1500000
Dec 31 19:00:22 vader-rover kernel: [    0.094482] VUSB1V5: 1500 mV normal standby
Dec 31 19:00:22 vader-rover kernel: [    0.094940] VUSB1V8: override min_uV, 1 -> 1800000
Dec 31 19:00:22 vader-rover kernel: [    0.094940] VUSB1V8: override max_uV, 2147483647 -> 1800000
Dec 31 19:00:22 vader-rover kernel: [    0.094970] VUSB1V8: 1800 mV normal standby
Dec 31 19:00:22 vader-rover kernel: [    0.095367] VUSB3V1: override min_uV, 1 -> 3100000
Dec 31 19:00:22 vader-rover kernel: [    0.095367] VUSB3V1: override max_uV, 2147483647 -> 3100000
Dec 31 19:00:22 vader-rover kernel: [    0.095367] VUSB3V1: 3100 mV normal standby
Dec 31 19:00:22 vader-rover kernel: [    0.096832] twl4030_usb twl4030_usb: HW_CONDITIONS 0x10/16; link 0
Dec 31 19:00:22 vader-rover kernel: [    0.097045] twl4030_usb twl4030_usb: Initialized TWL4030 USB module
Dec 31 19:00:22 vader-rover kernel: [    0.097534] vdd_mpu_iva: 600 <--> 1450 mV normal 
Dec 31 19:00:22 vader-rover kernel: [    0.097930] vdd_core: 600 <--> 1450 mV normal 
Dec 31 19:00:22 vader-rover kernel: [    0.098419] VMMC1: 1850 <--> 3150 mV at 3000 mV normal standby
Dec 31 19:00:22 vader-rover kernel: [    0.098937] VDAC: 1800 mV normal standby
Dec 31 19:00:22 vader-rover kernel: [    0.099426] VDVI: 1800 mV normal standby
Dec 31 19:00:22 vader-rover kernel: [    0.099884] omap_i2c omap_i2c.3: bus 3 rev1.4.0 at 400 kHz
Dec 31 19:00:22 vader-rover kernel: [    0.100616] omap-iommu omap-iommu.0: isp registered
Dec 31 19:00:22 vader-rover kernel: [    0.100830] Advanced Linux Sound Architecture Driver Version 1.0.25.
Dec 31 19:00:22 vader-rover kernel: [    0.101715] Switching to clocksource 32k_counter
Dec 31 19:00:22 vader-rover kernel: [    0.126220] usbhs_omap usbhs_omap: xclk60mhsp2_ck set parentfailed error:-22
Dec 31 19:00:22 vader-rover kernel: [    0.127014] NET: Registered protocol family 2
Dec 31 19:00:22 vader-rover kernel: [    0.127319] IP route cache hash table entries: 4096 (order: 2, 16384 bytes)
Dec 31 19:00:22 vader-rover kernel: [    0.127838] TCP established hash table entries: 16384 (order: 5, 131072 bytes)
Dec 31 19:00:22 vader-rover kernel: [    0.128173] TCP bind hash table entries: 16384 (order: 4, 65536 bytes)
Dec 31 19:00:22 vader-rover kernel: [    0.128356] TCP: Hash tables configured (established 16384 bind 16384)
Dec 31 19:00:22 vader-rover kernel: [    0.128387] TCP: reno registered
Dec 31 19:00:22 vader-rover kernel: [    0.128387] UDP hash table entries: 256 (order: 0, 4096 bytes)
Dec 31 19:00:22 vader-rover kernel: [    0.128448] UDP-Lite hash table entries: 256 (order: 0, 4096 bytes)
Dec 31 19:00:22 vader-rover kernel: [    0.128753] NET: Registered protocol family 1
Dec 31 19:00:22 vader-rover kernel: [    0.129272] RPC: Registered named UNIX socket transport module.
Dec 31 19:00:22 vader-rover kernel: [    0.129302] RPC: Registered udp transport module.
Dec 31 19:00:22 vader-rover kernel: [    0.129333] RPC: Registered tcp transport module.
Dec 31 19:00:22 vader-rover kernel: [    0.129333] RPC: Registered tcp NFSv4.1 backchannel transport module.
Dec 31 19:00:22 vader-rover kernel: [    0.129608] Trying to unpack rootfs image as initramfs...
Dec 31 19:00:22 vader-rover kernel: [    0.279083] Freeing initrd memory: 1828K
Dec 31 19:00:22 vader-rover kernel: [    0.281402] audit: initializing netlink socket (disabled)
Dec 31 19:00:22 vader-rover kernel: [    0.281494] type=2000 audit(0.273:1): initialized
Dec 31 19:00:22 vader-rover kernel: [    0.282958] VFS: Disk quotas dquot_6.5.2
Dec 31 19:00:22 vader-rover kernel: [    0.283050] Dquot-cache hash table entries: 1024 (order 0, 4096 bytes)
Dec 31 19:00:22 vader-rover kernel: [    0.283447] NFS: Registering the id_resolver key type
Dec 31 19:00:22 vader-rover kernel: [    0.283538] Key type id_resolver registered
Dec 31 19:00:22 vader-rover kernel: [    0.283966] jffs2: version 2.2. (NAND) (SUMMARY)  Â© 2001-2006 Red Hat, Inc.
Dec 31 19:00:22 vader-rover kernel: [    0.284637] fuse init (API version 7.19)
Dec 31 19:00:22 vader-rover kernel: [    0.285156] msgmni has been set to 971
Dec 31 19:00:22 vader-rover kernel: [    0.286804] Block layer SCSI generic (bsg) driver version 0.4 loaded (major 253)
Dec 31 19:00:22 vader-rover kernel: [    0.286865] io scheduler noop registered
Dec 31 19:00:22 vader-rover kernel: [    0.286865] io scheduler deadline registered (default)
Dec 31 19:00:22 vader-rover kernel: [    0.287628] OMAP DSS rev 2.0
Dec 31 19:00:22 vader-rover kernel: [    0.290802] omap_uart.0: ttyO0 at MMIO 0x4806a000 (irq = 72) is a OMAP UART0
Dec 31 19:00:22 vader-rover kernel: [    0.291259] omap_uart.1: ttyO1 at MMIO 0x4806c000 (irq = 73) is a OMAP UART1
Dec 31 19:00:22 vader-rover kernel: [    0.291687] omap_uart.2: ttyO2 at MMIO 0x49020000 (irq = 74) is a OMAP UART2
Dec 31 19:00:22 vader-rover kernel: [    0.992919] console [ttyO2] enabled
Dec 31 19:00:22 vader-rover kernel: [    0.996978] omap_uart.3: ttyO3 at MMIO 0x49042000 (irq = 80) is a OMAP UART3
Dec 31 19:00:22 vader-rover kernel: [    1.011901] brd: module loaded
Dec 31 19:00:22 vader-rover kernel: [    1.019012] loop: module loaded
Dec 31 19:00:22 vader-rover kernel: [    1.024322] twl4030_madc twl4030_madc: clk disabled, enabling
Dec 31 19:00:22 vader-rover kernel: [    1.032318] NAND device: Manufacturer ID: 0x2c, Chip ID: 0xbc (Micron NAND 512MiB 1,8V 16-bit), page size: 2048, OOB size: 64
Dec 31 19:00:22 vader-rover kernel: [    1.057159] Creating 5 MTD partitions on "omap2-nand.0":
Dec 31 19:00:22 vader-rover kernel: [    1.062896] 0x000000000000-0x000000080000 : "xloader"
Dec 31 19:00:22 vader-rover kernel: [    1.069702] 0x000000080000-0x000000240000 : "uboot"
Dec 31 19:00:22 vader-rover kernel: [    1.077087] 0x000000240000-0x000000280000 : "uboot environment"
Dec 31 19:00:22 vader-rover kernel: [    1.084472] 0x000000280000-0x000000680000 : "linux"
Dec 31 19:00:22 vader-rover kernel: [    1.093292] 0x000000680000-0x000020000000 : "rootfs"
Dec 31 19:00:22 vader-rover kernel: [    1.451873] smsc911x: Driver version 2008-10-21
Dec 31 19:00:22 vader-rover kernel: [    1.457122] smsc911x: Driver version 2008-10-21
Dec 31 19:00:22 vader-rover kernel: [    1.462310] usbcore: registered new interface driver asix
Dec 31 19:00:22 vader-rover kernel: [    1.468078] usbcore: registered new interface driver cdc_ether
Dec 31 19:00:22 vader-rover kernel: [    1.474334] usbcore: registered new interface driver cdc_ncm
Dec 31 19:00:22 vader-rover kernel: [    1.480621] ehci_hcd: USB 2.0 'Enhanced' Host Controller (EHCI) Driver
Dec 31 19:00:22 vader-rover kernel: [    1.487548] ehci_hcd: block sizes: qh 64 qtd 96 itd 160 sitd 96
Dec 31 19:00:22 vader-rover kernel: [    1.487670] ehci-omap ehci-omap.0: failed to get ehci port1 regulator
Dec 31 19:00:22 vader-rover kernel: [    2.492492] ehci-omap ehci-omap.0: phy reset operation timed out
Dec 31 19:00:22 vader-rover kernel: [    2.492523] ehci-omap ehci-omap.0: reset hcs_params 0x1313 dbg=0 cc=1 pcc=3 ordered ports=3
Dec 31 19:00:22 vader-rover kernel: [    2.492523] ehci-omap ehci-omap.0: reset hcc_params 0016 thresh 1 uframes 256/512/1024 park
Dec 31 19:00:22 vader-rover kernel: [    2.492553] ehci-omap ehci-omap.0: reset command 0080b02  park=3 ithresh=8 period=1024 Reset HALT
Dec 31 19:00:22 vader-rover kernel: [    2.492584] ehci-omap ehci-omap.0: OMAP-EHCI Host Controller
Dec 31 19:00:22 vader-rover kernel: [    2.498809] ehci-omap ehci-omap.0: new USB bus registered, assigned bus number 1
Dec 31 19:00:22 vader-rover kernel: [    2.506713] ehci-omap ehci-omap.0: park 0
Dec 31 19:00:22 vader-rover kernel: [    2.506774] ehci-omap ehci-omap.0: irq 77, io mem 0x48064800
Dec 31 19:00:22 vader-rover kernel: [    2.512756] ehci-omap ehci-omap.0: init command 0010005 (park)=0 ithresh=1 period=512 RUN
Dec 31 19:00:22 vader-rover kernel: [    2.523803] ehci-omap ehci-omap.0: USB 2.0 started, EHCI 1.00
Dec 31 19:00:22 vader-rover kernel: [    2.529968] usb usb1: default language 0x0409
Dec 31 19:00:22 vader-rover kernel: [    2.530029] usb usb1: udev 1, busnum 1, minor = 0
Dec 31 19:00:22 vader-rover kernel: [    2.530029] usb usb1: New USB device found, idVendor=1d6b, idProduct=0002
Dec 31 19:00:22 vader-rover kernel: [    2.537200] usb usb1: New USB device strings: Mfr=3, Product=2, SerialNumber=1
Dec 31 19:00:22 vader-rover kernel: [    2.544830] usb usb1: Product: OMAP-EHCI Host Controller
Dec 31 19:00:22 vader-rover kernel: [    2.550415] usb usb1: Manufacturer: Linux 3.5.0-2-linaro-omap ehci_hcd
Dec 31 19:00:22 vader-rover kernel: [    2.557312] usb usb1: SerialNumber: ehci-omap.0
Dec 31 19:00:22 vader-rover kernel: [    2.562530] usb usb1: usb_probe_device
Dec 31 19:00:22 vader-rover kernel: [    2.562561] usb usb1: configuration #1 chosen from 1 choice
Dec 31 19:00:22 vader-rover kernel: [    2.562591] usb usb1: adding 1-0:1.0 (config #1, interface 0)
Dec 31 19:00:22 vader-rover kernel: [    2.562744] hub 1-0:1.0: usb_probe_interface
Dec 31 19:00:22 vader-rover kernel: [    2.562774] hub 1-0:1.0: usb_probe_interface - got id
Dec 31 19:00:22 vader-rover kernel: [    2.562835] hub 1-0:1.0: USB hub found
Dec 31 19:00:22 vader-rover kernel: [    2.566802] hub 1-0:1.0: 3 ports detected
Dec 31 19:00:22 vader-rover kernel: [    2.571044] hub 1-0:1.0: standalone hub
Dec 31 19:00:22 vader-rover kernel: [    2.571044] hub 1-0:1.0: individual port power switching
Dec 31 19:00:22 vader-rover kernel: [    2.571044] hub 1-0:1.0: individual port over-current protection
Dec 31 19:00:22 vader-rover kernel: [    2.571075] hub 1-0:1.0: power on to power good time: 20ms
Dec 31 19:00:22 vader-rover kernel: [    2.571105] hub 1-0:1.0: local power source is good
Dec 31 19:00:22 vader-rover kernel: [    2.571105] hub 1-0:1.0: enabling power on all ports
Dec 31 19:00:22 vader-rover kernel: [    2.571411] ehci-omap ehci-omap.0: ...powerup ports...
Dec 31 19:00:22 vader-rover kernel: [    2.602081] Initializing USB Mass Storage driver...
Dec 31 19:00:22 vader-rover kernel: [    2.607391] usbcore: registered new interface driver usb-storage
Dec 31 19:00:22 vader-rover kernel: [    2.613708] USB Mass Storage support registered.
Dec 31 19:00:22 vader-rover kernel: [    2.618591] musb-hdrc: version 6.0, ?dma?, otg (peripheral+host)
Dec 31 19:00:22 vader-rover kernel: [    2.630584] twl4030_usb twl4030_usb: twl4030_phy_resume
Dec 31 19:00:22 vader-rover kernel: [    2.630828] musb-hdrc: ConfigData=0xde (UTMI-8, dyn FIFOs, bulk combine, bulk split, HB-ISO Rx, HB-ISO Tx, SoftConn)
Dec 31 19:00:22 vader-rover kernel: [    2.630859] musb-hdrc: MHDRC RTL version 1.800 
Dec 31 19:00:22 vader-rover kernel: [    2.630859] musb-hdrc: setup fifo_mode 4
Dec 31 19:00:22 vader-rover kernel: [    2.630889] musb-hdrc: 28/31 max ep, 16384/16384 memory
Dec 31 19:00:22 vader-rover kernel: [    2.631317] musb-hdrc musb-hdrc: USB OTG mode controller at fa0ab000 using DMA, IRQ 92
Dec 31 19:00:22 vader-rover kernel: [    2.641571] twl4030_usb twl4030_usb: twl4030_phy_suspend
Dec 31 19:00:22 vader-rover kernel: [    2.642028] mousedev: PS/2 mouse device common for all mice
Dec 31 19:00:22 vader-rover kernel: [    2.648468] twl_rtc twl_rtc: Power up reset detected.
Dec 31 19:00:22 vader-rover kernel: [    2.653991] twl_rtc twl_rtc: Enabling TWL-RTC
Dec 31 19:00:22 vader-rover kernel: [    2.661132] twl_rtc twl_rtc: rtc core: registered twl_rtc as rtc0
Dec 31 19:00:22 vader-rover kernel: [    2.668151] i2c /dev entries driver
Dec 31 19:00:22 vader-rover kernel: [    2.672271] ehci-omap ehci-omap.0: GetStatus port:2 status 001803 0  ACK POWER sig=j CSC CONNECT
Dec 31 19:00:22 vader-rover kernel: [    2.672302] hub 1-0:1.0: port 2: status 0501 change 0001
Dec 31 19:00:22 vader-rover kernel: [    2.673461] voltdm_scale: No voltage scale API registered for vdd_mpu_iva
Dec 31 19:00:22 vader-rover kernel: [    2.680603] platform mpu.0: omap_target: unable to scale voltage up.
Dec 31 19:00:22 vader-rover kernel: [    2.687286] cpuidle: using governor ladder
Dec 31 19:00:22 vader-rover kernel: [    2.691619] cpuidle: using governor menu
Dec 31 19:00:22 vader-rover kernel: [    2.696289] omap_hsmmc omap_hsmmc.0: Failed to get debounce clk
Dec 31 19:00:22 vader-rover kernel: [    2.773864] hub 1-0:1.0: state 7 ports 3 chg 0004 evt 0000
Dec 31 19:00:22 vader-rover kernel: [    2.773925] hub 1-0:1.0: port 2, status 0501, change 0000, 480 Mb/s
Dec 31 19:00:22 vader-rover kernel: [    2.836334] ehci-omap ehci-omap.0: port 2 reset complete, port enabled
Dec 31 19:00:22 vader-rover kernel: [    2.836364] ehci-omap ehci-omap.0: GetStatus port:2 status 001005 0  ACK POWER sig=se0 PE CONNECT
Dec 31 19:00:22 vader-rover kernel: [    2.898803] usb 1-2: new high-speed USB device number 2 using ehci-omap
Dec 31 19:00:22 vader-rover kernel: [    2.961334] ehci-omap ehci-omap.0: port 2 reset complete, port enabled
Dec 31 19:00:22 vader-rover kernel: [    2.961364] ehci-omap ehci-omap.0: GetStatus port:2 status 001005 0  ACK POWER sig=se0 PE CONNECT
Dec 31 19:00:22 vader-rover kernel: [    3.055786] usb 1-2: udev 2, busnum 1, minor = 1
Dec 31 19:00:22 vader-rover kernel: [    3.055816] usb 1-2: New USB device found, idVendor=0409, idProduct=005a
Dec 31 19:00:22 vader-rover kernel: [    3.062896] usb 1-2: New USB device strings: Mfr=0, Product=0, SerialNumber=0
Dec 31 19:00:22 vader-rover kernel: [    3.070800] usb 1-2: usb_probe_device
Dec 31 19:00:22 vader-rover kernel: [    3.070831] usb 1-2: configuration #1 chosen from 1 choice
Dec 31 19:00:22 vader-rover kernel: [    3.071075] usb 1-2: adding 1-2:1.0 (config #1, interface 0)
Dec 31 19:00:22 vader-rover kernel: [    3.071228] hub 1-2:1.0: usb_probe_interface
Dec 31 19:00:22 vader-rover kernel: [    3.071228] hub 1-2:1.0: usb_probe_interface - got id
Dec 31 19:00:22 vader-rover kernel: [    3.071258] hub 1-2:1.0: USB hub found
Dec 31 19:00:22 vader-rover kernel: [    3.075378] hub 1-2:1.0: 4 ports detected
Dec 31 19:00:22 vader-rover kernel: [    3.080169] omap_hsmmc omap_hsmmc.1: Failed to get debounce clk
Dec 31 19:00:22 vader-rover kernel: [    3.086517] hub 1-2:1.0: standalone hub
Dec 31 19:00:22 vader-rover kernel: [    3.086517] hub 1-2:1.0: individual port power switching
Dec 31 19:00:22 vader-rover kernel: [    3.086547] hub 1-2:1.0: individual port over-current protection
Dec 31 19:00:22 vader-rover kernel: [    3.086547] hub 1-2:1.0: Single TT
Dec 31 19:00:22 vader-rover kernel: [    3.086547] hub 1-2:1.0: TT requires at most 16 FS bit times (1332 ns)
Dec 31 19:00:22 vader-rover kernel: [    3.086578] hub 1-2:1.0: power on to power good time: 100ms
Dec 31 19:00:22 vader-rover kernel: [    3.086883] hub 1-2:1.0: local power source is good
Dec 31 19:00:22 vader-rover kernel: [    3.086914] hub 1-2:1.0: enabling power on all ports
Dec 31 19:00:22 vader-rover kernel: [    3.133666] Registered led device: overo:red:gpio21
Dec 31 19:00:22 vader-rover kernel: [    3.133789] Registered led device: overo:blue:gpio22
Dec 31 19:00:22 vader-rover kernel: [    3.134460] Registered led device: overo:blue:COM
Dec 31 19:00:22 vader-rover kernel: [    3.135894] usbcore: registered new interface driver usbhid
Dec 31 19:00:22 vader-rover kernel: [    3.141937] usbhid: USB HID core driver
Dec 31 19:00:22 vader-rover kernel: [    3.146972] usbcore: registered new interface driver snd-usb-audio
Dec 31 19:00:22 vader-rover kernel: [    3.154724] overo SoC init
Dec 31 19:00:22 vader-rover kernel: [    3.157806] soc-audio soc-audio: ASoC machine overo should use snd_soc_register_card()
Dec 31 19:00:22 vader-rover kernel: [    3.188140] hub 1-2:1.0: port 2: status 0101 change 0001
Dec 31 19:00:22 vader-rover kernel: [    3.188507] hub 1-2:1.0: port 3: status 0101 change 0001
Dec 31 19:00:22 vader-rover kernel: [    3.188751] hub 1-2:1.0: port 4: status 0101 change 0001
Dec 31 19:00:22 vader-rover kernel: [    3.247985] twl4030-codec twl4030-codec: ASoC: Failed to create Capture debugfs file
Dec 31 19:00:22 vader-rover kernel: [    3.259704] asoc: twl4030-hifi <-> omap-mcbsp.2 mapping ok
Dec 31 19:00:22 vader-rover kernel: [    3.269256] oprofile: hardware counters not available
Dec 31 19:00:22 vader-rover kernel: [    3.274627] oprofile: using timer interrupt.
Dec 31 19:00:22 vader-rover kernel: [    3.279541] TCP: cubic registered
Dec 31 19:00:22 vader-rover kernel: [    3.283203] NET: Registered protocol family 17
Dec 31 19:00:22 vader-rover kernel: [    3.288085] NET: Registered protocol family 15
Dec 31 19:00:22 vader-rover kernel: [    3.292938] usb 1-2: link qh256-0001/de6c7ac0 start 1 [1/0 us]
Dec 31 19:00:22 vader-rover kernel: [    3.292999] hub 1-2:1.0: state 7 ports 4 chg 001c evt 0000
Dec 31 19:00:22 vader-rover kernel: [    3.293212] Key type dns_resolver registered
Dec 31 19:00:22 vader-rover kernel: [    3.297821] hub 1-2:1.0: port 2, status 0101, change 0000, 12 Mb/s
Dec 31 19:00:22 vader-rover kernel: [    3.298126] VFP support v0.3: implementor 41 architecture 3 part 30 variant c rev 3
Dec 31 19:00:22 vader-rover kernel: [    3.310668] ThumbEE CPU extension supported.
Dec 31 19:00:22 vader-rover kernel: [    3.315399] sr_init: No PMIC hook to init smartreflex
Dec 31 19:00:22 vader-rover kernel: [    3.321350] smartreflex smartreflex.0: omap_sr_probe: SmartReflex driver initialized
Dec 31 19:00:22 vader-rover kernel: [    3.329711] smartreflex smartreflex.1: omap_sr_probe: SmartReflex driver initialized
Dec 31 19:00:22 vader-rover kernel: [    3.345001] clock: disabling unused clocks to save power
Dec 31 19:00:22 vader-rover kernel: [    3.351470] registered taskstats version 1
Dec 31 19:00:22 vader-rover kernel: [    3.356658] fbcvt: 1024x768@60: CVT Name - .786M3-R
Dec 31 19:00:22 vader-rover kernel: [    3.381164] Console: switching to colour frame buffer device 128x48
Dec 31 19:00:22 vader-rover kernel: [    3.383422] usb 1-2.2: new high-speed USB device number 3 using ehci-omap
Dec 31 19:00:22 vader-rover kernel: [    3.407073] VDAC: incomplete constraints, leaving on
Dec 31 19:00:22 vader-rover kernel: [    3.414855] twl_rtc twl_rtc: setting system clock to 2000-01-01 00:00:12 UTC (946684812)
Dec 31 19:00:22 vader-rover kernel: [    3.423797] ALSA device list:
Dec 31 19:00:22 vader-rover kernel: [    3.427093]   #0: overo
Dec 31 19:00:22 vader-rover kernel: [    3.430511] Freeing init memory: 220K
Dec 31 19:00:22 vader-rover kernel: [    3.505706] usb 1-2.2: default language 0x0409
Dec 31 19:00:22 vader-rover kernel: [    3.514617] usb 1-2.2: udev 3, busnum 1, minor = 2
Dec 31 19:00:22 vader-rover kernel: [    3.514648] usb 1-2.2: New USB device found, idVendor=1e10, idProduct=2004
Dec 31 19:00:22 vader-rover kernel: [    3.530548] usb 1-2.2: New USB device strings: Mfr=1, Product=2, SerialNumber=3
Dec 31 19:00:22 vader-rover kernel: [    3.545501] usb 1-2.2: Product: USB 2.0 Digital Imaging Camera
Dec 31 19:00:22 vader-rover kernel: [    3.557403] usb 1-2.2: Manufacturer: Point Grey Research
Dec 31 19:00:22 vader-rover kernel: [    3.568481] usb 1-2.2: SerialNumber: 00CAABB3
Dec 31 19:00:22 vader-rover kernel: [    3.578063] usb 1-2.2: usb_probe_device
Dec 31 19:00:22 vader-rover kernel: [    3.578063] usb 1-2.2: configuration #1 chosen from 1 choice
Dec 31 19:00:22 vader-rover kernel: [    3.579895] usb 1-2.2: adding 1-2.2:1.0 (config #1, interface 0)
Dec 31 19:00:22 vader-rover kernel: [    3.585632] hub 1-2:1.0: port 3, status 0101, change 0000, 12 Mb/s
Dec 31 19:00:22 vader-rover kernel: [    3.664947] usb 1-2.3: new high-speed USB device number 4 using ehci-omap
Dec 31 19:00:22 vader-rover kernel: [    3.683837] mmc0: host does not support reading read-only switch. assuming write-enable.
Dec 31 19:00:22 vader-rover kernel: [    3.716491] mmc0: new high speed SDXC card at address 59b4
Dec 31 19:00:22 vader-rover kernel: [    3.743927] mmcblk0: mmc0:59b4       59.6 GiB 
Dec 31 19:00:22 vader-rover kernel: [    3.769470]  mmcblk0: p1 p2
Dec 31 19:00:22 vader-rover kernel: [    3.825958] usb 1-2.3: default language 0x0409
Dec 31 19:00:22 vader-rover kernel: [    3.830566] mmc1: new SDIO card at address 0001
Dec 31 19:00:22 vader-rover kernel: [    3.839660] usb 1-2.3: udev 4, busnum 1, minor = 3
Dec 31 19:00:22 vader-rover kernel: [    3.839691] usb 1-2.3: New USB device found, idVendor=1e10, idProduct=2004
Dec 31 19:00:22 vader-rover kernel: [    3.883361] usb 1-2.3: New USB device strings: Mfr=1, Product=2, SerialNumber=3
Dec 31 19:00:22 vader-rover kernel: [    3.922363] usb 1-2.3: Product: USB 2.0 Digital Imaging Camera
Dec 31 19:00:22 vader-rover kernel: [    3.952331] usb 1-2.3: Manufacturer: Point Grey Research
Dec 31 19:00:22 vader-rover kernel: [    3.974487] usb 1-2.3: SerialNumber: 00BB1D77
Dec 31 19:00:22 vader-rover kernel: [    3.991729] usb 1-2.3: usb_probe_device
Dec 31 19:00:22 vader-rover kernel: [    3.991760] usb 1-2.3: configuration #1 chosen from 1 choice
Dec 31 19:00:22 vader-rover kernel: [    3.992675] usb 1-2.3: adding 1-2.3:1.0 (config #1, interface 0)
Dec 31 19:00:22 vader-rover kernel: [    3.995605] hub 1-2:1.0: port 4, status 0101, change 0000, 12 Mb/s
Dec 31 19:00:22 vader-rover kernel: [    4.078796] usb 1-2.4: new high-speed USB device number 5 using ehci-omap
Dec 31 19:00:22 vader-rover kernel: [    4.212036] usb 1-2.4: udev 5, busnum 1, minor = 4
Dec 31 19:00:22 vader-rover kernel: [    4.212066] usb 1-2.4: New USB device found, idVendor=0409, idProduct=005a
Dec 31 19:00:22 vader-rover kernel: [    4.233184] usb 1-2.4: New USB device strings: Mfr=0, Product=0, SerialNumber=0
Dec 31 19:00:22 vader-rover kernel: [    4.258758] usb 1-2.4: usb_probe_device
Dec 31 19:00:22 vader-rover kernel: [    4.258789] usb 1-2.4: configuration #1 chosen from 1 choice
Dec 31 19:00:22 vader-rover kernel: [    4.259155] usb 1-2.4: adding 1-2.4:1.0 (config #1, interface 0)
Dec 31 19:00:22 vader-rover kernel: [    4.259338] hub 1-2.4:1.0: usb_probe_interface
Dec 31 19:00:22 vader-rover kernel: [    4.259338] hub 1-2.4:1.0: usb_probe_interface - got id
Dec 31 19:00:22 vader-rover kernel: [    4.259368] hub 1-2.4:1.0: USB hub found
Dec 31 19:00:22 vader-rover kernel: [    4.281433] hub 1-2.4:1.0: 4 ports detected
Dec 31 19:00:22 vader-rover kernel: [    4.297363] hub 1-2.4:1.0: standalone hub
Dec 31 19:00:22 vader-rover kernel: [    4.297393] hub 1-2.4:1.0: individual port power switching
Dec 31 19:00:22 vader-rover kernel: [    4.297393] hub 1-2.4:1.0: individual port over-current protection
Dec 31 19:00:22 vader-rover kernel: [    4.297424] hub 1-2.4:1.0: Single TT
Dec 31 19:00:22 vader-rover kernel: [    4.297424] hub 1-2.4:1.0: TT requires at most 16 FS bit times (1332 ns)
Dec 31 19:00:22 vader-rover kernel: [    4.297424] hub 1-2.4:1.0: power on to power good time: 100ms
Dec 31 19:00:22 vader-rover kernel: [    4.297882] hub 1-2.4:1.0: local power source is good
Dec 31 19:00:22 vader-rover kernel: [    4.297912] hub 1-2.4:1.0: enabling power on all ports
Dec 31 19:00:22 vader-rover kernel: [    4.298675] hub 1-2:1.0: state 7 ports 4 chg 0000 evt 0010
Dec 31 19:00:22 vader-rover kernel: [    4.399658] usb 1-2.4: link qh256-0001/de09fe00 start 2 [1/0 us]
Dec 31 19:00:22 vader-rover kernel: [    4.399719] hub 1-2.4:1.0: state 7 ports 4 chg 0000 evt 0000
Dec 31 19:00:22 vader-rover kernel: [    6.368927] end_request: I/O error, dev mtdblock0, sector 0
Dec 31 19:00:22 vader-rover kernel: [    6.378540] Buffer I/O error on device mtdblock0, logical block 0
Dec 31 19:00:22 vader-rover kernel: [    6.461486] end_request: I/O error, dev mtdblock0, sector 0
Dec 31 19:00:22 vader-rover kernel: [    6.471160] Buffer I/O error on device mtdblock0, logical block 0
Dec 31 19:00:22 vader-rover kernel: [    6.539581] end_request: I/O error, dev mtdblock0, sector 0
Dec 31 19:00:22 vader-rover kernel: [    6.549346] Buffer I/O error on device mtdblock0, logical block 0
Dec 31 19:00:22 vader-rover kernel: [    6.643035] end_request: I/O error, dev mtdblock0, sector 0
Dec 31 19:00:22 vader-rover kernel: [    6.652801] Buffer I/O error on device mtdblock0, logical block 0
Dec 31 19:00:22 vader-rover kernel: [    6.759704] end_request: I/O error, dev mtdblock0, sector 0
Dec 31 19:00:22 vader-rover kernel: [    6.769500] Buffer I/O error on device mtdblock0, logical block 0
Dec 31 19:00:22 vader-rover kernel: [    6.821716] end_request: I/O error, dev mtdblock0, sector 0
Dec 31 19:00:22 vader-rover kernel: [    6.831481] Buffer I/O error on device mtdblock0, logical block 0
Dec 31 19:00:22 vader-rover kernel: [    6.842864] end_request: I/O error, dev mtdblock0, sector 0
Dec 31 19:00:22 vader-rover kernel: [    6.852508] Buffer I/O error on device mtdblock0, logical block 0
Dec 31 19:00:22 vader-rover kernel: [    6.863952] end_request: I/O error, dev mtdblock0, sector 0
Dec 31 19:00:22 vader-rover kernel: [    6.873596] Buffer I/O error on device mtdblock0, logical block 0
Dec 31 19:00:22 vader-rover kernel: [    6.885955] end_request: I/O error, dev mtdblock0, sector 0
Dec 31 19:00:22 vader-rover kernel: [    6.895599] Buffer I/O error on device mtdblock0, logical block 0
Dec 31 19:00:22 vader-rover kernel: [    6.910003] end_request: I/O error, dev mtdblock0, sector 0
Dec 31 19:00:22 vader-rover kernel: [    6.919677] Buffer I/O error on device mtdblock0, logical block 0
Dec 31 19:00:22 vader-rover kernel: [    6.956878] end_request: I/O error, dev mtdblock0, sector 0
Dec 31 19:00:22 vader-rover kernel: [    6.977142] end_request: I/O error, dev mtdblock0, sector 0
Dec 31 19:00:22 vader-rover kernel: [    7.000732] end_request: I/O error, dev mtdblock0, sector 0
Dec 31 19:00:22 vader-rover kernel: [    7.010528] hub 1-2.4:1.0: hub_suspend
Dec 31 19:00:22 vader-rover kernel: [    7.010559] usb 1-2.4: unlink qh256-0001/de09fe00 start 2 [1/0 us]
Dec 31 19:00:22 vader-rover kernel: [    7.011077] usb 1-2.4: usb auto-suspend, wakeup 1
Dec 31 19:00:22 vader-rover kernel: [    7.030395] end_request: I/O error, dev mtdblock0, sector 0
Dec 31 19:00:22 vader-rover kernel: [    7.057403] end_request: I/O error, dev mtdblock0, sector 0
Dec 31 19:00:22 vader-rover kernel: [    7.083801] end_request: I/O error, dev mtdblock0, sector 0
Dec 31 19:00:22 vader-rover kernel: [    7.111175] end_request: I/O error, dev mtdblock0, sector 0
Dec 31 19:00:22 vader-rover kernel: [    7.138854] end_request: I/O error, dev mtdblock0, sector 8
Dec 31 19:00:22 vader-rover kernel: [    7.169097] end_request: I/O error, dev mtdblock0, sector 8
Dec 31 19:00:22 vader-rover kernel: [    7.196777] end_request: I/O error, dev mtdblock0, sector 8
Dec 31 19:00:22 vader-rover kernel: [    7.221923] end_request: I/O error, dev mtdblock0, sector 8
Dec 31 19:00:22 vader-rover kernel: [    7.248352] end_request: I/O error, dev mtdblock0, sector 24
Dec 31 19:00:22 vader-rover kernel: [    7.267822] end_request: I/O error, dev mtdblock0, sector 24
Dec 31 19:00:22 vader-rover kernel: [    7.295806] end_request: I/O error, dev mtdblock0, sector 24
Dec 31 19:00:22 vader-rover kernel: [    7.328704] end_request: I/O error, dev mtdblock0, sector 24
Dec 31 19:00:22 vader-rover kernel: [    7.350433] end_request: I/O error, dev mtdblock0, sector 56
Dec 31 19:00:22 vader-rover kernel: [    7.376220] ads7846 spi1.0: touchscreen, irq 210
Dec 31 19:00:22 vader-rover kernel: [    7.376495] ads7846 spi1.0: no device detected, test read result was 0x00000FFF
Dec 31 19:00:22 vader-rover kernel: [    7.382873] end_request: I/O error, dev mtdblock0, sector 56
Dec 31 19:00:22 vader-rover kernel: [    7.399353] end_request: I/O error, dev mtdblock0, sector 56
Dec 31 19:00:22 vader-rover kernel: [    7.415069] Linux media interface: v0.10
Dec 31 19:00:22 vader-rover kernel: [    7.422454] end_request: I/O error, dev mtdblock0, sector 56
Dec 31 19:00:22 vader-rover kernel: [    7.446044] end_request: I/O error, dev mtdblock0, sector 120
Dec 31 19:00:22 vader-rover kernel: [    7.469360] end_request: I/O error, dev mtdblock0, sector 120
Dec 31 19:00:22 vader-rover kernel: [    7.491790] end_request: I/O error, dev mtdblock0, sector 120
Dec 31 19:00:22 vader-rover kernel: [    7.505432] Linux video capture interface: v2.00
Dec 31 19:00:22 vader-rover kernel: [    7.513214] end_request: I/O error, dev mtdblock0, sector 120
Dec 31 19:00:22 vader-rover kernel: [    7.542816] end_request: I/O error, dev mtdblock0, sector 0
Dec 31 19:00:22 vader-rover kernel: [    7.568817] end_request: I/O error, dev mtdblock0, sector 0
Dec 31 19:00:22 vader-rover kernel: [    7.592498] end_request: I/O error, dev mtdblock0, sector 8
