Feb  7 13:27:05 vader-rover kernel: imklog 5.8.6, log source = /proc/kmsg started.
Feb  7 13:27:05 vader-rover rsyslogd: [origin software="rsyslogd" swVersion="5.8.6" x-pid="499" x-info="http://www.rsyslog.com"] start
Feb  7 13:27:05 vader-rover rsyslogd: rsyslogd's groupid changed to 103
Feb  7 13:27:05 vader-rover rsyslogd: rsyslogd's userid changed to 101
Feb  7 13:27:05 vader-rover rsyslogd-2039: Could not open output pipe '/dev/xconsole' [try http://www.rsyslog.com/e/2039 ]
Feb  7 13:27:05 vader-rover kernel: [    0.000000] Booting Linux on physical CPU 0
Feb  7 13:27:05 vader-rover kernel: [    0.000000] Initializing cgroup subsys cpuset
Feb  7 13:27:05 vader-rover kernel: [    0.000000] Initializing cgroup subsys cpu
Feb  7 13:27:05 vader-rover kernel: [    0.000000] Linux version 3.5.0-2-linaro-omap (adam@pine) (gcc version 4.6.3 (Ubuntu/Linaro 4.6.3-1ubuntu5) ) #2~ci+121210190143 PREEMPT Mon Dec 10 11:03:27 PST 2012
Feb  7 13:27:05 vader-rover kernel: [    0.000000] CPU: ARMv7 Processor [413fc082] revision 2 (ARMv7), cr=10c53c7d
Feb  7 13:27:05 vader-rover kernel: [    0.000000] CPU: PIPT / VIPT nonaliasing data cache, VIPT aliasing instruction cache
Feb  7 13:27:05 vader-rover kernel: [    0.000000] Machine: Gumstix Overo
Feb  7 13:27:05 vader-rover kernel: [    0.000000] Reserving 12582912 bytes SDRAM for VRAM
Feb  7 13:27:05 vader-rover kernel: [    0.000000] Memory policy: ECC disabled, Data cache writeback
Feb  7 13:27:05 vader-rover kernel: [    0.000000] On node 0 totalpages: 127744
Feb  7 13:27:05 vader-rover kernel: [    0.000000] free_area_init_node: node 0, pgdat c070b85c, node_mem_map c07a7000
Feb  7 13:27:05 vader-rover kernel: [    0.000000]   Normal zone: 1024 pages used for memmap
Feb  7 13:27:05 vader-rover kernel: [    0.000000]   Normal zone: 0 pages reserved
Feb  7 13:27:05 vader-rover kernel: [    0.000000]   Normal zone: 126720 pages, LIFO batch:31
Feb  7 13:27:05 vader-rover kernel: [    0.000000] OMAP3630 ES1.2 (l2cache iva sgx neon isp 192mhz_clk )
Feb  7 13:27:05 vader-rover kernel: [    0.000000] Clocking rate (Crystal/Core/MPU): 26.0/400/600 MHz
Feb  7 13:27:05 vader-rover kernel: [    0.000000] pcpu-alloc: s0 r0 d32768 u32768 alloc=1*32768
Feb  7 13:27:05 vader-rover kernel: [    0.000000] pcpu-alloc: [0] 0 
Feb  7 13:27:05 vader-rover kernel: [    0.000000] Built 1 zonelists in Zone order, mobility grouping on.  Total pages: 126720
Feb  7 13:27:05 vader-rover kernel: [    0.000000] Kernel command line: console=tty0 console=ttyO2,115200n8 root=/dev/mmcblk0p2 rootwait ro earlyprintk mpurate=500 vram=12M omapdss.def_disp=dvi omapfb.mode=dvi:1024x768MR-16@60
Feb  7 13:27:05 vader-rover kernel: [    0.000000] PID hash table entries: 2048 (order: 1, 8192 bytes)
Feb  7 13:27:05 vader-rover kernel: [    0.000000] Dentry cache hash table entries: 65536 (order: 6, 262144 bytes)
Feb  7 13:27:05 vader-rover kernel: [    0.000000] Inode-cache hash table entries: 32768 (order: 5, 131072 bytes)
Feb  7 13:27:05 vader-rover kernel: [    0.000000] allocated 1048576 bytes of page_cgroup
Feb  7 13:27:05 vader-rover kernel: [    0.000000] please try 'cgroup_disable=memory' option if you don't want memory cgroups
Feb  7 13:27:05 vader-rover kernel: [    0.000000] Memory: 499MB = 499MB total
Feb  7 13:27:05 vader-rover kernel: [    0.000000] Memory: 495744k/495744k available, 28544k reserved, 0K highmem
Feb  7 13:27:05 vader-rover kernel: [    0.000000] Virtual kernel memory layout:
Feb  7 13:27:05 vader-rover kernel: [    0.000000]     vector  : 0xffff0000 - 0xffff1000   (   4 kB)
Feb  7 13:27:05 vader-rover kernel: [    0.000000]     fixmap  : 0xfff00000 - 0xfffe0000   ( 896 kB)
Feb  7 13:27:05 vader-rover kernel: [    0.000000]     vmalloc : 0xe0800000 - 0xff000000   ( 488 MB)
Feb  7 13:27:05 vader-rover kernel: [    0.000000]     lowmem  : 0xc0000000 - 0xe0000000   ( 512 MB)
Feb  7 13:27:05 vader-rover kernel: [    0.000000]     pkmap   : 0xbfe00000 - 0xc0000000   (   2 MB)
Feb  7 13:27:05 vader-rover kernel: [    0.000000]     modules : 0xbf000000 - 0xbfe00000   (  14 MB)
Feb  7 13:27:05 vader-rover kernel: [    0.000000]       .text : 0xc0008000 - 0xc067abfc   (6603 kB)
Feb  7 13:27:05 vader-rover kernel: [    0.000000]       .init : 0xc067b000 - 0xc06b2000   ( 220 kB)
Feb  7 13:27:05 vader-rover kernel: [    0.000000]       .data : 0xc06b2000 - 0xc071b268   ( 421 kB)
Feb  7 13:27:05 vader-rover kernel: [    0.000000]        .bss : 0xc071b28c - 0xc07a6020   ( 556 kB)
Feb  7 13:27:05 vader-rover kernel: [    0.000000] NR_IRQS:474
Feb  7 13:27:05 vader-rover kernel: [    0.000000] IRQ: Found an INTC at 0xfa200000 (revision 4.0) with 96 interrupts
Feb  7 13:27:05 vader-rover kernel: [    0.000000] Total of 96 interrupts on 1 active controller
Feb  7 13:27:05 vader-rover kernel: [    0.000000] OMAP clockevent source: GPTIMER1 at 32768 Hz
Feb  7 13:27:05 vader-rover kernel: [    0.000000] sched_clock: 32 bits at 32kHz, resolution 30517ns, wraps every 131071999ms
Feb  7 13:27:05 vader-rover kernel: [    0.000000] OMAP clocksource: 32k_counter at 32768 Hz
Feb  7 13:27:05 vader-rover kernel: [    0.000000] Console: colour dummy device 80x30
Feb  7 13:27:05 vader-rover kernel: [    0.000000] console [tty0] enabled
Feb  7 13:27:05 vader-rover kernel: [    0.001007] Calibrating delay loop... 597.64 BogoMIPS (lpj=2334720)
Feb  7 13:27:05 vader-rover kernel: [    0.039123] pid_max: default: 32768 minimum: 301
Feb  7 13:27:05 vader-rover kernel: [    0.039306] Security Framework initialized
Feb  7 13:27:05 vader-rover kernel: [    0.039428] Mount-cache hash table entries: 512
Feb  7 13:27:05 vader-rover kernel: [    0.040191] Initializing cgroup subsys debug
Feb  7 13:27:05 vader-rover kernel: [    0.040252] Initializing cgroup subsys cpuacct
Feb  7 13:27:05 vader-rover kernel: [    0.040283] Initializing cgroup subsys memory
Feb  7 13:27:05 vader-rover kernel: [    0.040344] Initializing cgroup subsys devices
Feb  7 13:27:05 vader-rover kernel: [    0.040374] Initializing cgroup subsys freezer
Feb  7 13:27:05 vader-rover kernel: [    0.040405] Initializing cgroup subsys perf_event
Feb  7 13:27:05 vader-rover kernel: [    0.040527] CPU: Testing write buffer coherency: ok
Feb  7 13:27:05 vader-rover kernel: [    0.040832] Setting up static identity map for 0x8046ea98 - 0x8046eaf0
Feb  7 13:27:05 vader-rover kernel: [    0.045867] devtmpfs: initialized
Feb  7 13:27:05 vader-rover kernel: [    0.050567] dummy: 
Feb  7 13:27:05 vader-rover kernel: [    0.050964] NET: Registered protocol family 16
Feb  7 13:27:05 vader-rover kernel: [    0.051391] GPMC revision 5.0
Feb  7 13:27:05 vader-rover kernel: [    0.051452] gpmc: irq-20 could not claim: err -22
Feb  7 13:27:05 vader-rover kernel: [    0.054107] gpiochip_add: registered GPIOs 0 to 31 on device: gpio
Feb  7 13:27:05 vader-rover kernel: [    0.054199] OMAP GPIO hardware version 2.5
Feb  7 13:27:05 vader-rover kernel: [    0.054443] gpiochip_add: registered GPIOs 32 to 63 on device: gpio
Feb  7 13:27:05 vader-rover kernel: [    0.054840] gpiochip_add: registered GPIOs 64 to 95 on device: gpio
Feb  7 13:27:05 vader-rover kernel: [    0.055145] gpiochip_add: registered GPIOs 96 to 127 on device: gpio
Feb  7 13:27:05 vader-rover kernel: [    0.055419] gpiochip_add: registered GPIOs 128 to 159 on device: gpio
Feb  7 13:27:05 vader-rover kernel: [    0.055694] gpiochip_add: registered GPIOs 160 to 191 on device: gpio
Feb  7 13:27:05 vader-rover kernel: [    0.056640] omap_mux_init: Add partition: #1: core, flags: 0
Feb  7 13:27:05 vader-rover kernel: [    0.061584] _omap_mux_get_by_name: Could not find signal uart4_rx.uart4_rx
Feb  7 13:27:05 vader-rover kernel: [    0.067443] Reprogramming SDRC clock to 400000000 Hz
Feb  7 13:27:05 vader-rover kernel: [    0.067474] dpll3_m2_clk rate change failed: -22
Feb  7 13:27:05 vader-rover kernel: [    0.067504] Found NAND on CS0
Feb  7 13:27:05 vader-rover kernel: [    0.067535] Registering NAND on CS0
Feb  7 13:27:05 vader-rover kernel: [    0.068725]  usbhs_omap: alias fck already exists
Feb  7 13:27:05 vader-rover kernel: [    0.076202] hw-breakpoint: debug architecture 0x4 unsupported.
Feb  7 13:27:05 vader-rover kernel: [    0.079254]  omap-mcbsp.2: alias fck already exists
Feb  7 13:27:05 vader-rover kernel: [    0.079467]  omap-mcbsp.3: alias fck already exists
Feb  7 13:27:05 vader-rover kernel: [    0.080566] Switched to new clocking rate (Crystal/Core/MPU): 26.0/400/500 MHz
Feb  7 13:27:05 vader-rover kernel: [    0.080810] OMAP DMA hardware revision 5.0
Feb  7 13:27:05 vader-rover kernel: [    0.090515] bio: create slab <bio-0> at 0
Feb  7 13:27:05 vader-rover kernel: [    0.091400] fixed-dummy: 
Feb  7 13:27:05 vader-rover kernel: [    0.091522] reg-fixed-voltage reg-fixed-voltage.0: fixed-dummy supplying 0uV
Feb  7 13:27:05 vader-rover kernel: [    0.091766] vads7846: override min_uV, 1 -> 3300000
Feb  7 13:27:05 vader-rover kernel: [    0.091796] vads7846: override max_uV, 2147483647 -> 3300000
Feb  7 13:27:05 vader-rover kernel: [    0.091796] vads7846: 3300 mV 
Feb  7 13:27:05 vader-rover kernel: [    0.091949] reg-fixed-voltage reg-fixed-voltage.1: vads7846 supplying 3300000uV
Feb  7 13:27:05 vader-rover kernel: [    0.092773] SCSI subsystem initialized
Feb  7 13:27:05 vader-rover kernel: [    0.093170] usbcore: registered new interface driver usbfs
Feb  7 13:27:05 vader-rover kernel: [    0.093353] usbcore: registered new interface driver hub
Feb  7 13:27:05 vader-rover kernel: [    0.093627] usbcore: registered new device driver usb
Feb  7 13:27:05 vader-rover kernel: [    0.094238] omap_i2c omap_i2c.1: bus 1 rev1.4.0 at 2600 kHz
Feb  7 13:27:05 vader-rover kernel: [    0.097259] twl 1-0048: PIH (irq 7) chaining IRQs 320..328
Feb  7 13:27:05 vader-rover kernel: [    0.097412] twl 1-0048: power (irq 325) chaining IRQs 328..335
Feb  7 13:27:05 vader-rover kernel: [    0.098144] twl4030_gpio twl4030_gpio: gpio (irq 320) chaining IRQs 336..353
Feb  7 13:27:05 vader-rover kernel: [    0.098541] gpiochip_add: registered GPIOs 192 to 211 on device: twl4030
Feb  7 13:27:05 vader-rover kernel: [    0.099487] VUSB1V5: override min_uV, 1 -> 1500000
Feb  7 13:27:05 vader-rover kernel: [    0.099517] VUSB1V5: override max_uV, 2147483647 -> 1500000
Feb  7 13:27:05 vader-rover kernel: [    0.099517] VUSB1V5: 1500 mV normal standby
Feb  7 13:27:05 vader-rover kernel: [    0.100128] VUSB1V8: override min_uV, 1 -> 1800000
Feb  7 13:27:05 vader-rover kernel: [    0.100158] VUSB1V8: override max_uV, 2147483647 -> 1800000
Feb  7 13:27:05 vader-rover kernel: [    0.100158] VUSB1V8: 1800 mV normal standby
Feb  7 13:27:05 vader-rover kernel: [    0.100708] VUSB3V1: override min_uV, 1 -> 3100000
Feb  7 13:27:05 vader-rover kernel: [    0.100708] VUSB3V1: override max_uV, 2147483647 -> 3100000
Feb  7 13:27:05 vader-rover kernel: [    0.100738] VUSB3V1: 3100 mV normal standby
Feb  7 13:27:05 vader-rover kernel: [    0.102508] twl4030_usb twl4030_usb: HW_CONDITIONS 0x10/16; link 0
Feb  7 13:27:05 vader-rover kernel: [    0.102783] twl4030_usb twl4030_usb: Initialized TWL4030 USB module
Feb  7 13:27:05 vader-rover kernel: [    0.103454] vdd_mpu_iva: 600 <--> 1450 mV normal 
Feb  7 13:27:05 vader-rover kernel: [    0.104003] vdd_core: 600 <--> 1450 mV normal 
Feb  7 13:27:05 vader-rover kernel: [    0.104644] VMMC1: 1850 <--> 3150 mV at 3150 mV normal standby
Feb  7 13:27:05 vader-rover kernel: [    0.105346] VDAC: 1800 mV normal standby
Feb  7 13:27:05 vader-rover kernel: [    0.105987] VDVI: 1800 mV normal standby
Feb  7 13:27:05 vader-rover kernel: [    0.117309] omap_i2c omap_i2c.3: bus 3 rev1.4.0 at 400 kHz
Feb  7 13:27:05 vader-rover kernel: [    0.118286] omap-iommu omap-iommu.0: isp registered
Feb  7 13:27:05 vader-rover kernel: [    0.118530] Advanced Linux Sound Architecture Driver Version 1.0.25.
Feb  7 13:27:05 vader-rover kernel: [    0.119628] Switching to clocksource 32k_counter
Feb  7 13:27:05 vader-rover kernel: [    0.153137] usbhs_omap usbhs_omap: xclk60mhsp2_ck set parentfailed error:-22
Feb  7 13:27:05 vader-rover kernel: [    0.154052] NET: Registered protocol family 2
Feb  7 13:27:05 vader-rover kernel: [    0.154418] IP route cache hash table entries: 4096 (order: 2, 16384 bytes)
Feb  7 13:27:05 vader-rover kernel: [    0.155120] TCP established hash table entries: 16384 (order: 5, 131072 bytes)
Feb  7 13:27:05 vader-rover kernel: [    0.155578] TCP bind hash table entries: 16384 (order: 4, 65536 bytes)
Feb  7 13:27:05 vader-rover kernel: [    0.155853] TCP: Hash tables configured (established 16384 bind 16384)
Feb  7 13:27:05 vader-rover kernel: [    0.155883] TCP: reno registered
Feb  7 13:27:05 vader-rover kernel: [    0.155914] UDP hash table entries: 256 (order: 0, 4096 bytes)
Feb  7 13:27:05 vader-rover kernel: [    0.155975] UDP-Lite hash table entries: 256 (order: 0, 4096 bytes)
Feb  7 13:27:05 vader-rover kernel: [    0.156372] NET: Registered protocol family 1
Feb  7 13:27:05 vader-rover kernel: [    0.157012] RPC: Registered named UNIX socket transport module.
Feb  7 13:27:05 vader-rover kernel: [    0.157073] RPC: Registered udp transport module.
Feb  7 13:27:05 vader-rover kernel: [    0.157104] RPC: Registered tcp transport module.
Feb  7 13:27:05 vader-rover kernel: [    0.157135] RPC: Registered tcp NFSv4.1 backchannel transport module.
Feb  7 13:27:05 vader-rover kernel: [    0.157470] Trying to unpack rootfs image as initramfs...
Feb  7 13:27:05 vader-rover kernel: [    0.367126] Freeing initrd memory: 1828K
Feb  7 13:27:05 vader-rover kernel: [    0.370086] audit: initializing netlink socket (disabled)
Feb  7 13:27:05 vader-rover kernel: [    0.370178] type=2000 audit(0.367:1): initialized
Feb  7 13:27:05 vader-rover kernel: [    0.371917] VFS: Disk quotas dquot_6.5.2
Feb  7 13:27:05 vader-rover kernel: [    0.372039] Dquot-cache hash table entries: 1024 (order 0, 4096 bytes)
Feb  7 13:27:05 vader-rover kernel: [    0.372528] NFS: Registering the id_resolver key type
Feb  7 13:27:05 vader-rover kernel: [    0.372650] Key type id_resolver registered
Feb  7 13:27:05 vader-rover kernel: [    0.373229] jffs2: version 2.2. (NAND) (SUMMARY)  Â© 2001-2006 Red Hat, Inc.
Feb  7 13:27:05 vader-rover kernel: [    0.374084] fuse init (API version 7.19)
Feb  7 13:27:05 vader-rover kernel: [    0.374755] msgmni has been set to 971
Feb  7 13:27:05 vader-rover kernel: [    0.376983] Block layer SCSI generic (bsg) driver version 0.4 loaded (major 253)
Feb  7 13:27:05 vader-rover kernel: [    0.377044] io scheduler noop registered
Feb  7 13:27:05 vader-rover kernel: [    0.377075] io scheduler deadline registered (default)
Feb  7 13:27:05 vader-rover kernel: [    0.378204] OMAP DSS rev 2.0
Feb  7 13:27:05 vader-rover kernel: [    0.382019] omap_uart.0: ttyO0 at MMIO 0x4806a000 (irq = 72) is a OMAP UART0
Feb  7 13:27:05 vader-rover kernel: [    0.382629] omap_uart.1: ttyO1 at MMIO 0x4806c000 (irq = 73) is a OMAP UART1
Feb  7 13:27:05 vader-rover kernel: [    0.383239] omap_uart.2: ttyO2 at MMIO 0x49020000 (irq = 74) is a OMAP UART2
Feb  7 13:27:05 vader-rover kernel: [    1.086975] console [ttyO2] enabled
Feb  7 13:27:05 vader-rover kernel: [    1.091247] omap_uart.3: ttyO3 at MMIO 0x49042000 (irq = 80) is a OMAP UART3
Feb  7 13:27:05 vader-rover kernel: [    1.109252] brd: module loaded
Feb  7 13:27:05 vader-rover kernel: [    1.117889] loop: module loaded
Feb  7 13:27:05 vader-rover kernel: [    1.123443] twl4030_madc twl4030_madc: clk disabled, enabling
Feb  7 13:27:05 vader-rover kernel: [    1.131927] NAND device: Manufacturer ID: 0x2c, Chip ID: 0xbc (Micron NAND 512MiB 1,8V 16-bit), page size: 2048, OOB size: 64
Feb  7 13:27:05 vader-rover kernel: [    1.160736] Creating 5 MTD partitions on "omap2-nand.0":
Feb  7 13:27:05 vader-rover kernel: [    1.166381] 0x000000000000-0x000000080000 : "xloader"
Feb  7 13:27:05 vader-rover kernel: [    1.173828] 0x000000080000-0x000000240000 : "uboot"
Feb  7 13:27:05 vader-rover kernel: [    1.182098] 0x000000240000-0x000000280000 : "uboot environment"
Feb  7 13:27:05 vader-rover kernel: [    1.189971] 0x000000280000-0x000000680000 : "linux"
Feb  7 13:27:05 vader-rover kernel: [    1.200500] 0x000000680000-0x000020000000 : "rootfs"
Feb  7 13:27:05 vader-rover kernel: [    1.711975] smsc911x: Driver version 2008-10-21
Feb  7 13:27:05 vader-rover kernel: [    1.717346] smsc911x: Driver version 2008-10-21
Feb  7 13:27:05 vader-rover kernel: [    1.722717] usbcore: registered new interface driver asix
Feb  7 13:27:05 vader-rover kernel: [    1.728515] usbcore: registered new interface driver cdc_ether
Feb  7 13:27:05 vader-rover kernel: [    1.734863] usbcore: registered new interface driver cdc_ncm
Feb  7 13:27:05 vader-rover kernel: [    1.741271] ehci_hcd: USB 2.0 'Enhanced' Host Controller (EHCI) Driver
Feb  7 13:27:05 vader-rover kernel: [    1.748229] ehci_hcd: block sizes: qh 64 qtd 96 itd 160 sitd 96
Feb  7 13:27:05 vader-rover kernel: [    1.748413] ehci-omap ehci-omap.0: failed to get ehci port1 regulator
Feb  7 13:27:05 vader-rover kernel: [    2.752655] ehci-omap ehci-omap.0: phy reset operation timed out
Feb  7 13:27:05 vader-rover kernel: [    2.752685] ehci-omap ehci-omap.0: reset hcs_params 0x1313 dbg=0 cc=1 pcc=3 ordered ports=3
Feb  7 13:27:05 vader-rover kernel: [    2.752716] ehci-omap ehci-omap.0: reset hcc_params 0016 thresh 1 uframes 256/512/1024 park
Feb  7 13:27:05 vader-rover kernel: [    2.752746] ehci-omap ehci-omap.0: reset command 0080b02  park=3 ithresh=8 period=1024 Reset HALT
Feb  7 13:27:05 vader-rover kernel: [    2.752777] ehci-omap ehci-omap.0: OMAP-EHCI Host Controller
Feb  7 13:27:05 vader-rover kernel: [    2.759155] ehci-omap ehci-omap.0: new USB bus registered, assigned bus number 1
Feb  7 13:27:05 vader-rover kernel: [    2.767120] ehci-omap ehci-omap.0: park 0
Feb  7 13:27:05 vader-rover kernel: [    2.767181] ehci-omap ehci-omap.0: irq 77, io mem 0x48064800
Feb  7 13:27:05 vader-rover kernel: [    2.773193] ehci-omap ehci-omap.0: init command 0010005 (park)=0 ithresh=1 period=512 RUN
Feb  7 13:27:05 vader-rover kernel: [    2.783935] ehci-omap ehci-omap.0: USB 2.0 started, EHCI 1.00
Feb  7 13:27:05 vader-rover kernel: [    2.790191] usb usb1: default language 0x0409
Feb  7 13:27:05 vader-rover kernel: [    2.790252] usb usb1: udev 1, busnum 1, minor = 0
Feb  7 13:27:05 vader-rover kernel: [    2.790252] usb usb1: New USB device found, idVendor=1d6b, idProduct=0002
Feb  7 13:27:05 vader-rover kernel: [    2.797485] usb usb1: New USB device strings: Mfr=3, Product=2, SerialNumber=1
Feb  7 13:27:05 vader-rover kernel: [    2.805145] usb usb1: Product: OMAP-EHCI Host Controller
Feb  7 13:27:05 vader-rover kernel: [    2.810760] usb usb1: Manufacturer: Linux 3.5.0-2-linaro-omap ehci_hcd
Feb  7 13:27:05 vader-rover kernel: [    2.817687] usb usb1: SerialNumber: ehci-omap.0
Feb  7 13:27:05 vader-rover kernel: [    2.823181] usb usb1: usb_probe_device
Feb  7 13:27:05 vader-rover kernel: [    2.823211] usb usb1: configuration #1 chosen from 1 choice
Feb  7 13:27:05 vader-rover kernel: [    2.823272] usb usb1: adding 1-0:1.0 (config #1, interface 0)
Feb  7 13:27:05 vader-rover kernel: [    2.823486] hub 1-0:1.0: usb_probe_interface
Feb  7 13:27:05 vader-rover kernel: [    2.823486] hub 1-0:1.0: usb_probe_interface - got id
Feb  7 13:27:05 vader-rover kernel: [    2.823516] hub 1-0:1.0: USB hub found
Feb  7 13:27:05 vader-rover kernel: [    2.827514] hub 1-0:1.0: 3 ports detected
Feb  7 13:27:05 vader-rover kernel: [    2.831787] hub 1-0:1.0: standalone hub
Feb  7 13:27:05 vader-rover kernel: [    2.831817] hub 1-0:1.0: individual port power switching
Feb  7 13:27:05 vader-rover kernel: [    2.831817] hub 1-0:1.0: individual port over-current protection
Feb  7 13:27:05 vader-rover kernel: [    2.831848] hub 1-0:1.0: power on to power good time: 20ms
Feb  7 13:27:05 vader-rover kernel: [    2.831878] hub 1-0:1.0: local power source is good
Feb  7 13:27:05 vader-rover kernel: [    2.831909] hub 1-0:1.0: enabling power on all ports
Feb  7 13:27:05 vader-rover kernel: [    2.832305] ehci-omap ehci-omap.0: ...powerup ports...
Feb  7 13:27:05 vader-rover kernel: [    2.862274] Initializing USB Mass Storage driver...
Feb  7 13:27:05 vader-rover kernel: [    2.867614] usbcore: registered new interface driver usb-storage
Feb  7 13:27:05 vader-rover kernel: [    2.873992] USB Mass Storage support registered.
Feb  7 13:27:05 vader-rover kernel: [    2.878906] musb-hdrc: version 6.0, ?dma?, otg (peripheral+host)
Feb  7 13:27:05 vader-rover kernel: [    2.891876] twl4030_usb twl4030_usb: twl4030_phy_resume
Feb  7 13:27:05 vader-rover kernel: [    2.892150] musb-hdrc: ConfigData=0xde (UTMI-8, dyn FIFOs, bulk combine, bulk split, HB-ISO Rx, HB-ISO Tx, SoftConn)
Feb  7 13:27:05 vader-rover kernel: [    2.892181] musb-hdrc: MHDRC RTL version 1.800 
Feb  7 13:27:05 vader-rover kernel: [    2.892181] musb-hdrc: setup fifo_mode 4
Feb  7 13:27:05 vader-rover kernel: [    2.892211] musb-hdrc: 28/31 max ep, 16384/16384 memory
Feb  7 13:27:05 vader-rover kernel: [    2.892791] musb-hdrc musb-hdrc: USB OTG mode controller at fa0ab000 using DMA, IRQ 92
Feb  7 13:27:05 vader-rover kernel: [    2.903350] twl4030_usb twl4030_usb: twl4030_phy_suspend
Feb  7 13:27:05 vader-rover kernel: [    2.904022] mousedev: PS/2 mouse device common for all mice
Feb  7 13:27:05 vader-rover kernel: [    2.910797] twl_rtc twl_rtc: Enabling TWL-RTC
Feb  7 13:27:05 vader-rover kernel: [    2.918334] twl_rtc twl_rtc: rtc core: registered twl_rtc as rtc0
Feb  7 13:27:05 vader-rover kernel: [    2.925537] i2c /dev entries driver
Feb  7 13:27:05 vader-rover kernel: [    2.931060] voltdm_scale: No voltage scale API registered for vdd_mpu_iva
Feb  7 13:27:05 vader-rover kernel: [    2.938385] ehci-omap ehci-omap.0: GetStatus port:2 status 001803 0  ACK POWER sig=j CSC CONNECT
Feb  7 13:27:05 vader-rover kernel: [    2.938415] hub 1-0:1.0: port 2: status 0501 change 0001
Feb  7 13:27:05 vader-rover kernel: [    2.938476] platform mpu.0: omap_target: unable to scale voltage up.
Feb  7 13:27:05 vader-rover kernel: [    2.945251] cpuidle: using governor ladder
Feb  7 13:27:05 vader-rover kernel: [    2.949615] cpuidle: using governor menu
Feb  7 13:27:05 vader-rover kernel: [    2.954345] omap_hsmmc omap_hsmmc.0: Failed to get debounce clk
Feb  7 13:27:05 vader-rover kernel: [    3.033966] hub 1-0:1.0: state 7 ports 3 chg 0004 evt 0000
Feb  7 13:27:05 vader-rover kernel: [    3.034027] hub 1-0:1.0: port 2, status 0501, change 0000, 480 Mb/s
Feb  7 13:27:05 vader-rover kernel: [    3.096496] ehci-omap ehci-omap.0: port 2 reset complete, port enabled
Feb  7 13:27:05 vader-rover kernel: [    3.096527] ehci-omap ehci-omap.0: GetStatus port:2 status 001005 0  ACK POWER sig=se0 PE CONNECT
Feb  7 13:27:05 vader-rover kernel: [    3.158935] usb 1-2: new high-speed USB device number 2 using ehci-omap
Feb  7 13:27:05 vader-rover kernel: [    3.221466] ehci-omap ehci-omap.0: port 2 reset complete, port enabled
Feb  7 13:27:05 vader-rover kernel: [    3.221527] ehci-omap ehci-omap.0: GetStatus port:2 status 001005 0  ACK POWER sig=se0 PE CONNECT
Feb  7 13:27:05 vader-rover kernel: [    3.315612] usb 1-2: udev 2, busnum 1, minor = 1
Feb  7 13:27:05 vader-rover kernel: [    3.315643] usb 1-2: New USB device found, idVendor=0409, idProduct=005a
Feb  7 13:27:05 vader-rover kernel: [    3.322723] usb 1-2: New USB device strings: Mfr=0, Product=0, SerialNumber=0
Feb  7 13:27:05 vader-rover kernel: [    3.331359] omap_hsmmc omap_hsmmc.1: Failed to get debounce clk
Feb  7 13:27:05 vader-rover kernel: [    3.338043] usb 1-2: usb_probe_device
Feb  7 13:27:05 vader-rover kernel: [    3.338073] usb 1-2: configuration #1 chosen from 1 choice
Feb  7 13:27:05 vader-rover kernel: [    3.338409] usb 1-2: adding 1-2:1.0 (config #1, interface 0)
Feb  7 13:27:05 vader-rover kernel: [    3.339935] hub 1-2:1.0: usb_probe_interface
Feb  7 13:27:05 vader-rover kernel: [    3.339965] hub 1-2:1.0: usb_probe_interface - got id
Feb  7 13:27:05 vader-rover kernel: [    3.339965] hub 1-2:1.0: USB hub found
Feb  7 13:27:05 vader-rover kernel: [    3.346588] hub 1-2:1.0: 4 ports detected
Feb  7 13:27:05 vader-rover kernel: [    3.350891] hub 1-2:1.0: standalone hub
Feb  7 13:27:05 vader-rover kernel: [    3.350891] hub 1-2:1.0: individual port power switching
Feb  7 13:27:05 vader-rover kernel: [    3.350921] hub 1-2:1.0: individual port over-current protection
Feb  7 13:27:05 vader-rover kernel: [    3.350921] hub 1-2:1.0: Single TT
Feb  7 13:27:05 vader-rover kernel: [    3.350952] hub 1-2:1.0: TT requires at most 16 FS bit times (1332 ns)
Feb  7 13:27:05 vader-rover kernel: [    3.350982] hub 1-2:1.0: power on to power good time: 100ms
Feb  7 13:27:05 vader-rover kernel: [    3.351257] hub 1-2:1.0: local power source is good
Feb  7 13:27:05 vader-rover kernel: [    3.351257] hub 1-2:1.0: enabling power on all ports
Feb  7 13:27:05 vader-rover kernel: [    3.378265] Registered led device: overo:red:gpio21
Feb  7 13:27:05 vader-rover kernel: [    3.378448] Registered led device: overo:blue:gpio22
Feb  7 13:27:05 vader-rover kernel: [    3.379455] Registered led device: overo:blue:COM
Feb  7 13:27:05 vader-rover kernel: [    3.381469] usbcore: registered new interface driver usbhid
Feb  7 13:27:05 vader-rover kernel: [    3.387451] usbhid: USB HID core driver
Feb  7 13:27:05 vader-rover kernel: [    3.392242] usbcore: registered new interface driver snd-usb-audio
Feb  7 13:27:05 vader-rover kernel: [    3.400329] overo SoC init
Feb  7 13:27:05 vader-rover kernel: [    3.403442] soc-audio soc-audio: ASoC machine overo should use snd_soc_register_card()
Feb  7 13:27:05 vader-rover kernel: [    3.448272] hub 1-2:1.0: port 1: status 0101 change 0001
Feb  7 13:27:05 vader-rover kernel: [    3.448577] hub 1-2:1.0: port 2: status 0101 change 0001
Feb  7 13:27:05 vader-rover kernel: [    3.448852] hub 1-2:1.0: port 3: status 0101 change 0001
Feb  7 13:27:05 vader-rover kernel: [    3.449096] hub 1-2:1.0: port 4: status 0101 change 0001
Feb  7 13:27:05 vader-rover kernel: [    3.500518] twl4030-codec twl4030-codec: ASoC: Failed to create Capture debugfs file
Feb  7 13:27:05 vader-rover kernel: [    3.513305] asoc: twl4030-hifi <-> omap-mcbsp.2 mapping ok
Feb  7 13:27:05 vader-rover kernel: [    3.524353] oprofile: hardware counters not available
Feb  7 13:27:05 vader-rover kernel: [    3.529907] oprofile: using timer interrupt.
Feb  7 13:27:05 vader-rover kernel: [    3.535369] TCP: cubic registered
Feb  7 13:27:05 vader-rover kernel: [    3.538879] NET: Registered protocol family 17
Feb  7 13:27:05 vader-rover kernel: [    3.543670] NET: Registered protocol family 15
Feb  7 13:27:05 vader-rover kernel: [    3.548492] Key type dns_resolver registered
Feb  7 13:27:05 vader-rover kernel: [    3.553161] usb 1-2: link qh256-0001/de6c6b00 start 1 [1/0 us]
Feb  7 13:27:05 vader-rover kernel: [    3.553222] hub 1-2:1.0: state 7 ports 4 chg 001e evt 0000
Feb  7 13:27:05 vader-rover kernel: [    3.553375] hub 1-2:1.0: port 1, status 0101, change 0000, 12 Mb/s
Feb  7 13:27:05 vader-rover kernel: [    3.553741] VFP support v0.3: implementor 41 architecture 3 part 30 variant c rev 3
Feb  7 13:27:05 vader-rover kernel: [    3.568176] ThumbEE CPU extension supported.
Feb  7 13:27:05 vader-rover kernel: [    3.572723] sr_init: No PMIC hook to init smartreflex
Feb  7 13:27:05 vader-rover kernel: [    3.578521] smartreflex smartreflex.0: omap_sr_probe: SmartReflex driver initialized
Feb  7 13:27:05 vader-rover kernel: [    3.587463] smartreflex smartreflex.1: omap_sr_probe: SmartReflex driver initialized
Feb  7 13:27:05 vader-rover kernel: [    3.604553] clock: disabling unused clocks to save power
Feb  7 13:27:05 vader-rover kernel: [    3.611297] registered taskstats version 1
Feb  7 13:27:05 vader-rover kernel: [    3.617248] fbcvt: 1024x768@60: CVT Name - .786M3-R
Feb  7 13:27:05 vader-rover kernel: [    3.635803] usb 1-2.1: new full-speed USB device number 3 using ehci-omap
Feb  7 13:27:05 vader-rover kernel: [    3.644470] Console: switching to colour frame buffer device 128x48
Feb  7 13:27:05 vader-rover kernel: [    3.674652] VDAC: incomplete constraints, leaving on
Feb  7 13:27:05 vader-rover kernel: [    3.682342] twl_rtc twl_rtc: setting system clock to 2014-02-07 18:26:53 UTC (1391797613)
Feb  7 13:27:05 vader-rover kernel: [    3.691497] ALSA device list:
Feb  7 13:27:05 vader-rover kernel: [    3.694915]   #0: overo
Feb  7 13:27:05 vader-rover kernel: [    3.698577] Freeing init memory: 220K
Feb  7 13:27:05 vader-rover kernel: [    3.753753] usb 1-2.1: default language 0x0409
Feb  7 13:27:05 vader-rover kernel: [    3.754241] usb 1-2.1: udev 3, busnum 1, minor = 2
Feb  7 13:27:05 vader-rover kernel: [    3.754272] usb 1-2.1: New USB device found, idVendor=067b, idProduct=2303
Feb  7 13:27:05 vader-rover kernel: [    3.768493] usb 1-2.1: New USB device strings: Mfr=1, Product=2, SerialNumber=0
Feb  7 13:27:05 vader-rover kernel: [    3.783355] usb 1-2.1: Product: USB-Serial Controller D
Feb  7 13:27:05 vader-rover kernel: [    3.795806] usb 1-2.1: Manufacturer: Prolific Technology Inc. 
Feb  7 13:27:05 vader-rover kernel: [    3.809539] usb 1-2.1: usb_probe_device
Feb  7 13:27:05 vader-rover kernel: [    3.809570] usb 1-2.1: configuration #1 chosen from 1 choice
Feb  7 13:27:05 vader-rover kernel: [    3.815612] usb 1-2.1: adding 1-2.1:1.0 (config #1, interface 0)
Feb  7 13:27:05 vader-rover kernel: [    3.816650] hub 1-2:1.0: port 2, status 0101, change 0000, 12 Mb/s
Feb  7 13:27:05 vader-rover kernel: [    3.845611] mmc0: host does not support reading read-only switch. assuming write-enable.
Feb  7 13:27:05 vader-rover kernel: [    3.864044] mmc0: new high speed SDXC card at address 59b4
Feb  7 13:27:05 vader-rover kernel: [    3.874847] mmcblk0: mmc0:59b4       59.6 GiB 
Feb  7 13:27:05 vader-rover kernel: [    3.888397]  mmcblk0: p1 p2
Feb  7 13:27:05 vader-rover kernel: [    3.917144] usb 1-2.2: new high-speed USB device number 4 using ehci-omap
Feb  7 13:27:05 vader-rover kernel: [    3.937133] mmc1: new SDIO card at address 0001
Feb  7 13:27:05 vader-rover kernel: [    4.047058] usb 1-2.2: default language 0x0409
Feb  7 13:27:05 vader-rover kernel: [    4.055938] usb 1-2.2: udev 4, busnum 1, minor = 3
Feb  7 13:27:05 vader-rover kernel: [    4.055969] usb 1-2.2: New USB device found, idVendor=1e10, idProduct=2004
Feb  7 13:27:05 vader-rover kernel: [    4.110321] usb 1-2.2: New USB device strings: Mfr=1, Product=2, SerialNumber=3
Feb  7 13:27:05 vader-rover kernel: [    4.168334] usb 1-2.2: Product: USB 2.0 Digital Imaging Camera
Feb  7 13:27:05 vader-rover kernel: [    4.221527] usb 1-2.2: Manufacturer: Point Grey Research
Feb  7 13:27:05 vader-rover kernel: [    4.276214] usb 1-2.2: SerialNumber: 00CAABB3
Feb  7 13:27:05 vader-rover kernel: [    4.312133] usb 1-2.2: usb_probe_device
Feb  7 13:27:05 vader-rover kernel: [    4.312164] usb 1-2.2: configuration #1 chosen from 1 choice
Feb  7 13:27:05 vader-rover kernel: [    4.313507] usb 1-2.2: adding 1-2.2:1.0 (config #1, interface 0)
Feb  7 13:27:05 vader-rover kernel: [    4.314392] hub 1-2:1.0: port 3, status 0101, change 0000, 12 Mb/s
Feb  7 13:27:05 vader-rover kernel: [    4.401611] usb 1-2.3: new high-speed USB device number 5 using ehci-omap
Feb  7 13:27:05 vader-rover kernel: [    4.547058] usb 1-2.3: default language 0x0409
Feb  7 13:27:05 vader-rover kernel: [    4.555816] usb 1-2.3: udev 5, busnum 1, minor = 4
Feb  7 13:27:05 vader-rover kernel: [    4.555847] usb 1-2.3: New USB device found, idVendor=1e10, idProduct=2004
Feb  7 13:27:05 vader-rover kernel: [    4.588714] usb 1-2.3: New USB device strings: Mfr=1, Product=2, SerialNumber=3
Feb  7 13:27:05 vader-rover kernel: [    4.612243] usb 1-2.3: Product: USB 2.0 Digital Imaging Camera
Feb  7 13:27:05 vader-rover kernel: [    4.635589] usb 1-2.3: Manufacturer: Point Grey Research
Feb  7 13:27:05 vader-rover kernel: [    4.657440] usb 1-2.3: SerialNumber: 00BB1D77
Feb  7 13:27:05 vader-rover kernel: [    4.683197] usb 1-2.3: usb_probe_device
Feb  7 13:27:05 vader-rover kernel: [    4.683227] usb 1-2.3: configuration #1 chosen from 1 choice
Feb  7 13:27:05 vader-rover kernel: [    4.683807] usb 1-2.3: adding 1-2.3:1.0 (config #1, interface 0)
Feb  7 13:27:05 vader-rover kernel: [    4.684631] hub 1-2:1.0: port 4, status 0101, change 0000, 12 Mb/s
Feb  7 13:27:05 vader-rover kernel: [    4.768615] usb 1-2.4: new high-speed USB device number 6 using ehci-omap
Feb  7 13:27:05 vader-rover kernel: [    4.909606] usb 1-2.4: udev 6, busnum 1, minor = 5
Feb  7 13:27:05 vader-rover kernel: [    4.909667] usb 1-2.4: New USB device found, idVendor=0409, idProduct=005a
Feb  7 13:27:05 vader-rover kernel: [    4.938079] usb 1-2.4: New USB device strings: Mfr=0, Product=0, SerialNumber=0
Feb  7 13:27:05 vader-rover kernel: [    4.975311] usb 1-2.4: usb_probe_device
Feb  7 13:27:05 vader-rover kernel: [    4.975341] usb 1-2.4: configuration #1 chosen from 1 choice
Feb  7 13:27:05 vader-rover kernel: [    4.975738] usb 1-2.4: adding 1-2.4:1.0 (config #1, interface 0)
Feb  7 13:27:05 vader-rover kernel: [    4.975982] hub 1-2.4:1.0: usb_probe_interface
Feb  7 13:27:05 vader-rover kernel: [    4.976013] hub 1-2.4:1.0: usb_probe_interface - got id
Feb  7 13:27:05 vader-rover kernel: [    4.976043] hub 1-2.4:1.0: USB hub found
Feb  7 13:27:05 vader-rover kernel: [    4.997131] hub 1-2.4:1.0: 4 ports detected
Feb  7 13:27:05 vader-rover kernel: [    5.022155] hub 1-2.4:1.0: standalone hub
Feb  7 13:27:05 vader-rover kernel: [    5.022186] hub 1-2.4:1.0: individual port power switching
Feb  7 13:27:05 vader-rover kernel: [    5.022216] hub 1-2.4:1.0: individual port over-current protection
Feb  7 13:27:05 vader-rover kernel: [    5.022216] hub 1-2.4:1.0: Single TT
Feb  7 13:27:05 vader-rover kernel: [    5.022247] hub 1-2.4:1.0: TT requires at most 16 FS bit times (1332 ns)
Feb  7 13:27:05 vader-rover kernel: [    5.022277] hub 1-2.4:1.0: power on to power good time: 100ms
Feb  7 13:27:05 vader-rover kernel: [    5.023162] hub 1-2.4:1.0: local power source is good
Feb  7 13:27:05 vader-rover kernel: [    5.023193] hub 1-2.4:1.0: enabling power on all ports
Feb  7 13:27:05 vader-rover kernel: [    5.024932] hub 1-2:1.0: state 7 ports 4 chg 0000 evt 0010
Feb  7 13:27:05 vader-rover kernel: [    5.120483] hub 1-2.4:1.0: port 2: status 0101 change 0001
Feb  7 13:27:05 vader-rover kernel: [    5.183502] EXT3-fs (mmcblk0p2): mounted filesystem with writeback data mode
Feb  7 13:27:05 vader-rover kernel: [    5.196655] kjournald starting.  Commit interval 5 seconds
Feb  7 13:27:05 vader-rover kernel: [    5.221649] usb 1-2.4: link qh256-0001/de118cc0 start 2 [1/0 us]
Feb  7 13:27:05 vader-rover kernel: [    5.221740] hub 1-2.4:1.0: state 7 ports 4 chg 0004 evt 0000
Feb  7 13:27:05 vader-rover kernel: [    5.222045] hub 1-2.4:1.0: port 2, status 0101, change 0000, 12 Mb/s
Feb  7 13:27:05 vader-rover kernel: [    5.307769] usb 1-2.4.2: new full-speed USB device number 7 using ehci-omap
Feb  7 13:27:05 vader-rover kernel: [    5.455871] usb 1-2.4.2: ep0 maxpacket = 8
Feb  7 13:27:05 vader-rover kernel: [    5.458709] usb 1-2.4.2: default language 0x0409
Feb  7 13:27:05 vader-rover kernel: [    5.463897] usb 1-2.4.2: udev 7, busnum 1, minor = 6
Feb  7 13:27:05 vader-rover kernel: [    5.463928] usb 1-2.4.2: New USB device found, idVendor=0403, idProduct=6001
Feb  7 13:27:05 vader-rover kernel: [    5.478027] usb 1-2.4.2: New USB device strings: Mfr=1, Product=2, SerialNumber=3
Feb  7 13:27:05 vader-rover kernel: [    5.491638] usb 1-2.4.2: Product: FT232R USB UART
Feb  7 13:27:05 vader-rover kernel: [    5.502136] usb 1-2.4.2: Manufacturer: FTDI
Feb  7 13:27:05 vader-rover kernel: [    5.512542] usb 1-2.4.2: SerialNumber: A702LYT7
Feb  7 13:27:05 vader-rover kernel: [    5.524932] usb 1-2.4.2: usb_probe_device
Feb  7 13:27:05 vader-rover kernel: [    5.524963] usb 1-2.4.2: configuration #1 chosen from 1 choice
Feb  7 13:27:05 vader-rover kernel: [    5.526214] usb 1-2.4.2: adding 1-2.4.2:1.0 (config #1, interface 0)
Feb  7 13:27:05 vader-rover kernel: [    7.203308] end_request: I/O error, dev mtdblock0, sector 0
Feb  7 13:27:05 vader-rover kernel: [    7.214569] Buffer I/O error on device mtdblock0, logical block 0
Feb  7 13:27:05 vader-rover kernel: [    7.330078] end_request: I/O error, dev mtdblock0, sector 0
Feb  7 13:27:05 vader-rover kernel: [    7.341369] Buffer I/O error on device mtdblock0, logical block 0
Feb  7 13:27:05 vader-rover kernel: [    7.445800] end_request: I/O error, dev mtdblock0, sector 0
Feb  7 13:27:05 vader-rover kernel: [    7.457122] Buffer I/O error on device mtdblock0, logical block 0
Feb  7 13:27:05 vader-rover kernel: [    7.557556] end_request: I/O error, dev mtdblock0, sector 0
Feb  7 13:27:05 vader-rover kernel: [    7.568847] Buffer I/O error on device mtdblock0, logical block 0
Feb  7 13:27:05 vader-rover kernel: [    7.662322] end_request: I/O error, dev mtdblock0, sector 0
Feb  7 13:27:05 vader-rover kernel: [    7.673522] Buffer I/O error on device mtdblock0, logical block 0
Feb  7 13:27:05 vader-rover kernel: [    7.776458] end_request: I/O error, dev mtdblock0, sector 0
Feb  7 13:27:05 vader-rover kernel: [    7.787780] Buffer I/O error on device mtdblock0, logical block 0
Feb  7 13:27:05 vader-rover kernel: [    7.909088] end_request: I/O error, dev mtdblock0, sector 0
Feb  7 13:27:05 vader-rover kernel: [    7.920440] Buffer I/O error on device mtdblock0, logical block 0
Feb  7 13:27:05 vader-rover kernel: [    7.979675] end_request: I/O error, dev mtdblock0, sector 0
Feb  7 13:27:05 vader-rover kernel: [    7.991027] Buffer I/O error on device mtdblock0, logical block 0
Feb  7 13:27:05 vader-rover kernel: [    8.057189] end_request: I/O error, dev mtdblock0, sector 0
Feb  7 13:27:05 vader-rover kernel: [    8.068481] Buffer I/O error on device mtdblock0, logical block 0
Feb  7 13:27:05 vader-rover kernel: [    8.128021] end_request: I/O error, dev mtdblock0, sector 0
Feb  7 13:27:05 vader-rover kernel: [    8.139373] Buffer I/O error on device mtdblock0, logical block 0
Feb  7 13:27:05 vader-rover kernel: [    8.185791] end_request: I/O error, dev mtdblock0, sector 0
Feb  7 13:27:05 vader-rover kernel: [    8.218017] end_request: I/O error, dev mtdblock0, sector 0
Feb  7 13:27:05 vader-rover kernel: [    8.254821] end_request: I/O error, dev mtdblock0, sector 0
Feb  7 13:27:05 vader-rover kernel: [    8.290496] end_request: I/O error, dev mtdblock0, sector 0
Feb  7 13:27:05 vader-rover kernel: [    8.316497] end_request: I/O error, dev mtdblock0, sector 0
Feb  7 13:27:05 vader-rover kernel: [    8.344116] ads7846 spi1.0: touchscreen, irq 210
Feb  7 13:27:05 vader-rover kernel: [    8.344421] ads7846 spi1.0: no device detected, test read result was 0x00000FFF
Feb  7 13:27:05 vader-rover kernel: [    8.349334] Linux media interface: v0.10
Feb  7 13:27:05 vader-rover kernel: [    8.350738] end_request: I/O error, dev mtdblock0, sector 0
Feb  7 13:27:05 vader-rover kernel: [    8.384277] end_request: I/O error, dev mtdblock0, sector 0
Feb  7 13:27:05 vader-rover kernel: [    8.409149] end_request: I/O error, dev mtdblock0, sector 8
Feb  7 13:27:05 vader-rover kernel: [    8.440429] end_request: I/O error, dev mtdblock0, sector 8
Feb  7 13:27:05 vader-rover kernel: [    8.454162] Linux video capture interface: v2.00
Feb  7 13:27:05 vader-rover kernel: [    8.471679] end_request: I/O error, dev mtdblock0, sector 8
Feb  7 13:27:05 vader-rover kernel: [    8.499023] end_request: I/O error, dev mtdblock0, sector 8
Feb  7 13:27:05 vader-rover kernel: [    8.529296] end_request: I/O error, dev mtdblock0, sector 24
Feb  7 13:27:05 vader-rover kernel: [    8.562194] end_request: I/O error, dev mtdblock0, sector 24
Feb  7 13:27:05 vader-rover kernel: [    8.599426] end_request: I/O error, dev mtdblock0, sector 24
Feb  7 13:27:05 vader-rover kernel: [    8.632537] end_request: I/O error, dev mtdblock0, sector 24
Feb  7 13:27:05 vader-rover kernel: [    8.645019] omap3isp omap3isp: Revision 15.0 found
Feb  7 13:27:05 vader-rover kernel: [    8.645172] omap-iommu omap-iommu.0: isp: version 1.1
Feb  7 13:27:05 vader-rover kernel: [    8.665893] end_request: I/O error, dev mtdblock0, sector 56
Feb  7 13:27:05 vader-rover kernel: [    8.697906] end_request: I/O error, dev mtdblock0, sector 56
Feb  7 13:27:05 vader-rover kernel: [    8.738311] end_request: I/O error, dev mtdblock0, sector 56
Feb  7 13:27:05 vader-rover kernel: [    8.773986] mt9v032 3-005c: Probing MT9V032 at address 0x5c
Feb  7 13:27:05 vader-rover kernel: [    8.774291] end_request: I/O error, dev mtdblock0, sector 56
Feb  7 13:27:05 vader-rover kernel: [    8.784667] mt9v032 3-005c: MT9V032 power up failed
Feb  7 13:27:05 vader-rover kernel: [    8.795989] end_request: I/O error, dev mtdblock0, sector 120
Feb  7 13:27:05 vader-rover kernel: [    8.825958] end_request: I/O error, dev mtdblock0, sector 120
Feb  7 13:27:05 vader-rover kernel: [    8.845733] lib80211: common routines for IEEE802.11 drivers
Feb  7 13:27:05 vader-rover kernel: [    8.845764] lib80211_crypt: registered algorithm 'NULL'
Feb  7 13:27:05 vader-rover kernel: [    8.854400] end_request: I/O error, dev mtdblock0, sector 120
Feb  7 13:27:05 vader-rover kernel: [    8.882720] end_request: I/O error, dev mtdblock0, sector 120
Feb  7 13:27:05 vader-rover kernel: [    8.910522] isp_register_subdev_group: Unable to register subdev mt9v032
Feb  7 13:27:05 vader-rover kernel: [    8.922180] end_request: I/O error, dev mtdblock0, sector 0
Feb  7 13:27:05 vader-rover kernel: [    8.934082] end_request: I/O error, dev mtdblock0, sector 0
Feb  7 13:27:05 vader-rover kernel: [    8.963134] end_request: I/O error, dev mtdblock0, sector 8
Feb  7 13:27:05 vader-rover kernel: [    8.994476] end_request: I/O error, dev mtdblock0, sector 8
Feb  7 13:27:05 vader-rover kernel: [    9.019989] end_request: I/O error, dev mtdblock0, sector 24
Feb  7 13:27:05 vader-rover kernel: [    9.046478] end_request: I/O error, dev mtdblock0, sector 24
Feb  7 13:27:05 vader-rover kernel: [    9.075500] end_request: I/O error, dev mtdblock0, sector 56
Feb  7 13:27:05 vader-rover kernel: [    9.093383] cfg80211: Calling CRDA to update world regulatory domain
Feb  7 13:27:05 vader-rover kernel: [    9.108551] end_request: I/O error, dev mtdblock0, sector 56
Feb  7 13:27:05 vader-rover kernel: [    9.133789] end_request: I/O error, dev mtdblock0, sector 120
Feb  7 13:27:05 vader-rover kernel: [    9.157257] end_request: I/O error, dev mtdblock0, sector 120
Feb  7 13:27:05 vader-rover kernel: [    9.189361] end_request: I/O error, dev mtdblock0, sector 0
Feb  7 13:27:05 vader-rover kernel: [    9.217529] end_request: I/O error, dev mtdblock0, sector 0
Feb  7 13:27:05 vader-rover kernel: [    9.240722] end_request: I/O error, dev mtdblock0, sector 0
Feb  7 13:27:05 vader-rover kernel: [    9.255004] libertas_sdio: Libertas SDIO driver
Feb  7 13:27:05 vader-rover kernel: [    9.255035] libertas_sdio: Copyright Pierre Ossman
Feb  7 13:27:05 vader-rover kernel: [    9.265777] end_request: I/O error, dev mtdblock0, sector 0
Feb  7 13:27:05 vader-rover kernel: [    9.293518] end_request: I/O error, dev mtdblock0, sector 0
Feb  7 13:27:05 vader-rover kernel: [    9.321868] end_request: I/O error, dev mtdblock0, sector 0
Feb  7 13:27:05 vader-rover kernel: [    9.337677] end_request: I/O error, dev mtdblock0, sector 64
Feb  7 13:27:05 vader-rover kernel: [    9.354492] end_request: I/O error, dev mtdblock0, sector 64
Feb  7 13:27:05 vader-rover kernel: [    9.376495] end_request: I/O error, dev mtdblock0, sector 64
Feb  7 13:27:05 vader-rover kernel: [    9.392395] end_request: I/O error, dev mtdblock0, sector 64
Feb  7 13:27:05 vader-rover kernel: [    9.416961] end_request: I/O error, dev mtdblock0, sector 64
Feb  7 13:27:05 vader-rover kernel: [    9.432617] end_request: I/O error, dev mtdblock0, sector 64
Feb  7 13:27:05 vader-rover kernel: [    9.448211] end_request: I/O error, dev mtdblock0, sector 64
Feb  7 13:27:05 vader-rover kernel: [    9.462646] end_request: I/O error, dev mtdblock0, sector 64
Feb  7 13:27:05 vader-rover kernel: [    9.481719] end_request: I/O error, dev mtdblock0, sector 64
Feb  7 13:27:05 vader-rover kernel: [    9.505157] end_request: I/O error, dev mtdblock0, sector 0
Feb  7 13:27:05 vader-rover kernel: [    9.525421] end_request: I/O error, dev mtdblock0, sector 0
Feb  7 13:27:05 vader-rover kernel: [    9.548400] end_request: I/O error, dev mtdblock0, sector 0
Feb  7 13:27:05 vader-rover kernel: [    9.574737] end_request: I/O error, dev mtdblock0, sector 0
Feb  7 13:27:05 vader-rover kernel: [    9.601501] end_request: I/O error, dev mtdblock0, sector 0
Feb  7 13:27:05 vader-rover kernel: [    9.618957] end_request: I/O error, dev mtdblock0, sector 16
Feb  7 13:27:05 vader-rover kernel: [    9.639404] end_request: I/O error, dev mtdblock0, sector 0
Feb  7 13:27:05 vader-rover kernel: [    9.677093] end_request: I/O error, dev mtdblock0, sector 0
Feb  7 13:27:05 vader-rover kernel: [    9.710327] end_request: I/O error, dev mtdblock0, sector 0
Feb  7 13:27:05 vader-rover kernel: [    9.757720] end_request: I/O error, dev mtdblock0, sector 0
Feb  7 13:27:05 vader-rover kernel: [    9.792907] end_request: I/O error, dev mtdblock0, sector 0
Feb  7 13:27:05 vader-rover kernel: [    9.833282] end_request: I/O error, dev mtdblock0, sector 0
Feb  7 13:27:05 vader-rover kernel: [    9.852264] end_request: I/O error, dev mtdblock0, sector 0
Feb  7 13:27:05 vader-rover kernel: [    9.874145] end_request: I/O error, dev mtdblock0, sector 0
Feb  7 13:27:05 vader-rover kernel: [    9.898925] end_request: I/O error, dev mtdblock0, sector 0
Feb  7 13:27:05 vader-rover kernel: [    9.916961] end_request: I/O error, dev mtdblock0, sector 0
Feb  7 13:27:05 vader-rover kernel: [    9.932586] end_request: I/O error, dev mtdblock0, sector 0
Feb  7 13:27:05 vader-rover kernel: [    9.952148] end_request: I/O error, dev mtdblock0, sector 0
Feb  7 13:27:05 vader-rover kernel: [    9.971679] end_request: I/O error, dev mtdblock0, sector 0
Feb  7 13:27:05 vader-rover kernel: [    9.995361] end_request: I/O error, dev mtdblock0, sector 0
Feb  7 13:27:05 vader-rover kernel: [   10.014434] end_request: I/O error, dev mtdblock0, sector 0
Feb  7 13:27:05 vader-rover kernel: [   10.038848] end_request: I/O error, dev mtdblock0, sector 0
Feb  7 13:27:05 vader-rover kernel: [   10.054412] end_request: I/O error, dev mtdblock0, sector 0
Feb  7 13:27:05 vader-rover kernel: [   10.081146] end_request: I/O error, dev mtdblock0, sector 0
Feb  7 13:27:05 vader-rover kernel: [   10.094421] end_request: I/O error, dev mtdblock0, sector 8
Feb  7 13:27:05 vader-rover kernel: [   10.112274] end_request: I/O error, dev mtdblock0, sector 0
Feb  7 13:27:05 vader-rover kernel: [   10.126373] end_request: I/O error, dev mtdblock0, sector 0
Feb  7 13:27:05 vader-rover kernel: [   10.151733] end_request: I/O error, dev mtdblock0, sector 0
Feb  7 13:27:05 vader-rover kernel: [   10.172912] end_request: I/O error, dev mtdblock0, sector 0
Feb  7 13:27:05 vader-rover kernel: [   10.513977] end_request: I/O error, dev mtdblock0, sector 0
Feb  7 13:27:05 vader-rover kernel: [   10.530731] end_request: I/O error, dev mtdblock0, sector 0
Feb  7 13:27:05 vader-rover kernel: [   10.560546] end_request: I/O error, dev mtdblock0, sector 0
Feb  7 13:27:05 vader-rover kernel: [   10.574279] end_request: I/O error, dev mtdblock0, sector 0
Feb  7 13:27:05 vader-rover kernel: [   10.592041] end_request: I/O error, dev mtdblock0, sector 0
Feb  7 13:27:05 vader-rover kernel: [   10.616973] end_request: I/O error, dev mtdblock0, sector 0
Feb  7 13:27:05 vader-rover kernel: [   10.642608] end_request: I/O error, dev mtdblock0, sector 0
Feb  7 13:27:05 vader-rover kernel: [   10.661499] end_request: I/O error, dev mtdblock0, sector 0
Feb  7 13:27:05 vader-rover kernel: [   10.682556] end_request: I/O error, dev mtdblock0, sector 0
Feb  7 13:27:05 vader-rover kernel: [   10.701751] end_request: I/O error, dev mtdblock0, sector 0
Feb  7 13:27:05 vader-rover kernel: [   10.714935] usbcore: registered new interface driver usbserial
Feb  7 13:27:05 vader-rover kernel: [   10.715362] usbcore: registered new interface driver usbserial_generic
Feb  7 13:27:05 vader-rover kernel: [   10.715698] USB Serial support registered for generic
Feb  7 13:27:05 vader-rover kernel: [   10.715728] usbserial: USB Serial Driver core
Feb  7 13:27:05 vader-rover kernel: [   10.729461] end_request: I/O error, dev mtdblock0, sector 0
Feb  7 13:27:05 vader-rover kernel: [   10.748718] end_request: I/O error, dev mtdblock0, sector 0
Feb  7 13:27:05 vader-rover kernel: [   10.769775] end_request: I/O error, dev mtdblock0, sector 0
Feb  7 13:27:05 vader-rover kernel: [   10.779144] usbcore: registered new interface driver pl2303
Feb  7 13:27:05 vader-rover kernel: [   10.779510] USB Serial support registered for pl2303
Feb  7 13:27:05 vader-rover kernel: [   10.779571] pl2303 1-2.1:1.0: usb_probe_interface
Feb  7 13:27:05 vader-rover kernel: [   10.779602] pl2303 1-2.1:1.0: usb_probe_interface - got id
Feb  7 13:27:05 vader-rover kernel: [   10.779632] pl2303 1-2.1:1.0: pl2303 converter detected
Feb  7 13:27:05 vader-rover kernel: [   10.790496] end_request: I/O error, dev mtdblock0, sector 0
Feb  7 13:27:05 vader-rover kernel: [   10.798675] usb 1-2.1: pl2303 converter now attached to ttyUSB0
Feb  7 13:27:05 vader-rover kernel: [   10.805053] usbcore: registered new interface driver ftdi_sio
Feb  7 13:27:05 vader-rover kernel: [   10.805419] USB Serial support registered for FTDI USB Serial Device
Feb  7 13:27:05 vader-rover kernel: [   10.805816] ftdi_sio 1-2.4.2:1.0: usb_probe_interface
Feb  7 13:27:05 vader-rover kernel: [   10.805847] ftdi_sio 1-2.4.2:1.0: usb_probe_interface - got id
Feb  7 13:27:05 vader-rover kernel: [   10.805908] ftdi_sio 1-2.4.2:1.0: FTDI USB Serial Device converter detected
Feb  7 13:27:05 vader-rover kernel: [   10.811676] end_request: I/O error, dev mtdblock0, sector 0
Feb  7 13:27:05 vader-rover kernel: [   10.828491] usb 1-2.4.2: Detected FT232RL
Feb  7 13:27:05 vader-rover kernel: [   10.828521] usb 1-2.4.2: Number of endpoints 2
Feb  7 13:27:05 vader-rover kernel: [   10.828552] usb 1-2.4.2: Endpoint 1 MaxPacketSize 64
Feb  7 13:27:05 vader-rover kernel: [   10.828552] usb 1-2.4.2: Endpoint 2 MaxPacketSize 64
Feb  7 13:27:05 vader-rover kernel: [   10.828582] usb 1-2.4.2: Setting MaxPacketSize 64
Feb  7 13:27:05 vader-rover kernel: [   10.833099] usb 1-2.4.2: FTDI USB Serial Device converter now attached to ttyUSB1
Feb  7 13:27:05 vader-rover kernel: [   10.833221] ftdi_sio: v1.6.0:USB FTDI Serial Converters Driver
Feb  7 13:27:05 vader-rover kernel: [   10.834014] end_request: I/O error, dev mtdblock0, sector 0
Feb  7 13:27:05 vader-rover kernel: [   10.855957] end_request: I/O error, dev mtdblock0, sector 0
Feb  7 13:27:05 vader-rover kernel: [   10.870086] end_request: I/O error, dev mtdblock0, sector 8
Feb  7 13:27:05 vader-rover kernel: [   10.885803] end_request: I/O error, dev mtdblock0, sector 8
Feb  7 13:27:05 vader-rover kernel: [   10.900451] end_request: I/O error, dev mtdblock0, sector 8
Feb  7 13:27:05 vader-rover kernel: [   10.915649] end_request: I/O error, dev mtdblock0, sector 8
Feb  7 13:27:05 vader-rover kernel: [   10.930938] end_request: I/O error, dev mtdblock0, sector 24
Feb  7 13:27:05 vader-rover kernel: [   10.949005] end_request: I/O error, dev mtdblock0, sector 24
Feb  7 13:27:05 vader-rover kernel: [   10.963684] end_request: I/O error, dev mtdblock0, sector 24
Feb  7 13:27:05 vader-rover kernel: [   10.979644] end_request: I/O error, dev mtdblock0, sector 24
Feb  7 13:27:05 vader-rover kernel: [   10.994323] end_request: I/O error, dev mtdblock0, sector 56
Feb  7 13:27:05 vader-rover kernel: [   11.010803] end_request: I/O error, dev mtdblock0, sector 56
Feb  7 13:27:05 vader-rover kernel: [   11.024719] end_request: I/O error, dev mtdblock0, sector 56
Feb  7 13:27:05 vader-rover kernel: [   11.039916] end_request: I/O error, dev mtdblock0, sector 56
Feb  7 13:27:05 vader-rover kernel: [   11.057678] end_request: I/O error, dev mtdblock0, sector 120
Feb  7 13:27:05 vader-rover kernel: [   11.072814] end_request: I/O error, dev mtdblock0, sector 120
Feb  7 13:27:05 vader-rover kernel: [   11.086975] end_request: I/O error, dev mtdblock0, sector 120
Feb  7 13:27:05 vader-rover kernel: [   11.104583] end_request: I/O error, dev mtdblock0, sector 120
Feb  7 13:27:05 vader-rover kernel: [   11.118041] end_request: I/O error, dev mtdblock0, sector 0
Feb  7 13:27:05 vader-rover kernel: [   11.135772] end_request: I/O error, dev mtdblock0, sector 0
Feb  7 13:27:05 vader-rover kernel: [   11.151367] end_request: I/O error, dev mtdblock0, sector 8
Feb  7 13:27:05 vader-rover kernel: [   11.167144] end_request: I/O error, dev mtdblock0, sector 8
Feb  7 13:27:05 vader-rover kernel: [   11.177337] end_request: I/O error, dev mtdblock0, sector 24
Feb  7 13:27:05 vader-rover kernel: [   11.193450] end_request: I/O error, dev mtdblock0, sector 24
Feb  7 13:27:05 vader-rover kernel: [   11.213897] end_request: I/O error, dev mtdblock0, sector 56
Feb  7 13:27:05 vader-rover kernel: [   11.229583] end_request: I/O error, dev mtdblock0, sector 56
Feb  7 13:27:05 vader-rover kernel: [   11.245117] end_request: I/O error, dev mtdblock0, sector 120
Feb  7 13:27:05 vader-rover kernel: [   11.260955] end_request: I/O error, dev mtdblock0, sector 120
Feb  7 13:27:05 vader-rover kernel: [   11.276336] end_request: I/O error, dev mtdblock0, sector 0
Feb  7 13:27:05 vader-rover kernel: [   11.283935] end_request: I/O error, dev mtdblock0, sector 0
Feb  7 13:27:05 vader-rover kernel: [   11.302215] end_request: I/O error, dev mtdblock0, sector 0
Feb  7 13:27:05 vader-rover kernel: [   11.318328] end_request: I/O error, dev mtdblock0, sector 0
Feb  7 13:27:05 vader-rover kernel: [   11.332977] end_request: I/O error, dev mtdblock0, sector 0
Feb  7 13:27:05 vader-rover kernel: [   11.354644] end_request: I/O error, dev mtdblock0, sector 0
Feb  7 13:27:05 vader-rover kernel: [   11.362274] end_request: I/O error, dev mtdblock0, sector 64
Feb  7 13:27:05 vader-rover kernel: [   11.377899] end_request: I/O error, dev mtdblock0, sector 64
Feb  7 13:27:05 vader-rover kernel: [   11.393524] end_request: I/O error, dev mtdblock0, sector 64
Feb  7 13:27:05 vader-rover kernel: [   11.411590] end_request: I/O error, dev mtdblock0, sector 64
Feb  7 13:27:05 vader-rover kernel: [   11.432586] end_request: I/O error, dev mtdblock0, sector 64
Feb  7 13:27:05 vader-rover kernel: [   11.448455] end_request: I/O error, dev mtdblock0, sector 64
Feb  7 13:27:05 vader-rover kernel: [   11.456085] end_request: I/O error, dev mtdblock0, sector 64
Feb  7 13:27:05 vader-rover kernel: [   11.471649] end_request: I/O error, dev mtdblock0, sector 64
Feb  7 13:27:05 vader-rover kernel: [   11.487274] end_request: I/O error, dev mtdblock0, sector 64
Feb  7 13:27:05 vader-rover kernel: [   11.509124] end_request: I/O error, dev mtdblock0, sector 0
Feb  7 13:27:05 vader-rover kernel: [   11.526336] end_request: I/O error, dev mtdblock0, sector 0
Feb  7 13:27:05 vader-rover kernel: [   11.537719] end_request: I/O error, dev mtdblock0, sector 0
Feb  7 13:27:05 vader-rover kernel: [   11.552764] end_request: I/O error, dev mtdblock0, sector 0
Feb  7 13:27:05 vader-rover kernel: [   11.565399] end_request: I/O error, dev mtdblock0, sector 0
Feb  7 13:27:05 vader-rover kernel: [   11.581024] end_request: I/O error, dev mtdblock0, sector 16
Feb  7 13:27:05 vader-rover kernel: [   11.596649] end_request: I/O error, dev mtdblock0, sector 0
Feb  7 13:27:05 vader-rover kernel: [   11.612274] end_request: I/O error, dev mtdblock0, sector 0
Feb  7 13:27:05 vader-rover kernel: [   11.626312] end_request: I/O error, dev mtdblock0, sector 0
Feb  7 13:27:05 vader-rover kernel: [   11.648132] end_request: I/O error, dev mtdblock0, sector 0
Feb  7 13:27:05 vader-rover kernel: [   11.666198] end_request: I/O error, dev mtdblock0, sector 0
Feb  7 13:27:05 vader-rover kernel: [   11.684356] end_request: I/O error, dev mtdblock0, sector 0
Feb  7 13:27:05 vader-rover kernel: [   11.704376] end_request: I/O error, dev mtdblock0, sector 0
Feb  7 13:27:05 vader-rover kernel: [   11.715789] end_request: I/O error, dev mtdblock0, sector 0
Feb  7 13:27:05 vader-rover kernel: [   11.729644] end_request: I/O error, dev mtdblock0, sector 0
Feb  7 13:27:05 vader-rover kernel: [   11.745117] end_request: I/O error, dev mtdblock0, sector 0
Feb  7 13:27:05 vader-rover kernel: [   11.760711] end_request: I/O error, dev mtdblock0, sector 0
Feb  7 13:27:05 vader-rover kernel: [   11.774475] end_request: I/O error, dev mtdblock0, sector 0
Feb  7 13:27:05 vader-rover kernel: [   11.794616] end_request: I/O error, dev mtdblock0, sector 0
Feb  7 13:27:05 vader-rover kernel: [   11.821014] end_request: I/O error, dev mtdblock0, sector 0
Feb  7 13:27:05 vader-rover kernel: [   11.838928] end_request: I/O error, dev mtdblock0, sector 0
Feb  7 13:27:05 vader-rover kernel: [   11.847534] end_request: I/O error, dev mtdblock0, sector 0
Feb  7 13:27:05 vader-rover kernel: [   11.862274] end_request: I/O error, dev mtdblock0, sector 0
Feb  7 13:27:05 vader-rover kernel: [   11.877899] end_request: I/O error, dev mtdblock0, sector 0
Feb  7 13:27:05 vader-rover kernel: [   11.897918] end_request: I/O error, dev mtdblock0, sector 8
Feb  7 13:27:05 vader-rover kernel: [   11.917114] end_request: I/O error, dev mtdblock0, sector 0
Feb  7 13:27:05 vader-rover kernel: [   11.932586] end_request: I/O error, dev mtdblock0, sector 0
Feb  7 13:27:05 vader-rover kernel: [   11.952239] end_request: I/O error, dev mtdblock0, sector 0
Feb  7 13:27:05 vader-rover kernel: [   11.983154] end_request: I/O error, dev mtdblock0, sector 0
Feb  7 13:27:05 vader-rover kernel: [   12.509002] EXT3-fs (mmcblk0p2): using internal journal
Feb  7 13:27:05 vader-rover kernel: [   14.968078] NET: Registered protocol family 10
Feb  7 13:27:05 vader-rover avahi-daemon[515]: Found user 'avahi' (UID 107) and group 'avahi' (GID 112).
Feb  7 13:27:05 vader-rover avahi-daemon[515]: Successfully dropped root privileges.
Feb  7 13:27:05 vader-rover avahi-daemon[515]: avahi-daemon 0.6.30 starting up.
Feb  7 13:27:05 vader-rover avahi-daemon[515]: Successfully called chroot().
Feb  7 13:27:05 vader-rover avahi-daemon[515]: Successfully dropped remaining capabilities.
Feb  7 13:27:05 vader-rover avahi-daemon[515]: Loading service file /services/udisks.service.
Feb  7 13:27:05 vader-rover avahi-daemon[515]: Network interface enumeration completed.
Feb  7 13:27:05 vader-rover avahi-daemon[515]: Registering HINFO record with values 'ARMV7L'/'LINUX'.
Feb  7 13:27:05 vader-rover avahi-daemon[515]: Server startup complete. Host name is vader-rover.local. Local service cookie is 1231317801.
Feb  7 13:27:05 vader-rover avahi-daemon[515]: Service "vader-rover" (/services/udisks.service) successfully established.
Feb  7 13:27:05 vader-rover kernel: [   16.040618] cfg80211: World regulatory domain updated:
Feb  7 13:27:05 vader-rover kernel: [   16.040649] cfg80211:   (start_freq - end_freq @ bandwidth), (max_antenna_gain, max_eirp)
Feb  7 13:27:05 vader-rover kernel: [   16.040649] cfg80211:   (2402000 KHz - 2472000 KHz @ 40000 KHz), (300 mBi, 2000 mBm)
Feb  7 13:27:05 vader-rover kernel: [   16.040679] cfg80211:   (2457000 KHz - 2482000 KHz @ 20000 KHz), (300 mBi, 2000 mBm)
Feb  7 13:27:05 vader-rover kernel: [   16.040679] cfg80211:   (2474000 KHz - 2494000 KHz @ 20000 KHz), (300 mBi, 2000 mBm)
Feb  7 13:27:05 vader-rover kernel: [   16.040710] cfg80211:   (5170000 KHz - 5250000 KHz @ 40000 KHz), (300 mBi, 2000 mBm)
Feb  7 13:27:05 vader-rover kernel: [   16.040710] cfg80211:   (5735000 KHz - 5835000 KHz @ 40000 KHz), (300 mBi, 2000 mBm)
Feb  7 13:27:06 vader-rover kernel: [   16.480621] libertas_sdio mmc1:0001:1: (unregistered net_device): 00:19:88:45:0b:0a, fw 9.70.3p36, cap 0x00000303
Feb  7 13:27:06 vader-rover kernel: [   16.504425] libertas_sdio mmc1:0001:1: wlan0: Marvell WLAN 802.11 adapter
Feb  7 13:27:06 vader-rover kernel: [   16.504974] cfg80211: Calling CRDA for country: US
Feb  7 13:27:06 vader-rover kernel: [   16.849304] cfg80211: Regulatory domain changed to country: US
Feb  7 13:27:06 vader-rover kernel: [   16.849334] cfg80211:   (start_freq - end_freq @ bandwidth), (max_antenna_gain, max_eirp)
Feb  7 13:27:06 vader-rover kernel: [   16.849334] cfg80211:   (2402000 KHz - 2472000 KHz @ 40000 KHz), (300 mBi, 2700 mBm)
Feb  7 13:27:06 vader-rover kernel: [   16.849365] cfg80211:   (5170000 KHz - 5250000 KHz @ 40000 KHz), (300 mBi, 1700 mBm)
Feb  7 13:27:06 vader-rover kernel: [   16.849365] cfg80211:   (5250000 KHz - 5330000 KHz @ 40000 KHz), (300 mBi, 2000 mBm)
Feb  7 13:27:06 vader-rover kernel: [   16.849395] cfg80211:   (5490000 KHz - 5600000 KHz @ 40000 KHz), (300 mBi, 2000 mBm)
Feb  7 13:27:06 vader-rover kernel: [   16.849395] cfg80211:   (5650000 KHz - 5710000 KHz @ 40000 KHz), (300 mBi, 2000 mBm)
Feb  7 13:27:06 vader-rover kernel: [   16.849426] cfg80211:   (5735000 KHz - 5835000 KHz @ 40000 KHz), (300 mBi, 3000 mBm)
Feb  7 13:27:07 vader-rover kernel: [   17.687225] IPv6: ADDRCONF(NETDEV_UP): wlan0: link is not ready
Feb  7 13:27:07 vader-rover kernel: [   17.691253] IPv6: ADDRCONF(NETDEV_CHANGE): wlan0: link becomes ready
Feb  7 13:27:07 vader-rover dhclient: DHCPDISCOVER on wlan0 to 255.255.255.255 port 67 interval 3
Feb  7 13:27:08 vader-rover dhclient: DHCPREQUEST of 192.168.2.7 on wlan0 to 255.255.255.255 port 67
Feb  7 13:27:08 vader-rover dhclient: DHCPOFFER of 192.168.2.7 from 192.168.2.1
Feb  7 13:27:08 vader-rover dhclient: DHCPACK of 192.168.2.7 from 192.168.2.1
Feb  7 13:27:08 vader-rover avahi-daemon[515]: Joining mDNS multicast group on interface wlan0.IPv4 with address 192.168.2.7.
Feb  7 13:27:08 vader-rover avahi-daemon[515]: New relevant interface wlan0.IPv4 for mDNS.
Feb  7 13:27:08 vader-rover avahi-daemon[515]: Registering new address record for 192.168.2.7 on wlan0.IPv4.
Feb  7 13:27:09 vader-rover avahi-daemon[515]: Joining mDNS multicast group on interface wlan0.IPv6 with address fe80::219:88ff:fe45:b0a.
Feb  7 13:27:09 vader-rover avahi-daemon[515]: New relevant interface wlan0.IPv6 for mDNS.
Feb  7 13:27:09 vader-rover avahi-daemon[515]: Registering new address record for fe80::219:88ff:fe45:b0a on wlan0.*.
Feb  7 13:27:09 vader-rover dhclient: bound to 192.168.2.7 -- renewal in 124675236 seconds.
Feb  7 13:27:10 vader-rover avahi-daemon[515]: Leaving mDNS multicast group on interface wlan0.IPv6 with address fe80::219:88ff:fe45:b0a.
Feb  7 13:27:10 vader-rover avahi-daemon[515]: Joining mDNS multicast group on interface wlan0.IPv6 with address 2002:802e:d6bc:1234:219:88ff:fe45:b0a.
Feb  7 13:27:10 vader-rover avahi-daemon[515]: Registering new address record for 2002:802e:d6bc:1234:219:88ff:fe45:b0a on wlan0.*.
Feb  7 13:27:10 vader-rover avahi-daemon[515]: Withdrawing address record for fe80::219:88ff:fe45:b0a on wlan0.
Feb  7 13:27:11 vader-rover anacron[738]: Anacron 2.3 started on 2014-02-07
Feb  7 13:27:11 vader-rover cron[719]: (CRON) INFO (pidfile fd = 3)
Feb  7 13:27:11 vader-rover anacron[738]: Normal exit (0 jobs run)
Feb  7 13:27:11 vader-rover kernel: [   21.863800] pwm: frequency=50 Hz servo=1 servo_min = 10000 servo_max = 20000
Feb  7 13:27:11 vader-rover cron[741]: (CRON) STARTUP (fork ok)
Feb  7 13:27:11 vader-rover cron[741]: (CRON) INFO (Running @reboot jobs)
Feb  7 13:27:11 vader-rover kernel: [   22.064300] GPIO Event Monitor 0.1 Compiled: Jan 13 2014 at 15:50:49
Feb  7 13:27:11 vader-rover dbus[493]: [system] Activating service name='org.freedesktop.ConsoleKit' (using servicehelper)
Feb  7 13:27:12 vader-rover ntpd[850]: ntpd 4.2.6p3@1.2290 Tue Mar  6 15:10:33 UTC 2012 (1)
Feb  7 13:27:12 vader-rover ntpd[855]: proto: precision = 30.517 usec
Feb  7 13:27:12 vader-rover ntpd[855]: ntp_io: estimated max descriptors: 1024, initial socket boundary: 16
Feb  7 13:27:12 vader-rover ntpd[855]: unable to bind to wildcard address 0.0.0.0 - another process may be running - EXITING
Feb  7 13:27:12 vader-rover dbus[493]: [system] Activating service name='org.freedesktop.PolicyKit1' (using servicehelper)
Feb  7 13:27:13 vader-rover polkitd[860]: started daemon version 0.104 using authority implementation `local' version `0.104'
Feb  7 13:27:13 vader-rover dbus[493]: [system] Successfully activated service 'org.freedesktop.PolicyKit1'
Feb  7 13:27:13 vader-rover dbus[493]: [system] Successfully activated service 'org.freedesktop.ConsoleKit'
Feb  7 13:27:23 vader-rover ntpdate[673]: adjust time server 2600:3c00::2:b401 offset -0.015640 sec
Feb  7 13:27:23 vader-rover ntpd[985]: ntpd 4.2.6p3@1.2290 Tue Mar  6 15:10:33 UTC 2012 (1)
Feb  7 13:27:23 vader-rover ntpd[986]: proto: precision = 30.517 usec
Feb  7 13:27:23 vader-rover ntpd[986]: ntp_io: estimated max descriptors: 1024, initial socket boundary: 16
Feb  7 13:27:23 vader-rover ntpd[986]: Listen and drop on 0 v4wildcard 0.0.0.0 UDP 123
Feb  7 13:27:23 vader-rover ntpd[986]: Listen and drop on 1 v6wildcard :: UDP 123
Feb  7 13:27:23 vader-rover ntpd[986]: Listen normally on 2 lo 127.0.0.1 UDP 123
Feb  7 13:27:23 vader-rover ntpd[986]: Listen normally on 3 wlan0 192.168.2.7 UDP 123
Feb  7 13:27:23 vader-rover ntpd[986]: Listen normally on 4 wlan0 2002:802e:d6bc:1234:219:88ff:fe45:b0a UDP 123
Feb  7 13:27:23 vader-rover ntpd[986]: Listen normally on 5 wlan0 fe80::219:88ff:fe45:b0a UDP 123
Feb  7 13:27:23 vader-rover ntpd[986]: Listen normally on 6 lo ::1 UDP 123
Feb  7 13:27:23 vader-rover ntpd[986]: peers refreshed
Feb  7 13:27:23 vader-rover ntpd[986]: Listening on routing socket on fd #23 for interface updates
Feb  7 13:33:22 vader-rover kernel: Kernel logging (proc) stopped.
Feb  7 13:33:22 vader-rover rsyslogd: [origin software="rsyslogd" swVersion="5.8.6" x-pid="499" x-info="http://www.rsyslog.com"] exiting on signal 15.
Feb  7 13:33:50 vader-rover kernel: imklog 5.8.6, log source = /proc/kmsg started.
Feb  7 13:33:50 vader-rover rsyslogd: [origin software="rsyslogd" swVersion="5.8.6" x-pid="495" x-info="http://www.rsyslog.com"] start
Feb  7 13:33:50 vader-rover rsyslogd: rsyslogd's groupid changed to 103
Feb  7 13:33:50 vader-rover rsyslogd: rsyslogd's userid changed to 101
Feb  7 13:33:50 vader-rover rsyslogd-2039: Could not open output pipe '/dev/xconsole' [try http://www.rsyslog.com/e/2039 ]
Feb  7 13:33:50 vader-rover kernel: [    0.000000] Booting Linux on physical CPU 0
Feb  7 13:33:50 vader-rover kernel: [    0.000000] Initializing cgroup subsys cpuset
Feb  7 13:33:50 vader-rover kernel: [    0.000000] Initializing cgroup subsys cpu
Feb  7 13:33:50 vader-rover kernel: [    0.000000] Linux version 3.5.0-2-linaro-omap (adam@pine) (gcc version 4.6.3 (Ubuntu/Linaro 4.6.3-1ubuntu5) ) #2~ci+121210190143 PREEMPT Mon Dec 10 11:03:27 PST 2012
Feb  7 13:33:50 vader-rover kernel: [    0.000000] CPU: ARMv7 Processor [413fc082] revision 2 (ARMv7), cr=10c53c7d
Feb  7 13:33:50 vader-rover kernel: [    0.000000] CPU: PIPT / VIPT nonaliasing data cache, VIPT aliasing instruction cache
Feb  7 13:33:50 vader-rover kernel: [    0.000000] Machine: Gumstix Overo
Feb  7 13:33:50 vader-rover kernel: [    0.000000] Reserving 12582912 bytes SDRAM for VRAM
Feb  7 13:33:50 vader-rover kernel: [    0.000000] Memory policy: ECC disabled, Data cache writeback
Feb  7 13:33:50 vader-rover kernel: [    0.000000] On node 0 totalpages: 127744
Feb  7 13:33:50 vader-rover kernel: [    0.000000] free_area_init_node: node 0, pgdat c070b85c, node_mem_map c07a7000
Feb  7 13:33:50 vader-rover kernel: [    0.000000]   Normal zone: 1024 pages used for memmap
Feb  7 13:33:50 vader-rover kernel: [    0.000000]   Normal zone: 0 pages reserved
Feb  7 13:33:50 vader-rover kernel: [    0.000000]   Normal zone: 126720 pages, LIFO batch:31
Feb  7 13:33:50 vader-rover kernel: [    0.000000] OMAP3630 ES1.2 (l2cache iva sgx neon isp 192mhz_clk )
Feb  7 13:33:50 vader-rover kernel: [    0.000000] Clocking rate (Crystal/Core/MPU): 26.0/400/600 MHz
Feb  7 13:33:50 vader-rover kernel: [    0.000000] pcpu-alloc: s0 r0 d32768 u32768 alloc=1*32768
Feb  7 13:33:50 vader-rover kernel: [    0.000000] pcpu-alloc: [0] 0 
Feb  7 13:33:50 vader-rover kernel: [    0.000000] Built 1 zonelists in Zone order, mobility grouping on.  Total pages: 126720
Feb  7 13:33:50 vader-rover kernel: [    0.000000] Kernel command line: console=tty0 console=ttyO2,115200n8 root=/dev/mmcblk0p2 rootwait ro earlyprintk mpurate=500 vram=12M omapdss.def_disp=dvi omapfb.mode=dvi:1024x768MR-16@60
Feb  7 13:33:50 vader-rover kernel: [    0.000000] PID hash table entries: 2048 (order: 1, 8192 bytes)
Feb  7 13:33:50 vader-rover kernel: [    0.000000] Dentry cache hash table entries: 65536 (order: 6, 262144 bytes)
Feb  7 13:33:50 vader-rover kernel: [    0.000000] Inode-cache hash table entries: 32768 (order: 5, 131072 bytes)
Feb  7 13:33:50 vader-rover kernel: [    0.000000] allocated 1048576 bytes of page_cgroup
Feb  7 13:33:50 vader-rover kernel: [    0.000000] please try 'cgroup_disable=memory' option if you don't want memory cgroups
Feb  7 13:33:50 vader-rover kernel: [    0.000000] Memory: 499MB = 499MB total
Feb  7 13:33:50 vader-rover kernel: [    0.000000] Memory: 495744k/495744k available, 28544k reserved, 0K highmem
Feb  7 13:33:50 vader-rover kernel: [    0.000000] Virtual kernel memory layout:
Feb  7 13:33:50 vader-rover kernel: [    0.000000]     vector  : 0xffff0000 - 0xffff1000   (   4 kB)
Feb  7 13:33:50 vader-rover kernel: [    0.000000]     fixmap  : 0xfff00000 - 0xfffe0000   ( 896 kB)
Feb  7 13:33:50 vader-rover kernel: [    0.000000]     vmalloc : 0xe0800000 - 0xff000000   ( 488 MB)
Feb  7 13:33:50 vader-rover kernel: [    0.000000]     lowmem  : 0xc0000000 - 0xe0000000   ( 512 MB)
Feb  7 13:33:50 vader-rover kernel: [    0.000000]     pkmap   : 0xbfe00000 - 0xc0000000   (   2 MB)
Feb  7 13:33:50 vader-rover kernel: [    0.000000]     modules : 0xbf000000 - 0xbfe00000   (  14 MB)
Feb  7 13:33:50 vader-rover kernel: [    0.000000]       .text : 0xc0008000 - 0xc067abfc   (6603 kB)
Feb  7 13:33:50 vader-rover kernel: [    0.000000]       .init : 0xc067b000 - 0xc06b2000   ( 220 kB)
Feb  7 13:33:50 vader-rover kernel: [    0.000000]       .data : 0xc06b2000 - 0xc071b268   ( 421 kB)
Feb  7 13:33:50 vader-rover kernel: [    0.000000]        .bss : 0xc071b28c - 0xc07a6020   ( 556 kB)
Feb  7 13:33:50 vader-rover kernel: [    0.000000] NR_IRQS:474
Feb  7 13:33:50 vader-rover kernel: [    0.000000] IRQ: Found an INTC at 0xfa200000 (revision 4.0) with 96 interrupts
Feb  7 13:33:50 vader-rover kernel: [    0.000000] Total of 96 interrupts on 1 active controller
Feb  7 13:33:50 vader-rover kernel: [    0.000000] OMAP clockevent source: GPTIMER1 at 32768 Hz
Feb  7 13:33:50 vader-rover kernel: [    0.000000] sched_clock: 32 bits at 32kHz, resolution 30517ns, wraps every 131071999ms
Feb  7 13:33:50 vader-rover kernel: [    0.000000] OMAP clocksource: 32k_counter at 32768 Hz
Feb  7 13:33:50 vader-rover kernel: [    0.000000] Console: colour dummy device 80x30
Feb  7 13:33:50 vader-rover kernel: [    0.000000] console [tty0] enabled
Feb  7 13:33:50 vader-rover kernel: [    0.000976] Calibrating delay loop... 597.64 BogoMIPS (lpj=2334720)
Feb  7 13:33:50 vader-rover kernel: [    0.039123] pid_max: default: 32768 minimum: 301
Feb  7 13:33:50 vader-rover kernel: [    0.039306] Security Framework initialized
Feb  7 13:33:50 vader-rover kernel: [    0.039428] Mount-cache hash table entries: 512
Feb  7 13:33:50 vader-rover kernel: [    0.040222] Initializing cgroup subsys debug
Feb  7 13:33:50 vader-rover kernel: [    0.040252] Initializing cgroup subsys cpuacct
Feb  7 13:33:50 vader-rover kernel: [    0.040283] Initializing cgroup subsys memory
Feb  7 13:33:50 vader-rover kernel: [    0.040344] Initializing cgroup subsys devices
Feb  7 13:33:50 vader-rover kernel: [    0.040374] Initializing cgroup subsys freezer
Feb  7 13:33:50 vader-rover kernel: [    0.040405] Initializing cgroup subsys perf_event
Feb  7 13:33:50 vader-rover kernel: [    0.040527] CPU: Testing write buffer coherency: ok
Feb  7 13:33:50 vader-rover kernel: [    0.040832] Setting up static identity map for 0x8046ea98 - 0x8046eaf0
Feb  7 13:33:50 vader-rover kernel: [    0.045837] devtmpfs: initialized
Feb  7 13:33:50 vader-rover kernel: [    0.050567] dummy: 
Feb  7 13:33:50 vader-rover kernel: [    0.050964] NET: Registered protocol family 16
Feb  7 13:33:50 vader-rover kernel: [    0.051422] GPMC revision 5.0
Feb  7 13:33:50 vader-rover kernel: [    0.051483] gpmc: irq-20 could not claim: err -22
Feb  7 13:33:50 vader-rover kernel: [    0.054107] gpiochip_add: registered GPIOs 0 to 31 on device: gpio
Feb  7 13:33:50 vader-rover kernel: [    0.054199] OMAP GPIO hardware version 2.5
Feb  7 13:33:50 vader-rover kernel: [    0.054443] gpiochip_add: registered GPIOs 32 to 63 on device: gpio
Feb  7 13:33:50 vader-rover kernel: [    0.054840] gpiochip_add: registered GPIOs 64 to 95 on device: gpio
Feb  7 13:33:50 vader-rover kernel: [    0.055145] gpiochip_add: registered GPIOs 96 to 127 on device: gpio
Feb  7 13:33:50 vader-rover kernel: [    0.055419] gpiochip_add: registered GPIOs 128 to 159 on device: gpio
Feb  7 13:33:50 vader-rover kernel: [    0.055725] gpiochip_add: registered GPIOs 160 to 191 on device: gpio
Feb  7 13:33:50 vader-rover kernel: [    0.056640] omap_mux_init: Add partition: #1: core, flags: 0
Feb  7 13:33:50 vader-rover kernel: [    0.061584] _omap_mux_get_by_name: Could not find signal uart4_rx.uart4_rx
Feb  7 13:33:50 vader-rover kernel: [    0.067443] Reprogramming SDRC clock to 400000000 Hz
Feb  7 13:33:50 vader-rover kernel: [    0.067474] dpll3_m2_clk rate change failed: -22
Feb  7 13:33:50 vader-rover kernel: [    0.067504] Found NAND on CS0
Feb  7 13:33:50 vader-rover kernel: [    0.067504] Registering NAND on CS0
Feb  7 13:33:50 vader-rover kernel: [    0.068725]  usbhs_omap: alias fck already exists
Feb  7 13:33:50 vader-rover kernel: [    0.076232] hw-breakpoint: debug architecture 0x4 unsupported.
Feb  7 13:33:50 vader-rover kernel: [    0.079284]  omap-mcbsp.2: alias fck already exists
Feb  7 13:33:50 vader-rover kernel: [    0.079498]  omap-mcbsp.3: alias fck already exists
Feb  7 13:33:50 vader-rover kernel: [    0.080566] Switched to new clocking rate (Crystal/Core/MPU): 26.0/400/500 MHz
Feb  7 13:33:50 vader-rover kernel: [    0.080841] OMAP DMA hardware revision 5.0
Feb  7 13:33:50 vader-rover kernel: [    0.090515] bio: create slab <bio-0> at 0
Feb  7 13:33:50 vader-rover kernel: [    0.091400] fixed-dummy: 
Feb  7 13:33:50 vader-rover kernel: [    0.091552] reg-fixed-voltage reg-fixed-voltage.0: fixed-dummy supplying 0uV
Feb  7 13:33:50 vader-rover kernel: [    0.091796] vads7846: override min_uV, 1 -> 3300000
Feb  7 13:33:50 vader-rover kernel: [    0.091796] vads7846: override max_uV, 2147483647 -> 3300000
Feb  7 13:33:50 vader-rover kernel: [    0.091827] vads7846: 3300 mV 
Feb  7 13:33:50 vader-rover kernel: [    0.091949] reg-fixed-voltage reg-fixed-voltage.1: vads7846 supplying 3300000uV
Feb  7 13:33:50 vader-rover kernel: [    0.092773] SCSI subsystem initialized
Feb  7 13:33:50 vader-rover kernel: [    0.093170] usbcore: registered new interface driver usbfs
Feb  7 13:33:50 vader-rover kernel: [    0.093353] usbcore: registered new interface driver hub
Feb  7 13:33:50 vader-rover kernel: [    0.093627] usbcore: registered new device driver usb
Feb  7 13:33:50 vader-rover kernel: [    0.094238] omap_i2c omap_i2c.1: bus 1 rev1.4.0 at 2600 kHz
Feb  7 13:33:50 vader-rover kernel: [    0.097290] twl 1-0048: PIH (irq 7) chaining IRQs 320..328
Feb  7 13:33:50 vader-rover kernel: [    0.097442] twl 1-0048: power (irq 325) chaining IRQs 328..335
Feb  7 13:33:50 vader-rover kernel: [    0.098175] twl4030_gpio twl4030_gpio: gpio (irq 320) chaining IRQs 336..353
Feb  7 13:33:50 vader-rover kernel: [    0.098541] gpiochip_add: registered GPIOs 192 to 211 on device: twl4030
Feb  7 13:33:50 vader-rover kernel: [    0.099517] VUSB1V5: override min_uV, 1 -> 1500000
Feb  7 13:33:50 vader-rover kernel: [    0.099517] VUSB1V5: override max_uV, 2147483647 -> 1500000
Feb  7 13:33:50 vader-rover kernel: [    0.099548] VUSB1V5: 1500 mV normal standby
Feb  7 13:33:50 vader-rover kernel: [    0.100128] VUSB1V8: override min_uV, 1 -> 1800000
Feb  7 13:33:50 vader-rover kernel: [    0.100158] VUSB1V8: override max_uV, 2147483647 -> 1800000
Feb  7 13:33:50 vader-rover kernel: [    0.100158] VUSB1V8: 1800 mV normal standby
Feb  7 13:33:50 vader-rover kernel: [    0.100708] VUSB3V1: override min_uV, 1 -> 3100000
Feb  7 13:33:50 vader-rover kernel: [    0.100738] VUSB3V1: override max_uV, 2147483647 -> 3100000
Feb  7 13:33:50 vader-rover kernel: [    0.100738] VUSB3V1: 3100 mV normal standby
Feb  7 13:33:50 vader-rover kernel: [    0.102539] twl4030_usb twl4030_usb: HW_CONDITIONS 0x10/16; link 0
Feb  7 13:33:50 vader-rover kernel: [    0.102783] twl4030_usb twl4030_usb: Initialized TWL4030 USB module
Feb  7 13:33:50 vader-rover kernel: [    0.103454] vdd_mpu_iva: 600 <--> 1450 mV normal 
Feb  7 13:33:50 vader-rover kernel: [    0.104003] vdd_core: 600 <--> 1450 mV normal 
Feb  7 13:33:50 vader-rover kernel: [    0.104644] VMMC1: 1850 <--> 3150 mV at 3150 mV normal standby
Feb  7 13:33:50 vader-rover kernel: [    0.105346] VDAC: 1800 mV normal standby
Feb  7 13:33:50 vader-rover kernel: [    0.105987] VDVI: 1800 mV normal standby
Feb  7 13:33:50 vader-rover kernel: [    0.117309] omap_i2c omap_i2c.3: bus 3 rev1.4.0 at 400 kHz
Feb  7 13:33:50 vader-rover kernel: [    0.118286] omap-iommu omap-iommu.0: isp registered
Feb  7 13:33:50 vader-rover kernel: [    0.118530] Advanced Linux Sound Architecture Driver Version 1.0.25.
Feb  7 13:33:50 vader-rover kernel: [    0.119628] Switching to clocksource 32k_counter
Feb  7 13:33:50 vader-rover kernel: [    0.153106] usbhs_omap usbhs_omap: xclk60mhsp2_ck set parentfailed error:-22
Feb  7 13:33:50 vader-rover kernel: [    0.154052] NET: Registered protocol family 2
Feb  7 13:33:50 vader-rover kernel: [    0.154418] IP route cache hash table entries: 4096 (order: 2, 16384 bytes)
Feb  7 13:33:50 vader-rover kernel: [    0.155120] TCP established hash table entries: 16384 (order: 5, 131072 bytes)
Feb  7 13:33:50 vader-rover kernel: [    0.155578] TCP bind hash table entries: 16384 (order: 4, 65536 bytes)
Feb  7 13:33:50 vader-rover kernel: [    0.155853] TCP: Hash tables configured (established 16384 bind 16384)
Feb  7 13:33:50 vader-rover kernel: [    0.155883] TCP: reno registered
Feb  7 13:33:50 vader-rover kernel: [    0.155914] UDP hash table entries: 256 (order: 0, 4096 bytes)
Feb  7 13:33:50 vader-rover kernel: [    0.155975] UDP-Lite hash table entries: 256 (order: 0, 4096 bytes)
Feb  7 13:33:50 vader-rover kernel: [    0.156372] NET: Registered protocol family 1
Feb  7 13:33:50 vader-rover kernel: [    0.157012] RPC: Registered named UNIX socket transport module.
Feb  7 13:33:50 vader-rover kernel: [    0.157073] RPC: Registered udp transport module.
Feb  7 13:33:50 vader-rover kernel: [    0.157104] RPC: Registered tcp transport module.
Feb  7 13:33:50 vader-rover kernel: [    0.157135] RPC: Registered tcp NFSv4.1 backchannel transport module.
Feb  7 13:33:50 vader-rover kernel: [    0.157470] Trying to unpack rootfs image as initramfs...
Feb  7 13:33:50 vader-rover kernel: [    0.367095] Freeing initrd memory: 1828K
Feb  7 13:33:50 vader-rover kernel: [    0.370056] audit: initializing netlink socket (disabled)
Feb  7 13:33:50 vader-rover kernel: [    0.370147] type=2000 audit(0.367:1): initialized
Feb  7 13:33:50 vader-rover kernel: [    0.371856] VFS: Disk quotas dquot_6.5.2
Feb  7 13:33:50 vader-rover kernel: [    0.372009] Dquot-cache hash table entries: 1024 (order 0, 4096 bytes)
Feb  7 13:33:50 vader-rover kernel: [    0.372528] NFS: Registering the id_resolver key type
Feb  7 13:33:50 vader-rover kernel: [    0.372619] Key type id_resolver registered
Feb  7 13:33:50 vader-rover kernel: [    0.373199] jffs2: version 2.2. (NAND) (SUMMARY)  Â© 2001-2006 Red Hat, Inc.
Feb  7 13:33:50 vader-rover kernel: [    0.374053] fuse init (API version 7.19)
Feb  7 13:33:50 vader-rover kernel: [    0.374725] msgmni has been set to 971
Feb  7 13:33:50 vader-rover kernel: [    0.376953] Block layer SCSI generic (bsg) driver version 0.4 loaded (major 253)
Feb  7 13:33:50 vader-rover kernel: [    0.377014] io scheduler noop registered
Feb  7 13:33:50 vader-rover kernel: [    0.377044] io scheduler deadline registered (default)
Feb  7 13:33:50 vader-rover kernel: [    0.378173] OMAP DSS rev 2.0
Feb  7 13:33:50 vader-rover kernel: [    0.381988] omap_uart.0: ttyO0 at MMIO 0x4806a000 (irq = 72) is a OMAP UART0
Feb  7 13:33:50 vader-rover kernel: [    0.382629] omap_uart.1: ttyO1 at MMIO 0x4806c000 (irq = 73) is a OMAP UART1
Feb  7 13:33:50 vader-rover kernel: [    0.383178] omap_uart.2: ttyO2 at MMIO 0x49020000 (irq = 74) is a OMAP UART2
Feb  7 13:33:50 vader-rover kernel: [    1.086944] console [ttyO2] enabled
Feb  7 13:33:50 vader-rover kernel: [    1.091217] omap_uart.3: ttyO3 at MMIO 0x49042000 (irq = 80) is a OMAP UART3
Feb  7 13:33:50 vader-rover kernel: [    1.109191] brd: module loaded
Feb  7 13:33:50 vader-rover kernel: [    1.117828] loop: module loaded
Feb  7 13:33:50 vader-rover kernel: [    1.123413] twl4030_madc twl4030_madc: clk disabled, enabling
Feb  7 13:33:50 vader-rover kernel: [    1.131896] NAND device: Manufacturer ID: 0x2c, Chip ID: 0xbc (Micron NAND 512MiB 1,8V 16-bit), page size: 2048, OOB size: 64
Feb  7 13:33:50 vader-rover kernel: [    1.160736] Creating 5 MTD partitions on "omap2-nand.0":
Feb  7 13:33:50 vader-rover kernel: [    1.166381] 0x000000000000-0x000000080000 : "xloader"
Feb  7 13:33:50 vader-rover kernel: [    1.173828] 0x000000080000-0x000000240000 : "uboot"
Feb  7 13:33:50 vader-rover kernel: [    1.182098] 0x000000240000-0x000000280000 : "uboot environment"
Feb  7 13:33:50 vader-rover kernel: [    1.189971] 0x000000280000-0x000000680000 : "linux"
Feb  7 13:33:50 vader-rover kernel: [    1.200469] 0x000000680000-0x000020000000 : "rootfs"
Feb  7 13:33:50 vader-rover kernel: [    1.711944] smsc911x: Driver version 2008-10-21
Feb  7 13:33:50 vader-rover kernel: [    1.717315] smsc911x: Driver version 2008-10-21
Feb  7 13:33:50 vader-rover kernel: [    1.722717] usbcore: registered new interface driver asix
Feb  7 13:33:50 vader-rover kernel: [    1.728485] usbcore: registered new interface driver cdc_ether
Feb  7 13:33:50 vader-rover kernel: [    1.734832] usbcore: registered new interface driver cdc_ncm
Feb  7 13:33:50 vader-rover kernel: [    1.741241] ehci_hcd: USB 2.0 'Enhanced' Host Controller (EHCI) Driver
Feb  7 13:33:50 vader-rover kernel: [    1.748199] ehci_hcd: block sizes: qh 64 qtd 96 itd 160 sitd 96
Feb  7 13:33:50 vader-rover kernel: [    1.748382] ehci-omap ehci-omap.0: failed to get ehci port1 regulator
Feb  7 13:33:50 vader-rover kernel: [    2.752655] ehci-omap ehci-omap.0: phy reset operation timed out
Feb  7 13:33:50 vader-rover kernel: [    2.752685] ehci-omap ehci-omap.0: reset hcs_params 0x1313 dbg=0 cc=1 pcc=3 ordered ports=3
Feb  7 13:33:50 vader-rover kernel: [    2.752716] ehci-omap ehci-omap.0: reset hcc_params 0016 thresh 1 uframes 256/512/1024 park
Feb  7 13:33:50 vader-rover kernel: [    2.752746] ehci-omap ehci-omap.0: reset command 0080b02  park=3 ithresh=8 period=1024 Reset HALT
Feb  7 13:33:50 vader-rover kernel: [    2.752777] ehci-omap ehci-omap.0: OMAP-EHCI Host Controller
Feb  7 13:33:50 vader-rover kernel: [    2.759155] ehci-omap ehci-omap.0: new USB bus registered, assigned bus number 1
Feb  7 13:33:50 vader-rover kernel: [    2.767120] ehci-omap ehci-omap.0: park 0
Feb  7 13:33:50 vader-rover kernel: [    2.767181] ehci-omap ehci-omap.0: irq 77, io mem 0x48064800
Feb  7 13:33:50 vader-rover kernel: [    2.773193] ehci-omap ehci-omap.0: init command 0010005 (park)=0 ithresh=1 period=512 RUN
Feb  7 13:33:50 vader-rover kernel: [    2.783935] ehci-omap ehci-omap.0: USB 2.0 started, EHCI 1.00
Feb  7 13:33:50 vader-rover kernel: [    2.790191] usb usb1: default language 0x0409
Feb  7 13:33:50 vader-rover kernel: [    2.790252] usb usb1: udev 1, busnum 1, minor = 0
Feb  7 13:33:50 vader-rover kernel: [    2.790252] usb usb1: New USB device found, idVendor=1d6b, idProduct=0002
Feb  7 13:33:50 vader-rover kernel: [    2.797485] usb usb1: New USB device strings: Mfr=3, Product=2, SerialNumber=1
Feb  7 13:33:50 vader-rover kernel: [    2.805145] usb usb1: Product: OMAP-EHCI Host Controller
Feb  7 13:33:50 vader-rover kernel: [    2.810791] usb usb1: Manufacturer: Linux 3.5.0-2-linaro-omap ehci_hcd
Feb  7 13:33:50 vader-rover kernel: [    2.817687] usb usb1: SerialNumber: ehci-omap.0
Feb  7 13:33:50 vader-rover kernel: [    2.823181] usb usb1: usb_probe_device
Feb  7 13:33:50 vader-rover kernel: [    2.823211] usb usb1: configuration #1 chosen from 1 choice
Feb  7 13:33:50 vader-rover kernel: [    2.823272] usb usb1: adding 1-0:1.0 (config #1, interface 0)
Feb  7 13:33:50 vader-rover kernel: [    2.823486] hub 1-0:1.0: usb_probe_interface
Feb  7 13:33:50 vader-rover kernel: [    2.823486] hub 1-0:1.0: usb_probe_interface - got id
Feb  7 13:33:50 vader-rover kernel: [    2.823516] hub 1-0:1.0: USB hub found
Feb  7 13:33:50 vader-rover kernel: [    2.827514] hub 1-0:1.0: 3 ports detected
Feb  7 13:33:50 vader-rover kernel: [    2.831787] hub 1-0:1.0: standalone hub
Feb  7 13:33:50 vader-rover kernel: [    2.831817] hub 1-0:1.0: individual port power switching
Feb  7 13:33:50 vader-rover kernel: [    2.831817] hub 1-0:1.0: individual port over-current protection
Feb  7 13:33:50 vader-rover kernel: [    2.831848] hub 1-0:1.0: power on to power good time: 20ms
Feb  7 13:33:50 vader-rover kernel: [    2.831878] hub 1-0:1.0: local power source is good
Feb  7 13:33:50 vader-rover kernel: [    2.831909] hub 1-0:1.0: enabling power on all ports
Feb  7 13:33:50 vader-rover kernel: [    2.832305] ehci-omap ehci-omap.0: ...powerup ports...
Feb  7 13:33:50 vader-rover kernel: [    2.862274] Initializing USB Mass Storage driver...
Feb  7 13:33:50 vader-rover kernel: [    2.867614] usbcore: registered new interface driver usb-storage
Feb  7 13:33:50 vader-rover kernel: [    2.873992] USB Mass Storage support registered.
Feb  7 13:33:50 vader-rover kernel: [    2.878906] musb-hdrc: version 6.0, ?dma?, otg (peripheral+host)
Feb  7 13:33:50 vader-rover kernel: [    2.891784] twl4030_usb twl4030_usb: twl4030_phy_resume
Feb  7 13:33:50 vader-rover kernel: [    2.892059] musb-hdrc: ConfigData=0xde (UTMI-8, dyn FIFOs, bulk combine, bulk split, HB-ISO Rx, HB-ISO Tx, SoftConn)
Feb  7 13:33:50 vader-rover kernel: [    2.892089] musb-hdrc: MHDRC RTL version 1.800 
Feb  7 13:33:50 vader-rover kernel: [    2.892089] musb-hdrc: setup fifo_mode 4
Feb  7 13:33:50 vader-rover kernel: [    2.892120] musb-hdrc: 28/31 max ep, 16384/16384 memory
Feb  7 13:33:50 vader-rover kernel: [    2.892700] musb-hdrc musb-hdrc: USB OTG mode controller at fa0ab000 using DMA, IRQ 92
Feb  7 13:33:50 vader-rover kernel: [    2.903259] twl4030_usb twl4030_usb: twl4030_phy_suspend
Feb  7 13:33:50 vader-rover kernel: [    2.903930] mousedev: PS/2 mouse device common for all mice
Feb  7 13:33:50 vader-rover kernel: [    2.910705] twl_rtc twl_rtc: Enabling TWL-RTC
Feb  7 13:33:50 vader-rover kernel: [    2.918243] twl_rtc twl_rtc: rtc core: registered twl_rtc as rtc0
Feb  7 13:33:50 vader-rover kernel: [    2.925445] i2c /dev entries driver
Feb  7 13:33:50 vader-rover kernel: [    2.930969] voltdm_scale: No voltage scale API registered for vdd_mpu_iva
Feb  7 13:33:50 vader-rover kernel: [    2.938323] ehci-omap ehci-omap.0: GetStatus port:2 status 001803 0  ACK POWER sig=j CSC CONNECT
Feb  7 13:33:50 vader-rover kernel: [    2.938354] hub 1-0:1.0: port 2: status 0501 change 0001
Feb  7 13:33:50 vader-rover kernel: [    2.938415] platform mpu.0: omap_target: unable to scale voltage up.
Feb  7 13:33:50 vader-rover kernel: [    2.945190] cpuidle: using governor ladder
Feb  7 13:33:50 vader-rover kernel: [    2.949554] cpuidle: using governor menu
Feb  7 13:33:50 vader-rover kernel: [    2.954284] omap_hsmmc omap_hsmmc.0: Failed to get debounce clk
Feb  7 13:33:50 vader-rover kernel: [    3.033966] hub 1-0:1.0: state 7 ports 3 chg 0004 evt 0000
Feb  7 13:33:50 vader-rover kernel: [    3.034027] hub 1-0:1.0: port 2, status 0501, change 0000, 480 Mb/s
Feb  7 13:33:50 vader-rover kernel: [    3.096466] ehci-omap ehci-omap.0: port 2 reset complete, port enabled
Feb  7 13:33:50 vader-rover kernel: [    3.096527] ehci-omap ehci-omap.0: GetStatus port:2 status 001005 0  ACK POWER sig=se0 PE CONNECT
Feb  7 13:33:50 vader-rover kernel: [    3.158935] usb 1-2: new high-speed USB device number 2 using ehci-omap
Feb  7 13:33:50 vader-rover kernel: [    3.221466] ehci-omap ehci-omap.0: port 2 reset complete, port enabled
Feb  7 13:33:50 vader-rover kernel: [    3.221527] ehci-omap ehci-omap.0: GetStatus port:2 status 001005 0  ACK POWER sig=se0 PE CONNECT
Feb  7 13:33:50 vader-rover kernel: [    3.315612] usb 1-2: udev 2, busnum 1, minor = 1
Feb  7 13:33:50 vader-rover kernel: [    3.315643] usb 1-2: New USB device found, idVendor=0409, idProduct=005a
Feb  7 13:33:50 vader-rover kernel: [    3.322723] usb 1-2: New USB device strings: Mfr=0, Product=0, SerialNumber=0
Feb  7 13:33:50 vader-rover kernel: [    3.331359] omap_hsmmc omap_hsmmc.1: Failed to get debounce clk
Feb  7 13:33:50 vader-rover kernel: [    3.338043] usb 1-2: usb_probe_device
Feb  7 13:33:50 vader-rover kernel: [    3.338073] usb 1-2: configuration #1 chosen from 1 choice
Feb  7 13:33:50 vader-rover kernel: [    3.338378] usb 1-2: adding 1-2:1.0 (config #1, interface 0)
Feb  7 13:33:50 vader-rover kernel: [    3.339904] hub 1-2:1.0: usb_probe_interface
Feb  7 13:33:50 vader-rover kernel: [    3.339935] hub 1-2:1.0: usb_probe_interface - got id
Feb  7 13:33:50 vader-rover kernel: [    3.339965] hub 1-2:1.0: USB hub found
Feb  7 13:33:50 vader-rover kernel: [    3.346588] hub 1-2:1.0: 4 ports detected
Feb  7 13:33:50 vader-rover kernel: [    3.350891] hub 1-2:1.0: standalone hub
Feb  7 13:33:50 vader-rover kernel: [    3.350891] hub 1-2:1.0: individual port power switching
Feb  7 13:33:50 vader-rover kernel: [    3.350921] hub 1-2:1.0: individual port over-current protection
Feb  7 13:33:50 vader-rover kernel: [    3.350921] hub 1-2:1.0: Single TT
Feb  7 13:33:50 vader-rover kernel: [    3.350952] hub 1-2:1.0: TT requires at most 16 FS bit times (1332 ns)
Feb  7 13:33:50 vader-rover kernel: [    3.350952] hub 1-2:1.0: power on to power good time: 100ms
Feb  7 13:33:50 vader-rover kernel: [    3.351226] hub 1-2:1.0: local power source is good
Feb  7 13:33:50 vader-rover kernel: [    3.351257] hub 1-2:1.0: enabling power on all ports
Feb  7 13:33:50 vader-rover kernel: [    3.378265] Registered led device: overo:red:gpio21
Feb  7 13:33:50 vader-rover kernel: [    3.378448] Registered led device: overo:blue:gpio22
Feb  7 13:33:50 vader-rover kernel: [    3.379455] Registered led device: overo:blue:COM
Feb  7 13:33:50 vader-rover kernel: [    3.381469] usbcore: registered new interface driver usbhid
Feb  7 13:33:50 vader-rover kernel: [    3.387451] usbhid: USB HID core driver
Feb  7 13:33:50 vader-rover kernel: [    3.392242] usbcore: registered new interface driver snd-usb-audio
Feb  7 13:33:50 vader-rover kernel: [    3.400329] overo SoC init
Feb  7 13:33:50 vader-rover kernel: [    3.403472] soc-audio soc-audio: ASoC machine overo should use snd_soc_register_card()
Feb  7 13:33:50 vader-rover kernel: [    3.448272] hub 1-2:1.0: port 1: status 0101 change 0001
Feb  7 13:33:50 vader-rover kernel: [    3.448577] hub 1-2:1.0: port 2: status 0101 change 0001
Feb  7 13:33:50 vader-rover kernel: [    3.448822] hub 1-2:1.0: port 3: status 0101 change 0001
Feb  7 13:33:50 vader-rover kernel: [    3.449096] hub 1-2:1.0: port 4: status 0101 change 0001
Feb  7 13:33:50 vader-rover kernel: [    3.498260] twl4030-codec twl4030-codec: ASoC: Failed to create Capture debugfs file
Feb  7 13:33:50 vader-rover kernel: [    3.510925] asoc: twl4030-hifi <-> omap-mcbsp.2 mapping ok
Feb  7 13:33:50 vader-rover kernel: [    3.521972] oprofile: hardware counters not available
Feb  7 13:33:50 vader-rover kernel: [    3.527496] oprofile: using timer interrupt.
Feb  7 13:33:50 vader-rover kernel: [    3.532897] TCP: cubic registered
Feb  7 13:33:50 vader-rover kernel: [    3.536468] NET: Registered protocol family 17
Feb  7 13:33:50 vader-rover kernel: [    3.541198] NET: Registered protocol family 15
Feb  7 13:33:50 vader-rover kernel: [    3.546081] Key type dns_resolver registered
Feb  7 13:33:50 vader-rover kernel: [    3.550720] usb 1-2: link qh256-0001/de6c6b00 start 1 [1/0 us]
Feb  7 13:33:50 vader-rover kernel: [    3.550811] hub 1-2:1.0: state 7 ports 4 chg 001e evt 0000
Feb  7 13:33:50 vader-rover kernel: [    3.551361] hub 1-2:1.0: port 1, status 0101, change 0000, 12 Mb/s
Feb  7 13:33:50 vader-rover kernel: [    3.551818] VFP support v0.3: implementor 41 architecture 3 part 30 variant c rev 3
Feb  7 13:33:50 vader-rover kernel: [    3.565795] ThumbEE CPU extension supported.
Feb  7 13:33:50 vader-rover kernel: [    3.570343] sr_init: No PMIC hook to init smartreflex
Feb  7 13:33:50 vader-rover kernel: [    3.576629] smartreflex smartreflex.0: omap_sr_probe: SmartReflex driver initialized
Feb  7 13:33:50 vader-rover kernel: [    3.585113] smartreflex smartreflex.1: omap_sr_probe: SmartReflex driver initialized
Feb  7 13:33:50 vader-rover kernel: [    3.602630] clock: disabling unused clocks to save power
Feb  7 13:33:50 vader-rover kernel: [    3.609436] registered taskstats version 1
Feb  7 13:33:50 vader-rover kernel: [    3.614776] fbcvt: 1024x768@60: CVT Name - .786M3-R
Feb  7 13:33:50 vader-rover kernel: [    3.635742] usb 1-2.1: new full-speed USB device number 3 using ehci-omap
Feb  7 13:33:50 vader-rover kernel: [    3.641754] Console: switching to colour frame buffer device 128x48
Feb  7 13:33:50 vader-rover kernel: [    3.672454] VDAC: incomplete constraints, leaving on
Feb  7 13:33:50 vader-rover kernel: [    3.680084] twl_rtc twl_rtc: setting system clock to 2014-02-07 18:33:38 UTC (1391798018)
Feb  7 13:33:50 vader-rover kernel: [    3.689086] ALSA device list:
Feb  7 13:33:50 vader-rover kernel: [    3.692443]   #0: overo
Feb  7 13:33:50 vader-rover kernel: [    3.696289] Freeing init memory: 220K
Feb  7 13:33:50 vader-rover kernel: [    3.761749] usb 1-2.1: default language 0x0409
Feb  7 13:33:50 vader-rover kernel: [    3.762237] usb 1-2.1: udev 3, busnum 1, minor = 2
Feb  7 13:33:50 vader-rover kernel: [    3.762268] usb 1-2.1: New USB device found, idVendor=067b, idProduct=2303
Feb  7 13:33:50 vader-rover kernel: [    3.776275] usb 1-2.1: New USB device strings: Mfr=1, Product=2, SerialNumber=0
Feb  7 13:33:50 vader-rover kernel: [    3.791870] usb 1-2.1: Product: USB-Serial Controller D
Feb  7 13:33:50 vader-rover kernel: [    3.797546] usb 1-2.1: Manufacturer: Prolific Technology Inc. 
Feb  7 13:33:50 vader-rover kernel: [    3.815948] usb 1-2.1: usb_probe_device
Feb  7 13:33:50 vader-rover kernel: [    3.815979] usb 1-2.1: configuration #1 chosen from 1 choice
Feb  7 13:33:50 vader-rover kernel: [    3.816467] usb 1-2.1: adding 1-2.1:1.0 (config #1, interface 0)
Feb  7 13:33:50 vader-rover kernel: [    3.817504] hub 1-2:1.0: port 2, status 0101, change 0000, 12 Mb/s
Feb  7 13:33:50 vader-rover kernel: [    3.868041] mmc0: host does not support reading read-only switch. assuming write-enable.
Feb  7 13:33:50 vader-rover kernel: [    3.886016] mmc0: new high speed SDXC card at address 59b4
Feb  7 13:33:50 vader-rover kernel: [    3.899047] mmcblk0: mmc0:59b4       59.6 GiB 
Feb  7 13:33:50 vader-rover kernel: [    3.904388] usb 1-2.2: new high-speed USB device number 4 using ehci-omap
Feb  7 13:33:50 vader-rover kernel: [    3.919219]  mmcblk0: p1 p2
Feb  7 13:33:50 vader-rover kernel: [    3.978088] mmc1: new SDIO card at address 0001
Feb  7 13:33:50 vader-rover kernel: [    4.039276] usb 1-2.2: default language 0x0409
Feb  7 13:33:50 vader-rover kernel: [    4.048156] usb 1-2.2: udev 4, busnum 1, minor = 3
Feb  7 13:33:50 vader-rover kernel: [    4.048187] usb 1-2.2: New USB device found, idVendor=1e10, idProduct=2004
Feb  7 13:33:50 vader-rover kernel: [    4.104431] usb 1-2.2: New USB device strings: Mfr=1, Product=2, SerialNumber=3
Feb  7 13:33:50 vader-rover kernel: [    4.148101] usb 1-2.2: Product: USB 2.0 Digital Imaging Camera
Feb  7 13:33:50 vader-rover kernel: [    4.198455] usb 1-2.2: Manufacturer: Point Grey Research
Feb  7 13:33:50 vader-rover kernel: [    4.255096] usb 1-2.2: SerialNumber: 00CAABB3
Feb  7 13:33:50 vader-rover kernel: [    4.308044] usb 1-2.2: usb_probe_device
Feb  7 13:33:50 vader-rover kernel: [    4.308074] usb 1-2.2: configuration #1 chosen from 1 choice
Feb  7 13:33:50 vader-rover kernel: [    4.308410] usb 1-2.2: adding 1-2.2:1.0 (config #1, interface 0)
Feb  7 13:33:50 vader-rover kernel: [    4.313385] hub 1-2:1.0: port 3, status 0101, change 0000, 12 Mb/s
Feb  7 13:33:50 vader-rover kernel: [    4.393615] usb 1-2.3: new high-speed USB device number 5 using ehci-omap
Feb  7 13:33:50 vader-rover kernel: [    4.539154] usb 1-2.3: default language 0x0409
Feb  7 13:33:50 vader-rover kernel: [    4.548065] usb 1-2.3: udev 5, busnum 1, minor = 4
Feb  7 13:33:50 vader-rover kernel: [    4.548095] usb 1-2.3: New USB device found, idVendor=1e10, idProduct=2004
Feb  7 13:33:50 vader-rover kernel: [    4.573089] usb 1-2.3: New USB device strings: Mfr=1, Product=2, SerialNumber=3
Feb  7 13:33:50 vader-rover kernel: [    4.604492] usb 1-2.3: Product: USB 2.0 Digital Imaging Camera
Feb  7 13:33:50 vader-rover kernel: [    4.635559] usb 1-2.3: Manufacturer: Point Grey Research
Feb  7 13:33:50 vader-rover kernel: [    4.656860] usb 1-2.3: SerialNumber: 00BB1D77
Feb  7 13:33:50 vader-rover kernel: [    4.680938] usb 1-2.3: usb_probe_device
Feb  7 13:33:50 vader-rover kernel: [    4.680969] usb 1-2.3: configuration #1 chosen from 1 choice
Feb  7 13:33:50 vader-rover kernel: [    4.681518] usb 1-2.3: adding 1-2.3:1.0 (config #1, interface 0)
Feb  7 13:33:50 vader-rover kernel: [    4.682434] hub 1-2:1.0: port 4, status 0101, change 0000, 12 Mb/s
Feb  7 13:33:50 vader-rover kernel: [    4.768737] usb 1-2.4: new high-speed USB device number 6 using ehci-omap
Feb  7 13:33:50 vader-rover kernel: [    4.909606] usb 1-2.4: udev 6, busnum 1, minor = 5
Feb  7 13:33:50 vader-rover kernel: [    4.909637] usb 1-2.4: New USB device found, idVendor=0409, idProduct=005a
Feb  7 13:33:50 vader-rover kernel: [    4.935516] usb 1-2.4: New USB device strings: Mfr=0, Product=0, SerialNumber=0
Feb  7 13:33:50 vader-rover kernel: [    4.970489] usb 1-2.4: usb_probe_device
Feb  7 13:33:50 vader-rover kernel: [    4.970520] usb 1-2.4: configuration #1 chosen from 1 choice
Feb  7 13:33:50 vader-rover kernel: [    4.971282] usb 1-2.4: adding 1-2.4:1.0 (config #1, interface 0)
Feb  7 13:33:50 vader-rover kernel: [    4.973419] hub 1-2.4:1.0: usb_probe_interface
Feb  7 13:33:50 vader-rover kernel: [    4.973449] hub 1-2.4:1.0: usb_probe_interface - got id
Feb  7 13:33:50 vader-rover kernel: [    4.973480] hub 1-2.4:1.0: USB hub found
Feb  7 13:33:50 vader-rover kernel: [    5.002593] hub 1-2.4:1.0: 4 ports detected
Feb  7 13:33:50 vader-rover kernel: [    5.026702] hub 1-2.4:1.0: standalone hub
Feb  7 13:33:50 vader-rover kernel: [    5.026733] hub 1-2.4:1.0: individual port power switching
Feb  7 13:33:50 vader-rover kernel: [    5.026763] hub 1-2.4:1.0: individual port over-current protection
Feb  7 13:33:50 vader-rover kernel: [    5.026763] hub 1-2.4:1.0: Single TT
Feb  7 13:33:50 vader-rover kernel: [    5.026794] hub 1-2.4:1.0: TT requires at most 16 FS bit times (1332 ns)
