Jun 17 16:03:23 vader-rover kernel: imklog 5.8.6, log source = /proc/kmsg started.
Jun 17 16:03:23 vader-rover rsyslogd: [origin software="rsyslogd" swVersion="5.8.6" x-pid="505" x-info="http://www.rsyslog.com"] start
Jun 17 16:03:23 vader-rover rsyslogd: rsyslogd's groupid changed to 103
Jun 17 16:03:23 vader-rover rsyslogd: rsyslogd's userid changed to 101
Jun 17 16:03:23 vader-rover rsyslogd-2039: Could not open output pipe '/dev/xconsole' [try http://www.rsyslog.com/e/2039 ]
Jun 17 16:03:23 vader-rover kernel: [    0.000000] Booting Linux on physical CPU 0
Jun 17 16:03:23 vader-rover kernel: [    0.000000] Initializing cgroup subsys cpuset
Jun 17 16:03:23 vader-rover kernel: [    0.000000] Initializing cgroup subsys cpu
Jun 17 16:03:23 vader-rover kernel: [    0.000000] Linux version 3.5.0-2-linaro-omap (adam@pine) (gcc version 4.6.3 (Ubuntu/Linaro 4.6.3-1ubuntu5) ) #2~ci+121210190143 PREEMPT Mon Dec 10 11:03:27 PST 2012
Jun 17 16:03:23 vader-rover kernel: [    0.000000] CPU: ARMv7 Processor [413fc082] revision 2 (ARMv7), cr=10c53c7d
Jun 17 16:03:23 vader-rover kernel: [    0.000000] CPU: PIPT / VIPT nonaliasing data cache, VIPT aliasing instruction cache
Jun 17 16:03:23 vader-rover kernel: [    0.000000] Machine: Gumstix Overo
Jun 17 16:03:23 vader-rover kernel: [    0.000000] Reserving 12582912 bytes SDRAM for VRAM
Jun 17 16:03:23 vader-rover kernel: [    0.000000] Memory policy: ECC disabled, Data cache writeback
Jun 17 16:03:23 vader-rover kernel: [    0.000000] On node 0 totalpages: 127744
Jun 17 16:03:23 vader-rover kernel: [    0.000000] free_area_init_node: node 0, pgdat c070b85c, node_mem_map c07a7000
Jun 17 16:03:23 vader-rover kernel: [    0.000000]   Normal zone: 1024 pages used for memmap
Jun 17 16:03:23 vader-rover kernel: [    0.000000]   Normal zone: 0 pages reserved
Jun 17 16:03:23 vader-rover kernel: [    0.000000]   Normal zone: 126720 pages, LIFO batch:31
Jun 17 16:03:23 vader-rover kernel: [    0.000000] OMAP3630 ES1.2 (l2cache iva sgx neon isp 192mhz_clk )
Jun 17 16:03:23 vader-rover kernel: [    0.000000] Clocking rate (Crystal/Core/MPU): 26.0/332/600 MHz
Jun 17 16:03:23 vader-rover kernel: [    0.000000] pcpu-alloc: s0 r0 d32768 u32768 alloc=1*32768
Jun 17 16:03:23 vader-rover kernel: [    0.000000] pcpu-alloc: [0] 0 
Jun 17 16:03:23 vader-rover kernel: [    0.000000] Built 1 zonelists in Zone order, mobility grouping on.  Total pages: 126720
Jun 17 16:03:23 vader-rover kernel: [    0.000000] Kernel command line: console=tty0 console=ttyO2,115200n8 root=/dev/mmcblk0p2 rootwait ro earlyprintk mpurate=720 vram=12M omapdss.def_disp=dvi omapfb.mode=dvi:1024x768MR-16@60
Jun 17 16:03:23 vader-rover kernel: [    0.000000] PID hash table entries: 2048 (order: 1, 8192 bytes)
Jun 17 16:03:23 vader-rover kernel: [    0.000000] Dentry cache hash table entries: 65536 (order: 6, 262144 bytes)
Jun 17 16:03:23 vader-rover kernel: [    0.000000] Inode-cache hash table entries: 32768 (order: 5, 131072 bytes)
Jun 17 16:03:23 vader-rover kernel: [    0.000000] allocated 1048576 bytes of page_cgroup
Jun 17 16:03:23 vader-rover kernel: [    0.000000] please try 'cgroup_disable=memory' option if you don't want memory cgroups
Jun 17 16:03:23 vader-rover kernel: [    0.000000] Memory: 499MB = 499MB total
Jun 17 16:03:23 vader-rover kernel: [    0.000000] Memory: 496084k/496084k available, 28204k reserved, 0K highmem
Jun 17 16:03:23 vader-rover kernel: [    0.000000] Virtual kernel memory layout:
Jun 17 16:03:23 vader-rover kernel: [    0.000000]     vector  : 0xffff0000 - 0xffff1000   (   4 kB)
Jun 17 16:03:23 vader-rover kernel: [    0.000000]     fixmap  : 0xfff00000 - 0xfffe0000   ( 896 kB)
Jun 17 16:03:23 vader-rover kernel: [    0.000000]     vmalloc : 0xe0800000 - 0xff000000   ( 488 MB)
Jun 17 16:03:23 vader-rover kernel: [    0.000000]     lowmem  : 0xc0000000 - 0xe0000000   ( 512 MB)
Jun 17 16:03:23 vader-rover kernel: [    0.000000]     pkmap   : 0xbfe00000 - 0xc0000000   (   2 MB)
Jun 17 16:03:23 vader-rover kernel: [    0.000000]     modules : 0xbf000000 - 0xbfe00000   (  14 MB)
Jun 17 16:03:23 vader-rover kernel: [    0.000000]       .text : 0xc0008000 - 0xc067abfc   (6603 kB)
Jun 17 16:03:23 vader-rover kernel: [    0.000000]       .init : 0xc067b000 - 0xc06b2000   ( 220 kB)
Jun 17 16:03:23 vader-rover kernel: [    0.000000]       .data : 0xc06b2000 - 0xc071b268   ( 421 kB)
Jun 17 16:03:23 vader-rover kernel: [    0.000000]        .bss : 0xc071b28c - 0xc07a6020   ( 556 kB)
Jun 17 16:03:23 vader-rover kernel: [    0.000000] NR_IRQS:474
Jun 17 16:03:23 vader-rover kernel: [    0.000000] IRQ: Found an INTC at 0xfa200000 (revision 4.0) with 96 interrupts
Jun 17 16:03:23 vader-rover kernel: [    0.000000] Total of 96 interrupts on 1 active controller
Jun 17 16:03:23 vader-rover kernel: [    0.000000] OMAP clockevent source: GPTIMER1 at 32768 Hz
Jun 17 16:03:23 vader-rover kernel: [    0.000000] sched_clock: 32 bits at 32kHz, resolution 30517ns, wraps every 131071999ms
Jun 17 16:03:23 vader-rover kernel: [    0.000000] OMAP clocksource: 32k_counter at 32768 Hz
Jun 17 16:03:23 vader-rover kernel: [    0.000000] Console: colour dummy device 80x30
Jun 17 16:03:23 vader-rover kernel: [    0.000000] console [tty0] enabled
Jun 17 16:03:23 vader-rover kernel: [    0.001007] Calibrating delay loop... 597.64 BogoMIPS (lpj=2334720)
Jun 17 16:03:23 vader-rover kernel: [    0.039123] pid_max: default: 32768 minimum: 301
Jun 17 16:03:23 vader-rover kernel: [    0.039337] Security Framework initialized
Jun 17 16:03:23 vader-rover kernel: [    0.039459] Mount-cache hash table entries: 512
Jun 17 16:03:23 vader-rover kernel: [    0.040252] Initializing cgroup subsys debug
Jun 17 16:03:23 vader-rover kernel: [    0.040313] Initializing cgroup subsys cpuacct
Jun 17 16:03:23 vader-rover kernel: [    0.040313] Initializing cgroup subsys memory
Jun 17 16:03:23 vader-rover kernel: [    0.040405] Initializing cgroup subsys devices
Jun 17 16:03:23 vader-rover kernel: [    0.040435] Initializing cgroup subsys freezer
Jun 17 16:03:23 vader-rover kernel: [    0.040435] Initializing cgroup subsys perf_event
Jun 17 16:03:23 vader-rover kernel: [    0.040588] CPU: Testing write buffer coherency: ok
Jun 17 16:03:23 vader-rover kernel: [    0.040924] Setting up static identity map for 0x8046ea98 - 0x8046eaf0
Jun 17 16:03:23 vader-rover kernel: [    0.046081] devtmpfs: initialized
Jun 17 16:03:23 vader-rover kernel: [    0.050933] dummy: 
Jun 17 16:03:23 vader-rover kernel: [    0.051361] NET: Registered protocol family 16
Jun 17 16:03:23 vader-rover kernel: [    0.051788] GPMC revision 5.0
Jun 17 16:03:23 vader-rover kernel: [    0.051849] gpmc: irq-20 could not claim: err -22
Jun 17 16:03:23 vader-rover kernel: [    0.053527] gpiochip_add: registered GPIOs 0 to 31 on device: gpio
Jun 17 16:03:23 vader-rover kernel: [    0.053649] OMAP GPIO hardware version 2.5
Jun 17 16:03:23 vader-rover kernel: [    0.053894] gpiochip_add: registered GPIOs 32 to 63 on device: gpio
Jun 17 16:03:23 vader-rover kernel: [    0.054168] gpiochip_add: registered GPIOs 64 to 95 on device: gpio
Jun 17 16:03:23 vader-rover kernel: [    0.054443] gpiochip_add: registered GPIOs 96 to 127 on device: gpio
Jun 17 16:03:23 vader-rover kernel: [    0.054870] gpiochip_add: registered GPIOs 128 to 159 on device: gpio
Jun 17 16:03:23 vader-rover kernel: [    0.055145] gpiochip_add: registered GPIOs 160 to 191 on device: gpio
Jun 17 16:03:23 vader-rover kernel: [    0.056091] omap_mux_init: Add partition: #1: core, flags: 0
Jun 17 16:03:23 vader-rover kernel: [    0.061096] _omap_mux_get_by_name: Could not find signal uart4_rx.uart4_rx
Jun 17 16:03:23 vader-rover kernel: [    0.066955] Reprogramming SDRC clock to 332000000 Hz
Jun 17 16:03:23 vader-rover kernel: [    0.067016] dpll3_m2_clk rate change failed: -22
Jun 17 16:03:23 vader-rover kernel: [    0.067047] Found NAND on CS0
Jun 17 16:03:23 vader-rover kernel: [    0.067047] Registering NAND on CS0
Jun 17 16:03:23 vader-rover kernel: [    0.068267]  usbhs_omap: alias fck already exists
Jun 17 16:03:23 vader-rover kernel: [    0.075775] hw-breakpoint: debug architecture 0x4 unsupported.
Jun 17 16:03:23 vader-rover kernel: [    0.078826]  omap-mcbsp.2: alias fck already exists
Jun 17 16:03:23 vader-rover kernel: [    0.079071]  omap-mcbsp.3: alias fck already exists
Jun 17 16:03:23 vader-rover kernel: [    0.080139] Switched to new clocking rate (Crystal/Core/MPU): 26.0/332/720 MHz
Jun 17 16:03:23 vader-rover kernel: [    0.080352] OMAP DMA hardware revision 5.0
Jun 17 16:03:23 vader-rover kernel: [    0.087371] bio: create slab <bio-0> at 0
Jun 17 16:03:23 vader-rover kernel: [    0.088073] fixed-dummy: 
Jun 17 16:03:23 vader-rover kernel: [    0.088165] reg-fixed-voltage reg-fixed-voltage.0: fixed-dummy supplying 0uV
Jun 17 16:03:23 vader-rover kernel: [    0.088348] vads7846: override min_uV, 1 -> 3300000
Jun 17 16:03:23 vader-rover kernel: [    0.088378] vads7846: override max_uV, 2147483647 -> 3300000
Jun 17 16:03:23 vader-rover kernel: [    0.088378] vads7846: 3300 mV 
Jun 17 16:03:23 vader-rover kernel: [    0.088470] reg-fixed-voltage reg-fixed-voltage.1: vads7846 supplying 3300000uV
Jun 17 16:03:23 vader-rover kernel: [    0.089080] SCSI subsystem initialized
Jun 17 16:03:23 vader-rover kernel: [    0.089385] usbcore: registered new interface driver usbfs
Jun 17 16:03:23 vader-rover kernel: [    0.089508] usbcore: registered new interface driver hub
Jun 17 16:03:23 vader-rover kernel: [    0.089752] usbcore: registered new device driver usb
Jun 17 16:03:23 vader-rover kernel: [    0.090179] omap_i2c omap_i2c.1: bus 1 rev1.4.0 at 2600 kHz
Jun 17 16:03:23 vader-rover kernel: [    0.092712] twl 1-0048: PIH (irq 7) chaining IRQs 320..328
Jun 17 16:03:23 vader-rover kernel: [    0.092834] twl 1-0048: power (irq 325) chaining IRQs 328..335
Jun 17 16:03:23 vader-rover kernel: [    0.093414] twl4030_gpio twl4030_gpio: gpio (irq 320) chaining IRQs 336..353
Jun 17 16:03:23 vader-rover kernel: [    0.093749] gpiochip_add: registered GPIOs 192 to 211 on device: twl4030
Jun 17 16:03:23 vader-rover kernel: [    0.094482] VUSB1V5: override min_uV, 1 -> 1500000
Jun 17 16:03:23 vader-rover kernel: [    0.094482] VUSB1V5: override max_uV, 2147483647 -> 1500000
Jun 17 16:03:23 vader-rover kernel: [    0.094512] VUSB1V5: 1500 mV normal standby
Jun 17 16:03:23 vader-rover kernel: [    0.094940] VUSB1V8: override min_uV, 1 -> 1800000
Jun 17 16:03:23 vader-rover kernel: [    0.094970] VUSB1V8: override max_uV, 2147483647 -> 1800000
Jun 17 16:03:23 vader-rover kernel: [    0.094970] VUSB1V8: 1800 mV normal standby
Jun 17 16:03:23 vader-rover kernel: [    0.095367] VUSB3V1: override min_uV, 1 -> 3100000
Jun 17 16:03:23 vader-rover kernel: [    0.095397] VUSB3V1: override max_uV, 2147483647 -> 3100000
Jun 17 16:03:23 vader-rover kernel: [    0.095397] VUSB3V1: 3100 mV normal standby
Jun 17 16:03:23 vader-rover kernel: [    0.096862] twl4030_usb twl4030_usb: HW_CONDITIONS 0x10/16; link 0
Jun 17 16:03:23 vader-rover kernel: [    0.097076] twl4030_usb twl4030_usb: Initialized TWL4030 USB module
Jun 17 16:03:23 vader-rover kernel: [    0.097564] vdd_mpu_iva: 600 <--> 1450 mV normal 
Jun 17 16:03:23 vader-rover kernel: [    0.097961] vdd_core: 600 <--> 1450 mV normal 
Jun 17 16:03:23 vader-rover kernel: [    0.098449] VMMC1: 1850 <--> 3150 mV at 3000 mV normal standby
Jun 17 16:03:23 vader-rover kernel: [    0.098968] VDAC: 1800 mV normal standby
Jun 17 16:03:23 vader-rover kernel: [    0.099456] VDVI: 1800 mV normal standby
Jun 17 16:03:23 vader-rover kernel: [    0.099914] omap_i2c omap_i2c.3: bus 3 rev1.4.0 at 400 kHz
Jun 17 16:03:23 vader-rover kernel: [    0.100646] omap-iommu omap-iommu.0: isp registered
Jun 17 16:03:23 vader-rover kernel: [    0.100860] Advanced Linux Sound Architecture Driver Version 1.0.25.
Jun 17 16:03:23 vader-rover kernel: [    0.101745] Switching to clocksource 32k_counter
Jun 17 16:03:23 vader-rover kernel: [    0.126281] usbhs_omap usbhs_omap: xclk60mhsp2_ck set parentfailed error:-22
Jun 17 16:03:23 vader-rover kernel: [    0.127075] NET: Registered protocol family 2
Jun 17 16:03:23 vader-rover kernel: [    0.127380] IP route cache hash table entries: 4096 (order: 2, 16384 bytes)
Jun 17 16:03:23 vader-rover kernel: [    0.127899] TCP established hash table entries: 16384 (order: 5, 131072 bytes)
Jun 17 16:03:23 vader-rover kernel: [    0.128234] TCP bind hash table entries: 16384 (order: 4, 65536 bytes)
Jun 17 16:03:23 vader-rover kernel: [    0.128417] TCP: Hash tables configured (established 16384 bind 16384)
Jun 17 16:03:23 vader-rover kernel: [    0.128448] TCP: reno registered
Jun 17 16:03:23 vader-rover kernel: [    0.128448] UDP hash table entries: 256 (order: 0, 4096 bytes)
Jun 17 16:03:23 vader-rover kernel: [    0.128509] UDP-Lite hash table entries: 256 (order: 0, 4096 bytes)
Jun 17 16:03:23 vader-rover kernel: [    0.128814] NET: Registered protocol family 1
Jun 17 16:03:23 vader-rover kernel: [    0.129333] RPC: Registered named UNIX socket transport module.
Jun 17 16:03:23 vader-rover kernel: [    0.129364] RPC: Registered udp transport module.
Jun 17 16:03:23 vader-rover kernel: [    0.129394] RPC: Registered tcp transport module.
Jun 17 16:03:23 vader-rover kernel: [    0.129394] RPC: Registered tcp NFSv4.1 backchannel transport module.
Jun 17 16:03:23 vader-rover kernel: [    0.129669] Trying to unpack rootfs image as initramfs...
Jun 17 16:03:23 vader-rover kernel: [    0.244750] Freeing initrd memory: 1488K
Jun 17 16:03:23 vader-rover kernel: [    0.247070] audit: initializing netlink socket (disabled)
Jun 17 16:03:23 vader-rover kernel: [    0.247161] type=2000 audit(0.242:1): initialized
Jun 17 16:03:23 vader-rover kernel: [    0.248535] VFS: Disk quotas dquot_6.5.2
Jun 17 16:03:23 vader-rover kernel: [    0.248626] Dquot-cache hash table entries: 1024 (order 0, 4096 bytes)
Jun 17 16:03:23 vader-rover kernel: [    0.248992] NFS: Registering the id_resolver key type
Jun 17 16:03:23 vader-rover kernel: [    0.249084] Key type id_resolver registered
Jun 17 16:03:23 vader-rover kernel: [    0.249542] jffs2: version 2.2. (NAND) (SUMMARY)  Â© 2001-2006 Red Hat, Inc.
Jun 17 16:03:23 vader-rover kernel: [    0.250183] fuse init (API version 7.19)
Jun 17 16:03:23 vader-rover kernel: [    0.250793] msgmni has been set to 971
Jun 17 16:03:23 vader-rover kernel: [    0.252471] Block layer SCSI generic (bsg) driver version 0.4 loaded (major 253)
Jun 17 16:03:23 vader-rover kernel: [    0.252532] io scheduler noop registered
Jun 17 16:03:23 vader-rover kernel: [    0.252563] io scheduler deadline registered (default)
Jun 17 16:03:23 vader-rover kernel: [    0.253295] OMAP DSS rev 2.0
Jun 17 16:03:23 vader-rover kernel: [    0.256256] omap_uart.0: ttyO0 at MMIO 0x4806a000 (irq = 72) is a OMAP UART0
Jun 17 16:03:23 vader-rover kernel: [    0.256744] omap_uart.1: ttyO1 at MMIO 0x4806c000 (irq = 73) is a OMAP UART1
Jun 17 16:03:23 vader-rover kernel: [    0.257171] omap_uart.2: ttyO2 at MMIO 0x49020000 (irq = 74) is a OMAP UART2
Jun 17 16:03:23 vader-rover kernel: [    0.958404] console [ttyO2] enabled
Jun 17 16:03:23 vader-rover kernel: [    0.962524] omap_uart.3: ttyO3 at MMIO 0x49042000 (irq = 80) is a OMAP UART3
Jun 17 16:03:23 vader-rover kernel: [    0.977478] brd: module loaded
Jun 17 16:03:23 vader-rover kernel: [    0.984527] loop: module loaded
Jun 17 16:03:23 vader-rover kernel: [    0.989959] twl4030_madc twl4030_madc: clk disabled, enabling
Jun 17 16:03:23 vader-rover kernel: [    0.997802] NAND device: Manufacturer ID: 0x2c, Chip ID: 0xbc (Micron NAND 512MiB 1,8V 16-bit), page size: 2048, OOB size: 64
Jun 17 16:03:23 vader-rover kernel: [    1.022644] Creating 5 MTD partitions on "omap2-nand.0":
Jun 17 16:03:23 vader-rover kernel: [    1.028411] 0x000000000000-0x000000080000 : "xloader"
Jun 17 16:03:23 vader-rover kernel: [    1.035278] 0x000000080000-0x000000240000 : "uboot"
Jun 17 16:03:23 vader-rover kernel: [    1.042633] 0x000000240000-0x000000280000 : "uboot environment"
Jun 17 16:03:23 vader-rover kernel: [    1.050018] 0x000000280000-0x000000680000 : "linux"
Jun 17 16:03:23 vader-rover kernel: [    1.058868] 0x000000680000-0x000020000000 : "rootfs"
Jun 17 16:03:23 vader-rover kernel: [    1.417419] smsc911x: Driver version 2008-10-21
Jun 17 16:03:23 vader-rover kernel: [    1.422668] smsc911x: Driver version 2008-10-21
Jun 17 16:03:23 vader-rover kernel: [    1.427856] usbcore: registered new interface driver asix
Jun 17 16:03:23 vader-rover kernel: [    1.433685] usbcore: registered new interface driver cdc_ether
Jun 17 16:03:23 vader-rover kernel: [    1.439941] usbcore: registered new interface driver cdc_ncm
Jun 17 16:03:23 vader-rover kernel: [    1.446228] ehci_hcd: USB 2.0 'Enhanced' Host Controller (EHCI) Driver
Jun 17 16:03:23 vader-rover kernel: [    1.453094] ehci_hcd: block sizes: qh 64 qtd 96 itd 160 sitd 96
Jun 17 16:03:23 vader-rover kernel: [    1.453247] ehci-omap ehci-omap.0: failed to get ehci port1 regulator
Jun 17 16:03:23 vader-rover kernel: [    2.453460] ehci-omap ehci-omap.0: phy reset operation timed out
Jun 17 16:03:23 vader-rover kernel: [    2.453491] ehci-omap ehci-omap.0: reset hcs_params 0x1313 dbg=0 cc=1 pcc=3 ordered ports=3
Jun 17 16:03:23 vader-rover kernel: [    2.453491] ehci-omap ehci-omap.0: reset hcc_params 0016 thresh 1 uframes 256/512/1024 park
Jun 17 16:03:23 vader-rover kernel: [    2.453521] ehci-omap ehci-omap.0: reset command 0080b02  park=3 ithresh=8 period=1024 Reset HALT
Jun 17 16:03:23 vader-rover kernel: [    2.453552] ehci-omap ehci-omap.0: OMAP-EHCI Host Controller
Jun 17 16:03:23 vader-rover kernel: [    2.459777] ehci-omap ehci-omap.0: new USB bus registered, assigned bus number 1
Jun 17 16:03:23 vader-rover kernel: [    2.467651] ehci-omap ehci-omap.0: park 0
Jun 17 16:03:23 vader-rover kernel: [    2.467712] ehci-omap ehci-omap.0: irq 77, io mem 0x48064800
Jun 17 16:03:23 vader-rover kernel: [    2.473724] ehci-omap ehci-omap.0: init command 0010005 (park)=0 ithresh=1 period=512 RUN
Jun 17 16:03:23 vader-rover kernel: [    2.484771] ehci-omap ehci-omap.0: USB 2.0 started, EHCI 1.00
Jun 17 16:03:23 vader-rover kernel: [    2.490936] usb usb1: default language 0x0409
Jun 17 16:03:23 vader-rover kernel: [    2.490966] usb usb1: udev 1, busnum 1, minor = 0
Jun 17 16:03:23 vader-rover kernel: [    2.490966] usb usb1: New USB device found, idVendor=1d6b, idProduct=0002
Jun 17 16:03:23 vader-rover kernel: [    2.498138] usb usb1: New USB device strings: Mfr=3, Product=2, SerialNumber=1
Jun 17 16:03:23 vader-rover kernel: [    2.505767] usb usb1: Product: OMAP-EHCI Host Controller
Jun 17 16:03:23 vader-rover kernel: [    2.511352] usb usb1: Manufacturer: Linux 3.5.0-2-linaro-omap ehci_hcd
Jun 17 16:03:23 vader-rover kernel: [    2.518218] usb usb1: SerialNumber: ehci-omap.0
Jun 17 16:03:23 vader-rover kernel: [    2.523468] usb usb1: usb_probe_device
Jun 17 16:03:23 vader-rover kernel: [    2.523498] usb usb1: configuration #1 chosen from 1 choice
Jun 17 16:03:23 vader-rover kernel: [    2.523529] usb usb1: adding 1-0:1.0 (config #1, interface 0)
Jun 17 16:03:23 vader-rover kernel: [    2.523681] hub 1-0:1.0: usb_probe_interface
Jun 17 16:03:23 vader-rover kernel: [    2.523681] hub 1-0:1.0: usb_probe_interface - got id
Jun 17 16:03:23 vader-rover kernel: [    2.523712] hub 1-0:1.0: USB hub found
Jun 17 16:03:23 vader-rover kernel: [    2.527709] hub 1-0:1.0: 3 ports detected
Jun 17 16:03:23 vader-rover kernel: [    2.531951] hub 1-0:1.0: standalone hub
Jun 17 16:03:23 vader-rover kernel: [    2.531982] hub 1-0:1.0: individual port power switching
Jun 17 16:03:23 vader-rover kernel: [    2.531982] hub 1-0:1.0: individual port over-current protection
Jun 17 16:03:23 vader-rover kernel: [    2.532012] hub 1-0:1.0: power on to power good time: 20ms
Jun 17 16:03:23 vader-rover kernel: [    2.532012] hub 1-0:1.0: local power source is good
Jun 17 16:03:23 vader-rover kernel: [    2.532043] hub 1-0:1.0: enabling power on all ports
Jun 17 16:03:23 vader-rover kernel: [    2.532318] ehci-omap ehci-omap.0: ...powerup ports...
Jun 17 16:03:23 vader-rover kernel: [    2.563049] Initializing USB Mass Storage driver...
Jun 17 16:03:23 vader-rover kernel: [    2.568328] usbcore: registered new interface driver usb-storage
Jun 17 16:03:23 vader-rover kernel: [    2.574676] USB Mass Storage support registered.
Jun 17 16:03:23 vader-rover kernel: [    2.579559] musb-hdrc: version 6.0, ?dma?, otg (peripheral+host)
Jun 17 16:03:23 vader-rover kernel: [    2.591522] twl4030_usb twl4030_usb: twl4030_phy_resume
Jun 17 16:03:23 vader-rover kernel: [    2.591766] musb-hdrc: ConfigData=0xde (UTMI-8, dyn FIFOs, bulk combine, bulk split, HB-ISO Rx, HB-ISO Tx, SoftConn)
Jun 17 16:03:23 vader-rover kernel: [    2.591796] musb-hdrc: MHDRC RTL version 1.800 
Jun 17 16:03:23 vader-rover kernel: [    2.591796] musb-hdrc: setup fifo_mode 4
Jun 17 16:03:23 vader-rover kernel: [    2.591827] musb-hdrc: 28/31 max ep, 16384/16384 memory
Jun 17 16:03:23 vader-rover kernel: [    2.592224] musb-hdrc musb-hdrc: USB OTG mode controller at fa0ab000 using DMA, IRQ 92
Jun 17 16:03:23 vader-rover kernel: [    2.602508] twl4030_usb twl4030_usb: twl4030_phy_suspend
Jun 17 16:03:23 vader-rover kernel: [    2.602996] mousedev: PS/2 mouse device common for all mice
Jun 17 16:03:23 vader-rover kernel: [    2.609558] twl_rtc twl_rtc: Enabling TWL-RTC
Jun 17 16:03:23 vader-rover kernel: [    2.616760] twl_rtc twl_rtc: rtc core: registered twl_rtc as rtc0
Jun 17 16:03:23 vader-rover kernel: [    2.623992] i2c /dev entries driver
Jun 17 16:03:23 vader-rover kernel: [    2.629089] voltdm_scale: No voltage scale API registered for vdd_mpu_iva
Jun 17 16:03:23 vader-rover kernel: [    2.636352] ehci-omap ehci-omap.0: GetStatus port:2 status 001803 0  ACK POWER sig=j CSC CONNECT
Jun 17 16:03:23 vader-rover kernel: [    2.636383] hub 1-0:1.0: port 2: status 0501 change 0001
Jun 17 16:03:23 vader-rover kernel: [    2.636444] platform mpu.0: omap_target: unable to scale voltage up.
Jun 17 16:03:23 vader-rover kernel: [    2.643157] cpuidle: using governor ladder
Jun 17 16:03:23 vader-rover kernel: [    2.647430] cpuidle: using governor menu
Jun 17 16:03:23 vader-rover kernel: [    2.652099] omap_hsmmc omap_hsmmc.0: Failed to get debounce clk
Jun 17 16:03:23 vader-rover kernel: [    2.734832] hub 1-0:1.0: state 7 ports 3 chg 0004 evt 0000
Jun 17 16:03:23 vader-rover kernel: [    2.734863] hub 1-0:1.0: port 2, status 0501, change 0000, 480 Mb/s
Jun 17 16:03:23 vader-rover kernel: [    2.797302] ehci-omap ehci-omap.0: port 2 reset complete, port enabled
Jun 17 16:03:23 vader-rover kernel: [    2.797332] ehci-omap ehci-omap.0: GetStatus port:2 status 001005 0  ACK POWER sig=se0 PE CONNECT
Jun 17 16:03:23 vader-rover kernel: [    2.859771] usb 1-2: new high-speed USB device number 2 using ehci-omap
Jun 17 16:03:23 vader-rover kernel: [    2.922302] ehci-omap ehci-omap.0: port 2 reset complete, port enabled
Jun 17 16:03:23 vader-rover kernel: [    2.922332] ehci-omap ehci-omap.0: GetStatus port:2 status 001005 0  ACK POWER sig=se0 PE CONNECT
Jun 17 16:03:23 vader-rover kernel: [    3.016510] usb 1-2: default language 0x0409
Jun 17 16:03:23 vader-rover kernel: [    3.016632] usb 1-2: udev 2, busnum 1, minor = 1
Jun 17 16:03:23 vader-rover kernel: [    3.016632] usb 1-2: New USB device found, idVendor=050d, idProduct=0237
Jun 17 16:03:23 vader-rover kernel: [    3.023681] usb 1-2: New USB device strings: Mfr=0, Product=1, SerialNumber=0
Jun 17 16:03:23 vader-rover kernel: [    3.031219] usb 1-2: Product: USB 2.0 Hub [MTT]
Jun 17 16:03:23 vader-rover kernel: [    3.036560] omap_hsmmc omap_hsmmc.1: Failed to get debounce clk
Jun 17 16:03:23 vader-rover kernel: [    3.043304] usb 1-2: usb_probe_device
Jun 17 16:03:23 vader-rover kernel: [    3.043334] usb 1-2: configuration #1 chosen from 1 choice
Jun 17 16:03:23 vader-rover kernel: [    3.043609] usb 1-2: adding 1-2:1.0 (config #1, interface 0)
Jun 17 16:03:23 vader-rover kernel: [    3.043762] hub 1-2:1.0: usb_probe_interface
Jun 17 16:03:23 vader-rover kernel: [    3.043762] hub 1-2:1.0: usb_probe_interface - got id
Jun 17 16:03:23 vader-rover kernel: [    3.043792] hub 1-2:1.0: USB hub found
Jun 17 16:03:23 vader-rover kernel: [    3.050628] hub 1-2:1.0: 7 ports detected
Jun 17 16:03:23 vader-rover kernel: [    3.054870] hub 1-2:1.0: standalone hub
Jun 17 16:03:23 vader-rover kernel: [    3.054901] hub 1-2:1.0: ganged power switching
Jun 17 16:03:23 vader-rover kernel: [    3.054901] hub 1-2:1.0: individual port over-current protection
Jun 17 16:03:23 vader-rover kernel: [    3.055175] hub 1-2:1.0: TT per port
Jun 17 16:03:23 vader-rover kernel: [    3.055236] hub 1-2:1.0: TT requires at most 8 FS bit times (666 ns)
Jun 17 16:03:23 vader-rover kernel: [    3.055236] hub 1-2:1.0: Port indicators are supported
Jun 17 16:03:23 vader-rover kernel: [    3.055267] hub 1-2:1.0: power on to power good time: 100ms
Jun 17 16:03:23 vader-rover kernel: [    3.055511] hub 1-2:1.0: local power source is good
Jun 17 16:03:23 vader-rover kernel: [    3.055511] hub 1-2:1.0: enabling power on all ports
Jun 17 16:03:23 vader-rover kernel: [    3.094635] Registered led device: overo:red:gpio21
Jun 17 16:03:23 vader-rover kernel: [    3.094757] Registered led device: overo:blue:gpio22
Jun 17 16:03:23 vader-rover kernel: [    3.095397] Registered led device: overo:blue:COM
Jun 17 16:03:23 vader-rover kernel: [    3.096862] usbcore: registered new interface driver usbhid
Jun 17 16:03:23 vader-rover kernel: [    3.102874] usbhid: USB HID core driver
Jun 17 16:03:23 vader-rover kernel: [    3.107910] usbcore: registered new interface driver snd-usb-audio
Jun 17 16:03:23 vader-rover kernel: [    3.115692] overo SoC init
Jun 17 16:03:23 vader-rover kernel: [    3.118774] soc-audio soc-audio: ASoC machine overo should use snd_soc_register_card()
Jun 17 16:03:23 vader-rover kernel: [    3.156768] hub 1-2:1.0: port 1: status 0101 change 0001
Jun 17 16:03:23 vader-rover kernel: [    3.156982] hub 1-2:1.0: port 2: status 0101 change 0001
Jun 17 16:03:23 vader-rover kernel: [    3.157501] hub 1-2:1.0: port 5: status 0101 change 0001
Jun 17 16:03:23 vader-rover kernel: [    3.157745] hub 1-2:1.0: port 6: status 0101 change 0001
Jun 17 16:03:23 vader-rover kernel: [    3.157989] hub 1-2:1.0: port 7: status 0101 change 0001
Jun 17 16:03:23 vader-rover kernel: [    3.212005] twl4030-codec twl4030-codec: ASoC: Failed to create Capture debugfs file
Jun 17 16:03:23 vader-rover kernel: [    3.223663] asoc: twl4030-hifi <-> omap-mcbsp.2 mapping ok
Jun 17 16:03:23 vader-rover kernel: [    3.233276] oprofile: hardware counters not available
Jun 17 16:03:23 vader-rover kernel: [    3.238647] oprofile: using timer interrupt.
Jun 17 16:03:23 vader-rover kernel: [    3.244018] TCP: cubic registered
Jun 17 16:03:23 vader-rover kernel: [    3.247528] NET: Registered protocol family 17
Jun 17 16:03:23 vader-rover kernel: [    3.252258] NET: Registered protocol family 15
Jun 17 16:03:23 vader-rover kernel: [    3.257049] Key type dns_resolver registered
Jun 17 16:03:23 vader-rover kernel: [    3.261657] usb 1-2: link qh256-0001/de5e8a80 start 1 [1/0 us]
Jun 17 16:03:23 vader-rover kernel: [    3.261718] hub 1-2:1.0: state 7 ports 7 chg 00e6 evt 0000
Jun 17 16:03:23 vader-rover kernel: [    3.261901] hub 1-2:1.0: port 1, status 0101, change 0000, 12 Mb/s
Jun 17 16:03:23 vader-rover kernel: [    3.262176] VFP support v0.3: implementor 41 architecture 3 part 30 variant c rev 3
Jun 17 16:03:23 vader-rover kernel: [    3.275207] ThumbEE CPU extension supported.
Jun 17 16:03:23 vader-rover kernel: [    3.279724] sr_init: No PMIC hook to init smartreflex
Jun 17 16:03:23 vader-rover kernel: [    3.285430] smartreflex smartreflex.0: omap_sr_probe: SmartReflex driver initialized
Jun 17 16:03:23 vader-rover kernel: [    3.294158] smartreflex smartreflex.1: omap_sr_probe: SmartReflex driver initialized
Jun 17 16:03:23 vader-rover kernel: [    3.309020] clock: disabling unused clocks to save power
Jun 17 16:03:23 vader-rover kernel: [    3.315643] registered taskstats version 1
Jun 17 16:03:23 vader-rover kernel: [    3.321258] fbcvt: 1024x768@60: CVT Name - .786M3-R
Jun 17 16:03:23 vader-rover kernel: [    3.344421] usb 1-2.1: new high-speed USB device number 3 using ehci-omap
Jun 17 16:03:23 vader-rover kernel: [    3.346527] Console: switching to colour frame buffer device 128x48
Jun 17 16:03:23 vader-rover kernel: [    3.372039] VDAC: incomplete constraints, leaving on
Jun 17 16:03:23 vader-rover kernel: [    3.379608] twl_rtc twl_rtc: setting system clock to 2014-06-17 20:03:12 UTC (1403035392)
Jun 17 16:03:23 vader-rover kernel: [    3.388519] ALSA device list:
Jun 17 16:03:23 vader-rover kernel: [    3.391815]   #0: overo
Jun 17 16:03:23 vader-rover kernel: [    3.395385] Freeing init memory: 220K
Jun 17 16:03:23 vader-rover kernel: [    3.466583] usb 1-2.1: default language 0x0409
Jun 17 16:03:23 vader-rover kernel: [    3.475433] usb 1-2.1: udev 3, busnum 1, minor = 2
Jun 17 16:03:23 vader-rover kernel: [    3.475463] usb 1-2.1: New USB device found, idVendor=1e10, idProduct=2004
Jun 17 16:03:23 vader-rover kernel: [    3.488006] usb 1-2.1: New USB device strings: Mfr=1, Product=2, SerialNumber=3
Jun 17 16:03:23 vader-rover kernel: [    3.504913] usb 1-2.1: Product: USB 2.0 Digital Imaging Camera
Jun 17 16:03:23 vader-rover kernel: [    3.516693] usb 1-2.1: Manufacturer: Point Grey Research
Jun 17 16:03:23 vader-rover kernel: [    3.522399] usb 1-2.1: SerialNumber: 00BB1D77
Jun 17 16:03:23 vader-rover kernel: [    3.540496] usb 1-2.1: usb_probe_device
Jun 17 16:03:23 vader-rover kernel: [    3.540527] usb 1-2.1: configuration #1 chosen from 1 choice
Jun 17 16:03:23 vader-rover kernel: [    3.541229] usb 1-2.1: adding 1-2.1:1.0 (config #1, interface 0)
Jun 17 16:03:23 vader-rover kernel: [    3.541900] hub 1-2:1.0: port 2, status 0101, change 0000, 12 Mb/s
Jun 17 16:03:23 vader-rover kernel: [    3.545104] mmc0: host does not support reading read-only switch. assuming write-enable.
Jun 17 16:03:23 vader-rover kernel: [    3.564727] mmc0: new high speed SDXC card at address 59b4
Jun 17 16:03:23 vader-rover kernel: [    3.579223] mmcblk0: mmc0:59b4       59.6 GiB 
Jun 17 16:03:23 vader-rover kernel: [    3.597747]  mmcblk0: p1 p2
Jun 17 16:03:23 vader-rover kernel: [    3.625793] usb 1-2.2: new high-speed USB device number 4 using ehci-omap
Jun 17 16:03:23 vader-rover kernel: [    3.669036] mmc1: new SDIO card at address 0001
Jun 17 16:03:23 vader-rover kernel: [    3.767395] usb 1-2.2: default language 0x0409
Jun 17 16:03:23 vader-rover kernel: [    3.768280] usb 1-2.2: udev 4, busnum 1, minor = 3
Jun 17 16:03:23 vader-rover kernel: [    3.768310] usb 1-2.2: New USB device found, idVendor=0bda, idProduct=8178
Jun 17 16:03:23 vader-rover kernel: [    3.804809] usb 1-2.2: New USB device strings: Mfr=1, Product=2, SerialNumber=3
Jun 17 16:03:23 vader-rover kernel: [    3.836425] usb 1-2.2: Product: USB WLAN
Jun 17 16:03:23 vader-rover kernel: [    3.859832] usb 1-2.2: Manufacturer: Realtek
Jun 17 16:03:23 vader-rover kernel: [    3.883300] usb 1-2.2: SerialNumber: 00e04c000001
Jun 17 16:03:23 vader-rover kernel: [    3.911163] usb 1-2.2: usb_probe_device
Jun 17 16:03:23 vader-rover kernel: [    3.911193] usb 1-2.2: configuration #1 chosen from 1 choice
Jun 17 16:03:23 vader-rover kernel: [    3.911590] usb 1-2.2: adding 1-2.2:1.0 (config #1, interface 0)
Jun 17 16:03:23 vader-rover kernel: [    3.912536] hub 1-2:1.0: port 5, status 0101, change 0000, 12 Mb/s
Jun 17 16:03:23 vader-rover kernel: [    3.992919] usb 1-2.5: new full-speed USB device number 5 using ehci-omap
Jun 17 16:03:23 vader-rover kernel: [    4.133331] usb 1-2.5: ep0 maxpacket = 8
Jun 17 16:03:23 vader-rover kernel: [    4.135803] usb 1-2.5: default language 0x0409
Jun 17 16:03:23 vader-rover kernel: [    4.140441] usb 1-2.5: udev 5, busnum 1, minor = 4
Jun 17 16:03:23 vader-rover kernel: [    4.140472] usb 1-2.5: New USB device found, idVendor=0403, idProduct=6001
Jun 17 16:03:23 vader-rover kernel: [    4.164520] usb 1-2.5: New USB device strings: Mfr=1, Product=2, SerialNumber=3
Jun 17 16:03:23 vader-rover kernel: [    4.192901] usb 1-2.5: Product: FT232R USB UART
Jun 17 16:03:23 vader-rover kernel: [    4.211395] usb 1-2.5: Manufacturer: FTDI
Jun 17 16:03:23 vader-rover kernel: [    4.226440] usb 1-2.5: SerialNumber: A702LYT7
Jun 17 16:03:23 vader-rover kernel: [    4.245086] usb 1-2.5: usb_probe_device
Jun 17 16:03:23 vader-rover kernel: [    4.245117] usb 1-2.5: configuration #1 chosen from 1 choice
Jun 17 16:03:23 vader-rover kernel: [    4.245574] usb 1-2.5: adding 1-2.5:1.0 (config #1, interface 0)
Jun 17 16:03:23 vader-rover kernel: [    4.248809] hub 1-2:1.0: port 6, status 0101, change 0000, 12 Mb/s
Jun 17 16:03:23 vader-rover kernel: [    4.328796] usb 1-2.6: new full-speed USB device number 6 using ehci-omap
Jun 17 16:03:23 vader-rover kernel: [    4.470153] usb 1-2.6: default language 0x0409
Jun 17 16:03:23 vader-rover kernel: [    4.470672] usb 1-2.6: udev 6, busnum 1, minor = 5
Jun 17 16:03:23 vader-rover kernel: [    4.470672] usb 1-2.6: New USB device found, idVendor=067b, idProduct=2303
Jun 17 16:03:23 vader-rover kernel: [    4.508331] usb 1-2.6: New USB device strings: Mfr=1, Product=2, SerialNumber=0
Jun 17 16:03:23 vader-rover kernel: [    4.546997] usb 1-2.6: Product: USB-Serial Controller D
Jun 17 16:03:23 vader-rover kernel: [    4.580078] usb 1-2.6: Manufacturer: Prolific Technology Inc. 
Jun 17 16:03:23 vader-rover kernel: [    4.602966] usb 1-2.6: usb_probe_device
Jun 17 16:03:23 vader-rover kernel: [    4.602996] usb 1-2.6: configuration #1 chosen from 1 choice
Jun 17 16:03:23 vader-rover kernel: [    4.604217] usb 1-2.6: adding 1-2.6:1.0 (config #1, interface 0)
Jun 17 16:03:23 vader-rover kernel: [    4.606475] hub 1-2:1.0: port 7, status 0101, change 0000, 12 Mb/s
Jun 17 16:03:23 vader-rover kernel: [    4.688323] usb 1-2.7: new high-speed USB device number 7 using ehci-omap
Jun 17 16:03:23 vader-rover kernel: [    4.826049] usb 1-2.7: default language 0x0409
Jun 17 16:03:23 vader-rover kernel: [    4.834686] usb 1-2.7: udev 7, busnum 1, minor = 6
Jun 17 16:03:23 vader-rover kernel: [    4.834716] usb 1-2.7: New USB device found, idVendor=1e10, idProduct=2004
Jun 17 16:03:23 vader-rover kernel: [    4.846282] usb 1-2.7: New USB device strings: Mfr=1, Product=2, SerialNumber=3
Jun 17 16:03:23 vader-rover kernel: [    4.857788] usb 1-2.7: Product: USB 2.0 Digital Imaging Camera
Jun 17 16:03:23 vader-rover kernel: [    4.868438] usb 1-2.7: Manufacturer: Point Grey Research
Jun 17 16:03:23 vader-rover kernel: [    4.877838] usb 1-2.7: SerialNumber: 00CAABB3
Jun 17 16:03:23 vader-rover kernel: [    4.886657] usb 1-2.7: usb_probe_device
Jun 17 16:03:23 vader-rover kernel: [    4.886688] usb 1-2.7: configuration #1 chosen from 1 choice
Jun 17 16:03:23 vader-rover kernel: [    4.887237] usb 1-2.7: adding 1-2.7:1.0 (config #1, interface 0)
Jun 17 16:03:23 vader-rover kernel: [    4.887786] hub 1-2:1.0: state 7 ports 7 chg 0000 evt 0080
Jun 17 16:03:23 vader-rover kernel: [    6.278839] end_request: I/O error, dev mtdblock0, sector 0
Jun 17 16:03:23 vader-rover kernel: [    6.288452] Buffer I/O error on device mtdblock0, logical block 0
Jun 17 16:03:23 vader-rover kernel: [    6.400421] end_request: I/O error, dev mtdblock0, sector 0
Jun 17 16:03:23 vader-rover kernel: [    6.410003] Buffer I/O error on device mtdblock0, logical block 0
Jun 17 16:03:23 vader-rover kernel: [    6.504547] end_request: I/O error, dev mtdblock0, sector 0
Jun 17 16:03:23 vader-rover kernel: [    6.514160] Buffer I/O error on device mtdblock0, logical block 0
Jun 17 16:03:23 vader-rover kernel: [    6.605224] end_request: I/O error, dev mtdblock0, sector 0
Jun 17 16:03:23 vader-rover kernel: [    6.614807] Buffer I/O error on device mtdblock0, logical block 0
Jun 17 16:03:23 vader-rover kernel: [    6.664703] rtl8192cu driver version=v4.0.2_9000.20130911
Jun 17 16:03:23 vader-rover kernel: [    6.664733] build time: May 27 2014 17:22:48
Jun 17 16:03:23 vader-rover kernel: [    6.664855] rtl8192cu 1-2.2:1.0: usb_probe_interface
Jun 17 16:03:23 vader-rover kernel: [    6.664886] rtl8192cu 1-2.2:1.0: usb_probe_interface - got id
Jun 17 16:03:23 vader-rover kernel: [    6.664916] 
Jun 17 16:03:23 vader-rover kernel: [    6.664916] usb_endpoint_descriptor(0):
Jun 17 16:03:23 vader-rover kernel: [    6.664916] bLength=7
Jun 17 16:03:23 vader-rover kernel: [    6.664916] bDescriptorType=5
Jun 17 16:03:23 vader-rover kernel: [    6.664916] bEndpointAddress=81
Jun 17 16:03:23 vader-rover kernel: [    6.664947] wMaxPacketSize=200
Jun 17 16:03:23 vader-rover kernel: [    6.664947] bInterval=0
Jun 17 16:03:23 vader-rover kernel: [    6.664947] RT_usb_endpoint_is_bulk_in = 1
Jun 17 16:03:23 vader-rover kernel: [    6.664947] 
Jun 17 16:03:23 vader-rover kernel: [    6.664947] usb_endpoint_descriptor(1):
Jun 17 16:03:23 vader-rover kernel: [    6.664978] bLength=7
Jun 17 16:03:23 vader-rover kernel: [    6.664978] bDescriptorType=5
Jun 17 16:03:23 vader-rover kernel: [    6.664978] bEndpointAddress=2
Jun 17 16:03:23 vader-rover kernel: [    6.664978] wMaxPacketSize=200
Jun 17 16:03:23 vader-rover kernel: [    6.664978] bInterval=0
Jun 17 16:03:23 vader-rover kernel: [    6.665008] RT_usb_endpoint_is_bulk_out = 2
Jun 17 16:03:23 vader-rover kernel: [    6.665008] 
Jun 17 16:03:23 vader-rover kernel: [    6.665008] usb_endpoint_descriptor(2):
Jun 17 16:03:23 vader-rover kernel: [    6.665008] bLength=7
Jun 17 16:03:23 vader-rover kernel: [    6.665008] bDescriptorType=5
Jun 17 16:03:23 vader-rover kernel: [    6.665008] bEndpointAddress=3
Jun 17 16:03:23 vader-rover kernel: [    6.665039] wMaxPacketSize=200
Jun 17 16:03:23 vader-rover kernel: [    6.665039] bInterval=0
Jun 17 16:03:23 vader-rover kernel: [    6.665039] RT_usb_endpoint_is_bulk_out = 3
Jun 17 16:03:23 vader-rover kernel: [    6.665039] 
Jun 17 16:03:23 vader-rover kernel: [    6.665039] usb_endpoint_descriptor(3):
Jun 17 16:03:23 vader-rover kernel: [    6.665039] bLength=7
Jun 17 16:03:23 vader-rover kernel: [    6.665069] bDescriptorType=5
Jun 17 16:03:23 vader-rover kernel: [    6.665069] bEndpointAddress=84
Jun 17 16:03:23 vader-rover kernel: [    6.665069] wMaxPacketSize=40
Jun 17 16:03:23 vader-rover kernel: [    6.665069] bInterval=1
Jun 17 16:03:23 vader-rover kernel: [    6.665069] RT_usb_endpoint_is_int_in = 4, Interval = 1
Jun 17 16:03:23 vader-rover kernel: [    6.665100] nr_endpoint=4, in_num=2, out_num=2
Jun 17 16:03:23 vader-rover kernel: [    6.665100] 
Jun 17 16:03:23 vader-rover kernel: [    6.665100] USB_SPEED_HIGH
Jun 17 16:03:23 vader-rover kernel: [    6.665161] CHIP TYPE: RTL8188C_8192C
Jun 17 16:03:23 vader-rover kernel: [    6.665191] register rtw_netdev_ops to netdev_ops
Jun 17 16:03:23 vader-rover kernel: [    6.665679] Chip Version ID: VERSION_NORMAL_TSMC_CHIP_92C.
Jun 17 16:03:23 vader-rover kernel: [    6.665679] RF_Type is 2!!
Jun 17 16:03:23 vader-rover kernel: [    6.666046] EEPROM type is E-FUSE
Jun 17 16:03:23 vader-rover kernel: [    6.666046] ====> ReadAdapterInfo8192C
Jun 17 16:03:23 vader-rover kernel: [    6.666168] Boot from EFUSE, Autoload OK !
Jun 17 16:03:23 vader-rover kernel: [    6.727630] end_request: I/O error, dev mtdblock0, sector 0
Jun 17 16:03:23 vader-rover kernel: [    6.737213] Buffer I/O error on device mtdblock0, logical block 0
Jun 17 16:03:23 vader-rover kernel: [    6.869018] end_request: I/O error, dev mtdblock0, sector 0
Jun 17 16:03:23 vader-rover kernel: [    6.878631] Buffer I/O error on device mtdblock0, logical block 0
Jun 17 16:03:23 vader-rover kernel: [    6.945465] end_request: I/O error, dev mtdblock0, sector 0
Jun 17 16:03:23 vader-rover kernel: [    6.955078] Buffer I/O error on device mtdblock0, logical block 0
Jun 17 16:03:23 vader-rover kernel: [    6.982208] EEPROMVID = 0x0bda
Jun 17 16:03:23 vader-rover kernel: [    6.982208] EEPROMPID = 0x8178
Jun 17 16:03:23 vader-rover kernel: [    6.982208] EEPROMCustomerID : 0x00
Jun 17 16:03:23 vader-rover kernel: [    6.982238] EEPROMSubCustomerID: 0x00
Jun 17 16:03:23 vader-rover kernel: [    6.982238] RT_CustomerID: 0x00
Jun 17 16:03:23 vader-rover kernel: [    6.982238] _ReadMACAddress MAC Address from EFUSE = c0:4a:00:17:ff:56
Jun 17 16:03:23 vader-rover kernel: [    6.982269] EEPROMRegulatory = 0x0
Jun 17 16:03:23 vader-rover kernel: [    6.982269] _ReadBoardType(0)
Jun 17 16:03:23 vader-rover kernel: [    6.982269] BT Coexistance = disable
Jun 17 16:03:23 vader-rover kernel: [    6.982299] mlmepriv.ChannelPlan = 0x02
Jun 17 16:03:23 vader-rover kernel: [    6.982299] _ReadPSSetting...bHWPwrPindetect(0)-bHWPowerdown(0) ,bSupportRemoteWakeup(0)
Jun 17 16:03:23 vader-rover kernel: [    6.982299] ### PS params=>  power_mgnt(0),usbss_enable(0) ###
Jun 17 16:03:23 vader-rover kernel: [    6.982299] ### AntDivCfg(0)
Jun 17 16:03:23 vader-rover kernel: [    6.982330] readAdapterInfo_8192CU(): REPLACEMENT = 1
Jun 17 16:03:23 vader-rover kernel: [    6.982330] <==== ReadAdapterInfo8192C in 312 ms
Jun 17 16:03:23 vader-rover kernel: [    6.983398] rtw_macaddr_cfg MAC Address  = c0:4a:00:17:ff:56
Jun 17 16:03:23 vader-rover kernel: [    6.983428] bDriverStopped:1, bSurpriseRemoved:0, bup:0, hw_init_completed:0
Jun 17 16:03:23 vader-rover kernel: [    6.985382] _rtw_drv_register_netdev, MAC Address (if1) = c0:4a:00:17:ff:56
Jun 17 16:03:23 vader-rover kernel: [    6.985778] usbcore: registered new interface driver rtl8192cu
Jun 17 16:03:23 vader-rover kernel: [    7.010162] end_request: I/O error, dev mtdblock0, sector 0
Jun 17 16:03:23 vader-rover kernel: [    7.019805] Buffer I/O error on device mtdblock0, logical block 0
Jun 17 16:03:23 vader-rover kernel: [    7.062408] end_request: I/O error, dev mtdblock0, sector 0
Jun 17 16:03:23 vader-rover kernel: [    7.072082] Buffer I/O error on device mtdblock0, logical block 0
Jun 17 16:03:23 vader-rover kernel: [    7.129516] end_request: I/O error, dev mtdblock0, sector 0
Jun 17 16:03:23 vader-rover kernel: [    7.139129] Buffer I/O error on device mtdblock0, logical block 0
Jun 17 16:03:23 vader-rover kernel: [    7.188079] end_request: I/O error, dev mtdblock0, sector 0
Jun 17 16:03:23 vader-rover kernel: [    7.209777] end_request: I/O error, dev mtdblock0, sector 0
Jun 17 16:03:23 vader-rover kernel: [    7.233734] end_request: I/O error, dev mtdblock0, sector 0
Jun 17 16:03:23 vader-rover kernel: [    7.265869] end_request: I/O error, dev mtdblock0, sector 0
Jun 17 16:03:23 vader-rover kernel: [    7.288177] ads7846 spi1.0: touchscreen, irq 210
Jun 17 16:03:23 vader-rover kernel: [    7.290893] ads7846 spi1.0: no device detected, test read result was 0x00000FFF
Jun 17 16:03:23 vader-rover kernel: [    7.293701] end_request: I/O error, dev mtdblock0, sector 0
Jun 17 16:03:23 vader-rover kernel: [    7.316894] end_request: I/O error, dev mtdblock0, sector 0
Jun 17 16:03:23 vader-rover kernel: [    7.342742] end_request: I/O error, dev mtdblock0, sector 0
Jun 17 16:03:23 vader-rover kernel: [    7.355773] Linux media interface: v0.10
Jun 17 16:03:23 vader-rover kernel: [    7.367767] end_request: I/O error, dev mtdblock0, sector 8
Jun 17 16:03:23 vader-rover kernel: [    7.391326] end_request: I/O error, dev mtdblock0, sector 8
Jun 17 16:03:23 vader-rover kernel: [    7.418701] end_request: I/O error, dev mtdblock0, sector 8
Jun 17 16:03:23 vader-rover kernel: [    7.440002] end_request: I/O error, dev mtdblock0, sector 8
Jun 17 16:03:23 vader-rover kernel: [    7.455169] Linux video capture interface: v2.00
Jun 17 16:03:23 vader-rover kernel: [    7.461547] end_request: I/O error, dev mtdblock0, sector 24
Jun 17 16:03:23 vader-rover kernel: [    7.490234] end_request: I/O error, dev mtdblock0, sector 24
Jun 17 16:03:23 vader-rover kernel: [    7.518432] end_request: I/O error, dev mtdblock0, sector 24
Jun 17 16:03:23 vader-rover kernel: [    7.537811] end_request: I/O error, dev mtdblock0, sector 24
Jun 17 16:03:23 vader-rover kernel: [    7.564575] end_request: I/O error, dev mtdblock0, sector 56
Jun 17 16:03:23 vader-rover kernel: [    7.586517] end_request: I/O error, dev mtdblock0, sector 56
Jun 17 16:03:23 vader-rover kernel: [    7.609497] end_request: I/O error, dev mtdblock0, sector 56
Jun 17 16:03:23 vader-rover kernel: [    7.621337] omap3isp omap3isp: Revision 15.0 found
Jun 17 16:03:23 vader-rover kernel: [    7.621459] omap-iommu omap-iommu.0: isp: version 1.1
Jun 17 16:03:23 vader-rover kernel: [    7.635437] end_request: I/O error, dev mtdblock0, sector 56
Jun 17 16:03:23 vader-rover kernel: [    7.661224] end_request: I/O error, dev mtdblock0, sector 120
Jun 17 16:03:23 vader-rover kernel: [    7.679626] lib80211: common routines for IEEE802.11 drivers
Jun 17 16:03:23 vader-rover kernel: [    7.679656] lib80211_crypt: registered algorithm 'NULL'
Jun 17 16:03:23 vader-rover kernel: [    7.687408] end_request: I/O error, dev mtdblock0, sector 120
Jun 17 16:03:23 vader-rover kernel: [    7.720123] end_request: I/O error, dev mtdblock0, sector 120
Jun 17 16:03:23 vader-rover kernel: [    7.739013] mt9v032 3-005c: Probing MT9V032 at address 0x5c
Jun 17 16:03:23 vader-rover kernel: [    7.739227] mt9v032 3-005c: MT9V032 power up failed
Jun 17 16:03:23 vader-rover kernel: [    7.747222] end_request: I/O error, dev mtdblock0, sector 120
Jun 17 16:03:23 vader-rover kernel: [    7.771179] end_request: I/O error, dev mtdblock0, sector 0
Jun 17 16:03:23 vader-rover kernel: [    7.795501] end_request: I/O error, dev mtdblock0, sector 0
Jun 17 16:03:23 vader-rover kernel: [    7.821075] end_request: I/O error, dev mtdblock0, sector 8
Jun 17 16:03:23 vader-rover kernel: [    7.851287] end_request: I/O error, dev mtdblock0, sector 8
Jun 17 16:03:23 vader-rover kernel: [    7.867126] isp_register_subdev_group: Unable to register subdev mt9v032
Jun 17 16:03:23 vader-rover kernel: [    7.877136] end_request: I/O error, dev mtdblock0, sector 24
Jun 17 16:03:23 vader-rover kernel: [    7.891479] end_request: I/O error, dev mtdblock0, sector 24
Jun 17 16:03:23 vader-rover kernel: [    7.921295] end_request: I/O error, dev mtdblock0, sector 56
Jun 17 16:03:23 vader-rover kernel: [    7.945465] end_request: I/O error, dev mtdblock0, sector 56
Jun 17 16:03:23 vader-rover kernel: [    7.972839] end_request: I/O error, dev mtdblock0, sector 120
Jun 17 16:03:23 vader-rover kernel: [    7.992401] end_request: I/O error, dev mtdblock0, sector 120
Jun 17 16:03:23 vader-rover kernel: [    8.022338] cfg80211: Calling CRDA to update world regulatory domain
Jun 17 16:03:23 vader-rover kernel: [    8.024139] end_request: I/O error, dev mtdblock0, sector 0
Jun 17 16:03:23 vader-rover kernel: [    8.046264] end_request: I/O error, dev mtdblock0, sector 0
Jun 17 16:03:23 vader-rover kernel: [    8.066436] end_request: I/O error, dev mtdblock0, sector 0
Jun 17 16:03:23 vader-rover kernel: [    8.092620] end_request: I/O error, dev mtdblock0, sector 0
Jun 17 16:03:23 vader-rover kernel: [    8.113311] end_request: I/O error, dev mtdblock0, sector 0
Jun 17 16:03:23 vader-rover kernel: [    8.134857] libertas_sdio: Libertas SDIO driver
Jun 17 16:03:23 vader-rover kernel: [    8.134857] libertas_sdio: Copyright Pierre Ossman
Jun 17 16:03:23 vader-rover kernel: [    8.141204] end_request: I/O error, dev mtdblock0, sector 0
Jun 17 16:03:23 vader-rover kernel: [    8.161468] end_request: I/O error, dev mtdblock0, sector 64
Jun 17 16:03:23 vader-rover kernel: [    8.190490] end_request: I/O error, dev mtdblock0, sector 64
Jun 17 16:03:23 vader-rover kernel: [    8.211547] end_request: I/O error, dev mtdblock0, sector 64
Jun 17 16:03:23 vader-rover kernel: [    8.227172] end_request: I/O error, dev mtdblock0, sector 64
Jun 17 16:03:23 vader-rover kernel: [    8.245361] end_request: I/O error, dev mtdblock0, sector 64
Jun 17 16:03:23 vader-rover kernel: [    8.258514] end_request: I/O error, dev mtdblock0, sector 64
Jun 17 16:03:23 vader-rover kernel: [    8.274841] end_request: I/O error, dev mtdblock0, sector 64
Jun 17 16:03:23 vader-rover kernel: [    8.293609] end_request: I/O error, dev mtdblock0, sector 64
Jun 17 16:03:23 vader-rover kernel: [    8.318145] end_request: I/O error, dev mtdblock0, sector 64
Jun 17 16:03:23 vader-rover kernel: [    8.341674] end_request: I/O error, dev mtdblock0, sector 0
Jun 17 16:03:23 vader-rover kernel: [    8.377197] end_request: I/O error, dev mtdblock0, sector 0
Jun 17 16:03:23 vader-rover kernel: [    8.409698] end_request: I/O error, dev mtdblock0, sector 0
Jun 17 16:03:23 vader-rover kernel: [    8.450134] end_request: I/O error, dev mtdblock0, sector 0
Jun 17 16:03:23 vader-rover kernel: [    8.479431] end_request: I/O error, dev mtdblock0, sector 0
Jun 17 16:03:23 vader-rover kernel: [    8.499359] end_request: I/O error, dev mtdblock0, sector 16
Jun 17 16:03:23 vader-rover kernel: [    8.516479] end_request: I/O error, dev mtdblock0, sector 0
Jun 17 16:03:23 vader-rover kernel: [    8.536590] end_request: I/O error, dev mtdblock0, sector 0
Jun 17 16:03:23 vader-rover kernel: [    8.555267] end_request: I/O error, dev mtdblock0, sector 0
Jun 17 16:03:23 vader-rover kernel: [    8.574768] end_request: I/O error, dev mtdblock0, sector 0
Jun 17 16:03:23 vader-rover kernel: [    8.595184] end_request: I/O error, dev mtdblock0, sector 0
Jun 17 16:03:23 vader-rover kernel: [    8.614227] end_request: I/O error, dev mtdblock0, sector 0
Jun 17 16:03:23 vader-rover kernel: [    8.633422] end_request: I/O error, dev mtdblock0, sector 0
Jun 17 16:03:23 vader-rover kernel: [    8.657012] end_request: I/O error, dev mtdblock0, sector 0
Jun 17 16:03:23 vader-rover kernel: [    8.674194] end_request: I/O error, dev mtdblock0, sector 0
Jun 17 16:03:23 vader-rover kernel: [    8.694274] end_request: I/O error, dev mtdblock0, sector 0
Jun 17 16:03:23 vader-rover kernel: [    8.713287] end_request: I/O error, dev mtdblock0, sector 0
Jun 17 16:03:23 vader-rover kernel: [    8.736389] end_request: I/O error, dev mtdblock0, sector 0
Jun 17 16:03:23 vader-rover kernel: [    8.758392] end_request: I/O error, dev mtdblock0, sector 0
Jun 17 16:03:23 vader-rover kernel: [    8.774017] end_request: I/O error, dev mtdblock0, sector 0
Jun 17 16:03:23 vader-rover kernel: [    8.789642] end_request: I/O error, dev mtdblock0, sector 0
Jun 17 16:03:23 vader-rover kernel: [    8.801818] end_request: I/O error, dev mtdblock0, sector 0
Jun 17 16:03:23 vader-rover kernel: [    8.823181] end_request: I/O error, dev mtdblock0, sector 0
Jun 17 16:03:23 vader-rover kernel: [    8.840484] end_request: I/O error, dev mtdblock0, sector 0
Jun 17 16:03:23 vader-rover kernel: [    8.861328] end_request: I/O error, dev mtdblock0, sector 8
Jun 17 16:03:23 vader-rover kernel: [    8.879669] end_request: I/O error, dev mtdblock0, sector 0
Jun 17 16:03:23 vader-rover kernel: [    8.903320] end_request: I/O error, dev mtdblock0, sector 0
Jun 17 16:03:23 vader-rover kernel: [    8.924255] end_request: I/O error, dev mtdblock0, sector 0
Jun 17 16:03:23 vader-rover kernel: [    8.945892] end_request: I/O error, dev mtdblock0, sector 0
Jun 17 16:03:23 vader-rover kernel: [    9.302032] end_request: I/O error, dev mtdblock0, sector 0
Jun 17 16:03:23 vader-rover kernel: [    9.319152] end_request: I/O error, dev mtdblock0, sector 0
Jun 17 16:03:23 vader-rover kernel: [    9.328826] end_request: I/O error, dev mtdblock0, sector 0
Jun 17 16:03:23 vader-rover kernel: [    9.352172] end_request: I/O error, dev mtdblock0, sector 0
Jun 17 16:03:23 vader-rover kernel: [    9.363983] end_request: I/O error, dev mtdblock0, sector 0
Jun 17 16:03:23 vader-rover kernel: [    9.381835] end_request: I/O error, dev mtdblock0, sector 0
Jun 17 16:03:23 vader-rover kernel: [    9.396301] end_request: I/O error, dev mtdblock0, sector 0
Jun 17 16:03:23 vader-rover kernel: [    9.412475] end_request: I/O error, dev mtdblock0, sector 0
Jun 17 16:03:23 vader-rover kernel: [    9.428985] end_request: I/O error, dev mtdblock0, sector 0
Jun 17 16:03:23 vader-rover kernel: [    9.443695] end_request: I/O error, dev mtdblock0, sector 0
Jun 17 16:03:23 vader-rover kernel: [    9.460754] end_request: I/O error, dev mtdblock0, sector 0
Jun 17 16:03:23 vader-rover kernel: [    9.474670] end_request: I/O error, dev mtdblock0, sector 0
Jun 17 16:03:23 vader-rover kernel: [    9.485870] end_request: I/O error, dev mtdblock0, sector 0
Jun 17 16:03:23 vader-rover kernel: [    9.503601] end_request: I/O error, dev mtdblock0, sector 0
Jun 17 16:03:23 vader-rover kernel: [    9.520050] end_request: I/O error, dev mtdblock0, sector 0
Jun 17 16:03:23 vader-rover kernel: [    9.533599] end_request: I/O error, dev mtdblock0, sector 0
Jun 17 16:03:23 vader-rover kernel: [    9.549468] end_request: I/O error, dev mtdblock0, sector 0
Jun 17 16:03:23 vader-rover kernel: [    9.568115] end_request: I/O error, dev mtdblock0, sector 8
Jun 17 16:03:23 vader-rover kernel: [    9.583923] end_request: I/O error, dev mtdblock0, sector 8
Jun 17 16:03:23 vader-rover kernel: [    9.606597] end_request: I/O error, dev mtdblock0, sector 8
Jun 17 16:03:23 vader-rover kernel: [    9.625823] end_request: I/O error, dev mtdblock0, sector 8
Jun 17 16:03:23 vader-rover kernel: [    9.646453] end_request: I/O error, dev mtdblock0, sector 24
Jun 17 16:03:23 vader-rover kernel: [    9.660491] end_request: I/O error, dev mtdblock0, sector 24
Jun 17 16:03:23 vader-rover kernel: [    9.680297] end_request: I/O error, dev mtdblock0, sector 24
Jun 17 16:03:23 vader-rover kernel: [    9.695922] end_request: I/O error, dev mtdblock0, sector 24
Jun 17 16:03:23 vader-rover kernel: [    9.712036] end_request: I/O error, dev mtdblock0, sector 56
Jun 17 16:03:23 vader-rover kernel: [    9.729461] end_request: I/O error, dev mtdblock0, sector 56
Jun 17 16:03:23 vader-rover kernel: [    9.745239] end_request: I/O error, dev mtdblock0, sector 56
Jun 17 16:03:23 vader-rover kernel: [    9.752716] usbcore: registered new interface driver usbserial
Jun 17 16:03:23 vader-rover kernel: [    9.753601] usbcore: registered new interface driver usbserial_generic
Jun 17 16:03:23 vader-rover kernel: [    9.756927] USB Serial support registered for generic
Jun 17 16:03:23 vader-rover kernel: [    9.756958] usbserial: USB Serial Driver core
Jun 17 16:03:23 vader-rover kernel: [    9.760986] end_request: I/O error, dev mtdblock0, sector 56
Jun 17 16:03:23 vader-rover kernel: [    9.775909] end_request: I/O error, dev mtdblock0, sector 120
Jun 17 16:03:23 vader-rover kernel: [    9.792205] end_request: I/O error, dev mtdblock0, sector 120
Jun 17 16:03:23 vader-rover kernel: [    9.809906] end_request: I/O error, dev mtdblock0, sector 120
Jun 17 16:03:23 vader-rover kernel: [    9.825195] end_request: I/O error, dev mtdblock0, sector 120
Jun 17 16:03:23 vader-rover kernel: [    9.832824] usbcore: registered new interface driver pl2303
Jun 17 16:03:23 vader-rover kernel: [    9.834930] USB Serial support registered for pl2303
Jun 17 16:03:23 vader-rover kernel: [    9.835052] pl2303 1-2.6:1.0: usb_probe_interface
Jun 17 16:03:23 vader-rover kernel: [    9.835052] pl2303 1-2.6:1.0: usb_probe_interface - got id
Jun 17 16:03:23 vader-rover kernel: [    9.835083] pl2303 1-2.6:1.0: pl2303 converter detected
Jun 17 16:03:23 vader-rover kernel: [    9.844360] end_request: I/O error, dev mtdblock0, sector 0
Jun 17 16:03:23 vader-rover kernel: [    9.858367] end_request: I/O error, dev mtdblock0, sector 0
Jun 17 16:03:23 vader-rover kernel: [    9.875610] end_request: I/O error, dev mtdblock0, sector 8
Jun 17 16:03:23 vader-rover kernel: [    9.890411] end_request: I/O error, dev mtdblock0, sector 8
Jun 17 16:03:23 vader-rover kernel: [    9.905822] end_request: I/O error, dev mtdblock0, sector 24
Jun 17 16:03:23 vader-rover kernel: [    9.920257] end_request: I/O error, dev mtdblock0, sector 24
Jun 17 16:03:23 vader-rover kernel: [    9.937042] end_request: I/O error, dev mtdblock0, sector 56
Jun 17 16:03:23 vader-rover kernel: [    9.949371] end_request: I/O error, dev mtdblock0, sector 56
Jun 17 16:03:23 vader-rover kernel: [    9.963195] end_request: I/O error, dev mtdblock0, sector 120
Jun 17 16:03:23 vader-rover kernel: [    9.977325] end_request: I/O error, dev mtdblock0, sector 120
Jun 17 16:03:23 vader-rover kernel: [    9.985015] usb 1-2.6: pl2303 converter now attached to ttyUSB0
Jun 17 16:03:23 vader-rover kernel: [    9.985839] usbcore: registered new interface driver ftdi_sio
Jun 17 16:03:23 vader-rover kernel: [    9.987823] USB Serial support registered for FTDI USB Serial Device
Jun 17 16:03:23 vader-rover kernel: [    9.988067] ftdi_sio 1-2.5:1.0: usb_probe_interface
Jun 17 16:03:23 vader-rover kernel: [    9.988098] ftdi_sio 1-2.5:1.0: usb_probe_interface - got id
Jun 17 16:03:23 vader-rover kernel: [    9.988128] ftdi_sio 1-2.5:1.0: FTDI USB Serial Device converter detected
Jun 17 16:03:23 vader-rover kernel: [    9.998840] end_request: I/O error, dev mtdblock0, sector 0
Jun 17 16:03:23 vader-rover kernel: [   10.014984] end_request: I/O error, dev mtdblock0, sector 0
Jun 17 16:03:23 vader-rover kernel: [   10.023529] usb 1-2.5: Detected FT232RL
Jun 17 16:03:23 vader-rover kernel: [   10.023559] usb 1-2.5: Number of endpoints 2
Jun 17 16:03:23 vader-rover kernel: [   10.023559] usb 1-2.5: Endpoint 1 MaxPacketSize 64
Jun 17 16:03:23 vader-rover kernel: [   10.023590] usb 1-2.5: Endpoint 2 MaxPacketSize 64
Jun 17 16:03:23 vader-rover kernel: [   10.023590] usb 1-2.5: Setting MaxPacketSize 64
Jun 17 16:03:23 vader-rover kernel: [   10.030609] end_request: I/O error, dev mtdblock0, sector 0
Jun 17 16:03:23 vader-rover kernel: [   10.048889] usb 1-2.5: FTDI USB Serial Device converter now attached to ttyUSB1
Jun 17 16:03:23 vader-rover kernel: [   10.052764] end_request: I/O error, dev mtdblock0, sector 0
Jun 17 16:03:23 vader-rover kernel: [   10.060089] ftdi_sio: v1.6.0:USB FTDI Serial Converters Driver
Jun 17 16:03:23 vader-rover kernel: [   10.069427] end_request: I/O error, dev mtdblock0, sector 0
Jun 17 16:03:23 vader-rover kernel: [   10.092864] end_request: I/O error, dev mtdblock0, sector 0
Jun 17 16:03:23 vader-rover kernel: [   10.111663] end_request: I/O error, dev mtdblock0, sector 64
Jun 17 16:03:23 vader-rover kernel: [   10.133422] end_request: I/O error, dev mtdblock0, sector 64
Jun 17 16:03:23 vader-rover kernel: [   10.150878] end_request: I/O error, dev mtdblock0, sector 64
Jun 17 16:03:23 vader-rover kernel: [   10.174255] end_request: I/O error, dev mtdblock0, sector 64
Jun 17 16:03:23 vader-rover kernel: [   10.197479] end_request: I/O error, dev mtdblock0, sector 64
Jun 17 16:03:23 vader-rover kernel: [   10.221313] end_request: I/O error, dev mtdblock0, sector 64
Jun 17 16:03:23 vader-rover kernel: [   10.236572] end_request: I/O error, dev mtdblock0, sector 64
Jun 17 16:03:23 vader-rover kernel: [   10.257934] end_request: I/O error, dev mtdblock0, sector 64
Jun 17 16:03:23 vader-rover kernel: [   10.273406] end_request: I/O error, dev mtdblock0, sector 64
Jun 17 16:03:23 vader-rover kernel: [   10.295837] end_request: I/O error, dev mtdblock0, sector 0
Jun 17 16:03:23 vader-rover kernel: [   10.308990] end_request: I/O error, dev mtdblock0, sector 0
Jun 17 16:03:23 vader-rover kernel: [   10.321624] end_request: I/O error, dev mtdblock0, sector 0
Jun 17 16:03:23 vader-rover kernel: [   10.346008] end_request: I/O error, dev mtdblock0, sector 0
Jun 17 16:03:23 vader-rover kernel: [   10.366973] end_request: I/O error, dev mtdblock0, sector 0
Jun 17 16:03:23 vader-rover kernel: [   10.387573] end_request: I/O error, dev mtdblock0, sector 16
Jun 17 16:03:23 vader-rover kernel: [   10.414672] end_request: I/O error, dev mtdblock0, sector 0
Jun 17 16:03:23 vader-rover kernel: [   10.422882] end_request: I/O error, dev mtdblock0, sector 0
Jun 17 16:03:23 vader-rover kernel: [   10.438079] end_request: I/O error, dev mtdblock0, sector 0
Jun 17 16:03:23 vader-rover kernel: [   10.460327] end_request: I/O error, dev mtdblock0, sector 0
Jun 17 16:03:23 vader-rover kernel: [   10.484954] end_request: I/O error, dev mtdblock0, sector 0
Jun 17 16:03:23 vader-rover kernel: [   10.485260] end_request: I/O error, dev mtdblock0, sector 0
Jun 17 16:03:23 vader-rover kernel: [   10.485443] end_request: I/O error, dev mtdblock0, sector 0
Jun 17 16:03:23 vader-rover kernel: [   10.485626] end_request: I/O error, dev mtdblock0, sector 0
Jun 17 16:03:23 vader-rover kernel: [   10.485778] end_request: I/O error, dev mtdblock0, sector 0
Jun 17 16:03:23 vader-rover kernel: [   10.485961] end_request: I/O error, dev mtdblock0, sector 0
Jun 17 16:03:23 vader-rover kernel: [   10.486114] end_request: I/O error, dev mtdblock0, sector 0
Jun 17 16:03:23 vader-rover kernel: [   10.486267] end_request: I/O error, dev mtdblock0, sector 0
Jun 17 16:03:23 vader-rover kernel: [   10.486450] end_request: I/O error, dev mtdblock0, sector 0
Jun 17 16:03:23 vader-rover kernel: [   10.486602] end_request: I/O error, dev mtdblock0, sector 0
Jun 17 16:03:23 vader-rover kernel: [   10.486785] end_request: I/O error, dev mtdblock0, sector 0
Jun 17 16:03:23 vader-rover kernel: [   10.486938] end_request: I/O error, dev mtdblock0, sector 0
Jun 17 16:03:23 vader-rover kernel: [   10.487091] end_request: I/O error, dev mtdblock0, sector 0
Jun 17 16:03:23 vader-rover kernel: [   10.487274] end_request: I/O error, dev mtdblock0, sector 0
Jun 17 16:03:23 vader-rover kernel: [   10.487426] end_request: I/O error, dev mtdblock0, sector 8
Jun 17 16:03:23 vader-rover kernel: [   10.487579] end_request: I/O error, dev mtdblock0, sector 0
Jun 17 16:03:23 vader-rover kernel: [   10.487762] end_request: I/O error, dev mtdblock0, sector 0
Jun 17 16:03:23 vader-rover kernel: [   10.487915] end_request: I/O error, dev mtdblock0, sector 0
Jun 17 16:03:23 vader-rover kernel: [   10.488098] end_request: I/O error, dev mtdblock0, sector 0
Jun 17 16:03:23 vader-rover kernel: [   12.710388] +871x_drv - drv_open, bup=0
Jun 17 16:03:23 vader-rover kernel: [   12.729919]  ===> FirmwareDownload91C() fw:Rtl819XFwImageArray_TSMC
Jun 17 16:03:23 vader-rover kernel: [   12.729949] FirmwareDownload92C accquire FW from embedded image
Jun 17 16:03:23 vader-rover kernel: [   12.729949] fw_ver=v88, fw_subver=2, sig=0x88c0
Jun 17 16:03:23 vader-rover kernel: [   12.779663] fw download ok!
Jun 17 16:03:23 vader-rover kernel: [   12.779693] Set RF Chip ID to RF_6052 and RF type to 2.
Jun 17 16:03:23 vader-rover kernel: [   12.899383] libertas_sdio mmc1:0001:1: (unregistered net_device): 00:19:88:25:91:f6, fw 9.70.3p36, cap 0x00000303
Jun 17 16:03:23 vader-rover kernel: [   13.298248] IQK:Start!!!
Jun 17 16:03:23 vader-rover kernel: [   13.315246] Path A IQK Success!!
Jun 17 16:03:23 vader-rover kernel: [   13.329193] Path B IQK Success!!
Jun 17 16:03:23 vader-rover kernel: [   13.338775] Path A IQK Success!!
Jun 17 16:03:23 vader-rover kernel: [   13.348999] Path B IQK Success!!
Jun 17 16:03:23 vader-rover kernel: [   13.355010] IQK: final_candidate is 0
Jun 17 16:03:23 vader-rover kernel: [   13.355041] IQK: RegE94=fe RegE9C=3fe RegEA4=f9 RegEAC=3fe RegEB4=102 RegEBC=a RegEC4=f9 RegECC=2
Jun 17 16:03:23 vader-rover kernel: [   13.355041]  Path A IQ Calibration Success !
Jun 17 16:03:23 vader-rover kernel: [   13.357269] Path B IQ Calibration Success !
Jun 17 16:03:23 vader-rover kernel: [   13.485900] pdmpriv->TxPowerTrackControl = 1
Jun 17 16:03:23 vader-rover kernel: [   13.499786] rtl8192cu_hal_init in 789ms
Jun 17 16:03:23 vader-rover kernel: [   13.514282] MAC Address = c0:4a:00:17:ff:56
Jun 17 16:03:23 vader-rover kernel: [   13.522369] -871x_drv - drv_open, bup=1
Jun 17 16:03:23 vader-rover kernel: [   13.522735] [rtw_wx_set_pmkid] IW_PMKSA_FLUSH!
Jun 17 16:03:23 vader-rover kernel: [   13.522796] set_mode = IW_MODE_INFRA
Jun 17 16:03:23 vader-rover kernel: [   13.525024] libertas_sdio mmc1:0001:1: wlan0: Marvell WLAN 802.11 adapter
Jun 17 16:03:23 vader-rover kernel: [   13.534637] hw_var_set_opmode()-4234 mode = 2
Jun 17 16:03:23 vader-rover kernel: [   13.651550] [rtw_wx_set_pmkid] IW_PMKSA_FLUSH!
Jun 17 16:03:23 vader-rover kernel: [   13.810424] IW_SCAN_THIS_ESSID, ssid=PAL3.0, len=6
Jun 17 16:03:23 vader-rover kernel: [   13.922454] NET: Registered protocol family 10
Jun 17 16:03:23 vader-rover kernel: [   13.930297] IPv6: ADDRCONF(NETDEV_UP): wlan1: link is not ready
Jun 17 16:03:23 vader-rover avahi-daemon[518]: Found user 'avahi' (UID 107) and group 'avahi' (GID 112).
Jun 17 16:03:23 vader-rover avahi-daemon[518]: Successfully dropped root privileges.
Jun 17 16:03:23 vader-rover avahi-daemon[518]: avahi-daemon 0.6.30 starting up.
Jun 17 16:03:23 vader-rover avahi-daemon[518]: Successfully called chroot().
Jun 17 16:03:23 vader-rover avahi-daemon[518]: Successfully dropped remaining capabilities.
Jun 17 16:03:23 vader-rover avahi-daemon[518]: No service file found in /etc/avahi/services.
Jun 17 16:03:23 vader-rover avahi-daemon[518]: Network interface enumeration completed.
Jun 17 16:03:23 vader-rover avahi-daemon[518]: Registering HINFO record with values 'ARMV7L'/'LINUX'.
Jun 17 16:03:23 vader-rover avahi-daemon[518]: Server startup complete. Host name is vader-rover.local. Local service cookie is 3996626301.
Jun 17 16:03:23 vader-rover dhclient: DHCPREQUEST of 10.184.72.219 on wlan1 to 255.255.255.255 port 67
Jun 17 16:03:24 vader-rover kernel: [   15.052581] survey done event(53) band:0 for wlan1
Jun 17 16:03:24 vader-rover kernel: [   15.058349] wpa_set_auth_algs, AUTH_ALG_OPEN_SYSTEM
Jun 17 16:03:24 vader-rover kernel: [   15.058380] set_mode = IW_MODE_INFRA
Jun 17 16:03:24 vader-rover kernel: [   15.058807] 
Jun 17 16:03:24 vader-rover kernel: [   15.058807]  wpa_ie(length:22):
Jun 17 16:03:24 vader-rover kernel: [   15.058837] 0x30 0x14 0x01 0x00 0x00 0x0f 0xac 0x04 
Jun 17 16:03:24 vader-rover kernel: [   15.058837] 0x01 0x00 0x00 0x0f 0xac 0x04 0x01 0x00 
Jun 17 16:03:24 vader-rover kernel: [   15.058837] 0x00 0x0f 0xac 0x01 0x00 0x00 0x00 0x00 
Jun 17 16:03:24 vader-rover kernel: [   15.059906] hw_var_set_opmode()-4234 mode = 2
Jun 17 16:03:24 vader-rover kernel: [   15.061279] SetHwReg8192CU, 5130, RCR= 700060ca 
Jun 17 16:03:24 vader-rover kernel: [   15.061523] =>rtw_wx_set_essid
Jun 17 16:03:24 vader-rover kernel: [   15.061523] ssid=PAL3.0, len=6
Jun 17 16:03:24 vader-rover kernel: [   15.061553] Set SSID under fw_state=0x00000008
Jun 17 16:03:24 vader-rover kernel: [   15.061584] [by_bssid:0][assoc_ssid:PAL3.0][to_roaming:0] new candidate: PAL3.0(00:22:90:ea:f3:c0, ch1) rssi:-74
Jun 17 16:03:24 vader-rover kernel: [   15.061614] [by_bssid:0][assoc_ssid:PAL3.0][to_roaming:0] new candidate: PAL3.0(f0:25:72:70:a3:a0, ch11) rssi:-73
Jun 17 16:03:24 vader-rover kernel: [   15.061645] rtw_select_and_join_from_scanned_queue: candidate: PAL3.0(f0:25:72:70:a3:a0, ch:11)
Jun 17 16:03:24 vader-rover kernel: [   15.061676] link to Cisco AP
Jun 17 16:03:24 vader-rover kernel: [   15.061737] <=rtw_wx_set_essid, ret 0
Jun 17 16:03:24 vader-rover kernel: [   15.061920] start_join_set_ch_bw: ch=11, bwmode=0, ch_offset=0
Jun 17 16:03:24 vader-rover kernel: [   15.061981] Set BSSID under fw_state=0x00000088
Jun 17 16:03:24 vader-rover kernel: [   15.263549] link to Cisco AP
Jun 17 16:03:24 vader-rover kernel: [   15.267944] OnAuthClient
Jun 17 16:03:24 vader-rover kernel: [   15.267974] network.SupportedRates[0]=8C
Jun 17 16:03:24 vader-rover kernel: [   15.268005] network.SupportedRates[1]=12
Jun 17 16:03:24 vader-rover kernel: [   15.268005] network.SupportedRates[2]=18
Jun 17 16:03:24 vader-rover kernel: [   15.268005] network.SupportedRates[3]=24
Jun 17 16:03:24 vader-rover kernel: [   15.268005] network.SupportedRates[4]=30
Jun 17 16:03:24 vader-rover kernel: [   15.268035] network.SupportedRates[5]=48
Jun 17 16:03:24 vader-rover kernel: [   15.268035] network.SupportedRates[6]=60
Jun 17 16:03:24 vader-rover kernel: [   15.268035] network.SupportedRates[7]=6C
Jun 17 16:03:24 vader-rover kernel: [   15.268035] bssrate_len = 8
Jun 17 16:03:24 vader-rover kernel: [   15.268066] declare supporting RX STBC
Jun 17 16:03:24 vader-rover kernel: [   15.277343] OnAssocRsp
Jun 17 16:03:24 vader-rover kernel: [   15.277374] report_join_res(6)
Jun 17 16:03:24 vader-rover kernel: [   15.277374] rtw_joinbss_update_network
Jun 17 16:03:24 vader-rover kernel: [   15.277404] +rtw_update_ht_cap()
Jun 17 16:03:24 vader-rover kernel: [   15.277435] rtw_joinbss_update_stainfo
Jun 17 16:03:24 vader-rover kernel: [   15.277770] IPv6: ADDRCONF(NETDEV_CHANGE): wlan1: link becomes ready
Jun 17 16:03:24 vader-rover kernel: [   15.278564] HW_VAR_BASIC_RATE: BrateCfg(0x15d)
Jun 17 16:03:24 vader-rover kernel: [   15.280883] WMM(0): 0, a42b
Jun 17 16:03:24 vader-rover kernel: [   15.281158] WMM(1): 0, a44f
Jun 17 16:03:24 vader-rover kernel: [   15.283355] WMM(2): 0, 5e4322
Jun 17 16:03:24 vader-rover kernel: [   15.283752] WMM(3): 0, 2f3222
Jun 17 16:03:24 vader-rover kernel: [   15.283782] HTOnAssocRsp
Jun 17 16:03:24 vader-rover kernel: [   15.306579] update raid entry, mask=0x1ffffff0, arg=0xa0
Jun 17 16:03:24 vader-rover kernel: [   15.309692] rtl8192c_set_FwJoinBssReport_cmd mstatus(1)
Jun 17 16:03:24 vader-rover kernel: [   15.311523] SetFwRsvdPagePkt
Jun 17 16:03:24 vader-rover kernel: [   15.311584] Set RSVD page location to Fw.
Jun 17 16:03:24 vader-rover kernel: [   15.314910] =>mlmeext_joinbss_event_callback
Jun 17 16:03:24 vader-rover kernel: [   15.492462] [rtw_wx_set_pmkid] IW_PMKSA_ADD!
Jun 17 16:03:24 vader-rover kernel: [   15.492492] [rtw_wx_set_pmkid] Use the new entry index = 0 for this PMKID.
Jun 17 16:03:24 vader-rover kernel: [   15.505493] 
Jun 17 16:03:24 vader-rover kernel: [   15.505493]  ~~~~stastakey:unicastkey
Jun 17 16:03:24 vader-rover kernel: [   15.505676]  ~~~~set sta key:groupkey
Jun 17 16:03:24 vader-rover kernel: [   15.505676] ==> rtw_set_key algorithm(4),keyid(1),key_mask(0)
Jun 17 16:03:24 vader-rover kernel: [   15.512664] SetHwReg8192CU, 5126, RCR= 700060ce 
Jun 17 16:03:25 vader-rover avahi-daemon[518]: Joining mDNS multicast group on interface wlan1.IPv6 with address fe80::c24a:ff:fe17:ff56.
Jun 17 16:03:25 vader-rover avahi-daemon[518]: New relevant interface wlan1.IPv6 for mDNS.
Jun 17 16:03:25 vader-rover avahi-daemon[518]: Registering new address record for fe80::c24a:ff:fe17:ff56 on wlan1.*.
Jun 17 16:03:26 vader-rover dhclient: DHCPREQUEST of 10.184.72.219 on wlan1 to 255.255.255.255 port 67
Jun 17 16:03:34 vader-rover dhclient: DHCPDISCOVER on wlan1 to 255.255.255.255 port 67 interval 3
Jun 17 16:03:35 vader-rover kernel: [   26.098815] OnAction_back
Jun 17 16:03:35 vader-rover kernel: [   26.098815] OnAction_back, action=0
Jun 17 16:03:35 vader-rover kernel: [   26.098846] issue_action_BA, category=3, action=1, status=0
Jun 17 16:03:35 vader-rover dhclient: DHCPREQUEST of 10.184.72.219 on wlan1 to 255.255.255.255 port 67
Jun 17 16:03:35 vader-rover dhclient: DHCPOFFER of 10.184.72.219 from 10.184.64.1
Jun 17 16:03:35 vader-rover dhclient: DHCPACK of 10.184.72.219 from 10.184.64.1
Jun 17 16:03:35 vader-rover avahi-daemon[518]: Joining mDNS multicast group on interface wlan1.IPv4 with address 10.184.72.219.
Jun 17 16:03:35 vader-rover avahi-daemon[518]: New relevant interface wlan1.IPv4 for mDNS.
Jun 17 16:03:35 vader-rover avahi-daemon[518]: Registering new address record for 10.184.72.219 on wlan1.IPv4.
Jun 17 16:03:35 vader-rover dhclient: bound to 10.184.72.219 -- renewal in 816 seconds.
Jun 17 16:03:37 vader-rover anacron[720]: Anacron 2.3 started on 2014-06-17
Jun 17 16:03:37 vader-rover cron[697]: (CRON) INFO (pidfile fd = 3)
Jun 17 16:03:37 vader-rover anacron[720]: Normal exit (0 jobs run)
Jun 17 16:03:37 vader-rover kernel: [   28.573699] GPIO Event Monitor 0.1 Compiled: Jan 13 2014 at 15:50:49
Jun 17 16:03:37 vader-rover cron[724]: (CRON) STARTUP (fork ok)
Jun 17 16:03:37 vader-rover cron[724]: (CRON) INFO (Running @reboot jobs)
Jun 17 16:03:37 vader-rover dbus[494]: [system] Activating service name='org.freedesktop.ConsoleKit' (using servicehelper)
Jun 17 16:03:38 vader-rover kernel: [   28.875518] pwm: frequency=50 Hz servo=1 servo_min = 10000 servo_max = 20000
Jun 17 16:03:38 vader-rover noip2[749]: v2.1.9 daemon started with NAT enabled
Jun 17 16:03:38 vader-rover dbus[494]: [system] Activating service name='org.freedesktop.PolicyKit1' (using servicehelper)
Jun 17 16:03:38 vader-rover noip2[749]: vader-rover.no-ip.biz was already set to 128.211.166.1.
Jun 17 16:03:38 vader-rover ntpd[843]: ntpd 4.2.6p3@1.2290 Tue Mar  6 15:10:33 UTC 2012 (1)
Jun 17 16:03:38 vader-rover ntpd[845]: proto: precision = 30.517 usec
Jun 17 16:03:38 vader-rover ntpd[845]: ntp_io: estimated max descriptors: 1024, initial socket boundary: 16
Jun 17 16:03:38 vader-rover ntpd[845]: unable to bind to wildcard address 0.0.0.0 - another process may be running - EXITING
Jun 17 16:03:38 vader-rover polkitd[840]: started daemon version 0.104 using authority implementation `local' version `0.104'
Jun 17 16:03:38 vader-rover dbus[494]: [system] Successfully activated service 'org.freedesktop.PolicyKit1'
Jun 17 16:03:38 vader-rover dbus[494]: [system] Successfully activated service 'org.freedesktop.ConsoleKit'
Jun 17 16:03:51 vader-rover ntpdate[662]: step time server 198.60.22.240 offset -0.639205 sec
Jun 17 16:03:51 vader-rover ntpd[1011]: ntpd 4.2.6p3@1.2290 Tue Mar  6 15:10:33 UTC 2012 (1)
Jun 17 16:03:51 vader-rover ntpd[1012]: proto: precision = 30.517 usec
Jun 17 16:03:51 vader-rover ntpd[1012]: ntp_io: estimated max descriptors: 1024, initial socket boundary: 16
Jun 17 16:03:51 vader-rover ntpd[1012]: Listen and drop on 0 v4wildcard 0.0.0.0 UDP 123
Jun 17 16:03:51 vader-rover ntpd[1012]: Listen and drop on 1 v6wildcard :: UDP 123
Jun 17 16:03:51 vader-rover ntpd[1012]: Listen normally on 2 lo 127.0.0.1 UDP 123
Jun 17 16:03:51 vader-rover ntpd[1012]: Listen normally on 3 wlan1 10.184.72.219 UDP 123
Jun 17 16:03:51 vader-rover ntpd[1012]: Listen normally on 4 wlan1 fe80::c24a:ff:fe17:ff56 UDP 123
Jun 17 16:03:51 vader-rover ntpd[1012]: Listen normally on 5 lo ::1 UDP 123
Jun 17 16:03:51 vader-rover ntpd[1012]: peers refreshed
Jun 17 16:03:51 vader-rover ntpd[1012]: Listening on routing socket on fd #22 for interface updates
Jun 17 16:04:17 vader-rover kernel: [   68.523895] hub 1-2:1.0: state 7 ports 7 chg 0000 evt 0020
Jun 17 16:04:17 vader-rover kernel: [   68.532653] hub 1-2:1.0: port 5, status 0100, change 0001, 12 Mb/s
Jun 17 16:04:17 vader-rover kernel: [   68.532928] usb 1-2.5: USB disconnect, device number 5
Jun 17 16:04:17 vader-rover kernel: [   68.532958] usb 1-2.5: unregistering device
Jun 17 16:04:17 vader-rover kernel: [   68.532958] usb 1-2.5: unregistering interface 1-2.5:1.0
Jun 17 16:04:17 vader-rover kernel: [   68.533843] ftdi_sio ttyUSB1: FTDI USB Serial Device converter now disconnected from ttyUSB1
Jun 17 16:04:17 vader-rover kernel: [   68.533935] ftdi_sio 1-2.5:1.0: device disconnected
Jun 17 16:04:17 vader-rover kernel: [   68.534027] usb 1-2.5: usb_disable_device nuking all URBs
Jun 17 16:04:17 vader-rover kernel: [   68.696929] hub 1-2:1.0: debounce: port 5: total 100ms stable 100ms status 0x100
Jun 17 16:17:01 vader-rover CRON[1016]: (root) CMD (   cd / && run-parts --report /etc/cron.hourly)
Jun 17 16:17:11 vader-rover dhclient: DHCPREQUEST of 10.184.72.219 on wlan1 to 128.210.224.242 port 67
Jun 17 16:17:11 vader-rover dhclient: DHCPACK of 10.184.72.219 from 128.210.224.242
Jun 17 16:17:11 vader-rover dhclient: bound to 10.184.72.219 -- renewal in 697 seconds.
Jun 17 16:28:24 vader-rover kernel: [ 1515.696746] hub 1-2:1.0: state 7 ports 7 chg 0000 evt 0020
Jun 17 16:28:24 vader-rover kernel: [ 1515.697692] hub 1-2:1.0: port 5, status 0101, change 0001, 12 Mb/s
Jun 17 16:28:24 vader-rover kernel: [ 1515.850128] hub 1-2:1.0: debounce: port 5: total 100ms stable 100ms status 0x101
Jun 17 16:28:24 vader-rover kernel: [ 1515.936157] usb 1-2.5: new full-speed USB device number 8 using ehci-omap
Jun 17 16:28:24 vader-rover kernel: [ 1516.052734] usb 1-2.5: ep0 maxpacket = 8
Jun 17 16:28:24 vader-rover kernel: [ 1516.056854] usb 1-2.5: default language 0x0409
Jun 17 16:28:24 vader-rover kernel: [ 1516.062103] usb 1-2.5: udev 8, busnum 1, minor = 7
Jun 17 16:28:24 vader-rover kernel: [ 1516.062133] usb 1-2.5: New USB device found, idVendor=0403, idProduct=6001
Jun 17 16:28:24 vader-rover kernel: [ 1516.062164] usb 1-2.5: New USB device strings: Mfr=1, Product=2, SerialNumber=3
Jun 17 16:28:24 vader-rover kernel: [ 1516.062194] usb 1-2.5: Product: FT232R USB UART
Jun 17 16:28:24 vader-rover kernel: [ 1516.062225] usb 1-2.5: Manufacturer: FTDI
Jun 17 16:28:24 vader-rover kernel: [ 1516.062255] usb 1-2.5: SerialNumber: A702LYT7
Jun 17 16:28:24 vader-rover kernel: [ 1516.068725] usb 1-2.5: usb_probe_device
Jun 17 16:28:24 vader-rover kernel: [ 1516.068786] usb 1-2.5: configuration #1 chosen from 1 choice
Jun 17 16:28:24 vader-rover kernel: [ 1516.070343] usb 1-2.5: adding 1-2.5:1.0 (config #1, interface 0)
Jun 17 16:28:24 vader-rover kernel: [ 1516.073547] ftdi_sio 1-2.5:1.0: usb_probe_interface
Jun 17 16:28:24 vader-rover kernel: [ 1516.073577] ftdi_sio 1-2.5:1.0: usb_probe_interface - got id
Jun 17 16:28:24 vader-rover kernel: [ 1516.073638] ftdi_sio 1-2.5:1.0: FTDI USB Serial Device converter detected
Jun 17 16:28:24 vader-rover kernel: [ 1516.074005] usb 1-2.5: Detected FT232RL
Jun 17 16:28:24 vader-rover kernel: [ 1516.074035] usb 1-2.5: Number of endpoints 2
Jun 17 16:28:24 vader-rover kernel: [ 1516.074066] usb 1-2.5: Endpoint 1 MaxPacketSize 64
Jun 17 16:28:24 vader-rover kernel: [ 1516.074096] usb 1-2.5: Endpoint 2 MaxPacketSize 64
Jun 17 16:28:24 vader-rover kernel: [ 1516.074127] usb 1-2.5: Setting MaxPacketSize 64
Jun 17 16:28:24 vader-rover kernel: [ 1516.076263] usb 1-2.5: FTDI USB Serial Device converter now attached to ttyUSB1
Jun 17 16:28:24 vader-rover kernel: [ 1516.080139] hub 1-2:1.0: state 7 ports 7 chg 0000 evt 0020
Jun 17 16:28:24 vader-rover mtp-probe: checking bus 1, device 8: "/sys/devices/platform/usbhs_omap/ehci-omap.0/usb1/1-2/1-2.5"
Jun 17 16:28:24 vader-rover mtp-probe: bus: 1, device: 8 was not an MTP device
Jun 17 16:28:48 vader-rover dhclient: DHCPREQUEST of 10.184.72.219 on wlan1 to 128.210.224.242 port 67
Jun 17 16:28:48 vader-rover dhclient: DHCPACK of 10.184.72.219 from 128.210.224.242
Jun 17 16:28:48 vader-rover dhclient: bound to 10.184.72.219 -- renewal in 686 seconds.
Jun 17 16:29:15 vader-rover kernel: [ 1566.727783] SysRq : HELP : loglevel(0-9) reBoot Crash terminate-all-tasks(E) memory-full-oom-kill(F) kill-all-tasks(I) thaw-filesystems(J) saK show-memory-usage(M) nice-all-RT-tasks(N) powerOff show-registers(P) show-all-timers(Q) unRaw Sync show-task-states(T) Unmount show-blocked-tasks(W) dump-ftrace-buffer(Z) 
Jun 17 16:29:18 vader-rover kernel: Kernel logging (proc) stopped.
Jun 17 16:29:18 vader-rover rsyslogd: [origin software="rsyslogd" swVersion="5.8.6" x-pid="505" x-info="http://www.rsyslog.com"] exiting on signal 15.
Jun 17 16:32:58 vader-rover kernel: imklog 5.8.6, log source = /proc/kmsg started.
Jun 17 16:32:58 vader-rover rsyslogd: [origin software="rsyslogd" swVersion="5.8.6" x-pid="506" x-info="http://www.rsyslog.com"] start
Jun 17 16:32:58 vader-rover rsyslogd: rsyslogd's groupid changed to 103
Jun 17 16:32:58 vader-rover rsyslogd: rsyslogd's userid changed to 101
Jun 17 16:32:58 vader-rover rsyslogd-2039: Could not open output pipe '/dev/xconsole' [try http://www.rsyslog.com/e/2039 ]
Jun 17 16:32:58 vader-rover kernel: [    0.000000] Booting Linux on physical CPU 0
Jun 17 16:32:58 vader-rover kernel: [    0.000000] Initializing cgroup subsys cpuset
Jun 17 16:32:58 vader-rover kernel: [    0.000000] Initializing cgroup subsys cpu
Jun 17 16:32:58 vader-rover kernel: [    0.000000] Linux version 3.5.0-2-linaro-omap (adam@pine) (gcc version 4.6.3 (Ubuntu/Linaro 4.6.3-1ubuntu5) ) #2~ci+121210190143 PREEMPT Mon Dec 10 11:03:27 PST 2012
Jun 17 16:32:58 vader-rover kernel: [    0.000000] CPU: ARMv7 Processor [413fc082] revision 2 (ARMv7), cr=10c53c7d
Jun 17 16:32:58 vader-rover kernel: [    0.000000] CPU: PIPT / VIPT nonaliasing data cache, VIPT aliasing instruction cache
Jun 17 16:32:58 vader-rover kernel: [    0.000000] Machine: Gumstix Overo
Jun 17 16:32:58 vader-rover kernel: [    0.000000] Reserving 12582912 bytes SDRAM for VRAM
Jun 17 16:32:58 vader-rover kernel: [    0.000000] Memory policy: ECC disabled, Data cache writeback
Jun 17 16:32:58 vader-rover kernel: [    0.000000] On node 0 totalpages: 127744
Jun 17 16:32:58 vader-rover kernel: [    0.000000] free_area_init_node: node 0, pgdat c070b85c, node_mem_map c07a7000
Jun 17 16:32:58 vader-rover kernel: [    0.000000]   Normal zone: 1024 pages used for memmap
Jun 17 16:32:58 vader-rover kernel: [    0.000000]   Normal zone: 0 pages reserved
Jun 17 16:32:58 vader-rover kernel: [    0.000000]   Normal zone: 126720 pages, LIFO batch:31
Jun 17 16:32:58 vader-rover kernel: [    0.000000] OMAP3630 ES1.2 (l2cache iva sgx neon isp 192mhz_clk )
Jun 17 16:32:58 vader-rover kernel: [    0.000000] Clocking rate (Crystal/Core/MPU): 26.0/332/600 MHz
Jun 17 16:32:58 vader-rover kernel: [    0.000000] pcpu-alloc: s0 r0 d32768 u32768 alloc=1*32768
Jun 17 16:32:58 vader-rover kernel: [    0.000000] pcpu-alloc: [0] 0 
Jun 17 16:32:58 vader-rover kernel: [    0.000000] Built 1 zonelists in Zone order, mobility grouping on.  Total pages: 126720
Jun 17 16:32:58 vader-rover kernel: [    0.000000] Kernel command line: console=tty0 console=ttyO2,115200n8 root=/dev/mmcblk0p2 rootwait ro earlyprintk mpurate=720 vram=12M omapdss.def_disp=dvi omapfb.mode=dvi:1024x768MR-16@60
Jun 17 16:32:58 vader-rover kernel: [    0.000000] PID hash table entries: 2048 (order: 1, 8192 bytes)
Jun 17 16:32:58 vader-rover kernel: [    0.000000] Dentry cache hash table entries: 65536 (order: 6, 262144 bytes)
Jun 17 16:32:58 vader-rover kernel: [    0.000000] Inode-cache hash table entries: 32768 (order: 5, 131072 bytes)
Jun 17 16:32:58 vader-rover kernel: [    0.000000] allocated 1048576 bytes of page_cgroup
Jun 17 16:32:58 vader-rover kernel: [    0.000000] please try 'cgroup_disable=memory' option if you don't want memory cgroups
Jun 17 16:32:58 vader-rover kernel: [    0.000000] Memory: 499MB = 499MB total
Jun 17 16:32:58 vader-rover kernel: [    0.000000] Memory: 496084k/496084k available, 28204k reserved, 0K highmem
Jun 17 16:32:58 vader-rover kernel: [    0.000000] Virtual kernel memory layout:
Jun 17 16:32:58 vader-rover kernel: [    0.000000]     vector  : 0xffff0000 - 0xffff1000   (   4 kB)
Jun 17 16:32:58 vader-rover kernel: [    0.000000]     fixmap  : 0xfff00000 - 0xfffe0000   ( 896 kB)
Jun 17 16:32:58 vader-rover kernel: [    0.000000]     vmalloc : 0xe0800000 - 0xff000000   ( 488 MB)
Jun 17 16:32:58 vader-rover kernel: [    0.000000]     lowmem  : 0xc0000000 - 0xe0000000   ( 512 MB)
Jun 17 16:32:58 vader-rover kernel: [    0.000000]     pkmap   : 0xbfe00000 - 0xc0000000   (   2 MB)
Jun 17 16:32:58 vader-rover kernel: [    0.000000]     modules : 0xbf000000 - 0xbfe00000   (  14 MB)
Jun 17 16:32:58 vader-rover kernel: [    0.000000]       .text : 0xc0008000 - 0xc067abfc   (6603 kB)
Jun 17 16:32:58 vader-rover kernel: [    0.000000]       .init : 0xc067b000 - 0xc06b2000   ( 220 kB)
Jun 17 16:32:58 vader-rover kernel: [    0.000000]       .data : 0xc06b2000 - 0xc071b268   ( 421 kB)
Jun 17 16:32:58 vader-rover kernel: [    0.000000]        .bss : 0xc071b28c - 0xc07a6020   ( 556 kB)
Jun 17 16:32:58 vader-rover kernel: [    0.000000] NR_IRQS:474
Jun 17 16:32:58 vader-rover kernel: [    0.000000] IRQ: Found an INTC at 0xfa200000 (revision 4.0) with 96 interrupts
Jun 17 16:32:58 vader-rover kernel: [    0.000000] Total of 96 interrupts on 1 active controller
Jun 17 16:32:58 vader-rover kernel: [    0.000000] OMAP clockevent source: GPTIMER1 at 32768 Hz
Jun 17 16:32:58 vader-rover kernel: [    0.000000] sched_clock: 32 bits at 32kHz, resolution 30517ns, wraps every 131071999ms
Jun 17 16:32:58 vader-rover kernel: [    0.000000] OMAP clocksource: 32k_counter at 32768 Hz
Jun 17 16:32:58 vader-rover kernel: [    0.000000] Console: colour dummy device 80x30
Jun 17 16:32:58 vader-rover kernel: [    0.000000] console [tty0] enabled
Jun 17 16:32:58 vader-rover kernel: [    0.001007] Calibrating delay loop... 597.64 BogoMIPS (lpj=2334720)
Jun 17 16:32:58 vader-rover kernel: [    0.039093] pid_max: default: 32768 minimum: 301
Jun 17 16:32:58 vader-rover kernel: [    0.039306] Security Framework initialized
Jun 17 16:32:58 vader-rover kernel: [    0.039428] Mount-cache hash table entries: 512
Jun 17 16:32:58 vader-rover kernel: [    0.040222] Initializing cgroup subsys debug
Jun 17 16:32:58 vader-rover kernel: [    0.040252] Initializing cgroup subsys cpuacct
Jun 17 16:32:58 vader-rover kernel: [    0.040283] Initializing cgroup subsys memory
Jun 17 16:32:58 vader-rover kernel: [    0.040344] Initializing cgroup subsys devices
Jun 17 16:32:58 vader-rover kernel: [    0.040374] Initializing cgroup subsys freezer
Jun 17 16:32:58 vader-rover kernel: [    0.040405] Initializing cgroup subsys perf_event
Jun 17 16:32:58 vader-rover kernel: [    0.040557] CPU: Testing write buffer coherency: ok
Jun 17 16:32:58 vader-rover kernel: [    0.040863] Setting up static identity map for 0x8046ea98 - 0x8046eaf0
Jun 17 16:32:58 vader-rover kernel: [    0.046051] devtmpfs: initialized
Jun 17 16:32:58 vader-rover kernel: [    0.050872] dummy: 
Jun 17 16:32:58 vader-rover kernel: [    0.051269] NET: Registered protocol family 16
Jun 17 16:32:58 vader-rover kernel: [    0.051727] GPMC revision 5.0
Jun 17 16:32:58 vader-rover kernel: [    0.051788] gpmc: irq-20 could not claim: err -22
Jun 17 16:32:58 vader-rover kernel: [    0.053466] gpiochip_add: registered GPIOs 0 to 31 on device: gpio
Jun 17 16:32:58 vader-rover kernel: [    0.053558] OMAP GPIO hardware version 2.5
Jun 17 16:32:58 vader-rover kernel: [    0.053833] gpiochip_add: registered GPIOs 32 to 63 on device: gpio
Jun 17 16:32:58 vader-rover kernel: [    0.054107] gpiochip_add: registered GPIOs 64 to 95 on device: gpio
Jun 17 16:32:58 vader-rover kernel: [    0.054382] gpiochip_add: registered GPIOs 96 to 127 on device: gpio
Jun 17 16:32:58 vader-rover kernel: [    0.054656] gpiochip_add: registered GPIOs 128 to 159 on device: gpio
Jun 17 16:32:58 vader-rover kernel: [    0.055084] gpiochip_add: registered GPIOs 160 to 191 on device: gpio
Jun 17 16:32:58 vader-rover kernel: [    0.056030] omap_mux_init: Add partition: #1: core, flags: 0
Jun 17 16:32:58 vader-rover kernel: [    0.061035] _omap_mux_get_by_name: Could not find signal uart4_rx.uart4_rx
Jun 17 16:32:58 vader-rover kernel: [    0.066894] Reprogramming SDRC clock to 332000000 Hz
Jun 17 16:32:58 vader-rover kernel: [    0.066955] dpll3_m2_clk rate change failed: -22
Jun 17 16:32:58 vader-rover kernel: [    0.066955] Found NAND on CS0
Jun 17 16:32:58 vader-rover kernel: [    0.066986] Registering NAND on CS0
Jun 17 16:32:58 vader-rover kernel: [    0.068176]  usbhs_omap: alias fck already exists
Jun 17 16:32:58 vader-rover kernel: [    0.075683] hw-breakpoint: debug architecture 0x4 unsupported.
Jun 17 16:32:58 vader-rover kernel: [    0.078765]  omap-mcbsp.2: alias fck already exists
Jun 17 16:32:58 vader-rover kernel: [    0.078979]  omap-mcbsp.3: alias fck already exists
Jun 17 16:32:58 vader-rover kernel: [    0.080078] Switched to new clocking rate (Crystal/Core/MPU): 26.0/332/720 MHz
Jun 17 16:32:58 vader-rover kernel: [    0.080291] OMAP DMA hardware revision 5.0
Jun 17 16:32:58 vader-rover kernel: [    0.087310] bio: create slab <bio-0> at 0
Jun 17 16:32:58 vader-rover kernel: [    0.088012] fixed-dummy: 
Jun 17 16:32:58 vader-rover kernel: [    0.088104] reg-fixed-voltage reg-fixed-voltage.0: fixed-dummy supplying 0uV
Jun 17 16:32:58 vader-rover kernel: [    0.088287] vads7846: override min_uV, 1 -> 3300000
Jun 17 16:32:58 vader-rover kernel: [    0.088287] vads7846: override max_uV, 2147483647 -> 3300000
Jun 17 16:32:58 vader-rover kernel: [    0.088317] vads7846: 3300 mV 
Jun 17 16:32:58 vader-rover kernel: [    0.088409] reg-fixed-voltage reg-fixed-voltage.1: vads7846 supplying 3300000uV
Jun 17 16:32:58 vader-rover kernel: [    0.089019] SCSI subsystem initialized
Jun 17 16:32:58 vader-rover kernel: [    0.089324] usbcore: registered new interface driver usbfs
Jun 17 16:32:58 vader-rover kernel: [    0.089447] usbcore: registered new interface driver hub
Jun 17 16:32:58 vader-rover kernel: [    0.089691] usbcore: registered new device driver usb
Jun 17 16:32:58 vader-rover kernel: [    0.090118] omap_i2c omap_i2c.1: bus 1 rev1.4.0 at 2600 kHz
Jun 17 16:32:58 vader-rover kernel: [    0.092651] twl 1-0048: PIH (irq 7) chaining IRQs 320..328
Jun 17 16:32:58 vader-rover kernel: [    0.092803] twl 1-0048: power (irq 325) chaining IRQs 328..335
Jun 17 16:32:58 vader-rover kernel: [    0.093383] twl4030_gpio twl4030_gpio: gpio (irq 320) chaining IRQs 336..353
Jun 17 16:32:58 vader-rover kernel: [    0.093688] gpiochip_add: registered GPIOs 192 to 211 on device: twl4030
Jun 17 16:32:58 vader-rover kernel: [    0.094421] VUSB1V5: override min_uV, 1 -> 1500000
Jun 17 16:32:58 vader-rover kernel: [    0.094421] VUSB1V5: override max_uV, 2147483647 -> 1500000
Jun 17 16:32:58 vader-rover kernel: [    0.094451] VUSB1V5: 1500 mV normal standby
Jun 17 16:32:58 vader-rover kernel: [    0.094909] VUSB1V8: override min_uV, 1 -> 1800000
Jun 17 16:32:58 vader-rover kernel: [    0.094909] VUSB1V8: override max_uV, 2147483647 -> 1800000
Jun 17 16:32:58 vader-rover kernel: [    0.094940] VUSB1V8: 1800 mV normal standby
Jun 17 16:32:58 vader-rover kernel: [    0.095336] VUSB3V1: override min_uV, 1 -> 3100000
Jun 17 16:32:58 vader-rover kernel: [    0.095336] VUSB3V1: override max_uV, 2147483647 -> 3100000
Jun 17 16:32:58 vader-rover kernel: [    0.095367] VUSB3V1: 3100 mV normal standby
Jun 17 16:32:58 vader-rover kernel: [    0.096801] twl4030_usb twl4030_usb: HW_CONDITIONS 0x10/16; link 0
Jun 17 16:32:58 vader-rover kernel: [    0.097015] twl4030_usb twl4030_usb: Initialized TWL4030 USB module
Jun 17 16:32:58 vader-rover kernel: [    0.097503] vdd_mpu_iva: 600 <--> 1450 mV normal 
Jun 17 16:32:58 vader-rover kernel: [    0.097930] vdd_core: 600 <--> 1450 mV normal 
Jun 17 16:32:58 vader-rover kernel: [    0.098388] VMMC1: 1850 <--> 3150 mV at 3000 mV normal standby
Jun 17 16:32:58 vader-rover kernel: [    0.098907] VDAC: 1800 mV normal standby
Jun 17 16:32:58 vader-rover kernel: [    0.099395] VDVI: 1800 mV normal standby
Jun 17 16:32:58 vader-rover kernel: [    0.099853] omap_i2c omap_i2c.3: bus 3 rev1.4.0 at 400 kHz
Jun 17 16:32:58 vader-rover kernel: [    0.100616] omap-iommu omap-iommu.0: isp registered
Jun 17 16:32:58 vader-rover kernel: [    0.100799] Advanced Linux Sound Architecture Driver Version 1.0.25.
Jun 17 16:32:58 vader-rover kernel: [    0.101684] Switching to clocksource 32k_counter
Jun 17 16:32:58 vader-rover kernel: [    0.126190] usbhs_omap usbhs_omap: xclk60mhsp2_ck set parentfailed error:-22
Jun 17 16:32:58 vader-rover kernel: [    0.126983] NET: Registered protocol family 2
Jun 17 16:32:58 vader-rover kernel: [    0.127288] IP route cache hash table entries: 4096 (order: 2, 16384 bytes)
Jun 17 16:32:58 vader-rover kernel: [    0.127838] TCP established hash table entries: 16384 (order: 5, 131072 bytes)
Jun 17 16:32:58 vader-rover kernel: [    0.128143] TCP bind hash table entries: 16384 (order: 4, 65536 bytes)
Jun 17 16:32:58 vader-rover kernel: [    0.128326] TCP: Hash tables configured (established 16384 bind 16384)
Jun 17 16:32:58 vader-rover kernel: [    0.128356] TCP: reno registered
Jun 17 16:32:58 vader-rover kernel: [    0.128387] UDP hash table entries: 256 (order: 0, 4096 bytes)
Jun 17 16:32:58 vader-rover kernel: [    0.128448] UDP-Lite hash table entries: 256 (order: 0, 4096 bytes)
Jun 17 16:32:58 vader-rover kernel: [    0.128723] NET: Registered protocol family 1
Jun 17 16:32:58 vader-rover kernel: [    0.129241] RPC: Registered named UNIX socket transport module.
Jun 17 16:32:58 vader-rover kernel: [    0.129272] RPC: Registered udp transport module.
Jun 17 16:32:58 vader-rover kernel: [    0.129302] RPC: Registered tcp transport module.
Jun 17 16:32:58 vader-rover kernel: [    0.129333] RPC: Registered tcp NFSv4.1 backchannel transport module.
Jun 17 16:32:58 vader-rover kernel: [    0.129577] Trying to unpack rootfs image as initramfs...
Jun 17 16:32:58 vader-rover kernel: [    0.244720] Freeing initrd memory: 1488K
Jun 17 16:32:58 vader-rover kernel: [    0.247070] audit: initializing netlink socket (disabled)
Jun 17 16:32:58 vader-rover kernel: [    0.247161] type=2000 audit(0.242:1): initialized
Jun 17 16:32:58 vader-rover kernel: [    0.248535] VFS: Disk quotas dquot_6.5.2
Jun 17 16:32:58 vader-rover kernel: [    0.248657] Dquot-cache hash table entries: 1024 (order 0, 4096 bytes)
Jun 17 16:32:58 vader-rover kernel: [    0.248992] NFS: Registering the id_resolver key type
Jun 17 16:32:58 vader-rover kernel: [    0.249084] Key type id_resolver registered
Jun 17 16:32:58 vader-rover kernel: [    0.249511] jffs2: version 2.2. (NAND) (SUMMARY)  Â© 2001-2006 Red Hat, Inc.
Jun 17 16:32:58 vader-rover kernel: [    0.250183] fuse init (API version 7.19)
Jun 17 16:32:58 vader-rover kernel: [    0.250793] msgmni has been set to 971
Jun 17 16:32:58 vader-rover kernel: [    0.252471] Block layer SCSI generic (bsg) driver version 0.4 loaded (major 253)
Jun 17 16:32:58 vader-rover kernel: [    0.252532] io scheduler noop registered
Jun 17 16:32:58 vader-rover kernel: [    0.252532] io scheduler deadline registered (default)
Jun 17 16:32:58 vader-rover kernel: [    0.253295] OMAP DSS rev 2.0
Jun 17 16:32:58 vader-rover kernel: [    0.256256] omap_uart.0: ttyO0 at MMIO 0x4806a000 (irq = 72) is a OMAP UART0
Jun 17 16:32:58 vader-rover kernel: [    0.256744] omap_uart.1: ttyO1 at MMIO 0x4806c000 (irq = 73) is a OMAP UART1
Jun 17 16:32:58 vader-rover kernel: [    0.257171] omap_uart.2: ttyO2 at MMIO 0x49020000 (irq = 74) is a OMAP UART2
Jun 17 16:32:58 vader-rover kernel: [    0.958099] console [ttyO2] enabled
Jun 17 16:32:58 vader-rover kernel: [    0.962219] omap_uart.3: ttyO3 at MMIO 0x49042000 (irq = 80) is a OMAP UART3
Jun 17 16:32:58 vader-rover kernel: [    0.977172] brd: module loaded
Jun 17 16:32:58 vader-rover kernel: [    0.984191] loop: module loaded
Jun 17 16:32:58 vader-rover kernel: [    0.989624] twl4030_madc twl4030_madc: clk disabled, enabling
Jun 17 16:32:58 vader-rover kernel: [    0.997497] NAND device: Manufacturer ID: 0x2c, Chip ID: 0xbc (Micron NAND 512MiB 1,8V 16-bit), page size: 2048, OOB size: 64
Jun 17 16:32:58 vader-rover kernel: [    1.022277] Creating 5 MTD partitions on "omap2-nand.0":
Jun 17 16:32:58 vader-rover kernel: [    1.028076] 0x000000000000-0x000000080000 : "xloader"
Jun 17 16:32:58 vader-rover kernel: [    1.034942] 0x000000080000-0x000000240000 : "uboot"
Jun 17 16:32:58 vader-rover kernel: [    1.042297] 0x000000240000-0x000000280000 : "uboot environment"
Jun 17 16:32:58 vader-rover kernel: [    1.049682] 0x000000280000-0x000000680000 : "linux"
Jun 17 16:32:58 vader-rover kernel: [    1.058532] 0x000000680000-0x000020000000 : "rootfs"
Jun 17 16:32:58 vader-rover kernel: [    1.417114] smsc911x: Driver version 2008-10-21
Jun 17 16:32:58 vader-rover kernel: [    1.422393] smsc911x: Driver version 2008-10-21
Jun 17 16:32:58 vader-rover kernel: [    1.427581] usbcore: registered new interface driver asix
Jun 17 16:32:58 vader-rover kernel: [    1.433410] usbcore: registered new interface driver cdc_ether
Jun 17 16:32:58 vader-rover kernel: [    1.439636] usbcore: registered new interface driver cdc_ncm
Jun 17 16:32:58 vader-rover kernel: [    1.445922] ehci_hcd: USB 2.0 'Enhanced' Host Controller (EHCI) Driver
Jun 17 16:32:58 vader-rover kernel: [    1.452789] ehci_hcd: block sizes: qh 64 qtd 96 itd 160 sitd 96
Jun 17 16:32:58 vader-rover kernel: [    1.452941] ehci-omap ehci-omap.0: failed to get ehci port1 regulator
Jun 17 16:32:58 vader-rover kernel: [    2.453399] ehci-omap ehci-omap.0: phy reset operation timed out
Jun 17 16:32:58 vader-rover kernel: [    2.453430] ehci-omap ehci-omap.0: reset hcs_params 0x1313 dbg=0 cc=1 pcc=3 ordered ports=3
Jun 17 16:32:58 vader-rover kernel: [    2.453430] ehci-omap ehci-omap.0: reset hcc_params 0016 thresh 1 uframes 256/512/1024 park
Jun 17 16:32:58 vader-rover kernel: [    2.453460] ehci-omap ehci-omap.0: reset command 0080b02  park=3 ithresh=8 period=1024 Reset HALT
Jun 17 16:32:58 vader-rover kernel: [    2.453491] ehci-omap ehci-omap.0: OMAP-EHCI Host Controller
Jun 17 16:32:58 vader-rover kernel: [    2.459716] ehci-omap ehci-omap.0: new USB bus registered, assigned bus number 1
Jun 17 16:32:58 vader-rover kernel: [    2.467590] ehci-omap ehci-omap.0: park 0
Jun 17 16:32:58 vader-rover kernel: [    2.467651] ehci-omap ehci-omap.0: irq 77, io mem 0x48064800
Jun 17 16:32:58 vader-rover kernel: [    2.473663] ehci-omap ehci-omap.0: init command 0010005 (park)=0 ithresh=1 period=512 RUN
Jun 17 16:32:58 vader-rover kernel: [    2.484710] ehci-omap ehci-omap.0: USB 2.0 started, EHCI 1.00
Jun 17 16:32:58 vader-rover kernel: [    2.490875] usb usb1: default language 0x0409
Jun 17 16:32:58 vader-rover kernel: [    2.490905] usb usb1: udev 1, busnum 1, minor = 0
Jun 17 16:32:58 vader-rover kernel: [    2.490936] usb usb1: New USB device found, idVendor=1d6b, idProduct=0002
Jun 17 16:32:58 vader-rover kernel: [    2.498107] usb usb1: New USB device strings: Mfr=3, Product=2, SerialNumber=1
Jun 17 16:32:58 vader-rover kernel: [    2.505706] usb usb1: Product: OMAP-EHCI Host Controller
Jun 17 16:32:58 vader-rover kernel: [    2.511291] usb usb1: Manufacturer: Linux 3.5.0-2-linaro-omap ehci_hcd
Jun 17 16:32:58 vader-rover kernel: [    2.518188] usb usb1: SerialNumber: ehci-omap.0
Jun 17 16:32:58 vader-rover kernel: [    2.523406] usb usb1: usb_probe_device
Jun 17 16:32:58 vader-rover kernel: [    2.523437] usb usb1: configuration #1 chosen from 1 choice
Jun 17 16:32:58 vader-rover kernel: [    2.523498] usb usb1: adding 1-0:1.0 (config #1, interface 0)
Jun 17 16:32:58 vader-rover kernel: [    2.523620] hub 1-0:1.0: usb_probe_interface
Jun 17 16:32:58 vader-rover kernel: [    2.523651] hub 1-0:1.0: usb_probe_interface - got id
Jun 17 16:32:58 vader-rover kernel: [    2.523651] hub 1-0:1.0: USB hub found
Jun 17 16:32:58 vader-rover kernel: [    2.527679] hub 1-0:1.0: 3 ports detected
Jun 17 16:32:58 vader-rover kernel: [    2.531890] hub 1-0:1.0: standalone hub
Jun 17 16:32:58 vader-rover kernel: [    2.531921] hub 1-0:1.0: individual port power switching
Jun 17 16:32:58 vader-rover kernel: [    2.531921] hub 1-0:1.0: individual port over-current protection
Jun 17 16:32:58 vader-rover kernel: [    2.531951] hub 1-0:1.0: power on to power good time: 20ms
Jun 17 16:32:58 vader-rover kernel: [    2.531982] hub 1-0:1.0: local power source is good
Jun 17 16:32:58 vader-rover kernel: [    2.531982] hub 1-0:1.0: enabling power on all ports
Jun 17 16:32:58 vader-rover kernel: [    2.532287] ehci-omap ehci-omap.0: ...powerup ports...
Jun 17 16:32:58 vader-rover kernel: [    2.562988] Initializing USB Mass Storage driver...
Jun 17 16:32:58 vader-rover kernel: [    2.568267] usbcore: registered new interface driver usb-storage
Jun 17 16:32:58 vader-rover kernel: [    2.574615] USB Mass Storage support registered.
Jun 17 16:32:58 vader-rover kernel: [    2.579498] musb-hdrc: version 6.0, ?dma?, otg (peripheral+host)
Jun 17 16:32:58 vader-rover kernel: [    2.591491] twl4030_usb twl4030_usb: twl4030_phy_resume
Jun 17 16:32:58 vader-rover kernel: [    2.591735] musb-hdrc: ConfigData=0xde (UTMI-8, dyn FIFOs, bulk combine, bulk split, HB-ISO Rx, HB-ISO Tx, SoftConn)
Jun 17 16:32:58 vader-rover kernel: [    2.591766] musb-hdrc: MHDRC RTL version 1.800 
Jun 17 16:32:58 vader-rover kernel: [    2.591766] musb-hdrc: setup fifo_mode 4
