Jun  6 10:24:29 vader-rover kernel: imklog 5.8.6, log source = /proc/kmsg started.
Jun  6 10:24:29 vader-rover rsyslogd: [origin software="rsyslogd" swVersion="5.8.6" x-pid="478" x-info="http://www.rsyslog.com"] start
Jun  6 10:24:29 vader-rover rsyslogd: rsyslogd's groupid changed to 103
Jun  6 10:24:29 vader-rover rsyslogd: rsyslogd's userid changed to 101
Jun  6 10:24:29 vader-rover rsyslogd-2039: Could not open output pipe '/dev/xconsole' [try http://www.rsyslog.com/e/2039 ]
Jun  6 10:24:29 vader-rover kernel: [    0.000000] Booting Linux on physical CPU 0
Jun  6 10:24:29 vader-rover kernel: [    0.000000] Initializing cgroup subsys cpuset
Jun  6 10:24:29 vader-rover kernel: [    0.000000] Initializing cgroup subsys cpu
Jun  6 10:24:29 vader-rover kernel: [    0.000000] Linux version 3.5.0-2-linaro-omap (adam@pine) (gcc version 4.6.3 (Ubuntu/Linaro 4.6.3-1ubuntu5) ) #2~ci+121210190143 PREEMPT Mon Dec 10 11:03:27 PST 2012
Jun  6 10:24:29 vader-rover kernel: [    0.000000] CPU: ARMv7 Processor [413fc082] revision 2 (ARMv7), cr=10c53c7d
Jun  6 10:24:29 vader-rover kernel: [    0.000000] CPU: PIPT / VIPT nonaliasing data cache, VIPT aliasing instruction cache
Jun  6 10:24:29 vader-rover kernel: [    0.000000] Machine: Gumstix Overo
Jun  6 10:24:29 vader-rover kernel: [    0.000000] Reserving 12582912 bytes SDRAM for VRAM
Jun  6 10:24:29 vader-rover kernel: [    0.000000] Memory policy: ECC disabled, Data cache writeback
Jun  6 10:24:29 vader-rover kernel: [    0.000000] On node 0 totalpages: 127744
Jun  6 10:24:29 vader-rover kernel: [    0.000000] free_area_init_node: node 0, pgdat c070b85c, node_mem_map c07a7000
Jun  6 10:24:29 vader-rover kernel: [    0.000000]   Normal zone: 1024 pages used for memmap
Jun  6 10:24:29 vader-rover kernel: [    0.000000]   Normal zone: 0 pages reserved
Jun  6 10:24:29 vader-rover kernel: [    0.000000]   Normal zone: 126720 pages, LIFO batch:31
Jun  6 10:24:29 vader-rover kernel: [    0.000000] OMAP3630 ES1.2 (l2cache iva sgx neon isp 192mhz_clk )
Jun  6 10:24:29 vader-rover kernel: [    0.000000] Clocking rate (Crystal/Core/MPU): 26.0/332/600 MHz
Jun  6 10:24:29 vader-rover kernel: [    0.000000] pcpu-alloc: s0 r0 d32768 u32768 alloc=1*32768
Jun  6 10:24:29 vader-rover kernel: [    0.000000] pcpu-alloc: [0] 0 
Jun  6 10:24:29 vader-rover kernel: [    0.000000] Built 1 zonelists in Zone order, mobility grouping on.  Total pages: 126720
Jun  6 10:24:29 vader-rover kernel: [    0.000000] Kernel command line: console=tty0 console=ttyO2,115200n8 root=/dev/mmcblk0p2 rootwait ro earlyprintk mpurate=720 vram=12M omapdss.def_disp=dvi omapfb.mode=dvi:1024x768MR-16@60
Jun  6 10:24:29 vader-rover kernel: [    0.000000] PID hash table entries: 2048 (order: 1, 8192 bytes)
Jun  6 10:24:29 vader-rover kernel: [    0.000000] Dentry cache hash table entries: 65536 (order: 6, 262144 bytes)
Jun  6 10:24:29 vader-rover kernel: [    0.000000] Inode-cache hash table entries: 32768 (order: 5, 131072 bytes)
Jun  6 10:24:29 vader-rover kernel: [    0.000000] allocated 1048576 bytes of page_cgroup
Jun  6 10:24:29 vader-rover kernel: [    0.000000] please try 'cgroup_disable=memory' option if you don't want memory cgroups
Jun  6 10:24:29 vader-rover kernel: [    0.000000] Memory: 499MB = 499MB total
Jun  6 10:24:29 vader-rover kernel: [    0.000000] Memory: 496084k/496084k available, 28204k reserved, 0K highmem
Jun  6 10:24:29 vader-rover kernel: [    0.000000] Virtual kernel memory layout:
Jun  6 10:24:29 vader-rover kernel: [    0.000000]     vector  : 0xffff0000 - 0xffff1000   (   4 kB)
Jun  6 10:24:29 vader-rover kernel: [    0.000000]     fixmap  : 0xfff00000 - 0xfffe0000   ( 896 kB)
Jun  6 10:24:29 vader-rover kernel: [    0.000000]     vmalloc : 0xe0800000 - 0xff000000   ( 488 MB)
Jun  6 10:24:29 vader-rover kernel: [    0.000000]     lowmem  : 0xc0000000 - 0xe0000000   ( 512 MB)
Jun  6 10:24:29 vader-rover kernel: [    0.000000]     pkmap   : 0xbfe00000 - 0xc0000000   (   2 MB)
Jun  6 10:24:29 vader-rover kernel: [    0.000000]     modules : 0xbf000000 - 0xbfe00000   (  14 MB)
Jun  6 10:24:29 vader-rover kernel: [    0.000000]       .text : 0xc0008000 - 0xc067abfc   (6603 kB)
Jun  6 10:24:29 vader-rover kernel: [    0.000000]       .init : 0xc067b000 - 0xc06b2000   ( 220 kB)
Jun  6 10:24:29 vader-rover kernel: [    0.000000]       .data : 0xc06b2000 - 0xc071b268   ( 421 kB)
Jun  6 10:24:29 vader-rover kernel: [    0.000000]        .bss : 0xc071b28c - 0xc07a6020   ( 556 kB)
Jun  6 10:24:29 vader-rover kernel: [    0.000000] NR_IRQS:474
Jun  6 10:24:29 vader-rover kernel: [    0.000000] IRQ: Found an INTC at 0xfa200000 (revision 4.0) with 96 interrupts
Jun  6 10:24:29 vader-rover kernel: [    0.000000] Total of 96 interrupts on 1 active controller
Jun  6 10:24:29 vader-rover kernel: [    0.000000] OMAP clockevent source: GPTIMER1 at 32768 Hz
Jun  6 10:24:29 vader-rover kernel: [    0.000000] sched_clock: 32 bits at 32kHz, resolution 30517ns, wraps every 131071999ms
Jun  6 10:24:29 vader-rover kernel: [    0.000000] OMAP clocksource: 32k_counter at 32768 Hz
Jun  6 10:24:29 vader-rover kernel: [    0.000000] Console: colour dummy device 80x30
Jun  6 10:24:29 vader-rover kernel: [    0.000000] console [tty0] enabled
Jun  6 10:24:29 vader-rover kernel: [    0.001007] Calibrating delay loop... 597.64 BogoMIPS (lpj=2334720)
Jun  6 10:24:29 vader-rover kernel: [    0.039123] pid_max: default: 32768 minimum: 301
Jun  6 10:24:29 vader-rover kernel: [    0.039337] Security Framework initialized
Jun  6 10:24:29 vader-rover kernel: [    0.039459] Mount-cache hash table entries: 512
Jun  6 10:24:29 vader-rover kernel: [    0.040252] Initializing cgroup subsys debug
Jun  6 10:24:29 vader-rover kernel: [    0.040313] Initializing cgroup subsys cpuacct
Jun  6 10:24:29 vader-rover kernel: [    0.040344] Initializing cgroup subsys memory
Jun  6 10:24:29 vader-rover kernel: [    0.040405] Initializing cgroup subsys devices
Jun  6 10:24:29 vader-rover kernel: [    0.040435] Initializing cgroup subsys freezer
Jun  6 10:24:29 vader-rover kernel: [    0.040466] Initializing cgroup subsys perf_event
Jun  6 10:24:29 vader-rover kernel: [    0.040588] CPU: Testing write buffer coherency: ok
Jun  6 10:24:29 vader-rover kernel: [    0.040924] Setting up static identity map for 0x8046ea98 - 0x8046eaf0
Jun  6 10:24:29 vader-rover kernel: [    0.046081] devtmpfs: initialized
Jun  6 10:24:29 vader-rover kernel: [    0.050903] dummy: 
Jun  6 10:24:29 vader-rover kernel: [    0.051300] NET: Registered protocol family 16
Jun  6 10:24:29 vader-rover kernel: [    0.051757] GPMC revision 5.0
Jun  6 10:24:29 vader-rover kernel: [    0.051818] gpmc: irq-20 could not claim: err -22
Jun  6 10:24:29 vader-rover kernel: [    0.053497] gpiochip_add: registered GPIOs 0 to 31 on device: gpio
Jun  6 10:24:29 vader-rover kernel: [    0.053619] OMAP GPIO hardware version 2.5
Jun  6 10:24:29 vader-rover kernel: [    0.053863] gpiochip_add: registered GPIOs 32 to 63 on device: gpio
Jun  6 10:24:29 vader-rover kernel: [    0.054138] gpiochip_add: registered GPIOs 64 to 95 on device: gpio
Jun  6 10:24:29 vader-rover kernel: [    0.054412] gpiochip_add: registered GPIOs 96 to 127 on device: gpio
Jun  6 10:24:29 vader-rover kernel: [    0.054809] gpiochip_add: registered GPIOs 128 to 159 on device: gpio
Jun  6 10:24:29 vader-rover kernel: [    0.055114] gpiochip_add: registered GPIOs 160 to 191 on device: gpio
Jun  6 10:24:29 vader-rover kernel: [    0.056060] omap_mux_init: Add partition: #1: core, flags: 0
Jun  6 10:24:29 vader-rover kernel: [    0.061065] _omap_mux_get_by_name: Could not find signal uart4_rx.uart4_rx
Jun  6 10:24:29 vader-rover kernel: [    0.066925] Reprogramming SDRC clock to 332000000 Hz
Jun  6 10:24:29 vader-rover kernel: [    0.066955] dpll3_m2_clk rate change failed: -22
Jun  6 10:24:29 vader-rover kernel: [    0.066986] Found NAND on CS0
Jun  6 10:24:29 vader-rover kernel: [    0.067016] Registering NAND on CS0
Jun  6 10:24:29 vader-rover kernel: [    0.068206]  usbhs_omap: alias fck already exists
Jun  6 10:24:29 vader-rover kernel: [    0.075714] hw-breakpoint: debug architecture 0x4 unsupported.
Jun  6 10:24:29 vader-rover kernel: [    0.078796]  omap-mcbsp.2: alias fck already exists
Jun  6 10:24:29 vader-rover kernel: [    0.079010]  omap-mcbsp.3: alias fck already exists
Jun  6 10:24:29 vader-rover kernel: [    0.080108] Switched to new clocking rate (Crystal/Core/MPU): 26.0/332/720 MHz
Jun  6 10:24:29 vader-rover kernel: [    0.080322] OMAP DMA hardware revision 5.0
Jun  6 10:24:29 vader-rover kernel: [    0.087341] bio: create slab <bio-0> at 0
Jun  6 10:24:29 vader-rover kernel: [    0.088043] fixed-dummy: 
Jun  6 10:24:29 vader-rover kernel: [    0.088134] reg-fixed-voltage reg-fixed-voltage.0: fixed-dummy supplying 0uV
Jun  6 10:24:29 vader-rover kernel: [    0.088317] vads7846: override min_uV, 1 -> 3300000
Jun  6 10:24:29 vader-rover kernel: [    0.088317] vads7846: override max_uV, 2147483647 -> 3300000
Jun  6 10:24:29 vader-rover kernel: [    0.088348] vads7846: 3300 mV 
Jun  6 10:24:29 vader-rover kernel: [    0.088439] reg-fixed-voltage reg-fixed-voltage.1: vads7846 supplying 3300000uV
Jun  6 10:24:29 vader-rover kernel: [    0.089050] SCSI subsystem initialized
Jun  6 10:24:29 vader-rover kernel: [    0.089324] usbcore: registered new interface driver usbfs
Jun  6 10:24:29 vader-rover kernel: [    0.089477] usbcore: registered new interface driver hub
Jun  6 10:24:29 vader-rover kernel: [    0.089691] usbcore: registered new device driver usb
Jun  6 10:24:29 vader-rover kernel: [    0.090118] omap_i2c omap_i2c.1: bus 1 rev1.4.0 at 2600 kHz
Jun  6 10:24:29 vader-rover kernel: [    0.092681] twl 1-0048: PIH (irq 7) chaining IRQs 320..328
Jun  6 10:24:29 vader-rover kernel: [    0.092803] twl 1-0048: power (irq 325) chaining IRQs 328..335
Jun  6 10:24:29 vader-rover kernel: [    0.093383] twl4030_gpio twl4030_gpio: gpio (irq 320) chaining IRQs 336..353
Jun  6 10:24:29 vader-rover kernel: [    0.093688] gpiochip_add: registered GPIOs 192 to 211 on device: twl4030
Jun  6 10:24:29 vader-rover kernel: [    0.094421] VUSB1V5: override min_uV, 1 -> 1500000
Jun  6 10:24:29 vader-rover kernel: [    0.094451] VUSB1V5: override max_uV, 2147483647 -> 1500000
Jun  6 10:24:29 vader-rover kernel: [    0.094451] VUSB1V5: 1500 mV normal standby
Jun  6 10:24:29 vader-rover kernel: [    0.094909] VUSB1V8: override min_uV, 1 -> 1800000
Jun  6 10:24:29 vader-rover kernel: [    0.094909] VUSB1V8: override max_uV, 2147483647 -> 1800000
Jun  6 10:24:29 vader-rover kernel: [    0.094940] VUSB1V8: 1800 mV normal standby
Jun  6 10:24:29 vader-rover kernel: [    0.095336] VUSB3V1: override min_uV, 1 -> 3100000
Jun  6 10:24:29 vader-rover kernel: [    0.095336] VUSB3V1: override max_uV, 2147483647 -> 3100000
Jun  6 10:24:29 vader-rover kernel: [    0.095336] VUSB3V1: 3100 mV normal standby
Jun  6 10:24:29 vader-rover kernel: [    0.096801] twl4030_usb twl4030_usb: HW_CONDITIONS 0x10/16; link 0
Jun  6 10:24:29 vader-rover kernel: [    0.097015] twl4030_usb twl4030_usb: Initialized TWL4030 USB module
Jun  6 10:24:29 vader-rover kernel: [    0.097503] vdd_mpu_iva: 600 <--> 1450 mV normal 
Jun  6 10:24:29 vader-rover kernel: [    0.097900] vdd_core: 600 <--> 1450 mV normal 
Jun  6 10:24:29 vader-rover kernel: [    0.098388] VMMC1: 1850 <--> 3150 mV at 3000 mV normal standby
Jun  6 10:24:29 vader-rover kernel: [    0.098907] VDAC: 1800 mV normal standby
Jun  6 10:24:29 vader-rover kernel: [    0.099395] VDVI: 1800 mV normal standby
Jun  6 10:24:29 vader-rover kernel: [    0.099822] omap_i2c omap_i2c.3: bus 3 rev1.4.0 at 400 kHz
Jun  6 10:24:29 vader-rover kernel: [    0.100555] omap-iommu omap-iommu.0: isp registered
Jun  6 10:24:29 vader-rover kernel: [    0.100769] Advanced Linux Sound Architecture Driver Version 1.0.25.
Jun  6 10:24:29 vader-rover kernel: [    0.101654] Switching to clocksource 32k_counter
Jun  6 10:24:29 vader-rover kernel: [    0.126159] usbhs_omap usbhs_omap: xclk60mhsp2_ck set parentfailed error:-22
Jun  6 10:24:29 vader-rover kernel: [    0.126922] NET: Registered protocol family 2
Jun  6 10:24:29 vader-rover kernel: [    0.127227] IP route cache hash table entries: 4096 (order: 2, 16384 bytes)
Jun  6 10:24:29 vader-rover kernel: [    0.127777] TCP established hash table entries: 16384 (order: 5, 131072 bytes)
Jun  6 10:24:29 vader-rover kernel: [    0.128082] TCP bind hash table entries: 16384 (order: 4, 65536 bytes)
Jun  6 10:24:29 vader-rover kernel: [    0.128265] TCP: Hash tables configured (established 16384 bind 16384)
Jun  6 10:24:29 vader-rover kernel: [    0.128295] TCP: reno registered
Jun  6 10:24:29 vader-rover kernel: [    0.128326] UDP hash table entries: 256 (order: 0, 4096 bytes)
Jun  6 10:24:29 vader-rover kernel: [    0.128387] UDP-Lite hash table entries: 256 (order: 0, 4096 bytes)
Jun  6 10:24:29 vader-rover kernel: [    0.128662] NET: Registered protocol family 1
Jun  6 10:24:29 vader-rover kernel: [    0.129180] RPC: Registered named UNIX socket transport module.
Jun  6 10:24:29 vader-rover kernel: [    0.129241] RPC: Registered udp transport module.
Jun  6 10:24:29 vader-rover kernel: [    0.129241] RPC: Registered tcp transport module.
Jun  6 10:24:29 vader-rover kernel: [    0.129272] RPC: Registered tcp NFSv4.1 backchannel transport module.
Jun  6 10:24:29 vader-rover kernel: [    0.129547] Trying to unpack rootfs image as initramfs...
Jun  6 10:24:29 vader-rover kernel: [    0.244567] Freeing initrd memory: 1488K
Jun  6 10:24:29 vader-rover kernel: [    0.246887] audit: initializing netlink socket (disabled)
Jun  6 10:24:29 vader-rover kernel: [    0.246978] type=2000 audit(0.242:1): initialized
Jun  6 10:24:29 vader-rover kernel: [    0.248382] VFS: Disk quotas dquot_6.5.2
Jun  6 10:24:29 vader-rover kernel: [    0.248474] Dquot-cache hash table entries: 1024 (order 0, 4096 bytes)
Jun  6 10:24:29 vader-rover kernel: [    0.248840] NFS: Registering the id_resolver key type
Jun  6 10:24:29 vader-rover kernel: [    0.248931] Key type id_resolver registered
Jun  6 10:24:29 vader-rover kernel: [    0.249359] jffs2: version 2.2. (NAND) (SUMMARY)  Â© 2001-2006 Red Hat, Inc.
Jun  6 10:24:29 vader-rover kernel: [    0.250030] fuse init (API version 7.19)
Jun  6 10:24:29 vader-rover kernel: [    0.250640] msgmni has been set to 971
Jun  6 10:24:29 vader-rover kernel: [    0.252319] Block layer SCSI generic (bsg) driver version 0.4 loaded (major 253)
Jun  6 10:24:29 vader-rover kernel: [    0.252349] io scheduler noop registered
Jun  6 10:24:29 vader-rover kernel: [    0.252380] io scheduler deadline registered (default)
Jun  6 10:24:29 vader-rover kernel: [    0.253143] OMAP DSS rev 2.0
Jun  6 10:24:29 vader-rover kernel: [    0.256103] omap_uart.0: ttyO0 at MMIO 0x4806a000 (irq = 72) is a OMAP UART0
Jun  6 10:24:29 vader-rover kernel: [    0.256591] omap_uart.1: ttyO1 at MMIO 0x4806c000 (irq = 73) is a OMAP UART1
Jun  6 10:24:29 vader-rover kernel: [    0.257019] omap_uart.2: ttyO2 at MMIO 0x49020000 (irq = 74) is a OMAP UART2
Jun  6 10:24:29 vader-rover kernel: [    0.958251] console [ttyO2] enabled
Jun  6 10:24:29 vader-rover kernel: [    0.962371] omap_uart.3: ttyO3 at MMIO 0x49042000 (irq = 80) is a OMAP UART3
Jun  6 10:24:29 vader-rover kernel: [    0.977325] brd: module loaded
Jun  6 10:24:29 vader-rover kernel: [    0.984374] loop: module loaded
Jun  6 10:24:29 vader-rover kernel: [    0.989837] twl4030_madc twl4030_madc: clk disabled, enabling
Jun  6 10:24:29 vader-rover kernel: [    0.997680] NAND device: Manufacturer ID: 0x2c, Chip ID: 0xbc (Micron NAND 512MiB 1,8V 16-bit), page size: 2048, OOB size: 64
Jun  6 10:24:29 vader-rover kernel: [    1.022521] Creating 5 MTD partitions on "omap2-nand.0":
Jun  6 10:24:29 vader-rover kernel: [    1.028289] 0x000000000000-0x000000080000 : "xloader"
Jun  6 10:24:29 vader-rover kernel: [    1.035156] 0x000000080000-0x000000240000 : "uboot"
Jun  6 10:24:29 vader-rover kernel: [    1.042510] 0x000000240000-0x000000280000 : "uboot environment"
Jun  6 10:24:29 vader-rover kernel: [    1.049896] 0x000000280000-0x000000680000 : "linux"
Jun  6 10:24:29 vader-rover kernel: [    1.058746] 0x000000680000-0x000020000000 : "rootfs"
Jun  6 10:24:29 vader-rover kernel: [    1.417327] smsc911x: Driver version 2008-10-21
Jun  6 10:24:29 vader-rover kernel: [    1.422576] smsc911x: Driver version 2008-10-21
Jun  6 10:24:29 vader-rover kernel: [    1.427764] usbcore: registered new interface driver asix
Jun  6 10:24:29 vader-rover kernel: [    1.433593] usbcore: registered new interface driver cdc_ether
Jun  6 10:24:29 vader-rover kernel: [    1.439819] usbcore: registered new interface driver cdc_ncm
Jun  6 10:24:29 vader-rover kernel: [    1.446105] ehci_hcd: USB 2.0 'Enhanced' Host Controller (EHCI) Driver
Jun  6 10:24:29 vader-rover kernel: [    1.453002] ehci_hcd: block sizes: qh 64 qtd 96 itd 160 sitd 96
Jun  6 10:24:29 vader-rover kernel: [    1.453124] ehci-omap ehci-omap.0: failed to get ehci port1 regulator
Jun  6 10:24:29 vader-rover kernel: [    2.453369] ehci-omap ehci-omap.0: phy reset operation timed out
Jun  6 10:24:29 vader-rover kernel: [    2.453399] ehci-omap ehci-omap.0: reset hcs_params 0x1313 dbg=0 cc=1 pcc=3 ordered ports=3
Jun  6 10:24:29 vader-rover kernel: [    2.453399] ehci-omap ehci-omap.0: reset hcc_params 0016 thresh 1 uframes 256/512/1024 park
Jun  6 10:24:29 vader-rover kernel: [    2.453430] ehci-omap ehci-omap.0: reset command 0080b02  park=3 ithresh=8 period=1024 Reset HALT
Jun  6 10:24:29 vader-rover kernel: [    2.453460] ehci-omap ehci-omap.0: OMAP-EHCI Host Controller
Jun  6 10:24:29 vader-rover kernel: [    2.459686] ehci-omap ehci-omap.0: new USB bus registered, assigned bus number 1
Jun  6 10:24:29 vader-rover kernel: [    2.467559] ehci-omap ehci-omap.0: park 0
Jun  6 10:24:29 vader-rover kernel: [    2.467620] ehci-omap ehci-omap.0: irq 77, io mem 0x48064800
Jun  6 10:24:29 vader-rover kernel: [    2.473632] ehci-omap ehci-omap.0: init command 0010005 (park)=0 ithresh=1 period=512 RUN
Jun  6 10:24:29 vader-rover kernel: [    2.484680] ehci-omap ehci-omap.0: USB 2.0 started, EHCI 1.00
Jun  6 10:24:29 vader-rover kernel: [    2.490844] usb usb1: default language 0x0409
Jun  6 10:24:29 vader-rover kernel: [    2.490875] usb usb1: udev 1, busnum 1, minor = 0
Jun  6 10:24:29 vader-rover kernel: [    2.490905] usb usb1: New USB device found, idVendor=1d6b, idProduct=0002
Jun  6 10:24:29 vader-rover kernel: [    2.498046] usb usb1: New USB device strings: Mfr=3, Product=2, SerialNumber=1
Jun  6 10:24:29 vader-rover kernel: [    2.505676] usb usb1: Product: OMAP-EHCI Host Controller
Jun  6 10:24:29 vader-rover kernel: [    2.511260] usb usb1: Manufacturer: Linux 3.5.0-2-linaro-omap ehci_hcd
Jun  6 10:24:29 vader-rover kernel: [    2.518127] usb usb1: SerialNumber: ehci-omap.0
Jun  6 10:24:29 vader-rover kernel: [    2.523376] usb usb1: usb_probe_device
Jun  6 10:24:29 vader-rover kernel: [    2.523376] usb usb1: configuration #1 chosen from 1 choice
Jun  6 10:24:29 vader-rover kernel: [    2.523437] usb usb1: adding 1-0:1.0 (config #1, interface 0)
Jun  6 10:24:29 vader-rover kernel: [    2.523590] hub 1-0:1.0: usb_probe_interface
Jun  6 10:24:29 vader-rover kernel: [    2.523590] hub 1-0:1.0: usb_probe_interface - got id
Jun  6 10:24:29 vader-rover kernel: [    2.523620] hub 1-0:1.0: USB hub found
Jun  6 10:24:29 vader-rover kernel: [    2.527618] hub 1-0:1.0: 3 ports detected
Jun  6 10:24:29 vader-rover kernel: [    2.531860] hub 1-0:1.0: standalone hub
Jun  6 10:24:29 vader-rover kernel: [    2.531860] hub 1-0:1.0: individual port power switching
Jun  6 10:24:29 vader-rover kernel: [    2.531890] hub 1-0:1.0: individual port over-current protection
Jun  6 10:24:29 vader-rover kernel: [    2.531890] hub 1-0:1.0: power on to power good time: 20ms
Jun  6 10:24:29 vader-rover kernel: [    2.531921] hub 1-0:1.0: local power source is good
Jun  6 10:24:29 vader-rover kernel: [    2.531921] hub 1-0:1.0: enabling power on all ports
Jun  6 10:24:29 vader-rover kernel: [    2.532226] ehci-omap ehci-omap.0: ...powerup ports...
Jun  6 10:24:29 vader-rover kernel: [    2.562957] Initializing USB Mass Storage driver...
Jun  6 10:24:29 vader-rover kernel: [    2.568237] usbcore: registered new interface driver usb-storage
Jun  6 10:24:29 vader-rover kernel: [    2.574584] USB Mass Storage support registered.
Jun  6 10:24:29 vader-rover kernel: [    2.579437] musb-hdrc: version 6.0, ?dma?, otg (peripheral+host)
Jun  6 10:24:29 vader-rover kernel: [    2.591400] twl4030_usb twl4030_usb: twl4030_phy_resume
Jun  6 10:24:29 vader-rover kernel: [    2.591644] musb-hdrc: ConfigData=0xde (UTMI-8, dyn FIFOs, bulk combine, bulk split, HB-ISO Rx, HB-ISO Tx, SoftConn)
Jun  6 10:24:29 vader-rover kernel: [    2.591674] musb-hdrc: MHDRC RTL version 1.800 
Jun  6 10:24:29 vader-rover kernel: [    2.591674] musb-hdrc: setup fifo_mode 4
Jun  6 10:24:29 vader-rover kernel: [    2.591705] musb-hdrc: 28/31 max ep, 16384/16384 memory
Jun  6 10:24:29 vader-rover kernel: [    2.592102] musb-hdrc musb-hdrc: USB OTG mode controller at fa0ab000 using DMA, IRQ 92
Jun  6 10:24:29 vader-rover kernel: [    2.602386] twl4030_usb twl4030_usb: twl4030_phy_suspend
Jun  6 10:24:29 vader-rover kernel: [    2.602874] mousedev: PS/2 mouse device common for all mice
Jun  6 10:24:29 vader-rover kernel: [    2.609405] twl_rtc twl_rtc: Enabling TWL-RTC
Jun  6 10:24:29 vader-rover kernel: [    2.616607] twl_rtc twl_rtc: rtc core: registered twl_rtc as rtc0
Jun  6 10:24:29 vader-rover kernel: [    2.623870] i2c /dev entries driver
Jun  6 10:24:29 vader-rover kernel: [    2.628936] voltdm_scale: No voltage scale API registered for vdd_mpu_iva
Jun  6 10:24:29 vader-rover kernel: [    2.636230] ehci-omap ehci-omap.0: GetStatus port:2 status 001803 0  ACK POWER sig=j CSC CONNECT
Jun  6 10:24:29 vader-rover kernel: [    2.636230] hub 1-0:1.0: port 2: status 0501 change 0001
Jun  6 10:24:29 vader-rover kernel: [    2.636291] platform mpu.0: omap_target: unable to scale voltage up.
Jun  6 10:24:29 vader-rover kernel: [    2.643005] cpuidle: using governor ladder
Jun  6 10:24:29 vader-rover kernel: [    2.647338] cpuidle: using governor menu
Jun  6 10:24:29 vader-rover kernel: [    2.651977] omap_hsmmc omap_hsmmc.0: Failed to get debounce clk
Jun  6 10:24:29 vader-rover kernel: [    2.734741] hub 1-0:1.0: state 7 ports 3 chg 0004 evt 0000
Jun  6 10:24:29 vader-rover kernel: [    2.734771] hub 1-0:1.0: port 2, status 0501, change 0000, 480 Mb/s
Jun  6 10:24:29 vader-rover kernel: [    2.797210] ehci-omap ehci-omap.0: port 2 reset complete, port enabled
Jun  6 10:24:29 vader-rover kernel: [    2.797241] ehci-omap ehci-omap.0: GetStatus port:2 status 001005 0  ACK POWER sig=se0 PE CONNECT
Jun  6 10:24:29 vader-rover kernel: [    2.859680] usb 1-2: new high-speed USB device number 2 using ehci-omap
Jun  6 10:24:29 vader-rover kernel: [    2.922180] ehci-omap ehci-omap.0: port 2 reset complete, port enabled
Jun  6 10:24:29 vader-rover kernel: [    2.922210] ehci-omap ehci-omap.0: GetStatus port:2 status 001005 0  ACK POWER sig=se0 PE CONNECT
Jun  6 10:24:29 vader-rover kernel: [    3.016418] usb 1-2: default language 0x0409
Jun  6 10:24:29 vader-rover kernel: [    3.016540] usb 1-2: udev 2, busnum 1, minor = 1
Jun  6 10:24:29 vader-rover kernel: [    3.016540] usb 1-2: New USB device found, idVendor=050d, idProduct=0237
Jun  6 10:24:29 vader-rover kernel: [    3.023590] usb 1-2: New USB device strings: Mfr=0, Product=1, SerialNumber=0
Jun  6 10:24:29 vader-rover kernel: [    3.031097] usb 1-2: Product: USB 2.0 Hub [MTT]
Jun  6 10:24:29 vader-rover kernel: [    3.036468] omap_hsmmc omap_hsmmc.1: Failed to get debounce clk
Jun  6 10:24:29 vader-rover kernel: [    3.043212] usb 1-2: usb_probe_device
Jun  6 10:24:29 vader-rover kernel: [    3.043243] usb 1-2: configuration #1 chosen from 1 choice
Jun  6 10:24:29 vader-rover kernel: [    3.043487] usb 1-2: adding 1-2:1.0 (config #1, interface 0)
Jun  6 10:24:29 vader-rover kernel: [    3.043640] hub 1-2:1.0: usb_probe_interface
Jun  6 10:24:29 vader-rover kernel: [    3.043670] hub 1-2:1.0: usb_probe_interface - got id
Jun  6 10:24:29 vader-rover kernel: [    3.043701] hub 1-2:1.0: USB hub found
Jun  6 10:24:29 vader-rover kernel: [    3.050537] hub 1-2:1.0: 7 ports detected
Jun  6 10:24:29 vader-rover kernel: [    3.054779] hub 1-2:1.0: standalone hub
Jun  6 10:24:29 vader-rover kernel: [    3.054779] hub 1-2:1.0: ganged power switching
Jun  6 10:24:29 vader-rover kernel: [    3.054809] hub 1-2:1.0: individual port over-current protection
Jun  6 10:24:29 vader-rover kernel: [    3.055114] hub 1-2:1.0: TT per port
Jun  6 10:24:29 vader-rover kernel: [    3.055145] hub 1-2:1.0: TT requires at most 8 FS bit times (666 ns)
Jun  6 10:24:29 vader-rover kernel: [    3.055145] hub 1-2:1.0: Port indicators are supported
Jun  6 10:24:29 vader-rover kernel: [    3.055175] hub 1-2:1.0: power on to power good time: 100ms
Jun  6 10:24:29 vader-rover kernel: [    3.055419] hub 1-2:1.0: local power source is good
Jun  6 10:24:29 vader-rover kernel: [    3.055450] hub 1-2:1.0: enabling power on all ports
Jun  6 10:24:29 vader-rover kernel: [    3.094482] Registered led device: overo:red:gpio21
Jun  6 10:24:29 vader-rover kernel: [    3.094635] Registered led device: overo:blue:gpio22
Jun  6 10:24:29 vader-rover kernel: [    3.095275] Registered led device: overo:blue:COM
Jun  6 10:24:29 vader-rover kernel: [    3.096740] usbcore: registered new interface driver usbhid
Jun  6 10:24:29 vader-rover kernel: [    3.102752] usbhid: USB HID core driver
Jun  6 10:24:29 vader-rover kernel: [    3.107818] usbcore: registered new interface driver snd-usb-audio
Jun  6 10:24:29 vader-rover kernel: [    3.115600] overo SoC init
Jun  6 10:24:29 vader-rover kernel: [    3.118652] soc-audio soc-audio: ASoC machine overo should use snd_soc_register_card()
Jun  6 10:24:29 vader-rover kernel: [    3.156677] hub 1-2:1.0: port 1: status 0101 change 0001
Jun  6 10:24:29 vader-rover kernel: [    3.156890] hub 1-2:1.0: port 2: status 0101 change 0001
Jun  6 10:24:29 vader-rover kernel: [    3.157409] hub 1-2:1.0: port 5: status 0101 change 0001
Jun  6 10:24:29 vader-rover kernel: [    3.157653] hub 1-2:1.0: port 6: status 0101 change 0001
Jun  6 10:24:29 vader-rover kernel: [    3.157897] hub 1-2:1.0: port 7: status 0101 change 0001
Jun  6 10:24:29 vader-rover kernel: [    3.213989] twl4030-codec twl4030-codec: ASoC: Failed to create Capture debugfs file
Jun  6 10:24:29 vader-rover kernel: [    3.225646] asoc: twl4030-hifi <-> omap-mcbsp.2 mapping ok
Jun  6 10:24:29 vader-rover kernel: [    3.235290] oprofile: hardware counters not available
Jun  6 10:24:29 vader-rover kernel: [    3.240600] oprofile: using timer interrupt.
Jun  6 10:24:29 vader-rover kernel: [    3.245971] TCP: cubic registered
Jun  6 10:24:29 vader-rover kernel: [    3.249481] NET: Registered protocol family 17
Jun  6 10:24:29 vader-rover kernel: [    3.254211] NET: Registered protocol family 15
Jun  6 10:24:29 vader-rover kernel: [    3.259002] usb 1-2: link qh256-0001/de5e8a80 start 1 [1/0 us]
Jun  6 10:24:29 vader-rover kernel: [    3.259033] hub 1-2:1.0: state 7 ports 7 chg 00e6 evt 0000
Jun  6 10:24:29 vader-rover kernel: [    3.259216] Key type dns_resolver registered
Jun  6 10:24:29 vader-rover kernel: [    3.263793] hub 1-2:1.0: port 1, status 0101, change 0000, 12 Mb/s
Jun  6 10:24:29 vader-rover kernel: [    3.264129] VFP support v0.3: implementor 41 architecture 3 part 30 variant c rev 3
Jun  6 10:24:29 vader-rover kernel: [    3.277099] ThumbEE CPU extension supported.
Jun  6 10:24:29 vader-rover kernel: [    3.281768] sr_init: No PMIC hook to init smartreflex
Jun  6 10:24:29 vader-rover kernel: [    3.287353] smartreflex smartreflex.0: omap_sr_probe: SmartReflex driver initialized
Jun  6 10:24:29 vader-rover kernel: [    3.296081] smartreflex smartreflex.1: omap_sr_probe: SmartReflex driver initialized
Jun  6 10:24:29 vader-rover kernel: [    3.310882] clock: disabling unused clocks to save power
Jun  6 10:24:29 vader-rover kernel: [    3.317504] registered taskstats version 1
Jun  6 10:24:29 vader-rover kernel: [    3.323211] fbcvt: 1024x768@60: CVT Name - .786M3-R
Jun  6 10:24:29 vader-rover kernel: [    3.344329] usb 1-2.1: new high-speed USB device number 3 using ehci-omap
Jun  6 10:24:29 vader-rover kernel: [    3.348419] Console: switching to colour frame buffer device 128x48
Jun  6 10:24:29 vader-rover kernel: [    3.373962] VDAC: incomplete constraints, leaving on
Jun  6 10:24:29 vader-rover kernel: [    3.381378] twl_rtc twl_rtc: setting system clock to 2014-06-06 14:24:19 UTC (1402064659)
Jun  6 10:24:29 vader-rover kernel: [    3.390289] ALSA device list:
Jun  6 10:24:29 vader-rover kernel: [    3.393585]   #0: overo
Jun  6 10:24:29 vader-rover kernel: [    3.397125] Freeing init memory: 220K
Jun  6 10:24:29 vader-rover kernel: [    3.466461] usb 1-2.1: default language 0x0409
Jun  6 10:24:29 vader-rover kernel: [    3.475341] usb 1-2.1: udev 3, busnum 1, minor = 2
Jun  6 10:24:29 vader-rover kernel: [    3.475372] usb 1-2.1: New USB device found, idVendor=1e10, idProduct=2004
Jun  6 10:24:29 vader-rover kernel: [    3.482971] mmc0: host does not support reading read-only switch. assuming write-enable.
Jun  6 10:24:29 vader-rover kernel: [    3.500366] usb 1-2.1: New USB device strings: Mfr=1, Product=2, SerialNumber=3
Jun  6 10:24:29 vader-rover kernel: [    3.511016] mmc0: new high speed SDXC card at address 59b4
Jun  6 10:24:29 vader-rover kernel: [    3.523468] usb 1-2.1: Product: USB 2.0 Digital Imaging Camera
Jun  6 10:24:29 vader-rover kernel: [    3.531829] mmcblk0: mmc0:59b4       59.6 GiB 
Jun  6 10:24:29 vader-rover kernel: [    3.542572] usb 1-2.1: Manufacturer: Point Grey Research
Jun  6 10:24:29 vader-rover kernel: [    3.548553]  mmcblk0: p1 p2
Jun  6 10:24:29 vader-rover kernel: [    3.562927] usb 1-2.1: SerialNumber: 00BB1D77
Jun  6 10:24:29 vader-rover kernel: [    3.571624] usb 1-2.1: usb_probe_device
Jun  6 10:24:29 vader-rover kernel: [    3.571655] usb 1-2.1: configuration #1 chosen from 1 choice
Jun  6 10:24:29 vader-rover kernel: [    3.572052] usb 1-2.1: adding 1-2.1:1.0 (config #1, interface 0)
Jun  6 10:24:29 vader-rover kernel: [    3.572692] hub 1-2:1.0: port 2, status 0101, change 0000, 12 Mb/s
Jun  6 10:24:29 vader-rover kernel: [    3.588134] mmc1: new SDIO card at address 0001
Jun  6 10:24:29 vader-rover kernel: [    3.656951] usb 1-2.2: new high-speed USB device number 4 using ehci-omap
Jun  6 10:24:29 vader-rover kernel: [    3.829803] usb 1-2.2: default language 0x0409
Jun  6 10:24:29 vader-rover kernel: [    3.830688] usb 1-2.2: udev 4, busnum 1, minor = 3
Jun  6 10:24:29 vader-rover kernel: [    3.830718] usb 1-2.2: New USB device found, idVendor=0bda, idProduct=8178
Jun  6 10:24:29 vader-rover kernel: [    3.854431] usb 1-2.2: New USB device strings: Mfr=1, Product=2, SerialNumber=3
Jun  6 10:24:29 vader-rover kernel: [    3.881225] usb 1-2.2: Product: USB WLAN
Jun  6 10:24:29 vader-rover kernel: [    3.895812] usb 1-2.2: Manufacturer: Realtek
Jun  6 10:24:29 vader-rover kernel: [    3.915344] usb 1-2.2: SerialNumber: 00e04c000001
Jun  6 10:24:29 vader-rover kernel: [    3.938385] usb 1-2.2: usb_probe_device
Jun  6 10:24:29 vader-rover kernel: [    3.938415] usb 1-2.2: configuration #1 chosen from 1 choice
Jun  6 10:24:29 vader-rover kernel: [    3.938812] usb 1-2.2: adding 1-2.2:1.0 (config #1, interface 0)
Jun  6 10:24:29 vader-rover kernel: [    3.939697] hub 1-2:1.0: port 5, status 0101, change 0000, 12 Mb/s
Jun  6 10:24:29 vader-rover kernel: [    4.024078] usb 1-2.5: new full-speed USB device number 5 using ehci-omap
Jun  6 10:24:29 vader-rover kernel: [    4.164428] usb 1-2.5: ep0 maxpacket = 8
Jun  6 10:24:29 vader-rover kernel: [    4.166534] usb 1-2.5: default language 0x0409
Jun  6 10:24:29 vader-rover kernel: [    4.171539] usb 1-2.5: udev 5, busnum 1, minor = 4
Jun  6 10:24:29 vader-rover kernel: [    4.171569] usb 1-2.5: New USB device found, idVendor=0403, idProduct=6001
Jun  6 10:24:29 vader-rover kernel: [    4.191925] usb 1-2.5: New USB device strings: Mfr=1, Product=2, SerialNumber=3
Jun  6 10:24:29 vader-rover kernel: [    4.216949] usb 1-2.5: Product: FT232R USB UART
Jun  6 10:24:29 vader-rover kernel: [    4.234741] usb 1-2.5: Manufacturer: FTDI
Jun  6 10:24:29 vader-rover kernel: [    4.252624] usb 1-2.5: SerialNumber: A702LYT7
Jun  6 10:24:29 vader-rover kernel: [    4.269317] usb 1-2.5: usb_probe_device
Jun  6 10:24:29 vader-rover kernel: [    4.269348] usb 1-2.5: configuration #1 chosen from 1 choice
Jun  6 10:24:29 vader-rover kernel: [    4.270202] usb 1-2.5: adding 1-2.5:1.0 (config #1, interface 0)
Jun  6 10:24:29 vader-rover kernel: [    4.273590] hub 1-2:1.0: port 6, status 0101, change 0000, 12 Mb/s
Jun  6 10:24:29 vader-rover kernel: [    4.359985] usb 1-2.6: new full-speed USB device number 6 using ehci-omap
Jun  6 10:24:29 vader-rover kernel: [    4.501312] usb 1-2.6: default language 0x0409
Jun  6 10:24:29 vader-rover kernel: [    4.501800] usb 1-2.6: udev 6, busnum 1, minor = 5
Jun  6 10:24:29 vader-rover kernel: [    4.501831] usb 1-2.6: New USB device found, idVendor=067b, idProduct=2303
Jun  6 10:24:29 vader-rover kernel: [    4.534332] usb 1-2.6: New USB device strings: Mfr=1, Product=2, SerialNumber=0
Jun  6 10:24:29 vader-rover kernel: [    4.570678] usb 1-2.6: Product: USB-Serial Controller D
Jun  6 10:24:29 vader-rover kernel: [    4.583679] usb 1-2.6: Manufacturer: Prolific Technology Inc. 
Jun  6 10:24:29 vader-rover kernel: [    4.604888] usb 1-2.6: usb_probe_device
Jun  6 10:24:29 vader-rover kernel: [    4.604919] usb 1-2.6: configuration #1 chosen from 1 choice
Jun  6 10:24:29 vader-rover kernel: [    4.606323] usb 1-2.6: adding 1-2.6:1.0 (config #1, interface 0)
Jun  6 10:24:29 vader-rover kernel: [    4.608337] hub 1-2:1.0: port 7, status 0101, change 0000, 12 Mb/s
Jun  6 10:24:29 vader-rover kernel: [    4.688201] usb 1-2.7: new high-speed USB device number 7 using ehci-omap
Jun  6 10:24:29 vader-rover kernel: [    4.818176] usb 1-2.7: default language 0x0409
Jun  6 10:24:29 vader-rover kernel: [    4.827087] usb 1-2.7: udev 7, busnum 1, minor = 6
Jun  6 10:24:29 vader-rover kernel: [    4.827087] usb 1-2.7: New USB device found, idVendor=1e10, idProduct=2004
Jun  6 10:24:29 vader-rover kernel: [    4.838409] usb 1-2.7: New USB device strings: Mfr=1, Product=2, SerialNumber=3
Jun  6 10:24:29 vader-rover kernel: [    4.851562] usb 1-2.7: Product: USB 2.0 Digital Imaging Camera
Jun  6 10:24:29 vader-rover kernel: [    4.862121] usb 1-2.7: Manufacturer: Point Grey Research
Jun  6 10:24:29 vader-rover kernel: [    4.872741] usb 1-2.7: SerialNumber: 00CAABB3
Jun  6 10:24:29 vader-rover kernel: [    4.883911] usb 1-2.7: usb_probe_device
Jun  6 10:24:29 vader-rover kernel: [    4.884002] usb 1-2.7: configuration #1 chosen from 1 choice
Jun  6 10:24:29 vader-rover kernel: [    4.885406] usb 1-2.7: adding 1-2.7:1.0 (config #1, interface 0)
Jun  6 10:24:29 vader-rover kernel: [    4.887054] hub 1-2:1.0: state 7 ports 7 chg 0000 evt 0080
Jun  6 10:24:29 vader-rover kernel: [    6.221557] end_request: I/O error, dev mtdblock0, sector 0
Jun  6 10:24:29 vader-rover kernel: [    6.231201] Buffer I/O error on device mtdblock0, logical block 0
Jun  6 10:24:29 vader-rover kernel: [    6.332427] end_request: I/O error, dev mtdblock0, sector 0
Jun  6 10:24:29 vader-rover kernel: [    6.342010] Buffer I/O error on device mtdblock0, logical block 0
Jun  6 10:24:29 vader-rover kernel: [    6.454101] end_request: I/O error, dev mtdblock0, sector 0
Jun  6 10:24:29 vader-rover kernel: [    6.463745] Buffer I/O error on device mtdblock0, logical block 0
Jun  6 10:24:29 vader-rover kernel: [    6.547424] rtl8192cu driver version=v4.0.2_9000.20130911
Jun  6 10:24:29 vader-rover kernel: [    6.547424] build time: May 27 2014 17:22:48
Jun  6 10:24:29 vader-rover kernel: [    6.547546] rtl8192cu 1-2.2:1.0: usb_probe_interface
Jun  6 10:24:29 vader-rover kernel: [    6.547576] rtl8192cu 1-2.2:1.0: usb_probe_interface - got id
Jun  6 10:24:29 vader-rover kernel: [    6.547607] 
Jun  6 10:24:29 vader-rover kernel: [    6.547607] usb_endpoint_descriptor(0):
Jun  6 10:24:29 vader-rover kernel: [    6.547607] bLength=7
Jun  6 10:24:29 vader-rover kernel: [    6.547607] bDescriptorType=5
Jun  6 10:24:29 vader-rover kernel: [    6.547637] bEndpointAddress=81
Jun  6 10:24:29 vader-rover kernel: [    6.547637] wMaxPacketSize=200
Jun  6 10:24:29 vader-rover kernel: [    6.547637] bInterval=0
Jun  6 10:24:29 vader-rover kernel: [    6.547637] RT_usb_endpoint_is_bulk_in = 1
Jun  6 10:24:29 vader-rover kernel: [    6.547637] 
Jun  6 10:24:29 vader-rover kernel: [    6.547637] usb_endpoint_descriptor(1):
Jun  6 10:24:29 vader-rover kernel: [    6.547668] bLength=7
Jun  6 10:24:29 vader-rover kernel: [    6.547668] bDescriptorType=5
Jun  6 10:24:29 vader-rover kernel: [    6.547668] bEndpointAddress=2
Jun  6 10:24:29 vader-rover kernel: [    6.547668] wMaxPacketSize=200
Jun  6 10:24:29 vader-rover kernel: [    6.547698] bInterval=0
Jun  6 10:24:29 vader-rover kernel: [    6.547698] RT_usb_endpoint_is_bulk_out = 2
Jun  6 10:24:29 vader-rover kernel: [    6.547698] 
Jun  6 10:24:29 vader-rover kernel: [    6.547698] usb_endpoint_descriptor(2):
Jun  6 10:24:29 vader-rover kernel: [    6.547698] bLength=7
Jun  6 10:24:29 vader-rover kernel: [    6.547698] bDescriptorType=5
Jun  6 10:24:29 vader-rover kernel: [    6.547729] bEndpointAddress=3
Jun  6 10:24:29 vader-rover kernel: [    6.547729] wMaxPacketSize=200
Jun  6 10:24:29 vader-rover kernel: [    6.547729] bInterval=0
Jun  6 10:24:29 vader-rover kernel: [    6.547729] RT_usb_endpoint_is_bulk_out = 3
Jun  6 10:24:29 vader-rover kernel: [    6.547729] 
Jun  6 10:24:29 vader-rover kernel: [    6.547729] usb_endpoint_descriptor(3):
Jun  6 10:24:29 vader-rover kernel: [    6.547760] bLength=7
Jun  6 10:24:29 vader-rover kernel: [    6.547760] bDescriptorType=5
Jun  6 10:24:29 vader-rover kernel: [    6.547760] bEndpointAddress=84
Jun  6 10:24:29 vader-rover kernel: [    6.547760] wMaxPacketSize=40
Jun  6 10:24:29 vader-rover kernel: [    6.547760] bInterval=1
Jun  6 10:24:29 vader-rover kernel: [    6.547790] RT_usb_endpoint_is_int_in = 4, Interval = 1
Jun  6 10:24:29 vader-rover kernel: [    6.547790] nr_endpoint=4, in_num=2, out_num=2
Jun  6 10:24:29 vader-rover kernel: [    6.547790] 
Jun  6 10:24:29 vader-rover kernel: [    6.547790] USB_SPEED_HIGH
Jun  6 10:24:29 vader-rover kernel: [    6.547851] CHIP TYPE: RTL8188C_8192C
Jun  6 10:24:29 vader-rover kernel: [    6.547882] register rtw_netdev_ops to netdev_ops
Jun  6 10:24:29 vader-rover kernel: [    6.555023] Chip Version ID: VERSION_NORMAL_TSMC_CHIP_92C.
Jun  6 10:24:29 vader-rover kernel: [    6.555053] RF_Type is 2!!
Jun  6 10:24:29 vader-rover kernel: [    6.555297] end_request: I/O error, dev mtdblock0, sector 0
Jun  6 10:24:29 vader-rover kernel: [    6.564910] Buffer I/O error on device mtdblock0, logical block 0
Jun  6 10:24:29 vader-rover kernel: [    6.575561] EEPROM type is E-FUSE
Jun  6 10:24:29 vader-rover kernel: [    6.575561] ====> ReadAdapterInfo8192C
Jun  6 10:24:29 vader-rover kernel: [    6.575683] Boot from EFUSE, Autoload OK !
Jun  6 10:24:29 vader-rover kernel: [    6.674621] end_request: I/O error, dev mtdblock0, sector 0
Jun  6 10:24:29 vader-rover kernel: [    6.684204] Buffer I/O error on device mtdblock0, logical block 0
Jun  6 10:24:29 vader-rover kernel: [    6.800964] end_request: I/O error, dev mtdblock0, sector 0
Jun  6 10:24:29 vader-rover kernel: [    6.810577] Buffer I/O error on device mtdblock0, logical block 0
Jun  6 10:24:29 vader-rover kernel: [    6.890319] EEPROMVID = 0x0bda
Jun  6 10:24:29 vader-rover kernel: [    6.890350] EEPROMPID = 0x8178
Jun  6 10:24:29 vader-rover kernel: [    6.890350] EEPROMCustomerID : 0x00
Jun  6 10:24:29 vader-rover kernel: [    6.890350] EEPROMSubCustomerID: 0x00
Jun  6 10:24:29 vader-rover kernel: [    6.890350] RT_CustomerID: 0x00
Jun  6 10:24:29 vader-rover kernel: [    6.890380] _ReadMACAddress MAC Address from EFUSE = c0:4a:00:17:ff:56
Jun  6 10:24:29 vader-rover kernel: [    6.890380] EEPROMRegulatory = 0x0
Jun  6 10:24:29 vader-rover kernel: [    6.890380] _ReadBoardType(0)
Jun  6 10:24:29 vader-rover kernel: [    6.890411] BT Coexistance = disable
Jun  6 10:24:29 vader-rover kernel: [    6.890411] mlmepriv.ChannelPlan = 0x02
Jun  6 10:24:29 vader-rover kernel: [    6.890411] _ReadPSSetting...bHWPwrPindetect(0)-bHWPowerdown(0) ,bSupportRemoteWakeup(0)
Jun  6 10:24:29 vader-rover kernel: [    6.890441] ### PS params=>  power_mgnt(0),usbss_enable(0) ###
Jun  6 10:24:29 vader-rover kernel: [    6.890441] ### AntDivCfg(0)
Jun  6 10:24:29 vader-rover kernel: [    6.890441] readAdapterInfo_8192CU(): REPLACEMENT = 1
Jun  6 10:24:29 vader-rover kernel: [    6.890441] <==== ReadAdapterInfo8192C in 312 ms
Jun  6 10:24:29 vader-rover kernel: [    6.891632] rtw_macaddr_cfg MAC Address  = c0:4a:00:17:ff:56
Jun  6 10:24:29 vader-rover kernel: [    6.891662] bDriverStopped:1, bSurpriseRemoved:0, bup:0, hw_init_completed:0
Jun  6 10:24:29 vader-rover kernel: [    6.892639] _rtw_drv_register_netdev, MAC Address (if1) = c0:4a:00:17:ff:56
Jun  6 10:24:29 vader-rover kernel: [    6.903900] usbcore: registered new interface driver rtl8192cu
Jun  6 10:24:29 vader-rover kernel: [    6.926849] end_request: I/O error, dev mtdblock0, sector 0
Jun  6 10:24:29 vader-rover kernel: [    6.936462] Buffer I/O error on device mtdblock0, logical block 0
Jun  6 10:24:29 vader-rover kernel: [    6.983551] end_request: I/O error, dev mtdblock0, sector 0
Jun  6 10:24:29 vader-rover kernel: [    6.993133] Buffer I/O error on device mtdblock0, logical block 0
Jun  6 10:24:29 vader-rover kernel: [    7.046966] end_request: I/O error, dev mtdblock0, sector 0
Jun  6 10:24:29 vader-rover kernel: [    7.056488] Buffer I/O error on device mtdblock0, logical block 0
Jun  6 10:24:29 vader-rover kernel: [    7.109985] end_request: I/O error, dev mtdblock0, sector 0
Jun  6 10:24:29 vader-rover kernel: [    7.119567] Buffer I/O error on device mtdblock0, logical block 0
Jun  6 10:24:29 vader-rover kernel: [    7.149505] end_request: I/O error, dev mtdblock0, sector 0
Jun  6 10:24:29 vader-rover kernel: [    7.180206] end_request: I/O error, dev mtdblock0, sector 0
Jun  6 10:24:29 vader-rover kernel: [    7.210662] end_request: I/O error, dev mtdblock0, sector 0
Jun  6 10:24:29 vader-rover kernel: [    7.236663] end_request: I/O error, dev mtdblock0, sector 0
Jun  6 10:24:29 vader-rover kernel: [    7.250396] ads7846 spi1.0: touchscreen, irq 210
Jun  6 10:24:29 vader-rover kernel: [    7.256988] ads7846 spi1.0: no device detected, test read result was 0x00000FFF
Jun  6 10:24:29 vader-rover kernel: [    7.263366] end_request: I/O error, dev mtdblock0, sector 0
Jun  6 10:24:29 vader-rover kernel: [    7.275573] Linux media interface: v0.10
Jun  6 10:24:29 vader-rover kernel: [    7.285369] end_request: I/O error, dev mtdblock0, sector 0
Jun  6 10:24:29 vader-rover kernel: [    7.312835] end_request: I/O error, dev mtdblock0, sector 0
Jun  6 10:24:29 vader-rover kernel: [    7.336425] end_request: I/O error, dev mtdblock0, sector 8
Jun  6 10:24:29 vader-rover kernel: [    7.359710] Linux video capture interface: v2.00
Jun  6 10:24:29 vader-rover kernel: [    7.360198] end_request: I/O error, dev mtdblock0, sector 8
Jun  6 10:24:29 vader-rover kernel: [    7.386199] end_request: I/O error, dev mtdblock0, sector 8
Jun  6 10:24:29 vader-rover kernel: [    7.414764] end_request: I/O error, dev mtdblock0, sector 8
Jun  6 10:24:29 vader-rover kernel: [    7.437988] end_request: I/O error, dev mtdblock0, sector 24
Jun  6 10:24:29 vader-rover kernel: [    7.466278] end_request: I/O error, dev mtdblock0, sector 24
Jun  6 10:24:29 vader-rover kernel: [    7.496215] end_request: I/O error, dev mtdblock0, sector 24
Jun  6 10:24:29 vader-rover kernel: [    7.521606] end_request: I/O error, dev mtdblock0, sector 24
Jun  6 10:24:29 vader-rover kernel: [    7.549499] end_request: I/O error, dev mtdblock0, sector 56
Jun  6 10:24:29 vader-rover kernel: [    7.559204] omap3isp omap3isp: Revision 15.0 found
Jun  6 10:24:29 vader-rover kernel: [    7.559326] omap-iommu omap-iommu.0: isp: version 1.1
Jun  6 10:24:29 vader-rover kernel: [    7.575744] end_request: I/O error, dev mtdblock0, sector 56
Jun  6 10:24:29 vader-rover kernel: [    7.605468] end_request: I/O error, dev mtdblock0, sector 56
Jun  6 10:24:29 vader-rover kernel: [    7.631408] end_request: I/O error, dev mtdblock0, sector 56
Jun  6 10:24:29 vader-rover kernel: [    7.666595] end_request: I/O error, dev mtdblock0, sector 120
Jun  6 10:24:29 vader-rover kernel: [    7.685455] mt9v032 3-005c: Probing MT9V032 at address 0x5c
Jun  6 10:24:29 vader-rover kernel: [    7.685668] mt9v032 3-005c: MT9V032 power up failed
Jun  6 10:24:29 vader-rover kernel: [    7.693817] end_request: I/O error, dev mtdblock0, sector 120
Jun  6 10:24:29 vader-rover kernel: [    7.707336] lib80211: common routines for IEEE802.11 drivers
Jun  6 10:24:29 vader-rover kernel: [    7.707366] lib80211_crypt: registered algorithm 'NULL'
Jun  6 10:24:29 vader-rover kernel: [    7.711486] end_request: I/O error, dev mtdblock0, sector 120
Jun  6 10:24:29 vader-rover kernel: [    7.734191] end_request: I/O error, dev mtdblock0, sector 120
Jun  6 10:24:29 vader-rover kernel: [    7.754302] end_request: I/O error, dev mtdblock0, sector 0
Jun  6 10:24:29 vader-rover kernel: [    7.780151] end_request: I/O error, dev mtdblock0, sector 0
Jun  6 10:24:29 vader-rover kernel: [    7.798889] end_request: I/O error, dev mtdblock0, sector 8
Jun  6 10:24:29 vader-rover kernel: [    7.809814] isp_register_subdev_group: Unable to register subdev mt9v032
Jun  6 10:24:29 vader-rover kernel: [    7.819702] end_request: I/O error, dev mtdblock0, sector 8
Jun  6 10:24:29 vader-rover kernel: [    7.835632] end_request: I/O error, dev mtdblock0, sector 24
Jun  6 10:24:29 vader-rover kernel: [    7.863983] end_request: I/O error, dev mtdblock0, sector 24
Jun  6 10:24:29 vader-rover kernel: [    7.888122] end_request: I/O error, dev mtdblock0, sector 56
Jun  6 10:24:29 vader-rover kernel: [    7.916839] cfg80211: Calling CRDA to update world regulatory domain
Jun  6 10:24:29 vader-rover kernel: [    7.918212] end_request: I/O error, dev mtdblock0, sector 56
Jun  6 10:24:29 vader-rover kernel: [    7.945129] end_request: I/O error, dev mtdblock0, sector 120
Jun  6 10:24:29 vader-rover kernel: [    7.972503] end_request: I/O error, dev mtdblock0, sector 120
Jun  6 10:24:29 vader-rover kernel: [    7.998046] end_request: I/O error, dev mtdblock0, sector 0
Jun  6 10:24:29 vader-rover kernel: [    8.024658] end_request: I/O error, dev mtdblock0, sector 0
Jun  6 10:24:29 vader-rover kernel: [    8.047668] end_request: I/O error, dev mtdblock0, sector 0
Jun  6 10:24:29 vader-rover kernel: [    8.073272] end_request: I/O error, dev mtdblock0, sector 0
Jun  6 10:24:29 vader-rover kernel: [    8.097381] end_request: I/O error, dev mtdblock0, sector 0
Jun  6 10:24:29 vader-rover kernel: [    8.109863] libertas_sdio: Libertas SDIO driver
Jun  6 10:24:29 vader-rover kernel: [    8.109893] libertas_sdio: Copyright Pierre Ossman
Jun  6 10:24:29 vader-rover kernel: [    8.119842] end_request: I/O error, dev mtdblock0, sector 0
Jun  6 10:24:29 vader-rover kernel: [    8.143493] end_request: I/O error, dev mtdblock0, sector 64
Jun  6 10:24:29 vader-rover kernel: [    8.170196] end_request: I/O error, dev mtdblock0, sector 64
Jun  6 10:24:29 vader-rover kernel: [    8.194458] end_request: I/O error, dev mtdblock0, sector 64
Jun  6 10:24:29 vader-rover kernel: [    8.218719] end_request: I/O error, dev mtdblock0, sector 64
Jun  6 10:24:29 vader-rover kernel: [    8.234954] end_request: I/O error, dev mtdblock0, sector 64
Jun  6 10:24:29 vader-rover kernel: [    8.250549] end_request: I/O error, dev mtdblock0, sector 64
Jun  6 10:24:29 vader-rover kernel: [    8.272644] end_request: I/O error, dev mtdblock0, sector 64
Jun  6 10:24:29 vader-rover kernel: [    8.289581] end_request: I/O error, dev mtdblock0, sector 64
Jun  6 10:24:29 vader-rover kernel: [    8.305694] end_request: I/O error, dev mtdblock0, sector 64
Jun  6 10:24:29 vader-rover kernel: [    8.320831] end_request: I/O error, dev mtdblock0, sector 0
Jun  6 10:24:29 vader-rover kernel: [    8.335571] end_request: I/O error, dev mtdblock0, sector 0
Jun  6 10:24:29 vader-rover kernel: [    8.360748] end_request: I/O error, dev mtdblock0, sector 0
Jun  6 10:24:29 vader-rover kernel: [    8.402404] end_request: I/O error, dev mtdblock0, sector 0
Jun  6 10:24:29 vader-rover kernel: [    8.441223] end_request: I/O error, dev mtdblock0, sector 0
Jun  6 10:24:29 vader-rover kernel: [    8.477081] end_request: I/O error, dev mtdblock0, sector 16
Jun  6 10:24:29 vader-rover kernel: [    8.504272] end_request: I/O error, dev mtdblock0, sector 0
Jun  6 10:24:29 vader-rover kernel: [    8.523193] end_request: I/O error, dev mtdblock0, sector 0
Jun  6 10:24:29 vader-rover kernel: [    8.544677] end_request: I/O error, dev mtdblock0, sector 0
Jun  6 10:24:29 vader-rover kernel: [    8.562988] end_request: I/O error, dev mtdblock0, sector 0
Jun  6 10:24:29 vader-rover kernel: [    8.582153] end_request: I/O error, dev mtdblock0, sector 0
Jun  6 10:24:29 vader-rover kernel: [    8.603607] end_request: I/O error, dev mtdblock0, sector 0
Jun  6 10:24:29 vader-rover kernel: [    8.622131] end_request: I/O error, dev mtdblock0, sector 0
Jun  6 10:24:29 vader-rover kernel: [    8.642974] end_request: I/O error, dev mtdblock0, sector 0
Jun  6 10:24:29 vader-rover kernel: [    8.660308] end_request: I/O error, dev mtdblock0, sector 0
Jun  6 10:24:29 vader-rover kernel: [    8.687011] end_request: I/O error, dev mtdblock0, sector 0
Jun  6 10:24:29 vader-rover kernel: [    8.696868] end_request: I/O error, dev mtdblock0, sector 0
Jun  6 10:24:29 vader-rover kernel: [    8.725097] end_request: I/O error, dev mtdblock0, sector 0
Jun  6 10:24:29 vader-rover kernel: [    8.742004] end_request: I/O error, dev mtdblock0, sector 0
Jun  6 10:24:29 vader-rover kernel: [    8.754364] end_request: I/O error, dev mtdblock0, sector 0
Jun  6 10:24:29 vader-rover kernel: [    8.768585] end_request: I/O error, dev mtdblock0, sector 0
Jun  6 10:24:29 vader-rover kernel: [    8.785858] end_request: I/O error, dev mtdblock0, sector 0
Jun  6 10:24:29 vader-rover kernel: [    8.802062] end_request: I/O error, dev mtdblock0, sector 0
Jun  6 10:24:29 vader-rover kernel: [    8.817321] end_request: I/O error, dev mtdblock0, sector 0
Jun  6 10:24:29 vader-rover kernel: [    8.834442] end_request: I/O error, dev mtdblock0, sector 8
Jun  6 10:24:29 vader-rover kernel: [    8.853790] end_request: I/O error, dev mtdblock0, sector 0
Jun  6 10:24:29 vader-rover kernel: [    8.880523] end_request: I/O error, dev mtdblock0, sector 0
Jun  6 10:24:29 vader-rover kernel: [    8.901824] end_request: I/O error, dev mtdblock0, sector 0
Jun  6 10:24:29 vader-rover kernel: [    8.922393] end_request: I/O error, dev mtdblock0, sector 0
Jun  6 10:24:29 vader-rover kernel: [    9.279083] end_request: I/O error, dev mtdblock0, sector 0
Jun  6 10:24:29 vader-rover kernel: [    9.291229] end_request: I/O error, dev mtdblock0, sector 0
Jun  6 10:24:29 vader-rover kernel: [    9.307708] end_request: I/O error, dev mtdblock0, sector 0
Jun  6 10:24:29 vader-rover kernel: [    9.326629] end_request: I/O error, dev mtdblock0, sector 0
Jun  6 10:24:29 vader-rover kernel: [    9.343902] end_request: I/O error, dev mtdblock0, sector 0
Jun  6 10:24:29 vader-rover kernel: [    9.367675] end_request: I/O error, dev mtdblock0, sector 0
Jun  6 10:24:29 vader-rover kernel: [    9.384185] end_request: I/O error, dev mtdblock0, sector 0
Jun  6 10:24:29 vader-rover kernel: [    9.398925] end_request: I/O error, dev mtdblock0, sector 0
Jun  6 10:24:29 vader-rover kernel: [    9.414215] end_request: I/O error, dev mtdblock0, sector 0
Jun  6 10:24:29 vader-rover kernel: [    9.430206] end_request: I/O error, dev mtdblock0, sector 0
Jun  6 10:24:29 vader-rover kernel: [    9.444915] end_request: I/O error, dev mtdblock0, sector 0
Jun  6 10:24:29 vader-rover kernel: [    9.458465] end_request: I/O error, dev mtdblock0, sector 0
Jun  6 10:24:29 vader-rover kernel: [    9.475677] end_request: I/O error, dev mtdblock0, sector 0
Jun  6 10:24:29 vader-rover kernel: [    9.493469] end_request: I/O error, dev mtdblock0, sector 0
Jun  6 10:24:29 vader-rover kernel: [    9.511291] end_request: I/O error, dev mtdblock0, sector 0
Jun  6 10:24:29 vader-rover kernel: [    9.523956] end_request: I/O error, dev mtdblock0, sector 0
Jun  6 10:24:29 vader-rover kernel: [    9.539733] end_request: I/O error, dev mtdblock0, sector 0
Jun  6 10:24:29 vader-rover kernel: [    9.557281] end_request: I/O error, dev mtdblock0, sector 8
Jun  6 10:24:29 vader-rover kernel: [    9.577056] end_request: I/O error, dev mtdblock0, sector 8
Jun  6 10:24:29 vader-rover kernel: [    9.591796] end_request: I/O error, dev mtdblock0, sector 8
Jun  6 10:24:29 vader-rover kernel: [    9.612548] end_request: I/O error, dev mtdblock0, sector 8
Jun  6 10:24:29 vader-rover kernel: [    9.626312] usbcore: registered new interface driver usbserial
Jun  6 10:24:29 vader-rover kernel: [    9.626739] usbcore: registered new interface driver usbserial_generic
Jun  6 10:24:29 vader-rover kernel: [    9.629241] end_request: I/O error, dev mtdblock0, sector 24
Jun  6 10:24:29 vader-rover kernel: [    9.636627] USB Serial support registered for generic
Jun  6 10:24:29 vader-rover kernel: [    9.636657] usbserial: USB Serial Driver core
Jun  6 10:24:29 vader-rover kernel: [    9.644958] end_request: I/O error, dev mtdblock0, sector 24
Jun  6 10:24:29 vader-rover kernel: [    9.653717] usbcore: registered new interface driver pl2303
Jun  6 10:24:29 vader-rover kernel: [    9.655090] USB Serial support registered for pl2303
Jun  6 10:24:29 vader-rover kernel: [    9.655212] pl2303 1-2.6:1.0: usb_probe_interface
Jun  6 10:24:29 vader-rover kernel: [    9.655212] pl2303 1-2.6:1.0: usb_probe_interface - got id
Jun  6 10:24:29 vader-rover kernel: [    9.655273] pl2303 1-2.6:1.0: pl2303 converter detected
Jun  6 10:24:29 vader-rover kernel: [    9.661041] end_request: I/O error, dev mtdblock0, sector 24
Jun  6 10:24:29 vader-rover kernel: [    9.676330] end_request: I/O error, dev mtdblock0, sector 24
Jun  6 10:24:29 vader-rover kernel: [    9.695892] end_request: I/O error, dev mtdblock0, sector 56
Jun  6 10:24:29 vader-rover kernel: [    9.712249] end_request: I/O error, dev mtdblock0, sector 56
Jun  6 10:24:29 vader-rover kernel: [    9.727081] end_request: I/O error, dev mtdblock0, sector 56
Jun  6 10:24:29 vader-rover kernel: [    9.741546] end_request: I/O error, dev mtdblock0, sector 56
Jun  6 10:24:29 vader-rover kernel: [    9.757263] end_request: I/O error, dev mtdblock0, sector 120
Jun  6 10:24:29 vader-rover kernel: [    9.773376] end_request: I/O error, dev mtdblock0, sector 120
Jun  6 10:24:29 vader-rover kernel: [    9.788970] end_request: I/O error, dev mtdblock0, sector 120
Jun  6 10:24:29 vader-rover kernel: [    9.798065] usb 1-2.6: pl2303 converter now attached to ttyUSB0
Jun  6 10:24:29 vader-rover kernel: [    9.805267] usbcore: registered new interface driver ftdi_sio
Jun  6 10:24:29 vader-rover kernel: [    9.806121] USB Serial support registered for FTDI USB Serial Device
Jun  6 10:24:29 vader-rover kernel: [    9.806365] ftdi_sio 1-2.5:1.0: usb_probe_interface
Jun  6 10:24:29 vader-rover kernel: [    9.806365] ftdi_sio 1-2.5:1.0: usb_probe_interface - got id
Jun  6 10:24:29 vader-rover kernel: [    9.806427] ftdi_sio 1-2.5:1.0: FTDI USB Serial Device converter detected
Jun  6 10:24:29 vader-rover kernel: [    9.807647] end_request: I/O error, dev mtdblock0, sector 120
Jun  6 10:24:29 vader-rover kernel: [    9.826171] end_request: I/O error, dev mtdblock0, sector 0
Jun  6 10:24:29 vader-rover kernel: [    9.841735] end_request: I/O error, dev mtdblock0, sector 0
Jun  6 10:24:29 vader-rover kernel: [    9.850708] usb 1-2.5: Detected FT232RL
Jun  6 10:24:29 vader-rover kernel: [    9.850738] usb 1-2.5: Number of endpoints 2
Jun  6 10:24:29 vader-rover kernel: [    9.850738] usb 1-2.5: Endpoint 1 MaxPacketSize 64
Jun  6 10:24:29 vader-rover kernel: [    9.850738] usb 1-2.5: Endpoint 2 MaxPacketSize 64
Jun  6 10:24:29 vader-rover kernel: [    9.850769] usb 1-2.5: Setting MaxPacketSize 64
Jun  6 10:24:29 vader-rover kernel: [    9.852050] end_request: I/O error, dev mtdblock0, sector 8
Jun  6 10:24:29 vader-rover kernel: [    9.866210] end_request: I/O error, dev mtdblock0, sector 8
Jun  6 10:24:29 vader-rover kernel: [    9.882354] end_request: I/O error, dev mtdblock0, sector 24
Jun  6 10:24:29 vader-rover kernel: [    9.895996] usb 1-2.5: FTDI USB Serial Device converter now attached to ttyUSB1
Jun  6 10:24:29 vader-rover kernel: [    9.896240] end_request: I/O error, dev mtdblock0, sector 24
Jun  6 10:24:29 vader-rover kernel: [    9.903564] ftdi_sio: v1.6.0:USB FTDI Serial Converters Driver
Jun  6 10:24:29 vader-rover kernel: [    9.914062] end_request: I/O error, dev mtdblock0, sector 56
Jun  6 10:24:29 vader-rover kernel: [    9.930053] end_request: I/O error, dev mtdblock0, sector 56
Jun  6 10:24:29 vader-rover kernel: [    9.947967] end_request: I/O error, dev mtdblock0, sector 120
Jun  6 10:24:29 vader-rover kernel: [    9.966827] end_request: I/O error, dev mtdblock0, sector 120
Jun  6 10:24:29 vader-rover kernel: [    9.984893] end_request: I/O error, dev mtdblock0, sector 0
Jun  6 10:24:29 vader-rover kernel: [    9.995941] end_request: I/O error, dev mtdblock0, sector 0
Jun  6 10:24:29 vader-rover kernel: [   10.012603] end_request: I/O error, dev mtdblock0, sector 0
Jun  6 10:24:29 vader-rover kernel: [   10.026763] end_request: I/O error, dev mtdblock0, sector 0
Jun  6 10:24:29 vader-rover kernel: [   10.044372] end_request: I/O error, dev mtdblock0, sector 0
Jun  6 10:24:29 vader-rover kernel: [   10.067565] end_request: I/O error, dev mtdblock0, sector 0
Jun  6 10:24:29 vader-rover kernel: [   10.084472] end_request: I/O error, dev mtdblock0, sector 64
Jun  6 10:24:29 vader-rover kernel: [   10.102813] end_request: I/O error, dev mtdblock0, sector 64
Jun  6 10:24:29 vader-rover kernel: [   10.121826] end_request: I/O error, dev mtdblock0, sector 64
Jun  6 10:24:29 vader-rover kernel: [   10.139617] end_request: I/O error, dev mtdblock0, sector 64
Jun  6 10:24:29 vader-rover kernel: [   10.160003] end_request: I/O error, dev mtdblock0, sector 64
Jun  6 10:24:29 vader-rover kernel: [   10.180206] end_request: I/O error, dev mtdblock0, sector 64
Jun  6 10:24:29 vader-rover kernel: [   10.201843] end_request: I/O error, dev mtdblock0, sector 64
Jun  6 10:24:29 vader-rover kernel: [   10.227081] end_request: I/O error, dev mtdblock0, sector 64
Jun  6 10:24:29 vader-rover kernel: [   10.243255] end_request: I/O error, dev mtdblock0, sector 64
Jun  6 10:24:29 vader-rover kernel: [   10.270355] end_request: I/O error, dev mtdblock0, sector 0
Jun  6 10:24:29 vader-rover kernel: [   10.288757] end_request: I/O error, dev mtdblock0, sector 0
Jun  6 10:24:29 vader-rover kernel: [   10.313171] end_request: I/O error, dev mtdblock0, sector 0
Jun  6 10:24:29 vader-rover kernel: [   10.325927] end_request: I/O error, dev mtdblock0, sector 0
Jun  6 10:24:29 vader-rover kernel: [   10.341156] end_request: I/O error, dev mtdblock0, sector 0
Jun  6 10:24:29 vader-rover kernel: [   10.359497] end_request: I/O error, dev mtdblock0, sector 16
Jun  6 10:24:29 vader-rover kernel: [   10.382629] end_request: I/O error, dev mtdblock0, sector 0
Jun  6 10:24:29 vader-rover kernel: [   10.406860] end_request: I/O error, dev mtdblock0, sector 0
Jun  6 10:24:29 vader-rover kernel: [   10.422363] end_request: I/O error, dev mtdblock0, sector 0
Jun  6 10:24:29 vader-rover kernel: [   10.444061] end_request: I/O error, dev mtdblock0, sector 0
Jun  6 10:24:29 vader-rover kernel: [   10.464294] end_request: I/O error, dev mtdblock0, sector 0
Jun  6 10:24:29 vader-rover kernel: [   10.477050] end_request: I/O error, dev mtdblock0, sector 0
Jun  6 10:24:29 vader-rover kernel: [   10.496307] end_request: I/O error, dev mtdblock0, sector 0
Jun  6 10:24:29 vader-rover kernel: [   10.515258] end_request: I/O error, dev mtdblock0, sector 0
Jun  6 10:24:29 vader-rover kernel: [   10.531738] end_request: I/O error, dev mtdblock0, sector 0
Jun  6 10:24:29 vader-rover kernel: [   10.550079] end_request: I/O error, dev mtdblock0, sector 0
Jun  6 10:24:29 vader-rover kernel: [   10.570526] end_request: I/O error, dev mtdblock0, sector 0
Jun  6 10:24:29 vader-rover kernel: [   10.586425] end_request: I/O error, dev mtdblock0, sector 0
Jun  6 10:24:29 vader-rover kernel: [   10.605346] end_request: I/O error, dev mtdblock0, sector 0
Jun  6 10:24:29 vader-rover kernel: [   10.625579] end_request: I/O error, dev mtdblock0, sector 0
Jun  6 10:24:29 vader-rover kernel: [   10.651702] end_request: I/O error, dev mtdblock0, sector 0
Jun  6 10:24:29 vader-rover kernel: [   10.691406] end_request: I/O error, dev mtdblock0, sector 0
Jun  6 10:24:29 vader-rover kernel: [   10.727050] end_request: I/O error, dev mtdblock0, sector 0
Jun  6 10:24:29 vader-rover kernel: [   10.755004] end_request: I/O error, dev mtdblock0, sector 0
Jun  6 10:24:29 vader-rover kernel: [   10.786285] end_request: I/O error, dev mtdblock0, sector 8
Jun  6 10:24:29 vader-rover kernel: [   10.788940] end_request: I/O error, dev mtdblock0, sector 0
Jun  6 10:24:29 vader-rover kernel: [   10.796569] end_request: I/O error, dev mtdblock0, sector 0
Jun  6 10:24:29 vader-rover kernel: [   10.796874] end_request: I/O error, dev mtdblock0, sector 0
Jun  6 10:24:29 vader-rover kernel: [   10.797058] end_request: I/O error, dev mtdblock0, sector 0
Jun  6 10:24:29 vader-rover kernel: [   13.198699] NET: Registered protocol family 10
Jun  6 10:24:29 vader-rover kernel: [   13.569641] +871x_drv - drv_open, bup=0
Jun  6 10:24:29 vader-rover kernel: [   13.594116]  ===> FirmwareDownload91C() fw:Rtl819XFwImageArray_TSMC
Jun  6 10:24:29 vader-rover kernel: [   13.594146] FirmwareDownload92C accquire FW from embedded image
Jun  6 10:24:29 vader-rover kernel: [   13.594146] fw_ver=v88, fw_subver=2, sig=0x88c0
Jun  6 10:24:29 vader-rover kernel: [   13.638977] fw download ok!
Jun  6 10:24:29 vader-rover kernel: [   13.639007] Set RF Chip ID to RF_6052 and RF type to 2.
Jun  6 10:24:30 vader-rover avahi-daemon[497]: Found user 'avahi' (UID 107) and group 'avahi' (GID 112).
Jun  6 10:24:30 vader-rover avahi-daemon[497]: Successfully dropped root privileges.
Jun  6 10:24:30 vader-rover avahi-daemon[497]: avahi-daemon 0.6.30 starting up.
Jun  6 10:24:30 vader-rover avahi-daemon[497]: Successfully called chroot().
Jun  6 10:24:30 vader-rover avahi-daemon[497]: Successfully dropped remaining capabilities.
Jun  6 10:24:30 vader-rover avahi-daemon[497]: No service file found in /etc/avahi/services.
Jun  6 10:24:30 vader-rover kernel: [   14.208190] IQK:Start!!!
Jun  6 10:24:30 vader-rover kernel: [   14.224822] Path A IQK Success!!
Jun  6 10:24:30 vader-rover kernel: [   14.232543] Path B IQK Success!!
Jun  6 10:24:30 vader-rover kernel: [   14.242950] Path A IQK Success!!
Jun  6 10:24:30 vader-rover kernel: [   14.247558] Path B IQK Success!!
Jun  6 10:24:30 vader-rover kernel: [   14.253570] IQK: final_candidate is 0
Jun  6 10:24:30 vader-rover kernel: [   14.253601] IQK: RegE94=fe RegE9C=3fe RegEA4=f9 RegEAC=3fd RegEB4=102 RegEBC=a RegEC4=f9 RegECC=2
Jun  6 10:24:30 vader-rover kernel: [   14.253601]  Path A IQ Calibration Success !
Jun  6 10:24:30 vader-rover kernel: [   14.255950] Path B IQ Calibration Success !
Jun  6 10:24:30 vader-rover kernel: [   14.375579] pdmpriv->TxPowerTrackControl = 1
Jun  6 10:24:30 vader-rover kernel: [   14.382965] rtl8192cu_hal_init in 812ms
Jun  6 10:24:30 vader-rover avahi-daemon[497]: Network interface enumeration completed.
Jun  6 10:24:30 vader-rover kernel: [   14.409088] MAC Address = c0:4a:00:17:ff:56
Jun  6 10:24:30 vader-rover kernel: [   14.411285] -871x_drv - drv_open, bup=1
Jun  6 10:24:30 vader-rover kernel: [   14.411590] IPv6: ADDRCONF(NETDEV_UP): wlan1: link is not ready
Jun  6 10:24:30 vader-rover kernel: [   14.411651] [rtw_wx_set_pmkid] IW_PMKSA_FLUSH!
Jun  6 10:24:30 vader-rover kernel: [   14.411743] set_mode = IW_MODE_INFRA
Jun  6 10:24:30 vader-rover avahi-daemon[497]: Registering HINFO record with values 'ARMV7L'/'LINUX'.
Jun  6 10:24:30 vader-rover avahi-daemon[497]: Server startup complete. Host name is vader-rover.local. Local service cookie is 3703012945.
Jun  6 10:24:30 vader-rover kernel: [   14.422882] hw_var_set_opmode()-4234 mode = 2
Jun  6 10:24:30 vader-rover kernel: [   14.450500] [rtw_wx_set_pmkid] IW_PMKSA_FLUSH!
Jun  6 10:24:30 vader-rover kernel: [   14.551055] IW_SCAN_THIS_ESSID, ssid=PAL3.0, len=6
Jun  6 10:24:30 vader-rover kernel: [   14.667785] libertas_sdio mmc1:0001:1: (unregistered net_device): 00:19:88:25:91:f6, fw 9.70.3p36, cap 0x00000303
Jun  6 10:24:30 vader-rover kernel: [   14.676788] libertas_sdio mmc1:0001:1: wlan0: Marvell WLAN 802.11 adapter
Jun  6 10:24:30 vader-rover dhclient: DHCPREQUEST of 10.184.72.219 on wlan1 to 255.255.255.255 port 67
Jun  6 10:24:31 vader-rover kernel: [   15.818603] survey done event(2a) band:0 for wlan1
Jun  6 10:24:31 vader-rover kernel: [   15.821899] wpa_set_auth_algs, AUTH_ALG_OPEN_SYSTEM
Jun  6 10:24:31 vader-rover kernel: [   15.821929] set_mode = IW_MODE_INFRA
Jun  6 10:24:31 vader-rover kernel: [   15.822174] 
Jun  6 10:24:31 vader-rover kernel: [   15.822174]  wpa_ie(length:22):
Jun  6 10:24:31 vader-rover kernel: [   15.822204] 0x30 0x14 0x01 0x00 0x00 0x0f 0xac 0x04 
Jun  6 10:24:31 vader-rover kernel: [   15.822204] 0x01 0x00 0x00 0x0f 0xac 0x04 0x01 0x00 
Jun  6 10:24:31 vader-rover kernel: [   15.822235] 0x00 0x0f 0xac 0x01 0x00 0x00 0x0f 0xc0 
Jun  6 10:24:31 vader-rover kernel: [   15.823333] SetHwReg8192CU, 5130, RCR= 700060ca 
Jun  6 10:24:31 vader-rover kernel: [   15.823547] =>rtw_wx_set_essid
Jun  6 10:24:31 vader-rover kernel: [   15.823577] ssid=PAL3.0, len=6
Jun  6 10:24:31 vader-rover kernel: [   15.823608] Set SSID under fw_state=0x00000008
Jun  6 10:24:31 vader-rover kernel: [   15.823608] [by_bssid:0][assoc_ssid:PAL3.0][to_roaming:0] new candidate: PAL3.0(f0:25:72:7d:c7:d0, ch1) rssi:-55
Jun  6 10:24:31 vader-rover kernel: [   15.823638] rtw_select_and_join_from_scanned_queue: candidate: PAL3.0(f0:25:72:7d:c7:d0, ch:1)
Jun  6 10:24:31 vader-rover kernel: [   15.823669] link to Cisco AP
Jun  6 10:24:31 vader-rover kernel: [   15.823699] <=rtw_wx_set_essid, ret 0
Jun  6 10:24:31 vader-rover kernel: [   15.823944] Set BSSID under fw_state=0x00000088
Jun  6 10:24:31 vader-rover kernel: [   15.825073] hw_var_set_opmode()-4234 mode = 2
Jun  6 10:24:31 vader-rover kernel: [   15.825866] start_join_set_ch_bw: ch=1, bwmode=0, ch_offset=0
Jun  6 10:24:32 vader-rover kernel: [   15.938354] link to Cisco AP
Jun  6 10:24:32 vader-rover kernel: [   15.957366] OnAuthClient
Jun  6 10:24:32 vader-rover kernel: [   15.957427] network.SupportedRates[0]=8C
Jun  6 10:24:32 vader-rover kernel: [   15.957427] network.SupportedRates[1]=12
Jun  6 10:24:32 vader-rover kernel: [   15.957427] network.SupportedRates[2]=18
Jun  6 10:24:32 vader-rover kernel: [   15.957427] network.SupportedRates[3]=24
Jun  6 10:24:32 vader-rover kernel: [   15.957458] network.SupportedRates[4]=30
Jun  6 10:24:32 vader-rover kernel: [   15.957458] network.SupportedRates[5]=48
Jun  6 10:24:32 vader-rover kernel: [   15.957458] network.SupportedRates[6]=60
Jun  6 10:24:32 vader-rover kernel: [   15.957458] network.SupportedRates[7]=6C
Jun  6 10:24:32 vader-rover kernel: [   15.957489] bssrate_len = 8
Jun  6 10:24:32 vader-rover kernel: [   15.957489] declare supporting RX STBC
Jun  6 10:24:32 vader-rover kernel: [   15.990753] issue_deauth to the nonassociated ap=f0:25:72:7d:c7:d0 for the reason(7)
Jun  6 10:24:32 vader-rover kernel: [   15.990783] issue_deauth to f0:25:72:7d:c7:d0
Jun  6 10:24:32 vader-rover kernel: [   16.250366] link_timer_hdl: assoc timeout and try again
Jun  6 10:24:32 vader-rover kernel: [   16.250427] network.SupportedRates[0]=8C
Jun  6 10:24:32 vader-rover kernel: [   16.250427] network.SupportedRates[1]=12
Jun  6 10:24:32 vader-rover kernel: [   16.250427] network.SupportedRates[2]=18
Jun  6 10:24:32 vader-rover kernel: [   16.250427] network.SupportedRates[3]=24
Jun  6 10:24:32 vader-rover kernel: [   16.250457] network.SupportedRates[4]=30
Jun  6 10:24:32 vader-rover kernel: [   16.250457] network.SupportedRates[5]=48
Jun  6 10:24:32 vader-rover kernel: [   16.250457] network.SupportedRates[6]=60
Jun  6 10:24:32 vader-rover kernel: [   16.250457] network.SupportedRates[7]=6C
Jun  6 10:24:32 vader-rover kernel: [   16.250457] bssrate_len = 8
Jun  6 10:24:32 vader-rover kernel: [   16.250488] declare supporting RX STBC
Jun  6 10:24:32 vader-rover kernel: [   16.280761] OnAssocRsp
Jun  6 10:24:32 vader-rover kernel: [   16.280792] report_join_res(5)
Jun  6 10:24:32 vader-rover kernel: [   16.280822] rtw_joinbss_update_network
Jun  6 10:24:32 vader-rover kernel: [   16.280822] +rtw_update_ht_cap()
Jun  6 10:24:32 vader-rover kernel: [   16.280853] rtw_joinbss_update_stainfo
Jun  6 10:24:32 vader-rover kernel: [   16.281219] IPv6: ADDRCONF(NETDEV_CHANGE): wlan1: link becomes ready
Jun  6 10:24:32 vader-rover kernel: [   16.282043] HW_VAR_BASIC_RATE: BrateCfg(0x15d)
Jun  6 10:24:32 vader-rover kernel: [   16.285644] WMM(0): 0, a42b
Jun  6 10:24:32 vader-rover kernel: [   16.286041] WMM(1): 0, a44f
Jun  6 10:24:32 vader-rover kernel: [   16.286346] WMM(2): 0, 5e4322
Jun  6 10:24:32 vader-rover kernel: [   16.286621] WMM(3): 0, 2f3222
Jun  6 10:24:32 vader-rover kernel: [   16.286621] HTOnAssocRsp
Jun  6 10:24:32 vader-rover kernel: [   16.308380] update raid entry, mask=0x1ffffff0, arg=0xa0
Jun  6 10:24:32 vader-rover kernel: [   16.311523] rtl8192c_set_FwJoinBssReport_cmd mstatus(1)
Jun  6 10:24:32 vader-rover kernel: [   16.314208] SetFwRsvdPagePkt
Jun  6 10:24:32 vader-rover kernel: [   16.314270] Set RSVD page location to Fw.
Jun  6 10:24:32 vader-rover kernel: [   16.316680] =>mlmeext_joinbss_event_callback
Jun  6 10:24:32 vader-rover kernel: [   16.486572] [rtw_wx_set_pmkid] IW_PMKSA_ADD!
Jun  6 10:24:32 vader-rover kernel: [   16.486602] [rtw_wx_set_pmkid] Use the new entry index = 0 for this PMKID.
Jun  6 10:24:32 vader-rover kernel: [   16.496398] 
Jun  6 10:24:32 vader-rover kernel: [   16.496398]  ~~~~stastakey:unicastkey
Jun  6 10:24:32 vader-rover kernel: [   16.496551]  ~~~~set sta key:groupkey
Jun  6 10:24:32 vader-rover kernel: [   16.496643] ==> rtw_set_key algorithm(4),keyid(1),key_mask(0)
Jun  6 10:24:32 vader-rover kernel: [   16.502716] SetHwReg8192CU, 5126, RCR= 700060ce 
Jun  6 10:24:33 vader-rover dhclient: DHCPREQUEST of 10.184.72.219 on wlan1 to 255.255.255.255 port 67
Jun  6 10:24:33 vader-rover dhclient: DHCPACK of 10.184.72.219 from 10.184.64.1
Jun  6 10:24:33 vader-rover kernel: [   17.544555] OnAction_back
Jun  6 10:24:33 vader-rover kernel: [   17.544586] OnAction_back, action=0
Jun  6 10:24:33 vader-rover kernel: [   17.544586] issue_action_BA, category=3, action=1, status=0
Jun  6 10:24:33 vader-rover avahi-daemon[497]: Joining mDNS multicast group on interface wlan1.IPv4 with address 10.184.72.219.
Jun  6 10:24:33 vader-rover avahi-daemon[497]: New relevant interface wlan1.IPv4 for mDNS.
Jun  6 10:24:33 vader-rover avahi-daemon[497]: Registering new address record for 10.184.72.219 on wlan1.IPv4.
Jun  6 10:24:33 vader-rover avahi-daemon[497]: Joining mDNS multicast group on interface wlan1.IPv6 with address fe80::c24a:ff:fe17:ff56.
Jun  6 10:24:33 vader-rover avahi-daemon[497]: New relevant interface wlan1.IPv6 for mDNS.
Jun  6 10:24:33 vader-rover avahi-daemon[497]: Registering new address record for fe80::c24a:ff:fe17:ff56 on wlan1.*.
Jun  6 10:24:34 vader-rover dhclient: bound to 10.184.72.219 -- renewal in 744 seconds.
Jun  6 10:24:36 vader-rover anacron[719]: Anacron 2.3 started on 2014-06-06
Jun  6 10:24:36 vader-rover cron[697]: (CRON) INFO (pidfile fd = 3)
Jun  6 10:24:36 vader-rover anacron[719]: Normal exit (0 jobs run)
Jun  6 10:24:36 vader-rover kernel: [   20.014587] GPIO Event Monitor 0.1 Compiled: Jan 13 2014 at 15:50:49
Jun  6 10:24:36 vader-rover cron[723]: (CRON) STARTUP (fork ok)
Jun  6 10:24:36 vader-rover cron[723]: (CRON) INFO (Running @reboot jobs)
Jun  6 10:24:36 vader-rover dbus[474]: [system] Activating service name='org.freedesktop.ConsoleKit' (using servicehelper)
Jun  6 10:24:36 vader-rover kernel: [   20.309356] pwm: frequency=50 Hz servo=1 servo_min = 10000 servo_max = 20000
Jun  6 10:24:36 vader-rover noip2[748]: v2.1.9 daemon started with NAT enabled
Jun  6 10:24:36 vader-rover noip2[748]: vader-rover.no-ip.biz was already set to 128.211.166.1.
Jun  6 10:24:36 vader-rover dbus[474]: [system] Activating service name='org.freedesktop.PolicyKit1' (using servicehelper)
Jun  6 10:24:37 vader-rover ntpd[843]: ntpd 4.2.6p3@1.2290 Tue Mar  6 15:10:33 UTC 2012 (1)
Jun  6 10:24:37 vader-rover ntpd[845]: proto: precision = 30.517 usec
Jun  6 10:24:37 vader-rover ntpd[845]: ntp_io: estimated max descriptors: 1024, initial socket boundary: 16
Jun  6 10:24:37 vader-rover ntpd[845]: unable to bind to wildcard address 0.0.0.0 - another process may be running - EXITING
Jun  6 10:24:37 vader-rover polkitd[840]: started daemon version 0.104 using authority implementation `local' version `0.104'
Jun  6 10:24:37 vader-rover dbus[474]: [system] Successfully activated service 'org.freedesktop.PolicyKit1'
Jun  6 10:24:37 vader-rover dbus[474]: [system] Successfully activated service 'org.freedesktop.ConsoleKit'
Jun  6 10:24:50 vader-rover ntpdate[657]: adjust time server 198.60.22.240 offset 0.267558 sec
Jun  6 10:24:50 vader-rover ntpd[1011]: ntpd 4.2.6p3@1.2290 Tue Mar  6 15:10:33 UTC 2012 (1)
Jun  6 10:24:50 vader-rover ntpd[1012]: proto: precision = 30.517 usec
Jun  6 10:24:50 vader-rover ntpd[1012]: ntp_io: estimated max descriptors: 1024, initial socket boundary: 16
Jun  6 10:24:50 vader-rover ntpd[1012]: Listen and drop on 0 v4wildcard 0.0.0.0 UDP 123
Jun  6 10:24:50 vader-rover ntpd[1012]: Listen and drop on 1 v6wildcard :: UDP 123
Jun  6 10:24:50 vader-rover ntpd[1012]: Listen normally on 2 lo 127.0.0.1 UDP 123
Jun  6 10:24:50 vader-rover ntpd[1012]: Listen normally on 3 wlan1 10.184.72.219 UDP 123
Jun  6 10:24:50 vader-rover ntpd[1012]: Listen normally on 4 wlan1 fe80::c24a:ff:fe17:ff56 UDP 123
Jun  6 10:24:50 vader-rover ntpd[1012]: Listen normally on 5 lo ::1 UDP 123
Jun  6 10:24:50 vader-rover ntpd[1012]: peers refreshed
Jun  6 10:24:50 vader-rover ntpd[1012]: Listening on routing socket on fd #22 for interface updates
Jun  6 10:26:20 vader-rover kernel: [  124.798248] rtw_issue_addbareq_cmd, p=0
Jun  6 10:26:20 vader-rover kernel: [  124.807678] issue_action_BA, category=3, action=0, status=0
Jun  6 10:26:20 vader-rover kernel: [  124.807739] BA_starting_seqctrl = 908 for TID=0
Jun  6 10:26:20 vader-rover kernel: [  124.808807] OnAction_back
Jun  6 10:26:20 vader-rover kernel: [  124.808837] OnAction_back, action=1
Jun  6 10:26:20 vader-rover kernel: [  124.808837] agg_enable for TID=0
Jun  6 10:26:39 vader-rover kernel: [  143.072631] rtw_issue_addbareq_cmd, p=6
Jun  6 10:26:39 vader-rover kernel: [  143.073333] issue_action_BA, category=3, action=0, status=6
Jun  6 10:26:39 vader-rover kernel: [  143.073364] BA_starting_seqctrl = 20 for TID=6
Jun  6 10:26:39 vader-rover kernel: [  143.076660] OnAction_back
Jun  6 10:26:39 vader-rover kernel: [  143.076721] OnAction_back, action=1
Jun  6 10:26:39 vader-rover kernel: [  143.076721] agg_enable for TID=6
Jun  6 10:36:58 vader-rover dhclient: DHCPREQUEST of 10.184.72.219 on wlan1 to 128.210.224.242 port 67
Jun  6 10:36:58 vader-rover dhclient: DHCPACK of 10.184.72.219 from 128.210.224.242
Jun  6 10:36:59 vader-rover dhclient: bound to 10.184.72.219 -- renewal in 775 seconds.
Jun  6 10:43:54 vader-rover kernel: imklog 5.8.6, log source = /proc/kmsg started.
Jun  6 10:43:54 vader-rover rsyslogd: [origin software="rsyslogd" swVersion="5.8.6" x-pid="511" x-info="http://www.rsyslog.com"] start
Jun  6 10:43:54 vader-rover rsyslogd: rsyslogd's groupid changed to 103
Jun  6 10:43:54 vader-rover rsyslogd: rsyslogd's userid changed to 101
Jun  6 10:43:54 vader-rover rsyslogd-2039: Could not open output pipe '/dev/xconsole' [try http://www.rsyslog.com/e/2039 ]
Jun  6 10:43:54 vader-rover kernel: [    0.000000] Booting Linux on physical CPU 0
Jun  6 10:43:54 vader-rover kernel: [    0.000000] Initializing cgroup subsys cpuset
Jun  6 10:43:54 vader-rover kernel: [    0.000000] Initializing cgroup subsys cpu
Jun  6 10:43:54 vader-rover kernel: [    0.000000] Linux version 3.5.0-2-linaro-omap (adam@pine) (gcc version 4.6.3 (Ubuntu/Linaro 4.6.3-1ubuntu5) ) #2~ci+121210190143 PREEMPT Mon Dec 10 11:03:27 PST 2012
Jun  6 10:43:54 vader-rover kernel: [    0.000000] CPU: ARMv7 Processor [413fc082] revision 2 (ARMv7), cr=10c53c7d
Jun  6 10:43:54 vader-rover kernel: [    0.000000] CPU: PIPT / VIPT nonaliasing data cache, VIPT aliasing instruction cache
Jun  6 10:43:54 vader-rover kernel: [    0.000000] Machine: Gumstix Overo
Jun  6 10:43:54 vader-rover kernel: [    0.000000] Reserving 12582912 bytes SDRAM for VRAM
Jun  6 10:43:54 vader-rover kernel: [    0.000000] Memory policy: ECC disabled, Data cache writeback
Jun  6 10:43:54 vader-rover kernel: [    0.000000] On node 0 totalpages: 127744
Jun  6 10:43:54 vader-rover kernel: [    0.000000] free_area_init_node: node 0, pgdat c070b85c, node_mem_map c07a7000
Jun  6 10:43:54 vader-rover kernel: [    0.000000]   Normal zone: 1024 pages used for memmap
Jun  6 10:43:54 vader-rover kernel: [    0.000000]   Normal zone: 0 pages reserved
Jun  6 10:43:54 vader-rover kernel: [    0.000000]   Normal zone: 126720 pages, LIFO batch:31
Jun  6 10:43:54 vader-rover kernel: [    0.000000] OMAP3630 ES1.2 (l2cache iva sgx neon isp 192mhz_clk )
Jun  6 10:43:54 vader-rover kernel: [    0.000000] Clocking rate (Crystal/Core/MPU): 26.0/332/600 MHz
Jun  6 10:43:54 vader-rover kernel: [    0.000000] pcpu-alloc: s0 r0 d32768 u32768 alloc=1*32768
Jun  6 10:43:54 vader-rover kernel: [    0.000000] pcpu-alloc: [0] 0 
Jun  6 10:43:54 vader-rover kernel: [    0.000000] Built 1 zonelists in Zone order, mobility grouping on.  Total pages: 126720
Jun  6 10:43:54 vader-rover kernel: [    0.000000] Kernel command line: console=tty0 console=ttyO2,115200n8 root=/dev/mmcblk0p2 rootwait ro earlyprintk mpurate=720 vram=12M omapdss.def_disp=dvi omapfb.mode=dvi:1024x768MR-16@60
Jun  6 10:43:54 vader-rover kernel: [    0.000000] PID hash table entries: 2048 (order: 1, 8192 bytes)
Jun  6 10:43:54 vader-rover kernel: [    0.000000] Dentry cache hash table entries: 65536 (order: 6, 262144 bytes)
Jun  6 10:43:54 vader-rover kernel: [    0.000000] Inode-cache hash table entries: 32768 (order: 5, 131072 bytes)
Jun  6 10:43:54 vader-rover kernel: [    0.000000] allocated 1048576 bytes of page_cgroup
Jun  6 10:43:54 vader-rover kernel: [    0.000000] please try 'cgroup_disable=memory' option if you don't want memory cgroups
Jun  6 10:43:54 vader-rover kernel: [    0.000000] Memory: 499MB = 499MB total
Jun  6 10:43:54 vader-rover kernel: [    0.000000] Memory: 496084k/496084k available, 28204k reserved, 0K highmem
Jun  6 10:43:54 vader-rover kernel: [    0.000000] Virtual kernel memory layout:
Jun  6 10:43:54 vader-rover kernel: [    0.000000]     vector  : 0xffff0000 - 0xffff1000   (   4 kB)
Jun  6 10:43:54 vader-rover kernel: [    0.000000]     fixmap  : 0xfff00000 - 0xfffe0000   ( 896 kB)
Jun  6 10:43:54 vader-rover kernel: [    0.000000]     vmalloc : 0xe0800000 - 0xff000000   ( 488 MB)
Jun  6 10:43:54 vader-rover kernel: [    0.000000]     lowmem  : 0xc0000000 - 0xe0000000   ( 512 MB)
Jun  6 10:43:54 vader-rover kernel: [    0.000000]     pkmap   : 0xbfe00000 - 0xc0000000   (   2 MB)
Jun  6 10:43:54 vader-rover kernel: [    0.000000]     modules : 0xbf000000 - 0xbfe00000   (  14 MB)
Jun  6 10:43:54 vader-rover kernel: [    0.000000]       .text : 0xc0008000 - 0xc067abfc   (6603 kB)
Jun  6 10:43:54 vader-rover kernel: [    0.000000]       .init : 0xc067b000 - 0xc06b2000   ( 220 kB)
Jun  6 10:43:54 vader-rover kernel: [    0.000000]       .data : 0xc06b2000 - 0xc071b268   ( 421 kB)
Jun  6 10:43:54 vader-rover kernel: [    0.000000]        .bss : 0xc071b28c - 0xc07a6020   ( 556 kB)
Jun  6 10:43:54 vader-rover kernel: [    0.000000] NR_IRQS:474
Jun  6 10:43:54 vader-rover kernel: [    0.000000] IRQ: Found an INTC at 0xfa200000 (revision 4.0) with 96 interrupts
Jun  6 10:43:54 vader-rover kernel: [    0.000000] Total of 96 interrupts on 1 active controller
Jun  6 10:43:54 vader-rover kernel: [    0.000000] OMAP clockevent source: GPTIMER1 at 32768 Hz
Jun  6 10:43:54 vader-rover kernel: [    0.000000] sched_clock: 32 bits at 32kHz, resolution 30517ns, wraps every 131071999ms
Jun  6 10:43:54 vader-rover kernel: [    0.000000] OMAP clocksource: 32k_counter at 32768 Hz
Jun  6 10:43:54 vader-rover kernel: [    0.000000] Console: colour dummy device 80x30
Jun  6 10:43:54 vader-rover kernel: [    0.000000] console [tty0] enabled
Jun  6 10:43:54 vader-rover kernel: [    0.001007] Calibrating delay loop... 597.64 BogoMIPS (lpj=2334720)
Jun  6 10:43:54 vader-rover kernel: [    0.039123] pid_max: default: 32768 minimum: 301
Jun  6 10:43:54 vader-rover kernel: [    0.039306] Security Framework initialized
Jun  6 10:43:54 vader-rover kernel: [    0.039459] Mount-cache hash table entries: 512
Jun  6 10:43:54 vader-rover kernel: [    0.040252] Initializing cgroup subsys debug
Jun  6 10:43:54 vader-rover kernel: [    0.040313] Initializing cgroup subsys cpuacct
Jun  6 10:43:54 vader-rover kernel: [    0.040313] Initializing cgroup subsys memory
Jun  6 10:43:54 vader-rover kernel: [    0.040405] Initializing cgroup subsys devices
Jun  6 10:43:54 vader-rover kernel: [    0.040435] Initializing cgroup subsys freezer
Jun  6 10:43:54 vader-rover kernel: [    0.040435] Initializing cgroup subsys perf_event
Jun  6 10:43:54 vader-rover kernel: [    0.040588] CPU: Testing write buffer coherency: ok
Jun  6 10:43:54 vader-rover kernel: [    0.040893] Setting up static identity map for 0x8046ea98 - 0x8046eaf0
Jun  6 10:43:54 vader-rover kernel: [    0.046051] devtmpfs: initialized
Jun  6 10:43:54 vader-rover kernel: [    0.050903] dummy: 
Jun  6 10:43:54 vader-rover kernel: [    0.051300] NET: Registered protocol family 16
Jun  6 10:43:54 vader-rover kernel: [    0.051757] GPMC revision 5.0
Jun  6 10:43:54 vader-rover kernel: [    0.051818] gpmc: irq-20 could not claim: err -22
Jun  6 10:43:54 vader-rover kernel: [    0.053497] gpiochip_add: registered GPIOs 0 to 31 on device: gpio
Jun  6 10:43:54 vader-rover kernel: [    0.053588] OMAP GPIO hardware version 2.5
Jun  6 10:43:54 vader-rover kernel: [    0.053863] gpiochip_add: registered GPIOs 32 to 63 on device: gpio
Jun  6 10:43:54 vader-rover kernel: [    0.054138] gpiochip_add: registered GPIOs 64 to 95 on device: gpio
Jun  6 10:43:54 vader-rover kernel: [    0.054412] gpiochip_add: registered GPIOs 96 to 127 on device: gpio
Jun  6 10:43:54 vader-rover kernel: [    0.054809] gpiochip_add: registered GPIOs 128 to 159 on device: gpio
Jun  6 10:43:54 vader-rover kernel: [    0.055114] gpiochip_add: registered GPIOs 160 to 191 on device: gpio
Jun  6 10:43:54 vader-rover kernel: [    0.056060] omap_mux_init: Add partition: #1: core, flags: 0
Jun  6 10:43:54 vader-rover kernel: [    0.061065] _omap_mux_get_by_name: Could not find signal uart4_rx.uart4_rx
Jun  6 10:43:54 vader-rover kernel: [    0.066925] Reprogramming SDRC clock to 332000000 Hz
Jun  6 10:43:54 vader-rover kernel: [    0.066955] dpll3_m2_clk rate change failed: -22
Jun  6 10:43:54 vader-rover kernel: [    0.066986] Found NAND on CS0
Jun  6 10:43:54 vader-rover kernel: [    0.067016] Registering NAND on CS0
Jun  6 10:43:54 vader-rover kernel: [    0.068206]  usbhs_omap: alias fck already exists
Jun  6 10:43:54 vader-rover kernel: [    0.075744] hw-breakpoint: debug architecture 0x4 unsupported.
Jun  6 10:43:54 vader-rover kernel: [    0.078826]  omap-mcbsp.2: alias fck already exists
Jun  6 10:43:54 vader-rover kernel: [    0.079040]  omap-mcbsp.3: alias fck already exists
Jun  6 10:43:54 vader-rover kernel: [    0.080139] Switched to new clocking rate (Crystal/Core/MPU): 26.0/332/720 MHz
Jun  6 10:43:54 vader-rover kernel: [    0.080352] OMAP DMA hardware revision 5.0
Jun  6 10:43:54 vader-rover kernel: [    0.087371] bio: create slab <bio-0> at 0
Jun  6 10:43:54 vader-rover kernel: [    0.088073] fixed-dummy: 
Jun  6 10:43:54 vader-rover kernel: [    0.088165] reg-fixed-voltage reg-fixed-voltage.0: fixed-dummy supplying 0uV
Jun  6 10:43:54 vader-rover kernel: [    0.088348] vads7846: override min_uV, 1 -> 3300000
Jun  6 10:43:54 vader-rover kernel: [    0.088378] vads7846: override max_uV, 2147483647 -> 3300000
Jun  6 10:43:54 vader-rover kernel: [    0.088378] vads7846: 3300 mV 
Jun  6 10:43:54 vader-rover kernel: [    0.088470] reg-fixed-voltage reg-fixed-voltage.1: vads7846 supplying 3300000uV
Jun  6 10:43:54 vader-rover kernel: [    0.089080] SCSI subsystem initialized
Jun  6 10:43:54 vader-rover kernel: [    0.089385] usbcore: registered new interface driver usbfs
Jun  6 10:43:54 vader-rover kernel: [    0.089538] usbcore: registered new interface driver hub
Jun  6 10:43:54 vader-rover kernel: [    0.089752] usbcore: registered new device driver usb
Jun  6 10:43:54 vader-rover kernel: [    0.090179] omap_i2c omap_i2c.1: bus 1 rev1.4.0 at 2600 kHz
Jun  6 10:43:54 vader-rover kernel: [    0.092712] twl 1-0048: PIH (irq 7) chaining IRQs 320..328
Jun  6 10:43:54 vader-rover kernel: [    0.092864] twl 1-0048: power (irq 325) chaining IRQs 328..335
Jun  6 10:43:54 vader-rover kernel: [    0.093444] twl4030_gpio twl4030_gpio: gpio (irq 320) chaining IRQs 336..353
Jun  6 10:43:54 vader-rover kernel: [    0.093749] gpiochip_add: registered GPIOs 192 to 211 on device: twl4030
Jun  6 10:43:54 vader-rover kernel: [    0.094482] VUSB1V5: override min_uV, 1 -> 1500000
Jun  6 10:43:54 vader-rover kernel: [    0.094482] VUSB1V5: override max_uV, 2147483647 -> 1500000
Jun  6 10:43:54 vader-rover kernel: [    0.094512] VUSB1V5: 1500 mV normal standby
Jun  6 10:43:54 vader-rover kernel: [    0.094970] VUSB1V8: override min_uV, 1 -> 1800000
Jun  6 10:43:54 vader-rover kernel: [    0.094970] VUSB1V8: override max_uV, 2147483647 -> 1800000
Jun  6 10:43:54 vader-rover kernel: [    0.095001] VUSB1V8: 1800 mV normal standby
Jun  6 10:43:54 vader-rover kernel: [    0.095397] VUSB3V1: override min_uV, 1 -> 3100000
Jun  6 10:43:54 vader-rover kernel: [    0.095397] VUSB3V1: override max_uV, 2147483647 -> 3100000
Jun  6 10:43:54 vader-rover kernel: [    0.095428] VUSB3V1: 3100 mV normal standby
Jun  6 10:43:54 vader-rover kernel: [    0.096862] twl4030_usb twl4030_usb: HW_CONDITIONS 0x10/16; link 0
Jun  6 10:43:54 vader-rover kernel: [    0.097076] twl4030_usb twl4030_usb: Initialized TWL4030 USB module
Jun  6 10:43:54 vader-rover kernel: [    0.097564] vdd_mpu_iva: 600 <--> 1450 mV normal 
Jun  6 10:43:54 vader-rover kernel: [    0.097961] vdd_core: 600 <--> 1450 mV normal 
Jun  6 10:43:54 vader-rover kernel: [    0.098449] VMMC1: 1850 <--> 3150 mV at 3000 mV normal standby
Jun  6 10:43:54 vader-rover kernel: [    0.098968] VDAC: 1800 mV normal standby
Jun  6 10:43:54 vader-rover kernel: [    0.099456] VDVI: 1800 mV normal standby
Jun  6 10:43:54 vader-rover kernel: [    0.099914] omap_i2c omap_i2c.3: bus 3 rev1.4.0 at 400 kHz
Jun  6 10:43:54 vader-rover kernel: [    0.100646] omap-iommu omap-iommu.0: isp registered
Jun  6 10:43:54 vader-rover kernel: [    0.100860] Advanced Linux Sound Architecture Driver Version 1.0.25.
Jun  6 10:43:54 vader-rover kernel: [    0.101745] Switching to clocksource 32k_counter
Jun  6 10:43:54 vader-rover kernel: [    0.126220] usbhs_omap usbhs_omap: xclk60mhsp2_ck set parentfailed error:-22
Jun  6 10:43:54 vader-rover kernel: [    0.127014] NET: Registered protocol family 2
Jun  6 10:43:54 vader-rover kernel: [    0.127319] IP route cache hash table entries: 4096 (order: 2, 16384 bytes)
Jun  6 10:43:54 vader-rover kernel: [    0.127838] TCP established hash table entries: 16384 (order: 5, 131072 bytes)
Jun  6 10:43:54 vader-rover kernel: [    0.128173] TCP bind hash table entries: 16384 (order: 4, 65536 bytes)
Jun  6 10:43:54 vader-rover kernel: [    0.128356] TCP: Hash tables configured (established 16384 bind 16384)
Jun  6 10:43:54 vader-rover kernel: [    0.128387] TCP: reno registered
Jun  6 10:43:54 vader-rover kernel: [    0.128417] UDP hash table entries: 256 (order: 0, 4096 bytes)
Jun  6 10:43:54 vader-rover kernel: [    0.128448] UDP-Lite hash table entries: 256 (order: 0, 4096 bytes)
Jun  6 10:43:54 vader-rover kernel: [    0.128753] NET: Registered protocol family 1
Jun  6 10:43:54 vader-rover kernel: [    0.129272] RPC: Registered named UNIX socket transport module.
Jun  6 10:43:54 vader-rover kernel: [    0.129302] RPC: Registered udp transport module.
Jun  6 10:43:54 vader-rover kernel: [    0.129333] RPC: Registered tcp transport module.
Jun  6 10:43:54 vader-rover kernel: [    0.129364] RPC: Registered tcp NFSv4.1 backchannel transport module.
Jun  6 10:43:54 vader-rover kernel: [    0.129608] Trying to unpack rootfs image as initramfs...
Jun  6 10:43:54 vader-rover kernel: [    0.244750] Freeing initrd memory: 1488K
Jun  6 10:43:54 vader-rover kernel: [    0.247070] audit: initializing netlink socket (disabled)
Jun  6 10:43:54 vader-rover kernel: [    0.247161] type=2000 audit(0.242:1): initialized
Jun  6 10:43:54 vader-rover kernel: [    0.248535] VFS: Disk quotas dquot_6.5.2
Jun  6 10:43:54 vader-rover kernel: [    0.248657] Dquot-cache hash table entries: 1024 (order 0, 4096 bytes)
Jun  6 10:43:54 vader-rover kernel: [    0.248992] NFS: Registering the id_resolver key type
Jun  6 10:43:54 vader-rover kernel: [    0.249084] Key type id_resolver registered
Jun  6 10:43:54 vader-rover kernel: [    0.249542] jffs2: version 2.2. (NAND) (SUMMARY)  Â© 2001-2006 Red Hat, Inc.
Jun  6 10:43:54 vader-rover kernel: [    0.250213] fuse init (API version 7.19)
Jun  6 10:43:54 vader-rover kernel: [    0.250793] msgmni has been set to 971
Jun  6 10:43:54 vader-rover kernel: [    0.252471] Block layer SCSI generic (bsg) driver version 0.4 loaded (major 253)
Jun  6 10:43:54 vader-rover kernel: [    0.252532] io scheduler noop registered
Jun  6 10:43:54 vader-rover kernel: [    0.252532] io scheduler deadline registered (default)
Jun  6 10:43:54 vader-rover kernel: [    0.253295] OMAP DSS rev 2.0
Jun  6 10:43:54 vader-rover kernel: [    0.256256] omap_uart.0: ttyO0 at MMIO 0x4806a000 (irq = 72) is a OMAP UART0
Jun  6 10:43:54 vader-rover kernel: [    0.256713] omap_uart.1: ttyO1 at MMIO 0x4806c000 (irq = 73) is a OMAP UART1
Jun  6 10:43:54 vader-rover kernel: [    0.257141] omap_uart.2: ttyO2 at MMIO 0x49020000 (irq = 74) is a OMAP UART2
Jun  6 10:43:54 vader-rover kernel: [    0.958404] console [ttyO2] enabled
Jun  6 10:43:54 vader-rover kernel: [    0.962524] omap_uart.3: ttyO3 at MMIO 0x49042000 (irq = 80) is a OMAP UART3
Jun  6 10:43:54 vader-rover kernel: [    0.977478] brd: module loaded
Jun  6 10:43:54 vader-rover kernel: [    0.984497] loop: module loaded
Jun  6 10:43:54 vader-rover kernel: [    0.989929] twl4030_madc twl4030_madc: clk disabled, enabling
Jun  6 10:43:54 vader-rover kernel: [    0.997772] NAND device: Manufacturer ID: 0x2c, Chip ID: 0xbc (Micron NAND 512MiB 1,8V 16-bit), page size: 2048, OOB size: 64
Jun  6 10:43:54 vader-rover kernel: [    1.022613] Creating 5 MTD partitions on "omap2-nand.0":
Jun  6 10:43:54 vader-rover kernel: [    1.028411] 0x000000000000-0x000000080000 : "xloader"
Jun  6 10:43:54 vader-rover kernel: [    1.035247] 0x000000080000-0x000000240000 : "uboot"
Jun  6 10:43:54 vader-rover kernel: [    1.042602] 0x000000240000-0x000000280000 : "uboot environment"
Jun  6 10:43:54 vader-rover kernel: [    1.049987] 0x000000280000-0x000000680000 : "linux"
Jun  6 10:43:54 vader-rover kernel: [    1.058837] 0x000000680000-0x000020000000 : "rootfs"
Jun  6 10:43:54 vader-rover kernel: [    1.417419] smsc911x: Driver version 2008-10-21
Jun  6 10:43:54 vader-rover kernel: [    1.422698] smsc911x: Driver version 2008-10-21
Jun  6 10:43:54 vader-rover kernel: [    1.427886] usbcore: registered new interface driver asix
Jun  6 10:43:54 vader-rover kernel: [    1.433685] usbcore: registered new interface driver cdc_ether
Jun  6 10:43:54 vader-rover kernel: [    1.439941] usbcore: registered new interface driver cdc_ncm
Jun  6 10:43:54 vader-rover kernel: [    1.446197] ehci_hcd: USB 2.0 'Enhanced' Host Controller (EHCI) Driver
Jun  6 10:43:54 vader-rover kernel: [    1.453094] ehci_hcd: block sizes: qh 64 qtd 96 itd 160 sitd 96
Jun  6 10:43:54 vader-rover kernel: [    1.453216] ehci-omap ehci-omap.0: failed to get ehci port1 regulator
Jun  6 10:43:54 vader-rover kernel: [    2.453460] ehci-omap ehci-omap.0: phy reset operation timed out
Jun  6 10:43:54 vader-rover kernel: [    2.453491] ehci-omap ehci-omap.0: reset hcs_params 0x1313 dbg=0 cc=1 pcc=3 ordered ports=3
Jun  6 10:43:54 vader-rover kernel: [    2.453491] ehci-omap ehci-omap.0: reset hcc_params 0016 thresh 1 uframes 256/512/1024 park
Jun  6 10:43:54 vader-rover kernel: [    2.453521] ehci-omap ehci-omap.0: reset command 0080b02  park=3 ithresh=8 period=1024 Reset HALT
Jun  6 10:43:54 vader-rover kernel: [    2.453552] ehci-omap ehci-omap.0: OMAP-EHCI Host Controller
Jun  6 10:43:54 vader-rover kernel: [    2.459777] ehci-omap ehci-omap.0: new USB bus registered, assigned bus number 1
Jun  6 10:43:54 vader-rover kernel: [    2.467681] ehci-omap ehci-omap.0: park 0
Jun  6 10:43:54 vader-rover kernel: [    2.467742] ehci-omap ehci-omap.0: irq 77, io mem 0x48064800
Jun  6 10:43:54 vader-rover kernel: [    2.473724] ehci-omap ehci-omap.0: init command 0010005 (park)=0 ithresh=1 period=512 RUN
Jun  6 10:43:54 vader-rover kernel: [    2.484771] ehci-omap ehci-omap.0: USB 2.0 started, EHCI 1.00
Jun  6 10:43:54 vader-rover kernel: [    2.490936] usb usb1: default language 0x0409
Jun  6 10:43:54 vader-rover kernel: [    2.490966] usb usb1: udev 1, busnum 1, minor = 0
Jun  6 10:43:54 vader-rover kernel: [    2.490997] usb usb1: New USB device found, idVendor=1d6b, idProduct=0002
Jun  6 10:43:54 vader-rover kernel: [    2.498168] usb usb1: New USB device strings: Mfr=3, Product=2, SerialNumber=1
Jun  6 10:43:54 vader-rover kernel: [    2.505767] usb usb1: Product: OMAP-EHCI Host Controller
Jun  6 10:43:54 vader-rover kernel: [    2.511383] usb usb1: Manufacturer: Linux 3.5.0-2-linaro-omap ehci_hcd
Jun  6 10:43:54 vader-rover kernel: [    2.518249] usb usb1: SerialNumber: ehci-omap.0
Jun  6 10:43:54 vader-rover kernel: [    2.523498] usb usb1: usb_probe_device
Jun  6 10:43:54 vader-rover kernel: [    2.523529] usb usb1: configuration #1 chosen from 1 choice
Jun  6 10:43:54 vader-rover kernel: [    2.523559] usb usb1: adding 1-0:1.0 (config #1, interface 0)
Jun  6 10:43:54 vader-rover kernel: [    2.523712] hub 1-0:1.0: usb_probe_interface
Jun  6 10:43:54 vader-rover kernel: [    2.523712] hub 1-0:1.0: usb_probe_interface - got id
Jun  6 10:43:54 vader-rover kernel: [    2.523742] hub 1-0:1.0: USB hub found
Jun  6 10:43:54 vader-rover kernel: [    2.527740] hub 1-0:1.0: 3 ports detected
Jun  6 10:43:54 vader-rover kernel: [    2.531982] hub 1-0:1.0: standalone hub
Jun  6 10:43:54 vader-rover kernel: [    2.532012] hub 1-0:1.0: individual port power switching
Jun  6 10:43:54 vader-rover kernel: [    2.532012] hub 1-0:1.0: individual port over-current protection
Jun  6 10:43:54 vader-rover kernel: [    2.532043] hub 1-0:1.0: power on to power good time: 20ms
Jun  6 10:43:54 vader-rover kernel: [    2.532073] hub 1-0:1.0: local power source is good
Jun  6 10:43:54 vader-rover kernel: [    2.532073] hub 1-0:1.0: enabling power on all ports
Jun  6 10:43:54 vader-rover kernel: [    2.532348] ehci-omap ehci-omap.0: ...powerup ports...
Jun  6 10:43:54 vader-rover kernel: [    2.563049] Initializing USB Mass Storage driver...
Jun  6 10:43:54 vader-rover kernel: [    2.568328] usbcore: registered new interface driver usb-storage
Jun  6 10:43:54 vader-rover kernel: [    2.574676] USB Mass Storage support registered.
Jun  6 10:43:54 vader-rover kernel: [    2.579559] musb-hdrc: version 6.0, ?dma?, otg (peripheral+host)
Jun  6 10:43:54 vader-rover kernel: [    2.591522] twl4030_usb twl4030_usb: twl4030_phy_resume
Jun  6 10:43:54 vader-rover kernel: [    2.591766] musb-hdrc: ConfigData=0xde (UTMI-8, dyn FIFOs, bulk combine, bulk split, HB-ISO Rx, HB-ISO Tx, SoftConn)
Jun  6 10:43:54 vader-rover kernel: [    2.591796] musb-hdrc: MHDRC RTL version 1.800 
Jun  6 10:43:54 vader-rover kernel: [    2.591796] musb-hdrc: setup fifo_mode 4
Jun  6 10:43:54 vader-rover kernel: [    2.591827] musb-hdrc: 28/31 max ep, 16384/16384 memory
Jun  6 10:43:54 vader-rover kernel: [    2.592224] musb-hdrc musb-hdrc: USB OTG mode controller at fa0ab000 using DMA, IRQ 92
Jun  6 10:43:54 vader-rover kernel: [    2.602508] twl4030_usb twl4030_usb: twl4030_phy_suspend
Jun  6 10:43:54 vader-rover kernel: [    2.602996] mousedev: PS/2 mouse device common for all mice
Jun  6 10:43:54 vader-rover kernel: [    2.609558] twl_rtc twl_rtc: Enabling TWL-RTC
Jun  6 10:43:54 vader-rover kernel: [    2.616760] twl_rtc twl_rtc: rtc core: registered twl_rtc as rtc0
Jun  6 10:43:54 vader-rover kernel: [    2.623992] i2c /dev entries driver
Jun  6 10:43:54 vader-rover kernel: [    2.629089] voltdm_scale: No voltage scale API registered for vdd_mpu_iva
Jun  6 10:43:54 vader-rover kernel: [    2.636352] ehci-omap ehci-omap.0: GetStatus port:2 status 001803 0  ACK POWER sig=j CSC CONNECT
Jun  6 10:43:54 vader-rover kernel: [    2.636383] hub 1-0:1.0: port 2: status 0501 change 0001
Jun  6 10:43:54 vader-rover kernel: [    2.636444] platform mpu.0: omap_target: unable to scale voltage up.
Jun  6 10:43:54 vader-rover kernel: [    2.643157] cpuidle: using governor ladder
Jun  6 10:43:54 vader-rover kernel: [    2.647460] cpuidle: using governor menu
Jun  6 10:43:54 vader-rover kernel: [    2.652130] omap_hsmmc omap_hsmmc.0: Failed to get debounce clk
Jun  6 10:43:54 vader-rover kernel: [    2.734832] hub 1-0:1.0: state 7 ports 3 chg 0004 evt 0000
Jun  6 10:43:54 vader-rover kernel: [    2.734863] hub 1-0:1.0: port 2, status 0501, change 0000, 480 Mb/s
Jun  6 10:43:54 vader-rover kernel: [    2.797363] ehci-omap ehci-omap.0: port 2 reset complete, port enabled
Jun  6 10:43:54 vader-rover kernel: [    2.797393] ehci-omap ehci-omap.0: GetStatus port:2 status 001005 0  ACK POWER sig=se0 PE CONNECT
Jun  6 10:43:54 vader-rover kernel: [    2.859802] usb 1-2: new high-speed USB device number 2 using ehci-omap
Jun  6 10:43:54 vader-rover kernel: [    2.922271] ehci-omap ehci-omap.0: port 2 reset complete, port enabled
Jun  6 10:43:54 vader-rover kernel: [    2.922302] ehci-omap ehci-omap.0: GetStatus port:2 status 001005 0  ACK POWER sig=se0 PE CONNECT
Jun  6 10:43:54 vader-rover kernel: [    3.016510] usb 1-2: default language 0x0409
Jun  6 10:43:54 vader-rover kernel: [    3.016632] usb 1-2: udev 2, busnum 1, minor = 1
Jun  6 10:43:54 vader-rover kernel: [    3.016662] usb 1-2: New USB device found, idVendor=050d, idProduct=0237
Jun  6 10:43:54 vader-rover kernel: [    3.023712] usb 1-2: New USB device strings: Mfr=0, Product=1, SerialNumber=0
Jun  6 10:43:54 vader-rover kernel: [    3.031219] usb 1-2: Product: USB 2.0 Hub [MTT]
Jun  6 10:43:54 vader-rover kernel: [    3.036590] omap_hsmmc omap_hsmmc.1: Failed to get debounce clk
Jun  6 10:43:54 vader-rover kernel: [    3.043334] usb 1-2: usb_probe_device
