Apr 17 14:31:36 vader-rover kernel: imklog 5.8.6, log source = /proc/kmsg started.
Apr 17 14:31:36 vader-rover rsyslogd: [origin software="rsyslogd" swVersion="5.8.6" x-pid="479" x-info="http://www.rsyslog.com"] start
Apr 17 14:31:36 vader-rover rsyslogd: rsyslogd's groupid changed to 103
Apr 17 14:31:36 vader-rover rsyslogd: rsyslogd's userid changed to 101
Apr 17 14:31:36 vader-rover rsyslogd-2039: Could not open output pipe '/dev/xconsole' [try http://www.rsyslog.com/e/2039 ]
Apr 17 14:31:36 vader-rover kernel: [    0.000000] Booting Linux on physical CPU 0
Apr 17 14:31:36 vader-rover kernel: [    0.000000] Initializing cgroup subsys cpuset
Apr 17 14:31:36 vader-rover kernel: [    0.000000] Initializing cgroup subsys cpu
Apr 17 14:31:36 vader-rover kernel: [    0.000000] Linux version 3.5.0-2-linaro-omap (adam@pine) (gcc version 4.6.3 (Ubuntu/Linaro 4.6.3-1ubuntu5) ) #2~ci+121210190143 PREEMPT Mon Dec 10 11:03:27 PST 2012
Apr 17 14:31:36 vader-rover kernel: [    0.000000] CPU: ARMv7 Processor [413fc082] revision 2 (ARMv7), cr=10c53c7d
Apr 17 14:31:36 vader-rover kernel: [    0.000000] CPU: PIPT / VIPT nonaliasing data cache, VIPT aliasing instruction cache
Apr 17 14:31:36 vader-rover kernel: [    0.000000] Machine: Gumstix Overo
Apr 17 14:31:36 vader-rover kernel: [    0.000000] Reserving 12582912 bytes SDRAM for VRAM
Apr 17 14:31:36 vader-rover kernel: [    0.000000] Memory policy: ECC disabled, Data cache writeback
Apr 17 14:31:36 vader-rover kernel: [    0.000000] On node 0 totalpages: 127744
Apr 17 14:31:36 vader-rover kernel: [    0.000000] free_area_init_node: node 0, pgdat c070b85c, node_mem_map c07a7000
Apr 17 14:31:36 vader-rover kernel: [    0.000000]   Normal zone: 1024 pages used for memmap
Apr 17 14:31:36 vader-rover kernel: [    0.000000]   Normal zone: 0 pages reserved
Apr 17 14:31:36 vader-rover kernel: [    0.000000]   Normal zone: 126720 pages, LIFO batch:31
Apr 17 14:31:36 vader-rover kernel: [    0.000000] OMAP3630 ES1.2 (l2cache iva sgx neon isp 192mhz_clk )
Apr 17 14:31:36 vader-rover kernel: [    0.000000] Clocking rate (Crystal/Core/MPU): 26.0/332/600 MHz
Apr 17 14:31:36 vader-rover kernel: [    0.000000] pcpu-alloc: s0 r0 d32768 u32768 alloc=1*32768
Apr 17 14:31:36 vader-rover kernel: [    0.000000] pcpu-alloc: [0] 0 
Apr 17 14:31:36 vader-rover kernel: [    0.000000] Built 1 zonelists in Zone order, mobility grouping on.  Total pages: 126720
Apr 17 14:31:36 vader-rover kernel: [    0.000000] Kernel command line: console=tty0 console=ttyO2,115200n8 root=/dev/mmcblk0p2 rootwait ro earlyprintk mpurate=720 vram=12M omapdss.def_disp=dvi omapfb.mode=dvi:1024x768MR-16@60
Apr 17 14:31:36 vader-rover kernel: [    0.000000] PID hash table entries: 2048 (order: 1, 8192 bytes)
Apr 17 14:31:36 vader-rover kernel: [    0.000000] Dentry cache hash table entries: 65536 (order: 6, 262144 bytes)
Apr 17 14:31:36 vader-rover kernel: [    0.000000] Inode-cache hash table entries: 32768 (order: 5, 131072 bytes)
Apr 17 14:31:36 vader-rover kernel: [    0.000000] allocated 1048576 bytes of page_cgroup
Apr 17 14:31:36 vader-rover kernel: [    0.000000] please try 'cgroup_disable=memory' option if you don't want memory cgroups
Apr 17 14:31:36 vader-rover kernel: [    0.000000] Memory: 499MB = 499MB total
Apr 17 14:31:36 vader-rover kernel: [    0.000000] Memory: 495808k/495808k available, 28480k reserved, 0K highmem
Apr 17 14:31:36 vader-rover kernel: [    0.000000] Virtual kernel memory layout:
Apr 17 14:31:36 vader-rover kernel: [    0.000000]     vector  : 0xffff0000 - 0xffff1000   (   4 kB)
Apr 17 14:31:36 vader-rover kernel: [    0.000000]     fixmap  : 0xfff00000 - 0xfffe0000   ( 896 kB)
Apr 17 14:31:36 vader-rover kernel: [    0.000000]     vmalloc : 0xe0800000 - 0xff000000   ( 488 MB)
Apr 17 14:31:36 vader-rover kernel: [    0.000000]     lowmem  : 0xc0000000 - 0xe0000000   ( 512 MB)
Apr 17 14:31:36 vader-rover kernel: [    0.000000]     pkmap   : 0xbfe00000 - 0xc0000000   (   2 MB)
Apr 17 14:31:36 vader-rover kernel: [    0.000000]     modules : 0xbf000000 - 0xbfe00000   (  14 MB)
Apr 17 14:31:36 vader-rover kernel: [    0.000000]       .text : 0xc0008000 - 0xc067abfc   (6603 kB)
Apr 17 14:31:36 vader-rover kernel: [    0.000000]       .init : 0xc067b000 - 0xc06b2000   ( 220 kB)
Apr 17 14:31:36 vader-rover kernel: [    0.000000]       .data : 0xc06b2000 - 0xc071b268   ( 421 kB)
Apr 17 14:31:36 vader-rover kernel: [    0.000000]        .bss : 0xc071b28c - 0xc07a6020   ( 556 kB)
Apr 17 14:31:36 vader-rover kernel: [    0.000000] NR_IRQS:474
Apr 17 14:31:36 vader-rover kernel: [    0.000000] IRQ: Found an INTC at 0xfa200000 (revision 4.0) with 96 interrupts
Apr 17 14:31:36 vader-rover kernel: [    0.000000] Total of 96 interrupts on 1 active controller
Apr 17 14:31:36 vader-rover kernel: [    0.000000] OMAP clockevent source: GPTIMER1 at 32768 Hz
Apr 17 14:31:36 vader-rover kernel: [    0.000000] sched_clock: 32 bits at 32kHz, resolution 30517ns, wraps every 131071999ms
Apr 17 14:31:36 vader-rover kernel: [    0.000000] OMAP clocksource: 32k_counter at 32768 Hz
Apr 17 14:31:36 vader-rover kernel: [    0.000000] Console: colour dummy device 80x30
Apr 17 14:31:36 vader-rover kernel: [    0.000000] console [tty0] enabled
Apr 17 14:31:36 vader-rover kernel: [    0.001007] Calibrating delay loop... 597.64 BogoMIPS (lpj=2334720)
Apr 17 14:31:36 vader-rover kernel: [    0.039123] pid_max: default: 32768 minimum: 301
Apr 17 14:31:36 vader-rover kernel: [    0.039337] Security Framework initialized
Apr 17 14:31:36 vader-rover kernel: [    0.039459] Mount-cache hash table entries: 512
Apr 17 14:31:36 vader-rover kernel: [    0.040252] Initializing cgroup subsys debug
Apr 17 14:31:36 vader-rover kernel: [    0.040313] Initializing cgroup subsys cpuacct
Apr 17 14:31:36 vader-rover kernel: [    0.040344] Initializing cgroup subsys memory
Apr 17 14:31:36 vader-rover kernel: [    0.040405] Initializing cgroup subsys devices
Apr 17 14:31:36 vader-rover kernel: [    0.040435] Initializing cgroup subsys freezer
Apr 17 14:31:36 vader-rover kernel: [    0.040466] Initializing cgroup subsys perf_event
Apr 17 14:31:36 vader-rover kernel: [    0.040588] CPU: Testing write buffer coherency: ok
Apr 17 14:31:36 vader-rover kernel: [    0.040924] Setting up static identity map for 0x8046ea98 - 0x8046eaf0
Apr 17 14:31:36 vader-rover kernel: [    0.046112] devtmpfs: initialized
Apr 17 14:31:36 vader-rover kernel: [    0.050903] dummy: 
Apr 17 14:31:36 vader-rover kernel: [    0.051300] NET: Registered protocol family 16
Apr 17 14:31:36 vader-rover kernel: [    0.051757] GPMC revision 5.0
Apr 17 14:31:36 vader-rover kernel: [    0.051818] gpmc: irq-20 could not claim: err -22
Apr 17 14:31:36 vader-rover kernel: [    0.053497] gpiochip_add: registered GPIOs 0 to 31 on device: gpio
Apr 17 14:31:36 vader-rover kernel: [    0.053588] OMAP GPIO hardware version 2.5
Apr 17 14:31:36 vader-rover kernel: [    0.053833] gpiochip_add: registered GPIOs 32 to 63 on device: gpio
Apr 17 14:31:36 vader-rover kernel: [    0.054107] gpiochip_add: registered GPIOs 64 to 95 on device: gpio
Apr 17 14:31:36 vader-rover kernel: [    0.054382] gpiochip_add: registered GPIOs 96 to 127 on device: gpio
Apr 17 14:31:36 vader-rover kernel: [    0.054687] gpiochip_add: registered GPIOs 128 to 159 on device: gpio
Apr 17 14:31:36 vader-rover kernel: [    0.055084] gpiochip_add: registered GPIOs 160 to 191 on device: gpio
Apr 17 14:31:36 vader-rover kernel: [    0.056030] omap_mux_init: Add partition: #1: core, flags: 0
Apr 17 14:31:36 vader-rover kernel: [    0.061004] _omap_mux_get_by_name: Could not find signal uart4_rx.uart4_rx
Apr 17 14:31:36 vader-rover kernel: [    0.066894] Reprogramming SDRC clock to 332000000 Hz
Apr 17 14:31:36 vader-rover kernel: [    0.066925] dpll3_m2_clk rate change failed: -22
Apr 17 14:31:36 vader-rover kernel: [    0.066955] Found NAND on CS0
Apr 17 14:31:36 vader-rover kernel: [    0.066986] Registering NAND on CS0
Apr 17 14:31:36 vader-rover kernel: [    0.068176]  usbhs_omap: alias fck already exists
Apr 17 14:31:36 vader-rover kernel: [    0.075683] hw-breakpoint: debug architecture 0x4 unsupported.
Apr 17 14:31:36 vader-rover kernel: [    0.078765]  omap-mcbsp.2: alias fck already exists
Apr 17 14:31:36 vader-rover kernel: [    0.078979]  omap-mcbsp.3: alias fck already exists
Apr 17 14:31:36 vader-rover kernel: [    0.080047] Switched to new clocking rate (Crystal/Core/MPU): 26.0/332/720 MHz
Apr 17 14:31:36 vader-rover kernel: [    0.080291] OMAP DMA hardware revision 5.0
Apr 17 14:31:36 vader-rover kernel: [    0.087280] bio: create slab <bio-0> at 0
Apr 17 14:31:36 vader-rover kernel: [    0.088012] fixed-dummy: 
Apr 17 14:31:36 vader-rover kernel: [    0.088104] reg-fixed-voltage reg-fixed-voltage.0: fixed-dummy supplying 0uV
Apr 17 14:31:36 vader-rover kernel: [    0.088287] vads7846: override min_uV, 1 -> 3300000
Apr 17 14:31:36 vader-rover kernel: [    0.088287] vads7846: override max_uV, 2147483647 -> 3300000
Apr 17 14:31:36 vader-rover kernel: [    0.088317] vads7846: 3300 mV 
Apr 17 14:31:36 vader-rover kernel: [    0.088409] reg-fixed-voltage reg-fixed-voltage.1: vads7846 supplying 3300000uV
Apr 17 14:31:36 vader-rover kernel: [    0.089019] SCSI subsystem initialized
Apr 17 14:31:36 vader-rover kernel: [    0.089294] usbcore: registered new interface driver usbfs
Apr 17 14:31:36 vader-rover kernel: [    0.089447] usbcore: registered new interface driver hub
Apr 17 14:31:36 vader-rover kernel: [    0.089660] usbcore: registered new device driver usb
Apr 17 14:31:36 vader-rover kernel: [    0.090087] omap_i2c omap_i2c.1: bus 1 rev1.4.0 at 2600 kHz
Apr 17 14:31:36 vader-rover kernel: [    0.092620] twl 1-0048: PIH (irq 7) chaining IRQs 320..328
Apr 17 14:31:36 vader-rover kernel: [    0.092773] twl 1-0048: power (irq 325) chaining IRQs 328..335
Apr 17 14:31:36 vader-rover kernel: [    0.093353] twl4030_gpio twl4030_gpio: gpio (irq 320) chaining IRQs 336..353
Apr 17 14:31:36 vader-rover kernel: [    0.093658] gpiochip_add: registered GPIOs 192 to 211 on device: twl4030
Apr 17 14:31:36 vader-rover kernel: [    0.094390] VUSB1V5: override min_uV, 1 -> 1500000
Apr 17 14:31:36 vader-rover kernel: [    0.094421] VUSB1V5: override max_uV, 2147483647 -> 1500000
Apr 17 14:31:36 vader-rover kernel: [    0.094421] VUSB1V5: 1500 mV normal standby
Apr 17 14:31:36 vader-rover kernel: [    0.094879] VUSB1V8: override min_uV, 1 -> 1800000
Apr 17 14:31:36 vader-rover kernel: [    0.094879] VUSB1V8: override max_uV, 2147483647 -> 1800000
Apr 17 14:31:36 vader-rover kernel: [    0.094909] VUSB1V8: 1800 mV normal standby
Apr 17 14:31:36 vader-rover kernel: [    0.095306] VUSB3V1: override min_uV, 1 -> 3100000
Apr 17 14:31:36 vader-rover kernel: [    0.095306] VUSB3V1: override max_uV, 2147483647 -> 3100000
Apr 17 14:31:36 vader-rover kernel: [    0.095336] VUSB3V1: 3100 mV normal standby
Apr 17 14:31:36 vader-rover kernel: [    0.096771] twl4030_usb twl4030_usb: HW_CONDITIONS 0x10/16; link 0
Apr 17 14:31:36 vader-rover kernel: [    0.096984] twl4030_usb twl4030_usb: Initialized TWL4030 USB module
Apr 17 14:31:36 vader-rover kernel: [    0.097473] vdd_mpu_iva: 600 <--> 1450 mV normal 
Apr 17 14:31:36 vader-rover kernel: [    0.097900] vdd_core: 600 <--> 1450 mV normal 
Apr 17 14:31:36 vader-rover kernel: [    0.098358] VMMC1: 1850 <--> 3150 mV at 3000 mV normal standby
Apr 17 14:31:36 vader-rover kernel: [    0.098876] VDAC: 1800 mV normal standby
Apr 17 14:31:36 vader-rover kernel: [    0.099365] VDVI: 1800 mV normal standby
Apr 17 14:31:36 vader-rover kernel: [    0.109466] omap_i2c omap_i2c.3: bus 3 rev1.4.0 at 400 kHz
Apr 17 14:31:36 vader-rover kernel: [    0.110229] omap-iommu omap-iommu.0: isp registered
Apr 17 14:31:36 vader-rover kernel: [    0.110412] Advanced Linux Sound Architecture Driver Version 1.0.25.
Apr 17 14:31:36 vader-rover kernel: [    0.111267] Switching to clocksource 32k_counter
Apr 17 14:31:36 vader-rover kernel: [    0.135833] usbhs_omap usbhs_omap: xclk60mhsp2_ck set parentfailed error:-22
Apr 17 14:31:36 vader-rover kernel: [    0.136596] NET: Registered protocol family 2
Apr 17 14:31:36 vader-rover kernel: [    0.136901] IP route cache hash table entries: 4096 (order: 2, 16384 bytes)
Apr 17 14:31:36 vader-rover kernel: [    0.137420] TCP established hash table entries: 16384 (order: 5, 131072 bytes)
Apr 17 14:31:36 vader-rover kernel: [    0.137756] TCP bind hash table entries: 16384 (order: 4, 65536 bytes)
Apr 17 14:31:36 vader-rover kernel: [    0.137939] TCP: Hash tables configured (established 16384 bind 16384)
Apr 17 14:31:36 vader-rover kernel: [    0.137969] TCP: reno registered
Apr 17 14:31:36 vader-rover kernel: [    0.138000] UDP hash table entries: 256 (order: 0, 4096 bytes)
Apr 17 14:31:36 vader-rover kernel: [    0.138031] UDP-Lite hash table entries: 256 (order: 0, 4096 bytes)
Apr 17 14:31:36 vader-rover kernel: [    0.138336] NET: Registered protocol family 1
Apr 17 14:31:36 vader-rover kernel: [    0.138854] RPC: Registered named UNIX socket transport module.
Apr 17 14:31:36 vader-rover kernel: [    0.138885] RPC: Registered udp transport module.
Apr 17 14:31:36 vader-rover kernel: [    0.138916] RPC: Registered tcp transport module.
Apr 17 14:31:36 vader-rover kernel: [    0.138916] RPC: Registered tcp NFSv4.1 backchannel transport module.
Apr 17 14:31:36 vader-rover kernel: [    0.139190] Trying to unpack rootfs image as initramfs...
Apr 17 14:31:36 vader-rover kernel: [    0.284179] Freeing initrd memory: 1764K
Apr 17 14:31:36 vader-rover kernel: [    0.286529] audit: initializing netlink socket (disabled)
Apr 17 14:31:36 vader-rover kernel: [    0.286621] type=2000 audit(0.281:1): initialized
Apr 17 14:31:36 vader-rover kernel: [    0.287994] VFS: Disk quotas dquot_6.5.2
Apr 17 14:31:36 vader-rover kernel: [    0.288116] Dquot-cache hash table entries: 1024 (order 0, 4096 bytes)
Apr 17 14:31:36 vader-rover kernel: [    0.288452] NFS: Registering the id_resolver key type
Apr 17 14:31:36 vader-rover kernel: [    0.288543] Key type id_resolver registered
Apr 17 14:31:36 vader-rover kernel: [    0.289001] jffs2: version 2.2. (NAND) (SUMMARY)  Â© 2001-2006 Red Hat, Inc.
Apr 17 14:31:36 vader-rover kernel: [    0.289642] fuse init (API version 7.19)
Apr 17 14:31:36 vader-rover kernel: [    0.290161] msgmni has been set to 971
Apr 17 14:31:36 vader-rover kernel: [    0.291931] Block layer SCSI generic (bsg) driver version 0.4 loaded (major 253)
Apr 17 14:31:36 vader-rover kernel: [    0.291961] io scheduler noop registered
Apr 17 14:31:36 vader-rover kernel: [    0.291992] io scheduler deadline registered (default)
Apr 17 14:31:36 vader-rover kernel: [    0.292755] OMAP DSS rev 2.0
Apr 17 14:31:36 vader-rover kernel: [    0.295745] omap_uart.0: ttyO0 at MMIO 0x4806a000 (irq = 72) is a OMAP UART0
Apr 17 14:31:36 vader-rover kernel: [    0.296234] omap_uart.1: ttyO1 at MMIO 0x4806c000 (irq = 73) is a OMAP UART1
Apr 17 14:31:36 vader-rover kernel: [    0.296630] omap_uart.2: ttyO2 at MMIO 0x49020000 (irq = 74) is a OMAP UART2
Apr 17 14:31:36 vader-rover kernel: [    0.997619] console [ttyO2] enabled
Apr 17 14:31:36 vader-rover kernel: [    1.001708] omap_uart.3: ttyO3 at MMIO 0x49042000 (irq = 80) is a OMAP UART3
Apr 17 14:31:36 vader-rover kernel: [    1.016632] brd: module loaded
Apr 17 14:31:36 vader-rover kernel: [    1.023742] loop: module loaded
Apr 17 14:31:36 vader-rover kernel: [    1.029174] twl4030_madc twl4030_madc: clk disabled, enabling
Apr 17 14:31:36 vader-rover kernel: [    1.037139] NAND device: Manufacturer ID: 0x2c, Chip ID: 0xbc (Micron NAND 512MiB 1,8V 16-bit), page size: 2048, OOB size: 64
Apr 17 14:31:36 vader-rover kernel: [    1.061950] Creating 5 MTD partitions on "omap2-nand.0":
Apr 17 14:31:36 vader-rover kernel: [    1.067718] 0x000000000000-0x000000080000 : "xloader"
Apr 17 14:31:36 vader-rover kernel: [    1.074554] 0x000000080000-0x000000240000 : "uboot"
Apr 17 14:31:36 vader-rover kernel: [    1.081909] 0x000000240000-0x000000280000 : "uboot environment"
Apr 17 14:31:36 vader-rover kernel: [    1.089294] 0x000000280000-0x000000680000 : "linux"
Apr 17 14:31:36 vader-rover kernel: [    1.098144] 0x000000680000-0x000020000000 : "rootfs"
Apr 17 14:31:36 vader-rover kernel: [    1.456817] smsc911x: Driver version 2008-10-21
Apr 17 14:31:36 vader-rover kernel: [    1.461975] smsc911x: Driver version 2008-10-21
Apr 17 14:31:36 vader-rover kernel: [    1.467224] usbcore: registered new interface driver asix
Apr 17 14:31:36 vader-rover kernel: [    1.473022] usbcore: registered new interface driver cdc_ether
Apr 17 14:31:36 vader-rover kernel: [    1.479278] usbcore: registered new interface driver cdc_ncm
Apr 17 14:31:36 vader-rover kernel: [    1.485504] ehci_hcd: USB 2.0 'Enhanced' Host Controller (EHCI) Driver
Apr 17 14:31:36 vader-rover kernel: [    1.492431] ehci_hcd: block sizes: qh 64 qtd 96 itd 160 sitd 96
Apr 17 14:31:36 vader-rover kernel: [    1.492584] ehci-omap ehci-omap.0: failed to get ehci port1 regulator
Apr 17 14:31:36 vader-rover kernel: [    2.494232] ehci-omap ehci-omap.0: phy reset operation timed out
Apr 17 14:31:36 vader-rover kernel: [    2.494262] ehci-omap ehci-omap.0: reset hcs_params 0x1313 dbg=0 cc=1 pcc=3 ordered ports=3
Apr 17 14:31:36 vader-rover kernel: [    2.494262] ehci-omap ehci-omap.0: reset hcc_params 0016 thresh 1 uframes 256/512/1024 park
Apr 17 14:31:36 vader-rover kernel: [    2.494293] ehci-omap ehci-omap.0: reset command 0080b02  park=3 ithresh=8 period=1024 Reset HALT
Apr 17 14:31:36 vader-rover kernel: [    2.494323] ehci-omap ehci-omap.0: OMAP-EHCI Host Controller
Apr 17 14:31:36 vader-rover kernel: [    2.500579] ehci-omap ehci-omap.0: new USB bus registered, assigned bus number 1
Apr 17 14:31:36 vader-rover kernel: [    2.508483] ehci-omap ehci-omap.0: park 0
Apr 17 14:31:36 vader-rover kernel: [    2.508514] ehci-omap ehci-omap.0: irq 77, io mem 0x48064800
Apr 17 14:31:36 vader-rover kernel: [    2.514526] ehci-omap ehci-omap.0: init command 0010005 (park)=0 ithresh=1 period=512 RUN
Apr 17 14:31:36 vader-rover kernel: [    2.525543] ehci-omap ehci-omap.0: USB 2.0 started, EHCI 1.00
Apr 17 14:31:36 vader-rover kernel: [    2.531738] usb usb1: default language 0x0409
Apr 17 14:31:36 vader-rover kernel: [    2.531768] usb usb1: udev 1, busnum 1, minor = 0
Apr 17 14:31:36 vader-rover kernel: [    2.531768] usb usb1: New USB device found, idVendor=1d6b, idProduct=0002
Apr 17 14:31:36 vader-rover kernel: [    2.538940] usb usb1: New USB device strings: Mfr=3, Product=2, SerialNumber=1
Apr 17 14:31:36 vader-rover kernel: [    2.546569] usb usb1: Product: OMAP-EHCI Host Controller
Apr 17 14:31:36 vader-rover kernel: [    2.552185] usb usb1: Manufacturer: Linux 3.5.0-2-linaro-omap ehci_hcd
Apr 17 14:31:36 vader-rover kernel: [    2.559051] usb usb1: SerialNumber: ehci-omap.0
Apr 17 14:31:36 vader-rover kernel: [    2.564300] usb usb1: usb_probe_device
Apr 17 14:31:36 vader-rover kernel: [    2.564300] usb usb1: configuration #1 chosen from 1 choice
Apr 17 14:31:36 vader-rover kernel: [    2.564361] usb usb1: adding 1-0:1.0 (config #1, interface 0)
Apr 17 14:31:36 vader-rover kernel: [    2.564514] hub 1-0:1.0: usb_probe_interface
Apr 17 14:31:36 vader-rover kernel: [    2.564514] hub 1-0:1.0: usb_probe_interface - got id
Apr 17 14:31:36 vader-rover kernel: [    2.564575] hub 1-0:1.0: USB hub found
Apr 17 14:31:36 vader-rover kernel: [    2.568542] hub 1-0:1.0: 3 ports detected
Apr 17 14:31:36 vader-rover kernel: [    2.572784] hub 1-0:1.0: standalone hub
Apr 17 14:31:36 vader-rover kernel: [    2.572814] hub 1-0:1.0: individual port power switching
Apr 17 14:31:36 vader-rover kernel: [    2.572814] hub 1-0:1.0: individual port over-current protection
Apr 17 14:31:36 vader-rover kernel: [    2.572814] hub 1-0:1.0: power on to power good time: 20ms
Apr 17 14:31:36 vader-rover kernel: [    2.572845] hub 1-0:1.0: local power source is good
Apr 17 14:31:36 vader-rover kernel: [    2.572875] hub 1-0:1.0: enabling power on all ports
Apr 17 14:31:36 vader-rover kernel: [    2.573150] ehci-omap ehci-omap.0: ...powerup ports...
Apr 17 14:31:36 vader-rover kernel: [    2.603820] Initializing USB Mass Storage driver...
Apr 17 14:31:36 vader-rover kernel: [    2.609100] usbcore: registered new interface driver usb-storage
Apr 17 14:31:36 vader-rover kernel: [    2.615447] USB Mass Storage support registered.
Apr 17 14:31:36 vader-rover kernel: [    2.620330] musb-hdrc: version 6.0, ?dma?, otg (peripheral+host)
Apr 17 14:31:36 vader-rover kernel: [    2.632263] twl4030_usb twl4030_usb: twl4030_phy_resume
Apr 17 14:31:36 vader-rover kernel: [    2.632507] musb-hdrc: ConfigData=0xde (UTMI-8, dyn FIFOs, bulk combine, bulk split, HB-ISO Rx, HB-ISO Tx, SoftConn)
Apr 17 14:31:36 vader-rover kernel: [    2.632537] musb-hdrc: MHDRC RTL version 1.800 
Apr 17 14:31:36 vader-rover kernel: [    2.632537] musb-hdrc: setup fifo_mode 4
Apr 17 14:31:36 vader-rover kernel: [    2.632568] musb-hdrc: 28/31 max ep, 16384/16384 memory
Apr 17 14:31:36 vader-rover kernel: [    2.632965] musb-hdrc musb-hdrc: USB OTG mode controller at fa0ab000 using DMA, IRQ 92
Apr 17 14:31:36 vader-rover kernel: [    2.643249] twl4030_usb twl4030_usb: twl4030_phy_suspend
Apr 17 14:31:36 vader-rover kernel: [    2.643737] mousedev: PS/2 mouse device common for all mice
Apr 17 14:31:36 vader-rover kernel: [    2.650299] twl_rtc twl_rtc: Enabling TWL-RTC
Apr 17 14:31:36 vader-rover kernel: [    2.657501] twl_rtc twl_rtc: rtc core: registered twl_rtc as rtc0
Apr 17 14:31:36 vader-rover kernel: [    2.664764] i2c /dev entries driver
Apr 17 14:31:36 vader-rover kernel: [    2.669860] voltdm_scale: No voltage scale API registered for vdd_mpu_iva
Apr 17 14:31:36 vader-rover kernel: [    2.677124] ehci-omap ehci-omap.0: GetStatus port:2 status 001803 0  ACK POWER sig=j CSC CONNECT
Apr 17 14:31:36 vader-rover kernel: [    2.677154] hub 1-0:1.0: port 2: status 0501 change 0001
Apr 17 14:31:36 vader-rover kernel: [    2.677215] platform mpu.0: omap_target: unable to scale voltage up.
Apr 17 14:31:36 vader-rover kernel: [    2.683929] cpuidle: using governor ladder
Apr 17 14:31:36 vader-rover kernel: [    2.688232] cpuidle: using governor menu
Apr 17 14:31:36 vader-rover kernel: [    2.692901] omap_hsmmc omap_hsmmc.0: Failed to get debounce clk
Apr 17 14:31:36 vader-rover kernel: [    2.775604] hub 1-0:1.0: state 7 ports 3 chg 0004 evt 0000
Apr 17 14:31:36 vader-rover kernel: [    2.775665] hub 1-0:1.0: port 2, status 0501, change 0000, 480 Mb/s
Apr 17 14:31:36 vader-rover kernel: [    2.838073] ehci-omap ehci-omap.0: port 2 reset complete, port enabled
Apr 17 14:31:36 vader-rover kernel: [    2.838104] ehci-omap ehci-omap.0: GetStatus port:2 status 001005 0  ACK POWER sig=se0 PE CONNECT
Apr 17 14:31:36 vader-rover kernel: [    2.900543] usb 1-2: new high-speed USB device number 2 using ehci-omap
Apr 17 14:31:36 vader-rover kernel: [    2.963043] ehci-omap ehci-omap.0: port 2 reset complete, port enabled
Apr 17 14:31:36 vader-rover kernel: [    2.963073] ehci-omap ehci-omap.0: GetStatus port:2 status 001005 0  ACK POWER sig=se0 PE CONNECT
Apr 17 14:31:36 vader-rover kernel: [    3.057312] usb 1-2: default language 0x0409
Apr 17 14:31:36 vader-rover kernel: [    3.057434] usb 1-2: udev 2, busnum 1, minor = 1
Apr 17 14:31:36 vader-rover kernel: [    3.057434] usb 1-2: New USB device found, idVendor=050d, idProduct=0237
Apr 17 14:31:36 vader-rover kernel: [    3.064514] usb 1-2: New USB device strings: Mfr=0, Product=1, SerialNumber=0
Apr 17 14:31:36 vader-rover kernel: [    3.072021] usb 1-2: Product: USB 2.0 Hub [MTT]
Apr 17 14:31:36 vader-rover kernel: [    3.077331] omap_hsmmc omap_hsmmc.1: Failed to get debounce clk
Apr 17 14:31:36 vader-rover kernel: [    3.084106] usb 1-2: usb_probe_device
Apr 17 14:31:36 vader-rover kernel: [    3.084136] usb 1-2: configuration #1 chosen from 1 choice
Apr 17 14:31:36 vader-rover kernel: [    3.084381] usb 1-2: adding 1-2:1.0 (config #1, interface 0)
Apr 17 14:31:36 vader-rover kernel: [    3.084533] hub 1-2:1.0: usb_probe_interface
Apr 17 14:31:36 vader-rover kernel: [    3.084564] hub 1-2:1.0: usb_probe_interface - got id
Apr 17 14:31:36 vader-rover kernel: [    3.084564] hub 1-2:1.0: USB hub found
Apr 17 14:31:36 vader-rover kernel: [    3.091430] hub 1-2:1.0: 7 ports detected
Apr 17 14:31:36 vader-rover kernel: [    3.095672] hub 1-2:1.0: standalone hub
Apr 17 14:31:36 vader-rover kernel: [    3.095672] hub 1-2:1.0: ganged power switching
Apr 17 14:31:36 vader-rover kernel: [    3.095703] hub 1-2:1.0: individual port over-current protection
Apr 17 14:31:36 vader-rover kernel: [    3.096008] hub 1-2:1.0: TT per port
Apr 17 14:31:36 vader-rover kernel: [    3.096038] hub 1-2:1.0: TT requires at most 8 FS bit times (666 ns)
Apr 17 14:31:36 vader-rover kernel: [    3.096038] hub 1-2:1.0: Port indicators are supported
Apr 17 14:31:36 vader-rover kernel: [    3.096069] hub 1-2:1.0: power on to power good time: 100ms
Apr 17 14:31:36 vader-rover kernel: [    3.096313] hub 1-2:1.0: local power source is good
Apr 17 14:31:36 vader-rover kernel: [    3.096343] hub 1-2:1.0: enabling power on all ports
Apr 17 14:31:36 vader-rover kernel: [    3.135345] Registered led device: overo:red:gpio21
Apr 17 14:31:36 vader-rover kernel: [    3.135467] Registered led device: overo:blue:gpio22
Apr 17 14:31:36 vader-rover kernel: [    3.136138] Registered led device: overo:blue:COM
Apr 17 14:31:36 vader-rover kernel: [    3.137603] usbcore: registered new interface driver usbhid
Apr 17 14:31:36 vader-rover kernel: [    3.143615] usbhid: USB HID core driver
Apr 17 14:31:36 vader-rover kernel: [    3.148681] usbcore: registered new interface driver snd-usb-audio
Apr 17 14:31:36 vader-rover kernel: [    3.156433] overo SoC init
Apr 17 14:31:36 vader-rover kernel: [    3.159515] soc-audio soc-audio: ASoC machine overo should use snd_soc_register_card()
Apr 17 14:31:36 vader-rover kernel: [    3.197570] hub 1-2:1.0: port 1: status 0101 change 0001
Apr 17 14:31:36 vader-rover kernel: [    3.197784] hub 1-2:1.0: port 2: status 0101 change 0001
Apr 17 14:31:36 vader-rover kernel: [    3.198150] hub 1-2:1.0: port 4: status 0101 change 0001
Apr 17 14:31:36 vader-rover kernel: [    3.198516] hub 1-2:1.0: port 6: status 0101 change 0001
Apr 17 14:31:36 vader-rover kernel: [    3.198791] hub 1-2:1.0: port 7: status 0101 change 0001
Apr 17 14:31:36 vader-rover kernel: [    3.247894] twl4030-codec twl4030-codec: ASoC: Failed to create Capture debugfs file
Apr 17 14:31:36 vader-rover kernel: [    3.259002] asoc: twl4030-hifi <-> omap-mcbsp.2 mapping ok
Apr 17 14:31:36 vader-rover kernel: [    3.269042] oprofile: hardware counters not available
Apr 17 14:31:36 vader-rover kernel: [    3.274383] oprofile: using timer interrupt.
Apr 17 14:31:36 vader-rover kernel: [    3.279296] TCP: cubic registered
Apr 17 14:31:36 vader-rover kernel: [    3.282806] NET: Registered protocol family 17
Apr 17 14:31:36 vader-rover kernel: [    3.287719] NET: Registered protocol family 15
Apr 17 14:31:36 vader-rover kernel: [    3.292724] Key type dns_resolver registered
Apr 17 14:31:36 vader-rover kernel: [    3.300659] usb 1-2: link qh256-0001/de6afa80 start 1 [1/0 us]
Apr 17 14:31:36 vader-rover kernel: [    3.300689] hub 1-2:1.0: state 7 ports 7 chg 00d6 evt 0000
Apr 17 14:31:36 vader-rover kernel: [    3.297515] VFP support v0.3: implementor 41 architecture 3 part 30 variant c rev 3
Apr 17 14:31:36 vader-rover kernel: [    3.305877] hub 1-2:1.0: port 1, status 0101, change 0000, 12 Mb/s
Apr 17 14:31:36 vader-rover kernel: [    3.310516] ThumbEE CPU extension supported.
Apr 17 14:31:36 vader-rover kernel: [    3.315246] sr_init: No PMIC hook to init smartreflex
Apr 17 14:31:36 vader-rover kernel: [    3.320983] smartreflex smartreflex.0: omap_sr_probe: SmartReflex driver initialized
Apr 17 14:31:36 vader-rover kernel: [    3.329559] smartreflex smartreflex.1: omap_sr_probe: SmartReflex driver initialized
Apr 17 14:31:36 vader-rover kernel: [    3.344696] clock: disabling unused clocks to save power
Apr 17 14:31:36 vader-rover kernel: [    3.351318] registered taskstats version 1
Apr 17 14:31:36 vader-rover kernel: [    3.356475] fbcvt: 1024x768@60: CVT Name - .786M3-R
Apr 17 14:31:36 vader-rover kernel: [    3.381164] Console: switching to colour frame buffer device 128x48
Apr 17 14:31:36 vader-rover kernel: [    3.385223] usb 1-2.1: new high-speed USB device number 3 using ehci-omap
Apr 17 14:31:36 vader-rover kernel: [    3.406768] VDAC: incomplete constraints, leaving on
Apr 17 14:31:36 vader-rover kernel: [    3.415100] twl_rtc twl_rtc: setting system clock to 2014-04-17 18:31:26 UTC (1397759486)
Apr 17 14:31:36 vader-rover kernel: [    3.424011] ALSA device list:
Apr 17 14:31:36 vader-rover kernel: [    3.427185]   #0: overo
Apr 17 14:31:36 vader-rover kernel: [    3.430450] Freeing init memory: 220K
Apr 17 14:31:36 vader-rover kernel: [    3.507354] usb 1-2.1: default language 0x0409
Apr 17 14:31:36 vader-rover kernel: [    3.517486] usb 1-2.1: udev 3, busnum 1, minor = 2
Apr 17 14:31:36 vader-rover kernel: [    3.517517] usb 1-2.1: New USB device found, idVendor=1e10, idProduct=2004
Apr 17 14:31:36 vader-rover kernel: [    3.530792] usb 1-2.1: New USB device strings: Mfr=1, Product=2, SerialNumber=3
Apr 17 14:31:36 vader-rover kernel: [    3.545135] usb 1-2.1: Product: USB 2.0 Digital Imaging Camera
Apr 17 14:31:36 vader-rover kernel: [    3.557708] usb 1-2.1: Manufacturer: Point Grey Research
Apr 17 14:31:36 vader-rover kernel: [    3.563415] usb 1-2.1: SerialNumber: 00BB1D77
Apr 17 14:31:36 vader-rover kernel: [    3.579833] usb 1-2.1: usb_probe_device
Apr 17 14:31:36 vader-rover kernel: [    3.579864] usb 1-2.1: configuration #1 chosen from 1 choice
Apr 17 14:31:36 vader-rover kernel: [    3.580535] usb 1-2.1: adding 1-2.1:1.0 (config #1, interface 0)
Apr 17 14:31:36 vader-rover kernel: [    3.581481] hub 1-2:1.0: port 2, status 0101, change 0000, 12 Mb/s
Apr 17 14:31:36 vader-rover kernel: [    3.585235] mmc0: host does not support reading read-only switch. assuming write-enable.
Apr 17 14:31:36 vader-rover kernel: [    3.606597] mmc0: new high speed SDXC card at address 59b4
Apr 17 14:31:36 vader-rover kernel: [    3.628723] mmcblk0: mmc0:59b4       59.6 GiB 
Apr 17 14:31:36 vader-rover kernel: [    3.658508]  mmcblk0: p1 p2
Apr 17 14:31:36 vader-rover kernel: [    3.666442] usb 1-2.2: new high-speed USB device number 4 using ehci-omap
Apr 17 14:31:36 vader-rover kernel: [    3.720977] mmc1: new SDIO card at address 0001
Apr 17 14:31:36 vader-rover kernel: [    3.823944] usb 1-2.2: default language 0x0409
Apr 17 14:31:36 vader-rover kernel: [    3.824829] usb 1-2.2: udev 4, busnum 1, minor = 3
Apr 17 14:31:36 vader-rover kernel: [    3.824829] usb 1-2.2: New USB device found, idVendor=0bda, idProduct=8178
Apr 17 14:31:36 vader-rover kernel: [    3.859100] usb 1-2.2: New USB device strings: Mfr=1, Product=2, SerialNumber=3
Apr 17 14:31:36 vader-rover kernel: [    3.898193] usb 1-2.2: Product: USB WLAN
Apr 17 14:31:36 vader-rover kernel: [    3.916259] usb 1-2.2: Manufacturer: Realtek
Apr 17 14:31:36 vader-rover kernel: [    3.931488] usb 1-2.2: SerialNumber: 00e04c000001
Apr 17 14:31:36 vader-rover kernel: [    3.947967] usb 1-2.2: usb_probe_device
Apr 17 14:31:36 vader-rover kernel: [    3.947998] usb 1-2.2: configuration #1 chosen from 1 choice
Apr 17 14:31:36 vader-rover kernel: [    3.955139] usb 1-2.2: adding 1-2.2:1.0 (config #1, interface 0)
Apr 17 14:31:36 vader-rover kernel: [    3.956359] hub 1-2:1.0: port 4, status 0101, change 0000, 12 Mb/s
Apr 17 14:31:36 vader-rover kernel: [    4.041473] usb 1-2.4: new full-speed USB device number 5 using ehci-omap
Apr 17 14:31:36 vader-rover kernel: [    4.182952] usb 1-2.4: default language 0x0409
Apr 17 14:31:36 vader-rover kernel: [    4.183441] usb 1-2.4: udev 5, busnum 1, minor = 4
Apr 17 14:31:36 vader-rover kernel: [    4.183471] usb 1-2.4: New USB device found, idVendor=067b, idProduct=2303
Apr 17 14:31:36 vader-rover kernel: [    4.204254] usb 1-2.4: New USB device strings: Mfr=1, Product=2, SerialNumber=0
Apr 17 14:31:36 vader-rover kernel: [    4.230316] usb 1-2.4: Product: USB-Serial Controller D
Apr 17 14:31:36 vader-rover kernel: [    4.252258] usb 1-2.4: Manufacturer: Prolific Technology Inc. 
Apr 17 14:31:36 vader-rover kernel: [    4.271636] usb 1-2.4: usb_probe_device
Apr 17 14:31:36 vader-rover kernel: [    4.271667] usb 1-2.4: configuration #1 chosen from 1 choice
Apr 17 14:31:36 vader-rover kernel: [    4.272949] usb 1-2.4: adding 1-2.4:1.0 (config #1, interface 0)
Apr 17 14:31:36 vader-rover kernel: [    4.273834] hub 1-2:1.0: port 6, status 0101, change 0000, 12 Mb/s
Apr 17 14:31:36 vader-rover kernel: [    4.354187] usb 1-2.6: new full-speed USB device number 6 using ehci-omap
Apr 17 14:31:36 vader-rover kernel: [    4.494445] usb 1-2.6: ep0 maxpacket = 8
Apr 17 14:31:36 vader-rover kernel: [    4.496826] usb 1-2.6: default language 0x0409
Apr 17 14:31:36 vader-rover avahi-daemon[491]: Found user 'avahi' (UID 107) and group 'avahi' (GID 112).
Apr 17 14:31:36 vader-rover kernel: [    4.501464] usb 1-2.6: udev 6, busnum 1, minor = 5
Apr 17 14:31:36 vader-rover kernel: [    4.501495] usb 1-2.6: New USB device found, idVendor=0403, idProduct=6001
Apr 17 14:31:36 vader-rover kernel: [    4.540679] usb 1-2.6: New USB device strings: Mfr=1, Product=2, SerialNumber=3
Apr 17 14:31:36 vader-rover kernel: [    4.577545] usb 1-2.6: Product: FT232R USB UART
Apr 17 14:31:36 vader-rover kernel: [    4.607482] usb 1-2.6: Manufacturer: FTDI
Apr 17 14:31:36 vader-rover kernel: [    4.623107] usb 1-2.6: SerialNumber: A702LYT7
Apr 17 14:31:36 vader-rover kernel: [    4.641540] usb 1-2.6: usb_probe_device
Apr 17 14:31:36 vader-rover kernel: [    4.641571] usb 1-2.6: configuration #1 chosen from 1 choice
Apr 17 14:31:36 vader-rover kernel: [    4.643218] usb 1-2.6: adding 1-2.6:1.0 (config #1, interface 0)
Apr 17 14:31:36 vader-rover kernel: [    4.646331] hub 1-2:1.0: port 7, status 0101, change 0000, 12 Mb/s
Apr 17 14:31:36 vader-rover kernel: [    4.729187] usb 1-2.7: new high-speed USB device number 7 using ehci-omap
Apr 17 14:31:36 vader-rover kernel: [    4.858825] usb 1-2.7: default language 0x0409
Apr 17 14:31:36 vader-rover kernel: [    4.867828] usb 1-2.7: udev 7, busnum 1, minor = 6
Apr 17 14:31:36 vader-rover kernel: [    4.867858] usb 1-2.7: New USB device found, idVendor=1e10, idProduct=2004
Apr 17 14:31:36 vader-rover kernel: [    4.880340] usb 1-2.7: New USB device strings: Mfr=1, Product=2, SerialNumber=3
Apr 17 14:31:36 vader-rover kernel: [    4.892395] usb 1-2.7: Product: USB 2.0 Digital Imaging Camera
Apr 17 14:31:36 vader-rover kernel: [    4.903289] usb 1-2.7: Manufacturer: Point Grey Research
Apr 17 14:31:36 vader-rover kernel: [    4.913177] usb 1-2.7: SerialNumber: 00CAABB3
Apr 17 14:31:36 vader-rover kernel: [    4.923889] usb 1-2.7: usb_probe_device
Apr 17 14:31:36 vader-rover kernel: [    4.924926] usb 1-2.7: configuration #1 chosen from 1 choice
Apr 17 14:31:36 vader-rover kernel: [    4.925903] usb 1-2.7: adding 1-2.7:1.0 (config #1, interface 0)
Apr 17 14:31:36 vader-rover kernel: [    4.926422] hub 1-2:1.0: state 7 ports 7 chg 0000 evt 0080
Apr 17 14:31:36 vader-rover kernel: [    6.264007] end_request: I/O error, dev mtdblock0, sector 0
Apr 17 14:31:36 vader-rover kernel: [    6.273620] Buffer I/O error on device mtdblock0, logical block 0
Apr 17 14:31:36 vader-rover kernel: [    6.390594] end_request: I/O error, dev mtdblock0, sector 0
Apr 17 14:31:36 vader-rover kernel: [    6.400146] Buffer I/O error on device mtdblock0, logical block 0
Apr 17 14:31:36 vader-rover kernel: [    6.471008] end_request: I/O error, dev mtdblock0, sector 0
Apr 17 14:31:36 vader-rover kernel: [    6.480621] Buffer I/O error on device mtdblock0, logical block 0
Apr 17 14:31:36 vader-rover kernel: [    6.547119] end_request: I/O error, dev mtdblock0, sector 0
Apr 17 14:31:36 vader-rover kernel: [    6.556701] Buffer I/O error on device mtdblock0, logical block 0
Apr 17 14:31:36 vader-rover kernel: [    6.661346] end_request: I/O error, dev mtdblock0, sector 0
Apr 17 14:31:36 vader-rover kernel: [    6.670928] Buffer I/O error on device mtdblock0, logical block 0
Apr 17 14:31:36 vader-rover kernel: [    6.754211] end_request: I/O error, dev mtdblock0, sector 0
Apr 17 14:31:36 vader-rover kernel: [    6.763763] Buffer I/O error on device mtdblock0, logical block 0
Apr 17 14:31:36 vader-rover kernel: [    6.814758] end_request: I/O error, dev mtdblock0, sector 0
Apr 17 14:31:36 vader-rover kernel: [    6.824340] Buffer I/O error on device mtdblock0, logical block 0
Apr 17 14:31:36 vader-rover kernel: [    6.871215] end_request: I/O error, dev mtdblock0, sector 0
Apr 17 14:31:36 vader-rover kernel: [    6.880828] Buffer I/O error on device mtdblock0, logical block 0
Apr 17 14:31:36 vader-rover kernel: [    6.939636] end_request: I/O error, dev mtdblock0, sector 0
Apr 17 14:31:36 vader-rover kernel: [    6.949310] Buffer I/O error on device mtdblock0, logical block 0
Apr 17 14:31:36 vader-rover kernel: [    6.992706] end_request: I/O error, dev mtdblock0, sector 0
Apr 17 14:31:36 vader-rover kernel: [    7.002319] Buffer I/O error on device mtdblock0, logical block 0
Apr 17 14:31:36 vader-rover kernel: [    7.046295] end_request: I/O error, dev mtdblock0, sector 0
Apr 17 14:31:36 vader-rover kernel: [    7.080474] end_request: I/O error, dev mtdblock0, sector 0
Apr 17 14:31:36 vader-rover kernel: [    7.105834] end_request: I/O error, dev mtdblock0, sector 0
Apr 17 14:31:36 vader-rover kernel: [    7.125396] ads7846 spi1.0: touchscreen, irq 210
Apr 17 14:31:36 vader-rover kernel: [    7.127166] ads7846 spi1.0: no device detected, test read result was 0x00000FFF
Apr 17 14:31:36 vader-rover kernel: [    7.129638] end_request: I/O error, dev mtdblock0, sector 0
Apr 17 14:31:36 vader-rover kernel: [    7.150970] Linux media interface: v0.10
Apr 17 14:31:36 vader-rover kernel: [    7.162048] end_request: I/O error, dev mtdblock0, sector 0
Apr 17 14:31:36 vader-rover kernel: [    7.184722] end_request: I/O error, dev mtdblock0, sector 0
Apr 17 14:31:36 vader-rover kernel: [    7.210510] end_request: I/O error, dev mtdblock0, sector 0
Apr 17 14:31:36 vader-rover kernel: [    7.233428] Linux video capture interface: v2.00
Apr 17 14:31:36 vader-rover kernel: [    7.236694] end_request: I/O error, dev mtdblock0, sector 8
Apr 17 14:31:36 vader-rover kernel: [    7.259765] end_request: I/O error, dev mtdblock0, sector 8
Apr 17 14:31:36 vader-rover kernel: [    7.291809] end_request: I/O error, dev mtdblock0, sector 8
Apr 17 14:31:36 vader-rover kernel: [    7.316101] end_request: I/O error, dev mtdblock0, sector 8
Apr 17 14:31:36 vader-rover kernel: [    7.346618] end_request: I/O error, dev mtdblock0, sector 24
Apr 17 14:31:36 vader-rover kernel: [    7.374938] end_request: I/O error, dev mtdblock0, sector 24
Apr 17 14:31:36 vader-rover kernel: [    7.387451] omap3isp omap3isp: Revision 15.0 found
Apr 17 14:31:36 vader-rover kernel: [    7.394348] omap-iommu omap-iommu.0: isp: version 1.1
Apr 17 14:31:36 vader-rover kernel: [    7.404632] end_request: I/O error, dev mtdblock0, sector 24
Apr 17 14:31:36 vader-rover kernel: [    7.435363] end_request: I/O error, dev mtdblock0, sector 24
Apr 17 14:31:36 vader-rover kernel: [    7.469024] end_request: I/O error, dev mtdblock0, sector 56
Apr 17 14:31:36 vader-rover kernel: [    7.481750] lib80211: common routines for IEEE802.11 drivers
Apr 17 14:31:36 vader-rover kernel: [    7.481781] lib80211_crypt: registered algorithm 'NULL'
Apr 17 14:31:36 vader-rover kernel: [    7.499572] mt9v032 3-005c: Probing MT9V032 at address 0x5c
Apr 17 14:31:36 vader-rover kernel: [    7.499786] mt9v032 3-005c: MT9V032 power up failed
Apr 17 14:31:36 vader-rover kernel: [    7.508056] end_request: I/O error, dev mtdblock0, sector 56
Apr 17 14:31:36 vader-rover kernel: [    7.519927] end_request: I/O error, dev mtdblock0, sector 56
Apr 17 14:31:36 vader-rover kernel: [    7.543121] end_request: I/O error, dev mtdblock0, sector 56
Apr 17 14:31:36 vader-rover kernel: [    7.566864] end_request: I/O error, dev mtdblock0, sector 120
Apr 17 14:31:36 vader-rover kernel: [    7.595275] end_request: I/O error, dev mtdblock0, sector 120
Apr 17 14:31:36 vader-rover kernel: [    7.609802] end_request: I/O error, dev mtdblock0, sector 120
Apr 17 14:31:36 vader-rover kernel: [    7.633728] end_request: I/O error, dev mtdblock0, sector 120
Apr 17 14:31:36 vader-rover kernel: [    7.665435] end_request: I/O error, dev mtdblock0, sector 0
Apr 17 14:31:36 vader-rover kernel: [    7.681549] isp_register_subdev_group: Unable to register subdev mt9v032
Apr 17 14:31:36 vader-rover kernel: [    7.691772] end_request: I/O error, dev mtdblock0, sector 0
Apr 17 14:31:36 vader-rover kernel: [    7.707000] end_request: I/O error, dev mtdblock0, sector 8
Apr 17 14:31:36 vader-rover kernel: [    7.716400] cfg80211: Calling CRDA to update world regulatory domain
Apr 17 14:31:36 vader-rover kernel: [    7.734466] end_request: I/O error, dev mtdblock0, sector 8
Apr 17 14:31:36 vader-rover kernel: [    7.762969] end_request: I/O error, dev mtdblock0, sector 24
Apr 17 14:31:36 vader-rover kernel: [    7.791625] end_request: I/O error, dev mtdblock0, sector 24
Apr 17 14:31:36 vader-rover kernel: [    7.818084] end_request: I/O error, dev mtdblock0, sector 56
Apr 17 14:31:36 vader-rover kernel: [    7.845642] end_request: I/O error, dev mtdblock0, sector 56
Apr 17 14:31:36 vader-rover kernel: [    7.871887] end_request: I/O error, dev mtdblock0, sector 120
Apr 17 14:31:36 vader-rover kernel: [    7.899047] end_request: I/O error, dev mtdblock0, sector 120
Apr 17 14:31:36 vader-rover kernel: [    7.912384] libertas_sdio: Libertas SDIO driver
Apr 17 14:31:36 vader-rover kernel: [    7.912414] libertas_sdio: Copyright Pierre Ossman
Apr 17 14:31:36 vader-rover kernel: [    7.924804] end_request: I/O error, dev mtdblock0, sector 0
Apr 17 14:31:36 vader-rover kernel: [    7.950225] end_request: I/O error, dev mtdblock0, sector 0
Apr 17 14:31:36 vader-rover kernel: [    7.974792] end_request: I/O error, dev mtdblock0, sector 0
Apr 17 14:31:36 vader-rover kernel: [    7.999328] end_request: I/O error, dev mtdblock0, sector 0
Apr 17 14:31:36 vader-rover kernel: [    8.027252] end_request: I/O error, dev mtdblock0, sector 0
Apr 17 14:31:36 vader-rover kernel: [    8.049194] end_request: I/O error, dev mtdblock0, sector 0
Apr 17 14:31:36 vader-rover kernel: [    8.064239] end_request: I/O error, dev mtdblock0, sector 64
Apr 17 14:31:36 vader-rover kernel: [    8.086944] end_request: I/O error, dev mtdblock0, sector 64
Apr 17 14:31:36 vader-rover kernel: [    8.096984] end_request: I/O error, dev mtdblock0, sector 64
Apr 17 14:31:36 vader-rover kernel: [    8.119476] end_request: I/O error, dev mtdblock0, sector 64
Apr 17 14:31:36 vader-rover kernel: [    8.135131] end_request: I/O error, dev mtdblock0, sector 64
Apr 17 14:31:36 vader-rover kernel: [    8.152526] end_request: I/O error, dev mtdblock0, sector 64
Apr 17 14:31:36 vader-rover kernel: [    8.173583] end_request: I/O error, dev mtdblock0, sector 64
Apr 17 14:31:36 vader-rover kernel: [    8.212768] end_request: I/O error, dev mtdblock0, sector 64
Apr 17 14:31:36 vader-rover kernel: [    8.246032] end_request: I/O error, dev mtdblock0, sector 64
Apr 17 14:31:36 vader-rover kernel: [    8.288177] end_request: I/O error, dev mtdblock0, sector 0
Apr 17 14:31:36 vader-rover kernel: [    8.316864] end_request: I/O error, dev mtdblock0, sector 0
Apr 17 14:31:36 vader-rover kernel: [    8.345977] end_request: I/O error, dev mtdblock0, sector 0
Apr 17 14:31:36 vader-rover kernel: [    8.361389] end_request: I/O error, dev mtdblock0, sector 0
Apr 17 14:31:36 vader-rover kernel: [    8.385253] end_request: I/O error, dev mtdblock0, sector 0
Apr 17 14:31:36 vader-rover kernel: [    8.404052] end_request: I/O error, dev mtdblock0, sector 16
Apr 17 14:31:36 vader-rover kernel: [    8.424163] end_request: I/O error, dev mtdblock0, sector 0
Apr 17 14:31:36 vader-rover kernel: [    8.442504] end_request: I/O error, dev mtdblock0, sector 0
Apr 17 14:31:36 vader-rover kernel: [    8.458526] end_request: I/O error, dev mtdblock0, sector 0
Apr 17 14:31:36 vader-rover kernel: [    8.480621] end_request: I/O error, dev mtdblock0, sector 0
Apr 17 14:31:36 vader-rover kernel: [    8.500854] end_request: I/O error, dev mtdblock0, sector 0
Apr 17 14:31:36 vader-rover kernel: [    8.524108] end_request: I/O error, dev mtdblock0, sector 0
Apr 17 14:31:36 vader-rover kernel: [    8.545349] end_request: I/O error, dev mtdblock0, sector 0
Apr 17 14:31:36 vader-rover kernel: [    8.567657] end_request: I/O error, dev mtdblock0, sector 0
Apr 17 14:31:36 vader-rover kernel: [    8.592620] end_request: I/O error, dev mtdblock0, sector 0
Apr 17 14:31:36 vader-rover kernel: [    8.606811] end_request: I/O error, dev mtdblock0, sector 0
Apr 17 14:31:36 vader-rover kernel: [    8.619476] end_request: I/O error, dev mtdblock0, sector 0
Apr 17 14:31:36 vader-rover kernel: [    8.639770] end_request: I/O error, dev mtdblock0, sector 0
Apr 17 14:31:36 vader-rover kernel: [    8.658538] end_request: I/O error, dev mtdblock0, sector 0
Apr 17 14:31:36 vader-rover kernel: [    8.673583] end_request: I/O error, dev mtdblock0, sector 0
Apr 17 14:31:36 vader-rover kernel: [    8.693389] end_request: I/O error, dev mtdblock0, sector 0
Apr 17 14:31:36 vader-rover kernel: [    8.714263] end_request: I/O error, dev mtdblock0, sector 0
Apr 17 14:31:36 vader-rover kernel: [    8.735046] end_request: I/O error, dev mtdblock0, sector 0
Apr 17 14:31:36 vader-rover kernel: [    8.757904] end_request: I/O error, dev mtdblock0, sector 0
Apr 17 14:31:36 vader-rover kernel: [    8.773162] end_request: I/O error, dev mtdblock0, sector 8
Apr 17 14:31:36 vader-rover kernel: [    8.786834] end_request: I/O error, dev mtdblock0, sector 0
Apr 17 14:31:36 vader-rover kernel: [    8.806243] end_request: I/O error, dev mtdblock0, sector 0
Apr 17 14:31:36 vader-rover kernel: [    8.821838] end_request: I/O error, dev mtdblock0, sector 0
Apr 17 14:31:36 vader-rover kernel: [    8.837097] end_request: I/O error, dev mtdblock0, sector 0
Apr 17 14:31:36 vader-rover kernel: [    9.184539] end_request: I/O error, dev mtdblock0, sector 0
Apr 17 14:31:36 vader-rover kernel: [    9.196563] end_request: I/O error, dev mtdblock0, sector 0
Apr 17 14:31:36 vader-rover kernel: [    9.211395] end_request: I/O error, dev mtdblock0, sector 0
Apr 17 14:31:36 vader-rover kernel: [    9.228881] end_request: I/O error, dev mtdblock0, sector 0
Apr 17 14:31:36 vader-rover kernel: [    9.242126] end_request: I/O error, dev mtdblock0, sector 0
Apr 17 14:31:36 vader-rover kernel: [    9.255889] end_request: I/O error, dev mtdblock0, sector 0
Apr 17 14:31:36 vader-rover kernel: [    9.270935] end_request: I/O error, dev mtdblock0, sector 0
Apr 17 14:31:36 vader-rover kernel: [    9.291442] end_request: I/O error, dev mtdblock0, sector 0
Apr 17 14:31:36 vader-rover kernel: [    9.304687] end_request: I/O error, dev mtdblock0, sector 0
Apr 17 14:31:36 vader-rover kernel: [    9.321441] end_request: I/O error, dev mtdblock0, sector 0
Apr 17 14:31:36 vader-rover kernel: [    9.338714] end_request: I/O error, dev mtdblock0, sector 0
Apr 17 14:31:36 vader-rover kernel: [    9.353271] end_request: I/O error, dev mtdblock0, sector 0
Apr 17 14:31:36 vader-rover kernel: [    9.369903] end_request: I/O error, dev mtdblock0, sector 0
Apr 17 14:31:36 vader-rover kernel: [    9.386077] end_request: I/O error, dev mtdblock0, sector 0
Apr 17 14:31:36 vader-rover kernel: [    9.402282] end_request: I/O error, dev mtdblock0, sector 0
Apr 17 14:31:36 vader-rover kernel: [    9.424163] end_request: I/O error, dev mtdblock0, sector 0
Apr 17 14:31:36 vader-rover kernel: [    9.444427] end_request: I/O error, dev mtdblock0, sector 0
Apr 17 14:31:36 vader-rover kernel: [    9.462036] end_request: I/O error, dev mtdblock0, sector 8
Apr 17 14:31:36 vader-rover kernel: [    9.479309] end_request: I/O error, dev mtdblock0, sector 8
Apr 17 14:31:36 vader-rover kernel: [    9.502319] end_request: I/O error, dev mtdblock0, sector 8
Apr 17 14:31:36 vader-rover kernel: [    9.517456] end_request: I/O error, dev mtdblock0, sector 8
Apr 17 14:31:36 vader-rover kernel: [    9.526611] end_request: I/O error, dev mtdblock0, sector 24
Apr 17 14:31:36 vader-rover kernel: [    9.533935] usbcore: registered new interface driver usbserial
Apr 17 14:31:36 vader-rover kernel: [    9.537170] usbcore: registered new interface driver usbserial_generic
Apr 17 14:31:36 vader-rover kernel: [    9.542358] end_request: I/O error, dev mtdblock0, sector 24
Apr 17 14:31:36 vader-rover kernel: [    9.554748] USB Serial support registered for generic
Apr 17 14:31:36 vader-rover kernel: [    9.554809] usbserial: USB Serial Driver core
Apr 17 14:31:36 vader-rover kernel: [    9.562957] end_request: I/O error, dev mtdblock0, sector 24
Apr 17 14:31:36 vader-rover kernel: [    9.580444] end_request: I/O error, dev mtdblock0, sector 24
Apr 17 14:31:36 vader-rover kernel: [    9.593505] end_request: I/O error, dev mtdblock0, sector 56
Apr 17 14:31:36 vader-rover kernel: [    9.608764] end_request: I/O error, dev mtdblock0, sector 56
Apr 17 14:31:36 vader-rover avahi-daemon[491]: Successfully dropped root privileges.
Apr 17 14:31:36 vader-rover avahi-daemon[491]: avahi-daemon 0.6.30 starting up.
Apr 17 14:31:36 vader-rover kernel: [    9.624816] end_request: I/O error, dev mtdblock0, sector 56
Apr 17 14:31:36 vader-rover kernel: [    9.641876] end_request: I/O error, dev mtdblock0, sector 56
Apr 17 14:31:36 vader-rover kernel: [    9.651824] end_request: I/O error, dev mtdblock0, sector 120
Apr 17 14:31:36 vader-rover kernel: [    9.672363] end_request: I/O error, dev mtdblock0, sector 120
Apr 17 14:31:36 vader-rover kernel: [    9.687500] end_request: I/O error, dev mtdblock0, sector 120
Apr 17 14:31:36 vader-rover kernel: [    9.698394] end_request: I/O error, dev mtdblock0, sector 120
Apr 17 14:31:36 vader-rover kernel: [    9.708129] usbcore: registered new interface driver pl2303
Apr 17 14:31:36 vader-rover kernel: [    9.708526] USB Serial support registered for pl2303
Apr 17 14:31:36 vader-rover kernel: [    9.708618] pl2303 1-2.4:1.0: usb_probe_interface
Apr 17 14:31:36 vader-rover kernel: [    9.708618] pl2303 1-2.4:1.0: usb_probe_interface - got id
Apr 17 14:31:36 vader-rover kernel: [    9.708679] pl2303 1-2.4:1.0: pl2303 converter detected
Apr 17 14:31:36 vader-rover kernel: [    9.713409] usbcore: registered new interface driver ftdi_sio
Apr 17 14:31:36 vader-rover kernel: [    9.721069] end_request: I/O error, dev mtdblock0, sector 0
Apr 17 14:31:36 vader-rover kernel: [    9.728942] end_request: I/O error, dev mtdblock0, sector 0
Apr 17 14:31:36 vader-rover kernel: [    9.735961] USB Serial support registered for FTDI USB Serial Device
Apr 17 14:31:36 vader-rover kernel: [    9.744079] end_request: I/O error, dev mtdblock0, sector 8
Apr 17 14:31:36 vader-rover kernel: [    9.760131] end_request: I/O error, dev mtdblock0, sector 8
Apr 17 14:31:36 vader-rover kernel: [    9.767608] usb 1-2.4: pl2303 converter now attached to ttyUSB0
Apr 17 14:31:36 vader-rover kernel: [    9.768005] ftdi_sio 1-2.6:1.0: usb_probe_interface
Apr 17 14:31:36 vader-rover kernel: [    9.768035] ftdi_sio 1-2.6:1.0: usb_probe_interface - got id
Apr 17 14:31:36 vader-rover kernel: [    9.768066] ftdi_sio 1-2.6:1.0: FTDI USB Serial Device converter detected
Apr 17 14:31:36 vader-rover kernel: [    9.774536] usb 1-2.6: Detected FT232RL
Apr 17 14:31:36 vader-rover kernel: [    9.774566] usb 1-2.6: Number of endpoints 2
Apr 17 14:31:36 vader-rover kernel: [    9.774566] usb 1-2.6: Endpoint 1 MaxPacketSize 64
Apr 17 14:31:36 vader-rover kernel: [    9.774597] usb 1-2.6: Endpoint 2 MaxPacketSize 64
Apr 17 14:31:36 vader-rover kernel: [    9.774597] usb 1-2.6: Setting MaxPacketSize 64
Apr 17 14:31:36 vader-rover kernel: [    9.775756] end_request: I/O error, dev mtdblock0, sector 24
Apr 17 14:31:36 vader-rover kernel: [    9.791351] end_request: I/O error, dev mtdblock0, sector 24
Apr 17 14:31:36 vader-rover kernel: [    9.798461] usb 1-2.6: FTDI USB Serial Device converter now attached to ttyUSB1
Apr 17 14:31:36 vader-rover kernel: [    9.798645] ftdi_sio: v1.6.0:USB FTDI Serial Converters Driver
Apr 17 14:31:36 vader-rover kernel: [    9.811828] end_request: I/O error, dev mtdblock0, sector 56
Apr 17 14:31:36 vader-rover kernel: [    9.829925] end_request: I/O error, dev mtdblock0, sector 56
Apr 17 14:31:36 vader-rover kernel: [    9.848022] end_request: I/O error, dev mtdblock0, sector 120
Apr 17 14:31:36 vader-rover kernel: [    9.867034] end_request: I/O error, dev mtdblock0, sector 120
Apr 17 14:31:36 vader-rover kernel: [    9.889099] end_request: I/O error, dev mtdblock0, sector 0
Apr 17 14:31:36 vader-rover kernel: [    9.906707] end_request: I/O error, dev mtdblock0, sector 0
Apr 17 14:31:36 vader-rover kernel: [    9.924682] end_request: I/O error, dev mtdblock0, sector 0
Apr 17 14:31:36 vader-rover kernel: [    9.944000] end_request: I/O error, dev mtdblock0, sector 0
Apr 17 14:31:36 vader-rover kernel: [    9.960296] end_request: I/O error, dev mtdblock0, sector 0
Apr 17 14:31:36 vader-rover kernel: [    9.978240] end_request: I/O error, dev mtdblock0, sector 0
Apr 17 14:31:36 vader-rover kernel: [    9.995849] end_request: I/O error, dev mtdblock0, sector 64
Apr 17 14:31:36 vader-rover kernel: [   10.013458] end_request: I/O error, dev mtdblock0, sector 64
Apr 17 14:31:36 vader-rover kernel: [   10.026641] end_request: I/O error, dev mtdblock0, sector 64
Apr 17 14:31:36 vader-rover kernel: [   10.045318] end_request: I/O error, dev mtdblock0, sector 64
Apr 17 14:31:36 vader-rover kernel: [   10.056976] end_request: I/O error, dev mtdblock0, sector 64
Apr 17 14:31:36 vader-rover kernel: [   10.080261] end_request: I/O error, dev mtdblock0, sector 64
Apr 17 14:31:36 vader-rover kernel: [   10.088897] rtl8192cu driver version=v4.0.2_9000.20130911
Apr 17 14:31:36 vader-rover kernel: [   10.088928] build time: Mar 17 2014 16:15:36
Apr 17 14:31:36 vader-rover kernel: [   10.089050] rtl8192cu 1-2.2:1.0: usb_probe_interface
Apr 17 14:31:36 vader-rover kernel: [   10.089080] rtl8192cu 1-2.2:1.0: usb_probe_interface - got id
Apr 17 14:31:36 vader-rover kernel: [   10.089111] 
Apr 17 14:31:36 vader-rover kernel: [   10.089111] usb_endpoint_descriptor(0):
Apr 17 14:31:36 vader-rover kernel: [   10.089111] bLength=7
Apr 17 14:31:36 vader-rover kernel: [   10.089111] bDescriptorType=5
Apr 17 14:31:36 vader-rover kernel: [   10.089111] bEndpointAddress=81
Apr 17 14:31:36 vader-rover kernel: [   10.089141] wMaxPacketSize=200
Apr 17 14:31:36 vader-rover kernel: [   10.089141] bInterval=0
Apr 17 14:31:36 vader-rover kernel: [   10.089141] RT_usb_endpoint_is_bulk_in = 1
Apr 17 14:31:36 vader-rover kernel: [   10.089141] 
Apr 17 14:31:36 vader-rover kernel: [   10.089141] usb_endpoint_descriptor(1):
Apr 17 14:31:36 vader-rover kernel: [   10.089172] bLength=7
Apr 17 14:31:36 vader-rover kernel: [   10.089172] bDescriptorType=5
Apr 17 14:31:36 vader-rover kernel: [   10.089172] bEndpointAddress=2
Apr 17 14:31:36 vader-rover kernel: [   10.089172] wMaxPacketSize=200
Apr 17 14:31:36 vader-rover kernel: [   10.089172] bInterval=0
Apr 17 14:31:36 vader-rover kernel: [   10.089202] RT_usb_endpoint_is_bulk_out = 2
Apr 17 14:31:36 vader-rover kernel: [   10.089202] 
Apr 17 14:31:36 vader-rover kernel: [   10.089202] usb_endpoint_descriptor(2):
Apr 17 14:31:36 vader-rover kernel: [   10.089202] bLength=7
Apr 17 14:31:36 vader-rover kernel: [   10.089202] bDescriptorType=5
Apr 17 14:31:36 vader-rover kernel: [   10.089202] bEndpointAddress=3
Apr 17 14:31:36 vader-rover kernel: [   10.089233] wMaxPacketSize=200
Apr 17 14:31:36 vader-rover kernel: [   10.089233] bInterval=0
Apr 17 14:31:36 vader-rover kernel: [   10.089233] RT_usb_endpoint_is_bulk_out = 3
Apr 17 14:31:36 vader-rover kernel: [   10.089233] 
Apr 17 14:31:36 vader-rover kernel: [   10.089233] usb_endpoint_descriptor(3):
Apr 17 14:31:36 vader-rover kernel: [   10.089233] bLength=7
Apr 17 14:31:36 vader-rover kernel: [   10.089263] bDescriptorType=5
Apr 17 14:31:36 vader-rover kernel: [   10.089263] bEndpointAddress=84
Apr 17 14:31:36 vader-rover kernel: [   10.089263] wMaxPacketSize=40
Apr 17 14:31:36 vader-rover kernel: [   10.089263] bInterval=1
Apr 17 14:31:36 vader-rover kernel: [   10.089263] RT_usb_endpoint_is_int_in = 4, Interval = 1
Apr 17 14:31:36 vader-rover kernel: [   10.089294] nr_endpoint=4, in_num=2, out_num=2
Apr 17 14:31:36 vader-rover kernel: [   10.089294] 
Apr 17 14:31:36 vader-rover kernel: [   10.089294] USB_SPEED_HIGH
Apr 17 14:31:36 vader-rover kernel: [   10.089355] CHIP TYPE: RTL8188C_8192C
Apr 17 14:31:36 vader-rover kernel: [   10.089416] register rtw_netdev_ops to netdev_ops
Apr 17 14:31:36 vader-rover kernel: [   10.102508] end_request: I/O error, dev mtdblock0, sector 64
Apr 17 14:31:36 vader-rover kernel: [   10.118316] Chip Version ID: VERSION_NORMAL_TSMC_CHIP_92C.
Apr 17 14:31:36 vader-rover kernel: [   10.118347] RF_Type is 2!!
Apr 17 14:31:36 vader-rover kernel: [   10.127349] end_request: I/O error, dev mtdblock0, sector 64
Apr 17 14:31:36 vader-rover kernel: [   10.134460] EEPROM type is E-FUSE
Apr 17 14:31:36 vader-rover kernel: [   10.134460] ====> ReadAdapterInfo8192C
Apr 17 14:31:36 vader-rover kernel: [   10.139007] Boot from EFUSE, Autoload OK !
Apr 17 14:31:36 vader-rover kernel: [   10.141418] end_request: I/O error, dev mtdblock0, sector 64
Apr 17 14:31:36 vader-rover kernel: [   10.158569] end_request: I/O error, dev mtdblock0, sector 0
Apr 17 14:31:36 vader-rover kernel: [   10.175231] end_request: I/O error, dev mtdblock0, sector 0
Apr 17 14:31:36 vader-rover kernel: [   10.196411] end_request: I/O error, dev mtdblock0, sector 0
Apr 17 14:31:36 vader-rover kernel: [   10.216461] end_request: I/O error, dev mtdblock0, sector 0
Apr 17 14:31:36 vader-rover kernel: [   10.233245] end_request: I/O error, dev mtdblock0, sector 0
Apr 17 14:31:36 vader-rover kernel: [   10.249114] end_request: I/O error, dev mtdblock0, sector 16
Apr 17 14:31:36 vader-rover kernel: [   10.269287] end_request: I/O error, dev mtdblock0, sector 0
Apr 17 14:31:36 vader-rover kernel: [   10.291381] end_request: I/O error, dev mtdblock0, sector 0
Apr 17 14:31:36 vader-rover kernel: [   10.304321] end_request: I/O error, dev mtdblock0, sector 0
Apr 17 14:31:36 vader-rover kernel: [   10.318756] end_request: I/O error, dev mtdblock0, sector 0
Apr 17 14:31:36 vader-rover kernel: [   10.338592] end_request: I/O error, dev mtdblock0, sector 0
Apr 17 14:31:36 vader-rover kernel: [   10.352722] end_request: I/O error, dev mtdblock0, sector 0
Apr 17 14:31:36 vader-rover kernel: [   10.374145] end_request: I/O error, dev mtdblock0, sector 0
Apr 17 14:31:36 vader-rover kernel: [   10.391143] end_request: I/O error, dev mtdblock0, sector 0
Apr 17 14:31:36 vader-rover kernel: [   10.407836] end_request: I/O error, dev mtdblock0, sector 0
Apr 17 14:31:36 vader-rover kernel: [   10.426025] end_request: I/O error, dev mtdblock0, sector 0
Apr 17 14:31:36 vader-rover kernel: [   10.444152] end_request: I/O error, dev mtdblock0, sector 0
Apr 17 14:31:36 vader-rover kernel: [   10.465026] end_request: I/O error, dev mtdblock0, sector 0
Apr 17 14:31:36 vader-rover kernel: [   10.484283] end_request: I/O error, dev mtdblock0, sector 0
Apr 17 14:31:36 vader-rover kernel: [   10.501068] end_request: I/O error, dev mtdblock0, sector 0
Apr 17 14:31:36 vader-rover kernel: [   10.522613] end_request: I/O error, dev mtdblock0, sector 0
Apr 17 14:31:36 vader-rover kernel: [   10.536682] end_request: I/O error, dev mtdblock0, sector 0
Apr 17 14:31:36 vader-rover kernel: [   10.553192] end_request: I/O error, dev mtdblock0, sector 0
Apr 17 14:31:36 vader-rover kernel: [   10.568084] end_request: I/O error, dev mtdblock0, sector 0
Apr 17 14:31:36 vader-rover kernel: [   10.568389] end_request: I/O error, dev mtdblock0, sector 8
Apr 17 14:31:36 vader-rover kernel: [   10.568572] end_request: I/O error, dev mtdblock0, sector 0
Apr 17 14:31:36 vader-rover kernel: [   10.568756] end_request: I/O error, dev mtdblock0, sector 0
Apr 17 14:31:36 vader-rover kernel: [   10.568908] end_request: I/O error, dev mtdblock0, sector 0
Apr 17 14:31:36 vader-rover kernel: [   10.569061] end_request: I/O error, dev mtdblock0, sector 0
Apr 17 14:31:36 vader-rover kernel: [   10.977416] EEPROMVID = 0x0bda
Apr 17 14:31:36 vader-rover kernel: [   10.977447] EEPROMPID = 0x8178
Apr 17 14:31:36 vader-rover kernel: [   10.977447] EEPROMCustomerID : 0x00
Apr 17 14:31:36 vader-rover kernel: [   10.977447] EEPROMSubCustomerID: 0x00
Apr 17 14:31:36 vader-rover kernel: [   10.977447] RT_CustomerID: 0x00
Apr 17 14:31:36 vader-rover kernel: [   10.977447] _ReadMACAddress MAC Address from EFUSE = c0:4a:00:17:ff:56
Apr 17 14:31:36 vader-rover kernel: [   10.977478] EEPROMRegulatory = 0x0
Apr 17 14:31:36 vader-rover kernel: [   10.977478] _ReadBoardType(0)
Apr 17 14:31:36 vader-rover kernel: [   10.977478] BT Coexistance = disable
Apr 17 14:31:36 vader-rover kernel: [   10.977478] mlmepriv.ChannelPlan = 0x02
Apr 17 14:31:36 vader-rover kernel: [   10.977478] _ReadPSSetting...bHWPwrPindetect(0)-bHWPowerdown(0) ,bSupportRemoteWakeup(0)
Apr 17 14:31:36 vader-rover kernel: [   10.977478] ### PS params=>  power_mgnt(0),usbss_enable(0) ###
Apr 17 14:31:36 vader-rover kernel: [   10.977508] ### AntDivCfg(0)
Apr 17 14:31:36 vader-rover kernel: [   10.977508] readAdapterInfo_8192CU(): REPLACEMENT = 1
Apr 17 14:31:36 vader-rover kernel: [   10.977508] <==== ReadAdapterInfo8192C in 843 ms
Apr 17 14:31:36 vader-rover kernel: [   10.978790] rtw_macaddr_cfg MAC Address  = c0:4a:00:17:ff:56
Apr 17 14:31:36 vader-rover kernel: [   10.978790] bDriverStopped:1, bSurpriseRemoved:0, bup:0, hw_init_completed:0
Apr 17 14:31:36 vader-rover kernel: [   10.987060] _rtw_drv_register_netdev, MAC Address (if1) = c0:4a:00:17:ff:56
Apr 17 14:31:36 vader-rover kernel: [   10.991546] usbcore: registered new interface driver rtl8192cu
Apr 17 14:31:36 vader-rover kernel: [   12.953277] NET: Registered protocol family 10
Apr 17 14:31:36 vader-rover avahi-daemon[491]: Successfully called chroot().
Apr 17 14:31:36 vader-rover avahi-daemon[491]: Successfully dropped remaining capabilities.
Apr 17 14:31:36 vader-rover avahi-daemon[491]: No service file found in /etc/avahi/services.
Apr 17 14:31:36 vader-rover avahi-daemon[491]: Network interface enumeration completed.
Apr 17 14:31:36 vader-rover avahi-daemon[491]: Registering HINFO record with values 'ARMV7L'/'LINUX'.
Apr 17 14:31:36 vader-rover avahi-daemon[491]: Server startup complete. Host name is vader-rover.local. Local service cookie is 2106248382.
Apr 17 14:31:36 vader-rover kernel: [   13.838745] +871x_drv - drv_open, bup=0
Apr 17 14:31:36 vader-rover kernel: [   13.843200]  ===> FirmwareDownload91C() fw:Rtl819XFwImageArray_TSMC
Apr 17 14:31:36 vader-rover kernel: [   13.843231] FirmwareDownload92C accquire FW from embedded image
Apr 17 14:31:36 vader-rover kernel: [   13.843231] fw_ver=v88, fw_subver=2, sig=0x88c0
Apr 17 14:31:36 vader-rover kernel: [   13.874542] fw download ok!
Apr 17 14:31:36 vader-rover kernel: [   13.874572] Set RF Chip ID to RF_6052 and RF type to 2.
Apr 17 14:31:37 vader-rover kernel: [   14.308044] libertas_sdio mmc1:0001:1: (unregistered net_device): 00:19:88:25:91:f6, fw 9.70.3p36, cap 0x00000303
Apr 17 14:31:37 vader-rover kernel: [   14.357513] IQK:Start!!!
Apr 17 14:31:37 vader-rover kernel: [   14.381408] Path A IQK Success!!
Apr 17 14:31:37 vader-rover kernel: [   14.390625] Path B IQK Success!!
Apr 17 14:31:37 vader-rover kernel: [   14.407287] Path A IQK Success!!
Apr 17 14:31:37 vader-rover kernel: [   14.416351] Path B IQK Success!!
Apr 17 14:31:37 vader-rover kernel: [   14.426788] IQK: final_candidate is 0
Apr 17 14:31:37 vader-rover kernel: [   14.426788] IQK: RegE94=fe RegE9C=3ff RegEA4=f9 RegEAC=3fd RegEB4=102 RegEBC=a RegEC4=f9 RegECC=1
Apr 17 14:31:37 vader-rover kernel: [   14.426788]  Path A IQ Calibration Success !
Apr 17 14:31:37 vader-rover kernel: [   14.431243] Path B IQ Calibration Success !
Apr 17 14:31:37 vader-rover kernel: [   14.558288] pdmpriv->TxPowerTrackControl = 1
Apr 17 14:31:37 vader-rover kernel: [   14.568023] rtl8192cu_hal_init in 726ms
Apr 17 14:31:37 vader-rover kernel: [   14.591918] MAC Address = c0:4a:00:17:ff:56
Apr 17 14:31:37 vader-rover kernel: [   14.592376] -871x_drv - drv_open, bup=1
Apr 17 14:31:37 vader-rover kernel: [   14.592864] IPv6: ADDRCONF(NETDEV_UP): wlan1: link is not ready
Apr 17 14:31:37 vader-rover kernel: [   14.594055] libertas_sdio mmc1:0001:1: wlan0: Marvell WLAN 802.11 adapter
Apr 17 14:31:37 vader-rover kernel: [   14.603729] [rtw_wx_set_pmkid] IW_PMKSA_FLUSH!
Apr 17 14:31:37 vader-rover kernel: [   14.603851] set_mode = IW_MODE_INFRA
Apr 17 14:31:37 vader-rover kernel: [   14.613281] hw_var_set_opmode()-4234 mode = 2
Apr 17 14:31:37 vader-rover kernel: [   14.662353] [rtw_wx_set_pmkid] IW_PMKSA_FLUSH!
Apr 17 14:31:37 vader-rover kernel: [   14.762939] IW_SCAN_THIS_ESSID, ssid=PAL3.0, len=6
Apr 17 14:31:37 vader-rover dhclient: DHCPREQUEST of 10.184.78.142 on wlan1 to 255.255.255.255 port 67
Apr 17 14:31:38 vader-rover kernel: [   15.335937] OnAction_p2p
Apr 17 14:31:39 vader-rover kernel: [   16.014953] survey done event(34) band:0 for wlan1
Apr 17 14:31:39 vader-rover kernel: [   16.019256] wpa_set_auth_algs, AUTH_ALG_OPEN_SYSTEM
Apr 17 14:31:39 vader-rover kernel: [   16.019287] set_mode = IW_MODE_INFRA
Apr 17 14:31:39 vader-rover kernel: [   16.019622] 
Apr 17 14:31:39 vader-rover kernel: [   16.019622]  wpa_ie(length:22):
Apr 17 14:31:39 vader-rover kernel: [   16.019653] 0x30 0x14 0x01 0x00 0x00 0x0f 0xac 0x04 
Apr 17 14:31:39 vader-rover kernel: [   16.019653] 0x01 0x00 0x00 0x0f 0xac 0x04 0x01 0x00 
Apr 17 14:31:39 vader-rover kernel: [   16.019683] 0x00 0x0f 0xac 0x01 0x00 0x00 0x00 0x00 
Apr 17 14:31:39 vader-rover kernel: [   16.020935] hw_var_set_opmode()-4234 mode = 2
Apr 17 14:31:39 vader-rover kernel: [   16.022338] SetHwReg8192CU, 5130, RCR= 700060ca 
Apr 17 14:31:39 vader-rover kernel: [   16.022552] =>rtw_wx_set_essid
Apr 17 14:31:39 vader-rover kernel: [   16.022552] ssid=PAL3.0, len=6
Apr 17 14:31:39 vader-rover kernel: [   16.022583] Set SSID under fw_state=0x00000008
Apr 17 14:31:39 vader-rover kernel: [   16.022613] [by_bssid:0][assoc_ssid:PAL3.0][to_roaming:0] new candidate: PAL3.0(f0:25:72:7d:1a:70, ch11) rssi:-54
Apr 17 14:31:39 vader-rover kernel: [   16.022644] rtw_select_and_join_from_scanned_queue: candidate: PAL3.0(f0:25:72:7d:1a:70, ch:11)
Apr 17 14:31:39 vader-rover kernel: [   16.022674] link to Cisco AP
Apr 17 14:31:39 vader-rover kernel: [   16.022674] <=rtw_wx_set_essid, ret 0
Apr 17 14:31:39 vader-rover kernel: [   16.022918] Set BSSID under fw_state=0x00000088
Apr 17 14:31:39 vader-rover kernel: [   16.023132] start_join_set_ch_bw: ch=11, bwmode=0, ch_offset=0
Apr 17 14:31:39 vader-rover kernel: [   16.158569] link to Cisco AP
Apr 17 14:31:39 vader-rover kernel: [   16.162780] OnAuthClient
Apr 17 14:31:39 vader-rover kernel: [   16.162811] network.SupportedRates[0]=8C
Apr 17 14:31:39 vader-rover kernel: [   16.162841] network.SupportedRates[1]=12
Apr 17 14:31:39 vader-rover kernel: [   16.162841] network.SupportedRates[2]=18
Apr 17 14:31:39 vader-rover kernel: [   16.162841] network.SupportedRates[3]=24
Apr 17 14:31:39 vader-rover kernel: [   16.162841] network.SupportedRates[4]=30
Apr 17 14:31:39 vader-rover kernel: [   16.162872] network.SupportedRates[5]=48
Apr 17 14:31:39 vader-rover kernel: [   16.162872] network.SupportedRates[6]=60
Apr 17 14:31:39 vader-rover kernel: [   16.162872] network.SupportedRates[7]=6C
Apr 17 14:31:39 vader-rover kernel: [   16.162872] bssrate_len = 8
Apr 17 14:31:39 vader-rover kernel: [   16.162902] declare supporting RX STBC
Apr 17 14:31:39 vader-rover kernel: [   16.171844] OnAssocRsp
Apr 17 14:31:39 vader-rover kernel: [   16.171875] report_join_res(1)
Apr 17 14:31:39 vader-rover kernel: [   16.171905] rtw_joinbss_update_network
Apr 17 14:31:39 vader-rover kernel: [   16.171905] +rtw_update_ht_cap()
Apr 17 14:31:39 vader-rover kernel: [   16.171936] rtw_joinbss_update_stainfo
Apr 17 14:31:39 vader-rover kernel: [   16.172271] IPv6: ADDRCONF(NETDEV_CHANGE): wlan1: link becomes ready
Apr 17 14:31:39 vader-rover kernel: [   16.172973] HW_VAR_BASIC_RATE: BrateCfg(0x15d)
Apr 17 14:31:39 vader-rover kernel: [   16.177276] WMM(0): 0, a42b
Apr 17 14:31:39 vader-rover kernel: [   16.177581] WMM(1): 0, a44f
Apr 17 14:31:39 vader-rover kernel: [   16.177886] WMM(2): 0, 5e4322
Apr 17 14:31:39 vader-rover kernel: [   16.178161] WMM(3): 0, 2f3222
Apr 17 14:31:39 vader-rover kernel: [   16.178161] HTOnAssocRsp
Apr 17 14:31:39 vader-rover kernel: [   16.192626] update raid entry, mask=0x1ffffff0, arg=0xa0
Apr 17 14:31:39 vader-rover kernel: [   16.194549] rtl8192c_set_FwJoinBssReport_cmd mstatus(1)
Apr 17 14:31:39 vader-rover kernel: [   16.195404] SetFwRsvdPagePkt
Apr 17 14:31:39 vader-rover kernel: [   16.195465] Set RSVD page location to Fw.
Apr 17 14:31:39 vader-rover kernel: [   16.197937] =>mlmeext_joinbss_event_callback
Apr 17 14:31:39 vader-rover kernel: [   16.682830] rtw_aes_decrypt:rx bc/mc packets,but didn't install group key!!!!!!!!!!
Apr 17 14:31:39 vader-rover kernel: [   16.682861] rtw_aes_decrypt:rx bc/mc packets,but didn't install group key!!!!!!!!!!
Apr 17 14:31:39 vader-rover kernel: [   16.682861] rtw_aes_decrypt:rx bc/mc packets,but didn't install group key!!!!!!!!!!
Apr 17 14:31:39 vader-rover kernel: [   16.785644] rtw_aes_decrypt:rx bc/mc packets,but didn't install group key!!!!!!!!!!
Apr 17 14:31:39 vader-rover kernel: [   16.785675] rtw_aes_decrypt:rx bc/mc packets,but didn't install group key!!!!!!!!!!
Apr 17 14:31:40 vader-rover kernel: [   17.411834] rtw_aes_decrypt:rx bc/mc packets,but didn't install group key!!!!!!!!!!
Apr 17 14:31:40 vader-rover dhclient: DHCPREQUEST of 10.184.78.142 on wlan1 to 255.255.255.255 port 67
Apr 17 14:31:40 vader-rover kernel: [   17.517059] rtw_aes_decrypt:rx bc/mc packets,but didn't install group key!!!!!!!!!!
Apr 17 14:31:40 vader-rover kernel: [   17.831481] rtw_aes_decrypt:rx bc/mc packets,but didn't install group key!!!!!!!!!!
Apr 17 14:31:40 vader-rover avahi-daemon[491]: Joining mDNS multicast group on interface wlan1.IPv6 with address fe80::c24a:ff:fe17:ff56.
Apr 17 14:31:40 vader-rover avahi-daemon[491]: New relevant interface wlan1.IPv6 for mDNS.
Apr 17 14:31:40 vader-rover avahi-daemon[491]: Registering new address record for fe80::c24a:ff:fe17:ff56 on wlan1.*.
Apr 17 14:31:41 vader-rover kernel: [   18.038665] rtw_aes_decrypt:rx bc/mc packets,but didn't install group key!!!!!!!!!!
Apr 17 14:31:41 vader-rover kernel: [   18.038696] rtw_aes_decrypt:rx bc/mc packets,but didn't install group key!!!!!!!!!!
Apr 17 14:31:41 vader-rover kernel: [   18.143035] rtw_aes_decrypt:rx bc/mc packets,but didn't install group key!!!!!!!!!!
Apr 17 14:31:41 vader-rover kernel: [   18.352752] rtw_aes_decrypt:rx bc/mc packets,but didn't install group key!!!!!!!!!!
Apr 17 14:31:41 vader-rover kernel: [   18.352813] rtw_aes_decrypt:rx bc/mc packets,but didn't install group key!!!!!!!!!!
Apr 17 14:31:41 vader-rover kernel: [   18.456512] rtw_aes_decrypt:rx bc/mc packets,but didn't install group key!!!!!!!!!!
Apr 17 14:31:41 vader-rover kernel: [   18.561004] rtw_aes_decrypt:rx bc/mc packets,but didn't install group key!!!!!!!!!!
Apr 17 14:31:41 vader-rover kernel: [   18.665557] rtw_aes_decrypt:rx bc/mc packets,but didn't install group key!!!!!!!!!!
Apr 17 14:31:41 vader-rover kernel: [   18.771331] rtw_aes_decrypt:rx bc/mc packets,but didn't install group key!!!!!!!!!!
Apr 17 14:31:41 vader-rover kernel: [   18.876281] rtw_aes_decrypt:rx bc/mc packets,but didn't install group key!!!!!!!!!!
Apr 17 14:31:42 vader-rover kernel: [   18.981109] rtw_aes_decrypt:rx bc/mc packets,but didn't install group key!!!!!!!!!!
Apr 17 14:31:42 vader-rover kernel: [   19.083374] rtw_aes_decrypt:rx bc/mc packets,but didn't install group key!!!!!!!!!!
Apr 17 14:31:42 vader-rover kernel: [   19.083404] rtw_aes_decrypt:rx bc/mc packets,but didn't install group key!!!!!!!!!!
Apr 17 14:31:42 vader-rover kernel: [   19.292114] rtw_aes_decrypt:rx bc/mc packets,but didn't install group key!!!!!!!!!!
Apr 17 14:31:42 vader-rover kernel: [   19.292144] rtw_aes_decrypt:rx bc/mc packets,but didn't install group key!!!!!!!!!!
Apr 17 14:31:42 vader-rover kernel: [   19.709716] rtw_aes_decrypt:rx bc/mc packets,but didn't install group key!!!!!!!!!!
Apr 17 14:31:43 vader-rover kernel: [   20.129302] rtw_aes_decrypt:rx bc/mc packets,but didn't install group key!!!!!!!!!!
Apr 17 14:31:43 vader-rover kernel: [   20.338256] rtw_aes_decrypt:rx bc/mc packets,but didn't install group key!!!!!!!!!!
Apr 17 14:31:43 vader-rover kernel: [   20.547637] rtw_aes_decrypt:rx bc/mc packets,but didn't install group key!!!!!!!!!!
Apr 17 14:31:43 vader-rover kernel: [   20.653228] rtw_aes_decrypt:rx bc/mc packets,but didn't install group key!!!!!!!!!!
Apr 17 14:31:43 vader-rover kernel: [   20.858856] rtw_aes_decrypt:rx bc/mc packets,but didn't install group key!!!!!!!!!!
Apr 17 14:31:44 vader-rover kernel: [   21.173706] rtw_aes_decrypt:rx bc/mc packets,but didn't install group key!!!!!!!!!!
Apr 17 14:31:44 vader-rover kernel: [   21.255035] [rtw_wx_set_pmkid] IW_PMKSA_ADD!
Apr 17 14:31:44 vader-rover kernel: [   21.255065] [rtw_wx_set_pmkid] Use the new entry index = 0 for this PMKID.
Apr 17 14:31:44 vader-rover kernel: [   21.264862] 
Apr 17 14:31:44 vader-rover kernel: [   21.264862]  ~~~~stastakey:unicastkey
Apr 17 14:31:44 vader-rover kernel: [   21.265075]  ~~~~set sta key:groupkey
Apr 17 14:31:44 vader-rover kernel: [   21.265075] ==> rtw_set_key algorithm(4),keyid(1),key_mask(0)
Apr 17 14:31:44 vader-rover kernel: [   21.272521] SetHwReg8192CU, 5126, RCR= 700060ce 
Apr 17 14:31:47 vader-rover dhclient: DHCPREQUEST of 10.184.78.142 on wlan1 to 255.255.255.255 port 67
Apr 17 14:31:47 vader-rover dhclient: DHCPACK of 10.184.78.142 from 10.184.64.1
Apr 17 14:31:47 vader-rover kernel: [   24.780731] OnAction_back
Apr 17 14:31:47 vader-rover kernel: [   24.780761] OnAction_back, action=0
Apr 17 14:31:47 vader-rover kernel: [   24.780761] issue_action_BA, category=3, action=1, status=0
Apr 17 14:31:47 vader-rover avahi-daemon[491]: Joining mDNS multicast group on interface wlan1.IPv4 with address 10.184.78.142.
Apr 17 14:31:47 vader-rover avahi-daemon[491]: New relevant interface wlan1.IPv4 for mDNS.
Apr 17 14:31:47 vader-rover avahi-daemon[491]: Registering new address record for 10.184.78.142 on wlan1.IPv4.
Apr 17 14:31:48 vader-rover dhclient: bound to 10.184.78.142 -- renewal in 679 seconds.
Apr 17 14:31:49 vader-rover kernel: [   26.783660]  gadget: using random self ethernet address
Apr 17 14:31:49 vader-rover kernel: [   26.783691]  gadget: using random host ethernet address
Apr 17 14:31:49 vader-rover kernel: [   26.796051] usb0: MAC 0e:a0:e9:e6:f6:fe
Apr 17 14:31:49 vader-rover kernel: [   26.796081] usb0: HOST MAC 6e:fc:86:3e:e9:e0
Apr 17 14:31:49 vader-rover kernel: [   26.809448]  gadget: Mass Storage Function, version: 2009/09/11
Apr 17 14:31:49 vader-rover kernel: [   26.809478]  gadget: Number of LUNs=1
Apr 17 14:31:49 vader-rover kernel: [   26.809478]  lun0: LUN: removable file: (no medium)
Apr 17 14:31:49 vader-rover kernel: [   26.809570]  gadget: Multifunction Composite Gadget
Apr 17 14:31:49 vader-rover kernel: [   26.809570]  gadget: userspace failed to provide iSerialNumber
Apr 17 14:31:49 vader-rover kernel: [   26.809600]  gadget: g_multi ready
Apr 17 14:31:49 vader-rover kernel: [   26.835205] twl4030_usb twl4030_usb: twl4030_phy_resume
Apr 17 14:31:49 vader-rover kernel: [   26.835266] musb-hdrc musb-hdrc: MUSB HDRC host driver
Apr 17 14:31:49 vader-rover kernel: [   26.835693] musb-hdrc musb-hdrc: new USB bus registered, assigned bus number 2
Apr 17 14:31:49 vader-rover kernel: [   26.835723] musb-hdrc musb-hdrc: supports USB remote wakeup
Apr 17 14:31:49 vader-rover kernel: [   26.835815] usb usb2: default language 0x0409
Apr 17 14:31:49 vader-rover kernel: [   26.835876] usb usb2: udev 1, busnum 2, minor = 128
Apr 17 14:31:49 vader-rover kernel: [   26.835876] usb usb2: New USB device found, idVendor=1d6b, idProduct=0002
Apr 17 14:31:49 vader-rover kernel: [   26.835876] usb usb2: New USB device strings: Mfr=3, Product=2, SerialNumber=1
Apr 17 14:31:49 vader-rover kernel: [   26.835906] usb usb2: Product: MUSB HDRC host driver
Apr 17 14:31:49 vader-rover kernel: [   26.835906] usb usb2: Manufacturer: Linux 3.5.0-2-linaro-omap musb-hcd
Apr 17 14:31:49 vader-rover kernel: [   26.835937] usb usb2: SerialNumber: musb-hdrc
Apr 17 14:31:49 vader-rover kernel: [   26.836425] usb usb2: usb_probe_device
Apr 17 14:31:49 vader-rover kernel: [   26.836425] usb usb2: configuration #1 chosen from 1 choice
Apr 17 14:31:49 vader-rover kernel: [   26.836486] usb usb2: adding 2-0:1.0 (config #1, interface 0)
Apr 17 14:31:49 vader-rover kernel: [   26.836639] hub 2-0:1.0: usb_probe_interface
Apr 17 14:31:49 vader-rover kernel: [   26.836639] hub 2-0:1.0: usb_probe_interface - got id
Apr 17 14:31:49 vader-rover kernel: [   26.836669] hub 2-0:1.0: USB hub found
Apr 17 14:31:49 vader-rover kernel: [   26.836700] hub 2-0:1.0: 1 port detected
Apr 17 14:31:49 vader-rover kernel: [   26.836700] hub 2-0:1.0: standalone hub
Apr 17 14:31:49 vader-rover kernel: [   26.836730] hub 2-0:1.0: individual port power switching
Apr 17 14:31:49 vader-rover kernel: [   26.836730] hub 2-0:1.0: no over-current protection
Apr 17 14:31:49 vader-rover kernel: [   26.836730] hub 2-0:1.0: Single TT
Apr 17 14:31:49 vader-rover kernel: [   26.836761] hub 2-0:1.0: TT requires at most 8 FS bit times (666 ns)
Apr 17 14:31:49 vader-rover kernel: [   26.836761] hub 2-0:1.0: power on to power good time: 10ms
Apr 17 14:31:49 vader-rover kernel: [   26.836791] hub 2-0:1.0: 100mA bus power budget for each child
Apr 17 14:31:49 vader-rover kernel: [   26.836791] hub 2-0:1.0: local power source is good
Apr 17 14:31:49 vader-rover kernel: [   26.836822] hub 2-0:1.0: enabling power on all ports
Apr 17 14:31:50 vader-rover kernel: [   26.925354] twl4030_usb twl4030_usb: HW_CONDITIONS 0x90/144; link 1
Apr 17 14:31:50 vader-rover kernel: [   26.932464] hub 2-0:1.0: state 7 ports 1 chg 0000 evt 0000
Apr 17 14:31:50 vader-rover anacron[720]: Anacron 2.3 started on 2014-04-17
Apr 17 14:31:50 vader-rover cron[700]: (CRON) INFO (pidfile fd = 3)
Apr 17 14:31:50 vader-rover anacron[720]: Normal exit (0 jobs run)
Apr 17 14:31:50 vader-rover kernel: [   27.197875] twl4030_usb twl4030_usb: HW_CONDITIONS 0x10/16; link 0
Apr 17 14:31:50 vader-rover kernel: [   27.198638] twl4030_usb twl4030_usb: twl4030_phy_suspend
Apr 17 14:31:50 vader-rover cron[725]: (CRON) STARTUP (fork ok)
Apr 17 14:31:50 vader-rover cron[725]: (CRON) INFO (Running @reboot jobs)
Apr 17 14:31:50 vader-rover dbus[474]: [system] Activating service name='org.freedesktop.ConsoleKit' (using servicehelper)
Apr 17 14:31:50 vader-rover kernel: [   27.510040] GPIO Event Monitor 0.1 Compiled: Jan 13 2014 at 15:50:49
Apr 17 14:31:50 vader-rover kernel: [   27.746337] pwm: frequency=50 Hz servo=1 servo_min = 10000 servo_max = 20000
Apr 17 14:31:50 vader-rover noip2[828]: v2.1.9 daemon started with NAT enabled
Apr 17 14:31:51 vader-rover dbus[474]: [system] Activating service name='org.freedesktop.PolicyKit1' (using servicehelper)
Apr 17 14:31:51 vader-rover noip2[828]: vader-rover.no-ip.biz was already set to 128.211.178.8.
Apr 17 14:31:51 vader-rover ntpd[856]: ntpd 4.2.6p3@1.2290 Tue Mar  6 15:10:33 UTC 2012 (1)
Apr 17 14:31:51 vader-rover ntpd[858]: proto: precision = 30.517 usec
Apr 17 14:31:51 vader-rover ntpd[858]: ntp_io: estimated max descriptors: 1024, initial socket boundary: 16
Apr 17 14:31:51 vader-rover ntpd[858]: unable to bind to wildcard address 0.0.0.0 - another process may be running - EXITING
Apr 17 14:31:51 vader-rover polkitd[846]: started daemon version 0.104 using authority implementation `local' version `0.104'
Apr 17 14:31:51 vader-rover dbus[474]: [system] Successfully activated service 'org.freedesktop.PolicyKit1'
Apr 17 14:31:51 vader-rover dbus[474]: [system] Successfully activated service 'org.freedesktop.ConsoleKit'
Apr 17 14:31:52 vader-rover kernel: [   29.010162] hub 2-0:1.0: hub_suspend
Apr 17 14:31:52 vader-rover kernel: [   29.010223] usb usb2: bus auto-suspend, wakeup 1
Apr 17 14:32:04 vader-rover ntpdate[668]: adjust time server 199.102.46.73 offset 0.036971 sec
Apr 17 14:32:04 vader-rover ntpd[968]: ntpd 4.2.6p3@1.2290 Tue Mar  6 15:10:33 UTC 2012 (1)
Apr 17 14:32:04 vader-rover ntpd[969]: proto: precision = 30.517 usec
Apr 17 14:32:04 vader-rover ntpd[969]: ntp_io: estimated max descriptors: 1024, initial socket boundary: 16
Apr 17 14:32:04 vader-rover ntpd[969]: Listen and drop on 0 v4wildcard 0.0.0.0 UDP 123
Apr 17 14:32:04 vader-rover ntpd[969]: Listen and drop on 1 v6wildcard :: UDP 123
Apr 17 14:32:04 vader-rover ntpd[969]: Listen normally on 2 lo 127.0.0.1 UDP 123
Apr 17 14:32:04 vader-rover ntpd[969]: Listen normally on 3 wlan1 10.184.78.142 UDP 123
Apr 17 14:32:04 vader-rover ntpd[969]: Listen normally on 4 wlan1 fe80::c24a:ff:fe17:ff56 UDP 123
Apr 17 14:32:04 vader-rover ntpd[969]: Listen normally on 5 lo ::1 UDP 123
Apr 17 14:32:04 vader-rover ntpd[969]: peers refreshed
Apr 17 14:32:04 vader-rover ntpd[969]: Listening on routing socket on fd #22 for interface updates
Apr 17 14:33:48 vader-rover kernel: [  145.120025] rtw_issue_addbareq_cmd, p=0
Apr 17 14:33:48 vader-rover kernel: [  145.120147] issue_action_BA, category=3, action=0, status=0
Apr 17 14:33:48 vader-rover kernel: [  145.120178] BA_starting_seqctrl = 648 for TID=0
Apr 17 14:33:48 vader-rover kernel: [  145.127044] OnAction_back
Apr 17 14:33:48 vader-rover kernel: [  145.127075] OnAction_back, action=1
Apr 17 14:33:48 vader-rover kernel: [  145.127075] agg_enable for TID=0
Apr 17 14:37:39 vader-rover kernel: [  376.768615] rtw_issue_addbareq_cmd, p=6
Apr 17 14:37:39 vader-rover kernel: [  376.769042] issue_action_BA, category=3, action=0, status=6
Apr 17 14:37:39 vader-rover kernel: [  376.769073] BA_starting_seqctrl = 55 for TID=6
Apr 17 14:37:39 vader-rover kernel: [  376.774688] OnAction_back
Apr 17 14:37:39 vader-rover kernel: [  376.774749] OnAction_back, action=1
Apr 17 14:37:39 vader-rover kernel: [  376.774749] agg_enable for TID=6
Apr 17 14:43:09 vader-rover dhclient: DHCPREQUEST of 10.184.78.142 on wlan1 to 128.210.224.242 port 67
Apr 17 14:43:09 vader-rover dhclient: DHCPACK of 10.184.78.142 from 128.210.224.242
Apr 17 14:43:25 vader-rover dhclient: bound to 10.184.78.142 -- renewal in 828 seconds.
Apr 17 14:49:31 vader-rover kernel: Kernel logging (proc) stopped.
Apr 17 14:49:31 vader-rover rsyslogd: [origin software="rsyslogd" swVersion="5.8.6" x-pid="479" x-info="http://www.rsyslog.com"] exiting on signal 15.
Apr 17 14:51:20 vader-rover kernel: imklog 5.8.6, log source = /proc/kmsg started.
Apr 17 14:51:20 vader-rover rsyslogd: [origin software="rsyslogd" swVersion="5.8.6" x-pid="478" x-info="http://www.rsyslog.com"] start
Apr 17 14:51:20 vader-rover rsyslogd: rsyslogd's groupid changed to 103
Apr 17 14:51:20 vader-rover rsyslogd: rsyslogd's userid changed to 101
Apr 17 14:51:20 vader-rover rsyslogd-2039: Could not open output pipe '/dev/xconsole' [try http://www.rsyslog.com/e/2039 ]
Apr 17 14:51:20 vader-rover kernel: [    0.000000] Booting Linux on physical CPU 0
Apr 17 14:51:20 vader-rover kernel: [    0.000000] Initializing cgroup subsys cpuset
Apr 17 14:51:20 vader-rover kernel: [    0.000000] Initializing cgroup subsys cpu
Apr 17 14:51:20 vader-rover kernel: [    0.000000] Linux version 3.5.0-2-linaro-omap (adam@pine) (gcc version 4.6.3 (Ubuntu/Linaro 4.6.3-1ubuntu5) ) #2~ci+121210190143 PREEMPT Mon Dec 10 11:03:27 PST 2012
Apr 17 14:51:20 vader-rover kernel: [    0.000000] CPU: ARMv7 Processor [413fc082] revision 2 (ARMv7), cr=10c53c7d
Apr 17 14:51:20 vader-rover kernel: [    0.000000] CPU: PIPT / VIPT nonaliasing data cache, VIPT aliasing instruction cache
Apr 17 14:51:20 vader-rover kernel: [    0.000000] Machine: Gumstix Overo
Apr 17 14:51:20 vader-rover kernel: [    0.000000] Reserving 12582912 bytes SDRAM for VRAM
Apr 17 14:51:20 vader-rover kernel: [    0.000000] Memory policy: ECC disabled, Data cache writeback
Apr 17 14:51:20 vader-rover kernel: [    0.000000] On node 0 totalpages: 127744
Apr 17 14:51:20 vader-rover kernel: [    0.000000] free_area_init_node: node 0, pgdat c070b85c, node_mem_map c07a7000
Apr 17 14:51:20 vader-rover kernel: [    0.000000]   Normal zone: 1024 pages used for memmap
Apr 17 14:51:20 vader-rover kernel: [    0.000000]   Normal zone: 0 pages reserved
Apr 17 14:51:20 vader-rover kernel: [    0.000000]   Normal zone: 126720 pages, LIFO batch:31
Apr 17 14:51:20 vader-rover kernel: [    0.000000] OMAP3630 ES1.2 (l2cache iva sgx neon isp 192mhz_clk )
Apr 17 14:51:20 vader-rover kernel: [    0.000000] Clocking rate (Crystal/Core/MPU): 26.0/332/600 MHz
Apr 17 14:51:20 vader-rover kernel: [    0.000000] pcpu-alloc: s0 r0 d32768 u32768 alloc=1*32768
Apr 17 14:51:20 vader-rover kernel: [    0.000000] pcpu-alloc: [0] 0 
Apr 17 14:51:20 vader-rover kernel: [    0.000000] Built 1 zonelists in Zone order, mobility grouping on.  Total pages: 126720
Apr 17 14:51:20 vader-rover kernel: [    0.000000] Kernel command line: console=tty0 console=ttyO2,115200n8 root=/dev/mmcblk0p2 rootwait ro earlyprintk mpurate=720 vram=12M omapdss.def_disp=dvi omapfb.mode=dvi:1024x768MR-16@60
Apr 17 14:51:20 vader-rover kernel: [    0.000000] PID hash table entries: 2048 (order: 1, 8192 bytes)
Apr 17 14:51:20 vader-rover kernel: [    0.000000] Dentry cache hash table entries: 65536 (order: 6, 262144 bytes)
Apr 17 14:51:20 vader-rover kernel: [    0.000000] Inode-cache hash table entries: 32768 (order: 5, 131072 bytes)
Apr 17 14:51:20 vader-rover kernel: [    0.000000] allocated 1048576 bytes of page_cgroup
Apr 17 14:51:20 vader-rover kernel: [    0.000000] please try 'cgroup_disable=memory' option if you don't want memory cgroups
Apr 17 14:51:20 vader-rover kernel: [    0.000000] Memory: 499MB = 499MB total
Apr 17 14:51:20 vader-rover kernel: [    0.000000] Memory: 495808k/495808k available, 28480k reserved, 0K highmem
Apr 17 14:51:20 vader-rover kernel: [    0.000000] Virtual kernel memory layout:
Apr 17 14:51:20 vader-rover kernel: [    0.000000]     vector  : 0xffff0000 - 0xffff1000   (   4 kB)
Apr 17 14:51:20 vader-rover kernel: [    0.000000]     fixmap  : 0xfff00000 - 0xfffe0000   ( 896 kB)
Apr 17 14:51:20 vader-rover kernel: [    0.000000]     vmalloc : 0xe0800000 - 0xff000000   ( 488 MB)
Apr 17 14:51:20 vader-rover kernel: [    0.000000]     lowmem  : 0xc0000000 - 0xe0000000   ( 512 MB)
Apr 17 14:51:20 vader-rover kernel: [    0.000000]     pkmap   : 0xbfe00000 - 0xc0000000   (   2 MB)
Apr 17 14:51:20 vader-rover kernel: [    0.000000]     modules : 0xbf000000 - 0xbfe00000   (  14 MB)
Apr 17 14:51:20 vader-rover kernel: [    0.000000]       .text : 0xc0008000 - 0xc067abfc   (6603 kB)
Apr 17 14:51:20 vader-rover kernel: [    0.000000]       .init : 0xc067b000 - 0xc06b2000   ( 220 kB)
Apr 17 14:51:20 vader-rover kernel: [    0.000000]       .data : 0xc06b2000 - 0xc071b268   ( 421 kB)
Apr 17 14:51:20 vader-rover kernel: [    0.000000]        .bss : 0xc071b28c - 0xc07a6020   ( 556 kB)
Apr 17 14:51:20 vader-rover kernel: [    0.000000] NR_IRQS:474
Apr 17 14:51:20 vader-rover kernel: [    0.000000] IRQ: Found an INTC at 0xfa200000 (revision 4.0) with 96 interrupts
Apr 17 14:51:20 vader-rover kernel: [    0.000000] Total of 96 interrupts on 1 active controller
Apr 17 14:51:20 vader-rover kernel: [    0.000000] OMAP clockevent source: GPTIMER1 at 32768 Hz
Apr 17 14:51:20 vader-rover kernel: [    0.000000] sched_clock: 32 bits at 32kHz, resolution 30517ns, wraps every 131071999ms
Apr 17 14:51:20 vader-rover kernel: [    0.000000] OMAP clocksource: 32k_counter at 32768 Hz
Apr 17 14:51:20 vader-rover kernel: [    0.000000] Console: colour dummy device 80x30
Apr 17 14:51:20 vader-rover kernel: [    0.000000] console [tty0] enabled
Apr 17 14:51:20 vader-rover kernel: [    0.001007] Calibrating delay loop... 597.64 BogoMIPS (lpj=2334720)
Apr 17 14:51:20 vader-rover kernel: [    0.039093] pid_max: default: 32768 minimum: 301
Apr 17 14:51:20 vader-rover kernel: [    0.039276] Security Framework initialized
Apr 17 14:51:20 vader-rover kernel: [    0.039428] Mount-cache hash table entries: 512
Apr 17 14:51:20 vader-rover kernel: [    0.040222] Initializing cgroup subsys debug
Apr 17 14:51:20 vader-rover kernel: [    0.040283] Initializing cgroup subsys cpuacct
Apr 17 14:51:20 vader-rover kernel: [    0.040313] Initializing cgroup subsys memory
Apr 17 14:51:20 vader-rover kernel: [    0.040374] Initializing cgroup subsys devices
Apr 17 14:51:20 vader-rover kernel: [    0.040405] Initializing cgroup subsys freezer
Apr 17 14:51:20 vader-rover kernel: [    0.040435] Initializing cgroup subsys perf_event
Apr 17 14:51:20 vader-rover kernel: [    0.040557] CPU: Testing write buffer coherency: ok
Apr 17 14:51:20 vader-rover kernel: [    0.040893] Setting up static identity map for 0x8046ea98 - 0x8046eaf0
Apr 17 14:51:20 vader-rover kernel: [    0.046051] devtmpfs: initialized
Apr 17 14:51:20 vader-rover kernel: [    0.050872] dummy: 
Apr 17 14:51:20 vader-rover kernel: [    0.051269] NET: Registered protocol family 16
Apr 17 14:51:20 vader-rover kernel: [    0.051727] GPMC revision 5.0
Apr 17 14:51:20 vader-rover kernel: [    0.051788] gpmc: irq-20 could not claim: err -22
Apr 17 14:51:20 vader-rover kernel: [    0.053466] gpiochip_add: registered GPIOs 0 to 31 on device: gpio
Apr 17 14:51:20 vader-rover kernel: [    0.053558] OMAP GPIO hardware version 2.5
Apr 17 14:51:20 vader-rover kernel: [    0.053833] gpiochip_add: registered GPIOs 32 to 63 on device: gpio
Apr 17 14:51:20 vader-rover kernel: [    0.054107] gpiochip_add: registered GPIOs 64 to 95 on device: gpio
Apr 17 14:51:20 vader-rover kernel: [    0.054382] gpiochip_add: registered GPIOs 96 to 127 on device: gpio
Apr 17 14:51:20 vader-rover kernel: [    0.054779] gpiochip_add: registered GPIOs 128 to 159 on device: gpio
Apr 17 14:51:20 vader-rover kernel: [    0.055084] gpiochip_add: registered GPIOs 160 to 191 on device: gpio
Apr 17 14:51:20 vader-rover kernel: [    0.056030] omap_mux_init: Add partition: #1: core, flags: 0
Apr 17 14:51:20 vader-rover kernel: [    0.061035] _omap_mux_get_by_name: Could not find signal uart4_rx.uart4_rx
Apr 17 14:51:20 vader-rover kernel: [    0.066894] Reprogramming SDRC clock to 332000000 Hz
Apr 17 14:51:20 vader-rover kernel: [    0.066925] dpll3_m2_clk rate change failed: -22
Apr 17 14:51:20 vader-rover kernel: [    0.066955] Found NAND on CS0
Apr 17 14:51:20 vader-rover kernel: [    0.066986] Registering NAND on CS0
Apr 17 14:51:20 vader-rover kernel: [    0.068176]  usbhs_omap: alias fck already exists
Apr 17 14:51:20 vader-rover kernel: [    0.075683] hw-breakpoint: debug architecture 0x4 unsupported.
Apr 17 14:51:20 vader-rover kernel: [    0.078765]  omap-mcbsp.2: alias fck already exists
Apr 17 14:51:20 vader-rover kernel: [    0.078979]  omap-mcbsp.3: alias fck already exists
Apr 17 14:51:20 vader-rover kernel: [    0.080047] Switched to new clocking rate (Crystal/Core/MPU): 26.0/332/720 MHz
Apr 17 14:51:20 vader-rover kernel: [    0.080291] OMAP DMA hardware revision 5.0
Apr 17 14:51:20 vader-rover kernel: [    0.087310] bio: create slab <bio-0> at 0
Apr 17 14:51:20 vader-rover kernel: [    0.088012] fixed-dummy: 
Apr 17 14:51:20 vader-rover kernel: [    0.088104] reg-fixed-voltage reg-fixed-voltage.0: fixed-dummy supplying 0uV
Apr 17 14:51:20 vader-rover kernel: [    0.088287] vads7846: override min_uV, 1 -> 3300000
Apr 17 14:51:20 vader-rover kernel: [    0.088287] vads7846: override max_uV, 2147483647 -> 3300000
Apr 17 14:51:20 vader-rover kernel: [    0.088317] vads7846: 3300 mV 
Apr 17 14:51:20 vader-rover kernel: [    0.088409] reg-fixed-voltage reg-fixed-voltage.1: vads7846 supplying 3300000uV
Apr 17 14:51:20 vader-rover kernel: [    0.089019] SCSI subsystem initialized
Apr 17 14:51:20 vader-rover kernel: [    0.089294] usbcore: registered new interface driver usbfs
Apr 17 14:51:20 vader-rover kernel: [    0.089447] usbcore: registered new interface driver hub
Apr 17 14:51:20 vader-rover kernel: [    0.089660] usbcore: registered new device driver usb
Apr 17 14:51:20 vader-rover kernel: [    0.090087] omap_i2c omap_i2c.1: bus 1 rev1.4.0 at 2600 kHz
Apr 17 14:51:20 vader-rover kernel: [    0.092620] twl 1-0048: PIH (irq 7) chaining IRQs 320..328
Apr 17 14:51:20 vader-rover kernel: [    0.092773] twl 1-0048: power (irq 325) chaining IRQs 328..335
Apr 17 14:51:20 vader-rover kernel: [    0.093353] twl4030_gpio twl4030_gpio: gpio (irq 320) chaining IRQs 336..353
Apr 17 14:51:20 vader-rover kernel: [    0.093658] gpiochip_add: registered GPIOs 192 to 211 on device: twl4030
Apr 17 14:51:20 vader-rover kernel: [    0.094390] VUSB1V5: override min_uV, 1 -> 1500000
Apr 17 14:51:20 vader-rover kernel: [    0.094421] VUSB1V5: override max_uV, 2147483647 -> 1500000
Apr 17 14:51:20 vader-rover kernel: [    0.094421] VUSB1V5: 1500 mV normal standby
Apr 17 14:51:20 vader-rover kernel: [    0.094879] VUSB1V8: override min_uV, 1 -> 1800000
Apr 17 14:51:20 vader-rover kernel: [    0.094879] VUSB1V8: override max_uV, 2147483647 -> 1800000
Apr 17 14:51:20 vader-rover kernel: [    0.094909] VUSB1V8: 1800 mV normal standby
Apr 17 14:51:20 vader-rover kernel: [    0.095306] VUSB3V1: override min_uV, 1 -> 3100000
Apr 17 14:51:20 vader-rover kernel: [    0.095306] VUSB3V1: override max_uV, 2147483647 -> 3100000
Apr 17 14:51:20 vader-rover kernel: [    0.095336] VUSB3V1: 3100 mV normal standby
Apr 17 14:51:20 vader-rover kernel: [    0.096771] twl4030_usb twl4030_usb: HW_CONDITIONS 0x10/16; link 0
Apr 17 14:51:20 vader-rover kernel: [    0.097015] twl4030_usb twl4030_usb: Initialized TWL4030 USB module
Apr 17 14:51:20 vader-rover kernel: [    0.097503] vdd_mpu_iva: 600 <--> 1450 mV normal 
Apr 17 14:51:20 vader-rover kernel: [    0.097900] vdd_core: 600 <--> 1450 mV normal 
Apr 17 14:51:20 vader-rover kernel: [    0.098388] VMMC1: 1850 <--> 3150 mV at 3000 mV normal standby
Apr 17 14:51:20 vader-rover kernel: [    0.098876] VDAC: 1800 mV normal standby
Apr 17 14:51:20 vader-rover kernel: [    0.099395] VDVI: 1800 mV normal standby
Apr 17 14:51:20 vader-rover kernel: [    0.099822] omap_i2c omap_i2c.3: bus 3 rev1.4.0 at 400 kHz
Apr 17 14:51:20 vader-rover kernel: [    0.100585] omap-iommu omap-iommu.0: isp registered
Apr 17 14:51:20 vader-rover kernel: [    0.100799] Advanced Linux Sound Architecture Driver Version 1.0.25.
Apr 17 14:51:20 vader-rover kernel: [    0.101684] Switching to clocksource 32k_counter
Apr 17 14:51:20 vader-rover kernel: [    0.126190] usbhs_omap usbhs_omap: xclk60mhsp2_ck set parentfailed error:-22
Apr 17 14:51:20 vader-rover kernel: [    0.126953] NET: Registered protocol family 2
Apr 17 14:51:20 vader-rover kernel: [    0.127258] IP route cache hash table entries: 4096 (order: 2, 16384 bytes)
Apr 17 14:51:20 vader-rover kernel: [    0.127807] TCP established hash table entries: 16384 (order: 5, 131072 bytes)
Apr 17 14:51:20 vader-rover kernel: [    0.128112] TCP bind hash table entries: 16384 (order: 4, 65536 bytes)
Apr 17 14:51:20 vader-rover kernel: [    0.128295] TCP: Hash tables configured (established 16384 bind 16384)
Apr 17 14:51:20 vader-rover kernel: [    0.128326] TCP: reno registered
Apr 17 14:51:20 vader-rover kernel: [    0.128356] UDP hash table entries: 256 (order: 0, 4096 bytes)
Apr 17 14:51:20 vader-rover kernel: [    0.128417] UDP-Lite hash table entries: 256 (order: 0, 4096 bytes)
Apr 17 14:51:20 vader-rover kernel: [    0.128692] NET: Registered protocol family 1
Apr 17 14:51:20 vader-rover kernel: [    0.129211] RPC: Registered named UNIX socket transport module.
Apr 17 14:51:20 vader-rover kernel: [    0.129241] RPC: Registered udp transport module.
Apr 17 14:51:20 vader-rover kernel: [    0.129272] RPC: Registered tcp transport module.
Apr 17 14:51:20 vader-rover kernel: [    0.129302] RPC: Registered tcp NFSv4.1 backchannel transport module.
Apr 17 14:51:20 vader-rover kernel: [    0.129547] Trying to unpack rootfs image as initramfs...
Apr 17 14:51:20 vader-rover kernel: [    0.274658] Freeing initrd memory: 1764K
Apr 17 14:51:20 vader-rover kernel: [    0.276977] audit: initializing netlink socket (disabled)
Apr 17 14:51:20 vader-rover kernel: [    0.277069] type=2000 audit(0.273:1): initialized
Apr 17 14:51:20 vader-rover kernel: [    0.278442] VFS: Disk quotas dquot_6.5.2
Apr 17 14:51:20 vader-rover kernel: [    0.278564] Dquot-cache hash table entries: 1024 (order 0, 4096 bytes)
Apr 17 14:51:20 vader-rover kernel: [    0.278900] NFS: Registering the id_resolver key type
Apr 17 14:51:20 vader-rover kernel: [    0.279022] Key type id_resolver registered
Apr 17 14:51:20 vader-rover kernel: [    0.279449] jffs2: version 2.2. (NAND) (SUMMARY)  Â© 2001-2006 Red Hat, Inc.
Apr 17 14:51:20 vader-rover kernel: [    0.280090] fuse init (API version 7.19)
Apr 17 14:51:20 vader-rover kernel: [    0.280609] msgmni has been set to 971
Apr 17 14:51:20 vader-rover kernel: [    0.282379] Block layer SCSI generic (bsg) driver version 0.4 loaded (major 253)
Apr 17 14:51:20 vader-rover kernel: [    0.282440] io scheduler noop registered
Apr 17 14:51:20 vader-rover kernel: [    0.282440] io scheduler deadline registered (default)
Apr 17 14:51:20 vader-rover kernel: [    0.283233] OMAP DSS rev 2.0
Apr 17 14:51:20 vader-rover kernel: [    0.286163] omap_uart.0: ttyO0 at MMIO 0x4806a000 (irq = 72) is a OMAP UART0
Apr 17 14:51:20 vader-rover kernel: [    0.286651] omap_uart.1: ttyO1 at MMIO 0x4806c000 (irq = 73) is a OMAP UART1
Apr 17 14:51:20 vader-rover kernel: [    0.287078] omap_uart.2: ttyO2 at MMIO 0x49020000 (irq = 74) is a OMAP UART2
Apr 17 14:51:20 vader-rover kernel: [    0.987884] console [ttyO2] enabled
Apr 17 14:51:20 vader-rover kernel: [    0.991943] omap_uart.3: ttyO3 at MMIO 0x49042000 (irq = 80) is a OMAP UART3
Apr 17 14:51:20 vader-rover kernel: [    1.006835] brd: module loaded
Apr 17 14:51:20 vader-rover kernel: [    1.013946] loop: module loaded
Apr 17 14:51:20 vader-rover kernel: [    1.019378] twl4030_madc twl4030_madc: clk disabled, enabling
Apr 17 14:51:20 vader-rover kernel: [    1.027343] NAND device: Manufacturer ID: 0x2c, Chip ID: 0xbc (Micron NAND 512MiB 1,8V 16-bit), page size: 2048, OOB size: 64
Apr 17 14:51:20 vader-rover kernel: [    1.052185] Creating 5 MTD partitions on "omap2-nand.0":
Apr 17 14:51:20 vader-rover kernel: [    1.057952] 0x000000000000-0x000000080000 : "xloader"
Apr 17 14:51:20 vader-rover kernel: [    1.064788] 0x000000080000-0x000000240000 : "uboot"
Apr 17 14:51:20 vader-rover kernel: [    1.072143] 0x000000240000-0x000000280000 : "uboot environment"
Apr 17 14:51:20 vader-rover kernel: [    1.079498] 0x000000280000-0x000000680000 : "linux"
Apr 17 14:51:20 vader-rover kernel: [    1.088378] 0x000000680000-0x000020000000 : "rootfs"
Apr 17 14:51:20 vader-rover kernel: [    1.446990] smsc911x: Driver version 2008-10-21
Apr 17 14:51:20 vader-rover kernel: [    1.452148] smsc911x: Driver version 2008-10-21
Apr 17 14:51:20 vader-rover kernel: [    1.457397] usbcore: registered new interface driver asix
Apr 17 14:51:20 vader-rover kernel: [    1.463195] usbcore: registered new interface driver cdc_ether
Apr 17 14:51:20 vader-rover kernel: [    1.469451] usbcore: registered new interface driver cdc_ncm
Apr 17 14:51:20 vader-rover kernel: [    1.475677] ehci_hcd: USB 2.0 'Enhanced' Host Controller (EHCI) Driver
