[  154.340545] Set BSSID under fw_state=0x00000088
[  154.550
[ 154.554351] OnAuthClient
[  154.554412] network.SupportedRa
[  
[  154.554412] network.SupportedRates[2]=18
[  154.554412] netw
[  154.554443] network.SupportedRates[4
[  154.554443] network.
[  154.554443] network.SupportedRates[6]=60
[  154.554443] netw
[  154.554473] bssrate_len = 8
[  154.554473] declare support
[  154.558807] OnAssocRsp
[  154.558837] report_join_res(1)
[  15
[  154.558868] +rtw_update_ht_cap()
[  154.558898] rtw_joinbss
[  154.559234] IPv6: ADDRCONF(NETDEV_CHANGE): wla
[  154.56015
[  154.562561] WMM(0): 0, a42b
[  154.563659] WMM(1): 0, a44f
[  154.564392] WMM(3): 0, 2f3222
[  154.564392] HTOnAssocRsp
[
[  154.587615] rtl8192c_set_FwJoinBssReport
[  154.590393] Set
[  154.590454] Set RSVD page location to Fw.
[  154.
[  154.643
[  154.658813] rtw_aes_decrypt:rx bc/mc packets,but didn't ins
[  154.728271] [rtw_wx_set_pmkid] IW_PMKSA_ADD!
[  154.728302]
[  154.739227] 
[  154.739227]  ~~~~stastakey:unicastkey
[  1

[  154.747009] SetHwReg8192CU, 5126, RCR= 70006
[  160.804901]
[  160.804931] OnAction_back, action=0
[  160.804931] issue_ac
[  162.289550] 
[  162.289581] rtw_wx_get_frag, frag_len=2
[  
[  281.450073] issue_action_BA, 
[  281.450103] BA_starting_se
[  281.455444] OnAction_back
[  2
[  281.455474] agg_enable 
[
[  309.254882] 
[  309.254913] BA_starting_seqctrl = 18 fo
[  
[  309.260711] OnAction_back, ac
[  309.260711] agg_enable for
[  381.689117] ehci-omap ehci-oma
[  458.691925] ehci-omap e
[
[  527.831146] 
[  527.831176] hub 1-0:1.0: port 2 enable 
[  
[  527.854309] hub 1-0:1.0: port
[  527.854339] usb 1-2: USB d
[  527.854339] usb 1-2.1: USB dis
[  527.854370] usb 1-2.1: 
[
[  527.854553] 
[  527.854583] ehci-omap ehci-omap.0: shut
[  
[  527.854583] ehci-omap ehci-om
[  527.854614] ehci-omap ehci
[  527.854614] ehci-omap ehci-om
[  527.854614] ehci-omap e
[ 
[  527.854644] ehci-omap ehci-omap.0: shutdown ur
[  527.85467
[  527.854675] ehci-omap ehci
[  527.854675] ehci-omap ehci-om
[  527.854705] ehci-omap ehci-omap.0: shutdown urb d
[  527.85
[  527.854705] ehci-omap ehci
[  527.854736] ehci-omap ehci-om
[  527.854736] ehci-omap ehci-omap.0: shu
[  527.854736] ehci-
[  527.854766] ehci-omap ehci-oma
[  527.854766] ehci-omap ehc
[  527.854766] ehci-omap ehci-omap.0: 
[  527.854797] ehci-omap ehci-omap.0: sh
[  527.854797] ehci-omap ehci-omap
[
[  527.854827] ehci-omap ehci-omap.0:
[  527.854827] ehci-omap ehci-om
[  52
[  527.854858] ehci-omap ehci-omap.0: shut
[  527
[  527.854888] ehci-omap ehci-omap.0: shutdown urb de370d40 e
[  527.854888] ehci-omap ehci-o
[  527.854888
[  527.854919] ehci-omap ehci-omap.0: shutdown urb 
[  527.8549
[  527.854919] ehci-omap ehci-omap.0: shutdown urb defd4e4
[  52
[  527.854949] ehci-omap ehci-omap.0: shut
[  527.854949] ehci-o
[  527.854980] ehci-omap ehci-omap.0: shutdown urb deffa7c0 ep1i
[  527.854980] ehci-omap ehci-omap.0: sh
[  527.855010] ehci-oma
[  527.855010] ehci-omap ehci-
[  527.855010] ehci-oma
[  527.
[  527.855041] ehci-omap ehci-omap.
[
[  527.855072] ehci-omap
[  527.855072] ehci-omap ehci-omap.
[  527.855072] ehci-o
[  5
[  527.855102] ehci-omap ehci-omap.0: shutdown 
[  527.855133]
[  527.855133] ehci-omap ehci-omap.0: shutdown 

[  527.855163]
[  527.855163] ehci-omap ehci-omap.0: shut
[  527.855163] ehci-
[  527.855194] ehci-omap ehci-omap.0: shutdown ur
[  527.855194
[  527.855224] ehci-omap ehci-omap.0: shutdown u
[  527
[  527.
[  527.855255] ehci-omap ehci-omap.0: shutdown u
[  527.855255] 
[  527.855255] ehci-omap ehci-omap.0: shutdown urb de
[  527.8
[
[  527.855285] 
[  527.855316] ehci-omap ehci-o
[  527.855316]
[  527.855346] ehci-omap ehci-omap.0: shu
[  527.855346] ehci-
[  527.855346] ehci-omap ehci-omap.0: shut
[  527.855377] ehci
[  527.855377] ehci-omap ehci-oma
[  527.855407] ehci-
[  527.
[  527.855407] ehci-omap ehci-omap.0: shutdown urb de38af40 ep
[  527.855438] ehci-omap ehci-omap.0: shutdown urb deffae40 e

[  527.855438] ehci-omap ehci-omap.0: shutdown urb def
[  527.8
[  527.855468] ehci-omap ehci-omap.0: sh
[  527.855499] ehci-om
[  527.855499] ehci-omap ehci-omap.0: shutdown urb
[  527.855
[  527.855529] ehci-omap e
[  527.855529] ehci-omap ehci-omap
[  
[  527.855560] ehci-omap ehci-omap.0: shutd
[  527.855560] ehci
[  527.855590] ehci-omap ehci-omap.0: s
[  527.855590] ehci-oma
[  527.855590] ehci-omap ehci-omap.0: shutd
[  527.855621] ehci
[  527.855621] ehci-omap ehci-
[  527.855651] ehci-omap ehci-
[  527.855651] ehci-omap 
[  527.855651] ehci-omap ehci-oma
[  52
[  527.855682] ehci-omap ehci-omap.
[  527.855712] ehci-omap e
[  527.855712] ehci-omap ehci-omap.0: shutdown ur
[  527.85571
[  527.855743] ehci-omap ehci-
[  527.855743] ehci-omap ehci-

[  527.855773] ehci-omap ehci-om
[  527.855773] ehci-omap eh
[
[  527.855804] ehci-omap ehci-omap.0: shutd
[  527.855834] ehc
[  527.855834] ehci-omap ehci-omap.0: shutdo
[  527.
[  527.855
[  527.855865] ehci-omap ehci-omap.0: shutdown urb de370c40 ep
[  527.855895] ehci-omap ehci-omap.0: shutdown 
[  527.855895]
[  527.855895] 
[  527.855926] ehci-omap ehci-omap.0: sh
[  5

[  527.855957] ehci-omap ehci-omap.0: shutdown 
[  527.855957]
[  527.855987] ehci-omap ehci-omap.0: 
[  527.855987] ehci-oma
[  527.856018] 
[  527.856018] ehci-omap ehci-omap.0: shut
[  
[  527.856048] ehci-omap ehci-om
[  527.856048] ehci-omap ehci
[  527.856079] ehci-omap ehc
[  5
[  527.856109] ehci-omap e
[
[  527.856109] 
[  527.856140] ehci-omap ehci-omap.0: shut
[  
[  527.856170] ehci-omap ehci-om
[  527.856170] ehci-omap ehci
[  527.856201] ehci-omap ehci-oma
[  527.856201] ehci-omap e
[
[  527.856231] 
[  527.856231] ehci-omap ehci-omap.0: shut
[  
[  527.856262] ehci-omap ehci-om
[  527.856292] ehci-omap ehci
[  527.856292] ehci-omap ehci-oma
[  527.856292] ehci-omap e
[
[  527.856323] 
[  527.856353] ehci-omap ehci-omap.0: shut
[  
[  527.856384] ehci-omap ehci-om
[  527.856384] ehci-omap ehci
[  527.856384] ehci-omap ehci-om
[  527.856414] ehci-omap e
[ 
[  527.875518] usb 1-2.1: usb_disable_device nuki
[  527.87988
[  527.879913] usb 1-2.2: unr
[  527.879913] usb 1-2.2: unregi
[  527.880249] ehci-omap ehci-omap.0: shutdown urb d
[  527.88
[  527.880279] ehci-omap ehci
[  527.880279] ehci-omap ehci-om
[  527.893218] ###=> usb_read_port_comple
[  527.893280] usb_r
[  527.893280] usb_read_port_comp
[  527.893310] usb_read_port
[  527.893371] +rtw_dev_remove
[  527.
[  528.369934] usb 1-2.2: kworker/0:4 ti
[  528.369964] reg 0x4c, usb read 
[
[  528.369995] reg 0x4c, usb read 1 f
[  528.370025] reg 0x4c, usb rea
[  52
[  528.370086] reg 0x6a4, usb write 2 fail
[  528
[  528.370117] HW_VAR_BASIC_RATE: BrateCfg(0x15d)
[  528.3702
[  528.370269] -871x_drv - drv_
[  528.373596
[  528.824401] ehci-omap ehci-omap.0: shutdown urb 
[  528.8244
[  528.824432] ehci-omap ehci-omap.0: shutdown urb deff88c
[  52
[  528.824432] ehci-omap ehci-omap.0: shut
[  528.824462] ehci-o
[  528.824462] ehci-omap ehci-omap.0: shutdown urb de0296c0 ep1i
[  528.824462] ehci-omap ehci-omap.0: sh
[  528.824493] ehci-oma
[  528.824493] ehci-omap ehci-
[  528.824493] ehci-oma
[  528.
[  528.824523] ehci-omap ehci-omap.
[
[  528.824554] ehci-omap
[  528.824554] ehci-omap ehci-omap.
[  528.824584] ehci-o
[  5
[  528.824584] ehci-omap ehci-omap.0: shutdown 
[  528.824615]
[  528.824615] ehci-omap ehci-omap.0: shutdown 

[  528.824645]
[  528.824645] ehci-omap ehci-omap.0: shut
[  528.824645] ehci-
[  528.824676] ehci-omap ehci-omap.0: shutdown ur
[  528.824676
[  528.824707] ehci-omap ehci-omap.0: shutdown u
[  528
[  528.
[  528.824737] ehci-omap ehci-omap.0: shutdown u
[  528.824737] 
[  528.824737] ehci-omap ehci-omap.0: shutdown urb de
[  528.8
[
[  528.824768] 
[  528.824798] ehci-omap ehci-o
[  528.824798]
[  528.824798] ehci-omap ehci-omap.0: shu
[  528.824829] ehci-
[  528.824829] ehci-omap ehci-omap.0: shut
[  528.824859] ehci
[  528.824859] ehci-omap ehci-oma
[  528.824859] ehci-
[  528.
[  528.824890] ehci-omap ehci-omap.0: shutdown urb defeccc0 ep
[  528.824890] ehci-omap ehci-omap.0: shutdown urb de3892c0 e

[  528.824920] ehci-omap ehci-omap.0: shutdown urb de3
[  528.8
[  528.824951] ehci-omap ehci-omap.0: sh
[  528.824951] ehci-om
[  528.824981] ehci-omap ehci-omap.0: shutdown urb
[  528.824
[  528.824981] ehci-omap e
[  528.825012] ehci-omap ehci-omap
[  
[  528.825012] ehci-omap ehci-omap.0: shutd
[  528.825042] ehci
[  528.825042] ehci-omap ehci-omap.0: s
[  528.825073] ehci-oma
[  528.825073] ehci-omap ehci-omap.0: shutd
[  528.825073] ehci
[  528.825103] ehci-omap ehci-
[  528.825103] ehci-omap ehci-
[  528.825103] ehci-omap 
[  528.825134] ehci-omap ehci-oma
[  52
[  528.825164] ehci-omap ehci-omap.
[  528.825164] ehci-omap e
[  528.825164] ehci-omap ehci-omap.0: shutdown ur
[  528.82519
[  528.825195] ehci-omap ehci-
[  528.825195] ehci-omap ehci-

[  528.825225] ehci-omap ehci-om
[  528.825256] ehci-omap eh
[
[  528.825256] ehci-omap ehci-omap.0: shutd
[  528.825286] ehc
[  528.825286] ehci-omap ehci-omap.0: shutdo
[  528.
[  528.825
[  528.825317] ehci-omap ehci-omap.0: shutdown urb de3a23c0 ep
[  528.825347] ehci-omap ehci-omap.0: shutdown 
[  528.825347]
[  528.825347] 
[  528.825378] ehci-omap ehci-omap.0: sh
[  5

[  528.825408] ehci-omap ehci-omap.0: shutdown 
[  528.825408]
[  528.825439] ehci-omap ehci-omap.0: 
[  528.825439] ehci-oma
[  528.825439] 
[  528.825469] ehci-omap ehci-omap.0: shut
[  
[  528.825500] ehci-omap ehci-om
[  528.825500] ehci-omap ehci
[  528.825500] ehci-omap ehc
[  5
[  528.825531] ehci-omap e
[
[  528.825561] 
[  528.825561] ehci-omap ehci-omap.0: shut
[  
[  528.825592] ehci-omap ehci-om
[  528.825622] ehci-omap ehci
[  528.825622] ehci-omap ehci-oma
[  528.825622] ehci-omap e
[
[  528.825653] 
[  528.825683] ehci-omap ehci-omap.0: shut
[  
[  528.825683] ehci-omap ehci-om
[  528.825714] ehci-omap ehci
[  528.825714] ehci-omap ehci-oma
[  528.825744] ehci-omap e
[
[  528.825744] 
[  528.825775] ehci-omap ehci-omap.0: shut
[  
[  528.825805] ehci-omap ehci-om
[  528.825805] ehci-omap ehci
[  528.825805] ehci-omap ehci-om
[  528.825836] ehci-omap e
[ 
[  528.825866] ehci-omap ehci-omap.0: shutdown ur
[  528.82586
[  528.825866] ehci-omap ehci
[  528.825897] ehci-omap ehci-om
[  528.825897] ehci-omap ehci-omap.0: shutdown urb d
[  528.82
[  528.825927] ehci-omap ehci
[  529.158966] rtw_pm_set_ips IP
[  529.158996] rtw_sta_flush(wlan1)
[  52
[  529.159057] usb_r
[  529.159057] usb_write_port_can
[  529.159149] <=== rtw_dev_
[  529.159149] rtw_usb_if1_dei
[  529.
[  529.159606] =====> rtl8192c_free_hal_
[  529.159606] <===== rtl8192c_fre
[
[  529.159820] usb 1-2.2: usb_disable
[  529.163940] usb 1-2.4: USB di
[  52
[  529.163970] usb 1-2.4: unregistering in
[  529
[  529.170745] pl2303 1-2.4:1.0: device disconnec
[  529.1708
[  529.171630] usb 1-2.6: USB d
[  529.171661
[  529.171661] usb 1-2.6: unregistering interface 1
[  529.1775
[  529.177581] ftdi_sio 1-2.6:1.0: device disconnected
[  
[  52
[  529.178161] usb 1-2.7: unregistering de
[  529.178192] usb 1-
[  529.178375] usb 1-2.7: usb_disable_device nuking all URBs
[  
[  529.179321] usb 1-2: unregistering in
[  529.179504] usb 1-2:
[  529.179565] ehci-omap ehci-
[  529.179656] usb 1-2:
[  529.
[  529.339324] hub 1-0:1.0: debounc
[
[  532.010589] hub 1-0:1
[  532.010681] usb usb1: bus auto-s
[  532.010711] ehci-o
[  5
dmesg
~~
halt
/etc/init.d/keepalive-ping.sh stop
halt
/root/bin/run_cameras
htop
emacs today.text &
/etc/init.d/keepalive-ping.sh stop
dmesg
halt
lsmod
lsusb
modprobe -r usbserial
rmmod usbserial
lsusb
rmmod -f usbserial
lsusb
reboot
/etc/ini
/etc/init.d/keepalive-ping.sh stop
dmesg | tail
dmesg
root@vader-rover:~# dmesg
[    0.000000] Booting Linux on physical CPU 0
[    0.000000] Initializing cgroup subsys cpuset
[    0.000000] Initializing cgroup subsys cpu
[    0.000000] Linux version 3.5.0-2-linaro-omap (adam@pine) (gcc version 4.6.3 (Ubuntu/Linaro 4.6.3-1ubuntu5) ) #2~ci+1212101902
[    0.000000] CPU: ARMv7 Processor [413fc082] revision 2 (ARMv7), cr=10c53c7d
[    0.000000] CPU: PIPT / VIPT nonaliasing data cache, VIPT aliasing instruction cache
[    0.000000] Machine: Gumstix Overo
[    0.000000] Reserving 12582912 bytes SDRAM for VRAM
[    0.000000] Memory policy: ECC disabled, Data cache writeback
[    0.000000] On node 0 totalpages: 127744
[    0.000000] free_area_init_node: node 0, pgdat c070b85c, node_mem_map c07a7000
[    0.000000]   Normal zone: 1024 pages used for memmap
[    0.000000]   Normal zone: 0 pages reserved
[    0.000000]   Normal zone: 126720 pages, LIFO batch:31
[    0.000000] OMAP3630 ES1.2 (l2cache iva sgx neon isp 192mhz_clk )
[    0.000000] Clocking rate (Crystal/Core/MPU): 26.0/332/600 MHz
[    0.000000] pcpu-alloc: s0 r0 d32768 u32768 alloc=1*32768
[    0.000000] pcpu-alloc: [0] 0 
[    0.000000] Built 1 zonelists in Zone order, mobility grouping on.  Total pages: 126720
[    0.000000] Kernel command line: console=tty0 console=ttyO2,115200n8 root=/dev/mmcblk0p2 rootwait ro earlyprintk mpurate=720 0
[    0.000000] PID hash table entries: 2048 (order: 1, 8192 bytes)
[    0.000000] Dentry cache hash table entries: 65536 (order: 6, 262144 bytes)
[    0.000000] Inode-cache hash table entries: 32768 (order: 5, 131072 bytes)
[    0.000000] allocated 1048576 bytes of page_cgroup
[    0.000000] please try 'cgroup_disable=memory' option if you don't want memory cgroups
[    0.000000] Memory: 499MB = 499MB total
[    0.000000] Memory: 495808k/495808k available, 28480k reserved, 0K highmem
[    0.000000] Virtual kernel memory layout:
[    0.000000]     vector  : 0xffff0000 - 0xffff1000   (   4 kB)
[    0.000000]     fixmap  : 0xfff00000 - 0xfffe0000   ( 896 kB)
[    0.000000]     vmalloc : 0xe0800000 - 0xff000000   ( 488 MB)
[    0.000000]     lowmem  : 0xc0000000 - 0xe0000000   ( 512 MB)
[    0.000000]     pkmap   : 0xbfe00000 - 0xc0000000   (   2 MB)
[    0.000000]     modules : 0xbf000000 - 0xbfe00000   (  14 MB)
[    0.000000]       .text : 0xc0008000 - 0xc067abfc   (6603 kB)
[    0.000000]       .init : 0xc067b000 - 0xc06b2000   ( 220 kB)
[    0.000000]       .data : 0xc06b2000 - 0xc071b268   ( 421 kB)
[    0.000000]        .bss : 0xc071b28c - 0xc07a6020   ( 556 kB)
[    0.000000] NR_IRQS:474
[    0.000000] IRQ: Found an INTC at 0xfa200000 (revision 4.0) with 96 interrupts
[    0.000000] Total of 96 interrupts on 1 active controller
[    0.000000] OMAP clockevent source: GPTIMER1 at 32768 Hz
[    0.000000] sched_clock: 32 bits at 32kHz, resolution 30517ns, wraps every 131071999ms
[    0.000000] OMAP clocksource: 32k_counter at 32768 Hz
[    0.000000] Console: colour dummy device 80x30
[    0.000000] console [tty0] enabled
[    0.001007] Calibrating delay loop... 597.64 BogoMIPS (lpj=2334720)
[    0.039123] pid_max: default: 32768 minimum: 301
[    0.039337] Security Framework initialized
[    0.039459] Mount-cache hash table entries: 512
[    0.040252] Initializing cgroup subsys debug
[    0.040313] Initializing cgroup subsys cpuacct
[    0.040313] Initializing cgroup subsys memory
[    0.040405] Initializing cgroup subsys devices
[    0.040435] Initializing cgroup subsys freezer
[    0.040435] Initializing cgroup subsys perf_event
[    0.040588] CPU: Testing write buffer coherency: ok
[    0.040924] Setting up static identity map for 0x8046ea98 - 0x8046eaf0
[    0.046081] devtmpfs: initialized
[    0.050903] dummy: 
[    0.051300] NET: Registered protocol family 16
[    0.051757] GPMC revision 5.0
[    0.051818] gpmc: irq-20 could not claim: err -22
[    0.053497] gpiochip_add: registered GPIOs 0 to 31 on device: gpio
[    0.053588] OMAP GPIO hardware version 2.5
[    0.053863] gpiochip_add: registered GPIOs 32 to 63 on device: gpio
[    0.054138] gpiochip_add: registered GPIOs 64 to 95 on device: gpio
[    0.054412] gpiochip_add: registered GPIOs 96 to 127 on device: gpio
[    0.054687] gpiochip_add: registered GPIOs 128 to 159 on device: gpio
[    0.055084] gpiochip_add: registered GPIOs 160 to 191 on device: gpio
[    0.056030] omap_mux_init: Add partition: #1: core, flags: 0
[    0.061035] _omap_mux_get_by_name: Could not find signal uart4_rx.uart4_rx
[    0.066894] Reprogramming SDRC clock to 332000000 Hz
[    0.066955] dpll3_m2_clk rate change failed: -22
[    0.066986] Found NAND on CS0
[    0.066986] Registering NAND on CS0
[    0.068206]  usbhs_omap: alias fck already exists
[    0.0757
[    0.078796]  omap-mcbsp.2: alias fck alr
[    0.079010]  omap-mcbsp.3: alias fck already exists
[    0.080078] Switched to
[    0.080291] OMAP DMA hardware revision 5.0
[    0.087
[    0.088012] fixed-dummy: 
[    0.088134] re
[    0.088317] vads7846: override min_uV, 1 -> 3300000
[ 
[    0.088348] vads7846: 3300 mV 
[    0.088439] reg-fixed-voltage r
[    0.089050] SCSI subsystem initialized
[    0.089324] usbcore:
[    0.089477] usbcore: registered new interface driver hub

[    0.090118] omap_i2c omap_i2c.
[    0.092651] twl 1-0048: PIH (irq 7) chaining IRQs 320..328
[    0.092803] twl 1-0048: p
[    0.093383] twl4030_gpio twl4030_gpio: gpio (irq 320) chaining IRQs 336..353
[    0.093688] gpiochip_add: registered GPIOs 192
[    0.094421] VUSB1V5: override min_uV, 1 -> 1500000
[    0.09442
[    0.094451] VUSB1V5: 1500 mV normal standby
[    0.094909] VUSB1V8: overrid
[    0.094909] VUSB1V8: override max_uV, 2147483647 -> 1800000
[    0.094940]
[    0.095336] VUSB3V1: override min_uV, 1 -> 3100000
[    0.095336] VUSB3V1: override max_uV, 2147483647 -> 3100000
[    0.095367] VUSB3V1: 31
[    0.096801] twl4030_usb twl4030_usb: HW
[    0.097015] twl4030_usb twl4030_usb: Initialized TWL4030 USB module
[    0
[    0.097900] vdd_core: 600 <--> 1450 mV no
[    0.098388] VMMC1: 1850 <--> 3150 mV at 3000 mV normal standb
[    0.098907] VDAC: 1800 mV normal standby
[    0.099395] VDVI:
[    0.099853] omap_i2c omap_i2c.3: bus 3 rev1.4.0 at 400 kHz
[ 
[    0.100799] Advanced Linux Sound Architecture Driver Version 
[    0.101684] Switching to clocksource 32k_counter
[    0.12619
[    0.126953] NET: Registered protocol family 2
[    0.127258] 
[    0.127807] TCP established hash table entries: 16384 (order:
[    0.128112] TCP bind hash table entries: 16384 (order: 4, 655
[    0.128326] TCP: Hash tables configured (established 16384 bi
[    0.128326] TCP: reno registered
[    0.128356] UDP hash tabl
[    0.128417] UDP-Lite ha
[    0.128692] NET: Registered protocol family 1
[    0.129211] RPC: Registered n
[    0.129272] RPC: Registered udp transport module.
[    0.
[    0.129302] RPC: Registered tcp NFSv4.1 backchannel tran
[    0.129577] Trying to unpack rootfs image as initramfs...
[    0.274627] Freeing initr
[    0.276947] audit: initializing netlink socket (disab
[    0.277038] type=2000 audit(0.273:1): initiali
[    0.278411] VFS: Disk quotas dquot
[    0.278533] Dquot-cache hash table entries: 1024 (order 0, 4096 byt
[    0.278869] NFS: Registering the id_resolver key
[    0.278961] Key type id_resolver registere
[    0.279418] jffs2: version 2.2. (NAND) (SUMMARY
[    0.280059] fuse init (API version 7.19)
[  
[    0.282348] Block layer SCSI generic (bsg) dri
[    0.282379] io scheduler noop registered
[   
[    0.283172] OMAP DSS rev 2.0
[    0.286132] om
[    0.286621] omap_uart.1: ttyO1 at MMIO 0x4806c
[    0.287017] omap_uart.2: ttyO2 at MMIO 0x49020000
[    0.988189] console [ttyO2] enabled
[    0.992309] 
[    1.007232] brd: module loaded
[    1.014282] loop: module loaded
[   
[    1.027740] NAND device: Manufact
[    1.052581] Creatin
[    1.058349] 0x000000000000-0x000000080000 : "x
[    1.065185] 0x000000080000-0x
[    1.072540] 0x000000240000-0x000000280000 : "uboo
[    1.079895] 0x000000280000-0x000000680000 : "linux"
[    1.088775]
[    1.447418] smsc911x: Driver version 2008-
[    1.452575] smsc911x: Driver version 2008-10-21
[    1.457824] usbc
[    1.463623] usbcore: registered new interface driver cdc_ether
[   
[    1.476135] ehci_hcd: USB 2.0 'Enhanced' Host Controller (EHCI) Driv
[    1.483032] ehci_hcd: block sizes: qh 64 qtd 96 itd 160 sitd 96
[    
[    2.484649] ehci-omap ehci-omap.0: phy reset operation timed out
[   
[    2.484680] ehci-omap ehci-omap.0: reset hcc_params 0016 thr
[    2.484710] ehci-omap ehci-omap.0: reset command 0080b02  park=3 ithresh=8
[    2.484741] ehci-omap ehci-omap.0: OMAP-EHCI Host Co
[    2.490997] ehci-omap ehci-omap.0: new USB bus r
[    2.498870] ehci-omap ehci-om
[    2.498931] ehci-omap ehci-omap.0: 
[    2.504913] ehci-omap ehci-omap.0: init command 0
[    2.5159
[    2.522125] usb usb1: default language 0
[    2.522186] usb usb1: udev 1, busnum 1, minor = 0
[
[    2.529357] usb usb1: N
[    2.536956] usb usb1: Product: OMAP-EHCI H
[    2.542
[    2.549438] usb usb1: Ser
[    2.554687] us
[    2.554718] usb usb1: configuration #1 chosen from 
[ 
[    2.554901] hub 1-0:1.0: usb_p
[    2.554931] hub 1-0:1.0: usb_pr
[    2.554931] hub 1-0:1.0: USB hub found
[    2.558929] hub 1-0:
[    2.563171] hub 1-0:1.0: standalone hub
[    2.563201] h
[    2.563201] hub 1-0:1.0: indivi
[    2.563232] hub 1-0:1.0: power on to power good time: 20ms
[    2.563262] hub 1-0:1.0: 
[    2.563262] hub 1-0:1.0: enabling power on all ports
[    2.563568] ehci-oma
[    2.594238] Initializing USB Mass Storage driv
[    2.599517] usbcore: registered new interface driv
[    2.60586
[    2.610748] musb-hdrc: version 6.0, ?dma?, 
[    2.622741] twl4030_usb twl4
[    2.622985] musb-hdrc: ConfigData=0xde (UTMI-8, dyn FIFOs, 
[    2.623016]
[    2.623016] musb-hdrc: setup fifo_mode 4
[    2.62
[    2.623443] musb-hdrc musb-hdrc: USB OTG mode controller at
[    2.633728] twl4030_usb
[    2.634216] mousedev: PS/2 mouse device
[    2.640747] twl_rtc twl_rtc: Enabling TWL-RTC
[    2.647949] twl_rt
[    2
[    2.660278] voltdm_scale: No voltage scal
[    2.667572] ehci-omap ehci-omap.0: GetStatus port:2 status 00
[    2.667572] hub 1-0:1.0: port 2: status 
[    2.667633] platf
[    2.674346] cpuidle: using governor ladder
[    2.678649] 
[ 
[    2.766021] hub 1-0:1.0: state 7 ports 3 chg 0004 evt 0000
[ 
[    2.828491] ehci-omap ehci-omap.0: port 2 reset 
[    2.82852
[    2.890960] usb 1-2: new high-speed USB devic
[    2.953460] 
[    2.953491] ehci-omap ehci-omap.0: GetStatus port:2 status 00
[    3.047698] usb 1-2: default language 0x0409
[    3.047851] u
[    3.047851] usb 1-2: New USB device found, idVendor=050d, idP
[    3.054931] usb 1-2: New USB dev
[    3.062438] usb 1-2: Prod
[    3.067718] omap_hsmmc 
[    3.074493] usb 1-2: usb_probe_device
[    3.
[    3.074798] usb 1-2: adding 1
[    3.074951] hub 1-2:1.0: usb_probe_interface
[   
[    3.
[    3.081695] hub 1-2:1.0: 7 ports detected
[    3.085937]
[    3.085968] hub 1-2:1.0: ganged power switching
[    3.08
[    3.086181] hub 1-2:1.0: 
[    3.086212] hub 1-2:1.0: TT requires at most 8 FS bit
[    3.086212] hub 1-2:1.0: Port indicators are s
[    3.086303] hub 1-2:1.0: power on 
[    3.086578] hub 1-2:1.0: local power source is good
[    3.086639] 
[    3.125793] Registered led device: overo:red:gpi
[    3.125915] Registered led device: overo:b
[    3.126556] Registered led device: overo:blue:C
[    3.128021] usbcore: registered new inte
[  
[    3.139099] usbcore: registered new interface 
[    3.146881] overo SoC init
[    3.149932
[   
[    3.188201] hub 1-2:1.0: por
[    3.188568] hu
[    3.188934] hub 1-2:1.0: port 6: status 0101 c
[    3.189178] hub 1-2:1.0: port 7: status 0101 chan
[    3.238311] twl4030-codec twl4030-c
[    3.249420] 
[    3.259460] oprofile: hardware
[    3.264770] oprofile: using tim
[   
[    3.273223] NET: Registered proto
[    3.278137] NET: Re
[    3.283142] Key type dns_resolver registered
[
[    3.291107] hub 1-2:1.0: stat
[    3.287933] VFP support v0.3: implementor 41 arch
[    3.296295] hub 1-2:1.0: port 1, status 0101, chang
[    3.300933]
[    3.305664] sr_init: No PMIC hook to init 
[    3.311431] smartreflex smartreflex.0: omap_sr_
[    3.319976] smar
[    3.335083] clock: disabling unused clocks to save power
[    
[   
[    3.371582] Console: switching to colour frame buffer device 128x48

[    3.397186] VDAC: incomplete constraints, leaving on
[    3.405
[    
[    3.417602]   #0: overo
[    3.420867] Freeing init memory: 220K
[   
[    3.508178] usb 1-2.1: udev 3, busnum 1, minor = 2
[    3.50
[    3.515594] usb 1-2.1: New USB device strings: Mfr=1, Product=2, SerialNum
[    3.535522] usb 1-2.1: Product: USB 2.0 Digital Imag
[    3.547729] usb 1-2.1: Manufacturer: Point Grey 
[    3.558654] usb 1-2.1: Serial
[    3.569610] usb 1-2.1: usb_probe_de
[    3.569641] usb 1-2.1: configuration #1 chosen fr
[    3.5700
[    3.570953] hub 1-2:1.0: port 2, status 
[    3.583343] mmc0: host does not support reading r
[
[    3.610565] udevd[78]: 
[    3.638580] mmcblk0: mmc0:59b4       59.6 
[    3.656
[    3.670928]  mmcblk0: p1 
[    3.735961] mm
[    3.829864] usb 1-2.2: default language 0x0409
[   
[ 
[    3.856994] usb 1-2.2: New USB
[    3.895782] usb 1-2.2: Product:
[    3.911956] usb 1-2.2: Manufacturer: R
[    3.930114] usb 1-2.
[    3.953033] usb 1-2.2: usb_probe_device
[    3.953063] u
[    3.953613] usb 1-2.2: adding 1
[    3.954498] hub 1-2:1.0: port 4, status 0101, change 0000,
[    4.039764] usb 1-2.4: ne
[    4.173370] usb 1-2.4: default language 0x0409
[    
[    4.173889] usb 1-2.
[    4.195404] usb 1-2.4: New USB device strings:
[    4.217987] usb 1-2.4: Product: USB-Serial Control
[    4.23690
[    4.260589] usb 1-2.4: usb_probe_device
[  
[    4.261840] usb 1-2.4: addin
[    4.264831] hub 1-2:1.0: port 6, status 0101, change 0000, 
[    4.344360]
[    4.476928] usb 1-2.6: ep0 maxpacket = 8
[    4.47
[    4.483886] usb 1-2.6: udev 6, busnum 1, minor = 5
[    4.4
[    4.508728] usb 1-2.6: 
[    4.538208] usb 1-2.6: Product: FT232R 
[    4.563842] usb 1-2.6: Manufacturer: FTDI
[  
[    4.615295] usb 1-
[    4
[    4.617736] usb 1-2.6: adding 1-2.6:1.0 (
[    4.625061] hub 1-2:1.0: port 7, status 0101, change 0000, 12
[    4.711761] usb 1-2.7: new high-speed US
[    4.857360] usb 1
[    4.865997] usb 1-2.7: udev 7, busnum 1, m
[    4.866027] 
[ 
[    4.888641] usb 1-2.7: Product: USB 2.0 Digital Imaging Ca
[ 
[    4.908386] usb 1-2.7: SerialNumber: 00CAABB3
[ 
[    4.92013
[    4.920715] usb 1-2.7: adding 1-2.7:1.0 (conf
[    4.921234] 
[    5.255920] init: ureadahead main process (164) terminated wi
[    6.265380] udevd[243]: starting version 175
[    6.291656] e
[    6.301269] Buffer I/O error on device mtdblock0, logical blo
[    6.416656] end_request: I/O err
[    6.426239] Buffer I/O er
[    6.516082] end_request
[    6.525726] Buffer I/O error on devic
[    6.
[    6.608001] Buffer I/O error 
[    6.707122] end_request: I/O error, dev mtdb
[   
[    6.
[    6.826995] Buffer I/O error on device mt
[    6.879119]
[    6.888702] Buffer I/O error on device mtdblock
[    6.93
[    6.943878] Buffer I/O er
[    6.989105] end_request: I/O error, dev mtdblock0, se
[    6.998779] Buffer I/O error on device mtdbloc
[    7.047424] end_request: I/O error
[    7.057037] Buffer I/O error on device mtdblock0, l
[    7.102386] 
[    7.133453] end_request: I/O error, dev mtdblock
[    7.144866] ads7846 spi1.0: touchscreen, i
[    7.145111] ads7846 spi1.0: no device detected,
[    7.162078] end_request: I/O error, dev 
[  
[    7.203216] Linux media interface: v0.10
[    
[    7.235504] end_request: I
[    7.264831
[   
[    7.295288] end_request: I/O
[    7.324035] en
[    7.350738] end_request: I/O error, dev mtdblo
[    7.379913] end_request: I/O error, dev mtdblock0
[    7.408081] end_request: I/O error,
[    7.438110] 
[    7.455230] omap3isp omap3isp:
[    7.455352] omap-iommu omap-iom
[   
[    7.490112] end_request: I/O erro
[    7.516174] end_req
[    7.536621] end_request: I/O error, dev mtdb
[
[    7.590728] mt9v032 3-005c: P
[    7.595550] lib80211: common routines for IEEE802
[    7.595581] lib80211_crypt: registered algorithm 'N
[    7.602081]
[    7.626678] end_request: I/O error, dev mt
[    7.650787] end_request: I/O error, dev mtdbloc
[    7.679077] end_
[    7.708099] end_request: I/O error, dev mtdblock0, secto
[    
[   
[    7.790527] end_request: I/O error, dev mtdblock0, sector 8
[    7.
[    7.820739] end_request: I/O error, dev mtdblock0, se
[    7.848
[    
[    7.901397] end_request
[    7.925048] end_request: I/O error, d
[   
[    7.967315] libertas_sdio: Libertas SDIO driver
[ 
[    7.97
[    7.998809] end_request: I/O error, dev mtdblock0, sector 0
[    8.025329]
[    8.047454] end_request: I/O error, dev mtdblock0, s
[    8.063873] end_request: I/O error, dev mtdblock
[    8.083221] end_request: I/O 
[    8.097808] end_request: I/O error,
[    8.117309] end_request: I/O error, dev mtdblock0
[    8.1325
[    8.162567] end_request: I/O error, dev 
[    8.178405] end_request: I/O error, dev mtdblock0
[
[    8.254638] end_request
[    8.288513] end_request: I/O error, dev mt
[    8.318
[    8.344909] end_request: 
[    8.367736] en
[    8.385986] end_request: I/O error, dev mtdblo
[   
[ 
[    8.435852] end_request: I/O e
[    8.452789] end_request: I/O er
[    8.477142] end_request: I/O error, de
[    8.491699] end_requ
[    8.521820] end_request: I/O error, dev
[    8.532379] e
[    8.547454] end_request: I/O er
[    8.567535] end_request: I/O error, dev mtdblock0, sector 
[    8.583740] end_request: 
[    8.590850] omap_i2c omap_i2c.3: controller ti
[    
[    8.619659] end_requ
[    8.635284] end_request: I/O error, dev mtdblo
[    8.654876] end_request: I/O error, dev mtdblock0,
[    8.67117
[    8.677978] end_request: I/O error, dev
[  
[    8.714172] end_request: I/O
[    8.738342] end_request: I/O error, dev mtdblock0, sector 0
[    8.758361]
[    8.773956] end_request: I/O error, dev 
[    8.78
[    8.805206] end_request: I/O error, dev mtdblock0,
[    8.8
[    8.836547] end_request
[    8.856323] end_request: I/O error, dev
[    8.875518] end_request: I/O error, dev m
[  
[    9.223663] end_re
[    9
[    9.251708] end_request: I/O error, dev m
[    9.271697] end_request: I/O error, dev mtdblock0, sector 0
[
[    9.298583] end_request: I/O error, dev 
[    9.313079] end_r
[    9.330871] end_request: I/O error, dev mt
[    9.344909] 
[ 
[    9.379302] end_request: I/O error, dev mtdblock0, sector 
[ 
[    9.414611] end_request: I/O error, dev mtdbl
[ 
[    9.44470
[    9.446533] usbcore: registered new interface
[    9.448913] 
[    9.448944] usbserial: USB Serial Driver core
[    9.456756] 
[    9.474884] end_request: I/O error, dev mtdb
[    9.491699] e
[    9.508361] end_request: I/O error, dev mtdblock0, sector 8
[
[    9.539581] end_request: I/O err
[    9.550598] usbcore: regi
[    9.552978] USB Serial 
[    9.553100] pl2303 1-2.4:1.0: usb_pro
[    9.
[    9.553161] pl2303 1-2.4:1.0:
[    9.556427] end_request: I/O error, dev mtdb
[   
[    9.
[    9.604949] end_request: I/O error, dev m
[    9.617706]
[    9.625549] end_request: I/O error, dev mtdbloc
[    9.64
[    9.655670] end_request: 
[    9.666778] usbcore: registered new interface driver 
[    9.673278] end_request: I/O error, dev mtdblo
[    9.681365] USB Serial support reg
[    9.681671] ftdi_sio 1-2.6:1.0: usb_probe_interface
[    9.681671] 
[    9.681732] ftdi_sio 1-2.6:1.0: FTDI USB Serial 
[    9.693267] end_request: I/O error, dev mt
[    9.703643] end_request: I/O error, dev mtdbloc
[    9.711669] usb 1-2.6: Detected FT232RL
[  
[    9.711730] usb 1-2.6: Endpoint 2 MaxPac
[    
[    9.719390] end_request: I
[    9.742828
[   
[    9.765289] usb 1-2.6: FTDI 
[    9.765472] ft
[    9.766143] end_request: I/O error, dev mtdblo
[    9.789703] end_request: I/O error, dev mtdblock0
[    9.805236] end_request: I/O error,
[    9.820861] 
[    9.838378] end_request: I/O e
[    9.853942] end_request: I/O er
[   
[    9.885406] end_request: I/O erro
[    9.900421] end_req
[    9.916595] end_request: I/O error, dev mtdb
[
[    9.951965] end_request: I/O 
[    9.971221] end_request: I/O error, dev mtdblock0
[    9.989654] end_request: I/O error, dev mtdblock0, 
[   10.015655]
[   10.031494] end_request: I/O error, dev mt
[   10.053527] end_request: I/O error, dev mtdbloc
[   10.071014] end_
[   10.090057] end_request: I/O error, dev mtdblock0, secto
[   1
[   
[   10.125549] build time: Mar 17 2014 16:15:36
[   10.125671]
[   10.
[   10.125732] 
[   10.125732] usb_endpoint_descriptor(0
[   10.125
[   1
[   10.125732] bEndpointAd
[   10.125732] wMaxPacketSize=200
[   10
[   
[   10.125762] 
[   10.125762] usb_endpoint_descri
[ 
[   10.12
[   10.125793] bEndpointAddress=2
[   10.125793] wMaxPacketSiz
[   10.125793]
[   10.125793] RT_usb_endpoint_is_bulk_out = 2
[   10.1
[   10.125823] usb_endpoint_descriptor(2):
[   10.1
[   10.125823] bDescriptorType=5
[   10.125823] bEndpointAddress=3
[   
[   10.125854] bInterval=0
[   10.125854] RT_usb_end
[   10.1258
[   10.125854] usb_endpoint_descriptor(3):
[   10.125885] bDescriptorType=5
[   10.125885] bEnd
[
[   10.125885] bInterval=1
[   10.125885] RT_usb_endpoint_is_int_in = 4,
[   10.125
[   10.125915] 
[   10.12591
[   10.125976] CH
[   10.126037] register rtw_netdev_ops to netdev_
[   
[ 
[   10.141204] end_request: I/O e
[   10.151550] EEPROM type is E-FU
[   10.151580] ====> ReadAdapterInfo8192C
[   10.152618] Boot fro
[   10.159851] end_request: I/O error, dev
[   10.182525] e
[   10.202972] end_request: I/O er
[   10.224151] end_request: I/O error, dev mtdblock0, sector 
[   10.238067] end_request: 
[   10.258819] end_request: I/O error, dev mtdblo
[   1
[   10.293121] end_requ
[   10.313049] end_request: I/O error, dev mtdblo
[   10.327209] end_request: I/O error, dev mtdblock0,
[   10.34429
[   10.361694] end_request: I/O error, dev
[  
[   10.396606] end_request: I/O
[   10.413940] end_request: I/O error, dev mtdblock0, sector 0
[   10.432067]
[   10.447662] end_request: I/O error, dev 
[   10.46
[   10.482696] end_request: I/O error, dev mtdblock0,
[   10.5
[   10.522094] end_request
[   10.538391] end_request: I/O error, dev
[   10.558258] end_request: I/O error, dev m
[  
[   10.584411] end_re
[   10
[   10.625549] end_request: I/O error, dev m
[   10.625854] end_request: I/O error, dev mtdblock0, sector 0
[
[   10.626190] end_request: I/O error, dev 
[   10.626373] end_r
[   10.626525] end_request: I/O error, dev mt
[   10.626708] 
[ 
[   11.027130] EEPROMPID = 0x8178
[   11.027130] EEPROMCustom
[ 
[   11.027130] RT_CustomerID: 0x00
[   11.027130
[ 
[   11.02716
[   11.027160] BT Coexistance = disable
[   11.0
[   11.027191] 
[   11.027191] ### PS params=>  power_mgnt(0),us
[   11.027191] 
[   11.027191] readAdapterInfo_8192CU(): REPLAC
[   11.027191] <
[   11.028289] rtw_macaddr_cfg MAC Address  = c0:4a:00:17:ff:5
[
[   11.041931] _rtw_drv_register_ne
[   11.042358] usbcore: regi
[   13.230499] NET: Regist
[   13.859100] +871x_drv - drv_open, bup
[   13.
[   13.886322] FirmwareDownload9
[   13.886322] fw_ver=v88, fw_subver=2, sig=0x8
[   
[   13.
[   14.386016] libertas_sdio mmc1:0001:1: (u
[   14.512512]
[   14.536621] Path A IQK Success[   14.512512]
[   14.545623]
[   14.56
[   14.571716] Path B IQK Su
[   14.581848] IQK: final_candidate is 0
[   14.581848] 
[   14.581848]  Path A IQ Calibration Success !
[
[   14.712860] pdmpriv->TxPowerTrackC
[   14.722839] rtl8192cu_hal_init in 867ms
[   14.7464
[   14.746978] 
[   14.747283] IPv6: ADDRCONF(NETDEV_UP): wlan1: li
[   14.749847] libertas_sdio mmc1:0001:1: wla
[   14.761199] [rtw_wx_set_pmkid] IW_PMKSA_FLUSH!
[   14.775146] hw_var_set_opmode()-4234 mo
[  
[   16.169891] survey done event(3f) band:0
[   1
[   16.174041] set_mode = IW_
[   16.174468
[   
[   16.174499] 0x30 0x14 0x01 0
[   16.174499] 0x
[   16.174499] 0x00 0x0f 0xac 0x01 0x00 0x00 0x00
[   16.175781] hw_var_set_opmode()-4234 mode = 2
[  
[   16.177368] =>rtw_wx_set_essid
[   
[   16.177429] 
[   16.177429] [by_bssid:0][assoc
[   16.177459] [by_bssid:0][assoc_
[   
[   16.177490] [by_bssid:0][assoc_ss
[   16.177520] [by_bss
[   16.177520] rtw_select_and_join_from_scanned
[
[   16.177581] <=rtw_wx_set_essi
[   16.177795] start_join_set_ch_bw: ch=11, bwmode=0
[   16.177886] Set BSSID under fw_state=0x00000088
[  
[   16.235809]
[   16.235839] network.SupportedRates[0]=8C
[
[   16.235870] network.SupportedRates[2]=18
[   16
[   16.235870] netw
[   16.235870] network.SupportedRates[5]=48
[   16.235900] 
[   1
[   
[   16.235931] declare supporting RX STBC
[   1
[   16.248718]
[   16.
[   16.248748] 
[   16.248779] rtw_joinbss_update_stainf
[   16.249
[   1
[   16.253875] WMM(0): 0, 
[   16.254150] WMM(1): 0, a44f
[ 
[   16
[   
[   16.270812] 
[   16.278289] update raid entry, 
[ 
[   16.28
[   16.283782] Set RSVD page loca
[   16.286224] =>mlmeext_joi
[   16.454162]
[   16.454193] [rtw_wx_set_pmkid] Use the new 
[   16.4
[   16.464172]  ~~~~stastakey:unicastkey
[
[   16.4
[   16.470642] SetHwReg8192CU, 5
[   25.893981] OnAction_back
[   
[   27.330841] init: fails
[   28.018218]  gadget: u
[   28.0182
[   28.036621] usb0: MAC 3a:a9:fd:72:24:da
[   28.044494]  gadget: Mass Sto
[   28.044494]  gad
[
[   28.044616]  gadget: Mu
[   28.044616]  gadget: userspace failed to p
[   28.044
[   28.071197] 
[   28.07128
[   28.071716] mu
[   28.071746] musb-hdrc musb-hdrc: supports USB 
[   
[ 
[   28.071899] usb usb2: New USB 
[   28.071929] usb usb2: New USB d
[   28.071929] usb usb2: Product: MUSB HD
[   28.071929] usb usb2
[   28.071960] usb usb2: SerialNumber: mus
[   28.072418] u
[   28.072448] usb usb2: configura
[   28.072509] usb usb2: adding 2-0:1.0 (config #1, interface
[   28.072662] hub 2-0:1.0: 
[   28.072662] hub 2-0:1.0: usb_probe_interface -
[   2
[   28.072723] hub 2-0:
[   28.072723] hub 2-0:1.0: standalone hub
[   28
[   28.072753] hub 2-0:1.0: no over-current protectio
[   28.07278
[   28.072784] hub 2-0:1.0: TT requires at
[  
[   28.072814] hub 2-0:1.0: 100
[   28.072845] hub 2-0:1.0: local power source is good
[   28.
[   28.160888]
[   28.172424] hub 2-0:1.0: state 7 ports 1
[   28.37
[   28.378356] twl4030_usb twl4030_usb: twl4030_phy_s
[   28.7
[   29.022949] pwm: freque
[   30.172302] hub 2-0:1.0: hub_suspend
[ 
[   35.495361] init: lightdm main process (7
[  
[   47.468017] init: 
[  255
[  255.691345] issue_action_BA, category=3, 
[  255.691406] BA_starting_seqctrl = 940 for TID=0
[  255.6943
[
[  255.694427] agg_enable for TID=0
[  305.
[  305.524047] issue
[  305.524047] BA_starting_seqctrl = 35 for T
[  305.530487] 
[ 
[  305.530517] agg_enable for TID
[  347.625427] hub 1-0:1.0:
[ 
[  347.625488] hub 1-0:1.0: port 2
[  347.625518
[ 
[  347.64791
[  347.647918] usb 1-2.1: USB disconnec
[  347.6
[  347.647949] 
[  347.648132] ehci-omap ehci-omap.0: shutdown u
[  347.648132] 
[  347.648162] ehci-omap ehci-omap.0: shutdown 
[  347.648162] e
[  347.648193] ehci-omap ehci-omap.0: shutdown urb de3add40 ep
[
[  347.648193] ehci-omap ehci-omap.
[  347.648223] ehci-omap ehc
[  347.648223] ehci-omap e
[  347.648223] ehci-omap ehci-omap.0: sh
[  347.
[  347.648254] ehci-omap ehci-om
[  347.648254] ehci-omap ehci-omap.0: shutdown 
[  3
[  347.
[  347.648284] ehci-omap ehci-omap.0: shutdo
[  347.648315]
[  347.648315] ehci-omap ehci-omap.
[  347.648315]
[  347.64
[  347.648345] ehci-omap ehc
[  347.648345] ehci-omap ehci-omap.0: sh
[  347.648376] 
[  347.648376] ehci-omap ehci-omap.0: shutdown 
[
[  347.648406] ehci-omap ehci-omap.0:
[  347.648406] ehci-omap ehci-omap.0: shut
[  347.6484
[  347.648437] 
[  347.648437] ehci-omap ehci-omap.0: shutdown urb 
[  347.648468] ehci-omap ehci-omap.0: shutdow
[  347.648468] ehci-omap ehci-omap.0: shutdown ur
[  347.648498] ehci-omap ehci-omap.0: shut
[  
[  347.648529] ehci-omap ehci-omap.0: shutd
[  34
[  347.648559] ehci-omap ehci
[  347.648559
[  3
[  347.648590] ehci-omap ehci-o
[  347.648590] eh
[  347.648590] ehci-omap ehci-omap.0: shutdown ur
[  347.648620] ehci-omap ehci-omap.0: shutdown u
[  
[  347.648620] ehci-omap ehci-oma
[  3
[  347.648651] 
[  347.648681] ehci-omap ehci-oma
[  347.648681] ehci-omap ehci-omap
[  3
[  347.648712] ehci-omap ehci-omap.0
[  347.648712] ehci-om
[  347.648712] ehci-omap ehci-omap.0: shutdown 
[
[  347.648742] ehci-omap ehci-om
[  347.648742] ehci-omap ehci-omap.0: shutdown urb d
[  347.648773] ehci-omap ehci-omap.0: shutdown urb
[  
[  347.648803]
[  347.648803] ehci-omap ehci-omap.0: shutd
[
[  347.648834] ehci-omap ehci-omap.0: shutd
[  347
[  347.648834] ehci
[  347.648864] ehci-omap ehci-omap.0: shutd
[  347.648864] 
[  34
[  3
[  347.648895] ehci-omap ehci-omap.0: shu
[  34
[  347.648925]
[  347.
[  347.648956] 
[  347.648956] ehci-omap ehci-omap.0: sh
[  347.648
[  34
[  347.648986] ehci-omap e
[  347.649017] ehci-omap ehci-
[ 
[  347
[  3
[  347.649047] 
[  347.649078] ehci-omap ehci-omap
[ 
[  347.64
[  347.649108] ehci-omap ehci-oma
[  347.649108] ehci-omap ehc
[  347.649139]
[  347.649139] ehci-omap ehci-omap.0: shutdown
[  347.6
[  347.649169] ehci-omap ehci-omap.0: sh
[
[  347.6
[  347.649200] ehci-omap ehci-om
[  347.649200] ehci-omap ehc
[  3
[  347.649261] ehci-omap e
[  347.649261] ehci-omap 
[  347.6492
[  347.649291] ehci-omap ehci-omap.0: shut
[  347.649291] ehci-omap ehci-om
[  347.649322] ehci
[
[  347.649353] ehci-omap e
[  347.649353] ehci-omap ehci-omap.0: shutdow
[  347.649
[  347.649383] 
[  347.64938
[  347.649414] eh
[  347.649414] ehci-omap ehci-omap.0: shutdown ur
[  3
[ 
[  347.649444] ehci-omap ehci-oma
[  347.649475] ehci-omap ehci-omap
[  347.649475] ehci-omap ehci-omap.0: shu
[  347.649475] ehci-oma
[  347.649505] ehci-omap ehci-omap.0: shut
[  347.649505] e
[  347.649536] ehci-omap ehci-omap
[  347.649536] ehci-omap ehci-omap.0: shutdown urb de25bc40 e
[  347.649536] ehci-omap ehc
[  347.649566] ehci-omap ehci-omap.0: shutdown ur
[  34
[  347.649597] ehci-oma
[  347.649597] ehci-omap ehci-omap.0: shut
[  347
[  347.649627] ehci-omap ehci-omap.0: shutdown urb de
[  347.64962
[  347.649658] ehci-omap ehci-omap.0: shut
[  
[  347.649688] ehci-omap ehci-o
[  347.649688] ehci-omap ehci-omap.0: shutdown urb de2
[  347.
[  347.649719]
[  347.649719] ehci-omap ehci-omap.0: shutd
[  347.64
[  347.649749] ehci-omap ehci-omap.0: shutdown urb de
[  347.6
[  347.649780] ehci-omap e
[  347.649780] ehci-omap ehci-omap.0: s
[ 
[  347.649810] ehci-omap ehci-omap.0: shutdo
[  
[  347.649841] ehci-o
[  347
[  347.649871] ehci-omap ehci-omap.0: shutdo
[  347.649871] ehci-omap ehci-omap.0: shutdown urb
[  347.6499
[
[  347.649902] ehci-omap ehci-omap.
[  347.
[  347.665222] usb 1
[  347.669952] usb 1-2.2: USB disconnect, dev
[  347.669952] 
[ 
[  347.670288] ehci-omap ehci-oma
[  347.670318] ehci-omap eh
[ 
[  347.670318] ehci-omap ehci-omap
[  347.680816
[ 
[  347.68084
[  347.680877] usb_read_port_complete()
[  347.6
[  347.681121] 
[  347.681152] reg 0x6a4, usb write 2 fail, stat
[  347.681182] 
[  347.681182] reg 0x6a4, usb write 2 fail, sta
[  347.681182] r
[  347.681213] [dvobj:de0307c0][ERROR] continual_urb_error:5 >
[
[  347.681335] rtw_p2p_enable: bDri
[  347.681365] -871x_drv - d
[  347.684143] rtw_cmd_thr
[  348.619079] ehci-omap ehci-omap.0: sh
[  348.
[  348.619171] ehci-omap ehci-om
[  348.619201] ehci-omap ehci-omap.0: shutdown 
[  3
[  348.
[  348.619293] ehci-omap ehci-omap.0: shutdo
[  348.619323]
[  348.619354] ehci-omap ehci-omap.
[  348.619384]
[  348.61
[  348.619445] ehci-omap ehc
[  348.619476] ehci-omap ehci-omap.0: sh
[  348.619506] 
[  348.619537] ehci-omap ehci-omap.0: shutdown 
[
[  348.619598] ehci-omap ehci-omap.0:
[  348.619659] ehci-omap ehci-omap.0: shut
[  348.6196
[  348.619720] 
halt
ping google.com
dmesg
iwconfig
ifdown wlan1
ifup wlan1
lsusb
dmesg >> dmesg-rover-15apr-long-run-1.text
iwconfig
/etc/init/
/etc/init.d/keepalive-ping.sh stop
dmesg > dmesg-rover-15apr-long-run-2.text
reboot
/etc/init.d/ssh-tunnel.sh start
reboot
watch "dmesg | tail -20"
watch dmesg
dmesg | tail
tail -f /var/log/dmesg
watch "dmesg | tail -200"
watch "dmesg | tail -50"
watch "dmesg | tail -40"
/etc/init.d/s
/etc/init/
/etc/init.d/keepalive-ping.sh stop
dmesg
dmesg > dmesg-rover-15apr-long-run-dan.text
halt
lsusb
iwconfig
ps -ef | grep run
ls
lsusb
~
lsusb
/etc/init.d/keepalive-ping.sh stop
dmesg > dmesg-rover-15apr-long-run-last-one.text
reboot
halt
ls dm*
rsync -avrz dmesg* seykhl:~/vader-rover/
cd /
git status
git add -A
git commit -m "commit after drive testing...dmesg-rover-* files in ~/"
git push
emacs today.text &
ls
cd test_code/flycapture/bin
./CustomImageEx 
exit
lla
exit
cd test_code/flycapture/bin
./CustomImageEx 
ifconfig
ifup etho0
ls /etc/ne*
vi /etc/network/interfaces
cat today.text | grep 4G
cat today.text | grep 4g
vi today.text
ifconfig
iwconfig
dhclient eth0
ifconfig
ping google.com
/etc/init.d/ssh-tunnel.sh start
lsusb
reboot
ls
lla
vi /etc/network/interfaces
reboot
dhclient eth0
/etc/init.d/ssh-tunnel.sh start
lsusb
iwconfig
cat /etc/network/interfaces
vi /etc/network/interfaces
lsusb
reboot
ls
iwconfig
ifconfig
vi /etc/network/interfaces
lsusb
ping google.com
dmesg > dmesg-rover-16apr-1130.text
ps -ef
lsusb
reboot
htop
rsync dmesg-rover-16apr-1130.text seykhl:~/vader-rover/
ls
lsusb
reboot
cd test_code/flycapture/bin
./CustomImageEx 
cd ~
ls
dmesg > dmesg-rover-16apr-1135.text
rsync -avrz dmesg-rover-* seykhl:~/vader-rover/
cd test_code/flycapture/bin
./Cus
./CustomImageEx 
htop
dmesg > dmesg-rover-16apr-1205-successful-lap.text
rsync -avrz dmesg-rover-1* seykhl:~/vader-rover/
halt
iwconfig
ifconfig
iwconfig
find / -name motor_control
cd bin/
ls
./motor_control forward_1
./motor_control stop
./motor_control forward_1
./motor_control stop
ls
echo 20000 > /dev/pwm9
echo 10000 > /dev/pwm9
echo 15000 > /dev/pwm9
echo 10000 > /dev/pwm10
echo 20000 > /dev/pwm10
echo 15000 > /dev/pwm10
ip link
lsusb
cat /etc/network/interfaces
ifconfig wlan1
ifconfig wlan3
cat /etc/udev/rules.d/70-persistent-net.rules 
cd /etc/udev/rules.d/
ls 70-persistent-*
cp 70-persistent-net.rules 70-persistent-net.rules.backup
ls 70-persistent-*
vi 70-persistent-net.rules
cat /etc/network/interfaces
vi 70-persistent-net.rules
reboot
iwconfig
`w:`w:aw:aw: w:#w:
exit
lsusb
emacs today.text &
lsmod
hwinfo
hwinfo --usb
man hwinfo
sudo apt-get install hwinfo
hwinfo
hwinfo --usb
iwconfig
ifconfig
iwconfig
cd test_code/flycapture/bin
./CustomImageEx 
emacs today.text &
cd ~
emacs today.text &
reboot
clear
iwconfig
ip link
iwconfig
iwconfig
vi 70-persistent-net.rules
iwconfig
lsusb
ping google.com
top
ifconfig
clear
ifconfig
ping google.com
dmesg -T > dmesg-rover-17apr-first-run.text
reboot
iwconfig
dmesg -T | tail
iwconfig
time
date
iwconfig
date
iwconfig
date
iwconfig
date
htop
emacs today.text &
ls
rsync -avrz dmesg-rover-1* seykhl:~/vader-rover/
halt
emacs today.text &
halt
cd /etc/
ls
cd modprobe.d/
ls
cat blacklist.conf 
emacs -nw
reboot
date
iwconfig
dmesg -T
emacs today.text &
dmesg -T
dmesg -T > dmesg-rover-18apr-overnight.text
rsync -avrz dmesg-rover-1* seykhl:~/vader-rover/
ps -ef | grep run
ifconfig
ifconfig -a
iwconfig
iwconfig -a
iwconfig wlan1
cat /proc/net/wireless
wavemon
apt-get install wavemon
wavemon
halt
htop
iwconfig sens 50
iwconfig sens
iwconfig wlan1 sens
iwconfig wlan1 sens 50
iwconfig wlan1 sens -80
iwconfig wlan1 sens 60
iwconfig wlan1 sens high
wpa_cli
iptraf
emacs today.text &
reboot
wavemon
htop
clear
ls dm*
rsync -avrz dmesg-rover-18apr-* seykhl:~/vader-rover/
exit
emacs today.text &
exit
/etc/init.d/ssh-tunnel.sh start
ls
lsusb
dmesg -T >dmesg-rover-18apr-run-1.text
iwconfig
ps -ef | grep ssh
/etc/init.d/ssh-tunnel.sh stop
/etc/init.d/ssh-tunnel.sh start
ping google.com
ifdown wlan1
ifup wlan1
ps -ef | grep ping
ps -ef | grep ssh
/etc/init.d/ssh-tunnel.sh start
reboot
iwconfig
ping google.com
ping bing.com
vi /etc/network/interfaces
reboot
iwconfig
ping google.com
vi /etc/network/interfaces
reboot
emacs today.text &
exit
ping google.com
iwconfig
ifconfig
ping google.com
/etc/init.d/ssh-tunnel.sh start
reboot
iwconfig
ifconfig
ping seykhl
ping seykhl.ecn.purdue.edu
cd /etc/init.d/
vi ssh-tunnel.sh
reboot
ping seykhl.ecn.purdue.du
ping seykhl.ecn.purdue.edu
vi /etc/init.d/keepalive-ping.sh 
reboot
exit
ps -ef | grep ping
cd /etc/init.d/
vi ssh-tunnel.sh
ls ../rc2
ls ../rc2.d/
update-rc.d -f ssh-tunnel.sh remove
cat ~/today.text | grep ssh-tunnel
update-rc.d -f ssh-tunnel.sh defaults 26
vi time-update.sh 
reboot
lsusb
reboot
emacs today.text &
wavemon
lsusb
halt
lsusb
reboot
emacs today.text &
wavemon
halt
/etc/init.d/ssh-tunnel.sh stop
/etc/init.d/ssh-tunnel.sh start
echo 20000 > /dev/pwm9
echo 10000 > /dev/pwm9
echo 15000 > /dev/pwm9
lsusb
reboot
wavemon
tail -f dmesg
tail -f /var/log/dmesg
ls
tail -f /var/log/dmesg
dmesg -T
emacs -nw
dmesg -T > dmesg-rover-18apr-run-2-failed-at-first-corner(wpa-roam).text
dmesg -T > dmesg-rover-18apr-run-2-failed-at-first-corner-using-wpa-roam.text
rsync -avrz dm* seykhl:~/vader-rover
exit
exit
ls dm*
exit
lsusb
i
iwconfig
ifconfig
ifdown wlan1
ifup wlan1
ifconfig
ping google.com
ps -ef | grep run
ps -ef | grep run_
kill -9 1257
/root/bin/run_cameras 
reboot
ifconfig
iwconfig
dhclient wlan1
ifconfig
vi /etc/network/interfaces
reboot
dmesg -T
dmesg -T > dmesg-rover-18apr-run-3-all-the-way-jeff-following.text
rsync -avrz dmesg-rover-1* seykhl:~/vader-rover/
emacs today.text &
exit
wavemon 
exit
ps -ef | grep run_
htop
eit
exit
l
ps -ef | grep ssh
kill -9 1019
ps -ef | grep ssh
halt
hatl
halt
cd bin/
ls
motor_control forward_1
motor_control stop
motor_control forward_1
motor_control stop
motor_control forward_1
motor_control stop
motor_control forward_2
motor_control stop
motor_control forward_2
motor_control stop
motor_control forward_3
motor_control stop
motor_control forward_3
motor_control stop
motor_control forward_4
motor_control stop
motor_control forward_4
motor_control stop
motor_control forward_4
motor_control stop
motor_control forward_4
motor_control stop
halt
reboot
htop
exit
ps -ef | grep cameras
pkill run_cameras
exit
exit
emacs today.text &
cd bin
ls
./emperor 
lsof
lsof -i
apt-get install lsof
lsof
lsof -c emp
lsof -c /root/bin/emperor
lsof -c emperor
lsof -c ssh
lsof -i
netstat -ltpu
./emperor 
clear
lla
./emperor 
exit
ls
cd source/
ls
mkdir emperor
cd emperor
touch emperor.cpp
touch emperor.h
touch Makefile
cd ../../include/
ls
lla
ln -s /root/source/camera/toollib-camera.h toollib-camera.h
lla
cd ../lib
ls
lla
cd ../source/camera/
cp Makefile ../emperor/
cd ..
lla
cd camera/
lla
cd ../motor_control/
lla
cd ../monitor/
lla
cd ../emperor/
ls
make
cd ../../bin
./emperor 
cd ../source/emperor/
cd ..
grep -ri get_in_addr *
grep -ri startserver *
grep -ri server *
cd emperor/
make
ps -ef | grep run_
pkill run_cameras
ps -ef | grep run_
make
make clean
make
tree ../
make clean
tree ../
ls
rm *.o
ls
make
grep -ri k_maxbufsize ../*
cd ..
grep -ri k_maxbufsize *
cd emperor/
make
cd ..
grep -ri pthread *
cd emperor/
make
ps -ef | grep emperor
make
cd ../camera/
make
cd ../emperor/
make
cd ../camera/
make
cd ../emperor/
make
cd ../camera/
make
cd ../emperor/
../camera/make
sh ../camera/make
cd ../camera/
make
htop
cd bin
ls
exit
cd bin
./emperor 
exit
cd bin
./emperor 
exit
cd bin
./emperor 
exit
cd bin
./emperor 
exit
cd bin
./emperor 
exit
cd bin
./emperor 
gdb
apt-get install gdb
gdb ./emperor 
./emperor 
ls
motor_control stop
./emperor 
exit
cd bin
cd ../source/emperor/fdas
make
ls /dev/pw*
cat /dev/pwm9
cat /dev/pwm10
echo 12000 > /dev/pwm10
cat /dev/pwm10
echo 15000 > /dev/pwm10
make
make clean
make
exit
exit
echo 17000 > /dev/pwm9
echo 18000 > /dev/pwm9
echo 17500 > /dev/pwm9
echo 17250 > /dev/pwm9
echo 15000 > /dev/pwm9
echo 17250 > /dev/pwm9
echo 15000 > /dev/pwm9
echo 17000 > /dev/pwm9
echo 10000 > /dev/pwm9
echo 11000 > /dev/pwm9
echo 12000 > /dev/pwm9
echo 11500 > /dev/pwm9
echo 11000 > /dev/pwm9
echo 12000 > /dev/pwm9
echo 15000 > /dev/pwm9
echo 10000 > /dev/pwm10
echo 15000 > /dev/pwm10
echo 20000 > /dev/pwm10
echo 15000 > /dev/pwm10
cd bin
./emperor 
emacs today.text &
halt
